DETACHED_PARENT_CHILD lane=1 preparation_ns=87024042
DETACHED_PARENT_CHILD lane=2 preparation_ns=173841375
DETACHED_PARENT_ROW row=0 rows=428 logical_bytes=20544
DETACHED_PARENT_ROW row=1 rows=2951 logical_bytes=566592
DETACHED_PARENT_ROW row=2 rows=2951 logical_bytes=436748
DETACHED_PARENT_ROW row=3 rows=202 logical_bytes=29088
DETACHED_PARENT_ROW row=4 rows=21992 logical_bytes=1671392
DETACHED_PARENT_ROW row=5 rows=20440 logical_bytes=1716960
DETACHED_PARENT_ROW row=6 rows=2 logical_bytes=544
DETACHED_PARENT_ROW row=7 rows=2 logical_bytes=120
DETACHED_PARENT_ROW row=8 rows=94 logical_bytes=9400
DETACHED_PARENT_ROW row=9 rows=40 logical_bytes=5120
DETACHED_PARENT_ROW row=10 rows=4 logical_bytes=368
DETACHED_PARENT_ROW row=11 rows=42701 logical_bytes=3928492
DETACHED_PARENT_ROW row=12 rows=644 logical_bytes=255024
DETACHED_PARENT_ROW row=13 rows=43920 logical_bytes=1756800
DETACHED_PARENT_ROW row=20 rows=6 logical_bytes=1776
DETACHED_PARENT_ROW row=21 rows=228 logical_bytes=95760
DETACHED_PARENT_ROW row=22 rows=40 logical_bytes=3040
DETACHED_PARENT_ROW row=23 rows=1614 logical_bytes=561672
DETACHED_PARENT_ROW row=24 rows=31292 logical_bytes=3254368
DETACHED_PARENT_ROW row=25 rows=192 logical_bytes=72192
DETACHED_PARENT_ROW row=26 rows=96 logical_bytes=16128
DETACHED_PARENT_ROW row=27 rows=96 logical_bytes=10752
DETACHED_PARENT_ROW row=28 rows=108 logical_bytes=9504
DETACHED_PARENT_ROW row=29 rows=1314 logical_bytes=157680
DETACHED_PARENT_ROW row=30 rows=159762 logical_bytes=25561920
DETACHED_PARENT_ROW row=31 rows=3225 logical_bytes=412800
DETACHED_PARENT_ROW row=32 rows=180961 logical_bytes=36916044
DETACHED_PARENT_ROW row=33 rows=1224 logical_bytes=225216
DETACHED_PARENT_PREPARATION rows_bytes=77696044 providers=6721 graph_ns=247304459 snapshot_pending=true
DETACHED_PARENT_METAL dispatches=102 poseidon_commits=22 cpu_fallbacks=0 runtime_released=true manifest_sha256=21332158b1e1202b9c4171b057d4fb3fbd43d96c22d50012267f55e45e2193e5
{"endpoint":"segment_v2_detached_two_child_parent_candidate_development_q3","profile":"tiny-memory-span-v2","publication_mode":"intermediate","proof_profile":"detached_continuation_development_q3_v2","status":"unverified_candidate","verified":false,"development_only":true,"child_owners_destroyed":true,"producer_destroyed":true,"reused_admitted_parent_key":true,"child_key_sha256":[[94,176,73,166,121,170,166,78,127,124,223,91,173,76,252,142,142,54,35,214,229,50,156,191,100,218,3,15,207,92,113,45],[180,140,102,214,172,225,140,118,146,25,218,44,184,159,1,151,153,98,250,109,92,225,153,64,112,21,128,222,195,136,171,41]],"artifacts":{"key_sha256":[137,42,222,111,156,199,126,61,171,136,90,253,135,23,194,72,6,43,29,94,39,196,124,220,98,186,24,208,197,211,197,199],"claims_sha256":[61,237,69,31,92,68,158,220,214,219,245,84,243,82,54,148,42,67,175,49,49,125,242,33,226,61,169,183,68,8,29,128],"proof_sha256":[8,36,136,93,73,255,24,43,67,95,106,218,248,146,134,51,50,23,71,94,0,157,1,21,110,62,74,163,56,113,198,245],"proof_bytes":94756},"candidate_root_words_sha256":[48,169,124,192,21,62,5,43,109,68,20,175,137,29,167,148,111,193,183,96,244,132,97,214,53,92,242,142,199,57,161,221],"circuit_identity":[32,119,192,127,218,123,45,251,206,230,55,155,96,120,138,21,112,41,252,126,23,185,114,85,71,53,21,202,108,69,207,40],"preparation_ns":383301125,"key_preparation_ns":154825375,"proof_ns":1327167667,"request_ns":1910927208}
