DETACHED_PARENT_PCS_PHASE lane=1 selected_lane_only=true capture_ns=204861709 plans_ns=4453583 authority_ns=467915167 rows_ns=309418833
DETACHED_PARENT_CHILD_PHASE lane=1 prefix_ns=4854792 transcript_ns=151542 pcs_ns=986716208 boundary_ns=36499083 composition_ns=11436209
DETACHED_PARENT_CHILD lane=1 preparation_ns=1039679417
DETACHED_PARENT_PCS_PHASE lane=2 selected_lane_only=true capture_ns=203319333 plans_ns=4556417 authority_ns=464576750 rows_ns=310985917
DETACHED_PARENT_CHILD_PHASE lane=2 prefix_ns=4960083 transcript_ns=128125 pcs_ns=983472833 boundary_ns=36459417 composition_ns=11350792
DETACHED_PARENT_CHILD lane=2 preparation_ns=2076088209
riscv_detached_arithmetic_fusion lane=501 dot4_rows=418 multiply_add_rows=9540
riscv_detached_arithmetic_fusion lane=511 dot4_rows=5440 multiply_add_rows=53629
riscv_detached_arithmetic_fusion lane=412 dot4_rows=117569 multiply_add_rows=33156
riscv_detached_arithmetic_fusion lane=402 dot4_rows=5404 multiply_add_rows=93044
riscv_detached_arithmetic_fusion lane=502 dot4_rows=418 multiply_add_rows=9540
riscv_detached_arithmetic_fusion lane=512 dot4_rows=5440 multiply_add_rows=53629
riscv_detached_arithmetic_fusion lane=413 dot4_rows=117569 multiply_add_rows=33156
riscv_detached_arithmetic_fusion lane=403 dot4_rows=5404 multiply_add_rows=93044
riscv_detached_arithmetic_fusion lane=521 dot4_rows=2746 multiply_add_rows=3708
DETACHED_PARENT_ROW row=0 rows=6382 logical_bytes=306336
DETACHED_PARENT_ROW row=1 rows=3006 logical_bytes=577152
DETACHED_PARENT_ROW row=2 rows=3006 logical_bytes=444888
DETACHED_PARENT_ROW row=3 rows=210 logical_bytes=30240
DETACHED_PARENT_ROW row=4 rows=22368 logical_bytes=1699968
DETACHED_PARENT_ROW row=5 rows=20748 logical_bytes=1742832
DETACHED_PARENT_ROW row=6 rows=4 logical_bytes=1088
DETACHED_PARENT_ROW row=7 rows=4 logical_bytes=240
DETACHED_PARENT_ROW row=8 rows=94 logical_bytes=9400
DETACHED_PARENT_ROW row=9 rows=66 logical_bytes=8448
DETACHED_PARENT_ROW row=10 rows=8 logical_bytes=736
DETACHED_PARENT_ROW row=11 rows=51169 logical_bytes=4707548
DETACHED_PARENT_ROW row=12 rows=1304 logical_bytes=516384
DETACHED_PARENT_ROW row=13 rows=125260 logical_bytes=5010400
DETACHED_PARENT_ROW row=14 rows=260408 logical_bytes=56248128
DETACHED_PARENT_ROW row=20 rows=386 logical_bytes=114256
DETACHED_PARENT_ROW row=21 rows=6176 logical_bytes=2593920
DETACHED_PARENT_ROW row=22 rows=18 logical_bytes=1368
DETACHED_PARENT_ROW row=23 rows=103834 logical_bytes=36134232
DETACHED_PARENT_ROW row=24 rows=853232 logical_bytes=88736128
DETACHED_PARENT_ROW row=25 rows=20844 logical_bytes=7837344
DETACHED_PARENT_ROW row=26 rows=5018 logical_bytes=843024
DETACHED_PARENT_ROW row=27 rows=1930 logical_bytes=216160
DETACHED_PARENT_ROW row=28 rows=2702 logical_bytes=237776
DETACHED_PARENT_ROW row=29 rows=128974 logical_bytes=15476880
DETACHED_PARENT_ROW row=30 rows=755849 logical_bytes=81631692
DETACHED_PARENT_ROW row=31 rows=67074 logical_bytes=8585472
DETACHED_PARENT_ROW row=32 rows=305528 logical_bytes=62327712
DETACHED_PARENT_ROW row=33 rows=46706 logical_bytes=8593904
DETACHED_PARENT_PREPARATION rows_bytes=384633656 providers=180712 graph_ns=2419449459 snapshot_pending=true
PARENT_MAIN_FINALIZE preflight_ns=335500 main_fill_ns=99585584 source_projection_ns=892661750 range_fill_ns=687916 closure_ns=176367500
METAL_FRAMEWORK_INTERACTION rows=8192 batches=2 gpu_ms=0.04812499537365511
METAL_FRAMEWORK_INTERACTION rows=4096 batches=3 gpu_ms=0.10612499318085611
METAL_FRAMEWORK_INTERACTION rows=4096 batches=7 gpu_ms=0.12516666174633428
METAL_FRAMEWORK_INTERACTION rows=256 batches=6 gpu_ms=0.10325000039301813
METAL_FRAMEWORK_INTERACTION rows=32768 batches=1 gpu_ms=0.05524999869521707
METAL_FRAMEWORK_INTERACTION rows=32768 batches=1 gpu_ms=0.054166666814126074
METAL_FRAMEWORK_INTERACTION rows=16 batches=1 gpu_ms=0.03970833495259285
METAL_FRAMEWORK_INTERACTION rows=16 batches=1 gpu_ms=0.03270833258284256
METAL_FRAMEWORK_INTERACTION rows=128 batches=9 gpu_ms=0.12020833673886955
METAL_FRAMEWORK_INTERACTION rows=128 batches=5 gpu_ms=0.08712500130059198
METAL_FRAMEWORK_INTERACTION rows=16 batches=3 gpu_ms=0.05116666579851881
METAL_FRAMEWORK_INTERACTION rows=65536 batches=3 gpu_ms=0.13300000136950985
METAL_FRAMEWORK_INTERACTION rows=2048 batches=17 gpu_ms=0.23987500026123598
METAL_FRAMEWORK_INTERACTION rows=131072 batches=1 gpu_ms=0.13912499707657844
METAL_FRAMEWORK_INTERACTION rows=262144 batches=5 gpu_ms=0.9013749950099736
METAL_FRAMEWORK_INTERACTION rows=512 batches=17 gpu_ms=0.22275000083027408
METAL_FRAMEWORK_INTERACTION rows=8192 batches=1 gpu_ms=0.07700000423938036
METAL_FRAMEWORK_INTERACTION rows=32 batches=5 gpu_ms=0.06787500024074689
METAL_FRAMEWORK_INTERACTION rows=131072 batches=7 gpu_ms=1.0855833315872587
METAL_FRAMEWORK_INTERACTION rows=1048576 batches=4 gpu_ms=2.3526250006398186
METAL_FRAMEWORK_INTERACTION rows=32768 batches=7 gpu_ms=0.4551249949145131
METAL_FRAMEWORK_INTERACTION rows=8192 batches=3 gpu_ms=0.13679166295332834
METAL_FRAMEWORK_INTERACTION rows=2048 batches=3 gpu_ms=0.10800000018207356
METAL_FRAMEWORK_INTERACTION rows=4096 batches=2 gpu_ms=0.09700000373413786
METAL_FRAMEWORK_INTERACTION rows=131072 batches=5 gpu_ms=0.46949999523349106
METAL_FRAMEWORK_INTERACTION rows=1048576 batches=2 gpu_ms=1.7871666714199819
METAL_FRAMEWORK_INTERACTION rows=131072 batches=1 gpu_ms=0.15437500405823812
METAL_FRAMEWORK_INTERACTION rows=524288 batches=2 gpu_ms=0.7355833367910236
METAL_FRAMEWORK_INTERACTION rows=65536 batches=2 gpu_ms=0.2051250048680231
PARENT_INTERACTION_FILL preflight_ns=794417 typed_ns=193804666 poseidon_ns=10474084 range_ns=2204958
DETACHED_PARENT_TYPED_DEVICE_INTERACTION components=29 dispatches=116
info: resident framework composition: components=30 groups=14 gpu_ms=8.338
info: resident RISC-V semantic composition: 4 components, 4 kernels, 7.122 ms GPU
info: resident RISC-V lookup composition: 1 components, 1 kernels, 0.401 ms GPU
DETACHED_PARENT_STAGE_PROFILE {"schema_version":1,"runtime":"device","example":"detached-recursive-parent","stages":[{"id":"parent.fixed","label":"Fixed columns and key admission","seconds":0.363348,"children":null},{"id":"parent.main_fill","label":"Main column allocation","seconds":0.023461,"children":null},{"id":"parent.main_finalize","label":"Main filling, range construction and exact lookup closure","seconds":1.17194,"children":null},{"id":"parent.main_commit","label":"Main commitment","seconds":0.476997,"children":null},{"id":"parent.interaction_fill","label":"Transcript and interaction columns","seconds":0.221178,"children":null},{"id":"parent.interaction_commit","label":"Interaction commitment","seconds":0.2468,"children":null},{"id":"parent.components","label":"Typed component assembly","seconds":0.003962,"children":null},{"id":"draw_random_coeff","label":"Draw random coefficient","seconds":0.000002,"children":null},{"id":"composition_trace_extract","label":"Composition trace extract","seconds":0.000009,"children":null},{"id":"composition_evaluation","label":"Composition evaluation","seconds":0.107076,"children":null},{"id":"composition_interpolate_and_split","label":"Composition interpolate and split","seconds":0.003049,"children":null},{"id":"composition_commit","label":"Composition commit","seconds":0.026521,"children":null},{"id":"oods_point_and_mask_points","label":"OODS point and mask points","seconds":0.000099,"children":null},{"id":"sampled_value_evaluation","label":"Sampled-value evaluation","seconds":0.033326,"children":null},{"id":"sampled_value_channel_mix","label":"Sampled-value channel mix","seconds":0.000626,"children":null},{"id":"fri_quotient_build_and_commit","label":"FRI quotient build + commit (lazy)","seconds":0.078603,"children":null},{"id":"proof_of_work","label":"Proof of work","seconds":0.004003,"children":null},{"id":"fri_decommit","label":"FRI decommit","seconds":0.002425,"children":null},{"id":"trace_decommit","label":"Trace decommit","seconds":0.005375,"children":null},{"id":"constraint_check_and_assembly","label":"Constraint check and assembly","seconds":0.000305,"children":null},{"id":"parent.serialize","label":"Canonical proof serialization","seconds":0.008348,"children":null}]}
DETACHED_PARENT_METAL dispatches=238 poseidon_commits=9 cpu_fallbacks=0 host_composition_components=0 pow_dispatches=2 runtime_released=true manifest_sha256=d3c68ca5dcfdb83c885c4bb81c6ba86cdc5501f1b8b4e19ba6f51fc3aa049899 profile=recursive_framework_v1 framework_dispatches=30
{"endpoint":"segment_v2_detached_two_child_parent_candidate_q193","profile":"tiny-memory-continuation-span-v2","publication_mode":"intermediate","proof_profile":"recursive_q193_v1","status":"unverified_candidate","verified":false,"development_only":true,"child_owners_destroyed":true,"producer_destroyed":true,"reused_admitted_parent_key":true,"child_key_sha256":[[253,7,67,189,34,139,147,108,136,249,16,251,216,193,81,209,25,242,128,189,178,49,11,34,193,129,142,250,183,123,222,12],[233,211,181,217,244,41,199,123,244,149,117,245,233,124,107,249,151,108,55,86,121,243,153,179,202,127,157,226,17,242,157,229]],"artifacts":{"key_sha256":[131,104,22,109,199,64,212,236,189,88,23,76,120,66,17,69,125,172,173,251,45,52,235,144,229,99,26,38,15,16,67,229],"claims_sha256":[145,116,107,160,133,93,119,129,35,174,247,76,24,235,149,29,89,107,142,57,229,166,225,67,40,30,110,75,92,118,130,63],"proof_sha256":[181,211,30,117,201,99,14,184,157,205,63,183,163,69,212,239,138,112,17,21,182,210,208,52,145,167,155,0,94,194,112,240],"proof_bytes":2427635},"candidate_root_words_sha256":[231,106,147,8,177,192,61,242,210,21,157,179,224,72,168,111,228,222,214,124,69,39,176,28,20,22,225,111,164,147,109,253],"circuit_identity":[230,111,156,236,202,163,119,79,75,190,229,73,227,165,203,237,116,51,151,25,232,17,39,199,114,139,28,155,230,107,63,72],"preparation_ns":2614359709,"key_preparation_ns":363354625,"proof_ns":2455087959,"request_ns":5632348625}
