ETH_AUTH_EXECUTION cycles=149924 keccak=87 recoveries=16 output=010000001000000058fd7193c9c0d6e71780fd4723b240cedf505932233bae1d8e7790c225a9a2b6bd0575ce257a9043d57b5b6074042a8c86ee337744aa6ae620c0836f811b9140
PROCESS_MEMORY_STAGE auth.execution_complete current_bytes=23839296 lifetime_peak_bytes=23921216 source=darwin_proc_pid_rusage_v6
PROCESS_MEMORY_STAGE auth.leaf_admission current_bytes=1248937784 lifetime_peak_bytes=2406140520 source=darwin_proc_pid_rusage_v6
PROCESS_MEMORY_STAGE segment.leaf_proved current_bytes=602409048 lifetime_peak_bytes=6093133872 source=darwin_proc_pid_rusage_v6
PROCESS_MEMORY_STAGE segment.leaf_capture current_bytes=613173360 lifetime_peak_bytes=6093133872 source=darwin_proc_pid_rusage_v6
PROCESS_MEMORY_STAGE validate current_bytes=613173360 lifetime_peak_bytes=6093133872 source=darwin_proc_pid_rusage_v6
PROCESS_MEMORY_STAGE composition current_bytes=625232008 lifetime_peak_bytes=6093133872 source=darwin_proc_pid_rusage_v6
PROCESS_MEMORY_STAGE deep current_bytes=943901144 lifetime_peak_bytes=6093133872 source=darwin_proc_pid_rusage_v6
PROCESS_MEMORY_STAGE fri current_bytes=986941960 lifetime_peak_bytes=6093133872 source=darwin_proc_pid_rusage_v6
PROCESS_MEMORY_STAGE transcript_plan current_bytes=1076087496 lifetime_peak_bytes=6093133872 source=darwin_proc_pid_rusage_v6
PROCESS_MEMORY_STAGE payloads current_bytes=1142180600 lifetime_peak_bytes=6093133872 source=darwin_proc_pid_rusage_v6
PROCESS_MEMORY_STAGE challenges current_bytes=1176472336 lifetime_peak_bytes=6093133872 source=darwin_proc_pid_rusage_v6
PROCESS_MEMORY_STAGE terminal current_bytes=1177504528 lifetime_peak_bytes=6093133872 source=darwin_proc_pid_rusage_v6
PROCESS_MEMORY_STAGE queries current_bytes=1211321128 lifetime_peak_bytes=6093133872 source=darwin_proc_pid_rusage_v6
PROCESS_MEMORY_STAGE roots current_bytes=1211321128 lifetime_peak_bytes=6093133872 source=darwin_proc_pid_rusage_v6
BLAKE3_HASH_METADATA g_rows=6816264 xor_rows=1947504 full_row_bytes=2812195776 compact_bytes=482980992 removed_bytes=2329214784
PROCESS_MEMORY_STAGE hash_columns current_bytes=4064858936 lifetime_peak_bytes=6093133872 source=darwin_proc_pid_rusage_v6
PROCESS_MEMORY_STAGE transcript current_bytes=4153758688 lifetime_peak_bytes=6093133872 source=darwin_proc_pid_rusage_v6
BLAKE3_PATH_PLAN_REUSE openings=1750 graph_builds=6 retained_plans=2
BLAKE3_TRUSTED_PATH_METADATA full_row_bytes=2552206464 compact_bytes=438329088 removed_bytes=2113877376
PROCESS_MEMORY_STAGE paths current_bytes=7737171744 lifetime_peak_bytes=7737171744 source=darwin_proc_pid_rusage_v6
PROCESS_MEMORY_STAGE path_reads current_bytes=7737171744 lifetime_peak_bytes=7769497424 source=darwin_proc_pid_rusage_v6
PROCESS_MEMORY_STAGE openings current_bytes=7835688832 lifetime_peak_bytes=7835688832 source=darwin_proc_pid_rusage_v6
PROCESS_MEMORY_STAGE assembly.row_sources_released current_bytes=5325051688 lifetime_peak_bytes=9319375872 source=darwin_proc_pid_rusage_v6
BLAKE3_NATIVE_QUERY_FUSION groups=23450 removed_scalars=93800
BLAKE3_NATIVE_FUSION dot4=816501 fma=158445 arithmetic_rows=1445178
PROCESS_MEMORY_STAGE assembly.scratch_released current_bytes=5678618792 lifetime_peak_bytes=9319375872 source=darwin_proc_pid_rusage_v6
PROCESS_MEMORY_STAGE assemble current_bytes=5494446176 lifetime_peak_bytes=9319375872 source=darwin_proc_pid_rusage_v6
PROCESS_MEMORY_STAGE teardown current_bytes=5120677576 lifetime_peak_bytes=9319375872 source=darwin_proc_pid_rusage_v6
PROCESS_MEMORY_STAGE auth.parent_prepared current_bytes=4766504312 lifetime_peak_bytes=9319375872 source=darwin_proc_pid_rusage_v6
PROCESS_MEMORY_STAGE auth.partitioned current_bytes=4421391520 lifetime_peak_bytes=9319375872 source=darwin_proc_pid_rusage_v6
BLAKE3_ETHEREUM_SEGMENTS_PREPARED segments=1 cycles=149924 retained_bytes=4167201700
PROCESS_MEMORY_STAGE auth.parent_key_derived current_bytes=4421555408 lifetime_peak_bytes=9319375872 source=darwin_proc_pid_rusage_v6
PROCESS_MEMORY_STAGE auth.parent_worker_created current_bytes=5785328096 lifetime_peak_bytes=9319375872 source=darwin_proc_pid_rusage_v6
PROCESS_MEMORY_STAGE parent.main_commitment current_bytes=5789882872 lifetime_peak_bytes=9319375872 source=darwin_proc_pid_rusage_v6
HOST_MEMORY_STAGE parent.main_commitment live=1369179736 peak=3167134763
PROCESS_MEMORY_STAGE parent.interaction_generation current_bytes=9052972680 lifetime_peak_bytes=10334906856 source=darwin_proc_pid_rusage_v6
HOST_MEMORY_STAGE parent.interaction_generation live=4630862344 peak=5843060224
PROCESS_MEMORY_STAGE parent.interaction_commitment current_bytes=7912186688 lifetime_peak_bytes=10334906856 source=darwin_proc_pid_rusage_v6
HOST_MEMORY_STAGE parent.interaction_commitment live=7657787992 peak=7715483464
PROCESS_MEMORY_STAGE parent.core_proof current_bytes=8005542840 lifetime_peak_bytes=10334906856 source=darwin_proc_pid_rusage_v6
HOST_MEMORY_STAGE parent.core_proof live=7755751512 peak=9525769000
PROCESS_MEMORY_STAGE core.evaluation current_bytes=8005542840 lifetime_peak_bytes=10334906856 source=darwin_proc_pid_rusage_v6
HOST_MEMORY_STAGE core.evaluation live=7755751720 peak=9525769000
PROCESS_MEMORY_STAGE core.interpolation_split current_bytes=8072864768 lifetime_peak_bytes=10334906856 source=darwin_proc_pid_rusage_v6
HOST_MEMORY_STAGE core.interpolation_split live=7822953160 peak=9965452848
PROCESS_MEMORY_STAGE core.commitment current_bytes=8072864768 lifetime_peak_bytes=10334906856 source=darwin_proc_pid_rusage_v6
HOST_MEMORY_STAGE core.commitment live=7822953432 peak=9965452848
PROCESS_MEMORY_STAGE core.openings current_bytes=8089576496 lifetime_peak_bytes=10334906856 source=darwin_proc_pid_rusage_v6
HOST_MEMORY_STAGE core.openings live=7839638968 peak=9965452848
PROCESS_MEMORY_STAGE parent.complete current_bytes=1620152064 lifetime_peak_bytes=10334906856 source=darwin_proc_pid_rusage_v6
HOST_MEMORY_STAGE parent.complete live=1370111144 peak=9965452848
BLAKE3_PARENT_STAGE_PROFILE {"schema_version":1,"runtime":"native","example":"blake3-recursive-parent","stages":[{"id":"parent.validation","label":"Authenticated row validation","seconds":0.903373,"children":null},{"id":"parent.main_setup","label":"Main columns and lookup counts","seconds":0.614016,"children":null},{"id":"parent.main_commit","label":"Main commitment","seconds":2.200145,"children":[{"id":"interpolate_columns","label":"Interpolate columns","seconds":0.00004,"children":null},{"id":"evaluate_extended_domain","label":"Evaluate extended domain","seconds":0.000054,"children":null},{"id":"interpolate_columns","label":"Interpolate columns","seconds":0.000149,"children":null},{"id":"evaluate_extended_domain","label":"Evaluate extended domain","seconds":0.000086,"children":null},{"id":"interpolate_columns","label":"Interpolate columns","seconds":0.002505,"children":null},{"id":"evaluate_extended_domain","label":"Evaluate extended domain","seconds":0.007134,"children":null},{"id":"interpolate_columns","label":"Interpolate columns","seconds":0.00771,"children":null},{"id":"evaluate_extended_domain","label":"Evaluate extended domain","seconds":0.021988,"children":null},{"id":"interpolate_columns","label":"Interpolate columns","seconds":0.006943,"children":null},{"id":"evaluate_extended_domain","label":"Evaluate extended domain","seconds":0.016862,"children":null},{"id":"interpolate_columns","label":"Interpolate columns","seconds":0.004891,"children":null},{"id":"evaluate_extended_domain","label":"Evaluate extended domain","seconds":0.015773,"children":null},{"id":"interpolate_columns","label":"Interpolate columns","seconds":0.004969,"children":null},{"id":"evaluate_extended_domain","label":"Evaluate extended domain","seconds":0.016576,"children":null},{"id":"interpolate_columns","label":"Interpolate columns","seconds":0.004933,"children":null},{"id":"evaluate_extended_domain","label":"Evaluate extended domain","seconds":0.01681,"children":null},{"id":"interpolate_columns","label":"Interpolate columns","seconds":0.004973,"children":null},{"id":"evaluate_extended_domain","label":"Evaluate extended domain","seconds":0.016029,"children":null},{"id":"interpolate_columns","label":"Interpolate columns","seconds":0.004919,"children":null},{"id":"evaluate_extended_domain","label":"Evaluate extended domain","seconds":0.017212,"children":null},{"id":"interpolate_columns","label":"Interpolate columns","seconds":0.005102,"children":null},{"id":"evaluate_extended_domain","label":"Evaluate extended domain","seconds":0.016664,"children":null},{"id":"interpolate_columns","label":"Interpolate columns","seconds":0.005865,"children":null},{"id":"evaluate_extended_domain","label":"Evaluate extended domain","seconds":0.036488,"children":null},{"id":"interpolate_columns","label":"Interpolate columns","seconds":0.006669,"children":null},{"id":"evaluate_extended_domain","label":"Evaluate extended domain","seconds":0.018988,"children":null},{"id":"interpolate_columns","label":"Interpolate columns","seconds":0.006809,"children":null},{"id":"evaluate_extended_domain","label":"Evaluate extended domain","seconds":0.018474,"children":null},{"id":"interpolate_columns","label":"Interpolate columns","seconds":0.006447,"children":null},{"id":"evaluate_extended_domain","label":"Evaluate extended domain","seconds":0.019152,"children":null},{"id":"interpolate_columns","label":"Interpolate columns","seconds":0.006502,"children":null},{"id":"evaluate_extended_domain","label":"Evaluate extended domain","seconds":0.018324,"children":null},{"id":"interpolate_columns","label":"Interpolate columns","seconds":0.006574,"children":null},{"id":"evaluate_extended_domain","label":"Evaluate extended domain","seconds":0.01816,"children":null},{"id":"interpolate_columns","label":"Interpolate columns","seconds":0.006421,"children":null},{"id":"evaluate_extended_domain","label":"Evaluate extended domain","seconds":0.018024,"children":null},{"id":"interpolate_columns","label":"Interpolate columns","seconds":0.006285,"children":null},{"id":"evaluate_extended_domain","label":"Evaluate extended domain","seconds":0.018845,"children":null},{"id":"interpolate_columns","label":"Interpolate columns","seconds":0.006616,"children":null},{"id":"evaluate_extended_domain","label":"Evaluate extended domain","seconds":0.021706,"children":null},{"id":"interpolate_columns","label":"Interpolate columns","seconds":0.006696,"children":null},{"id":"evaluate_extended_domain","label":"Evaluate extended domain","seconds":0.018404,"children":null},{"id":"interpolate_columns","label":"Interpolate columns","seconds":0.007027,"children":null},{"id":"evaluate_extended_domain","label":"Evaluate extended domain","seconds":0.018506,"children":null},{"id":"interpolate_columns","label":"Interpolate columns","seconds":0.006552,"children":null},{"id":"evaluate_extended_domain","label":"Evaluate extended domain","seconds":0.018247,"children":null},{"id":"interpolate_columns","label":"Interpolate columns","seconds":0.006549,"children":null},{"id":"evaluate_extended_domain","label":"Evaluate extended domain","seconds":0.01894,"children":null},{"id":"interpolate_columns","label":"Interpolate columns","seconds":0.006531,"children":null},{"id":"evaluate_extended_domain","label":"Evaluate extended domain","seconds":0.018082,"children":null},{"id":"interpolate_columns","label":"Interpolate columns","seconds":0.006606,"children":null},{"id":"evaluate_extended_domain","label":"Evaluate extended domain","seconds":0.018433,"children":null},{"id":"interpolate_columns","label":"Interpolate columns","seconds":0.006618,"children":null},{"id":"evaluate_extended_domain","label":"Evaluate extended domain","seconds":0.017922,"children":null},{"id":"interpolate_columns","label":"Interpolate columns","seconds":0.006354,"children":null},{"id":"evaluate_extended_domain","label":"Evaluate extended domain","seconds":0.023784,"children":null},{"id":"interpolate_columns","label":"Interpolate columns","seconds":0.006685,"children":null},{"id":"evaluate_extended_domain","label":"Evaluate extended domain","seconds":0.018677,"children":null},{"id":"interpolate_columns","label":"Interpolate columns","seconds":0.006305,"children":null},{"id":"evaluate_extended_domain","label":"Evaluate extended domain","seconds":0.018419,"children":null},{"id":"interpolate_columns","label":"Interpolate columns","seconds":0.006515,"children":null},{"id":"evaluate_extended_domain","label":"Evaluate extended domain","seconds":0.018719,"children":null},{"id":"interpolate_columns","label":"Interpolate columns","seconds":0.006698,"children":null},{"id":"evaluate_extended_domain","label":"Evaluate extended domain","seconds":0.018434,"children":null},{"id":"interpolate_columns","label":"Interpolate columns","seconds":0.006697,"children":null},{"id":"evaluate_extended_domain","label":"Evaluate extended domain","seconds":0.018456,"children":null},{"id":"interpolate_columns","label":"Interpolate columns","seconds":0.006628,"children":null},{"id":"evaluate_extended_domain","label":"Evaluate extended domain","seconds":0.018662,"children":null},{"id":"interpolate_columns","label":"Interpolate columns","seconds":0.006428,"children":null},{"id":"evaluate_extended_domain","label":"Evaluate extended domain","seconds":0.019077,"children":null},{"id":"interpolate_columns","label":"Interpolate columns","seconds":0.006412,"children":null},{"id":"evaluate_extended_domain","label":"Evaluate extended domain","seconds":0.018718,"children":null},{"id":"interpolate_columns","label":"Interpolate columns","seconds":0.006615,"children":null},{"id":"evaluate_extended_domain","label":"Evaluate extended domain","seconds":0.018726,"children":null},{"id":"interpolate_columns","label":"Interpolate columns","seconds":0.006633,"children":null},{"id":"evaluate_extended_domain","label":"Evaluate extended domain","seconds":0.019465,"children":null},{"id":"interpolate_columns","label":"Interpolate columns","seconds":0.006481,"children":null},{"id":"evaluate_extended_domain","label":"Evaluate extended domain","seconds":0.018832,"children":null},{"id":"interpolate_columns","label":"Interpolate columns","seconds":0.010193,"children":null},{"id":"evaluate_extended_domain","label":"Evaluate extended domain","seconds":0.022551,"children":null},{"id":"merkle_commit","label":"Merkle commit","seconds":0.08721,"children":null}]},{"id":"parent.interaction_generation","label":"Interaction generation","seconds":3.14937,"children":null},{"id":"parent.interaction_commit","label":"Interaction commitment","seconds":1.970774,"children":[{"id":"interpolate_columns","label":"Interpolate columns","seconds":0.000031,"children":null},{"id":"evaluate_extended_domain","label":"Evaluate extended domain","seconds":0.000041,"children":null},{"id":"interpolate_columns","label":"Interpolate columns","seconds":0.000026,"children":null},{"id":"evaluate_extended_domain","label":"Evaluate extended domain","seconds":0.00004,"children":null},{"id":"interpolate_columns","label":"Interpolate columns","seconds":0.000756,"children":null},{"id":"evaluate_extended_domain","label":"Evaluate extended domain","seconds":0.002018,"children":null},{"id":"interpolate_columns","label":"Interpolate columns","seconds":0.004025,"children":null},{"id":"evaluate_extended_domain","label":"Evaluate extended domain","seconds":0.013765,"children":null},{"id":"interpolate_columns","label":"Interpolate columns","seconds":0.006262,"children":null},{"id":"evaluate_extended_domain","label":"Evaluate extended domain","seconds":0.01644,"children":null},{"id":"interpolate_columns","label":"Interpolate columns","seconds":0.005523,"children":null},{"id":"evaluate_extended_domain","label":"Evaluate extended domain","seconds":0.01688,"children":null},{"id":"interpolate_columns","label":"Interpolate columns","seconds":0.005391,"children":null},{"id":"evaluate_extended_domain","label":"Evaluate extended domain","seconds":0.016901,"children":null},{"id":"interpolate_columns","label":"Interpolate columns","seconds":0.005629,"children":null},{"id":"evaluate_extended_domain","label":"Evaluate extended domain","seconds":0.016886,"children":null},{"id":"interpolate_columns","label":"Interpolate columns","seconds":0.005496,"children":null},{"id":"evaluate_extended_domain","label":"Evaluate extended domain","seconds":0.016852,"children":null},{"id":"interpolate_columns","label":"Interpolate columns","seconds":0.005813,"children":null},{"id":"evaluate_extended_domain","label":"Evaluate extended domain","seconds":0.016908,"children":null},{"id":"interpolate_columns","label":"Interpolate columns","seconds":0.005232,"children":null},{"id":"evaluate_extended_domain","label":"Evaluate extended domain","seconds":0.016749,"children":null},{"id":"interpolate_columns","label":"Interpolate columns","seconds":0.006314,"children":null},{"id":"evaluate_extended_domain","label":"Evaluate extended domain","seconds":0.018924,"children":null},{"id":"interpolate_columns","label":"Interpolate columns","seconds":0.006521,"children":null},{"id":"evaluate_extended_domain","label":"Evaluate extended domain","seconds":0.019057,"children":null},{"id":"interpolate_columns","label":"Interpolate columns","seconds":0.006503,"children":null},{"id":"evaluate_extended_domain","label":"Evaluate extended domain","seconds":0.022554,"children":null},{"id":"interpolate_columns","label":"Interpolate columns","seconds":0.006559,"children":null},{"id":"evaluate_extended_domain","label":"Evaluate extended domain","seconds":0.019555,"children":null},{"id":"interpolate_columns","label":"Interpolate columns","seconds":0.006502,"children":null},{"id":"evaluate_extended_domain","label":"Evaluate extended domain","seconds":0.019226,"children":null},{"id":"interpolate_columns","label":"Interpolate columns","seconds":0.006477,"children":null},{"id":"evaluate_extended_domain","label":"Evaluate extended domain","seconds":0.019636,"children":null},{"id":"interpolate_columns","label":"Interpolate columns","seconds":0.006564,"children":null},{"id":"evaluate_extended_domain","label":"Evaluate extended domain","seconds":0.018732,"children":null},{"id":"interpolate_columns","label":"Interpolate columns","seconds":0.006442,"children":null},{"id":"evaluate_extended_domain","label":"Evaluate extended domain","seconds":0.01955,"children":null},{"id":"interpolate_columns","label":"Interpolate columns","seconds":0.006636,"children":null},{"id":"evaluate_extended_domain","label":"Evaluate extended domain","seconds":0.019738,"children":null},{"id":"interpolate_columns","label":"Interpolate columns","seconds":0.006497,"children":null},{"id":"evaluate_extended_domain","label":"Evaluate extended domain","seconds":0.018787,"children":null},{"id":"interpolate_columns","label":"Interpolate columns","seconds":0.006748,"children":null},{"id":"evaluate_extended_domain","label":"Evaluate extended domain","seconds":0.019312,"children":null},{"id":"interpolate_columns","label":"Interpolate columns","seconds":0.006588,"children":null},{"id":"evaluate_extended_domain","label":"Evaluate extended domain","seconds":0.018941,"children":null},{"id":"interpolate_columns","label":"Interpolate columns","seconds":0.006581,"children":null},{"id":"evaluate_extended_domain","label":"Evaluate extended domain","seconds":0.019545,"children":null},{"id":"interpolate_columns","label":"Interpolate columns","seconds":0.006703,"children":null},{"id":"evaluate_extended_domain","label":"Evaluate extended domain","seconds":0.019131,"children":null},{"id":"interpolate_columns","label":"Interpolate columns","seconds":0.006756,"children":null},{"id":"evaluate_extended_domain","label":"Evaluate extended domain","seconds":0.019087,"children":null},{"id":"interpolate_columns","label":"Interpolate columns","seconds":0.006798,"children":null},{"id":"evaluate_extended_domain","label":"Evaluate extended domain","seconds":0.019041,"children":null},{"id":"interpolate_columns","label":"Interpolate columns","seconds":0.006613,"children":null},{"id":"evaluate_extended_domain","label":"Evaluate extended domain","seconds":0.019242,"children":null},{"id":"interpolate_columns","label":"Interpolate columns","seconds":0.006727,"children":null},{"id":"evaluate_extended_domain","label":"Evaluate extended domain","seconds":0.019307,"children":null},{"id":"interpolate_columns","label":"Interpolate columns","seconds":0.006486,"children":null},{"id":"evaluate_extended_domain","label":"Evaluate extended domain","seconds":0.019331,"children":null},{"id":"interpolate_columns","label":"Interpolate columns","seconds":0.006508,"children":null},{"id":"evaluate_extended_domain","label":"Evaluate extended domain","seconds":0.019257,"children":null},{"id":"interpolate_columns","label":"Interpolate columns","seconds":0.006549,"children":null},{"id":"evaluate_extended_domain","label":"Evaluate extended domain","seconds":0.019125,"children":null},{"id":"interpolate_columns","label":"Interpolate columns","seconds":0.006624,"children":null},{"id":"evaluate_extended_domain","label":"Evaluate extended domain","seconds":0.019902,"children":null},{"id":"interpolate_columns","label":"Interpolate columns","seconds":0.006604,"children":null},{"id":"evaluate_extended_domain","label":"Evaluate extended domain","seconds":0.019396,"children":null},{"id":"interpolate_columns","label":"Interpolate columns","seconds":0.006692,"children":null},{"id":"evaluate_extended_domain","label":"Evaluate extended domain","seconds":0.019755,"children":null},{"id":"interpolate_columns","label":"Interpolate columns","seconds":0.006426,"children":null},{"id":"evaluate_extended_domain","label":"Evaluate extended domain","seconds":0.02242,"children":null},{"id":"interpolate_columns","label":"Interpolate columns","seconds":0.006665,"children":null},{"id":"evaluate_extended_domain","label":"Evaluate extended domain","seconds":0.019411,"children":null},{"id":"interpolate_columns","label":"Interpolate columns","seconds":0.006728,"children":null},{"id":"evaluate_extended_domain","label":"Evaluate extended domain","seconds":0.01888,"children":null},{"id":"interpolate_columns","label":"Interpolate columns","seconds":0.005666,"children":null},{"id":"evaluate_extended_domain","label":"Evaluate extended domain","seconds":0.015595,"children":null},{"id":"merkle_commit","label":"Merkle commit","seconds":0.095113,"children":null}]},{"id":"parent.core","label":"Core STARK proof","seconds":8.633036,"children":[{"id":"draw_random_coeff","label":"Draw random coefficient","seconds":0,"children":null},{"id":"composition_trace_extract","label":"Composition trace extract","seconds":0.000011,"children":null},{"id":"composition_evaluation","label":"Composition evaluation","seconds":4.207902,"children":null},{"id":"composition_interpolate_and_split","label":"Composition interpolate and split","seconds":0.011793,"children":null},{"id":"composition_commit","label":"Composition commit","seconds":0.099849,"children":null},{"id":"oods_point_and_mask_points","label":"OODS point and mask points","seconds":0.000087,"children":null},{"id":"sampled_value_evaluation","label":"Sampled-value evaluation","seconds":0.598748,"children":null},{"id":"sampled_value_channel_mix","label":"Sampled-value channel mix","seconds":0.000063,"children":null},{"id":"fri_quotient_build_and_commit","label":"FRI quotient build + commit (lazy)","seconds":1.724372,"children":null},{"id":"proof_of_work","label":"Proof of work","seconds":0.123653,"children":null},{"id":"fri_decommit","label":"FRI decommit","seconds":0.003546,"children":null},{"id":"trace_decommit","label":"Trace decommit","seconds":1.819702,"children":null},{"id":"constraint_check_and_assembly","label":"Constraint check and assembly","seconds":0.000094,"children":null}]}]}
ETH_AUTH_RECURSIVE {
  "verified": true,
  "recursive": true,
  "queries": 70,
  "pow_bits": 26,
  "cycles": 149924,
  "keccak_calls": 87,
  "recovery_calls": 16,
  "segments": 1,
  "execution_ns": 13046583,
  "witness_admission_ns": 2613268292,
  "leaf_and_recursion_preparation_ns": 19631161208,
  "parent_proving_ns": 17470674958,
  "hash_partition_ns": 312717958,
  "final_verification_ns": 12570917,
  "total_ns": 44330640250,
  "proof_bytes": 983171,
  "worker_peak_bytes": 9965452848,
  "preparation_retained_bytes": 4167201700,
  "geometry": [
    {
      "index": 0,
      "name": "recursion.air.blake3_g_call",
      "main_columns": 82,
      "main_rows": 2097152,
      "fixed_rows": 2097152,
      "fixed_columns": 16,
      "retained_bytes": 822086864
    },
    {
      "index": 1,
      "name": "recursion.air.blake3_xor_call",
      "main_columns": 12,
      "main_rows": 2097152,
      "fixed_rows": 1963184,
      "fixed_columns": 6,
      "retained_bytes": 147780192
    },
    {
      "index": 2,
      "name": "recursion.air.blake3_boundary",
      "main_columns": 4,
      "main_rows": 2097152,
      "fixed_rows": 1480910,
      "fixed_columns": 8,
      "retained_bytes": 80943712
    },
    {
      "index": 3,
      "name": "recursion.air.qm31_mul_add_v1",
      "main_columns": 17,
      "main_rows": 524288,
      "fixed_rows": 389309,
      "fixed_columns": 10,
      "retained_bytes": 51224624
    },
    {
      "index": 4,
      "name": "recursion.air.qm31_inv",
      "main_columns": 14,
      "main_rows": 4096,
      "fixed_rows": 3945,
      "fixed_columns": 18,
      "retained_bytes": 513976
    },
    {
      "index": 5,
      "name": "recursion.air.linear_ops",
      "main_columns": 21,
      "main_rows": 262144,
      "fixed_rows": 235423,
      "fixed_columns": 30,
      "retained_bytes": 50271696
    },
    {
      "index": 6,
      "name": "recursion.air.blake3_challenge_block",
      "main_columns": 71,
      "main_rows": 256,
      "fixed_rows": 168,
      "fixed_columns": 15,
      "retained_bytes": 85624
    },
    {
      "index": 7,
      "name": "recursion.air.blake3_byte_route",
      "main_columns": 12,
      "main_rows": 2097152,
      "fixed_rows": 1733479,
      "fixed_columns": 45,
      "retained_bytes": 412689996
    },
    {
      "index": 8,
      "name": "recursion.air.blake3_query_mask",
      "main_columns": 8,
      "main_rows": 128,
      "fixed_rows": 71,
      "fixed_columns": 10,
      "retained_bytes": 7256
    },
    {
      "index": 9,
      "name": "recursion.air.blake3_private_word",
      "main_columns": 4,
      "main_rows": 262144,
      "fixed_rows": 168410,
      "fixed_columns": 4,
      "retained_bytes": 6889024
    },
    {
      "index": 10,
      "name": "recursion.air.blake3_field_bytes",
      "main_columns": 24,
      "main_rows": 1048576,
      "fixed_rows": 1044702,
      "fixed_columns": 9,
      "retained_bytes": 138273528
    },
    {
      "index": 11,
      "name": "recursion.air.qm31_pack_wire",
      "main_columns": 4,
      "main_rows": 65536,
      "fixed_rows": 46934,
      "fixed_columns": 8,
      "retained_bytes": 2550624
    },
    {
      "index": 12,
      "name": "recursion.air.scalar_wire_source",
      "main_columns": 1,
      "main_rows": 2097152,
      "fixed_rows": 1086806,
      "fixed_columns": 6,
      "retained_bytes": 34471992
    },
    {
      "index": 13,
      "name": "recursion.air.blake3_path_select",
      "main_columns": 17,
      "main_rows": 262144,
      "fixed_rows": 194144,
      "fixed_columns": 12,
      "retained_bytes": 27145384
    },
    {
      "index": 14,
      "name": "recursion.air.blake3_retry_control",
      "main_columns": 12,
      "main_rows": 256,
      "fixed_rows": 168,
      "fixed_columns": 22,
      "retained_bytes": 27552
    },
    {
      "index": 15,
      "name": "recursion.air.blake3_counter_step",
      "main_columns": 24,
      "main_rows": 256,
      "fixed_rows": 177,
      "fixed_columns": 9,
      "retained_bytes": 31908
    },
    {
      "index": 16,
      "name": "recursion.air.readonly_consistency",
      "main_columns": 19,
      "main_rows": 1048576,
      "fixed_rows": 1002190,
      "fixed_columns": 6,
      "retained_bytes": 103745096
    },
    {
      "index": 17,
      "name": "recursion.air.readonly_input",
      "main_columns": 5,
      "main_rows": 1048576,
      "fixed_rows": 1002190,
      "fixed_columns": 6,
      "retained_bytes": 45024280
    },
    {
      "index": 18,
      "name": "recursion.air.detached_opening_accumulate4_v1",
      "main_columns": 41,
      "main_rows": 1048576,
      "fixed_rows": 793051,
      "fixed_columns": 13,
      "retained_bytes": 213206756
    },
    {
      "index": 19,
      "name": "recursion.air.native_pcs_opening4_v1",
      "main_columns": 29,
      "main_rows": 32768,
      "fixed_rows": 23450,
      "fixed_columns": 13,
      "retained_bytes": 5021648
    },
    {
      "index": 20,
      "name": "recursion.air.blake3_g_call",
      "main_columns": 82,
      "main_rows": 2097152,
      "fixed_rows": 2097152,
      "fixed_columns": 16,
      "retained_bytes": 822086864
    },
    {
      "index": 21,
      "name": "recursion.air.blake3_g_call",
      "main_columns": 82,
      "main_rows": 2097152,
      "fixed_rows": 2097152,
      "fixed_columns": 16,
      "retained_bytes": 822086864
    },
    {
      "index": 22,
      "name": "recursion.air.blake3_g_call",
      "main_columns": 82,
      "main_rows": 1048576,
      "fixed_rows": 579688,
      "fixed_columns": 16,
      "retained_bytes": 381036240
    }
  ],
  "output": "010000001000000058fd7193c9c0d6e71780fd4723b240cedf505932233bae1d8e7790c225a9a2b6bd0575ce257a9043d57b5b6074042a8c86ee337744aa6ae620c0836f811b9140"
}
       44.82 real       317.06 user         9.60 sys
         10335207424  maximum resident set size
                   0  average shared memory size
                   0  average unshared data size
                   0  average unshared stack size
             6913685  page reclaims
                   0  page faults
                   0  swaps
                   0  block input operations
                   0  block output operations
                   0  messages sent
                   0  messages received
                   0  signals received
                   0  voluntary context switches
              119655  involuntary context switches
       5015800865099  instructions retired
       1321120122884  cycles elapsed
         10334906856  peak memory footprint
