   Compiling stwo-sha256-precompile-guest-tests v0.1.0 (/Users/theodorepender/code/cryptography/stwo-zig/autoresearch/benchmarks/guest_runtime/sha256_precompile_tests)
    Finished `release` profile [optimized] target(s) in 0.42s
     Running unittests src/lib.rs (target/release/deps/stwo_sha256_precompile_guest_tests-81b766a9b67201d0)

running 3 tests
test tests::instruction_is_the_exact_two_register_compression_abi ... ok
test tests::all_padding_and_alignment_boundaries ... ok
test tests::standard_messages_and_large_input ... ok

test result: ok. 3 passed; 0 failed; 0 ignored; 0 measured; 0 filtered out; finished in 0.01s

   Doc-tests stwo_sha256_precompile_guest_tests

running 0 tests

test result: ok. 0 passed; 0 failed; 0 ignored; 0 measured; 0 filtered out; finished in 0.00s

   Compiling stwo-ethereum-guest v0.1.0 (/Users/theodorepender/code/cryptography/stwo-zig/autoresearch/benchmarks/guest_runtime/ethereum)
warning: function `observe` is never used
  --> src/evm_hints.rs:59:8
   |
59 | pub fn observe(success: bool) {
   |        ^^^^^^^
   |
   = note: `#[warn(dead_code)]` (part of `#[warn(unused)]`) on by default

warning: `stwo-ethereum-guest` (bin "stwo-ethereum-guest") generated 1 warning
    Finished `release` profile [optimized] target(s) in 15.35s
