[evm-fast-memory-guest] another build holds /tmp/stwo-zig-build.lock; waiting
[evm-fast-memory-guest] acquired after 63s
   Compiling stwo-ethereum-guest v0.1.0 (/Users/theodorepender/code/cryptography/stwo-zig/autoresearch/benchmarks/guest_runtime/ethereum)
warning: function `observe` is never used
  --> src/evm_hints.rs:59:8
   |
59 | pub fn observe(success: bool) {
   |        ^^^^^^^
   |
   = note: `#[warn(dead_code)]` (part of `#[warn(unused)]`) on by default

warning: suspicious definition of the runtime `memcpy` symbol used by the standard library
  --> src/../../fast_memory_v1.rs:46:1
   |
46 | unsafe extern "C" fn memcpy(dst: *mut u8, src: *const u8, length: usize) -> *mut u8 {
   | ^^^^^^^^^^^^^^^^^^^^^^^^^^^^^^^^^^^^^^^^^^^^^^^^^^^^^^^^^^^^^^^^^^^^^^^^^^^^^^^^^^^
   |
   = note: expected `unsafe extern "C" fn(*mut c_void, *const c_void, usize) -> *mut c_void` (for the current target)
           found    `unsafe extern "C" fn(*mut u8, *const u8, usize) -> *mut u8`
   = help: either fix the signature or remove any attributes like `#[unsafe(no_mangle)]`, `#[unsafe(export_name = "memcpy")]`, or `#[link_name = "memcpy"]`
   = help: allow this lint if the signature is compatible
   = note: `#[warn(suspicious_runtime_symbol_definitions)]` on by default

warning: `stwo-ethereum-guest` (bin "stwo-ethereum-guest") generated 2 warnings
    Finished `release` profile [optimized] target(s) in 13.39s
