BLOCK_LEAF phase=execution cycles=1048576
error: CommitmentTraceTooLarge
        4.40 real         3.56 user         0.04 sys
           440827904  maximum resident set size
                   0  average shared memory size
                   0  average unshared data size
                   0  average unshared stack size
               40514  page reclaims
                   0  page faults
                   0  swaps
                   0  block input operations
                   0  block output operations
                   0  messages sent
                   0  messages received
                   0  signals received
                   0  voluntary context switches
                 385  involuntary context switches
         78239284391  instructions retired
         15799056642  cycles elapsed
           440124400  peak memory footprint
