BLOCK_LEAF phase=execution cycles=32768
BLOCK_LEAF phase=witness programs=729419 boundaries=13108 hash_logs={ 22, 20, 20, 19, 9, 14, 14, 20 } peak_bytes=2253722289
       46.04 real       124.49 user         3.35 sys
          9800040448  maximum resident set size
                   0  average shared memory size
                   0  average unshared data size
                   0  average unshared stack size
             1886812  page reclaims
                   0  page faults
                   0  swaps
                   0  block input operations
                   0  block output operations
                   0  messages sent
                   0  messages received
                   0  signals received
                   3  voluntary context switches
               80966  involuntary context switches
       1882655088671  instructions retired
        536007222099  cycles elapsed
          9803113784  peak memory footprint
