BLOCK_LEAF phase=execution cycles=32768
BLOCK_LEAF phase=witness programs=729419 boundaries=12610 hash_logs={ 22, 20, 20, 19, 11, 14, 14, 20 } peak_bytes=2210033601
       44.39 real       123.79 user         3.22 sys
          9758703616  maximum resident set size
                   0  average shared memory size
                   0  average unshared data size
                   0  average unshared stack size
             1777316  page reclaims
                   0  page faults
                   0  swaps
                   0  block input operations
                   0  block output operations
                   0  messages sent
                   0  messages received
                   0  signals received
                   3  voluntary context switches
               80376  involuntary context switches
       1912518783398  instructions retired
        540431710038  cycles elapsed
          9761366776  peak memory footprint
