BLOCK_LEAF phase=execution cycles=262144
BLOCK_LEAF phase=witness programs=729419 boundaries=67429 hash_logs={ 24, 22, 23, 22, 11, 17, 17, 20 } peak_bytes=8702993709
      108.79 real       449.53 user        12.45 sys
         37789253632  maximum resident set size
                   0  average shared memory size
                   0  average unshared data size
                   0  average unshared stack size
             7604492  page reclaims
                   0  page faults
                   0  swaps
                   0  block input operations
                   0  block output operations
                   0  messages sent
                   0  messages received
                   0  signals received
                   4  voluntary context switches
              440922  involuntary context switches
       5779523395605  instructions retired
       1935473155251  cycles elapsed
         37808521760  peak memory footprint
