BLOCK_LEAF phase=execution cycles=32768
BLOCK_LEAF phase=witness programs=729419 boundaries=13915 hash_logs={ 22, 20, 20, 19, 11, 14, 14, 20 } peak_bytes=2204192573
       16.56 real        94.19 user         2.98 sys
          9761357824  maximum resident set size
                   0  average shared memory size
                   0  average unshared data size
                   0  average unshared stack size
             1790839  page reclaims
                   0  page faults
                   0  swaps
                   0  block input operations
                   0  block output operations
                   0  messages sent
                   0  messages received
                   0  signals received
                   3  voluntary context switches
               81839  involuntary context switches
       1287922724001  instructions retired
        416608089850  cycles elapsed
          9763955520  peak memory footprint
