BLOCK_LEAF phase=execution cycles=32768
BLOCK_LEAF phase=witness programs=729419 boundaries=13915 hash_logs={ 22, 20, 20, 19, 11, 14, 14, 20 } peak_bytes=2204051093
       17.50 real        96.92 user         3.21 sys
          9761669120  maximum resident set size
                   0  average shared memory size
                   0  average unshared data size
                   0  average unshared stack size
             1802606  page reclaims
                   0  page faults
                   0  swaps
                   0  block input operations
                   0  block output operations
                   0  messages sent
                   0  messages received
                   0  signals received
                   3  voluntary context switches
               89446  involuntary context switches
       1297935039384  instructions retired
        426060691290  cycles elapsed
          9764250408  peak memory footprint
