BLOCK_STREAM preflight_cycles=21635 proof_segments=2 preflight_ns=11107417
BLAKE3_NATIVE_QUERY_FUSION groups=19810 removed_scalars=79240
BLAKE3_NATIVE_FUSION dot4=805813 fma=154714 arithmetic_rows=1420264
BLAKE3_NATIVE_QUERY_FUSION groups=23450 removed_scalars=93800
BLAKE3_NATIVE_FUSION dot4=815808 fma=147046 arithmetic_rows=1416686
BLOCK_STREAM proved_segments=2/2 paired=true retained_nodes=1 peak_bytes=32770932443 elapsed_ns=59102180292
       59.80 real       411.96 user        12.74 sys
         31789613056  maximum resident set size
                   0  average shared memory size
                   0  average unshared data size
                   0  average unshared stack size
             8881302  page reclaims
                   0  page faults
                   0  swaps
                   0  block input operations
                   0  block output operations
                   0  messages sent
                   0  messages received
                   0  signals received
                   2  voluntary context switches
              137057  involuntary context switches
       4757164643028  instructions retired
       1785626515860  cycles elapsed
         31800142536  peak memory footprint
