ETHEREUM_INCREMENTAL_ROLE0_PHASE phase=cold_open source=darwin_proc_pid_rusage_v6 wall_ns=48154898125 process_cpu_ns=50588752791 parallelism_milli=1050 peak_footprint_bytes=289702752 energy_nj=230978041877 instructions=1103713552619 cycles=198541430837 workers=1 host_byte_budget=8589934592
ETHEREUM_INCREMENTAL_ROLE0_PHASE phase=campaign source=darwin_proc_pid_rusage_v6 wall_ns=1359425041 process_cpu_ns=1356002209 parallelism_milli=997 peak_footprint_bytes=289702752 energy_nj=6674915015 instructions=29280794838 cycles=5330933516 workers=1 host_byte_budget=8589934592
ETHEREUM_INCREMENTAL_ROLE0_PHASE phase=materialize source=darwin_proc_pid_rusage_v6 wall_ns=5726786541 process_cpu_ns=5708897458 parallelism_milli=996 peak_footprint_bytes=1958119776 energy_nj=26000977945 instructions=88006312202 cycles=22419817053 workers=1 host_byte_budget=8589934592
ETHEREUM_COHORT_RESOURCES phase=begin wall_ns=42 source=darwin_proc_pid_rusage_v6 lifetime_peak_footprint_bytes=17844975248 ledger_present=false ledger_len=0 ledger_capacity=0 tuple_record_bytes=136 ledger_used_bytes=0 ledger_capacity_bytes=0 ledger_bytes_overflow=false sampling_unavailable=none
ETHEREUM_COHORT_RESOURCES phase=geometry-ready wall_ns=4620363416 source=darwin_proc_pid_rusage_v6 lifetime_peak_footprint_bytes=17844975248 ledger_present=false ledger_len=0 ledger_capacity=0 tuple_record_bytes=136 ledger_used_bytes=0 ledger_capacity_bytes=0 ledger_bytes_overflow=false sampling_unavailable=none
ETHEREUM_COHORT_RESOURCES phase=prefix-components wall_ns=952042709 source=darwin_proc_pid_rusage_v6 lifetime_peak_footprint_bytes=17844975248 ledger_present=false ledger_len=0 ledger_capacity=0 tuple_record_bytes=136 ledger_used_bytes=0 ledger_capacity_bytes=0 ledger_bytes_overflow=false sampling_unavailable=none
ETHEREUM_COHORT_RESOURCES phase=prefix-rows wall_ns=1735283416 source=darwin_proc_pid_rusage_v6 lifetime_peak_footprint_bytes=17844975248 ledger_present=false ledger_len=0 ledger_capacity=0 tuple_record_bytes=136 ledger_used_bytes=0 ledger_capacity_bytes=0 ledger_bytes_overflow=false sampling_unavailable=none
ETHEREUM_COHORT_RESOURCES phase=suffix-rows wall_ns=2854578042 source=darwin_proc_pid_rusage_v6 lifetime_peak_footprint_bytes=17844975248 ledger_present=false ledger_len=0 ledger_capacity=0 tuple_record_bytes=136 ledger_used_bytes=0 ledger_capacity_bytes=0 ledger_bytes_overflow=false sampling_unavailable=none
ETHEREUM_COHORT_RESOURCES phase=provider-main wall_ns=1996051500 source=darwin_proc_pid_rusage_v6 lifetime_peak_footprint_bytes=17844975248 ledger_present=false ledger_len=0 ledger_capacity=0 tuple_record_bytes=136 ledger_used_bytes=0 ledger_capacity_bytes=0 ledger_bytes_overflow=false sampling_unavailable=none
ETHEREUM_COHORT_RESOURCES phase=ledger-begin wall_ns=279917 source=darwin_proc_pid_rusage_v6 lifetime_peak_footprint_bytes=17844975248 ledger_present=true ledger_len=0 ledger_capacity=0 tuple_record_bytes=136 ledger_used_bytes=0 ledger_capacity_bytes=0 ledger_bytes_overflow=false sampling_unavailable=none
ETHEREUM_COHORT_RESOURCES phase=ledger-reserved wall_ns=782666 source=darwin_proc_pid_rusage_v6 lifetime_peak_footprint_bytes=17844975248 ledger_present=true ledger_len=0 ledger_capacity=147857364 tuple_record_bytes=136 ledger_used_bytes=0 ledger_capacity_bytes=20108601504 ledger_bytes_overflow=false sampling_unavailable=none
ETHEREUM_COHORT_RESOURCES phase=ledger-prefix wall_ns=1566096709 source=darwin_proc_pid_rusage_v6 lifetime_peak_footprint_bytes=17844975248 ledger_present=true ledger_len=944116 ledger_capacity=147857364 tuple_record_bytes=136 ledger_used_bytes=128399776 ledger_capacity_bytes=20108601504 ledger_bytes_overflow=false sampling_unavailable=none
ETHEREUM_COHORT_RESOURCES phase=ledger-suffix wall_ns=52758375 source=darwin_proc_pid_rusage_v6 lifetime_peak_footprint_bytes=17844975248 ledger_present=true ledger_len=1088900 ledger_capacity=147857364 tuple_record_bytes=136 ledger_used_bytes=148090400 ledger_capacity_bytes=20108601504 ledger_bytes_overflow=false sampling_unavailable=none
ETHEREUM_COHORT_RESOURCES phase=ledger-native wall_ns=18484507708 source=darwin_proc_pid_rusage_v6 lifetime_peak_footprint_bytes=27361120728 ledger_present=true ledger_len=68890867 ledger_capacity=147857364 tuple_record_bytes=136 ledger_used_bytes=9369157912 ledger_capacity_bytes=20108601504 ledger_bytes_overflow=false sampling_unavailable=none
ETHEREUM_COHORT_RESOURCES phase=range-provider wall_ns=1867974792 source=darwin_proc_pid_rusage_v6 lifetime_peak_footprint_bytes=27361120728 ledger_present=true ledger_len=68891317 ledger_capacity=147857364 tuple_record_bytes=136 ledger_used_bytes=9369219112 ledger_capacity_bytes=20108601504 ledger_bytes_overflow=false sampling_unavailable=none
ETHEREUM_COHORT_RESOURCES phase=ledger-range wall_ns=3033625 source=darwin_proc_pid_rusage_v6 lifetime_peak_footprint_bytes=27361120728 ledger_present=true ledger_len=68891361 ledger_capacity=147857364 tuple_record_bytes=136 ledger_used_bytes=9369225096 ledger_capacity_bytes=20108601504 ledger_bytes_overflow=false sampling_unavailable=none
ETHEREUM_COHORT_RESOURCES phase=ledger-classified wall_ns=28307431916 source=darwin_proc_pid_rusage_v6 lifetime_peak_footprint_bytes=27361120728 ledger_present=true ledger_len=68891361 ledger_capacity=147857364 tuple_record_bytes=136 ledger_used_bytes=9369225096 ledger_capacity_bytes=20108601504 ledger_bytes_overflow=false sampling_unavailable=none
ETHEREUM_COHORT_RESOURCES phase=ledger-released wall_ns=2207407375 source=darwin_proc_pid_rusage_v6 lifetime_peak_footprint_bytes=27361120728 ledger_present=false ledger_len=0 ledger_capacity=0 tuple_record_bytes=136 ledger_used_bytes=0 ledger_capacity_bytes=0 ledger_bytes_overflow=false sampling_unavailable=none
ETHEREUM_WRAPPER_COMPONENT_PLAN row=0 log_size=14 preprocessed_columns=10 main_columns=0 interaction_columns=8 source_bytes=1179648 pcs_minimum_resident_bytes=2359296
ETHEREUM_WRAPPER_COMPONENT_PLAN row=1 log_size=15 preprocessed_columns=0 main_columns=48 interaction_columns=12 source_bytes=7864320 pcs_minimum_resident_bytes=15728640
ETHEREUM_WRAPPER_COMPONENT_PLAN row=2 log_size=16 preprocessed_columns=18 main_columns=17 interaction_columns=28 source_bytes=16515072 pcs_minimum_resident_bytes=33030144
ETHEREUM_WRAPPER_COMPONENT_PLAN row=3 log_size=10 preprocessed_columns=18 main_columns=17 interaction_columns=40 source_bytes=307200 pcs_minimum_resident_bytes=614400
ETHEREUM_WRAPPER_COMPONENT_PLAN row=4 log_size=19 preprocessed_columns=15 main_columns=2 interaction_columns=4 source_bytes=44040192 pcs_minimum_resident_bytes=88080384
ETHEREUM_WRAPPER_COMPONENT_PLAN row=5 log_size=19 preprocessed_columns=23 main_columns=2 interaction_columns=12 source_bytes=77594624 pcs_minimum_resident_bytes=155189248
ETHEREUM_WRAPPER_COMPONENT_PLAN row=6 log_size=4 preprocessed_columns=0 main_columns=68 interaction_columns=4 source_bytes=4608 pcs_minimum_resident_bytes=9216
ETHEREUM_WRAPPER_COMPONENT_PLAN row=7 log_size=4 preprocessed_columns=0 main_columns=15 interaction_columns=4 source_bytes=1216 pcs_minimum_resident_bytes=2432
ETHEREUM_WRAPPER_COMPONENT_PLAN row=8 log_size=7 preprocessed_columns=12 main_columns=9 interaction_columns=36 source_bytes=29184 pcs_minimum_resident_bytes=58368
ETHEREUM_WRAPPER_COMPONENT_PLAN row=9 log_size=7 preprocessed_columns=21 main_columns=9 interaction_columns=20 source_bytes=25600 pcs_minimum_resident_bytes=51200
ETHEREUM_WRAPPER_COMPONENT_PLAN row=10 log_size=11 preprocessed_columns=8 main_columns=2 interaction_columns=8 source_bytes=147456 pcs_minimum_resident_bytes=294912
ETHEREUM_WRAPPER_COMPONENT_PLAN row=11 log_size=12 preprocessed_columns=17 main_columns=4 interaction_columns=12 source_bytes=540672 pcs_minimum_resident_bytes=1081344
ETHEREUM_WRAPPER_COMPONENT_PLAN row=12 log_size=14 preprocessed_columns=13 main_columns=4 interaction_columns=16 source_bytes=2162688 pcs_minimum_resident_bytes=4325376
ETHEREUM_WRAPPER_COMPONENT_PLAN row=13 log_size=9 preprocessed_columns=32 main_columns=41 interaction_columns=40 source_bytes=231424 pcs_minimum_resident_bytes=462848
ETHEREUM_WRAPPER_COMPONENT_PLAN row=14 log_size=11 preprocessed_columns=30 main_columns=41 interaction_columns=40 source_bytes=909312 pcs_minimum_resident_bytes=1818624
ETHEREUM_WRAPPER_COMPONENT_PLAN row=15 log_size=17 preprocessed_columns=11 main_columns=2 interaction_columns=8 source_bytes=11010048 pcs_minimum_resident_bytes=22020096
ETHEREUM_WRAPPER_COMPONENT_PLAN row=16 log_size=12 preprocessed_columns=17 main_columns=2 interaction_columns=16 source_bytes=573440 pcs_minimum_resident_bytes=1146880
ETHEREUM_WRAPPER_COMPONENT_PLAN row=17 log_size=10 preprocessed_columns=33 main_columns=10 interaction_columns=28 source_bytes=290816 pcs_minimum_resident_bytes=581632
ETHEREUM_WRAPPER_COMPONENT_PLAN row=18 log_size=18 preprocessed_columns=22 main_columns=2 interaction_columns=20 source_bytes=46137344 pcs_minimum_resident_bytes=92274688
ETHEREUM_WRAPPER_COMPONENT_PLAN row=19 log_size=8 preprocessed_columns=9 main_columns=0 interaction_columns=4 source_bytes=13312 pcs_minimum_resident_bytes=26624
ETHEREUM_WRAPPER_COMPONENT_PLAN row=20 log_size=10 preprocessed_columns=6 main_columns=34 interaction_columns=68 source_bytes=442368 pcs_minimum_resident_bytes=884736
ETHEREUM_WRAPPER_COMPONENT_PLAN row=21 log_size=14 preprocessed_columns=69 main_columns=34 interaction_columns=4 source_bytes=7012352 pcs_minimum_resident_bytes=14024704
ETHEREUM_WRAPPER_COMPONENT_PLAN row=22 log_size=5 preprocessed_columns=8 main_columns=9 interaction_columns=20 source_bytes=4736 pcs_minimum_resident_bytes=9472
ETHEREUM_WRAPPER_COMPONENT_PLAN row=23 log_size=20 preprocessed_columns=41 main_columns=42 interaction_columns=28 source_bytes=465567744 pcs_minimum_resident_bytes=931135488
ETHEREUM_WRAPPER_COMPONENT_PLAN row=24 log_size=24 preprocessed_columns=18 main_columns=2 interaction_columns=16 source_bytes=2415919104 pcs_minimum_resident_bytes=4831838208
ETHEREUM_WRAPPER_COMPONENT_PLAN row=25 log_size=16 preprocessed_columns=48 main_columns=43 interaction_columns=28 source_bytes=31195136 pcs_minimum_resident_bytes=62390272
ETHEREUM_WRAPPER_COMPONENT_PLAN row=26 log_size=14 preprocessed_columns=6 main_columns=34 interaction_columns=12 source_bytes=3407872 pcs_minimum_resident_bytes=6815744
ETHEREUM_WRAPPER_COMPONENT_PLAN row=27 log_size=12 preprocessed_columns=15 main_columns=10 interaction_columns=12 source_bytes=606208 pcs_minimum_resident_bytes=1212416
ETHEREUM_WRAPPER_COMPONENT_PLAN row=28 log_size=12 preprocessed_columns=15 main_columns=3 interaction_columns=8 source_bytes=425984 pcs_minimum_resident_bytes=851968
ETHEREUM_WRAPPER_COMPONENT_PLAN row=29 log_size=18 preprocessed_columns=20 main_columns=2 interaction_columns=20 source_bytes=44040192 pcs_minimum_resident_bytes=88080384
ETHEREUM_WRAPPER_COMPONENT_PLAN row=30 log_size=24 preprocessed_columns=18 main_columns=19 interaction_columns=8 source_bytes=3019898880 pcs_minimum_resident_bytes=6039797760
ETHEREUM_WRAPPER_COMPONENT_PLAN row=31 log_size=15 preprocessed_columns=15 main_columns=14 interaction_columns=4 source_bytes=4325376 pcs_minimum_resident_bytes=8650752
ETHEREUM_WRAPPER_COMPONENT_PLAN row=32 log_size=24 preprocessed_columns=27 main_columns=21 interaction_columns=8 source_bytes=3758096384 pcs_minimum_resident_bytes=7516192768
ETHEREUM_WRAPPER_COMPONENT_PLAN row=33 log_size=15 preprocessed_columns=0 main_columns=46 interaction_columns=8 source_bytes=7077888 pcs_minimum_resident_bytes=14155776
ETHEREUM_WRAPPER_COMPONENT_PLAN row=34 log_size=19 preprocessed_columns=1 main_columns=445 interaction_columns=8 source_bytes=952107008 pcs_minimum_resident_bytes=1904214016
ETHEREUM_WRAPPER_COMPONENT_PLAN row=35 log_size=16 preprocessed_columns=3 main_columns=1 interaction_columns=4 source_bytes=2097152 pcs_minimum_resident_bytes=4194304
ETHEREUM_WRAPPER_MEMORY_PLAN tree=0 columns=619 source_bytes=4559583744 pcs_minimum_resident_bytes=9119167488 blowup_log=1 coefficient_retention=never
ETHEREUM_WRAPPER_MEMORY_PLAN tree=1 columns=1054 source_bytes=3977475392 pcs_minimum_resident_bytes=7954950784 blowup_log=1 coefficient_retention=never
ETHEREUM_WRAPPER_MEMORY_PLAN tree=2 columns=616 source_bytes=2384743424 pcs_minimum_resident_bytes=4769486848 blowup_log=1 coefficient_retention=never
ETHEREUM_WRAPPER_MEMORY_PLAN total_pcs_minimum_resident_bytes=21843605120 excludes_merkle_witness_composition=true
ETHEREUM_WRAPPER_RESOURCES phase=preprocessed wall_ns=62454563500 lifetime_peak_footprint_bytes=32193027928 source=darwin_proc_pid_rusage_v6
ETHEREUM_WRAPPER_RESOURCES phase=main wall_ns=91025303750 lifetime_peak_footprint_bytes=37741408336 source=darwin_proc_pid_rusage_v6
ETHEREUM_WRAPPER_RESOURCES phase=interaction wall_ns=108791756125 lifetime_peak_footprint_bytes=45303596488 source=darwin_proc_pid_rusage_v6
ETHEREUM_WRAPPER_RESOURCES phase=stark wall_ns=470297785875 lifetime_peak_footprint_bytes=52653710168 source=darwin_proc_pid_rusage_v6
ETHEREUM_WRAPPER_CANDIDATE_RETAINED core_verified=true wrapper_admitted=false sha256=4be5150ea8ac9852fd85448c9b722d3308511b6d823d7e67c004e17aa3b808f2 bytes=3034123 directory=/Users/theodorepender/Coding/stark-proving-engineering/stwo-zig/.git/local-ethereum/wrapper-candidates
ETHEREUM_INCREMENTAL_ROLE0_PHASE phase=role0_prove source=darwin_proc_pid_rusage_v6 wall_ns=1400146179625 process_cpu_ns=2301473249916 parallelism_milli=1643 peak_footprint_bytes=52653710168 energy_nj=9242316659886 instructions=40915412521136 cycles=8630400823337 workers=1 host_byte_budget=8589934592
ETHEREUM_COHORT_RESOURCES phase=begin wall_ns=42 source=darwin_proc_pid_rusage_v6 lifetime_peak_footprint_bytes=52653710168 ledger_present=false ledger_len=0 ledger_capacity=0 tuple_record_bytes=136 ledger_used_bytes=0 ledger_capacity_bytes=0 ledger_bytes_overflow=false sampling_unavailable=none
ETHEREUM_COHORT_RESOURCES phase=geometry-ready wall_ns=4475773542 source=darwin_proc_pid_rusage_v6 lifetime_peak_footprint_bytes=52653710168 ledger_present=false ledger_len=0 ledger_capacity=0 tuple_record_bytes=136 ledger_used_bytes=0 ledger_capacity_bytes=0 ledger_bytes_overflow=false sampling_unavailable=none
ETHEREUM_COHORT_RESOURCES phase=prefix-components wall_ns=923873375 source=darwin_proc_pid_rusage_v6 lifetime_peak_footprint_bytes=52653710168 ledger_present=false ledger_len=0 ledger_capacity=0 tuple_record_bytes=136 ledger_used_bytes=0 ledger_capacity_bytes=0 ledger_bytes_overflow=false sampling_unavailable=none
ETHEREUM_COHORT_RESOURCES phase=prefix-rows wall_ns=1684500916 source=darwin_proc_pid_rusage_v6 lifetime_peak_footprint_bytes=52653710168 ledger_present=false ledger_len=0 ledger_capacity=0 tuple_record_bytes=136 ledger_used_bytes=0 ledger_capacity_bytes=0 ledger_bytes_overflow=false sampling_unavailable=none
ETHEREUM_COHORT_RESOURCES phase=suffix-rows wall_ns=2774369250 source=darwin_proc_pid_rusage_v6 lifetime_peak_footprint_bytes=52653710168 ledger_present=false ledger_len=0 ledger_capacity=0 tuple_record_bytes=136 ledger_used_bytes=0 ledger_capacity_bytes=0 ledger_bytes_overflow=false sampling_unavailable=none
ETHEREUM_COHORT_RESOURCES phase=provider-main wall_ns=1916023709 source=darwin_proc_pid_rusage_v6 lifetime_peak_footprint_bytes=52653710168 ledger_present=false ledger_len=0 ledger_capacity=0 tuple_record_bytes=136 ledger_used_bytes=0 ledger_capacity_bytes=0 ledger_bytes_overflow=false sampling_unavailable=none
ETHEREUM_COHORT_RESOURCES phase=ledger-begin wall_ns=193166 source=darwin_proc_pid_rusage_v6 lifetime_peak_footprint_bytes=52653710168 ledger_present=true ledger_len=0 ledger_capacity=0 tuple_record_bytes=136 ledger_used_bytes=0 ledger_capacity_bytes=0 ledger_bytes_overflow=false sampling_unavailable=none
ETHEREUM_COHORT_RESOURCES phase=ledger-reserved wall_ns=430750 source=darwin_proc_pid_rusage_v6 lifetime_peak_footprint_bytes=52653710168 ledger_present=true ledger_len=0 ledger_capacity=147857364 tuple_record_bytes=136 ledger_used_bytes=0 ledger_capacity_bytes=20108601504 ledger_bytes_overflow=false sampling_unavailable=none
ETHEREUM_COHORT_RESOURCES phase=ledger-prefix wall_ns=1407364542 source=darwin_proc_pid_rusage_v6 lifetime_peak_footprint_bytes=52653710168 ledger_present=true ledger_len=944116 ledger_capacity=147857364 tuple_record_bytes=136 ledger_used_bytes=128399776 ledger_capacity_bytes=20108601504 ledger_bytes_overflow=false sampling_unavailable=none
ETHEREUM_COHORT_RESOURCES phase=ledger-suffix wall_ns=48692917 source=darwin_proc_pid_rusage_v6 lifetime_peak_footprint_bytes=52653710168 ledger_present=true ledger_len=1088900 ledger_capacity=147857364 tuple_record_bytes=136 ledger_used_bytes=148090400 ledger_capacity_bytes=20108601504 ledger_bytes_overflow=false sampling_unavailable=none
ETHEREUM_COHORT_RESOURCES phase=ledger-native wall_ns=17395226458 source=darwin_proc_pid_rusage_v6 lifetime_peak_footprint_bytes=52653710168 ledger_present=true ledger_len=68890867 ledger_capacity=147857364 tuple_record_bytes=136 ledger_used_bytes=9369157912 ledger_capacity_bytes=20108601504 ledger_bytes_overflow=false sampling_unavailable=none
ETHEREUM_COHORT_RESOURCES phase=range-provider wall_ns=1004353250 source=darwin_proc_pid_rusage_v6 lifetime_peak_footprint_bytes=52653710168 ledger_present=true ledger_len=68891317 ledger_capacity=147857364 tuple_record_bytes=136 ledger_used_bytes=9369219112 ledger_capacity_bytes=20108601504 ledger_bytes_overflow=false sampling_unavailable=none
ETHEREUM_COHORT_RESOURCES phase=ledger-range wall_ns=3324583 source=darwin_proc_pid_rusage_v6 lifetime_peak_footprint_bytes=52653710168 ledger_present=true ledger_len=68891361 ledger_capacity=147857364 tuple_record_bytes=136 ledger_used_bytes=9369225096 ledger_capacity_bytes=20108601504 ledger_bytes_overflow=false sampling_unavailable=none
ETHEREUM_COHORT_RESOURCES phase=ledger-classified wall_ns=26675408000 source=darwin_proc_pid_rusage_v6 lifetime_peak_footprint_bytes=52653710168 ledger_present=true ledger_len=68891361 ledger_capacity=147857364 tuple_record_bytes=136 ledger_used_bytes=9369225096 ledger_capacity_bytes=20108601504 ledger_bytes_overflow=false sampling_unavailable=none
ETHEREUM_COHORT_RESOURCES phase=ledger-released wall_ns=2138563125 source=darwin_proc_pid_rusage_v6 lifetime_peak_footprint_bytes=52653710168 ledger_present=false ledger_len=0 ledger_capacity=0 tuple_record_bytes=136 ledger_used_bytes=0 ledger_capacity_bytes=0 ledger_bytes_overflow=false sampling_unavailable=none
ETHEREUM_WRAPPER_RESOURCES phase=cold.cohort wall_ns=515723398792 lifetime_peak_footprint_bytes=52653710168 source=darwin_proc_pid_rusage_v6
ETHEREUM_WRAPPER_RESOURCES phase=cold.verify wall_ns=129653724125 lifetime_peak_footprint_bytes=52653710168 source=darwin_proc_pid_rusage_v6
ETHEREUM_WRAPPER_RESOURCES phase=cold.graph wall_ns=79966984125 lifetime_peak_footprint_bytes=52653710168 source=darwin_proc_pid_rusage_v6
ETHEREUM_WRAPPER_RESOURCES phase=cold.geometry wall_ns=827166 lifetime_peak_footprint_bytes=52653710168 source=darwin_proc_pid_rusage_v6
ETHEREUM_WRAPPER_RESOURCES phase=cold.final-validation wall_ns=4211941875 lifetime_peak_footprint_bytes=52653710168 source=darwin_proc_pid_rusage_v6
ETHEREUM_INCREMENTAL_ROLE0_PHASE phase=role0_reopen source=darwin_proc_pid_rusage_v6 wall_ns=733696158792 process_cpu_ns=732438633875 parallelism_milli=998 peak_footprint_bytes=52653710168 energy_nj=3597486009597 instructions=14688858440310 cycles=2916637503548 workers=1 host_byte_budget=8589934592
ETHEREUM_WRAPPER_RESOURCES phase=publication.registry wall_ns=184375 lifetime_peak_footprint_bytes=52653710168 source=darwin_proc_pid_rusage_v6
ETHEREUM_WRAPPER_RESOURCES phase=publication.evidence wall_ns=4140645250 lifetime_peak_footprint_bytes=52653710168 source=darwin_proc_pid_rusage_v6
ETHEREUM_WRAPPER_RESOURCES phase=publication.serialization wall_ns=8292366833 lifetime_peak_footprint_bytes=52653710168 source=darwin_proc_pid_rusage_v6
ETHEREUM_WRAPPER_RESOURCES phase=publication.child-projection wall_ns=16595185167 lifetime_peak_footprint_bytes=52653710168 source=darwin_proc_pid_rusage_v6
ETHEREUM_WRAPPER_RESOURCES phase=publication.mutations wall_ns=28924877208 lifetime_peak_footprint_bytes=52653710168 source=darwin_proc_pid_rusage_v6
ETHEREUM_INCREMENTAL_ROLE0_PHASE phase=role0_postprocess source=darwin_proc_pid_rusage_v6 wall_ns=57953421583 process_cpu_ns=57852703583 parallelism_milli=998 peak_footprint_bytes=52653710168 energy_nj=314224884987 instructions=1282702242528 cycles=230464443929 workers=1 host_byte_budget=8589934592
ETHEREUM_INCREMENTAL_ROLE0_PHASE phase=stage102_cleanup source=darwin_proc_pid_rusage_v6 wall_ns=114677000 process_cpu_ns=114191708 parallelism_milli=995 peak_footprint_bytes=52653710168 energy_nj=401681758 instructions=1062415337 cycles=455219633 workers=1 host_byte_budget=8589934592
ETHEREUM_INCREMENTAL_ROLE0_PHASE phase=total source=darwin_proc_pid_rusage_v6 wall_ns=2303037399375 process_cpu_ns=3207021541291 parallelism_milli=1392 peak_footprint_bytes=52653710168 energy_nj=13686500955739 instructions=59348964937347 cycles=12232974572063 workers=1 host_byte_budget=8589934592
