test-ethereum-statement-root-cohort-replay
+- saved Ethereum complete root cohort guard
   +- run test 0/1 passed, 1 failed
error: 'recursive_common_ethereum_incremental_leaf_universal_proof_v4_genuine_test.test.role0 saved Stage101 pair closes the complete statement-root cohort' failed: ETHEREUM_ROLE0_SAVED_WRAPPER_REPLAY excludes_stage101_proving=true
ETHEREUM_INCREMENTAL_ROLE0_PHASE phase=cold_open source=darwin_proc_pid_rusage_v6 wall_ns=47499420625 process_cpu_ns=50038514958 parallelism_milli=1053 peak_footprint_bytes=288473856 energy_nj=229461720957 instructions=1101320283220 cycles=197015698296 workers=1 host_byte_budget=8589934592
ETHEREUM_INCREMENTAL_ROLE0_PHASE phase=campaign source=darwin_proc_pid_rusage_v6 wall_ns=1341011791 process_cpu_ns=1337713000 parallelism_milli=997 peak_footprint_bytes=288473856 energy_nj=6693453305 instructions=29271512880 cycles=5270116362 workers=1 host_byte_budget=8589934592
ETHEREUM_INCREMENTAL_ROLE0_PHASE phase=materialize source=darwin_proc_pid_rusage_v6 wall_ns=5016976583 process_cpu_ns=5009085041 parallelism_milli=998 peak_footprint_bytes=1957284168 energy_nj=25651465492 instructions=87459368591 cycles=19851698370 workers=1 host_byte_budget=8589934592
ETHEREUM_INCREMENTAL_ROLE0_MATERIALIZE input_ns=42006584 public_ns=312347333 transcript_ns=140139417 profile_ns=31375 program_ns=68432583 prepare_ns=68809542 fri_ns=3613418458 seal_ns=42066625 total_ns=4287254833 nodes=540192 node_bytes=10803840 output_bytes=176 binding_bytes=2468976 schedule_bytes=8051316 evaluation_bytes=8643072 input_bytes=617244 claim_bytes=27296 schedule_compiles=1 graph_copies=0 workers=1
ETHEREUM_INCREMENTAL_ROLE0_ALLOCATOR phase=materialized-live allocations=74 bytes=856166946 peak=1893494489 allocated=3177383932 freed=2321216986 untracked=0
ETHEREUM_ROOT_COHORT phase=prepare begin=true
ETHEREUM_COHORT_RESOURCES phase=begin wall_ns=42 source=darwin_proc_pid_rusage_v6 lifetime_peak_footprint_bytes=17844631184 ledger_present=false ledger_len=0 ledger_capacity=0 tuple_record_bytes=136 ledger_used_bytes=0 ledger_capacity_bytes=0 ledger_bytes_overflow=false sampling_unavailable=none
ETHEREUM_COHORT_RESOURCES phase=geometry-ready wall_ns=4578943875 source=darwin_proc_pid_rusage_v6 lifetime_peak_footprint_bytes=17844631184 ledger_present=false ledger_len=0 ledger_capacity=0 tuple_record_bytes=136 ledger_used_bytes=0 ledger_capacity_bytes=0 ledger_bytes_overflow=false sampling_unavailable=none
ETHEREUM_COHORT_RESOURCES phase=prefix-components wall_ns=949438083 source=darwin_proc_pid_rusage_v6 lifetime_peak_footprint_bytes=17844631184 ledger_present=false ledger_len=0 ledger_capacity=0 tuple_record_bytes=136 ledger_used_bytes=0 ledger_capacity_bytes=0 ledger_bytes_overflow=false sampling_unavailable=none
ETHEREUM_COHORT_RESOURCES phase=prefix-rows wall_ns=1730299208 source=darwin_proc_pid_rusage_v6 lifetime_peak_footprint_bytes=17844631184 ledger_present=false ledger_len=0 ledger_capacity=0 tuple_record_bytes=136 ledger_used_bytes=0 ledger_capacity_bytes=0 ledger_bytes_overflow=false sampling_unavailable=none
ETHEREUM_COHORT_RESOURCES phase=suffix-rows wall_ns=2840191125 source=darwin_proc_pid_rusage_v6 lifetime_peak_footprint_bytes=17844631184 ledger_present=false ledger_len=0 ledger_capacity=0 tuple_record_bytes=136 ledger_used_bytes=0 ledger_capacity_bytes=0 ledger_bytes_overflow=false sampling_unavailable=none
ETHEREUM_COHORT_RESOURCES phase=provider-main wall_ns=2021597334 source=darwin_proc_pid_rusage_v6 lifetime_peak_footprint_bytes=17844631184 ledger_present=false ledger_len=0 ledger_capacity=0 tuple_record_bytes=136 ledger_used_bytes=0 ledger_capacity_bytes=0 ledger_bytes_overflow=false sampling_unavailable=none
ETHEREUM_COHORT_RESOURCES phase=ledger-begin wall_ns=41250 source=darwin_proc_pid_rusage_v6 lifetime_peak_footprint_bytes=17844631184 ledger_present=true ledger_len=0 ledger_capacity=0 tuple_record_bytes=136 ledger_used_bytes=0 ledger_capacity_bytes=0 ledger_bytes_overflow=false sampling_unavailable=none
ETHEREUM_TUPLE_RESERVATION phase=before prefix_bound=4274754 suffix_bound=477356 native_bound=143039268 range_bound=65536 contribution_bound=147857364 bytes=20108601504
ETHEREUM_COHORT_RESOURCES phase=ledger-reserved wall_ns=144208 source=darwin_proc_pid_rusage_v6 lifetime_peak_footprint_bytes=17844631184 ledger_present=true ledger_len=0 ledger_capacity=147857364 tuple_record_bytes=136 ledger_used_bytes=0 ledger_capacity_bytes=20108601504 ledger_bytes_overflow=false sampling_unavailable=none
ETHEREUM_COHORT_RESOURCES phase=ledger-prefix wall_ns=1446308292 source=darwin_proc_pid_rusage_v6 lifetime_peak_footprint_bytes=17844631184 ledger_present=true ledger_len=944116 ledger_capacity=147857364 tuple_record_bytes=136 ledger_used_bytes=128399776 ledger_capacity_bytes=20108601504 ledger_bytes_overflow=false sampling_unavailable=none
ETHEREUM_COHORT_RESOURCES phase=ledger-suffix wall_ns=49656041 source=darwin_proc_pid_rusage_v6 lifetime_peak_footprint_bytes=17844631184 ledger_present=true ledger_len=1088900 ledger_capacity=147857364 tuple_record_bytes=136 ledger_used_bytes=148090400 ledger_capacity_bytes=20108601504 ledger_bytes_overflow=false sampling_unavailable=none
ETHEREUM_COHORT_RESOURCES phase=ledger-native wall_ns=18549798000 source=darwin_proc_pid_rusage_v6 lifetime_peak_footprint_bytes=27360776664 ledger_present=true ledger_len=68890867 ledger_capacity=147857364 tuple_record_bytes=136 ledger_used_bytes=9369157912 ledger_capacity_bytes=20108601504 ledger_bytes_overflow=false sampling_unavailable=none
ETHEREUM_COHORT_RESOURCES phase=range-provider wall_ns=2053964334 source=darwin_proc_pid_rusage_v6 lifetime_peak_footprint_bytes=27360776664 ledger_present=true ledger_len=68891317 ledger_capacity=147857364 tuple_record_bytes=136 ledger_used_bytes=9369219112 ledger_capacity_bytes=20108601504 ledger_bytes_overflow=false sampling_unavailable=none
ETHEREUM_COHORT_RESOURCES phase=ledger-range wall_ns=2842375 source=darwin_proc_pid_rusage_v6 lifetime_peak_footprint_bytes=27360776664 ledger_present=true ledger_len=68891361 ledger_capacity=147857364 tuple_record_bytes=136 ledger_used_bytes=9369225096 ledger_capacity_bytes=20108601504 ledger_bytes_overflow=false sampling_unavailable=none
ETHEREUM_TUPLE_RESERVATION phase=after contribution_bound=147857364 actual=68891361 unused=78966003 unused_bytes=10739376408 capacity=147857364
ETHEREUM_COHORT_RESOURCES phase=ledger-classified wall_ns=29322097958 source=darwin_proc_pid_rusage_v6 lifetime_peak_footprint_bytes=27360776664 ledger_present=true ledger_len=68891361 ledger_capacity=147857364 tuple_record_bytes=136 ledger_used_bytes=9369225096 ledger_capacity_bytes=20108601504 ledger_bytes_overflow=false sampling_unavailable=none
ETHEREUM_COHORT_RESOURCES phase=ledger-released wall_ns=2257206125 source=darwin_proc_pid_rusage_v6 lifetime_peak_footprint_bytes=27360776664 ledger_present=false ledger_len=0 ledger_capacity=0 tuple_record_bytes=136 ledger_used_bytes=0 ledger_capacity_bytes=0 ledger_bytes_overflow=false sampling_unavailable=none
expected 12, found 15
ETHEREUM_INCREMENTAL_ROLE0_REQUEST outcome=failed
ETHEREUM_INCREMENTAL_ROLE0_PHASE phase=total source=darwin_proc_pid_rusage_v6 wall_ns=254602313500 process_cpu_ns=674676328208 parallelism_milli=2649 peak_footprint_bytes=32193650544 energy_nj=2476140417622 instructions=11591802324010 cycles=2450445808409 workers=1 host_byte_budget=8589934592
ETHEREUM_ROLE0_SAVED_WRAPPER_STAGE=cohort error=TestExpectedEqual
error: while executing test 'recursive_common_ethereum_incremental_leaf_universal_proof_v4_genuine_test.test.role0 saved Stage101 pair closes the complete statement-root cohort', the following test command failed:
./.zig-cache/o/a57991a5b0950f895ac6efce48c937d4/test --cache-dir=./.zig-cache --seed=0xcc7d49a8 --listen=-

Build Summary: 1/4 steps succeeded; 1 failed; 0/1 tests passed; 1 failed
test-ethereum-statement-root-cohort-replay transitive failure
+- saved Ethereum complete root cohort guard transitive failure
   +- run test 0/1 passed, 1 failed
      +- compile test ReleaseSafe native success 1m MaxRSS:3G

error: the following build command failed with exit code 1:
.zig-cache/o/38a4da7ad768229785f3fb578db2b630/build /opt/homebrew/Cellar/zig/0.15.2/bin/zig /opt/homebrew/Cellar/zig/0.15.2/lib/zig /Users/theodorepender/Coding/stark-proving-engineering/stwo-zig/src/integrations/riscv_cpu .zig-cache /Users/theodorepender/.cache/zig --seed 0xcc7d49a8 -Z5593cbbcf51eb32b --maxrss 25769803776 -j1 test-ethereum-statement-root-cohort-replay -Doptimize=ReleaseSafe -Dethereum-proof-strip=true --summary all
