ETHEREUM_INCREMENTAL_ROLE0_PHASE phase=cold_open source=darwin_proc_pid_rusage_v6 wall_ns=47075490250 process_cpu_ns=49621931334 parallelism_milli=1054 peak_footprint_bytes=289375024 energy_nj=229005021640 instructions=1101089575520 cycles=196544324365 workers=1 host_byte_budget=8589934592
ETHEREUM_INCREMENTAL_ROLE0_PHASE phase=campaign source=darwin_proc_pid_rusage_v6 wall_ns=1328637042 process_cpu_ns=1328425750 parallelism_milli=999 peak_footprint_bytes=289375024 energy_nj=6701285229 instructions=29272396416 cycles=5268522399 workers=1 host_byte_budget=8589934592
ETHEREUM_INCREMENTAL_ROLE0_PHASE phase=materialize source=darwin_proc_pid_rusage_v6 wall_ns=5308222417 process_cpu_ns=5307709667 parallelism_milli=999 peak_footprint_bytes=1958398304 energy_nj=25801928395 instructions=87916280801 cycles=21048426733 workers=1 host_byte_budget=8589934592
ETHEREUM_COHORT_RESOURCES phase=begin wall_ns=0 source=darwin_proc_pid_rusage_v6 lifetime_peak_footprint_bytes=17845417640 ledger_present=false ledger_len=0 ledger_capacity=0 tuple_record_bytes=136 ledger_used_bytes=0 ledger_capacity_bytes=0 ledger_bytes_overflow=false sampling_unavailable=none
ETHEREUM_COHORT_RESOURCES phase=geometry-ready wall_ns=4516553125 source=darwin_proc_pid_rusage_v6 lifetime_peak_footprint_bytes=17845417640 ledger_present=false ledger_len=0 ledger_capacity=0 tuple_record_bytes=136 ledger_used_bytes=0 ledger_capacity_bytes=0 ledger_bytes_overflow=false sampling_unavailable=none
ETHEREUM_COHORT_RESOURCES phase=prefix-components wall_ns=942917375 source=darwin_proc_pid_rusage_v6 lifetime_peak_footprint_bytes=17845417640 ledger_present=false ledger_len=0 ledger_capacity=0 tuple_record_bytes=136 ledger_used_bytes=0 ledger_capacity_bytes=0 ledger_bytes_overflow=false sampling_unavailable=none
ETHEREUM_COHORT_RESOURCES phase=prefix-rows wall_ns=1714728250 source=darwin_proc_pid_rusage_v6 lifetime_peak_footprint_bytes=17845417640 ledger_present=false ledger_len=0 ledger_capacity=0 tuple_record_bytes=136 ledger_used_bytes=0 ledger_capacity_bytes=0 ledger_bytes_overflow=false sampling_unavailable=none
ETHEREUM_COHORT_RESOURCES phase=suffix-rows wall_ns=2782237875 source=darwin_proc_pid_rusage_v6 lifetime_peak_footprint_bytes=17845417640 ledger_present=false ledger_len=0 ledger_capacity=0 tuple_record_bytes=136 ledger_used_bytes=0 ledger_capacity_bytes=0 ledger_bytes_overflow=false sampling_unavailable=none
ETHEREUM_COHORT_RESOURCES phase=provider-main wall_ns=1908790000 source=darwin_proc_pid_rusage_v6 lifetime_peak_footprint_bytes=17845417640 ledger_present=false ledger_len=0 ledger_capacity=0 tuple_record_bytes=136 ledger_used_bytes=0 ledger_capacity_bytes=0 ledger_bytes_overflow=false sampling_unavailable=none
ETHEREUM_COHORT_RESOURCES phase=ledger-begin wall_ns=199834 source=darwin_proc_pid_rusage_v6 lifetime_peak_footprint_bytes=17845417640 ledger_present=true ledger_len=0 ledger_capacity=0 tuple_record_bytes=136 ledger_used_bytes=0 ledger_capacity_bytes=0 ledger_bytes_overflow=false sampling_unavailable=none
ETHEREUM_COHORT_RESOURCES phase=ledger-reserved wall_ns=419291 source=darwin_proc_pid_rusage_v6 lifetime_peak_footprint_bytes=17845417640 ledger_present=true ledger_len=0 ledger_capacity=147857364 tuple_record_bytes=136 ledger_used_bytes=0 ledger_capacity_bytes=20108601504 ledger_bytes_overflow=false sampling_unavailable=none
ETHEREUM_COHORT_RESOURCES phase=ledger-prefix wall_ns=1440394125 source=darwin_proc_pid_rusage_v6 lifetime_peak_footprint_bytes=17845417640 ledger_present=true ledger_len=944116 ledger_capacity=147857364 tuple_record_bytes=136 ledger_used_bytes=128399776 ledger_capacity_bytes=20108601504 ledger_bytes_overflow=false sampling_unavailable=none
ETHEREUM_COHORT_RESOURCES phase=ledger-suffix wall_ns=50125750 source=darwin_proc_pid_rusage_v6 lifetime_peak_footprint_bytes=17845417640 ledger_present=true ledger_len=1088900 ledger_capacity=147857364 tuple_record_bytes=136 ledger_used_bytes=148090400 ledger_capacity_bytes=20108601504 ledger_bytes_overflow=false sampling_unavailable=none
ETHEREUM_COHORT_RESOURCES phase=ledger-native wall_ns=17245660000 source=darwin_proc_pid_rusage_v6 lifetime_peak_footprint_bytes=27361563120 ledger_present=true ledger_len=68890867 ledger_capacity=147857364 tuple_record_bytes=136 ledger_used_bytes=9369157912 ledger_capacity_bytes=20108601504 ledger_bytes_overflow=false sampling_unavailable=none
ETHEREUM_COHORT_RESOURCES phase=range-provider wall_ns=1831290959 source=darwin_proc_pid_rusage_v6 lifetime_peak_footprint_bytes=27361563120 ledger_present=true ledger_len=68891317 ledger_capacity=147857364 tuple_record_bytes=136 ledger_used_bytes=9369219112 ledger_capacity_bytes=20108601504 ledger_bytes_overflow=false sampling_unavailable=none
ETHEREUM_COHORT_RESOURCES phase=ledger-range wall_ns=3016541 source=darwin_proc_pid_rusage_v6 lifetime_peak_footprint_bytes=27361563120 ledger_present=true ledger_len=68891361 ledger_capacity=147857364 tuple_record_bytes=136 ledger_used_bytes=9369225096 ledger_capacity_bytes=20108601504 ledger_bytes_overflow=false sampling_unavailable=none
ETHEREUM_COHORT_RESOURCES phase=ledger-classified wall_ns=27520945000 source=darwin_proc_pid_rusage_v6 lifetime_peak_footprint_bytes=27361563120 ledger_present=true ledger_len=68891361 ledger_capacity=147857364 tuple_record_bytes=136 ledger_used_bytes=9369225096 ledger_capacity_bytes=20108601504 ledger_bytes_overflow=false sampling_unavailable=none
ETHEREUM_COHORT_RESOURCES phase=ledger-released wall_ns=2160070250 source=darwin_proc_pid_rusage_v6 lifetime_peak_footprint_bytes=27361563120 ledger_present=false ledger_len=0 ledger_capacity=0 tuple_record_bytes=136 ledger_used_bytes=0 ledger_capacity_bytes=0 ledger_bytes_overflow=false sampling_unavailable=none
ETHEREUM_WRAPPER_RESOURCES phase=tree0.cpu-pcs.commit wall_ns=268804677666 lifetime_peak_footprint_bytes=32193470320 source=darwin_proc_pid_rusage_v6
ETHEREUM_WRAPPER_RESOURCES phase=tree0.cpu-pcs wall_ns=274001287167 lifetime_peak_footprint_bytes=32193470320 source=darwin_proc_pid_rusage_v6
ETHEREUM_TREE0_CPU_ADMISSION cpu_root={ 540861180, 123130679, 262723862, 1790176245, 1552740578, 445001413, 323999607, 1158426385 }
ETHEREUM_WRAPPER_RESOURCES phase=tree0.admitted-preprocessing-copied wall_ns=5348303292 lifetime_peak_footprint_bytes=32193470320 source=darwin_proc_pid_rusage_v6
ETHEREUM_WRAPPER_RESOURCES phase=tree0.unrelated-cohort-released wall_ns=1449371375 lifetime_peak_footprint_bytes=32193470320 source=darwin_proc_pid_rusage_v6
ETHEREUM_TREE0_PREPARATION cohort_destroyed_before_metal=true preprocessed_source_bytes=4559583744 lde_bytes=9119167488 wide_leaf_permutations=2617245696 staged_leaf_permutations=322543168
ETHEREUM_TREE0_COEFFICIENT_STORAGE source_bytes=4559583744 retained_backing_bytes=4559583744 original_source_adopted=true additional_coefficient_bytes=0
ETHEREUM_WRAPPER_RESOURCES phase=tree0.authenticated-device-pcs.commit wall_ns=7768282875 lifetime_peak_footprint_bytes=32193470320 source=darwin_proc_pid_rusage_v6
ETHEREUM_TREE0_HASH_WORK route=direct-lifted-leaves route_evidence=completed_epoch_and_shared_admission column_count=619 lifting_log=25 wide_column_reads=20770193408 staged_column_reads=2279791872 wide_leaf_permutations=2617245696 staged_leaf_permutations=322543168 selected_column_reads=20770193408 selected_leaf_permutations=2617245696 heterogeneous_epochs=0 heterogeneous_arena_bytes=0
ETHEREUM_TREE0_PARITY exact=true cpu_reuse_bounded_tail=true metal_reuse_bounded_tail=false workers=1 cpu_root={ 540861180, 123130679, 262723862, 1790176245, 1552740578, 445001413, 323999607, 1158426385 } metal_root={ 540861180, 123130679, 262723862, 1790176245, 1552740578, 445001413, 323999607, 1158426385 } metal_poseidon_commits=1 host_merkle_commits=0 aot_manifest_sha256=d51ffc6f4de6307c47604c67a352f724f3763d798f188ab86ab71c226013acba aot_source_sha256=c2daaaf7dab998e6c542651dec73323973eafceee6ccf9d56fce6094ccac2786 aot_metallib_sha256=9b1327752224ccd8837063f29c9e5112efac8f6746050f8ff5dc9c2fb23ce8a7 runtime_initialization_ns=81649666 endpoint=tree0_admission_only wrapper_proof=false
ETHEREUM_INCREMENTAL_ROLE0_PHASE phase=total source=darwin_proc_pid_rusage_v6 wall_ns=465804882625 process_cpu_ns=461284045667 parallelism_milli=990 peak_footprint_bytes=32193470320 energy_nj=2184456631063 instructions=9203037704810 cycles=1830448450439 workers=1 host_byte_budget=8589934592
