1/1 recursive_common_ethereum_incremental_leaf_universal_proof_v4_genuine_test.test.role0 saved Stage101 pair compares CPU and authenticated Metal Tree0 admission...ETHEREUM_ROLE0_SAVED_WRAPPER_REPLAY excludes_stage101_proving=true
ETHEREUM_NATIVE_VERIFICATION workers=1 captures=2 scope=joined
ETHEREUM_INCREMENTAL_ROLE0_PHASE phase=cold_open source=darwin_proc_pid_rusage_v6 wall_ns=46746152875 process_cpu_ns=49182058000 parallelism_milli=1052 peak_footprint_bytes=289391432 energy_nj=228662542125 instructions=1100962050217 cycles=195594486836 workers=1 host_byte_budget=8589934592
ETHEREUM_INCREMENTAL_ROLE0_PHASE phase=campaign source=darwin_proc_pid_rusage_v6 wall_ns=1321450750 process_cpu_ns=1317646417 parallelism_milli=997 peak_footprint_bytes=289391432 energy_nj=6694099937 instructions=29269970980 cycles=5243485640 workers=1 host_byte_budget=8589934592
ETHEREUM_INCREMENTAL_ROLE0_PHASE phase=materialize source=darwin_proc_pid_rusage_v6 wall_ns=4784313958 process_cpu_ns=4780193167 parallelism_milli=999 peak_footprint_bytes=1958365512 energy_nj=25349029427 instructions=87429797200 cycles=19048209178 workers=1 host_byte_budget=8589934592
ETHEREUM_INCREMENTAL_ROLE0_MATERIALIZE input_ns=41855209 public_ns=309876916 transcript_ns=138582834 profile_ns=29041 program_ns=67151250 prepare_ns=66767334 fri_ns=3395080083 seal_ns=41833042 total_ns=4061178084 nodes=540192 node_bytes=10803840 output_bytes=176 binding_bytes=2468976 schedule_bytes=8051316 evaluation_bytes=8643072 input_bytes=617244 claim_bytes=27296 schedule_compiles=1 graph_copies=0 workers=1
ETHEREUM_INCREMENTAL_ROLE0_ALLOCATOR phase=materialized-live allocations=74 bytes=856166946 peak=1893494489 allocated=3177383932 freed=2321216986 untracked=0
ETHEREUM_COHORT_RESOURCES phase=begin wall_ns=41 source=darwin_proc_pid_rusage_v6 lifetime_peak_footprint_bytes=17858066232 ledger_present=false ledger_len=0 ledger_capacity=0 tuple_record_bytes=136 ledger_used_bytes=0 ledger_capacity_bytes=0 ledger_bytes_overflow=false sampling_unavailable=none
ETHEREUM_COHORT_RESOURCES phase=geometry-ready wall_ns=4456157542 source=darwin_proc_pid_rusage_v6 lifetime_peak_footprint_bytes=17858066232 ledger_present=false ledger_len=0 ledger_capacity=0 tuple_record_bytes=136 ledger_used_bytes=0 ledger_capacity_bytes=0 ledger_bytes_overflow=false sampling_unavailable=none
ETHEREUM_COHORT_RESOURCES phase=prefix-components wall_ns=924565000 source=darwin_proc_pid_rusage_v6 lifetime_peak_footprint_bytes=17858066232 ledger_present=false ledger_len=0 ledger_capacity=0 tuple_record_bytes=136 ledger_used_bytes=0 ledger_capacity_bytes=0 ledger_bytes_overflow=false sampling_unavailable=none
ETHEREUM_COHORT_RESOURCES phase=prefix-rows wall_ns=1671816375 source=darwin_proc_pid_rusage_v6 lifetime_peak_footprint_bytes=17858066232 ledger_present=false ledger_len=0 ledger_capacity=0 tuple_record_bytes=136 ledger_used_bytes=0 ledger_capacity_bytes=0 ledger_bytes_overflow=false sampling_unavailable=none
ETHEREUM_COHORT_RESOURCES phase=suffix-rows wall_ns=2756251667 source=darwin_proc_pid_rusage_v6 lifetime_peak_footprint_bytes=17858066232 ledger_present=false ledger_len=0 ledger_capacity=0 tuple_record_bytes=136 ledger_used_bytes=0 ledger_capacity_bytes=0 ledger_bytes_overflow=false sampling_unavailable=none
ETHEREUM_COHORT_RESOURCES phase=provider-main wall_ns=1885920208 source=darwin_proc_pid_rusage_v6 lifetime_peak_footprint_bytes=17858066232 ledger_present=false ledger_len=0 ledger_capacity=0 tuple_record_bytes=136 ledger_used_bytes=0 ledger_capacity_bytes=0 ledger_bytes_overflow=false sampling_unavailable=none
ETHEREUM_COHORT_RESOURCES phase=ledger-begin wall_ns=190792 source=darwin_proc_pid_rusage_v6 lifetime_peak_footprint_bytes=17858066232 ledger_present=true ledger_len=0 ledger_capacity=0 tuple_record_bytes=136 ledger_used_bytes=0 ledger_capacity_bytes=0 ledger_bytes_overflow=false sampling_unavailable=none
ETHEREUM_TUPLE_RESERVATION phase=before prefix_bound=4274754 suffix_bound=477356 native_bound=143039268 range_bound=65536 contribution_bound=147857364 bytes=20108601504
ETHEREUM_COHORT_RESOURCES phase=ledger-reserved wall_ns=382916 source=darwin_proc_pid_rusage_v6 lifetime_peak_footprint_bytes=17858066232 ledger_present=true ledger_len=0 ledger_capacity=147857364 tuple_record_bytes=136 ledger_used_bytes=0 ledger_capacity_bytes=20108601504 ledger_bytes_overflow=false sampling_unavailable=none
ETHEREUM_COHORT_RESOURCES phase=ledger-prefix wall_ns=1418955125 source=darwin_proc_pid_rusage_v6 lifetime_peak_footprint_bytes=17858066232 ledger_present=true ledger_len=944116 ledger_capacity=147857364 tuple_record_bytes=136 ledger_used_bytes=128399776 ledger_capacity_bytes=20108601504 ledger_bytes_overflow=false sampling_unavailable=none
ETHEREUM_COHORT_RESOURCES phase=ledger-suffix wall_ns=49775625 source=darwin_proc_pid_rusage_v6 lifetime_peak_footprint_bytes=17858066232 ledger_present=true ledger_len=1088900 ledger_capacity=147857364 tuple_record_bytes=136 ledger_used_bytes=148090400 ledger_capacity_bytes=20108601504 ledger_bytes_overflow=false sampling_unavailable=none
ETHEREUM_COHORT_RESOURCES phase=ledger-native wall_ns=17741875125 source=darwin_proc_pid_rusage_v6 lifetime_peak_footprint_bytes=27374211712 ledger_present=true ledger_len=68890867 ledger_capacity=147857364 tuple_record_bytes=136 ledger_used_bytes=9369157912 ledger_capacity_bytes=20108601504 ledger_bytes_overflow=false sampling_unavailable=none
ETHEREUM_COHORT_RESOURCES phase=range-provider wall_ns=1449458834 source=darwin_proc_pid_rusage_v6 lifetime_peak_footprint_bytes=27374211712 ledger_present=true ledger_len=68891317 ledger_capacity=147857364 tuple_record_bytes=136 ledger_used_bytes=9369219112 ledger_capacity_bytes=20108601504 ledger_bytes_overflow=false sampling_unavailable=none
ETHEREUM_COHORT_RESOURCES phase=ledger-range wall_ns=3003958 source=darwin_proc_pid_rusage_v6 lifetime_peak_footprint_bytes=27374211712 ledger_present=true ledger_len=68891361 ledger_capacity=147857364 tuple_record_bytes=136 ledger_used_bytes=9369225096 ledger_capacity_bytes=20108601504 ledger_bytes_overflow=false sampling_unavailable=none
ETHEREUM_TUPLE_RESERVATION phase=after contribution_bound=147857364 actual=68891361 unused=78966003 unused_bytes=10739376408 capacity=147857364
ETHEREUM_COHORT_RESOURCES phase=ledger-classified wall_ns=27183185458 source=darwin_proc_pid_rusage_v6 lifetime_peak_footprint_bytes=27374211712 ledger_present=true ledger_len=68891361 ledger_capacity=147857364 tuple_record_bytes=136 ledger_used_bytes=9369225096 ledger_capacity_bytes=20108601504 ledger_bytes_overflow=false sampling_unavailable=none
ETHEREUM_COHORT_RESOURCES phase=ledger-released wall_ns=2128005209 source=darwin_proc_pid_rusage_v6 lifetime_peak_footprint_bytes=27374211712 ledger_present=false ledger_len=0 ledger_capacity=0 tuple_record_bytes=136 ledger_used_bytes=0 ledger_capacity_bytes=0 ledger_bytes_overflow=false sampling_unavailable=none
ETHEREUM_WRAPPER_RESOURCES phase=tree0.cpu-pcs wall_ns=271594183042 lifetime_peak_footprint_bytes=32206135320 source=darwin_proc_pid_rusage_v6
