DETACHED_PARENT_PCS_PHASE lane=1 selected_lane_only=true capture_ns=220550375 plans_ns=3211917 authority_ns=476795042 rows_ns=324629750
DETACHED_PARENT_CHILD_PHASE lane=1 prefix_ns=177292 transcript_ns=133625 pcs_ns=1025256416 boundary_ns=7875125 composition_ns=7226000
DETACHED_PARENT_CHILD lane=1 preparation_ns=1040696292
DETACHED_PARENT_PCS_PHASE lane=2 selected_lane_only=true capture_ns=101147875 plans_ns=3236209 authority_ns=473714958 rows_ns=324167750
DETACHED_PARENT_CHILD_PHASE lane=2 prefix_ns=143917 transcript_ns=87500 pcs_ns=902309291 boundary_ns=7844875 composition_ns=7188334
DETACHED_PARENT_CHILD lane=2 preparation_ns=1958301792
riscv_detached_arithmetic_fusion lane=501 dot4_rows=395 multiply_add_rows=8779
riscv_detached_arithmetic_fusion lane=511 dot4_rows=2616 multiply_add_rows=3495
riscv_detached_arithmetic_fusion lane=412 dot4_rows=105869 multiply_add_rows=32356
riscv_detached_arithmetic_fusion lane=402 dot4_rows=5790 multiply_add_rows=103659
riscv_detached_arithmetic_fusion lane=502 dot4_rows=395 multiply_add_rows=8779
riscv_detached_arithmetic_fusion lane=512 dot4_rows=2616 multiply_add_rows=3495
riscv_detached_arithmetic_fusion lane=413 dot4_rows=105869 multiply_add_rows=32356
riscv_detached_arithmetic_fusion lane=403 dot4_rows=5790 multiply_add_rows=103659
riscv_detached_arithmetic_fusion lane=521 dot4_rows=2592 multiply_add_rows=2612
DETACHED_PARENT_ROW row=0 rows=6378 logical_bytes=306144
DETACHED_PARENT_ROW row=1 rows=2768 logical_bytes=531456
DETACHED_PARENT_ROW row=2 rows=2768 logical_bytes=409664
DETACHED_PARENT_ROW row=3 rows=206 logical_bytes=29664
DETACHED_PARENT_ROW row=4 rows=20496 logical_bytes=1557696
DETACHED_PARENT_ROW row=5 rows=18892 logical_bytes=1586928
DETACHED_PARENT_ROW row=6 rows=4 logical_bytes=1088
DETACHED_PARENT_ROW row=7 rows=4 logical_bytes=240
DETACHED_PARENT_ROW row=8 rows=94 logical_bytes=9400
DETACHED_PARENT_ROW row=9 rows=66 logical_bytes=8448
DETACHED_PARENT_ROW row=10 rows=8 logical_bytes=736
DETACHED_PARENT_ROW row=11 rows=61669 logical_bytes=5673548
DETACHED_PARENT_ROW row=12 rows=0 logical_bytes=0
DETACHED_PARENT_ROW row=13 rows=80125 logical_bytes=3205000
DETACHED_PARENT_ROW row=14 rows=231932 logical_bytes=50097312
DETACHED_PARENT_ROW row=20 rows=386 logical_bytes=114256
DETACHED_PARENT_ROW row=21 rows=6176 logical_bytes=2593920
DETACHED_PARENT_ROW row=22 rows=18 logical_bytes=1368
DETACHED_PARENT_ROW row=23 rows=94956 logical_bytes=33044688
DETACHED_PARENT_ROW row=24 rows=782056 logical_bytes=81333824
DETACHED_PARENT_ROW row=25 rows=23160 logical_bytes=8708160
DETACHED_PARENT_ROW row=26 rows=5790 logical_bytes=972720
DETACHED_PARENT_ROW row=27 rows=1930 logical_bytes=216160
DETACHED_PARENT_ROW row=28 rows=2702 logical_bytes=237776
DETACHED_PARENT_ROW row=29 rows=141326 logical_bytes=16959120
DETACHED_PARENT_ROW row=30 rows=678113 logical_bytes=73236204
DETACHED_PARENT_ROW row=31 rows=36030 logical_bytes=4611840
DETACHED_PARENT_ROW row=32 rows=217792 logical_bytes=44429568
DETACHED_PARENT_ROW row=33 rows=49794 logical_bytes=9162096
DETACHED_PARENT_PREPARATION rows_bytes=339039024 providers=176468 graph_ns=2247938083 snapshot_pending=true
PARENT_MAIN_FINALIZE preflight_ns=359791 main_fill_ns=99498917 source_projection_ns=845061458 range_fill_ns=714125 closure_ns=183983417
METAL_FRAMEWORK_INTERACTION rows=8192 batches=2 gpu_ms=0.06100000609876588
METAL_FRAMEWORK_INTERACTION rows=4096 batches=3 gpu_ms=0.10500000644242391
METAL_FRAMEWORK_INTERACTION rows=4096 batches=7 gpu_ms=0.1246250030817464
METAL_FRAMEWORK_INTERACTION rows=256 batches=6 gpu_ms=0.10299999848939478
METAL_FRAMEWORK_INTERACTION rows=32768 batches=1 gpu_ms=0.05312499706633389
METAL_FRAMEWORK_INTERACTION rows=32768 batches=1 gpu_ms=0.05624999903375283
METAL_FRAMEWORK_INTERACTION rows=16 batches=1 gpu_ms=0.03887499769916758
METAL_FRAMEWORK_INTERACTION rows=16 batches=1 gpu_ms=0.03199999628122896
METAL_FRAMEWORK_INTERACTION rows=128 batches=9 gpu_ms=0.11841666855616495
METAL_FRAMEWORK_INTERACTION rows=128 batches=5 gpu_ms=0.07845833169994876
METAL_FRAMEWORK_INTERACTION rows=16 batches=3 gpu_ms=0.05037500523030758
METAL_FRAMEWORK_INTERACTION rows=65536 batches=3 gpu_ms=0.1786666689440608
METAL_FRAMEWORK_INTERACTION rows=16 batches=17 gpu_ms=0.23024999973131344
METAL_FRAMEWORK_INTERACTION rows=131072 batches=1 gpu_ms=0.1397500018356368
METAL_FRAMEWORK_INTERACTION rows=262144 batches=5 gpu_ms=0.8910833348636515
METAL_FRAMEWORK_INTERACTION rows=512 batches=17 gpu_ms=0.22558333148481324
METAL_FRAMEWORK_INTERACTION rows=8192 batches=1 gpu_ms=0.07695833483012393
METAL_FRAMEWORK_INTERACTION rows=32 batches=5 gpu_ms=0.07049999840091914
METAL_FRAMEWORK_INTERACTION rows=131072 batches=7 gpu_ms=1.084958334104158
METAL_FRAMEWORK_INTERACTION rows=1048576 batches=4 gpu_ms=2.351875002204906
METAL_FRAMEWORK_INTERACTION rows=32768 batches=7 gpu_ms=0.4445416707312688
METAL_FRAMEWORK_INTERACTION rows=8192 batches=3 gpu_ms=0.12862500443588942
METAL_FRAMEWORK_INTERACTION rows=2048 batches=3 gpu_ms=0.07912499859230593
METAL_FRAMEWORK_INTERACTION rows=4096 batches=2 gpu_ms=0.1005000012810342
METAL_FRAMEWORK_INTERACTION rows=262144 batches=5 gpu_ms=0.9419166672159918
METAL_FRAMEWORK_INTERACTION rows=1048576 batches=2 gpu_ms=1.967500000318978
METAL_FRAMEWORK_INTERACTION rows=65536 batches=1 gpu_ms=0.1237499964190647
METAL_FRAMEWORK_INTERACTION rows=262144 batches=2 gpu_ms=0.3850833309115842
METAL_FRAMEWORK_INTERACTION rows=65536 batches=2 gpu_ms=0.20808333647437394
PARENT_INTERACTION_FILL preflight_ns=830167 typed_ns=186331833 poseidon_ns=10571125 range_ns=2628500
DETACHED_PARENT_TYPED_DEVICE_INTERACTION components=29 dispatches=116
info: resident framework composition: components=30 groups=13 gpu_ms=8.585
info: resident RISC-V semantic composition: 4 components, 4 kernels, 6.973 ms GPU
info: resident RISC-V lookup composition: 1 components, 1 kernels, 0.438 ms GPU
DETACHED_PARENT_STAGE_PROFILE {"schema_version":1,"runtime":"device","example":"detached-recursive-parent","stages":[{"id":"parent.fixed","label":"Fixed columns and key admission","seconds":0.349868,"children":null},{"id":"parent.main_fill","label":"Main column allocation","seconds":0.023304,"children":null},{"id":"parent.main_finalize","label":"Main filling, range construction and exact lookup closure","seconds":1.132121,"children":null},{"id":"parent.main_commit","label":"Main commitment","seconds":0.471947,"children":null},{"id":"parent.interaction_fill","label":"Transcript and interaction columns","seconds":0.215242,"children":null},{"id":"parent.interaction_commit","label":"Interaction commitment","seconds":0.247356,"children":null},{"id":"parent.components","label":"Typed component assembly","seconds":0.004321,"children":null},{"id":"draw_random_coeff","label":"Draw random coefficient","seconds":0.000003,"children":null},{"id":"composition_trace_extract","label":"Composition trace extract","seconds":0.000012,"children":null},{"id":"composition_evaluation","label":"Composition evaluation","seconds":0.104254,"children":null},{"id":"composition_interpolate_and_split","label":"Composition interpolate and split","seconds":0.00202,"children":null},{"id":"composition_commit","label":"Composition commit","seconds":0.017699,"children":null},{"id":"oods_point_and_mask_points","label":"OODS point and mask points","seconds":0.000091,"children":null},{"id":"sampled_value_evaluation","label":"Sampled-value evaluation","seconds":0.025256,"children":null},{"id":"sampled_value_channel_mix","label":"Sampled-value channel mix","seconds":0.000679,"children":null},{"id":"fri_quotient_build_and_commit","label":"FRI quotient build + commit (lazy)","seconds":0.085188,"children":null},{"id":"proof_of_work","label":"Proof of work","seconds":0.004015,"children":null},{"id":"fri_decommit","label":"FRI decommit","seconds":0.002516,"children":null},{"id":"trace_decommit","label":"Trace decommit","seconds":0.006311,"children":null},{"id":"constraint_check_and_assembly","label":"Constraint check and assembly","seconds":0.000315,"children":null},{"id":"parent.serialize","label":"Canonical proof serialization","seconds":0.008217,"children":null}]}
DETACHED_PARENT_PCS_PHASE lane=1 selected_lane_only=true capture_ns=101391250 plans_ns=3228584 authority_ns=476621416 rows_ns=324624834
DETACHED_PARENT_CHILD_PHASE lane=1 prefix_ns=164042 transcript_ns=126375 pcs_ns=905905958 boundary_ns=7870292 composition_ns=7044708
DETACHED_PARENT_CHILD lane=1 preparation_ns=921134000
DETACHED_PARENT_PCS_PHASE lane=2 selected_lane_only=true capture_ns=100823458 plans_ns=3252417 authority_ns=475942958 rows_ns=319040125
DETACHED_PARENT_CHILD_PHASE lane=2 prefix_ns=140750 transcript_ns=67833 pcs_ns=899084959 boundary_ns=7875208 composition_ns=7100083
DETACHED_PARENT_CHILD lane=2 preparation_ns=1835427542
riscv_detached_arithmetic_fusion lane=501 dot4_rows=395 multiply_add_rows=8779
riscv_detached_arithmetic_fusion lane=511 dot4_rows=2616 multiply_add_rows=3495
riscv_detached_arithmetic_fusion lane=412 dot4_rows=105869 multiply_add_rows=32356
riscv_detached_arithmetic_fusion lane=402 dot4_rows=5790 multiply_add_rows=103659
riscv_detached_arithmetic_fusion lane=502 dot4_rows=395 multiply_add_rows=8779
riscv_detached_arithmetic_fusion lane=512 dot4_rows=2616 multiply_add_rows=3495
riscv_detached_arithmetic_fusion lane=413 dot4_rows=105869 multiply_add_rows=32356
riscv_detached_arithmetic_fusion lane=403 dot4_rows=5790 multiply_add_rows=103659
riscv_detached_arithmetic_fusion lane=521 dot4_rows=2592 multiply_add_rows=2612
DETACHED_PARENT_ROW row=0 rows=6378 logical_bytes=306144
DETACHED_PARENT_ROW row=1 rows=2768 logical_bytes=531456
DETACHED_PARENT_ROW row=2 rows=2768 logical_bytes=409664
DETACHED_PARENT_ROW row=3 rows=206 logical_bytes=29664
DETACHED_PARENT_ROW row=4 rows=20496 logical_bytes=1557696
DETACHED_PARENT_ROW row=5 rows=18892 logical_bytes=1586928
DETACHED_PARENT_ROW row=6 rows=4 logical_bytes=1088
DETACHED_PARENT_ROW row=7 rows=4 logical_bytes=240
DETACHED_PARENT_ROW row=8 rows=94 logical_bytes=9400
DETACHED_PARENT_ROW row=9 rows=66 logical_bytes=8448
DETACHED_PARENT_ROW row=10 rows=8 logical_bytes=736
DETACHED_PARENT_ROW row=11 rows=61669 logical_bytes=5673548
DETACHED_PARENT_ROW row=12 rows=0 logical_bytes=0
DETACHED_PARENT_ROW row=13 rows=80125 logical_bytes=3205000
DETACHED_PARENT_ROW row=14 rows=231932 logical_bytes=50097312
DETACHED_PARENT_ROW row=20 rows=386 logical_bytes=114256
DETACHED_PARENT_ROW row=21 rows=6176 logical_bytes=2593920
DETACHED_PARENT_ROW row=22 rows=18 logical_bytes=1368
DETACHED_PARENT_ROW row=23 rows=94956 logical_bytes=33044688
DETACHED_PARENT_ROW row=24 rows=782056 logical_bytes=81333824
DETACHED_PARENT_ROW row=25 rows=23160 logical_bytes=8708160
DETACHED_PARENT_ROW row=26 rows=5790 logical_bytes=972720
DETACHED_PARENT_ROW row=27 rows=1930 logical_bytes=216160
DETACHED_PARENT_ROW row=28 rows=2702 logical_bytes=237776
DETACHED_PARENT_ROW row=29 rows=141326 logical_bytes=16959120
DETACHED_PARENT_ROW row=30 rows=678113 logical_bytes=73236204
DETACHED_PARENT_ROW row=31 rows=36030 logical_bytes=4611840
DETACHED_PARENT_ROW row=32 rows=217792 logical_bytes=44429568
DETACHED_PARENT_ROW row=33 rows=49794 logical_bytes=9162096
DETACHED_PARENT_PREPARATION rows_bytes=339039024 providers=176468 graph_ns=2127200000 snapshot_pending=true
PARENT_MAIN_FINALIZE preflight_ns=495584 main_fill_ns=95336541 source_projection_ns=849383500 range_fill_ns=924792 closure_ns=186403125
METAL_FRAMEWORK_INTERACTION rows=8192 batches=2 gpu_ms=0.0347500026691705
METAL_FRAMEWORK_INTERACTION rows=4096 batches=3 gpu_ms=0.10412499977974221
METAL_FRAMEWORK_INTERACTION rows=4096 batches=7 gpu_ms=0.12295832857489586
METAL_FRAMEWORK_INTERACTION rows=256 batches=6 gpu_ms=0.10199999815085903
METAL_FRAMEWORK_INTERACTION rows=32768 batches=1 gpu_ms=0.051875002100132406
METAL_FRAMEWORK_INTERACTION rows=32768 batches=1 gpu_ms=0.05554166273213923
METAL_FRAMEWORK_INTERACTION rows=16 batches=1 gpu_ms=0.03983332862844691
METAL_FRAMEWORK_INTERACTION rows=16 batches=1 gpu_ms=0.03275000199209899
METAL_FRAMEWORK_INTERACTION rows=128 batches=9 gpu_ms=0.12137500016251579
METAL_FRAMEWORK_INTERACTION rows=128 batches=5 gpu_ms=0.08083333523245528
METAL_FRAMEWORK_INTERACTION rows=16 batches=3 gpu_ms=0.05112499638926238
METAL_FRAMEWORK_INTERACTION rows=65536 batches=3 gpu_ms=0.18674999591894448
METAL_FRAMEWORK_INTERACTION rows=16 batches=17 gpu_ms=0.23279167362488806
METAL_FRAMEWORK_INTERACTION rows=131072 batches=1 gpu_ms=0.14075000217417255
METAL_FRAMEWORK_INTERACTION rows=262144 batches=5 gpu_ms=0.9903333339025266
METAL_FRAMEWORK_INTERACTION rows=512 batches=17 gpu_ms=0.2249583340017125
METAL_FRAMEWORK_INTERACTION rows=8192 batches=1 gpu_ms=0.07704166637267917
METAL_FRAMEWORK_INTERACTION rows=32 batches=5 gpu_ms=0.06866666808491573
METAL_FRAMEWORK_INTERACTION rows=131072 batches=7 gpu_ms=1.3827500006300397
METAL_FRAMEWORK_INTERACTION rows=1048576 batches=4 gpu_ms=2.366750006331131
METAL_FRAMEWORK_INTERACTION rows=32768 batches=7 gpu_ms=0.6095416683820076
METAL_FRAMEWORK_INTERACTION rows=8192 batches=3 gpu_ms=0.17312500131083652
METAL_FRAMEWORK_INTERACTION rows=2048 batches=3 gpu_ms=0.0870000003487803
METAL_FRAMEWORK_INTERACTION rows=4096 batches=2 gpu_ms=0.10124999971594661
METAL_FRAMEWORK_INTERACTION rows=262144 batches=5 gpu_ms=0.6592499994440004
METAL_FRAMEWORK_INTERACTION rows=1048576 batches=2 gpu_ms=1.7852500022854656
METAL_FRAMEWORK_INTERACTION rows=65536 batches=1 gpu_ms=0.24466666218359023
METAL_FRAMEWORK_INTERACTION rows=262144 batches=2 gpu_ms=0.38662500446662307
METAL_FRAMEWORK_INTERACTION rows=65536 batches=2 gpu_ms=0.20258333097444847
PARENT_INTERACTION_FILL preflight_ns=825833 typed_ns=168847458 poseidon_ns=10107292 range_ns=2658542
DETACHED_PARENT_TYPED_DEVICE_INTERACTION components=29 dispatches=116
info: resident framework composition: components=30 groups=13 gpu_ms=8.417
info: resident RISC-V semantic composition: 4 components, 4 kernels, 7.101 ms GPU
info: resident RISC-V lookup composition: 1 components, 1 kernels, 0.411 ms GPU
DETACHED_PARENT_STAGE_PROFILE {"schema_version":1,"runtime":"device","example":"detached-recursive-parent","stages":[{"id":"parent.fixed","label":"Fixed columns and key admission","seconds":0.338506,"children":null},{"id":"parent.main_fill","label":"Main column allocation","seconds":0.023592,"children":null},{"id":"parent.main_finalize","label":"Main filling, range construction and exact lookup closure","seconds":1.135406,"children":null},{"id":"parent.main_commit","label":"Main commitment","seconds":0.48006,"children":null},{"id":"parent.interaction_fill","label":"Transcript and interaction columns","seconds":0.196304,"children":null},{"id":"parent.interaction_commit","label":"Interaction commitment","seconds":0.247382,"children":null},{"id":"parent.components","label":"Typed component assembly","seconds":0.004105,"children":null},{"id":"draw_random_coeff","label":"Draw random coefficient","seconds":0.000002,"children":null},{"id":"composition_trace_extract","label":"Composition trace extract","seconds":0.000007,"children":null},{"id":"composition_evaluation","label":"Composition evaluation","seconds":0.10661,"children":null},{"id":"composition_interpolate_and_split","label":"Composition interpolate and split","seconds":0.003141,"children":null},{"id":"composition_commit","label":"Composition commit","seconds":0.027304,"children":null},{"id":"oods_point_and_mask_points","label":"OODS point and mask points","seconds":0.000094,"children":null},{"id":"sampled_value_evaluation","label":"Sampled-value evaluation","seconds":0.025425,"children":null},{"id":"sampled_value_channel_mix","label":"Sampled-value channel mix","seconds":0.000684,"children":null},{"id":"fri_quotient_build_and_commit","label":"FRI quotient build + commit (lazy)","seconds":0.086642,"children":null},{"id":"proof_of_work","label":"Proof of work","seconds":0.003981,"children":null},{"id":"fri_decommit","label":"FRI decommit","seconds":0.0028,"children":null},{"id":"trace_decommit","label":"Trace decommit","seconds":0.006947,"children":null},{"id":"constraint_check_and_assembly","label":"Constraint check and assembly","seconds":0.000307,"children":null},{"id":"parent.serialize","label":"Canonical proof serialization","seconds":0.008215,"children":null}]}
DETACHED_PARENT_METAL dispatches=470 poseidon_commits=18 cpu_fallbacks=0 host_composition_components=0 pow_dispatches=4 runtime_released=true manifest_sha256=d3c68ca5dcfdb83c885c4bb81c6ba86cdc5501f1b8b4e19ba6f51fc3aa049899 profile=recursive_framework_v1 framework_dispatches=60
{"endpoint":"detached_parent_batch","reports":[{"endpoint":"segment_v2_detached_two_child_parent_candidate_q193","profile":"tiny-parent-root-v2","publication_mode":"root","proof_profile":"recursive_q193_v1","status":"unverified_candidate","verified":false,"development_only":true,"child_owners_destroyed":true,"producer_destroyed":true,"reused_admitted_parent_key":true,"child_key_sha256":[[214,60,24,215,93,161,32,69,64,54,137,18,21,60,2,66,153,247,215,93,214,71,196,191,90,67,15,158,29,129,78,111],[52,101,122,252,71,235,220,44,62,42,22,241,149,244,116,88,217,46,134,5,126,45,114,83,188,229,65,201,61,128,30,25]],"artifacts":{"key_sha256":[43,54,70,56,122,217,160,216,106,50,230,24,28,117,174,240,148,190,170,244,129,176,88,11,208,6,252,73,206,8,110,12],"claims_sha256":[49,178,150,212,209,141,148,238,219,93,40,66,239,70,211,225,229,134,73,248,37,59,245,119,205,108,37,34,142,53,78,179],"proof_sha256":[146,45,152,84,36,75,24,7,249,118,40,193,15,14,143,169,78,251,221,88,53,171,159,248,209,106,237,27,129,185,188,187],"proof_bytes":2297319},"candidate_root_words_sha256":[189,249,149,127,224,29,110,114,200,174,151,175,231,135,81,130,99,197,157,73,129,224,15,210,38,249,188,185,180,245,88,172],"circuit_identity":[71,179,224,242,26,78,39,100,147,248,87,173,160,231,54,27,230,179,68,85,24,188,217,151,168,142,210,196,246,195,105,67],"preparation_ns":2414054708,"key_preparation_ns":349870333,"proof_ns":2399449459,"request_ns":5333591584},{"endpoint":"segment_v2_detached_two_child_parent_candidate_q193","profile":"tiny-parent-root-v2","publication_mode":"root","proof_profile":"recursive_q193_v1","status":"unverified_candidate","verified":false,"development_only":true,"child_owners_destroyed":true,"producer_destroyed":true,"reused_admitted_parent_key":true,"child_key_sha256":[[214,60,24,215,93,161,32,69,64,54,137,18,21,60,2,66,153,247,215,93,214,71,196,191,90,67,15,158,29,129,78,111],[52,101,122,252,71,235,220,44,62,42,22,241,149,244,116,88,217,46,134,5,126,45,114,83,188,229,65,201,61,128,30,25]],"artifacts":{"key_sha256":[43,54,70,56,122,217,160,216,106,50,230,24,28,117,174,240,148,190,170,244,129,176,88,11,208,6,252,73,206,8,110,12],"claims_sha256":[49,178,150,212,209,141,148,238,219,93,40,66,239,70,211,225,229,134,73,248,37,59,245,119,205,108,37,34,142,53,78,179],"proof_sha256":[146,45,152,84,36,75,24,7,249,118,40,193,15,14,143,169,78,251,221,88,53,171,159,248,209,106,237,27,129,185,188,187],"proof_bytes":2297319},"candidate_root_words_sha256":[189,249,149,127,224,29,110,114,200,174,151,175,231,135,81,130,99,197,157,73,129,224,15,210,38,249,188,185,180,245,88,172],"circuit_identity":[71,179,224,242,26,78,39,100,147,248,87,173,160,231,54,27,230,179,68,85,24,188,217,151,168,142,210,196,246,195,105,67],"preparation_ns":2294058083,"key_preparation_ns":338501250,"proof_ns":2397981834,"request_ns":5201236208}],"plan_builds":1,"pcs_plan_builds":1,"pcs_plan_hits":3,"pcs_plan_retained_bytes":35197331,"requests":2,"retained_scratch_bytes":0,"elapsed_ns":10534831375}
       10.59 real         9.34 user         0.83 sys
          4427792384  maximum resident set size
                   0  average shared memory size
                   0  average unshared data size
                   0  average unshared stack size
             1163311  page reclaims
                   0  page faults
                   0  swaps
                   0  block input operations
                   0  block output operations
                   0  messages sent
                   0  messages received
                   0  signals received
                   0  voluntary context switches
                2533  involuntary context switches
        168656716830  instructions retired
         43905241833  cycles elapsed
          5551689976  peak memory footprint
