1/7 blake3_metal_qualification_test_root.test.Metal canonical four-leaf BLAKE3 aggregation tree...CANONICAL_PARENT_ALLOCATOR mode=smp
BLAKE3_NATIVE_QUERY_FUSION groups=7840 removed_scalars=31360
BLAKE3_NATIVE_FUSION dot4=15505 fma=56858 arithmetic_rows=160880
BLAKE3_NATIVE_QUERY_FUSION groups=7840 removed_scalars=31360
BLAKE3_NATIVE_FUSION dot4=15505 fma=56860 arithmetic_rows=160876
CANONICAL_TREE_LEAF_POOL workers=8
CANONICAL_TREE_PHASE phase=leaf_pair_proof_and_preparation ns=6382689500
METAL_FRAMEWORK_INTERACTION rows=4194304 batches=31 gpu_ms=126.40908334287815
METAL_FRAMEWORK_INTERACTION rows=2097152 batches=4 gpu_ms=4.483500000787899
METAL_FRAMEWORK_INTERACTION rows=2097152 batches=1 gpu_ms=2.987749991007149
METAL_FRAMEWORK_INTERACTION rows=1048576 batches=2 gpu_ms=1.9551250152289867
METAL_FRAMEWORK_INTERACTION rows=262144 batches=2 gpu_ms=0.27462499565444887
CANONICAL_TREE_PHASE phase=aggregate_proof_and_checks height=1 ns=6078342584
BLAKE3_TREE_NODE verified=true height=1 artifact_bytes=853044 queries=70 pow_bits=26
BLAKE3_NATIVE_QUERY_FUSION groups=7560 removed_scalars=30240
BLAKE3_NATIVE_FUSION dot4=14350 fma=56672 arithmetic_rows=159015
BLAKE3_NATIVE_QUERY_FUSION groups=8820 removed_scalars=35280
BLAKE3_NATIVE_FUSION dot4=18459 fma=58931 arithmetic_rows=168994
CANONICAL_TREE_LEAF_POOL workers=8
CANONICAL_TREE_PHASE phase=leaf_pair_proof_and_preparation ns=6745168916
METAL_FRAMEWORK_INTERACTION rows=4194304 batches=31 gpu_ms=127.48962501063943
METAL_FRAMEWORK_INTERACTION rows=2097152 batches=4 gpu_ms=4.417374992044643
METAL_FRAMEWORK_INTERACTION rows=2097152 batches=1 gpu_ms=2.9938750085420907
METAL_FRAMEWORK_INTERACTION rows=1048576 batches=2 gpu_ms=1.9536666804924607
METAL_FRAMEWORK_INTERACTION rows=262144 batches=2 gpu_ms=0.4776249988935888
CANONICAL_TREE_PHASE phase=aggregate_proof_and_checks height=1 ns=6115235166
BLAKE3_TREE_NODE verified=true height=1 artifact_bytes=850623 queries=70 pow_bits=26
BLAKE3_NATIVE_QUERY_FUSION groups=19390 removed_scalars=77560
BLAKE3_NATIVE_FUSION dot4=28252 fma=81675 arithmetic_rows=231209
BLAKE3_NATIVE_QUERY_FUSION groups=19390 removed_scalars=77560
BLAKE3_NATIVE_FUSION dot4=28180 fma=82179 arithmetic_rows=232056
CANONICAL_TREE_PHASE phase=root_preparation ns=7240099708
METAL_FRAMEWORK_INTERACTION rows=8388608 batches=31 gpu_ms=254.83470832114108
METAL_FRAMEWORK_INTERACTION rows=2097152 batches=4 gpu_ms=4.4100416416767985
METAL_FRAMEWORK_INTERACTION rows=2097152 batches=1 gpu_ms=3.0095000111032277
METAL_FRAMEWORK_INTERACTION rows=2097152 batches=2 gpu_ms=4.002666653832421
METAL_FRAMEWORK_INTERACTION rows=524288 batches=2 gpu_ms=0.5236249999143183
CANONICAL_TREE_PHASE phase=aggregate_proof_and_checks height=2 ns=13194219916
BLAKE3_TREE_NODE verified=true height=2 artifact_bytes=903838 queries=70 pow_bits=26
CANONICAL_TREE_BUDGET peak_bytes=29486122073 limit_bytes=51539607552
BLAKE3_TREE_PARAMETERS leaf_queries=70 leaf_pow_bits=26 parent_queries=70 parent_pow_bits=26 canonical=true
BLAKE3_TREE verified=true leaves=4 aggregate_levels=2 cycles=6 retained_root_rows=4940200960
OK
2/7 runner.mod.test_0...OK
3/7 runner.decode.test_0...OK
4/7 air.memory_commitment.poseidon2_air.test_0...OK
5/7 air.semantic_eval.test_0...OK
6/7 air.lookups.tables.source_ingest.test_0...OK
7/7 diagnostics.mod.test_0...OK
All 7 tests passed.
       46.72 real        79.50 user        11.34 sys
         42238328832  maximum resident set size
                   0  average shared memory size
                   0  average unshared data size
                   0  average unshared stack size
            11365863  page reclaims
                  15  page faults
                   0  swaps
                   0  block input operations
                   0  block output operations
                   0  messages sent
                   0  messages received
                   0  signals received
                  12  voluntary context switches
               41038  involuntary context switches
        936464529172  instructions retired
        383072909605  cycles elapsed
         44450931576  peak memory footprint
