1/7 blake3_metal_qualification_test_root.test.Metal canonical four-leaf BLAKE3 aggregation tree...CANONICAL_PARENT_ALLOCATOR mode=smp
BLAKE3_NATIVE_QUERY_FUSION groups=7840 removed_scalars=31360
BLAKE3_NATIVE_FUSION dot4=15505 fma=56858 arithmetic_rows=160880
BLAKE3_NATIVE_QUERY_FUSION groups=7840 removed_scalars=31360
BLAKE3_NATIVE_FUSION dot4=15505 fma=56860 arithmetic_rows=160876
CANONICAL_TREE_LEAF_POOL workers=8
CANONICAL_TREE_PHASE phase=leaf_pair_proof_and_preparation ns=6553008875
METAL_FRAMEWORK_INTERACTION rows=8388608 batches=31 gpu_ms=253.65549998241477
METAL_FRAMEWORK_INTERACTION rows=2097152 batches=4 gpu_ms=4.513833322562277
METAL_FRAMEWORK_INTERACTION rows=2097152 batches=1 gpu_ms=3.2237083360087126
METAL_FRAMEWORK_INTERACTION rows=1048576 batches=2 gpu_ms=1.953041646629572
METAL_FRAMEWORK_INTERACTION rows=524288 batches=2 gpu_ms=0.5250000103842467
CANONICAL_TREE_PHASE phase=aggregate_proof_and_checks height=1 ns=12580826750
BLAKE3_TREE_NODE verified=true height=1 artifact_bytes=909260 queries=70 pow_bits=26
BLAKE3_NATIVE_QUERY_FUSION groups=7560 removed_scalars=30240
BLAKE3_NATIVE_FUSION dot4=14350 fma=56672 arithmetic_rows=159015
BLAKE3_NATIVE_QUERY_FUSION groups=8820 removed_scalars=35280
BLAKE3_NATIVE_FUSION dot4=18459 fma=58931 arithmetic_rows=168994
CANONICAL_TREE_LEAF_POOL workers=8
CANONICAL_TREE_PHASE phase=leaf_pair_proof_and_preparation ns=6827450792
METAL_FRAMEWORK_INTERACTION rows=8388608 batches=31 gpu_ms=252.34462501248345
METAL_FRAMEWORK_INTERACTION rows=2097152 batches=4 gpu_ms=4.508458339842036
METAL_FRAMEWORK_INTERACTION rows=2097152 batches=1 gpu_ms=2.9897499771323055
METAL_FRAMEWORK_INTERACTION rows=1048576 batches=2 gpu_ms=1.9369999936316162
METAL_FRAMEWORK_INTERACTION rows=524288 batches=2 gpu_ms=0.543624977581203
CANONICAL_TREE_PHASE phase=aggregate_proof_and_checks height=1 ns=12898017709
BLAKE3_TREE_NODE verified=true height=1 artifact_bytes=909096 queries=70 pow_bits=26
BLAKE3_NATIVE_QUERY_FUSION groups=19390 removed_scalars=77560
BLAKE3_NATIVE_FUSION dot4=28602 fma=87565 arithmetic_rows=243970
BLAKE3_NATIVE_QUERY_FUSION groups=19390 removed_scalars=77560
BLAKE3_NATIVE_FUSION dot4=28530 fma=88069 arithmetic_rows=244817
CANONICAL_TREE_PHASE phase=root_preparation ns=8116285125
METAL_FRAMEWORK_INTERACTION rows=8388608 batches=31 gpu_ms=255.44945831643417
METAL_FRAMEWORK_INTERACTION rows=2097152 batches=4 gpu_ms=4.515458334935829
METAL_FRAMEWORK_INTERACTION rows=2097152 batches=1 gpu_ms=2.9988749884068966
METAL_FRAMEWORK_INTERACTION rows=2097152 batches=2 gpu_ms=3.9922499854583293
METAL_FRAMEWORK_INTERACTION rows=524288 batches=2 gpu_ms=0.5356250039767474
CANONICAL_TREE_PHASE phase=aggregate_proof_and_checks height=2 ns=13641524875
BLAKE3_TREE_NODE verified=true height=2 artifact_bytes=909371 queries=70 pow_bits=26
CANONICAL_TREE_BUDGET peak_bytes=29832517385 limit_bytes=51539607552
BLAKE3_TREE_PARAMETERS leaf_queries=70 leaf_pow_bits=26 parent_queries=70 parent_pow_bits=26 canonical=true
BLAKE3_TREE verified=true leaves=4 aggregate_levels=2 cycles=6 retained_root_rows=5038525504
OK
2/7 runner.mod.test_0...OK
3/7 runner.decode.test_0...OK
4/7 air.memory_commitment.poseidon2_air.test_0...OK
5/7 air.semantic_eval.test_0...OK
6/7 air.lookups.tables.source_ingest.test_0...OK
7/7 diagnostics.mod.test_0...OK
All 7 tests passed.
       60.99 real        91.84 user        15.00 sys
         42471096320  maximum resident set size
                   0  average shared memory size
                   0  average unshared data size
                   0  average unshared stack size
            15848202  page reclaims
                 577  page faults
                   0  swaps
                   0  block input operations
                   0  block output operations
                   0  messages sent
                   0  messages received
                   0  signals received
                  14  voluntary context switches
               58859  involuntary context switches
       1145497183309  instructions retired
        459669801400  cycles elapsed
         44783526944  peak memory footprint
