[zig_serial_build] another build holds /tmp/stwo-zig-build.lock; waiting
[zig_serial_build] acquired after 65s
test-ethereum-complete-proof
+- Ethereum complete proof lifecycle guard
   +- run test 2/3 passed, 1 failed
error: 'recursive_common_ethereum_incremental_leaf_universal_proof_v4_genuine_test.test.role0 saved Stage101 pair replays recursive wrapper' failed: ETHEREUM_BASE_BOUND_PROGRAM sha256=ecfd324f8088f9c985210b728d91851fb1144254f0bb6d52aa3d7ed0e3625f55 bytes=1048 path=/Users/theodorepender/Coding/stark-proving-engineering/stwo-zig/.git/local-ethereum/base-bound-v3/program.elf
ETHEREUM_ROLE0_SAVED_WRAPPER_REPLAY excludes_stage101_proving=true
ETHEREUM_INCREMENTAL_ROLE0_PHASE phase=cold_open source=darwin_proc_pid_rusage_v6 wall_ns=46995162917 process_cpu_ns=49544060334 parallelism_milli=1054 peak_footprint_bytes=289932128 energy_nj=230059147923 instructions=1100999736360 cycles=196577562902 workers=1 host_byte_budget=8589934592
ETHEREUM_INCREMENTAL_ROLE0_PHASE phase=campaign source=darwin_proc_pid_rusage_v6 wall_ns=1265576958 process_cpu_ns=1265422417 parallelism_milli=999 peak_footprint_bytes=289932128 energy_nj=6383001566 instructions=27905423425 cycles=5028056089 workers=1 host_byte_budget=8589934592
ETHEREUM_INCREMENTAL_ROLE0_PHASE phase=materialize source=darwin_proc_pid_rusage_v6 wall_ns=5153739917 process_cpu_ns=5153355042 parallelism_milli=999 peak_footprint_bytes=1958496584 energy_nj=25538712295 instructions=86663742714 cycles=20471628075 workers=1 host_byte_budget=8589934592
ETHEREUM_INCREMENTAL_ROLE0_MATERIALIZE input_ns=39337167 public_ns=295635833 transcript_ns=137507667 profile_ns=44208 program_ns=71065833 prepare_ns=67473125 fri_ns=3807387292 seal_ns=39812417 total_ns=4458266417 nodes=540192 node_bytes=10803840 output_bytes=176 binding_bytes=2468976 schedule_bytes=8051316 evaluation_bytes=8643072 input_bytes=617244 claim_bytes=27296 schedule_compiles=1 graph_copies=0 workers=1
ETHEREUM_INCREMENTAL_ROLE0_ALLOCATOR phase=materialized-live allocations=74 bytes=856174946 peak=1893502489 allocated=3177384412 freed=2321209466 untracked=0
ETHEREUM_COHORT_RESOURCES phase=begin wall_ns=0 source=darwin_proc_pid_rusage_v6 lifetime_peak_footprint_bytes=17836865144 ledger_present=false ledger_len=0 ledger_capacity=0 tuple_record_bytes=136 ledger_used_bytes=0 ledger_capacity_bytes=0 ledger_bytes_overflow=false sampling_unavailable=none
ETHEREUM_COHORT_RESOURCES phase=geometry-ready wall_ns=5248224292 source=darwin_proc_pid_rusage_v6 lifetime_peak_footprint_bytes=17836865144 ledger_present=false ledger_len=0 ledger_capacity=0 tuple_record_bytes=136 ledger_used_bytes=0 ledger_capacity_bytes=0 ledger_bytes_overflow=false sampling_unavailable=none
ETHEREUM_COHORT_RESOURCES phase=prefix-components wall_ns=1154725250 source=darwin_proc_pid_rusage_v6 lifetime_peak_footprint_bytes=17836865144 ledger_present=false ledger_len=0 ledger_capacity=0 tuple_record_bytes=136 ledger_used_bytes=0 ledger_capacity_bytes=0 ledger_bytes_overflow=false sampling_unavailable=none
ETHEREUM_COHORT_RESOURCES phase=prefix-rows wall_ns=2017853542 source=darwin_proc_pid_rusage_v6 lifetime_peak_footprint_bytes=17836865144 ledger_present=false ledger_len=0 ledger_capacity=0 tuple_record_bytes=136 ledger_used_bytes=0 ledger_capacity_bytes=0 ledger_bytes_overflow=false sampling_unavailable=none
ETHEREUM_COHORT_RESOURCES phase=suffix-rows wall_ns=2644594666 source=darwin_proc_pid_rusage_v6 lifetime_peak_footprint_bytes=17836865144 ledger_present=false ledger_len=0 ledger_capacity=0 tuple_record_bytes=136 ledger_used_bytes=0 ledger_capacity_bytes=0 ledger_bytes_overflow=false sampling_unavailable=none
ETHEREUM_COHORT_RESOURCES phase=provider-main wall_ns=1904543250 source=darwin_proc_pid_rusage_v6 lifetime_peak_footprint_bytes=17836865144 ledger_present=false ledger_len=0 ledger_capacity=0 tuple_record_bytes=136 ledger_used_bytes=0 ledger_capacity_bytes=0 ledger_bytes_overflow=false sampling_unavailable=none
ETHEREUM_COHORT_RESOURCES phase=ledger-begin wall_ns=166667 source=darwin_proc_pid_rusage_v6 lifetime_peak_footprint_bytes=17836865144 ledger_present=true ledger_len=0 ledger_capacity=0 tuple_record_bytes=136 ledger_used_bytes=0 ledger_capacity_bytes=0 ledger_bytes_overflow=false sampling_unavailable=none
ETHEREUM_TUPLE_RESERVATION phase=before prefix_bound=3811136 suffix_bound=452820 native_bound=142942382 range_bound=65536 contribution_bound=147272324 bytes=20029036064
ETHEREUM_COHORT_RESOURCES phase=ledger-reserved wall_ns=371417 source=darwin_proc_pid_rusage_v6 lifetime_peak_footprint_bytes=17836865144 ledger_present=true ledger_len=0 ledger_capacity=147272324 tuple_record_bytes=136 ledger_used_bytes=0 ledger_capacity_bytes=20029036064 ledger_bytes_overflow=false sampling_unavailable=none
ETHEREUM_COHORT_RESOURCES phase=ledger-prefix wall_ns=1613774958 source=darwin_proc_pid_rusage_v6 lifetime_peak_footprint_bytes=17836865144 ledger_present=true ledger_len=944216 ledger_capacity=147272324 tuple_record_bytes=136 ledger_used_bytes=128413376 ledger_capacity_bytes=20029036064 ledger_bytes_overflow=false sampling_unavailable=none
ETHEREUM_COHORT_RESOURCES phase=ledger-suffix wall_ns=47341083 source=darwin_proc_pid_rusage_v6 lifetime_peak_footprint_bytes=17836865144 ledger_present=true ledger_len=1083160 ledger_capacity=147272324 tuple_record_bytes=136 ledger_used_bytes=147309760 ledger_capacity_bytes=20029036064 ledger_bytes_overflow=false sampling_unavailable=none
ETHEREUM_COHORT_RESOURCES phase=ledger-native wall_ns=17449707584 source=darwin_proc_pid_rusage_v6 lifetime_peak_footprint_bytes=27332481424 ledger_present=true ledger_len=68788337 ledger_capacity=147272324 tuple_record_bytes=136 ledger_used_bytes=9355213832 ledger_capacity_bytes=20029036064 ledger_bytes_overflow=false sampling_unavailable=none
ETHEREUM_COHORT_RESOURCES phase=range-provider wall_ns=1641464833 source=darwin_proc_pid_rusage_v6 lifetime_peak_footprint_bytes=27332481424 ledger_present=true ledger_len=68788787 ledger_capacity=147272324 tuple_record_bytes=136 ledger_used_bytes=9355275032 ledger_capacity_bytes=20029036064 ledger_bytes_overflow=false sampling_unavailable=none
ETHEREUM_COHORT_RESOURCES phase=ledger-range wall_ns=3167958 source=darwin_proc_pid_rusage_v6 lifetime_peak_footprint_bytes=27332481424 ledger_present=true ledger_len=68788872 ledger_capacity=147272324 tuple_record_bytes=136 ledger_used_bytes=9355286592 ledger_capacity_bytes=20029036064 ledger_bytes_overflow=false sampling_unavailable=none
ETHEREUM_TUPLE_RESERVATION phase=after contribution_bound=147272324 actual=68788872 unused=78483452 unused_bytes=10673749472 capacity=147272324
ETHEREUM_COHORT_RESOURCES phase=ledger-classified wall_ns=27354345584 source=darwin_proc_pid_rusage_v6 lifetime_peak_footprint_bytes=27332481424 ledger_present=true ledger_len=68788872 ledger_capacity=147272324 tuple_record_bytes=136 ledger_used_bytes=9355286592 ledger_capacity_bytes=20029036064 ledger_bytes_overflow=false sampling_unavailable=none
ETHEREUM_COHORT_RESOURCES phase=ledger-released wall_ns=2505670083 source=darwin_proc_pid_rusage_v6 lifetime_peak_footprint_bytes=27332481424 ledger_present=false ledger_len=0 ledger_capacity=0 tuple_record_bytes=136 ledger_used_bytes=0 ledger_capacity_bytes=0 ledger_bytes_overflow=false sampling_unavailable=none
ETHEREUM_WRAPPER_MEMORY_PLAN tree=0 columns=616 source_bytes=4555143680 pcs_minimum_resident_bytes=9110287360 blowup_log=1 coefficient_retention=never
ETHEREUM_WRAPPER_MEMORY_PLAN tree=1 columns=1054 source_bytes=3977408832 pcs_minimum_resident_bytes=7954817664 blowup_log=1 coefficient_retention=never
ETHEREUM_WRAPPER_MEMORY_PLAN tree=2 columns=608 source_bytes=2376100864 pcs_minimum_resident_bytes=4752201728 blowup_log=1 coefficient_retention=never
ETHEREUM_WRAPPER_MEMORY_PLAN total_pcs_minimum_resident_bytes=21817306752 excludes_merkle_witness_composition=true
ETHEREUM_WRAPPER_RESOURCES phase=preprocessed wall_ns=62734179667 lifetime_peak_footprint_bytes=28148388912 source=darwin_proc_pid_rusage_v6
ETHEREUM_WRAPPER_RESOURCES phase=main wall_ns=92607502083 lifetime_peak_footprint_bytes=37720158072 source=darwin_proc_pid_rusage_v6
ETHEREUM_WRAPPER_RESOURCES phase=interaction wall_ns=109810658167 lifetime_peak_footprint_bytes=45273613528 source=darwin_proc_pid_rusage_v6
ETHEREUM_WRAPPER_RESOURCES phase=stark wall_ns=433091515875 lifetime_peak_footprint_bytes=52615273088 source=darwin_proc_pid_rusage_v6
ETHEREUM_COHORT_RESOURCES phase=begin wall_ns=0 source=darwin_proc_pid_rusage_v6 lifetime_peak_footprint_bytes=52615273088 ledger_present=false ledger_len=0 ledger_capacity=0 tuple_record_bytes=136 ledger_used_bytes=0 ledger_capacity_bytes=0 ledger_bytes_overflow=false sampling_unavailable=none
ETHEREUM_COHORT_RESOURCES phase=geometry-ready wall_ns=5254982250 source=darwin_proc_pid_rusage_v6 lifetime_peak_footprint_bytes=52615273088 ledger_present=false ledger_len=0 ledger_capacity=0 tuple_record_bytes=136 ledger_used_bytes=0 ledger_capacity_bytes=0 ledger_bytes_overflow=false sampling_unavailable=none
ETHEREUM_COHORT_RESOURCES phase=prefix-components wall_ns=1162503417 source=darwin_proc_pid_rusage_v6 lifetime_peak_footprint_bytes=52615273088 ledger_present=false ledger_len=0 ledger_capacity=0 tuple_record_bytes=136 ledger_used_bytes=0 ledger_capacity_bytes=0 ledger_bytes_overflow=false sampling_unavailable=none
ETHEREUM_COHORT_RESOURCES phase=prefix-rows wall_ns=2003008916 source=darwin_proc_pid_rusage_v6 lifetime_peak_footprint_bytes=52615273088 ledger_present=false ledger_len=0 ledger_capacity=0 tuple_record_bytes=136 ledger_used_bytes=0 ledger_capacity_bytes=0 ledger_bytes_overflow=false sampling_unavailable=none
ETHEREUM_COHORT_RESOURCES phase=suffix-rows wall_ns=2649249584 source=darwin_proc_pid_rusage_v6 lifetime_peak_footprint_bytes=52615273088 ledger_present=false ledger_len=0 ledger_capacity=0 tuple_record_bytes=136 ledger_used_bytes=0 ledger_capacity_bytes=0 ledger_bytes_overflow=false sampling_unavailable=none
ETHEREUM_COHORT_RESOURCES phase=provider-main wall_ns=1897938541 source=darwin_proc_pid_rusage_v6 lifetime_peak_footprint_bytes=52615273088 ledger_present=false ledger_len=0 ledger_capacity=0 tuple_record_bytes=136 ledger_used_bytes=0 ledger_capacity_bytes=0 ledger_bytes_overflow=false sampling_unavailable=none
ETHEREUM_COHORT_RESOURCES phase=ledger-begin wall_ns=155167 source=darwin_proc_pid_rusage_v6 lifetime_peak_footprint_bytes=52615273088 ledger_present=true ledger_len=0 ledger_capacity=0 tuple_record_bytes=136 ledger_used_bytes=0 ledger_capacity_bytes=0 ledger_bytes_overflow=false sampling_unavailable=none
ETHEREUM_TUPLE_RESERVATION phase=before prefix_bound=3811136 suffix_bound=452820 native_bound=142942382 range_bound=65536 contribution_bound=147272324 bytes=20029036064
ETHEREUM_COHORT_RESOURCES phase=ledger-reserved wall_ns=420500 source=darwin_proc_pid_rusage_v6 lifetime_peak_footprint_bytes=52615273088 ledger_present=true ledger_len=0 ledger_capacity=147272324 tuple_record_bytes=136 ledger_used_bytes=0 ledger_capacity_bytes=20029036064 ledger_bytes_overflow=false sampling_unavailable=none
ETHEREUM_COHORT_RESOURCES phase=ledger-prefix wall_ns=1618091875 source=darwin_proc_pid_rusage_v6 lifetime_peak_footprint_bytes=52615273088 ledger_present=true ledger_len=944216 ledger_capacity=147272324 tuple_record_bytes=136 ledger_used_bytes=128413376 ledger_capacity_bytes=20029036064 ledger_bytes_overflow=false sampling_unavailable=none
ETHEREUM_COHORT_RESOURCES phase=ledger-suffix wall_ns=47058958 source=darwin_proc_pid_rusage_v6 lifetime_peak_footprint_bytes=52615273088 ledger_present=true ledger_len=1083160 ledger_capacity=147272324 tuple_record_bytes=136 ledger_used_bytes=147309760 ledger_capacity_bytes=20029036064 ledger_bytes_overflow=false sampling_unavailable=none
ETHEREUM_COHORT_RESOURCES phase=ledger-native wall_ns=17389104209 source=darwin_proc_pid_rusage_v6 lifetime_peak_footprint_bytes=52615273088 ledger_present=true ledger_len=68788337 ledger_capacity=147272324 tuple_record_bytes=136 ledger_used_bytes=9355213832 ledger_capacity_bytes=20029036064 ledger_bytes_overflow=false sampling_unavailable=none
ETHEREUM_COHORT_RESOURCES phase=range-provider wall_ns=1170989916 source=darwin_proc_pid_rusage_v6 lifetime_peak_footprint_bytes=52615273088 ledger_present=true ledger_len=68788787 ledger_capacity=147272324 tuple_record_bytes=136 ledger_used_bytes=9355275032 ledger_capacity_bytes=20029036064 ledger_bytes_overflow=false sampling_unavailable=none
ETHEREUM_COHORT_RESOURCES phase=ledger-range wall_ns=3006959 source=darwin_proc_pid_rusage_v6 lifetime_peak_footprint_bytes=52615273088 ledger_present=true ledger_len=68788872 ledger_capacity=147272324 tuple_record_bytes=136 ledger_used_bytes=9355286592 ledger_capacity_bytes=20029036064 ledger_bytes_overflow=false sampling_unavailable=none
ETHEREUM_TUPLE_RESERVATION phase=after contribution_bound=147272324 actual=68788872 unused=78483452 unused_bytes=10673749472 capacity=147272324
ETHEREUM_COHORT_RESOURCES phase=ledger-classified wall_ns=26989918208 source=darwin_proc_pid_rusage_v6 lifetime_peak_footprint_bytes=52615273088 ledger_present=true ledger_len=68788872 ledger_capacity=147272324 tuple_record_bytes=136 ledger_used_bytes=9355286592 ledger_capacity_bytes=20029036064 ledger_bytes_overflow=false sampling_unavailable=none
ETHEREUM_COHORT_RESOURCES phase=ledger-released wall_ns=2455791875 source=darwin_proc_pid_rusage_v6 lifetime_peak_footprint_bytes=52615273088 ledger_present=false ledger_len=0 ledger_capacity=0 tuple_record_bytes=136 ledger_used_bytes=0 ledger_capacity_bytes=0 ledger_bytes_overflow=false sampling_unavailable=none
ETHEREUM_INCREMENTAL_ROLE0_Q193_STAGE=role0.cold-open error=InvalidEthereumIncrementalColdGeometryV4
ETHEREUM_INCREMENTAL_ROLE0_REQUEST outcome=failed
ETHEREUM_INCREMENTAL_ROLE0_PHASE phase=total source=darwin_proc_pid_rusage_v6 wall_ns=1348869591958 process_cpu_ns=2737509518875 parallelism_milli=2029 peak_footprint_bytes=52615273088 energy_nj=10750926850668 instructions=47146911599124 cycles=10105707360039 workers=1 host_byte_budget=8589934592
ETHEREUM_ROLE0_SAVED_WRAPPER_STAGE=role0_prove error=InvalidEthereumIncrementalColdGeometryV4
error: while executing test 'recursive_common_ethereum_incremental_leaf_universal_proof_v4_genuine_test.test.role0 saved Stage101 pair replays recursive wrapper', the following test command failed:
./.zig-cache/o/a5db66cb0c003379b94cd6b966e03ac0/test --cache-dir=./.zig-cache --seed=0x29d3a6bf --listen=-

Build Summary: 1/4 steps succeeded; 1 failed; 2/3 tests passed; 1 failed
test-ethereum-complete-proof transitive failure
+- Ethereum complete proof lifecycle guard transitive failure
   +- run test 2/3 passed, 1 failed
      +- compile test ReleaseSafe native cached 53ms MaxRSS:35M

error: the following build command failed with exit code 1:
.zig-cache/o/8dbdb0a5575041ad4a937bec2f05f9d9/build /opt/homebrew/Cellar/zig/0.15.2/bin/zig /opt/homebrew/Cellar/zig/0.15.2/lib/zig /Users/theodorepender/Coding/stark-proving-engineering/stwo-zig/src/integrations/riscv_cpu .zig-cache /Users/theodorepender/.cache/zig --seed 0x29d3a6bf -Zfb3a2bd16e21a53c --maxrss 25769803776 -j1 test-ethereum-complete-proof -Doptimize=ReleaseSafe -Dethereum-proof-strip=true --summary all
