1/7 blake3_metal_qualification_test_root.test.Metal canonical four-leaf BLAKE3 aggregation tree...BLAKE3_NATIVE_HASH_DEVICE covered=8/8
CANONICAL_PARENT_ALLOCATOR mode=smp
BLAKE3_NATIVE_QUERY_FUSION groups=7280 removed_scalars=29120
BLAKE3_NATIVE_FUSION dot4=14929 fma=56644 arithmetic_rows=159724
BLAKE3_NATIVE_QUERY_FUSION groups=7280 removed_scalars=29120
BLAKE3_NATIVE_FUSION dot4=14929 fma=56646 arithmetic_rows=159720
CANONICAL_TREE_LEAF_POOL workers=8
CANONICAL_TREE_PHASE phase=leaf_pair_proof_and_preparation ns=4663642541
METAL_FRAMEWORK_INTERACTION rows=4194304 batches=28 gpu_ms=122.66220833407715
METAL_FRAMEWORK_INTERACTION rows=2097152 batches=4 gpu_ms=11.872625007526949
METAL_FRAMEWORK_INTERACTION rows=2097152 batches=1 gpu_ms=8.2388749870006
METAL_FRAMEWORK_INTERACTION rows=1048576 batches=2 gpu_ms=6.356916652293876
METAL_FRAMEWORK_INTERACTION rows=262144 batches=2 gpu_ms=0.5938333342783153
CANONICAL_TREE_PHASE phase=aggregate_proof_and_checks height=1 ns=8575135541
BLAKE3_TREE_NODE verified=true height=1 artifact_bytes=845993 queries=70 pow_bits=26
BLAKE3_NATIVE_QUERY_FUSION groups=7420 removed_scalars=29680
BLAKE3_NATIVE_FUSION dot4=13774 fma=56458 arithmetic_rows=157859
BLAKE3_NATIVE_QUERY_FUSION groups=8260 removed_scalars=33040
BLAKE3_NATIVE_FUSION dot4=17883 fma=58717 arithmetic_rows=167838
CANONICAL_TREE_LEAF_POOL workers=8
CANONICAL_TREE_PHASE phase=leaf_pair_proof_and_preparation ns=5190853792
METAL_FRAMEWORK_INTERACTION rows=4194304 batches=28 gpu_ms=118.93825000151992
METAL_FRAMEWORK_INTERACTION rows=2097152 batches=4 gpu_ms=13.029875000938773
METAL_FRAMEWORK_INTERACTION rows=2097152 batches=1 gpu_ms=3.5986666625831276
METAL_FRAMEWORK_INTERACTION rows=1048576 batches=2 gpu_ms=6.390499998815358
METAL_FRAMEWORK_INTERACTION rows=262144 batches=2 gpu_ms=0.9333333582617342
CANONICAL_TREE_PHASE phase=aggregate_proof_and_checks height=1 ns=8754580958
BLAKE3_TREE_NODE verified=true height=1 artifact_bytes=849496 queries=70 pow_bits=26
BLAKE3_NATIVE_QUERY_FUSION groups=17570 removed_scalars=70280
BLAKE3_NATIVE_QUERY_FUSION groups=17570 removed_scalars=70280
BLAKE3_NATIVE_FUSION dot4=27604 fma=81749 arithmetic_rows=230269
BLAKE3_NATIVE_FUSION dot4=27604 fma=81749 arithmetic_rows=230269
CANONICAL_TREE_CHILD_PREPARATION workers=2 reused_after_failure=true
CANONICAL_TREE_PHASE phase=root_preparation ns=3878820750
METAL_FRAMEWORK_INTERACTION rows=8388608 batches=28 gpu_ms=243.1593750079628
METAL_FRAMEWORK_INTERACTION rows=2097152 batches=4 gpu_ms=11.81537500815466
METAL_FRAMEWORK_INTERACTION rows=2097152 batches=1 gpu_ms=3.1361250148620456
METAL_FRAMEWORK_INTERACTION rows=2097152 batches=2 gpu_ms=10.269374994095415
METAL_FRAMEWORK_INTERACTION rows=524288 batches=2 gpu_ms=0.590000010561198
CANONICAL_TREE_PHASE phase=aggregate_proof_and_checks height=2 ns=16184598791
BLAKE3_TREE_NODE verified=true height=2 artifact_bytes=889364 queries=70 pow_bits=26
CANONICAL_TREE_BUDGET peak_bytes=26459992736 limit_bytes=51539607552
BLAKE3_TREE_PARAMETERS leaf_queries=70 leaf_pow_bits=26 parent_queries=70 parent_pow_bits=26 canonical=true
BLAKE3_TREE verified=true leaves=4 aggregate_levels=2 cycles=6 retained_root_rows=4199425192
OK
2/7 runner.mod.test_0...OK
3/7 runner.decode.test_0...OK
4/7 air.memory_commitment.poseidon2_air.test_0...OK
5/7 air.semantic_eval.test_0...OK
6/7 air.lookups.tables.source_ingest.test_0...OK
7/7 diagnostics.mod.test_0...OK
All 7 tests passed.
       47.71 real        87.43 user        15.33 sys
         36938055680  maximum resident set size
                   0  average shared memory size
                   0  average unshared data size
                   0  average unshared stack size
             9661919  page reclaims
                1345  page faults
                   0  swaps
                   0  block input operations
                   0  block output operations
                   0  messages sent
                   0  messages received
                   0  signals received
                  52  voluntary context switches
               53855  involuntary context switches
        823717005884  instructions retired
        305573474571  cycles elapsed
         38719487752  peak memory footprint
