1/7 blake3_metal_qualification_test_root.test.Metal canonical four-leaf BLAKE3 aggregation tree...BLAKE3_NATIVE_HASH_DEVICE covered=8/8
CANONICAL_PARENT_ALLOCATOR mode=smp
BLAKE3_NATIVE_QUERY_FUSION groups=7280 removed_scalars=29120
BLAKE3_NATIVE_FUSION dot4=14929 fma=56644 arithmetic_rows=159724
BLAKE3_NATIVE_QUERY_FUSION groups=7280 removed_scalars=29120
BLAKE3_NATIVE_FUSION dot4=14929 fma=56646 arithmetic_rows=159720
CANONICAL_TREE_LEAF_POOL workers=8
CANONICAL_TREE_PHASE phase=leaf_pair_proof_and_preparation ns=7039566042
METAL_FRAMEWORK_INTERACTION rows=4194304 batches=28 gpu_ms=120.76929165050387
METAL_FRAMEWORK_INTERACTION rows=2097152 batches=4 gpu_ms=5.016125011024997
METAL_FRAMEWORK_INTERACTION rows=2097152 batches=1 gpu_ms=3.2469583384227008
METAL_FRAMEWORK_INTERACTION rows=1048576 batches=2 gpu_ms=2.232124999864027
METAL_FRAMEWORK_INTERACTION rows=262144 batches=2 gpu_ms=0.36162498872727156
CANONICAL_TREE_PHASE phase=aggregate_proof_and_checks height=1 ns=9037540458
BLAKE3_TREE_NODE verified=true height=1 artifact_bytes=845993 queries=70 pow_bits=26
BLAKE3_NATIVE_QUERY_FUSION groups=7420 removed_scalars=29680
BLAKE3_NATIVE_FUSION dot4=13774 fma=56458 arithmetic_rows=157859
BLAKE3_NATIVE_QUERY_FUSION groups=8260 removed_scalars=33040
BLAKE3_NATIVE_FUSION dot4=17883 fma=58717 arithmetic_rows=167838
CANONICAL_TREE_LEAF_POOL workers=8
CANONICAL_TREE_PHASE phase=leaf_pair_proof_and_preparation ns=7287521000
METAL_FRAMEWORK_INTERACTION rows=4194304 batches=28 gpu_ms=123.25545834028162
METAL_FRAMEWORK_INTERACTION rows=2097152 batches=4 gpu_ms=4.955749987857416
METAL_FRAMEWORK_INTERACTION rows=2097152 batches=1 gpu_ms=3.2917083299253136
METAL_FRAMEWORK_INTERACTION rows=1048576 batches=2 gpu_ms=2.3683750187046826
METAL_FRAMEWORK_INTERACTION rows=262144 batches=2 gpu_ms=0.3248749999329448
CANONICAL_TREE_PHASE phase=aggregate_proof_and_checks height=1 ns=9285632750
BLAKE3_TREE_NODE verified=true height=1 artifact_bytes=849496 queries=70 pow_bits=26
BLAKE3_NATIVE_QUERY_FUSION groups=17570 removed_scalars=70280
BLAKE3_NATIVE_QUERY_FUSION groups=17570 removed_scalars=70280
BLAKE3_NATIVE_FUSION dot4=27604 fma=81749 arithmetic_rows=230269
BLAKE3_NATIVE_FUSION dot4=27604 fma=81749 arithmetic_rows=230269
CANONICAL_TREE_CHILD_PREPARATION workers=2 reused_after_failure=true
CANONICAL_TREE_PHASE phase=root_preparation ns=4250422459
METAL_FRAMEWORK_INTERACTION rows=8388608 batches=28 gpu_ms=235.49374999129213
METAL_FRAMEWORK_INTERACTION rows=2097152 batches=4 gpu_ms=4.510625003604218
METAL_FRAMEWORK_INTERACTION rows=2097152 batches=1 gpu_ms=3.05520833353512
METAL_FRAMEWORK_INTERACTION rows=2097152 batches=2 gpu_ms=4.146624996792525
METAL_FRAMEWORK_INTERACTION rows=524288 batches=2 gpu_ms=0.5324166850186884
CANONICAL_TREE_PHASE phase=aggregate_proof_and_checks height=2 ns=17139517875
BLAKE3_TREE_NODE verified=true height=2 artifact_bytes=889364 queries=70 pow_bits=26
CANONICAL_TREE_BUDGET peak_bytes=26459992736 limit_bytes=51539607552
BLAKE3_TREE_PARAMETERS leaf_queries=70 leaf_pow_bits=26 parent_queries=70 parent_pow_bits=26 canonical=true
BLAKE3_TREE verified=true leaves=4 aggregate_levels=2 cycles=6 retained_root_rows=4199425192
OK
2/7 runner.mod.test_0...OK
3/7 runner.decode.test_0...OK
4/7 air.memory_commitment.poseidon2_air.test_0...OK
5/7 air.semantic_eval.test_0...OK
6/7 air.lookups.tables.source_ingest.test_0...OK
7/7 diagnostics.mod.test_0...OK
All 7 tests passed.
       54.64 real        95.68 user        17.75 sys
         37117640704  maximum resident set size
                   0  average shared memory size
                   0  average unshared data size
                   0  average unshared stack size
             9965050  page reclaims
                   0  page faults
                   0  swaps
                   0  block input operations
                   0  block output operations
                   0  messages sent
                   0  messages received
                   0  signals received
                   0  voluntary context switches
               50887  involuntary context switches
        838720217454  instructions retired
        320757007553  cycles elapsed
         39161290392  peak memory footprint
