BLOCK_V5_PREFLIGHT started=true segment_cycle_budget=2097152
BLOCK_V5_PREFLIGHT complete=true guest_cycles=139214856 segments=67 preflight_ms=42455
BLOCK_V5_COLLECT segment=1/67 cycles=2077834 memory_events=5028065
error: CallRangeTooLarge
      370.04 real       464.32 user         9.56 sys
          6044762112  maximum resident set size
                   0  average shared memory size
                   0  average unshared data size
                   0  average unshared stack size
            12106312  page reclaims
                   0  page faults
                   0  swaps
                   0  block input operations
                   0  block output operations
                   0  messages sent
                   0  messages received
                   0  signals received
                  37  voluntary context switches
              177496  involuntary context switches
       4859280448235  instructions retired
       2103290951179  cycles elapsed
          6050476584  peak memory footprint
