SEGMENT_V2_LADDER mode=narrow_complete_proof requested_steps=64 native_backend=metal memory_addresses=4
SEGMENT_V2_NATIVE_METAL_AOT profile=core_v2 manifest_sha256=21332158b1e1202b9c4171b057d4fb3fbd43d96c22d50012267f55e45e2193e5 source_sha256=c2daaaf7dab998e6c542651dec73323973eafceee6ccf9d56fce6094ccac2786 metallib_sha256=9b1327752224ccd8837063f29c9e5112efac8f6746050f8ff5dc9c2fb23ce8a7 initialization_ns=60789000
SEGMENT_V2_MEMORY_EXECUTION address_count=4 segment_cycles=64 cumulative_cycles=64 loads=21 stores=20 distinct_accessed=4 exit_pc=1100
SEGMENT_V2_MEMORY_EXECUTION address_count=4 segment_cycles=16 cumulative_cycles=80 loads=5 stores=6 distinct_accessed=4 exit_pc=1140
info: Columns: opcode=103 infra=481 total tree1=584 interaction=152
info: Poseidon2 Merkle: 560 exact sparse-node calls, poseidon_log_size=10, merkle_log_size=10
info: resident RISC-V semantic composition: 3 components, 3 kernels, 0.098 ms GPU
info: resident RISC-V lookup composition: 3 components, 3 kernels, 0.248 ms GPU
SEGMENT_V2_NATIVE_METAL device_dispatches=93 poseidon_commits=14 host_fallbacks=0 native_prove_ns=1090158958 resident_resources_before_shutdown=0
SEGMENT_V2_NATIVE_MEMORY backend=metal scope=caller_allocator_payload excludes=size_routed_mmap_and_device producer_peak_bytes=476446916 producer_live_bytes_after_destroy=0 canonical_proof_bytes=29062

SEGMENT_V2_LADDER_NATIVE requested_steps=64 retired_cycles=64 continuation_cycles=16 trace_rows=64 native_backend=metal native_queries=1 outer_queries=3 native_pcs_pow_bits=0 outer_pcs_pow_bits=0 program=lw_addi_sw_updates memory_addresses=4 native_prove_ms=1090.159 native_verify_ms=417.785 recursive_prepare_ms=144.118 native_proof_bytes=29062 native_tree_heights={ 21, 21, 21, 21 }

SEGMENT_V2_OUTER_PHASES role=producer scope=body_before_cleanup setup_ns=24083 tree0_prepare_ns=33583333 tree0_commit_ns=44121834 tree1_prepare_ns=33657000 tree1_commit_ns=49961375 transcript_prefix_ns=59252666 interaction_generate_ns=236121375 interaction_admit_closure_ns=90469000 transcript_tree2_commit_ns=63304959 components_ns=95767125 diagnostic_ns=41 stark_ns=481249917 phase_sum_ns=1187512708

SEGMENT_V2_OUTER_ARTIFACT_REJECTIONS truncated=true trailing=true

SEGMENT_V2_OUTER_PHASES role=verifier scope=body_before_cleanup preflight_ns=15708 preprocessed_root_ns=79108583 transcript_prefix_ns=60447792 interaction_regenerate_ns=204874167 interaction_validate_claims_ns=29445791 closure_ns=62009417 transcript_after_ns=32588750 components_ns=95072583 publication_authority_ns=29874250 stark_ns=5569667 publication_total_ns=36535458 phase_sum_ns=635542166

SEGMENT_V2_OUTER status=verified rows=39 domains=47 proof_size_estimate_bytes=78268 canonical_proof_bytes=91302 canonicalize_ms=4.214 prove_ms=1187.584 verify_ms=635.605 publication_ms=4.367 producer_prepare_ms=336.454 producer_destroy_ms=1.582 verifier_prepare_ms=340.728 decode_ms=0.315 stark_verify_ms=5.570 transaction_ms=2508.637 artifact_rejections_ms=0.664 producer_peak_bytes=112902576 producer_live_bytes_after_destroy=0 serialization_passes=1 retained_canonical_bytes=91302 verification=native_assisted_fresh_decode draws=1 cols=595/974/508 workers=1

SEGMENT_V2_LADDER_OUTER rows=39 domains=47 component_logs={ 9, 11, 11, 9, 13, 13, 4, 4, 4, 4, 4, 10, 5, 4, 4, 10, 5, 7, 13, 8, 4, 7, 6, 9, 14, 7, 4, 5, 6, 10, 14, 8, 15, 8, 11, 16, 10, 6, 8 } min_component_log=4 max_component_log=16 provider_log=11 samples=2245 queries=3 canonical_proof_bytes=91302 producer_live_bytes_after_destroy=0
SEGMENT_V2_LADDER status=verified requested_steps=64 native_backend=metal memory_addresses=4 owners_destroyed=true
        4.24 real         9.15 user         0.26 sys
           598261760  maximum resident set size
                   0  average shared memory size
                   0  average unshared data size
                   0  average unshared stack size
              125031  page reclaims
                   0  page faults
                   0  swaps
                   0  block input operations
                   0  block output operations
                   0  messages sent
                   0  messages received
                   0  signals received
                   0  voluntary context switches
                7426  involuntary context switches
        119128050641  instructions retired
         35292403201  cycles elapsed
          1399555536  peak memory footprint
