Generating SQLite file /workspace/hopper-v9-experiments/profile-baseline-pie-1.sqlite from /workspace/hopper-v9-experiments/profile-baseline-pie-1.nsys-rep
Processing [/workspace/hopper-v9-experiments/profile-baseline-pie-1.sqlite] with [/opt/nvidia/nsight-systems-cli/2026.5.1/target-linux-x64/reports/cuda_gpu_kern_sum.py]...
Time (%),Total Time (ns),Instances,Avg (ns),Med (ns),Min (ns),Max (ns),StdDev (ns),Name
11.4,127368406,1,127368406.0,127368406.0,127368406,127368406,0.0,stwo_jit_witness_becbbf6f2f210ad9
9.9,110472781,98,1127273.3,216016.0,3744,7837955,1901436.0,"void stwo::cuda::transform::n2b_continue<(unsigned int)3, (unsigned int)3, (bool)0>(stwo::cuda::transform::ColumnSlab<const unsigned int>, const unsigned int *, stwo::cuda::transform::ColumnSlab<unsigned int>, unsigned int, unsigned int, unsigned int, const unsigned int *)"
7.8,87382405,53,1648724.6,26048.0,3264,25477355,4288445.7,"void stwo::cuda::blake2s::mixed_leaf_kernel<(bool)0>(unsigned int, unsigned int, stwo::cuda::blake2s::MixedInputs, unsigned int, unsigned int, const stwo::cuda::blake2s::ProgressiveState *, stwo::cuda::blake2s::ProgressiveState *, stwo::cuda::blake2s::Hash *)"
7.4,82796676,1,82796676.0,82796676.0,82796676,82796676,0.0,stwo_cairo_cuda_eval_v6_f4537cc3313a7813
6.0,66483327,72,923379.5,211456.5,4000,7701955,1661747.2,"void stwo::cuda::transform::n2b_continue<(unsigned int)3, (unsigned int)3, (bool)1>(stwo::cuda::transform::ColumnSlab<const unsigned int>, const unsigned int *, stwo::cuda::transform::ColumnSlab<unsigned int>, unsigned int, unsigned int, unsigned int, const unsigned int *)"
5.8,64519326,102,632542.4,207456.5,4256,5298243,1046739.2,"void stwo::cuda::transform::b2n_continue<(unsigned int)3, (bool)0, (unsigned int)0>(stwo::cuda::transform::ColumnSlab<unsigned int>, stwo::cuda::transform::ColumnSlab<unsigned int>, unsigned int, unsigned int, unsigned int, unsigned int, const unsigned int *, unsigned int)"
4.6,50954711,1,50954711.0,50954711.0,50954711,50954711,0.0,stwo_cairo_cuda_eval_v6_ba50438ddca00bc5
4.5,50042838,1,50042838.0,50042838.0,50042838,50042838,0.0,"stwo::cuda::relation::<unnamed>::relation_fractions_tiled_kernel(const unsigned int *const *const *, const unsigned int *const *, unsigned int *const *const *, const unsigned int *, unsigned int, const stwo::cuda::oods::QM31 *, const stwo::cuda::oods::QM31 *)"
2.7,30418351,360,84495.4,7328.0,2656,3113345,328497.1,"stwo::cuda::oods::evaluate_first_kernel(const unsigned int *, unsigned long, unsigned int, unsigned int, const stwo::cuda::oods::QM31 *, unsigned int, unsigned int, stwo::cuda::oods::QM31 *)"
2.5,27394380,9,3043820.0,995873.0,127328,7067907,3178265.7,"void stwo::cuda::transform::n2b_final_warp<(unsigned int)1, (bool)1>(stwo::cuda::transform::ColumnSlab<unsigned int>, unsigned int, unsigned int, const unsigned int *)"
2.4,26221131,1,26221131.0,26221131.0,26221131,26221131,0.0,stwo_cairo_cuda_eval_v6_20ac53552c8ab47f
2.2,24915819,1,24915819.0,24915819.0,24915819,24915819,0.0,stwo_jit_witness_4ad230c161d829a3
2.1,23660588,17,1391799.3,327265.0,5792,8853828,2715837.5,"void stwo::cuda::transform::n2b_final_block<(unsigned int)2, (bool)1>(stwo::cuda::transform::ColumnSlab<unsigned int>, unsigned int, unsigned int, const unsigned int *)"
1.9,21028361,1,21028361.0,21028361.0,21028361,21028361,0.0,stwo_jit_witness_b863d4ded2d89fdf
1.7,18978248,53,358080.2,16768.0,3616,4693250,990669.0,"stwo::cuda::quotient::accumulate_native_bucket_kernel(const stwo::cuda::quotient::BatchTermDescriptor *, unsigned int, unsigned int, const stwo::cuda::quotient::AddressedSourceDescriptor *, unsigned int, const stwo::cuda::oods::QM31 *, unsigned int, unsigned int, unsigned int *, unsigned int *, unsigned int *, unsigned int *)"
1.6,18311176,1,18311176.0,18311176.0,18311176,18311176,0.0,stwo_cairo_cuda_eval_v6_4f909056be12a284
1.5,17068871,1,17068871.0,17068871.0,17068871,17068871,0.0,stwo_jit_witness_e1cf71013a0f5925
1.5,16572423,30,552414.1,86160.0,10784,4150370,1137213.4,"void stwo::cuda::transform::b2n_continue<(unsigned int)4, (bool)0, (unsigned int)0>(stwo::cuda::transform::ColumnSlab<unsigned int>, stwo::cuda::transform::ColumnSlab<unsigned int>, unsigned int, unsigned int, unsigned int, unsigned int, const unsigned int *, unsigned int)"
1.4,15617351,1,15617351.0,15617351.0,15617351,15617351,0.0,stwo_cairo_cuda_eval_v6_e414065707fe0e8f
1.4,15396615,26,592177.5,232720.0,17760,3018849,850656.5,"void stwo::cuda::transform::n2b_final_block<(unsigned int)1, (bool)1>(stwo::cuda::transform::ColumnSlab<unsigned int>, unsigned int, unsigned int, const unsigned int *)"
1.2,13691335,48,285236.1,23072.0,5344,3574754,664349.5,"void stwo::cuda::transform::n2b_final_block<(unsigned int)3, (bool)1>(stwo::cuda::transform::ColumnSlab<unsigned int>, unsigned int, unsigned int, const unsigned int *)"
1.2,13474341,1,13474341.0,13474341.0,13474341,13474341,0.0,stwo_jit_witness_0a5012bd6007b9be
1.2,13339525,36,370542.4,77104.0,3968,3568258,799844.4,"stwo::cuda::witness_active::count_active(const unsigned int *, unsigned int, unsigned int, const unsigned int *, unsigned int, const unsigned int *const *, unsigned int *const *)"
1.2,13119271,182,72083.9,6176.0,5600,2661505,249300.2,"void stwo::cuda::blake2s::child_layer_kernel<(bool)0>(const stwo::cuda::blake2s::Hash *, unsigned int, stwo::cuda::blake2s::Hash *)"
1.0,11637477,14,831248.4,180880.0,4896,4363074,1440629.4,"void stwo::cuda::transform::b2n_init_block<(unsigned int)1>(stwo::cuda::transform::ColumnSlab<const unsigned int>, stwo::cuda::transform::ColumnSlab<unsigned int>, unsigned int, unsigned int, const unsigned int *)"
0.9,9521732,19,501143.8,10048.0,4384,4223362,1311228.3,"void stwo::cuda::transform::n2b_final_warp<(unsigned int)3, (bool)1>(stwo::cuda::transform::ColumnSlab<unsigned int>, unsigned int, unsigned int, const unsigned int *)"
0.6,6758947,3,2252982.3,6080.0,5952,6746915,3891859.9,"stwo_compact_v2_scatter_kernel(const unsigned int *, const unsigned int *, const unsigned int *, const unsigned int *, unsigned int, unsigned int, unsigned int *const *, unsigned int)"
0.6,6698083,13,515237.2,55968.0,4672,2000929,726999.4,"void stwo::cuda::transform::b2n_init_warp<(unsigned int)2>(stwo::cuda::transform::ColumnSlab<const unsigned int>, stwo::cuda::transform::ColumnSlab<unsigned int>, unsigned int, unsigned int, const unsigned int *)"
0.6,6215266,1,6215266.0,6215266.0,6215266,6215266,0.0,"stwo::cuda::relation::<unnamed>::add_scan_offsets_ragged_kernel(unsigned int *const *const *, const unsigned int *, unsigned int, const unsigned int *)"
0.6,6145347,1,6145347.0,6145347.0,6145347,6145347,0.0,"stwo::cuda::relation::<unnamed>::shift_scan_tiles_ragged_kernel(unsigned int *const *const *, stwo::cuda::oods::QM31 *const *, const unsigned int *, unsigned int, unsigned int *)"
0.5,5967969,26,229537.3,93472.0,4352,1163808,328765.7,"void stwo::cuda::transform::b2n_init_warp<(unsigned int)3>(stwo::cuda::transform::ColumnSlab<const unsigned int>, stwo::cuda::transform::ColumnSlab<unsigned int>, unsigned int, unsigned int, const unsigned int *)"
0.5,5687395,32,177731.1,28528.0,5792,1400929,304821.3,"void stwo::cuda::transform::b2n_init_block<(unsigned int)2>(stwo::cuda::transform::ColumnSlab<const unsigned int>, stwo::cuda::transform::ColumnSlab<unsigned int>, unsigned int, unsigned int, const unsigned int *)"
0.5,5093377,135,37728.7,17568.0,9792,425312,62358.1,"stwo::cuda::decommit::<unnamed>::pack_trace_group_kernel(unsigned int, unsigned int, unsigned int, unsigned int, const unsigned int *, unsigned long, unsigned long, const unsigned int *, unsigned int, const unsigned int *, const unsigned int *, unsigned int, unsigned int *, unsigned int)"
0.4,4887619,1,4887619.0,4887619.0,4887619,4887619,0.0,stwo_cairo_cuda_eval_v6_6e7d9762fbd1969a
0.4,4708483,39,120730.3,4736.0,3872,3740066,606446.7,"stwo::cuda::transcript::mix_words_kernel(unsigned int *, unsigned int, unsigned long, unsigned long, const unsigned int *, unsigned int, unsigned int, unsigned int *, unsigned int *)"
0.4,4455138,1,4455138.0,4455138.0,4455138,4455138,0.0,"stwo::cuda::relation::<unnamed>::fraction_prefix_global_kernel(unsigned int *const *const *, const unsigned int *, unsigned int)"
0.4,4055809,1,4055809.0,4055809.0,4055809,4055809,0.0,stwo_cairo_cuda_eval_v6_91448bafa4e75cb5
0.4,4023810,32,125744.1,2688.0,1984,3847266,679137.1,"<unnamed>::stage_addressed_lde_columns(unsigned int *, unsigned long, const <unnamed>::AddressedLdeDescriptor *, unsigned int, unsigned long, unsigned int)"
0.4,3900994,1,3900994.0,3900994.0,3900994,3900994,0.0,"stwo::cuda::quotient::combine_compact_kernel(unsigned int, unsigned int, unsigned int, unsigned int, const stwo::cuda::oods::SecureCirclePoint *, unsigned int, const stwo::cuda::oods::QM31 *, const unsigned int *, const unsigned long *, unsigned long, const unsigned int *, const unsigned int *, const unsigned int *, const unsigned int *, unsigned int *, unsigned int *, unsigned int *, unsigned int *)"
0.3,3679361,1,3679361.0,3679361.0,3679361,3679361,0.0,stwo_jit_witness_36f44c8360e57615
0.3,3378561,32,105580.0,22304.0,8096,753664,181087.9,"void stwo::cuda::transform::n2b_continue<(unsigned int)4, (unsigned int)4, (bool)1>(stwo::cuda::transform::ColumnSlab<const unsigned int>, const unsigned int *, stwo::cuda::transform::ColumnSlab<unsigned int>, unsigned int, unsigned int, unsigned int, const unsigned int *)"
0.3,3289858,23,143037.3,145696.0,27649,250080,67993.7,"stwo::cuda::decommit::<unnamed>::assemble_fri_kernel(unsigned int, unsigned int, const unsigned int *, const unsigned int *, unsigned int, const unsigned int *, const unsigned int *, unsigned int, const unsigned int *, unsigned long, unsigned long, unsigned int *, unsigned int *, const unsigned int *, unsigned int, const stwo::cuda::blake2s::Hash *, unsigned long, const stwo::cuda::decommit::RetainedLayer *, unsigned int, unsigned int *, unsigned int)"
0.3,3175361,17,186785.9,185568.0,178688,209216,7812.4,"<unnamed>::lift_accumulate_coordinates(const unsigned int *, unsigned int, unsigned int *, unsigned int, unsigned int)"
0.3,3044449,360,8456.8,7520.0,5696,28352,3217.0,"stwo::cuda::oods::derive_points_kernel(const stwo::cuda::oods::QM31 *, const stwo::cuda::oods::CirclePoint *, const unsigned int *, const unsigned int *, unsigned int, unsigned int, unsigned long, stwo::cuda::oods::SecureCirclePoint *, stwo::cuda::oods::SecureCirclePoint *, stwo::cuda::oods::QM31 *)"
0.3,2835426,64,44303.5,10032.0,8448,102016,40263.4,"void cub::CUB_200700_900_NS::DeviceRadixSortOnesweepKernel<cub::CUB_200700_900_NS::DeviceRadixSortPolicy<unsigned int, unsigned int, unsigned int>::Policy900, (bool)0, unsigned int, unsigned int, unsigned int, int, int, cub::CUB_200700_900_NS::detail::identity_decomposer_t>(T7 *, T7 *, T5 *, const T5 *, T3 *, const T3 *, T4 *, const T4 *, T6, int, int, T8)"
0.3,2788641,1,2788641.0,2788641.0,2788641,2788641,0.0,stwo_cairo_cuda_eval_v6_f121becb27a01b51
0.2,2743106,53,51756.7,73344.0,1344,96864,34100.5,"stwo::cuda::quotient::lift_native_bucket_kernel(const unsigned int *, const unsigned int *, const unsigned int *, const unsigned int *, const stwo::cuda::oods::QM31 *, unsigned int, unsigned int, unsigned int, unsigned long, unsigned int *, unsigned int *, unsigned int *, unsigned int *, bool)"
0.2,2446401,1,2446401.0,2446401.0,2446401,2446401,0.0,stwo_cairo_cuda_eval_v6_15a6de4ad26733cf
0.2,2311905,21,110090.7,2944.0,2016,1817377,396509.5,"fixed_table_materialize_kernel(const unsigned int *const *, const unsigned int *const *, const unsigned int *, unsigned int *const *, unsigned int, const unsigned int *, unsigned int *const *, unsigned int, unsigned int)"
0.2,2309377,1,2309377.0,2309377.0,2309377,2309377,0.0,stwo_cairo_cuda_eval_v6_6698ca774c7ca163
0.2,2248673,1,2248673.0,2248673.0,2248673,2248673,0.0,stwo_cairo_cuda_eval_v6_c05ddc49664c6391
0.2,2198304,23,95578.4,6048.0,4192,1037056,237283.4,"void stwo::cuda::blake2s::fri_leaf_kernel<(bool)0>(unsigned int, const unsigned int *, unsigned long, unsigned int, stwo::cuda::blake2s::Hash *)"
0.2,2197249,1,2197249.0,2197249.0,2197249,2197249,0.0,stwo_jit_witness_bb78ac69a434a127
0.2,1979617,1,1979617.0,1979617.0,1979617,1979617,0.0,stwo_jit_witness_51e314719c4fa150
0.2,1944577,9,216064.1,75488.0,25184,838496,268603.4,"stwo::cuda::cairo::gather_witness_edges(const unsigned int *, unsigned long, const stwo::cuda::cairo::MultiEdgeDescriptor *, unsigned int, unsigned int, unsigned int, unsigned int, unsigned int *, unsigned long, unsigned int, unsigned int)"
0.2,1800417,1,1800417.0,1800417.0,1800417,1800417,0.0,stwo_jit_witness_48eaad578e60a980
0.1,1484992,1,1484992.0,1484992.0,1484992,1484992,0.0,"stwo::cuda::quotient::finalize_groups_kernel(const unsigned int *, const unsigned int *, unsigned int, unsigned int, const stwo::cuda::oods::SecureCirclePoint *, unsigned int, stwo::cuda::oods::QM31 *, stwo::cuda::oods::SecureCirclePoint *, stwo::cuda::oods::QM31 *)"
0.1,1378497,1,1378497.0,1378497.0,1378497,1378497,0.0,stwo_cairo_cuda_eval_v6_73ef672ad1e99d37
0.1,1369344,1,1369344.0,1369344.0,1369344,1369344,0.0,stwo_cairo_cuda_eval_v6_e9884ae7da22257f
0.1,1274272,16,79642.0,1952.0,1760,213280,92864.9,"stwo_compact_v2_key_kernel(const unsigned int *, const unsigned int *, unsigned int, unsigned int, unsigned int, unsigned int *)"
0.1,1113088,303,3673.6,3680.0,1632,7296,1173.3,"stwo::cuda::oods::evaluate_reduce_kernel(const stwo::cuda::oods::QM31 *, unsigned int, unsigned int, unsigned int, unsigned int, unsigned int, const stwo::cuda::oods::QM31 *, stwo::cuda::oods::QM31 *, unsigned int)"
0.1,979232,1,979232.0,979232.0,979232,979232,0.0,stwo_jit_witness_7302dbf1d3b95b86
0.1,954176,1,954176.0,954176.0,954176,954176,0.0,"void stwo::cuda::blake2s::contiguous_leaf_kernel<(bool)0>(unsigned int, unsigned int, const unsigned int *, unsigned long, stwo::cuda::blake2s::Hash *)"
0.1,946624,1,946624.0,946624.0,946624,946624,0.0,"witness_feed_clear_kernel(unsigned int *const *, const unsigned int *)"
0.1,920418,4,230104.5,225569.0,220032,249248,13036.0,"stwo::cuda::decommit::<unnamed>::assemble_trace_kernel(unsigned int, unsigned int, unsigned int, unsigned int, unsigned int, const unsigned int *, unsigned int, unsigned int *, unsigned int *, const unsigned int *, unsigned int, const stwo::cuda::blake2s::Hash *, unsigned long, const stwo::cuda::decommit::RetainedLayer *, unsigned int, const unsigned int *, const stwo::cuda::blake2s::Hash *, unsigned int, const unsigned int *, const unsigned int *, unsigned int, unsigned int *, unsigned int)"
0.1,915776,3,305258.7,5056.0,4480,906240,520465.2,"stwo_compact_v2_gather_kernel(const unsigned int *const *, const unsigned int *, unsigned int, unsigned int, unsigned int, unsigned int, unsigned int *, unsigned int *)"
0.1,866720,23,37683.5,43616.0,15840,44064,10005.6,"stwo::cuda::decommit::<unnamed>::prepare_fri_queries_kernel(const unsigned int *, const unsigned int *, unsigned int, unsigned int, unsigned int, unsigned int, unsigned int *, unsigned int *, unsigned int *, unsigned int, unsigned int *, unsigned int *, unsigned int, unsigned int *)"
0.1,830305,1,830305.0,830305.0,830305,830305,0.0,stwo_cairo_cuda_eval_v6_cc13aa5b6e028a9f
0.1,746688,1,746688.0,746688.0,746688,746688,0.0,stwo_cairo_cuda_eval_v6_3617b6afaf32e710
0.1,739553,1,739553.0,739553.0,739553,739553,0.0,stwo_jit_witness_49ca17d617cdfdc2
0.1,684993,1,684993.0,684993.0,684993,684993,0.0,stwo_cairo_cuda_eval_v6_a4aa30d3952d3247
0.1,653056,454,1438.4,1344.0,1024,3840,398.6,"<unnamed>::n2b_stage(unsigned int *, unsigned long, unsigned int, unsigned int, const unsigned int *)"
0.1,610016,1,610016.0,610016.0,610016,610016,0.0,stwo_cairo_cuda_eval_v6_751f65b635273678
0.1,608480,360,1690.2,1680.0,1184,2336,238.6,"stwo::cuda::oods::store_results_kernel(const stwo::cuda::oods::QM31 *, unsigned int, const unsigned int *, unsigned int, unsigned long, stwo::cuda::oods::QM31 *)"
0.1,574784,1,574784.0,574784.0,574784,574784,0.0,stwo_jit_witness_cc732240ac96da6e
0.1,570496,1,570496.0,570496.0,570496,570496,0.0,"void stwo::cuda::transform::b2n_continue<(unsigned int)3, (bool)0, (unsigned int)1>(stwo::cuda::transform::ColumnSlab<unsigned int>, stwo::cuda::transform::ColumnSlab<unsigned int>, unsigned int, unsigned int, unsigned int, unsigned int, const unsigned int *, unsigned int)"
0.1,567265,1,567265.0,567265.0,567265,567265,0.0,stwo_cairo_cuda_eval_v6_e002c8210e52d12e
0.0,526592,1,526592.0,526592.0,526592,526592,0.0,stwo_cairo_cuda_eval_v6_3b5c888efc076e7a
0.0,517953,1,517953.0,517953.0,517953,517953,0.0,stwo_jit_witness_4c685df6aa70bdfe
0.0,504256,1,504256.0,504256.0,504256,504256,0.0,stwo_jit_witness_2780bde3a07577cc
0.0,487968,20,24398.4,3840.0,3328,209056,63126.1,"void stwo::cuda::transform::n2b_final_warp<(unsigned int)2, (bool)1>(stwo::cuda::transform::ColumnSlab<unsigned int>, unsigned int, unsigned int, const unsigned int *)"
0.0,486528,1,486528.0,486528.0,486528,486528,0.0,stwo_cairo_cuda_eval_v6_d8e0f9866c43c2ca
0.0,479264,1,479264.0,479264.0,479264,479264,0.0,"stwo::cuda::relation::<unnamed>::reduce_coordinates_ragged_kernel(unsigned int *const *const *, const unsigned int *, unsigned int, stwo::cuda::oods::QM31 *)"
0.0,431936,1,431936.0,431936.0,431936,431936,0.0,stwo_cairo_cuda_eval_v6_cac0420ea393b163
0.0,410016,1,410016.0,410016.0,410016,410016,0.0,stwo_cairo_cuda_eval_v6_792590d1e13e3d0b
0.0,409184,1,409184.0,409184.0,409184,409184,0.0,stwo_jit_witness_8d98db1d31b90129
0.0,395841,27,14660.8,16640.0,4896,16768,3730.2,"void stwo::cuda::blake2s::upper_tail_kernel<(bool)0>(const stwo::cuda::blake2s::Hash *, unsigned int, stwo::cuda::blake2s::Hash *, unsigned int)"
0.0,389984,248,1572.5,1472.0,1056,4256,405.5,"void <unnamed>::b2n_stage<(bool)0>(const unsigned int *, unsigned long, unsigned int *, unsigned long, unsigned int, unsigned int, const unsigned int *, unsigned int)"
0.0,341216,1,341216.0,341216.0,341216,341216,0.0,"void stwo::cuda::transform::b2n_init_warp<(unsigned int)1>(stwo::cuda::transform::ColumnSlab<const unsigned int>, stwo::cuda::transform::ColumnSlab<unsigned int>, unsigned int, unsigned int, const unsigned int *)"
0.0,331968,3,110656.0,2880.0,2656,326432,186867.5,"stwo_compact_v2_heads_kernel(const unsigned int *, const unsigned int *, unsigned int, unsigned int, unsigned int, unsigned int, unsigned int *)"
0.0,322400,1,322400.0,322400.0,322400,322400,0.0,stwo_cairo_cuda_eval_v6_6142f9bc20588a94
0.0,282144,1,282144.0,282144.0,282144,282144,0.0,stwo_cairo_cuda_eval_v6_28582515c3999e53
0.0,272736,1,272736.0,272736.0,272736,272736,0.0,stwo_cairo_cuda_eval_v6_0ce88083354b8d35
0.0,253728,1,253728.0,253728.0,253728,253728,0.0,stwo_jit_witness_b58a4d852bcfbbc8
0.0,235424,1,235424.0,235424.0,235424,235424,0.0,stwo_cairo_cuda_eval_v6_588dac9d42f6b550
0.0,233089,1,233089.0,233089.0,233089,233089,0.0,stwo_cairo_cuda_eval_v6_58ef5345a1a6a19b
0.0,227264,1,227264.0,227264.0,227264,227264,0.0,stwo_cairo_cuda_eval_v6_f3a6fefb41bb9e7b
0.0,222721,1,222721.0,222721.0,222721,222721,0.0,stwo_jit_witness_99e872f9619b5a11
0.0,216000,2,108000.0,108000.0,15424,200576,130922.2,"stwo::cuda::pow::search_kernel(const unsigned int *, unsigned int, unsigned long long, unsigned long long *, unsigned int *, unsigned int *)"
0.0,210432,1,210432.0,210432.0,210432,210432,0.0,stwo_cairo_cuda_eval_v6_8e3ee30308c76acb
0.0,195744,1,195744.0,195744.0,195744,195744,0.0,stwo_cairo_cuda_eval_v6_0c8c77308db01a80
0.0,190208,16,11888.0,2976.0,2688,29824,10702.4,"void cub::CUB_200700_900_NS::DeviceRadixSortHistogramKernel<cub::CUB_200700_900_NS::DeviceRadixSortPolicy<unsigned int, unsigned int, unsigned int>::Policy900, (bool)0, unsigned int, unsigned int, cub::CUB_200700_900_NS::detail::identity_decomposer_t>(T4 *, const T3 *, T4, int, int, T5)"
0.0,176576,1,176576.0,176576.0,176576,176576,0.0,"stwo::cuda::constraints::expand_powers_kernel(const stwo::cuda::constraints::QM31 *, stwo::cuda::constraints::QM31 *, unsigned int, bool)"
0.0,174816,1,174816.0,174816.0,174816,174816,0.0,"stwo::cuda::fri::fold_circle_kernel(const unsigned int *, unsigned int, unsigned int, const unsigned int *, unsigned int, const stwo::cuda::fri::QM31 *, unsigned int, unsigned int *, unsigned int)"
0.0,168608,14,12043.4,8896.0,8160,29536,6408.1,"void stwo::cuda::transform::n2b_continue<(unsigned int)4, (unsigned int)4, (bool)0>(stwo::cuda::transform::ColumnSlab<const unsigned int>, const unsigned int *, stwo::cuda::transform::ColumnSlab<unsigned int>, unsigned int, unsigned int, unsigned int, const unsigned int *)"
0.0,165536,1,165536.0,165536.0,165536,165536,0.0,stwo_cairo_cuda_eval_v6_7205ab34dcdb920d
0.0,159744,1,159744.0,159744.0,159744,159744,0.0,stwo_cairo_cuda_eval_v6_800a8e5d141c169e
0.0,153344,22,6970.2,2000.0,1376,55552,12836.9,"stwo::cuda::fri::fold_line_kernel(const unsigned int *, unsigned int, unsigned int, const unsigned int *, unsigned int, const stwo::cuda::fri::QM31 *, unsigned int, unsigned int *, unsigned int)"
0.0,132353,1,132353.0,132353.0,132353,132353,0.0,stwo_jit_witness_98d7d935a303b865
0.0,131552,1,131552.0,131552.0,131552,131552,0.0,stwo_cairo_cuda_eval_v6_7ae47d325c8767b3
0.0,125056,1,125056.0,125056.0,125056,125056,0.0,stwo_jit_witness_9145b4b693552cac
0.0,121984,1,121984.0,121984.0,121984,121984,0.0,stwo_jit_witness_8c4ef00bd566feed
0.0,116416,1,116416.0,116416.0,116416,116416,0.0,stwo_jit_witness_44b12b9d6e90e51d
0.0,116256,1,116256.0,116256.0,116256,116256,0.0,"stwo::cuda::relation::<unnamed>::scan_block_totals_ragged_kernel(unsigned int *, const unsigned int *, unsigned int)"
0.0,110752,1,110752.0,110752.0,110752,110752,0.0,stwo_jit_witness_d837ca159d597a25
0.0,106240,27,3934.8,3936.0,3840,4032,54.3,"stwo::cuda::transcript::draw_secure_kernel(unsigned int *, unsigned int, unsigned long, unsigned long, unsigned int, unsigned int, unsigned int *, unsigned int *, unsigned int *)"
0.0,104000,2,52000.0,52000.0,23008,80992,41000.9,"stwo::cuda::cairo_memory_base::value_base(stwo::cuda::cairo_memory_base::Sources, unsigned int, unsigned int, const unsigned int *, unsigned int, stwo::cuda::cairo_memory_base::Columns)"
0.0,99712,1,99712.0,99712.0,99712,99712,0.0,stwo_jit_witness_ad479f3f51c8f650
0.0,92097,1,92097.0,92097.0,92097,92097,0.0,"stwo::cuda::cairo_memory_base::address_base(const unsigned int *, unsigned int, const unsigned int *, unsigned int, stwo::cuda::cairo_memory_base::Columns)"
0.0,84448,1,84448.0,84448.0,84448,84448,0.0,stwo_jit_witness_57e09935feaee102
0.0,84096,1,84096.0,84096.0,84096,84096,0.0,stwo_jit_witness_e7536b0a967d377b
0.0,68960,1,68960.0,68960.0,68960,68960,0.0,"stwo::cuda::decommit::<unnamed>::normalize_queries_kernel(const unsigned int *, unsigned int, unsigned int, unsigned int, unsigned int *, unsigned int *, unsigned int *, unsigned int)"
0.0,66784,1,66784.0,66784.0,66784,66784,0.0,stwo_jit_witness_3d20c15a14add9de
0.0,62912,1,62912.0,62912.0,62912,62912,0.0,stwo_cairo_cuda_eval_v6_dbb402bcc1a41130
0.0,61696,1,61696.0,61696.0,61696,61696,0.0,stwo_cairo_cuda_eval_v6_5e5fb15810ea27fd
0.0,60544,32,1892.0,1808.0,1216,4992,668.4,"<unnamed>::stage_lde_columns(const unsigned int *, unsigned long, const unsigned int *, unsigned int *, unsigned long, unsigned int)"
0.0,59872,4,14968.0,14912.0,14880,15168,134.2,"stwo::cuda::decommit::<unnamed>::prepare_trace_queries_kernel(const unsigned int *, const unsigned int *, unsigned int, unsigned int, unsigned int, unsigned int, unsigned int, unsigned int *, unsigned int *, unsigned int *, unsigned int *, unsigned int *, unsigned int, unsigned int *)"
0.0,52768,3,17589.3,3296.0,3008,46464,25006.6,"void cub::CUB_200700_900_NS::DeviceScanKernel<cub::CUB_200700_900_NS::DeviceScanPolicy<unsigned int, cuda::std::__4::plus<void>>::Policy900, unsigned int *, unsigned int *, cub::CUB_200700_900_NS::ScanTileState<unsigned int, (bool)1>, cuda::std::__4::plus<void>, cub::CUB_200700_900_NS::NullType, unsigned int, unsigned int, (bool)0>(T2, T3, T4, int, T5, T6, T7)"
0.0,36480,1,36480.0,36480.0,36480,36480,0.0,stwo_cairo_cuda_eval_v6_220d81bd8d6ec477
0.0,30304,1,30304.0,30304.0,30304,30304,0.0,"stwo::cuda::relation::<unnamed>::finalize_claimed_sums_ragged_kernel(stwo::cuda::oods::QM31 *const *, const unsigned int *, unsigned int, const stwo::cuda::oods::QM31 *)"
0.0,27584,1,27584.0,27584.0,27584,27584,0.0,stwo_jit_witness_3c43d63ac963c130
0.0,23808,1,23808.0,23808.0,23808,23808,0.0,stwo_cairo_cuda_eval_v6_c4f7761d89d0cb90
0.0,23072,16,1442.0,1360.0,1088,1952,303.2,"void cub::CUB_200700_900_NS::DeviceRadixSortExclusiveSumKernel<cub::CUB_200700_900_NS::DeviceRadixSortPolicy<unsigned int, unsigned int, unsigned int>::Policy900, unsigned int>(T2 *)"
0.0,22016,1,22016.0,22016.0,22016,22016,0.0,stwo_cairo_cuda_eval_v6_004fca4c617cae1a
0.0,21376,1,21376.0,21376.0,21376,21376,0.0,stwo_cairo_cuda_eval_v6_76751be344433844
0.0,19200,1,19200.0,19200.0,19200,19200,0.0,"stwo::cuda::relation::<unnamed>::expand_challenges_kernel(const stwo::cuda::oods::QM31 *, stwo::cuda::oods::QM31 *, unsigned int, stwo::cuda::oods::QM31 *)"
0.0,17952,1,17952.0,17952.0,17952,17952,0.0,stwo_jit_witness_154882da03f89342
0.0,15520,2,7760.0,7760.0,7744,7776,22.6,"stwo::cuda::transcript::absorb_pow_kernel(unsigned int *, unsigned int, unsigned long, unsigned long, const unsigned int *, unsigned int, unsigned int *, unsigned int *)"
0.0,15232,1,15232.0,15232.0,15232,15232,0.0,stwo_cairo_cuda_eval_v6_493d926de8a4db14
0.0,15200,1,15200.0,15200.0,15200,15200,0.0,"stwo::cuda::transcript::draw_queries_kernel(unsigned int *, unsigned int, unsigned long, unsigned long, unsigned int, unsigned int, unsigned int *, unsigned int *, unsigned int *)"
0.0,13440,1,13440.0,13440.0,13440,13440,0.0,stwo_cairo_cuda_eval_v6_89160704ff765b5c
0.0,13216,1,13216.0,13216.0,13216,13216,0.0,stwo_jit_witness_1c1f5ab14c0667cd
0.0,12480,1,12480.0,12480.0,12480,12480,0.0,stwo_cairo_cuda_eval_v6_20613ce56c6d1ea5
0.0,12096,1,12096.0,12096.0,12096,12096,0.0,stwo_jit_witness_c07a5982884afa1a
0.0,11072,1,11072.0,11072.0,11072,11072,0.0,stwo_cairo_cuda_eval_v6_dc2be10c0d504adb
0.0,10784,3,3594.7,3360.0,2400,5024,1327.6,"stwo_compact_v2_finalize_kernel(const unsigned int *, unsigned int, unsigned int, unsigned int, unsigned int, unsigned int, unsigned int, unsigned int *, unsigned int *const *)"
0.0,9792,1,9792.0,9792.0,9792,9792,0.0,stwo_cairo_cuda_eval_v6_db086017701593e0
0.0,9504,1,9504.0,9504.0,9504,9504,0.0,"stwo::cuda::quotient::prepare_terms_kernel(const stwo::cuda::quotient::PreparedTermDescriptor *, unsigned int, const stwo::cuda::oods::SecureCirclePoint *, const stwo::cuda::oods::QM31 *, unsigned int, const stwo::cuda::oods::QM31 *, stwo::cuda::oods::SecureCirclePoint *, stwo::cuda::oods::QM31 *)"
0.0,9408,1,9408.0,9408.0,9408,9408,0.0,stwo_jit_witness_4ee2164a1b06dda5
0.0,9376,1,9376.0,9376.0,9376,9376,0.0,stwo_cairo_cuda_eval_v6_c611ef6ea6bd2061
0.0,9248,1,9248.0,9248.0,9248,9248,0.0,stwo_cairo_cuda_eval_v6_7ef972a5d6688858
0.0,8128,3,2709.3,2336.0,2048,3744,907.5,"stwo_compact_v2_clear_output_kernel(unsigned int *const *, unsigned int, unsigned int)"
0.0,8064,1,8064.0,8064.0,8064,8064,0.0,stwo_cairo_cuda_eval_v6_f6cb16877965e24a
0.0,7648,1,7648.0,7648.0,7648,7648,0.0,stwo_jit_witness_e50ff77de385ab64
0.0,7328,1,7328.0,7328.0,7328,7328,0.0,stwo_cairo_cuda_eval_v6_ea5275587edf9674
0.0,7040,2,3520.0,3520.0,3296,3744,316.8,"stwo::cuda::pow::prefix_kernel(const unsigned int *, unsigned int, unsigned int *)"
0.0,6752,1,6752.0,6752.0,6752,6752,0.0,stwo_cairo_cuda_eval_v6_47df0a761733c077
0.0,6752,1,6752.0,6752.0,6752,6752,0.0,stwo_cairo_cuda_eval_v6_efae9e8c68dba549
0.0,6560,1,6560.0,6560.0,6560,6560,0.0,stwo_cairo_cuda_eval_v6_a0ca930f9557f54f
0.0,5984,1,5984.0,5984.0,5984,5984,0.0,stwo_cairo_cuda_eval_v6_c06ceab427d079e4
0.0,5952,1,5952.0,5952.0,5952,5952,0.0,stwo_cairo_cuda_eval_v6_da8241be39e42c17
0.0,5920,1,5920.0,5920.0,5920,5920,0.0,stwo_cairo_cuda_eval_v6_2f743f265a823e57
0.0,5856,1,5856.0,5856.0,5856,5856,0.0,stwo_cairo_cuda_eval_v6_09705bbddfc9f2e5
0.0,5760,1,5760.0,5760.0,5760,5760,0.0,stwo_cairo_cuda_eval_v6_16e62ffef5de5385
0.0,5632,1,5632.0,5632.0,5632,5632,0.0,stwo_cairo_cuda_eval_v6_9374f8b45ca93e8f
0.0,5504,1,5504.0,5504.0,5504,5504,0.0,stwo_cairo_cuda_eval_v6_7a58776d46a0d41b
0.0,4256,1,4256.0,4256.0,4256,4256,0.0,stwo_jit_witness_da729390f0d884f9
0.0,3968,1,3968.0,3968.0,3968,3968,0.0,stwo_jit_witness_58a69689aa366788
0.0,3904,3,1301.3,1344.0,1056,1504,227.0,"void cub::CUB_200700_900_NS::DeviceScanInitKernel<cub::CUB_200700_900_NS::ScanTileState<unsigned int, (bool)1>>(T1, int)"
0.0,2752,1,2752.0,2752.0,2752,2752,0.0,"<unnamed>::materialize_params(unsigned int *, const <unnamed>::ExtSourceDescriptor *, unsigned int, unsigned long, unsigned long, unsigned int, unsigned long, unsigned int, unsigned long)"
0.0,1984,2,992.0,992.0,896,1088,135.8,"stwo::cuda::pow::initialize_kernel(unsigned long long *, unsigned int *, unsigned int *)"
0.0,1408,1,1408.0,1408.0,1408,1408,0.0,"stwo::cuda::fri::line_ifft_stage_kernel(unsigned int *, unsigned int, unsigned int, const unsigned int *, unsigned int)"
0.0,1408,1,1408.0,1408.0,1408,1408,0.0,"stwo::cuda::fri::normalize_kernel(unsigned int *, unsigned long, unsigned int)"
0.0,1376,1,1376.0,1376.0,1376,1376,0.0,"stwo::cuda::fri::emit_coefficients_kernel(const unsigned int *, unsigned int, unsigned int, unsigned int, const unsigned int *, unsigned int *)"
0.0,1184,1,1184.0,1184.0,1184,1184,0.0,"stwo::cuda::fri::validate_degree_kernel(const unsigned int *, unsigned int, unsigned int, unsigned int, unsigned int *)"
0.0,1024,1,1024.0,1024.0,1024,1024,0.0,"stwo::cuda::fri::naturalize_kernel(const unsigned int *, unsigned int, unsigned int, unsigned int *)"
0.0,1024,1,1024.0,1024.0,1024,1024,0.0,"stwo::cuda::transcript::initialize_kernel(unsigned int *, const unsigned int *, unsigned int *, unsigned long)"
0.0,896,1,896.0,896.0,896,896,0.0,stwo::cuda::fri::initialize_degree_error_kernel(unsigned int *)

Processing [/workspace/hopper-v9-experiments/profile-baseline-pie-1.sqlite] with [/opt/nvidia/nsight-systems-cli/2026.5.1/target-linux-x64/reports/cuda_api_sum.py]...
Time (%),Total Time (ns),Num Calls,Avg (ns),Med (ns),Min (ns),Max (ns),StdDev (ns),Name
30.0,610033128,3643,167453.5,3031.0,2611,229465279,5220831.6,cudaLaunchKernel
23.4,474903721,1042,455761.7,2893.0,2243,277184115,8623420.7,cudaMemcpyAsync
23.0,466931169,92,5075338.8,228173.5,23368,135765871,19109671.4,cuModuleLoadData
11.4,230851153,1,230851153.0,230851153.0,230851153,230851153,0.0,cudaMemPoolDestroy
11.4,230537981,1,230537981.0,230537981.0,230537981,230537981,0.0,cudaMallocFromPoolAsync
0.4,8296799,92,90182.6,14890.5,6477,1630597,295221.2,cuModuleUnload
0.2,3958967,2,1979483.5,1979483.5,1761045,2197922,308918.7,cudaGetDeviceProperties_v2
0.2,3463780,92,37649.8,4617.5,3255,1535870,216272.7,cuLaunchKernel
0.0,450671,100,4506.7,3015.0,2494,93918,9186.5,cudaMemsetAsync
0.0,324179,1,324179.0,324179.0,324179,324179,0.0,cudaMemPoolCreate
0.0,248627,1,248627.0,248627.0,248627,248627,0.0,cudaMemGetInfo
0.0,133904,1,133904.0,133904.0,133904,133904,0.0,cudaStreamCreateWithFlags
0.0,105615,11,9601.4,5485.0,3778,42568,11257.1,cudaEventRecord
0.0,102589,4,25647.3,12109.5,4385,73985,32924.0,cudaStreamSynchronize
0.0,79138,4,19784.5,20977.0,10768,26416,6656.2,cuMemcpyDtoHAsync_v2
0.0,37153,1,37153.0,37153.0,37153,37153,0.0,cudaStreamDestroy
0.0,27095,1,27095.0,27095.0,27095,27095,0.0,cudaFreeAsync
0.0,24264,11,2205.8,427.0,331,16878,4911.9,cudaEventCreate
0.0,21799,4,5449.8,4974.5,2805,9045,2906.1,cuMemcpyHtoDAsync_v2
0.0,11608,2,5804.0,5804.0,2471,9137,4713.6,cuStreamSynchronize
0.0,10241,11,931.0,490.0,385,5530,1526.0,cudaEventDestroy
0.0,1959,2,979.5,979.5,159,1800,1160.4,cudaMemPoolGetAttribute
0.0,1523,1,1523.0,1523.0,1523,1523,0.0,cudaMemPoolSetAttribute
0.0,739,1,739.0,739.0,739,739,0.0,cuModuleGetLoadingMode

Processing [/workspace/hopper-v9-experiments/profile-baseline-pie-1.sqlite] with [/opt/nvidia/nsight-systems-cli/2026.5.1/target-linux-x64/reports/cuda_gpu_mem_time_sum.py]...
Time (%),Total Time (ns),Count,Avg (ns),Med (ns),Min (ns),Max (ns),StdDev (ns),Operation
99.0,455401713,957,475863.9,864.0,704,276296370,8965045.2,[CUDA memcpy Host-to-Device]
0.6,2979233,5,595846.6,2624.0,2528,2968833,1326539.7,[CUDA memcpy Device-to-Host]
0.3,1342625,88,15257.1,1216.0,960,904033,96740.3,[CUDA memcpy Device-to-Device]
0.1,287008,100,2870.1,1312.0,768,117568,11963.3,[CUDA memset]
