DETACHED_PARENT_PCS_PHASE lane=1 selected_lane_only=true capture_ns=220113167 plans_ns=3224666 authority_ns=470487667 rows_ns=322565125
DETACHED_PARENT_CHILD_PHASE lane=1 prefix_ns=174625 transcript_ns=136375 pcs_ns=1016461958 boundary_ns=7807292 composition_ns=7145292
DETACHED_PARENT_CHILD lane=1 preparation_ns=1031757500
DETACHED_PARENT_PCS_PHASE lane=2 selected_lane_only=true capture_ns=217798292 plans_ns=3231458 authority_ns=470387250 rows_ns=317471459
DETACHED_PARENT_CHILD_PHASE lane=2 prefix_ns=147667 transcript_ns=68833 pcs_ns=1008918250 boundary_ns=7784667 composition_ns=7021542
DETACHED_PARENT_CHILD lane=2 preparation_ns=2055737042
riscv_detached_arithmetic_fusion lane=501 dot4_rows=395 multiply_add_rows=8779
riscv_detached_arithmetic_fusion lane=511 dot4_rows=2616 multiply_add_rows=3495
riscv_detached_arithmetic_fusion lane=412 dot4_rows=105869 multiply_add_rows=32356
riscv_detached_arithmetic_fusion lane=402 dot4_rows=5790 multiply_add_rows=103659
riscv_detached_arithmetic_fusion lane=502 dot4_rows=395 multiply_add_rows=8779
riscv_detached_arithmetic_fusion lane=512 dot4_rows=2616 multiply_add_rows=3495
riscv_detached_arithmetic_fusion lane=413 dot4_rows=105869 multiply_add_rows=32356
riscv_detached_arithmetic_fusion lane=403 dot4_rows=5790 multiply_add_rows=103659
riscv_detached_arithmetic_fusion lane=521 dot4_rows=2592 multiply_add_rows=2612
DETACHED_PARENT_ROW row=0 rows=6378 logical_bytes=306144
DETACHED_PARENT_ROW row=1 rows=2768 logical_bytes=531456
DETACHED_PARENT_ROW row=2 rows=2768 logical_bytes=409664
DETACHED_PARENT_ROW row=3 rows=206 logical_bytes=29664
DETACHED_PARENT_ROW row=4 rows=20496 logical_bytes=1557696
DETACHED_PARENT_ROW row=5 rows=18892 logical_bytes=1586928
DETACHED_PARENT_ROW row=6 rows=4 logical_bytes=1088
DETACHED_PARENT_ROW row=7 rows=4 logical_bytes=240
DETACHED_PARENT_ROW row=8 rows=94 logical_bytes=9400
DETACHED_PARENT_ROW row=9 rows=66 logical_bytes=8448
DETACHED_PARENT_ROW row=10 rows=8 logical_bytes=736
DETACHED_PARENT_ROW row=11 rows=61669 logical_bytes=5673548
DETACHED_PARENT_ROW row=12 rows=0 logical_bytes=0
DETACHED_PARENT_ROW row=13 rows=80125 logical_bytes=3205000
DETACHED_PARENT_ROW row=14 rows=231932 logical_bytes=50097312
DETACHED_PARENT_ROW row=20 rows=386 logical_bytes=114256
DETACHED_PARENT_ROW row=21 rows=6176 logical_bytes=2593920
DETACHED_PARENT_ROW row=22 rows=18 logical_bytes=1368
DETACHED_PARENT_ROW row=23 rows=94956 logical_bytes=33044688
DETACHED_PARENT_ROW row=24 rows=782056 logical_bytes=81333824
DETACHED_PARENT_ROW row=25 rows=23160 logical_bytes=8708160
DETACHED_PARENT_ROW row=26 rows=5790 logical_bytes=972720
DETACHED_PARENT_ROW row=27 rows=1930 logical_bytes=216160
DETACHED_PARENT_ROW row=28 rows=2702 logical_bytes=237776
DETACHED_PARENT_ROW row=29 rows=141326 logical_bytes=16959120
DETACHED_PARENT_ROW row=30 rows=678113 logical_bytes=73236204
DETACHED_PARENT_ROW row=31 rows=36030 logical_bytes=4611840
DETACHED_PARENT_ROW row=32 rows=217792 logical_bytes=44429568
DETACHED_PARENT_ROW row=33 rows=49794 logical_bytes=9162096
DETACHED_PARENT_PREPARATION rows_bytes=339039024 providers=176468 graph_ns=2343752042 snapshot_pending=true
PARENT_MAIN_FINALIZE preflight_ns=265292 main_fill_ns=96366625 source_projection_ns=847351000 range_fill_ns=732042 closure_ns=189900041
METAL_FRAMEWORK_INTERACTION rows=8192 batches=2 gpu_ms=0.059250000049360096
METAL_FRAMEWORK_INTERACTION rows=4096 batches=3 gpu_ms=0.10425000073155388
METAL_FRAMEWORK_INTERACTION rows=4096 batches=7 gpu_ms=0.12475000403355807
METAL_FRAMEWORK_INTERACTION rows=256 batches=6 gpu_ms=0.10108333663083613
METAL_FRAMEWORK_INTERACTION rows=32768 batches=1 gpu_ms=0.05287500243866816
METAL_FRAMEWORK_INTERACTION rows=32768 batches=1 gpu_ms=0.0563749999855645
METAL_FRAMEWORK_INTERACTION rows=16 batches=1 gpu_ms=0.03958333400078118
METAL_FRAMEWORK_INTERACTION rows=16 batches=1 gpu_ms=0.03229166759410873
METAL_FRAMEWORK_INTERACTION rows=128 batches=9 gpu_ms=0.12079167208867148
METAL_FRAMEWORK_INTERACTION rows=128 batches=5 gpu_ms=0.08054167119553313
METAL_FRAMEWORK_INTERACTION rows=16 batches=3 gpu_ms=0.05204166518524289
METAL_FRAMEWORK_INTERACTION rows=65536 batches=3 gpu_ms=0.185875003808178
METAL_FRAMEWORK_INTERACTION rows=16 batches=17 gpu_ms=0.22866666404297575
METAL_FRAMEWORK_INTERACTION rows=131072 batches=1 gpu_ms=0.13933332957094535
METAL_FRAMEWORK_INTERACTION rows=262144 batches=5 gpu_ms=0.9046250052051619
METAL_FRAMEWORK_INTERACTION rows=512 batches=17 gpu_ms=0.22562500089406967
METAL_FRAMEWORK_INTERACTION rows=8192 batches=1 gpu_ms=0.07562500104540959
METAL_FRAMEWORK_INTERACTION rows=32 batches=5 gpu_ms=0.06841666618129238
METAL_FRAMEWORK_INTERACTION rows=131072 batches=7 gpu_ms=1.0994166659656912
METAL_FRAMEWORK_INTERACTION rows=1048576 batches=4 gpu_ms=2.344375003303867
METAL_FRAMEWORK_INTERACTION rows=32768 batches=7 gpu_ms=0.36895833181915805
METAL_FRAMEWORK_INTERACTION rows=8192 batches=3 gpu_ms=0.27224999939789996
METAL_FRAMEWORK_INTERACTION rows=2048 batches=3 gpu_ms=0.08549999620299786
METAL_FRAMEWORK_INTERACTION rows=4096 batches=2 gpu_ms=0.08866666757967323
METAL_FRAMEWORK_INTERACTION rows=262144 batches=5 gpu_ms=0.6301250032265671
METAL_FRAMEWORK_INTERACTION rows=1048576 batches=2 gpu_ms=1.7744583310559392
METAL_FRAMEWORK_INTERACTION rows=65536 batches=1 gpu_ms=0.1188750029541552
METAL_FRAMEWORK_INTERACTION rows=262144 batches=2 gpu_ms=0.38283333560684696
METAL_FRAMEWORK_INTERACTION rows=65536 batches=2 gpu_ms=0.19583333778427914
PARENT_INTERACTION_FILL preflight_ns=825167 typed_ns=179040416 poseidon_ns=10300875 range_ns=2308292
DETACHED_PARENT_TYPED_DEVICE_INTERACTION components=29 dispatches=116
info: resident framework composition: components=30 groups=13 gpu_ms=8.257
info: resident RISC-V semantic composition: 4 components, 4 kernels, 7.033 ms GPU
info: resident RISC-V lookup composition: 1 components, 1 kernels, 0.421 ms GPU
DETACHED_PARENT_STAGE_PROFILE {"schema_version":1,"runtime":"device","example":"detached-recursive-parent","stages":[{"id":"parent.fixed","label":"Fixed columns and key admission","seconds":0.350965,"children":null},{"id":"parent.main_fill","label":"Main column allocation","seconds":0.023241,"children":null},{"id":"parent.main_finalize","label":"Main filling, range construction and exact lookup closure","seconds":1.137156,"children":null},{"id":"parent.main_commit","label":"Main commitment","seconds":0.465821,"children":null},{"id":"parent.interaction_fill","label":"Transcript and interaction columns","seconds":0.206838,"children":null},{"id":"parent.interaction_commit","label":"Interaction commitment","seconds":0.246054,"children":null},{"id":"parent.components","label":"Typed component assembly","seconds":0.004222,"children":null},{"id":"draw_random_coeff","label":"Draw random coefficient","seconds":0.000002,"children":null},{"id":"composition_trace_extract","label":"Composition trace extract","seconds":0.000007,"children":null},{"id":"composition_evaluation","label":"Composition evaluation","seconds":0.105531,"children":null},{"id":"composition_interpolate_and_split","label":"Composition interpolate and split","seconds":0.001299,"children":null},{"id":"composition_commit","label":"Composition commit","seconds":0.017272,"children":null},{"id":"oods_point_and_mask_points","label":"OODS point and mask points","seconds":0.000092,"children":null},{"id":"sampled_value_evaluation","label":"Sampled-value evaluation","seconds":0.02828,"children":null},{"id":"sampled_value_channel_mix","label":"Sampled-value channel mix","seconds":0.000664,"children":null},{"id":"fri_quotient_build_and_commit","label":"FRI quotient build + commit (lazy)","seconds":0.08575,"children":null},{"id":"proof_of_work","label":"Proof of work","seconds":0.003896,"children":null},{"id":"fri_decommit","label":"FRI decommit","seconds":0.002444,"children":null},{"id":"trace_decommit","label":"Trace decommit","seconds":0.007062,"children":null},{"id":"constraint_check_and_assembly","label":"Constraint check and assembly","seconds":0.000316,"children":null},{"id":"parent.serialize","label":"Canonical proof serialization","seconds":0.008071,"children":null}]}
DETACHED_PARENT_PCS_PHASE lane=1 selected_lane_only=true capture_ns=218576792 plans_ns=3193791 authority_ns=468342250 rows_ns=328706042
DETACHED_PARENT_CHILD_PHASE lane=1 prefix_ns=168959 transcript_ns=134541 pcs_ns=1018856834 boundary_ns=7817333 composition_ns=6982000
DETACHED_PARENT_CHILD lane=1 preparation_ns=1033980584
DETACHED_PARENT_PCS_PHASE lane=2 selected_lane_only=true capture_ns=218571333 plans_ns=3223208 authority_ns=468995542 rows_ns=315897083
DETACHED_PARENT_CHILD_PHASE lane=2 prefix_ns=145625 transcript_ns=67916 pcs_ns=1006716000 boundary_ns=7820292 composition_ns=7025208
DETACHED_PARENT_CHILD lane=2 preparation_ns=2055778125
riscv_detached_arithmetic_fusion lane=501 dot4_rows=395 multiply_add_rows=8779
riscv_detached_arithmetic_fusion lane=511 dot4_rows=2616 multiply_add_rows=3495
riscv_detached_arithmetic_fusion lane=412 dot4_rows=105869 multiply_add_rows=32356
riscv_detached_arithmetic_fusion lane=402 dot4_rows=5790 multiply_add_rows=103659
riscv_detached_arithmetic_fusion lane=502 dot4_rows=395 multiply_add_rows=8779
riscv_detached_arithmetic_fusion lane=512 dot4_rows=2616 multiply_add_rows=3495
riscv_detached_arithmetic_fusion lane=413 dot4_rows=105869 multiply_add_rows=32356
riscv_detached_arithmetic_fusion lane=403 dot4_rows=5790 multiply_add_rows=103659
riscv_detached_arithmetic_fusion lane=521 dot4_rows=2592 multiply_add_rows=2612
DETACHED_PARENT_ROW row=0 rows=6378 logical_bytes=306144
DETACHED_PARENT_ROW row=1 rows=2768 logical_bytes=531456
DETACHED_PARENT_ROW row=2 rows=2768 logical_bytes=409664
DETACHED_PARENT_ROW row=3 rows=206 logical_bytes=29664
DETACHED_PARENT_ROW row=4 rows=20496 logical_bytes=1557696
DETACHED_PARENT_ROW row=5 rows=18892 logical_bytes=1586928
DETACHED_PARENT_ROW row=6 rows=4 logical_bytes=1088
DETACHED_PARENT_ROW row=7 rows=4 logical_bytes=240
DETACHED_PARENT_ROW row=8 rows=94 logical_bytes=9400
DETACHED_PARENT_ROW row=9 rows=66 logical_bytes=8448
DETACHED_PARENT_ROW row=10 rows=8 logical_bytes=736
DETACHED_PARENT_ROW row=11 rows=61669 logical_bytes=5673548
DETACHED_PARENT_ROW row=12 rows=0 logical_bytes=0
DETACHED_PARENT_ROW row=13 rows=80125 logical_bytes=3205000
DETACHED_PARENT_ROW row=14 rows=231932 logical_bytes=50097312
DETACHED_PARENT_ROW row=20 rows=386 logical_bytes=114256
DETACHED_PARENT_ROW row=21 rows=6176 logical_bytes=2593920
DETACHED_PARENT_ROW row=22 rows=18 logical_bytes=1368
DETACHED_PARENT_ROW row=23 rows=94956 logical_bytes=33044688
DETACHED_PARENT_ROW row=24 rows=782056 logical_bytes=81333824
DETACHED_PARENT_ROW row=25 rows=23160 logical_bytes=8708160
DETACHED_PARENT_ROW row=26 rows=5790 logical_bytes=972720
DETACHED_PARENT_ROW row=27 rows=1930 logical_bytes=216160
DETACHED_PARENT_ROW row=28 rows=2702 logical_bytes=237776
DETACHED_PARENT_ROW row=29 rows=141326 logical_bytes=16959120
DETACHED_PARENT_ROW row=30 rows=678113 logical_bytes=73236204
DETACHED_PARENT_ROW row=31 rows=36030 logical_bytes=4611840
DETACHED_PARENT_ROW row=32 rows=217792 logical_bytes=44429568
DETACHED_PARENT_ROW row=33 rows=49794 logical_bytes=9162096
DETACHED_PARENT_PREPARATION rows_bytes=339039024 providers=176468 graph_ns=2346042750 snapshot_pending=true
PARENT_MAIN_FINALIZE preflight_ns=257250 main_fill_ns=98854041 source_projection_ns=838632959 range_fill_ns=728291 closure_ns=190497667
METAL_FRAMEWORK_INTERACTION rows=8192 batches=2 gpu_ms=0.04374999844003469
METAL_FRAMEWORK_INTERACTION rows=4096 batches=3 gpu_ms=0.10387499787611887
METAL_FRAMEWORK_INTERACTION rows=4096 batches=7 gpu_ms=0.1237499964190647
METAL_FRAMEWORK_INTERACTION rows=256 batches=6 gpu_ms=0.10066666436614469
METAL_FRAMEWORK_INTERACTION rows=32768 batches=1 gpu_ms=0.052124996727798134
METAL_FRAMEWORK_INTERACTION rows=32768 batches=1 gpu_ms=0.054791664297226816
METAL_FRAMEWORK_INTERACTION rows=16 batches=1 gpu_ms=0.03712499892571941
METAL_FRAMEWORK_INTERACTION rows=16 batches=1 gpu_ms=0.031958334147930145
METAL_FRAMEWORK_INTERACTION rows=128 batches=9 gpu_ms=0.1194166688947007
METAL_FRAMEWORK_INTERACTION rows=128 batches=5 gpu_ms=0.07974999607540667
METAL_FRAMEWORK_INTERACTION rows=16 batches=3 gpu_ms=0.050249997002538294
METAL_FRAMEWORK_INTERACTION rows=65536 batches=3 gpu_ms=0.17566666792845353
METAL_FRAMEWORK_INTERACTION rows=16 batches=17 gpu_ms=0.22016666480340064
METAL_FRAMEWORK_INTERACTION rows=131072 batches=1 gpu_ms=0.1376250002067536
METAL_FRAMEWORK_INTERACTION rows=262144 batches=5 gpu_ms=0.9167916650767438
METAL_FRAMEWORK_INTERACTION rows=512 batches=17 gpu_ms=0.2247500015073456
METAL_FRAMEWORK_INTERACTION rows=8192 batches=1 gpu_ms=0.07524999818997458
METAL_FRAMEWORK_INTERACTION rows=32 batches=5 gpu_ms=0.06841666618129238
METAL_FRAMEWORK_INTERACTION rows=131072 batches=7 gpu_ms=1.0767083367682062
METAL_FRAMEWORK_INTERACTION rows=1048576 batches=4 gpu_ms=2.3629999996046536
METAL_FRAMEWORK_INTERACTION rows=32768 batches=7 gpu_ms=0.36537500272970647
METAL_FRAMEWORK_INTERACTION rows=8192 batches=3 gpu_ms=0.08404166146647185
METAL_FRAMEWORK_INTERACTION rows=2048 batches=3 gpu_ms=0.05570833309320733
METAL_FRAMEWORK_INTERACTION rows=4096 batches=2 gpu_ms=0.0479166628792882
METAL_FRAMEWORK_INTERACTION rows=262144 batches=5 gpu_ms=0.6188749975990504
METAL_FRAMEWORK_INTERACTION rows=1048576 batches=2 gpu_ms=1.7714166606310755
METAL_FRAMEWORK_INTERACTION rows=65536 batches=1 gpu_ms=0.08720833284314722
METAL_FRAMEWORK_INTERACTION rows=262144 batches=2 gpu_ms=0.38333333213813603
METAL_FRAMEWORK_INTERACTION rows=65536 batches=2 gpu_ms=0.16883333591977134
PARENT_INTERACTION_FILL preflight_ns=847584 typed_ns=179390000 poseidon_ns=10357291 range_ns=2618375
DETACHED_PARENT_TYPED_DEVICE_INTERACTION components=29 dispatches=116
info: resident framework composition: components=30 groups=13 gpu_ms=8.131
info: resident RISC-V semantic composition: 4 components, 4 kernels, 7.063 ms GPU
info: resident RISC-V lookup composition: 1 components, 1 kernels, 0.426 ms GPU
DETACHED_PARENT_STAGE_PROFILE {"schema_version":1,"runtime":"device","example":"detached-recursive-parent","stages":[{"id":"parent.fixed","label":"Fixed columns and key admission","seconds":0.33773,"children":null},{"id":"parent.main_fill","label":"Main column allocation","seconds":0.023051,"children":null},{"id":"parent.main_finalize","label":"Main filling, range construction and exact lookup closure","seconds":1.13153,"children":null},{"id":"parent.main_commit","label":"Main commitment","seconds":0.468038,"children":null},{"id":"parent.interaction_fill","label":"Transcript and interaction columns","seconds":0.208072,"children":null},{"id":"parent.interaction_commit","label":"Interaction commitment","seconds":0.251041,"children":null},{"id":"parent.components","label":"Typed component assembly","seconds":0.004099,"children":null},{"id":"draw_random_coeff","label":"Draw random coefficient","seconds":0.000002,"children":null},{"id":"composition_trace_extract","label":"Composition trace extract","seconds":0.000008,"children":null},{"id":"composition_evaluation","label":"Composition evaluation","seconds":0.10264,"children":null},{"id":"composition_interpolate_and_split","label":"Composition interpolate and split","seconds":0.001987,"children":null},{"id":"composition_commit","label":"Composition commit","seconds":0.017573,"children":null},{"id":"oods_point_and_mask_points","label":"OODS point and mask points","seconds":0.000093,"children":null},{"id":"sampled_value_evaluation","label":"Sampled-value evaluation","seconds":0.027124,"children":null},{"id":"sampled_value_channel_mix","label":"Sampled-value channel mix","seconds":0.000673,"children":null},{"id":"fri_quotient_build_and_commit","label":"FRI quotient build + commit (lazy)","seconds":0.079118,"children":null},{"id":"proof_of_work","label":"Proof of work","seconds":0.003959,"children":null},{"id":"fri_decommit","label":"FRI decommit","seconds":0.002362,"children":null},{"id":"trace_decommit","label":"Trace decommit","seconds":0.005761,"children":null},{"id":"constraint_check_and_assembly","label":"Constraint check and assembly","seconds":0.00032,"children":null},{"id":"parent.serialize","label":"Canonical proof serialization","seconds":0.008316,"children":null}]}
DETACHED_PARENT_METAL dispatches=470 poseidon_commits=18 cpu_fallbacks=0 host_composition_components=0 pow_dispatches=4 runtime_released=true manifest_sha256=d3c68ca5dcfdb83c885c4bb81c6ba86cdc5501f1b8b4e19ba6f51fc3aa049899 profile=recursive_framework_v1 framework_dispatches=60
{"endpoint":"detached_parent_batch","reports":[{"endpoint":"segment_v2_detached_two_child_parent_candidate_q193","profile":"tiny-parent-root-v2","publication_mode":"root","proof_profile":"recursive_q193_v1","status":"unverified_candidate","verified":false,"development_only":true,"child_owners_destroyed":true,"producer_destroyed":true,"reused_admitted_parent_key":true,"child_key_sha256":[[214,60,24,215,93,161,32,69,64,54,137,18,21,60,2,66,153,247,215,93,214,71,196,191,90,67,15,158,29,129,78,111],[52,101,122,252,71,235,220,44,62,42,22,241,149,244,116,88,217,46,134,5,126,45,114,83,188,229,65,201,61,128,30,25]],"artifacts":{"key_sha256":[43,54,70,56,122,217,160,216,106,50,230,24,28,117,174,240,148,190,170,244,129,176,88,11,208,6,252,73,206,8,110,12],"claims_sha256":[49,178,150,212,209,141,148,238,219,93,40,66,239,70,211,225,229,134,73,248,37,59,245,119,205,108,37,34,142,53,78,179],"proof_sha256":[146,45,152,84,36,75,24,7,249,118,40,193,15,14,143,169,78,251,221,88,53,171,159,248,209,106,237,27,129,185,188,187],"proof_bytes":2297319},"candidate_root_words_sha256":[189,249,149,127,224,29,110,114,200,174,151,175,231,135,81,130,99,197,157,73,129,224,15,210,38,249,188,185,180,245,88,172],"circuit_identity":[71,179,224,242,26,78,39,100,147,248,87,173,160,231,54,27,230,179,68,85,24,188,217,151,168,142,210,196,246,195,105,67],"preparation_ns":2510650042,"key_preparation_ns":350965583,"proof_ns":2389237500,"request_ns":5421114167},{"endpoint":"segment_v2_detached_two_child_parent_candidate_q193","profile":"tiny-parent-root-v2","publication_mode":"root","proof_profile":"recursive_q193_v1","status":"unverified_candidate","verified":false,"development_only":true,"child_owners_destroyed":true,"producer_destroyed":true,"reused_admitted_parent_key":true,"child_key_sha256":[[214,60,24,215,93,161,32,69,64,54,137,18,21,60,2,66,153,247,215,93,214,71,196,191,90,67,15,158,29,129,78,111],[52,101,122,252,71,235,220,44,62,42,22,241,149,244,116,88,217,46,134,5,126,45,114,83,188,229,65,201,61,128,30,25]],"artifacts":{"key_sha256":[43,54,70,56,122,217,160,216,106,50,230,24,28,117,174,240,148,190,170,244,129,176,88,11,208,6,252,73,206,8,110,12],"claims_sha256":[49,178,150,212,209,141,148,238,219,93,40,66,239,70,211,225,229,134,73,248,37,59,245,119,205,108,37,34,142,53,78,179],"proof_sha256":[146,45,152,84,36,75,24,7,249,118,40,193,15,14,143,169,78,251,221,88,53,171,159,248,209,106,237,27,129,185,188,187],"proof_bytes":2297319},"candidate_root_words_sha256":[189,249,149,127,224,29,110,114,200,174,151,175,231,135,81,130,99,197,157,73,129,224,15,210,38,249,188,185,180,245,88,172],"circuit_identity":[71,179,224,242,26,78,39,100,147,248,87,173,160,231,54,27,230,179,68,85,24,188,217,151,168,142,210,196,246,195,105,67],"preparation_ns":2509813625,"key_preparation_ns":337725250,"proof_ns":2380757000,"request_ns":5396979500}],"plan_builds":1,"pcs_plan_builds":4,"pcs_plan_hits":0,"pcs_plan_retained_bytes":0,"requests":2,"retained_scratch_bytes":0,"elapsed_ns":10818097667}
       10.88 real         9.66 user         0.83 sys
          4392943616  maximum resident set size
                   0  average shared memory size
                   0  average unshared data size
                   0  average unshared stack size
             1193946  page reclaims
                   0  page faults
                   0  swaps
                   0  block input operations
                   0  block output operations
                   0  messages sent
                   0  messages received
                   0  signals received
                   0  voluntary context switches
                2456  involuntary context switches
        176500324047  instructions retired
         45249365749  cycles elapsed
          5516759192  peak memory footprint
