DETACHED_PARENT_PCS_PHASE lane=1 selected_lane_only=true capture_ns=219502250 plans_ns=3237583 authority_ns=469471709 rows_ns=321280250
DETACHED_PARENT_CHILD_PHASE lane=1 prefix_ns=176084 transcript_ns=148041 pcs_ns=1013548209 boundary_ns=7934875 composition_ns=7072166
DETACHED_PARENT_CHILD lane=1 preparation_ns=1028901083
DETACHED_PARENT_PCS_PHASE lane=2 selected_lane_only=true capture_ns=98951125 plans_ns=3225417 authority_ns=468714833 rows_ns=321046250
DETACHED_PARENT_CHILD_PHASE lane=2 prefix_ns=142541 transcript_ns=69292 pcs_ns=891967000 boundary_ns=7890583 composition_ns=7042125
DETACHED_PARENT_CHILD lane=2 preparation_ns=1936043666
riscv_detached_arithmetic_fusion lane=501 dot4_rows=395 multiply_add_rows=8779
riscv_detached_arithmetic_fusion lane=511 dot4_rows=2616 multiply_add_rows=3495
riscv_detached_arithmetic_fusion lane=412 dot4_rows=105869 multiply_add_rows=32356
riscv_detached_arithmetic_fusion lane=402 dot4_rows=5790 multiply_add_rows=103659
riscv_detached_arithmetic_fusion lane=502 dot4_rows=395 multiply_add_rows=8779
riscv_detached_arithmetic_fusion lane=512 dot4_rows=2616 multiply_add_rows=3495
riscv_detached_arithmetic_fusion lane=413 dot4_rows=105869 multiply_add_rows=32356
riscv_detached_arithmetic_fusion lane=403 dot4_rows=5790 multiply_add_rows=103659
riscv_detached_arithmetic_fusion lane=521 dot4_rows=2592 multiply_add_rows=2612
DETACHED_PARENT_ROW row=0 rows=6378 logical_bytes=306144
DETACHED_PARENT_ROW row=1 rows=2768 logical_bytes=531456
DETACHED_PARENT_ROW row=2 rows=2768 logical_bytes=409664
DETACHED_PARENT_ROW row=3 rows=206 logical_bytes=29664
DETACHED_PARENT_ROW row=4 rows=20496 logical_bytes=1557696
DETACHED_PARENT_ROW row=5 rows=18892 logical_bytes=1586928
DETACHED_PARENT_ROW row=6 rows=4 logical_bytes=1088
DETACHED_PARENT_ROW row=7 rows=4 logical_bytes=240
DETACHED_PARENT_ROW row=8 rows=94 logical_bytes=9400
DETACHED_PARENT_ROW row=9 rows=66 logical_bytes=8448
DETACHED_PARENT_ROW row=10 rows=8 logical_bytes=736
DETACHED_PARENT_ROW row=11 rows=61669 logical_bytes=5673548
DETACHED_PARENT_ROW row=12 rows=0 logical_bytes=0
DETACHED_PARENT_ROW row=13 rows=80125 logical_bytes=3205000
DETACHED_PARENT_ROW row=14 rows=231932 logical_bytes=50097312
DETACHED_PARENT_ROW row=20 rows=386 logical_bytes=114256
DETACHED_PARENT_ROW row=21 rows=6176 logical_bytes=2593920
DETACHED_PARENT_ROW row=22 rows=18 logical_bytes=1368
DETACHED_PARENT_ROW row=23 rows=94956 logical_bytes=33044688
DETACHED_PARENT_ROW row=24 rows=782056 logical_bytes=81333824
DETACHED_PARENT_ROW row=25 rows=23160 logical_bytes=8708160
DETACHED_PARENT_ROW row=26 rows=5790 logical_bytes=972720
DETACHED_PARENT_ROW row=27 rows=1930 logical_bytes=216160
DETACHED_PARENT_ROW row=28 rows=2702 logical_bytes=237776
DETACHED_PARENT_ROW row=29 rows=141326 logical_bytes=16959120
DETACHED_PARENT_ROW row=30 rows=678113 logical_bytes=73236204
DETACHED_PARENT_ROW row=31 rows=36030 logical_bytes=4611840
DETACHED_PARENT_ROW row=32 rows=217792 logical_bytes=44429568
DETACHED_PARENT_ROW row=33 rows=49794 logical_bytes=9162096
DETACHED_PARENT_PREPARATION rows_bytes=339039024 providers=176468 graph_ns=2223740083 snapshot_pending=true
PARENT_MAIN_FINALIZE preflight_ns=310875 main_fill_ns=100130708 source_projection_ns=840455542 range_fill_ns=710958 closure_ns=189172750
METAL_FRAMEWORK_INTERACTION rows=8192 batches=2 gpu_ms=0.038166668673511595
METAL_FRAMEWORK_INTERACTION rows=4096 batches=3 gpu_ms=0.1037499969243072
METAL_FRAMEWORK_INTERACTION rows=4096 batches=7 gpu_ms=0.12287499703234062
METAL_FRAMEWORK_INTERACTION rows=256 batches=6 gpu_ms=0.10037500032922253
METAL_FRAMEWORK_INTERACTION rows=32768 batches=1 gpu_ms=0.0538749955012463
METAL_FRAMEWORK_INTERACTION rows=32768 batches=1 gpu_ms=0.055874996178317815
METAL_FRAMEWORK_INTERACTION rows=16 batches=1 gpu_ms=0.039166661736089736
METAL_FRAMEWORK_INTERACTION rows=16 batches=1 gpu_ms=0.031208335713017732
METAL_FRAMEWORK_INTERACTION rows=128 batches=9 gpu_ms=0.11775000166380778
METAL_FRAMEWORK_INTERACTION rows=128 batches=5 gpu_ms=0.08091666677501053
METAL_FRAMEWORK_INTERACTION rows=16 batches=3 gpu_ms=0.05087500176159665
METAL_FRAMEWORK_INTERACTION rows=65536 batches=3 gpu_ms=0.17662499885773286
METAL_FRAMEWORK_INTERACTION rows=16 batches=17 gpu_ms=0.22899999748915434
METAL_FRAMEWORK_INTERACTION rows=131072 batches=1 gpu_ms=0.13754166138824075
METAL_FRAMEWORK_INTERACTION rows=262144 batches=5 gpu_ms=0.921458333323244
METAL_FRAMEWORK_INTERACTION rows=512 batches=17 gpu_ms=0.22337500558933243
METAL_FRAMEWORK_INTERACTION rows=8192 batches=1 gpu_ms=0.07587499567307532
METAL_FRAMEWORK_INTERACTION rows=32 batches=5 gpu_ms=0.06845833559054881
METAL_FRAMEWORK_INTERACTION rows=131072 batches=7 gpu_ms=1.071874998160638
METAL_FRAMEWORK_INTERACTION rows=1048576 batches=4 gpu_ms=2.3536250009783544
METAL_FRAMEWORK_INTERACTION rows=32768 batches=7 gpu_ms=0.45437499647960067
METAL_FRAMEWORK_INTERACTION rows=8192 batches=3 gpu_ms=0.12799999967683107
METAL_FRAMEWORK_INTERACTION rows=2048 batches=3 gpu_ms=0.09975000284612179
METAL_FRAMEWORK_INTERACTION rows=4096 batches=2 gpu_ms=0.08933332719607279
METAL_FRAMEWORK_INTERACTION rows=262144 batches=5 gpu_ms=0.6079166632844135
METAL_FRAMEWORK_INTERACTION rows=1048576 batches=2 gpu_ms=1.7727500016917475
METAL_FRAMEWORK_INTERACTION rows=65536 batches=1 gpu_ms=0.11899999663000926
METAL_FRAMEWORK_INTERACTION rows=262144 batches=2 gpu_ms=0.3879583309753798
METAL_FRAMEWORK_INTERACTION rows=65536 batches=2 gpu_ms=0.22000000171829015
PARENT_INTERACTION_FILL preflight_ns=847541 typed_ns=183378959 poseidon_ns=11280958 range_ns=2693417
DETACHED_PARENT_TYPED_DEVICE_INTERACTION components=29 dispatches=116
info: resident framework composition: components=30 groups=13 gpu_ms=8.631
info: resident RISC-V semantic composition: 4 components, 4 kernels, 6.798 ms GPU
info: resident RISC-V lookup composition: 1 components, 1 kernels, 0.424 ms GPU
DETACHED_PARENT_STAGE_PROFILE {"schema_version":1,"runtime":"device","example":"detached-recursive-parent","stages":[{"id":"parent.fixed","label":"Fixed columns and key admission","seconds":0.347262,"children":null},{"id":"parent.main_fill","label":"Main column allocation","seconds":0.024035,"children":null},{"id":"parent.main_finalize","label":"Main filling, range construction and exact lookup closure","seconds":1.13336,"children":null},{"id":"parent.main_commit","label":"Main commitment","seconds":0.472043,"children":null},{"id":"parent.interaction_fill","label":"Transcript and interaction columns","seconds":0.211721,"children":null},{"id":"parent.interaction_commit","label":"Interaction commitment","seconds":0.248975,"children":null},{"id":"parent.components","label":"Typed component assembly","seconds":0.004201,"children":null},{"id":"draw_random_coeff","label":"Draw random coefficient","seconds":0.000003,"children":null},{"id":"composition_trace_extract","label":"Composition trace extract","seconds":0.00001,"children":null},{"id":"composition_evaluation","label":"Composition evaluation","seconds":0.102331,"children":null},{"id":"composition_interpolate_and_split","label":"Composition interpolate and split","seconds":0.00219,"children":null},{"id":"composition_commit","label":"Composition commit","seconds":0.017402,"children":null},{"id":"oods_point_and_mask_points","label":"OODS point and mask points","seconds":0.000086,"children":null},{"id":"sampled_value_evaluation","label":"Sampled-value evaluation","seconds":0.028499,"children":null},{"id":"sampled_value_channel_mix","label":"Sampled-value channel mix","seconds":0.000655,"children":null},{"id":"fri_quotient_build_and_commit","label":"FRI quotient build + commit (lazy)","seconds":0.08074,"children":null},{"id":"proof_of_work","label":"Proof of work","seconds":0.003998,"children":null},{"id":"fri_decommit","label":"FRI decommit","seconds":0.002467,"children":null},{"id":"trace_decommit","label":"Trace decommit","seconds":0.006082,"children":null},{"id":"constraint_check_and_assembly","label":"Constraint check and assembly","seconds":0.000312,"children":null},{"id":"parent.serialize","label":"Canonical proof serialization","seconds":0.008182,"children":null}]}
DETACHED_PARENT_PCS_PHASE lane=1 selected_lane_only=true capture_ns=100348292 plans_ns=3189125 authority_ns=470386583 rows_ns=323439833
DETACHED_PARENT_CHILD_PHASE lane=1 prefix_ns=159417 transcript_ns=131875 pcs_ns=897405750 boundary_ns=7768208 composition_ns=7070875
DETACHED_PARENT_CHILD lane=1 preparation_ns=912557584
DETACHED_PARENT_PCS_PHASE lane=2 selected_lane_only=true capture_ns=98424417 plans_ns=3226250 authority_ns=467182833 rows_ns=316154500
DETACHED_PARENT_CHILD_PHASE lane=2 prefix_ns=144916 transcript_ns=69042 pcs_ns=885019917 boundary_ns=7783500 composition_ns=7002000
DETACHED_PARENT_CHILD lane=2 preparation_ns=1812599167
riscv_detached_arithmetic_fusion lane=501 dot4_rows=395 multiply_add_rows=8779
riscv_detached_arithmetic_fusion lane=511 dot4_rows=2616 multiply_add_rows=3495
riscv_detached_arithmetic_fusion lane=412 dot4_rows=105869 multiply_add_rows=32356
riscv_detached_arithmetic_fusion lane=402 dot4_rows=5790 multiply_add_rows=103659
riscv_detached_arithmetic_fusion lane=502 dot4_rows=395 multiply_add_rows=8779
riscv_detached_arithmetic_fusion lane=512 dot4_rows=2616 multiply_add_rows=3495
riscv_detached_arithmetic_fusion lane=413 dot4_rows=105869 multiply_add_rows=32356
riscv_detached_arithmetic_fusion lane=403 dot4_rows=5790 multiply_add_rows=103659
riscv_detached_arithmetic_fusion lane=521 dot4_rows=2592 multiply_add_rows=2612
DETACHED_PARENT_ROW row=0 rows=6378 logical_bytes=306144
DETACHED_PARENT_ROW row=1 rows=2768 logical_bytes=531456
DETACHED_PARENT_ROW row=2 rows=2768 logical_bytes=409664
DETACHED_PARENT_ROW row=3 rows=206 logical_bytes=29664
DETACHED_PARENT_ROW row=4 rows=20496 logical_bytes=1557696
DETACHED_PARENT_ROW row=5 rows=18892 logical_bytes=1586928
DETACHED_PARENT_ROW row=6 rows=4 logical_bytes=1088
DETACHED_PARENT_ROW row=7 rows=4 logical_bytes=240
DETACHED_PARENT_ROW row=8 rows=94 logical_bytes=9400
DETACHED_PARENT_ROW row=9 rows=66 logical_bytes=8448
DETACHED_PARENT_ROW row=10 rows=8 logical_bytes=736
DETACHED_PARENT_ROW row=11 rows=61669 logical_bytes=5673548
DETACHED_PARENT_ROW row=12 rows=0 logical_bytes=0
DETACHED_PARENT_ROW row=13 rows=80125 logical_bytes=3205000
DETACHED_PARENT_ROW row=14 rows=231932 logical_bytes=50097312
DETACHED_PARENT_ROW row=20 rows=386 logical_bytes=114256
DETACHED_PARENT_ROW row=21 rows=6176 logical_bytes=2593920
DETACHED_PARENT_ROW row=22 rows=18 logical_bytes=1368
DETACHED_PARENT_ROW row=23 rows=94956 logical_bytes=33044688
DETACHED_PARENT_ROW row=24 rows=782056 logical_bytes=81333824
DETACHED_PARENT_ROW row=25 rows=23160 logical_bytes=8708160
DETACHED_PARENT_ROW row=26 rows=5790 logical_bytes=972720
DETACHED_PARENT_ROW row=27 rows=1930 logical_bytes=216160
DETACHED_PARENT_ROW row=28 rows=2702 logical_bytes=237776
DETACHED_PARENT_ROW row=29 rows=141326 logical_bytes=16959120
DETACHED_PARENT_ROW row=30 rows=678113 logical_bytes=73236204
DETACHED_PARENT_ROW row=31 rows=36030 logical_bytes=4611840
DETACHED_PARENT_ROW row=32 rows=217792 logical_bytes=44429568
DETACHED_PARENT_ROW row=33 rows=49794 logical_bytes=9162096
DETACHED_PARENT_PREPARATION rows_bytes=339039024 providers=176468 graph_ns=2101466417 snapshot_pending=true
PARENT_MAIN_FINALIZE preflight_ns=356958 main_fill_ns=98580083 source_projection_ns=837842542 range_fill_ns=714250 closure_ns=186077333
METAL_FRAMEWORK_INTERACTION rows=8192 batches=2 gpu_ms=0.03445833135629073
METAL_FRAMEWORK_INTERACTION rows=4096 batches=3 gpu_ms=0.10979166836477816
METAL_FRAMEWORK_INTERACTION rows=4096 batches=7 gpu_ms=0.12324999988777563
METAL_FRAMEWORK_INTERACTION rows=256 batches=6 gpu_ms=0.10458333417773247
METAL_FRAMEWORK_INTERACTION rows=32768 batches=1 gpu_ms=0.055000004067551345
METAL_FRAMEWORK_INTERACTION rows=32768 batches=1 gpu_ms=0.055666670959908515
METAL_FRAMEWORK_INTERACTION rows=16 batches=1 gpu_ms=0.03766666486626491
METAL_FRAMEWORK_INTERACTION rows=16 batches=1 gpu_ms=0.03162500070175156
METAL_FRAMEWORK_INTERACTION rows=128 batches=9 gpu_ms=0.11904166603926569
METAL_FRAMEWORK_INTERACTION rows=128 batches=5 gpu_ms=0.08495833026245236
METAL_FRAMEWORK_INTERACTION rows=16 batches=3 gpu_ms=0.05041666008764878
METAL_FRAMEWORK_INTERACTION rows=65536 batches=3 gpu_ms=0.17625000327825546
METAL_FRAMEWORK_INTERACTION rows=16 batches=17 gpu_ms=0.23058333317749202
METAL_FRAMEWORK_INTERACTION rows=131072 batches=1 gpu_ms=0.14312500570667908
METAL_FRAMEWORK_INTERACTION rows=262144 batches=5 gpu_ms=0.8986666653072461
METAL_FRAMEWORK_INTERACTION rows=512 batches=17 gpu_ms=0.22358333080774173
METAL_FRAMEWORK_INTERACTION rows=8192 batches=1 gpu_ms=0.07679166446905583
METAL_FRAMEWORK_INTERACTION rows=32 batches=5 gpu_ms=0.06929166556801647
METAL_FRAMEWORK_INTERACTION rows=131072 batches=7 gpu_ms=1.0893333310377784
METAL_FRAMEWORK_INTERACTION rows=1048576 batches=4 gpu_ms=2.3512083280365914
METAL_FRAMEWORK_INTERACTION rows=32768 batches=7 gpu_ms=0.369916670024395
METAL_FRAMEWORK_INTERACTION rows=8192 batches=3 gpu_ms=0.1613749991520308
METAL_FRAMEWORK_INTERACTION rows=2048 batches=3 gpu_ms=0.09575000149197876
METAL_FRAMEWORK_INTERACTION rows=4096 batches=2 gpu_ms=0.0837499974295497
METAL_FRAMEWORK_INTERACTION rows=262144 batches=5 gpu_ms=0.6169166663312353
METAL_FRAMEWORK_INTERACTION rows=1048576 batches=2 gpu_ms=1.7717916707624681
METAL_FRAMEWORK_INTERACTION rows=65536 batches=1 gpu_ms=0.08824999531498179
METAL_FRAMEWORK_INTERACTION rows=262144 batches=2 gpu_ms=0.39537500560982153
METAL_FRAMEWORK_INTERACTION rows=65536 batches=2 gpu_ms=0.15675000031478703
PARENT_INTERACTION_FILL preflight_ns=879125 typed_ns=177861833 poseidon_ns=10706250 range_ns=2607000
DETACHED_PARENT_TYPED_DEVICE_INTERACTION components=29 dispatches=116
info: resident framework composition: components=30 groups=13 gpu_ms=8.663
info: resident RISC-V semantic composition: 4 components, 4 kernels, 7.026 ms GPU
info: resident RISC-V lookup composition: 1 components, 1 kernels, 0.440 ms GPU
DETACHED_PARENT_STAGE_PROFILE {"schema_version":1,"runtime":"device","example":"detached-recursive-parent","stages":[{"id":"parent.fixed","label":"Fixed columns and key admission","seconds":0.335383,"children":null},{"id":"parent.main_fill","label":"Main column allocation","seconds":0.022775,"children":null},{"id":"parent.main_finalize","label":"Main filling, range construction and exact lookup closure","seconds":1.126179,"children":null},{"id":"parent.main_commit","label":"Main commitment","seconds":0.465274,"children":null},{"id":"parent.interaction_fill","label":"Transcript and interaction columns","seconds":0.206719,"children":null},{"id":"parent.interaction_commit","label":"Interaction commitment","seconds":0.247516,"children":null},{"id":"parent.components","label":"Typed component assembly","seconds":0.004348,"children":null},{"id":"draw_random_coeff","label":"Draw random coefficient","seconds":0.000003,"children":null},{"id":"composition_trace_extract","label":"Composition trace extract","seconds":0.000009,"children":null},{"id":"composition_evaluation","label":"Composition evaluation","seconds":0.104838,"children":null},{"id":"composition_interpolate_and_split","label":"Composition interpolate and split","seconds":0.002058,"children":null},{"id":"composition_commit","label":"Composition commit","seconds":0.017698,"children":null},{"id":"oods_point_and_mask_points","label":"OODS point and mask points","seconds":0.000098,"children":null},{"id":"sampled_value_evaluation","label":"Sampled-value evaluation","seconds":0.025414,"children":null},{"id":"sampled_value_channel_mix","label":"Sampled-value channel mix","seconds":0.00065,"children":null},{"id":"fri_quotient_build_and_commit","label":"FRI quotient build + commit (lazy)","seconds":0.082433,"children":null},{"id":"proof_of_work","label":"Proof of work","seconds":0.004001,"children":null},{"id":"fri_decommit","label":"FRI decommit","seconds":0.002477,"children":null},{"id":"trace_decommit","label":"Trace decommit","seconds":0.005346,"children":null},{"id":"constraint_check_and_assembly","label":"Constraint check and assembly","seconds":0.000315,"children":null},{"id":"parent.serialize","label":"Canonical proof serialization","seconds":0.008142,"children":null}]}
DETACHED_PARENT_METAL dispatches=470 poseidon_commits=18 cpu_fallbacks=0 host_composition_components=0 pow_dispatches=4 runtime_released=true manifest_sha256=d3c68ca5dcfdb83c885c4bb81c6ba86cdc5501f1b8b4e19ba6f51fc3aa049899 profile=recursive_framework_v1 framework_dispatches=60
{"endpoint":"detached_parent_batch","reports":[{"endpoint":"segment_v2_detached_two_child_parent_candidate_q193","profile":"tiny-parent-root-v2","publication_mode":"root","proof_profile":"recursive_q193_v1","status":"unverified_candidate","verified":false,"development_only":true,"child_owners_destroyed":true,"producer_destroyed":true,"reused_admitted_parent_key":true,"child_key_sha256":[[214,60,24,215,93,161,32,69,64,54,137,18,21,60,2,66,153,247,215,93,214,71,196,191,90,67,15,158,29,129,78,111],[52,101,122,252,71,235,220,44,62,42,22,241,149,244,116,88,217,46,134,5,126,45,114,83,188,229,65,201,61,128,30,25]],"artifacts":{"key_sha256":[43,54,70,56,122,217,160,216,106,50,230,24,28,117,174,240,148,190,170,244,129,176,88,11,208,6,252,73,206,8,110,12],"claims_sha256":[49,178,150,212,209,141,148,238,219,93,40,66,239,70,211,225,229,134,73,248,37,59,245,119,205,108,37,34,142,53,78,179],"proof_sha256":[146,45,152,84,36,75,24,7,249,118,40,193,15,14,143,169,78,251,221,88,53,171,159,248,209,106,237,27,129,185,188,187],"proof_bytes":2297319},"candidate_root_words_sha256":[189,249,149,127,224,29,110,114,200,174,151,175,231,135,81,130,99,197,157,73,129,224,15,210,38,249,188,185,180,245,88,172],"circuit_identity":[71,179,224,242,26,78,39,100,147,248,87,173,160,231,54,27,230,179,68,85,24,188,217,151,168,142,210,196,246,195,105,67],"preparation_ns":2390590791,"key_preparation_ns":347263458,"proof_ns":2394498500,"request_ns":5300975208},{"endpoint":"segment_v2_detached_two_child_parent_candidate_q193","profile":"tiny-parent-root-v2","publication_mode":"root","proof_profile":"recursive_q193_v1","status":"unverified_candidate","verified":false,"development_only":true,"child_owners_destroyed":true,"producer_destroyed":true,"reused_admitted_parent_key":true,"child_key_sha256":[[214,60,24,215,93,161,32,69,64,54,137,18,21,60,2,66,153,247,215,93,214,71,196,191,90,67,15,158,29,129,78,111],[52,101,122,252,71,235,220,44,62,42,22,241,149,244,116,88,217,46,134,5,126,45,114,83,188,229,65,201,61,128,30,25]],"artifacts":{"key_sha256":[43,54,70,56,122,217,160,216,106,50,230,24,28,117,174,240,148,190,170,244,129,176,88,11,208,6,252,73,206,8,110,12],"claims_sha256":[49,178,150,212,209,141,148,238,219,93,40,66,239,70,211,225,229,134,73,248,37,59,245,119,205,108,37,34,142,53,78,179],"proof_sha256":[146,45,152,84,36,75,24,7,249,118,40,193,15,14,143,169,78,251,221,88,53,171,159,248,209,106,237,27,129,185,188,187],"proof_bytes":2297319},"candidate_root_words_sha256":[189,249,149,127,224,29,110,114,200,174,151,175,231,135,81,130,99,197,157,73,129,224,15,210,38,249,188,185,180,245,88,172],"circuit_identity":[71,179,224,242,26,78,39,100,147,248,87,173,160,231,54,27,230,179,68,85,24,188,217,151,168,142,210,196,246,195,105,67],"preparation_ns":2268182292,"key_preparation_ns":335377292,"proof_ns":2371501875,"request_ns":5143990250}],"plan_builds":1,"pcs_plan_builds":1,"pcs_plan_hits":3,"pcs_plan_retained_bytes":35197331,"requests":2,"retained_scratch_bytes":0,"elapsed_ns":10444969333}
       10.50 real         9.29 user         0.82 sys
          4427710464  maximum resident set size
                   0  average shared memory size
                   0  average unshared data size
                   0  average unshared stack size
             1163297  page reclaims
                   0  page faults
                   0  swaps
                   0  block input operations
                   0  block output operations
                   0  messages sent
                   0  messages received
                   0  signals received
                   2  voluntary context switches
                2607  involuntary context switches
        168698341440  instructions retired
         43887749847  cycles elapsed
          5551608056  peak memory footprint
