METAL_STREAM_LEAVES columns=137 log=20 tile_log=17 scratch_bytes=37748736 dispatches=24 gpu_ms=3.901
METAL_STREAM_LEAVES columns=137 log=20 tile_log=17 scratch_bytes=37748736 dispatches=24 gpu_ms=2.140
METAL_STREAM_LEAVES columns=619 log=20 tile_log=17 scratch_bytes=54525952 dispatches=80 gpu_ms=9.450
METAL_FRAMEWORK_INTERACTION rows=524288 batches=33 gpu_ms=20.96512500429526
METAL_FRAMEWORK_INTERACTION rows=131072 batches=4 gpu_ms=0.25708333123475313
METAL_FRAMEWORK_INTERACTION rows=262144 batches=1 gpu_ms=0.25929167168214917
METAL_FRAMEWORK_INTERACTION rows=131072 batches=2 gpu_ms=0.2806249831337482
METAL_FRAMEWORK_INTERACTION rows=1024 batches=2 gpu_ms=0.029499991796910763
METAL_FRAMEWORK_INTERACTION rows=4096 batches=1 gpu_ms=0.0321249826811254
METAL_FRAMEWORK_INTERACTION rows=4096 batches=2 gpu_ms=0.03995833685621619
METAL_FRAMEWORK_INTERACTION rows=8192 batches=1 gpu_ms=0.023583328584209085
METAL_STREAM_LEAVES columns=572 log=20 tile_log=17 scratch_bytes=54525952 dispatches=88 gpu_ms=10.025
METAL_FRAMEWORK_COMPOSITION components=8 groups=6 gpu_ms=34.490
BLAKE3_EXECUTION_STAGE_PROFILE {"schema_version":1,"runtime":"native","example":"blake3-execution","stages":[{"id":"execution.fixed","label":"Admission and fixed commitment","seconds":0.065724,"children":null},{"id":"execution.main","label":"Main commitment","seconds":0.12365,"children":null},{"id":"execution.native_interaction","label":"Native interaction generation","seconds":0.015588,"children":null},{"id":"execution.hash_interaction","label":"Hash interaction generation","seconds":0.081526,"children":null},{"id":"execution.interaction_commit","label":"Interaction closure and commitment","seconds":0.136125,"children":null},{"id":"execution.core","label":"Core STARK proof","seconds":0.246743,"children":[{"id":"draw_random_coeff","label":"Draw random coefficient","seconds":0,"children":null},{"id":"composition_trace_extract","label":"Composition trace extract","seconds":0.000008,"children":null},{"id":"composition_evaluation","label":"Composition evaluation","seconds":0.147161,"children":null},{"id":"composition_interpolate_and_split","label":"Composition interpolate and split","seconds":0.002461,"children":null},{"id":"composition_commit","label":"Composition commit","seconds":0.003096,"children":null},{"id":"oods_point_and_mask_points","label":"OODS point and mask points","seconds":0.000234,"children":null},{"id":"sampled_value_evaluation","label":"Sampled-value evaluation","seconds":0.02427,"children":null},{"id":"sampled_value_channel_mix","label":"Sampled-value channel mix","seconds":0.000049,"children":null},{"id":"fri_quotient_build_and_commit","label":"FRI quotient build + commit (lazy)","seconds":0.04928,"children":null},{"id":"proof_of_work","label":"Proof of work","seconds":0.005275,"children":null},{"id":"fri_decommit","label":"FRI decommit","seconds":0.003834,"children":null},{"id":"trace_decommit","label":"Trace decommit","seconds":0.001887,"children":null},{"id":"constraint_check_and_assembly","label":"Constraint check and assembly","seconds":0.000235,"children":null}]}]}
METAL_STREAM_LEAVES columns=137 log=20 tile_log=17 scratch_bytes=37748736 dispatches=24 gpu_ms=2.803
METAL_STREAM_LEAVES columns=137 log=20 tile_log=17 scratch_bytes=37748736 dispatches=24 gpu_ms=1.958
METAL_STREAM_LEAVES columns=619 log=20 tile_log=17 scratch_bytes=54525952 dispatches=80 gpu_ms=9.551
METAL_FRAMEWORK_INTERACTION rows=524288 batches=33 gpu_ms=24.781374988378957
METAL_FRAMEWORK_INTERACTION rows=131072 batches=4 gpu_ms=0.2517916727811098
METAL_FRAMEWORK_INTERACTION rows=262144 batches=1 gpu_ms=0.2569166535977274
METAL_FRAMEWORK_INTERACTION rows=131072 batches=2 gpu_ms=0.3803333383984864
METAL_FRAMEWORK_INTERACTION rows=1024 batches=2 gpu_ms=0.030958355637267232
METAL_FRAMEWORK_INTERACTION rows=4096 batches=1 gpu_ms=0.033499993151053786
METAL_FRAMEWORK_INTERACTION rows=4096 batches=2 gpu_ms=0.04199999966658652
METAL_FRAMEWORK_INTERACTION rows=8192 batches=1 gpu_ms=0.02462498378008604
METAL_STREAM_LEAVES columns=572 log=20 tile_log=17 scratch_bytes=54525952 dispatches=88 gpu_ms=9.004
METAL_FRAMEWORK_COMPOSITION components=8 groups=6 gpu_ms=34.398
BLAKE3_EXECUTION_STAGE_PROFILE {"schema_version":1,"runtime":"native","example":"blake3-execution","stages":[{"id":"execution.fixed","label":"Admission and fixed commitment","seconds":0.064633,"children":null},{"id":"execution.main","label":"Main commitment","seconds":0.126224,"children":null},{"id":"execution.native_interaction","label":"Native interaction generation","seconds":0.015603,"children":null},{"id":"execution.hash_interaction","label":"Hash interaction generation","seconds":0.079712,"children":null},{"id":"execution.interaction_commit","label":"Interaction closure and commitment","seconds":0.134307,"children":null},{"id":"execution.core","label":"Core STARK proof","seconds":0.227991,"children":[{"id":"draw_random_coeff","label":"Draw random coefficient","seconds":0,"children":null},{"id":"composition_trace_extract","label":"Composition trace extract","seconds":0.000005,"children":null},{"id":"composition_evaluation","label":"Composition evaluation","seconds":0.126946,"children":null},{"id":"composition_interpolate_and_split","label":"Composition interpolate and split","seconds":0.002428,"children":null},{"id":"composition_commit","label":"Composition commit","seconds":0.003049,"children":null},{"id":"oods_point_and_mask_points","label":"OODS point and mask points","seconds":0.000242,"children":null},{"id":"sampled_value_evaluation","label":"Sampled-value evaluation","seconds":0.028034,"children":null},{"id":"sampled_value_channel_mix","label":"Sampled-value channel mix","seconds":0.000051,"children":null},{"id":"fri_quotient_build_and_commit","label":"FRI quotient build + commit (lazy)","seconds":0.048035,"children":null},{"id":"proof_of_work","label":"Proof of work","seconds":0.004795,"children":null},{"id":"fri_decommit","label":"FRI decommit","seconds":0.003924,"children":null},{"id":"trace_decommit","label":"Trace decommit","seconds":0.00133,"children":null},{"id":"constraint_check_and_assembly","label":"Constraint check and assembly","seconds":0.00022,"children":null}]}]}
METAL_STREAM_LEAVES columns=137 log=20 tile_log=17 scratch_bytes=37748736 dispatches=24 gpu_ms=2.516
METAL_STREAM_LEAVES columns=137 log=20 tile_log=17 scratch_bytes=37748736 dispatches=24 gpu_ms=2.564
METAL_STREAM_LEAVES columns=619 log=20 tile_log=17 scratch_bytes=54525952 dispatches=80 gpu_ms=9.869
METAL_FRAMEWORK_INTERACTION rows=524288 batches=33 gpu_ms=22.016750008333474
METAL_FRAMEWORK_INTERACTION rows=131072 batches=4 gpu_ms=0.2517916727811098
METAL_FRAMEWORK_INTERACTION rows=262144 batches=1 gpu_ms=0.2786249970085919
METAL_FRAMEWORK_INTERACTION rows=131072 batches=2 gpu_ms=0.3006249899044633
METAL_FRAMEWORK_INTERACTION rows=1024 batches=2 gpu_ms=0.02862501423805952
METAL_FRAMEWORK_INTERACTION rows=4096 batches=1 gpu_ms=0.03187500988133252
METAL_FRAMEWORK_INTERACTION rows=4096 batches=2 gpu_ms=0.03950000973418355
METAL_FRAMEWORK_INTERACTION rows=8192 batches=1 gpu_ms=0.023500004317611456
METAL_STREAM_LEAVES columns=572 log=20 tile_log=17 scratch_bytes=54525952 dispatches=88 gpu_ms=9.436
METAL_FRAMEWORK_COMPOSITION components=8 groups=6 gpu_ms=35.051
BLAKE3_EXECUTION_STAGE_PROFILE {"schema_version":1,"runtime":"native","example":"blake3-execution","stages":[{"id":"execution.fixed","label":"Admission and fixed commitment","seconds":0.06441,"children":null},{"id":"execution.main","label":"Main commitment","seconds":0.129108,"children":null},{"id":"execution.native_interaction","label":"Native interaction generation","seconds":0.015774,"children":null},{"id":"execution.hash_interaction","label":"Hash interaction generation","seconds":0.077068,"children":null},{"id":"execution.interaction_commit","label":"Interaction closure and commitment","seconds":0.134459,"children":null},{"id":"execution.core","label":"Core STARK proof","seconds":0.230714,"children":[{"id":"draw_random_coeff","label":"Draw random coefficient","seconds":0.000001,"children":null},{"id":"composition_trace_extract","label":"Composition trace extract","seconds":0.000007,"children":null},{"id":"composition_evaluation","label":"Composition evaluation","seconds":0.12927,"children":null},{"id":"composition_interpolate_and_split","label":"Composition interpolate and split","seconds":0.002449,"children":null},{"id":"composition_commit","label":"Composition commit","seconds":0.003079,"children":null},{"id":"oods_point_and_mask_points","label":"OODS point and mask points","seconds":0.00024,"children":null},{"id":"sampled_value_evaluation","label":"Sampled-value evaluation","seconds":0.028851,"children":null},{"id":"sampled_value_channel_mix","label":"Sampled-value channel mix","seconds":0.000048,"children":null},{"id":"fri_quotient_build_and_commit","label":"FRI quotient build + commit (lazy)","seconds":0.047647,"children":null},{"id":"proof_of_work","label":"Proof of work","seconds":0.005448,"children":null},{"id":"fri_decommit","label":"FRI decommit","seconds":0.003468,"children":null},{"id":"trace_decommit","label":"Trace decommit","seconds":0.001651,"children":null},{"id":"constraint_check_and_assembly","label":"Constraint check and assembly","seconds":0.000208,"children":null}]}]}
