METAL_STREAM_LEAVES columns=137 log=21 tile_log=17 scratch_bytes=37748736 dispatches=32 gpu_ms=6.455
METAL_STREAM_LEAVES columns=137 log=21 tile_log=17 scratch_bytes=37748736 dispatches=32 gpu_ms=5.155
METAL_STREAM_LEAVES columns=619 log=21 tile_log=17 scratch_bytes=54525952 dispatches=160 gpu_ms=19.136
METAL_FRAMEWORK_INTERACTION rows=1048576 batches=33 gpu_ms=34.87195834168233
METAL_FRAMEWORK_INTERACTION rows=262144 batches=4 gpu_ms=0.46245832345448434
METAL_FRAMEWORK_INTERACTION rows=262144 batches=1 gpu_ms=0.23624999448657036
METAL_FRAMEWORK_INTERACTION rows=131072 batches=2 gpu_ms=0.3871666849590838
METAL_FRAMEWORK_INTERACTION rows=1024 batches=2 gpu_ms=0.22687501041218638
METAL_FRAMEWORK_INTERACTION rows=4096 batches=1 gpu_ms=0.0319166574627161
METAL_FRAMEWORK_INTERACTION rows=4096 batches=2 gpu_ms=0.04025001544505358
METAL_FRAMEWORK_INTERACTION rows=4096 batches=1 gpu_ms=0.021708314307034016
METAL_STREAM_LEAVES columns=572 log=21 tile_log=17 scratch_bytes=54525952 dispatches=160 gpu_ms=17.737
METAL_FRAMEWORK_COMPOSITION components=8 groups=5 gpu_ms=68.807
BLAKE3_EXECUTION_STAGE_PROFILE {"schema_version":1,"runtime":"native","example":"blake3-execution","stages":[{"id":"execution.fixed","label":"Admission and fixed commitment","seconds":0.099717,"children":null},{"id":"execution.main","label":"Main commitment","seconds":0.241558,"children":null},{"id":"execution.native_interaction","label":"Native interaction generation","seconds":0.018795,"children":null},{"id":"execution.hash_interaction","label":"Hash interaction generation","seconds":0.148808,"children":null},{"id":"execution.interaction_commit","label":"Interaction closure and commitment","seconds":0.259177,"children":null},{"id":"execution.core","label":"Core STARK proof","seconds":0.611703,"children":[{"id":"draw_random_coeff","label":"Draw random coefficient","seconds":0,"children":null},{"id":"composition_trace_extract","label":"Composition trace extract","seconds":0.000009,"children":null},{"id":"composition_evaluation","label":"Composition evaluation","seconds":0.295366,"children":null},{"id":"composition_interpolate_and_split","label":"Composition interpolate and split","seconds":0.005022,"children":null},{"id":"composition_commit","label":"Composition commit","seconds":0.006502,"children":null},{"id":"oods_point_and_mask_points","label":"OODS point and mask points","seconds":0.000242,"children":null},{"id":"sampled_value_evaluation","label":"Sampled-value evaluation","seconds":0.181343,"children":null},{"id":"sampled_value_channel_mix","label":"Sampled-value channel mix","seconds":0.000053,"children":null},{"id":"fri_quotient_build_and_commit","label":"FRI quotient build + commit (lazy)","seconds":0.082262,"children":null},{"id":"proof_of_work","label":"Proof of work","seconds":0.016261,"children":null},{"id":"fri_decommit","label":"FRI decommit","seconds":0.006587,"children":null},{"id":"trace_decommit","label":"Trace decommit","seconds":0.001862,"children":null},{"id":"constraint_check_and_assembly","label":"Constraint check and assembly","seconds":0.000244,"children":null}]}]}
METAL_STREAM_LEAVES columns=137 log=21 tile_log=17 scratch_bytes=37748736 dispatches=32 gpu_ms=4.902
METAL_STREAM_LEAVES columns=137 log=21 tile_log=17 scratch_bytes=37748736 dispatches=32 gpu_ms=5.305
METAL_STREAM_LEAVES columns=619 log=21 tile_log=17 scratch_bytes=54525952 dispatches=160 gpu_ms=19.839
METAL_FRAMEWORK_INTERACTION rows=1048576 batches=33 gpu_ms=40.06537498207763
METAL_FRAMEWORK_INTERACTION rows=262144 batches=4 gpu_ms=0.4566249845083803
METAL_FRAMEWORK_INTERACTION rows=262144 batches=1 gpu_ms=0.2660000172909349
METAL_FRAMEWORK_INTERACTION rows=131072 batches=2 gpu_ms=0.3417083353269845
METAL_FRAMEWORK_INTERACTION rows=1024 batches=2 gpu_ms=0.054500007536262274
METAL_FRAMEWORK_INTERACTION rows=4096 batches=1 gpu_ms=0.12075001723133028
METAL_FRAMEWORK_INTERACTION rows=4096 batches=2 gpu_ms=0.1732500095386058
METAL_FRAMEWORK_INTERACTION rows=4096 batches=1 gpu_ms=0.022416672436520457
METAL_STREAM_LEAVES columns=572 log=21 tile_log=17 scratch_bytes=54525952 dispatches=160 gpu_ms=17.748
METAL_FRAMEWORK_COMPOSITION components=8 groups=5 gpu_ms=67.839
BLAKE3_EXECUTION_STAGE_PROFILE {"schema_version":1,"runtime":"native","example":"blake3-execution","stages":[{"id":"execution.fixed","label":"Admission and fixed commitment","seconds":0.100818,"children":null},{"id":"execution.main","label":"Main commitment","seconds":0.253967,"children":null},{"id":"execution.native_interaction","label":"Native interaction generation","seconds":0.018759,"children":null},{"id":"execution.hash_interaction","label":"Hash interaction generation","seconds":0.146859,"children":null},{"id":"execution.interaction_commit","label":"Interaction closure and commitment","seconds":0.257253,"children":null},{"id":"execution.core","label":"Core STARK proof","seconds":0.576053,"children":[{"id":"draw_random_coeff","label":"Draw random coefficient","seconds":0,"children":null},{"id":"composition_trace_extract","label":"Composition trace extract","seconds":0.000006,"children":null},{"id":"composition_evaluation","label":"Composition evaluation","seconds":0.257485,"children":null},{"id":"composition_interpolate_and_split","label":"Composition interpolate and split","seconds":0.00916,"children":null},{"id":"composition_commit","label":"Composition commit","seconds":0.006265,"children":null},{"id":"oods_point_and_mask_points","label":"OODS point and mask points","seconds":0.000264,"children":null},{"id":"sampled_value_evaluation","label":"Sampled-value evaluation","seconds":0.182727,"children":null},{"id":"sampled_value_channel_mix","label":"Sampled-value channel mix","seconds":0.000052,"children":null},{"id":"fri_quotient_build_and_commit","label":"FRI quotient build + commit (lazy)","seconds":0.081345,"children":null},{"id":"proof_of_work","label":"Proof of work","seconds":0.015343,"children":null},{"id":"fri_decommit","label":"FRI decommit","seconds":0.006293,"children":null},{"id":"trace_decommit","label":"Trace decommit","seconds":0.001998,"children":null},{"id":"constraint_check_and_assembly","label":"Constraint check and assembly","seconds":0.000221,"children":null}]}]}
METAL_STREAM_LEAVES columns=137 log=21 tile_log=17 scratch_bytes=37748736 dispatches=32 gpu_ms=4.653
METAL_STREAM_LEAVES columns=137 log=21 tile_log=17 scratch_bytes=37748736 dispatches=32 gpu_ms=4.033
METAL_STREAM_LEAVES columns=619 log=21 tile_log=17 scratch_bytes=54525952 dispatches=160 gpu_ms=19.761
METAL_FRAMEWORK_INTERACTION rows=1048576 batches=33 gpu_ms=32.60450001107529
METAL_FRAMEWORK_INTERACTION rows=262144 batches=4 gpu_ms=0.46495834249071777
METAL_FRAMEWORK_INTERACTION rows=262144 batches=1 gpu_ms=0.2766250108834356
METAL_FRAMEWORK_INTERACTION rows=131072 batches=2 gpu_ms=0.3699999942909926
METAL_FRAMEWORK_INTERACTION rows=1024 batches=2 gpu_ms=0.03374999505467713
METAL_FRAMEWORK_INTERACTION rows=4096 batches=1 gpu_ms=0.03199998172931373
METAL_FRAMEWORK_INTERACTION rows=4096 batches=2 gpu_ms=0.040125014493241906
METAL_FRAMEWORK_INTERACTION rows=4096 batches=1 gpu_ms=0.021833315258845687
METAL_STREAM_LEAVES columns=572 log=21 tile_log=17 scratch_bytes=54525952 dispatches=160 gpu_ms=17.948
METAL_FRAMEWORK_COMPOSITION components=8 groups=5 gpu_ms=68.318
BLAKE3_EXECUTION_STAGE_PROFILE {"schema_version":1,"runtime":"native","example":"blake3-execution","stages":[{"id":"execution.fixed","label":"Admission and fixed commitment","seconds":0.099265,"children":null},{"id":"execution.main","label":"Main commitment","seconds":0.247944,"children":null},{"id":"execution.native_interaction","label":"Native interaction generation","seconds":0.018749,"children":null},{"id":"execution.hash_interaction","label":"Hash interaction generation","seconds":0.139142,"children":null},{"id":"execution.interaction_commit","label":"Interaction closure and commitment","seconds":0.258168,"children":null},{"id":"execution.core","label":"Core STARK proof","seconds":0.571803,"children":[{"id":"draw_random_coeff","label":"Draw random coefficient","seconds":0.000001,"children":null},{"id":"composition_trace_extract","label":"Composition trace extract","seconds":0.000005,"children":null},{"id":"composition_evaluation","label":"Composition evaluation","seconds":0.256132,"children":null},{"id":"composition_interpolate_and_split","label":"Composition interpolate and split","seconds":0.004908,"children":null},{"id":"composition_commit","label":"Composition commit","seconds":0.006232,"children":null},{"id":"oods_point_and_mask_points","label":"OODS point and mask points","seconds":0.000258,"children":null},{"id":"sampled_value_evaluation","label":"Sampled-value evaluation","seconds":0.184817,"children":null},{"id":"sampled_value_channel_mix","label":"Sampled-value channel mix","seconds":0.000052,"children":null},{"id":"fri_quotient_build_and_commit","label":"FRI quotient build + commit (lazy)","seconds":0.080296,"children":null},{"id":"proof_of_work","label":"Proof of work","seconds":0.015483,"children":null},{"id":"fri_decommit","label":"FRI decommit","seconds":0.006321,"children":null},{"id":"trace_decommit","label":"Trace decommit","seconds":0.001864,"children":null},{"id":"constraint_check_and_assembly","label":"Constraint check and assembly","seconds":0.000214,"children":null}]}]}
