BLAKE3_WITNESS_STAGE_PROFILE {"schema_version":1,"runtime":"host","example":"blake3-ethereum-witness","stages":[{"id":"witness.precompile","label":"Preflight and precompile witness","seconds":0.008896,"children":null},{"id":"witness.memory","label":"Memory commitment plan","seconds":0.001582,"children":null},{"id":"witness.hashes","label":"Hash columns and witness","seconds":0.039492,"children":null},{"id":"witness.native","label":"Native execution columns","seconds":0.000967,"children":null},{"id":"witness.lookup_counts","label":"Shared lookup counts and statement","seconds":0.034032,"children":null}]}
full-width witness: steps=1828 hash_counts={ 63000, 18000, 21360, 11097, 848, 303, 303, 404 } hash_logs={ 16, 15, 15, 14, 10, 9, 9, 9 } live=85000112 peak=104175377
full-width shared-path geometry [program, initial, final]: { .{ .words = 404, .independent_compressions = 98576, .shared_compressions = 4894, .proved_compressions = 0, .leaves = 1616, .parents = 1639, .frontier = 24 }, .{ .words = 136, .independent_compressions = 8296, .shared_compressions = 516, .proved_compressions = 516, .leaves = 136, .parents = 190, .frontier = 55 }, .{ .words = 167, .independent_compressions = 10187, .shared_compressions = 609, .proved_compressions = 609, .leaves = 167, .parents = 221, .frontier = 55 } }
METAL_STREAM_LEAVES columns=213 log=19 tile_log=17 scratch_bytes=37748736 dispatches=4 gpu_ms=3.605
full-width admission: live=85689084 peak=178850973
METAL_STREAM_LEAVES columns=213 log=19 tile_log=17 scratch_bytes=37748736 dispatches=4 gpu_ms=1.615
METAL_STREAM_LEAVES columns=6793 log=19 tile_log=16 scratch_bytes=39845888 dispatches=232 gpu_ms=20.791
METAL_FRAMEWORK_INTERACTION rows=65536 batches=33 gpu_ms=2.457333350321278
METAL_FRAMEWORK_INTERACTION rows=32768 batches=4 gpu_ms=0.1376666477881372
METAL_FRAMEWORK_INTERACTION rows=32768 batches=1 gpu_ms=0.05050000618211925
METAL_FRAMEWORK_INTERACTION rows=16384 batches=2 gpu_ms=0.061875005485489964
METAL_FRAMEWORK_INTERACTION rows=1024 batches=2 gpu_ms=0.02983334707096219
METAL_FRAMEWORK_INTERACTION rows=512 batches=1 gpu_ms=0.02662499900907278
METAL_FRAMEWORK_INTERACTION rows=512 batches=2 gpu_ms=0.03600001218728721
METAL_FRAMEWORK_INTERACTION rows=512 batches=1 gpu_ms=0.017833313904702663
METAL_STREAM_LEAVES columns=7232 log=19 tile_log=16 scratch_bytes=39845888 dispatches=240 gpu_ms=20.283
METAL_FRAMEWORK_COMPOSITION components=8 groups=5 gpu_ms=4.500
BLAKE3_EXECUTION_STAGE_PROFILE {"schema_version":1,"runtime":"native","example":"blake3-extension","stages":[{"id":"execution.fixed","label":"Admission and fixed commitment","seconds":0.030036,"children":null},{"id":"execution.main","label":"Main commitment","seconds":0.105264,"children":null},{"id":"execution.native_interaction","label":"Native interaction generation","seconds":0.0104,"children":null},{"id":"execution.hash_interaction","label":"Hash interaction generation","seconds":0.017729,"children":null},{"id":"execution.extension_interaction","label":"Precompile interaction generation","seconds":0.016249,"children":null},{"id":"execution.interaction_commit","label":"Interaction closure and commitment","seconds":0.116923,"children":null},{"id":"execution.core","label":"Core STARK proof","seconds":0.233099,"children":[{"id":"draw_random_coeff","label":"Draw random coefficient","seconds":0.000001,"children":null},{"id":"composition_trace_extract","label":"Composition trace extract","seconds":0.000059,"children":null},{"id":"composition_evaluation","label":"Composition evaluation","seconds":0.065369,"children":null},{"id":"composition_interpolate_and_split","label":"Composition interpolate and split","seconds":0.00267,"children":null},{"id":"composition_commit","label":"Composition commit","seconds":0.004899,"children":null},{"id":"oods_point_and_mask_points","label":"OODS point and mask points","seconds":0.000723,"children":null},{"id":"sampled_value_evaluation","label":"Sampled-value evaluation","seconds":0.034044,"children":null},{"id":"sampled_value_channel_mix","label":"Sampled-value channel mix","seconds":0.000991,"children":null},{"id":"fri_quotient_build_and_commit","label":"FRI quotient build + commit (lazy)","seconds":0.096273,"children":null},{"id":"proof_of_work","label":"Proof of work","seconds":0.021191,"children":null},{"id":"fri_decommit","label":"FRI decommit","seconds":0.00113,"children":null},{"id":"trace_decommit","label":"Trace decommit","seconds":0.0027,"children":null},{"id":"constraint_check_and_assembly","label":"Constraint check and assembly","seconds":0.000667,"children":null}]}]}
BLAKE3_WITNESS_STAGE_PROFILE {"schema_version":1,"runtime":"host","example":"blake3-ethereum-witness","stages":[{"id":"witness.precompile","label":"Preflight and precompile witness","seconds":0.008861,"children":null},{"id":"witness.memory","label":"Memory commitment plan","seconds":0.001523,"children":null},{"id":"witness.hashes","label":"Hash columns and witness","seconds":0.039793,"children":null},{"id":"witness.native","label":"Native execution columns","seconds":0.00086,"children":null},{"id":"witness.lookup_counts","label":"Shared lookup counts and statement","seconds":0.034167,"children":null}]}
full-width witness: steps=1828 hash_counts={ 63000, 18000, 21360, 11097, 848, 303, 303, 404 } hash_logs={ 16, 15, 15, 14, 10, 9, 9, 9 } live=85000112 peak=607613467
full-width shared-path geometry [program, initial, final]: { .{ .words = 404, .independent_compressions = 98576, .shared_compressions = 4894, .proved_compressions = 0, .leaves = 1616, .parents = 1639, .frontier = 24 }, .{ .words = 136, .independent_compressions = 8296, .shared_compressions = 516, .proved_compressions = 516, .leaves = 136, .parents = 190, .frontier = 55 }, .{ .words = 167, .independent_compressions = 10187, .shared_compressions = 609, .proved_compressions = 609, .leaves = 167, .parents = 221, .frontier = 55 } }
METAL_STREAM_LEAVES columns=213 log=19 tile_log=17 scratch_bytes=37748736 dispatches=4 gpu_ms=1.476
full-width admission: live=85689084 peak=607613467
METAL_STREAM_LEAVES columns=213 log=19 tile_log=17 scratch_bytes=37748736 dispatches=4 gpu_ms=1.564
METAL_STREAM_LEAVES columns=6793 log=19 tile_log=16 scratch_bytes=39845888 dispatches=232 gpu_ms=20.638
METAL_FRAMEWORK_INTERACTION rows=65536 batches=33 gpu_ms=2.4922500015236437
METAL_FRAMEWORK_INTERACTION rows=32768 batches=4 gpu_ms=0.10450000991113484
METAL_FRAMEWORK_INTERACTION rows=32768 batches=1 gpu_ms=0.0448749924544245
METAL_FRAMEWORK_INTERACTION rows=16384 batches=2 gpu_ms=0.06158332689665258
METAL_FRAMEWORK_INTERACTION rows=1024 batches=2 gpu_ms=0.029624992748722434
METAL_FRAMEWORK_INTERACTION rows=512 batches=1 gpu_ms=0.02824998227879405
METAL_FRAMEWORK_INTERACTION rows=512 batches=2 gpu_ms=0.03658331115730107
METAL_FRAMEWORK_INTERACTION rows=512 batches=1 gpu_ms=0.017125013982877135
METAL_STREAM_LEAVES columns=7232 log=19 tile_log=16 scratch_bytes=39845888 dispatches=240 gpu_ms=20.387
METAL_FRAMEWORK_COMPOSITION components=8 groups=5 gpu_ms=4.581
BLAKE3_EXECUTION_STAGE_PROFILE {"schema_version":1,"runtime":"native","example":"blake3-extension","stages":[{"id":"execution.fixed","label":"Admission and fixed commitment","seconds":0.032095,"children":null},{"id":"execution.main","label":"Main commitment","seconds":0.101308,"children":null},{"id":"execution.native_interaction","label":"Native interaction generation","seconds":0.011905,"children":null},{"id":"execution.hash_interaction","label":"Hash interaction generation","seconds":0.011645,"children":null},{"id":"execution.extension_interaction","label":"Precompile interaction generation","seconds":0.016142,"children":null},{"id":"execution.interaction_commit","label":"Interaction closure and commitment","seconds":0.113546,"children":null},{"id":"execution.core","label":"Core STARK proof","seconds":0.228757,"children":[{"id":"draw_random_coeff","label":"Draw random coefficient","seconds":0,"children":null},{"id":"composition_trace_extract","label":"Composition trace extract","seconds":0.000045,"children":null},{"id":"composition_evaluation","label":"Composition evaluation","seconds":0.065125,"children":null},{"id":"composition_interpolate_and_split","label":"Composition interpolate and split","seconds":0.002565,"children":null},{"id":"composition_commit","label":"Composition commit","seconds":0.002207,"children":null},{"id":"oods_point_and_mask_points","label":"OODS point and mask points","seconds":0.00067,"children":null},{"id":"sampled_value_evaluation","label":"Sampled-value evaluation","seconds":0.029657,"children":null},{"id":"sampled_value_channel_mix","label":"Sampled-value channel mix","seconds":0.000984,"children":null},{"id":"fri_quotient_build_and_commit","label":"FRI quotient build + commit (lazy)","seconds":0.093146,"children":null},{"id":"proof_of_work","label":"Proof of work","seconds":0.028146,"children":null},{"id":"fri_decommit","label":"FRI decommit","seconds":0.001121,"children":null},{"id":"trace_decommit","label":"Trace decommit","seconds":0.002043,"children":null},{"id":"constraint_check_and_assembly","label":"Constraint check and assembly","seconds":0.000634,"children":null}]}]}
BLAKE3_WITNESS_STAGE_PROFILE {"schema_version":1,"runtime":"host","example":"blake3-ethereum-witness","stages":[{"id":"witness.precompile","label":"Preflight and precompile witness","seconds":0.008904,"children":null},{"id":"witness.memory","label":"Memory commitment plan","seconds":0.001524,"children":null},{"id":"witness.hashes","label":"Hash columns and witness","seconds":0.040554,"children":null},{"id":"witness.native","label":"Native execution columns","seconds":0.000868,"children":null},{"id":"witness.lookup_counts","label":"Shared lookup counts and statement","seconds":0.034059,"children":null}]}
full-width witness: steps=1828 hash_counts={ 63000, 18000, 21360, 11097, 848, 303, 303, 404 } hash_logs={ 16, 15, 15, 14, 10, 9, 9, 9 } live=85000112 peak=607613467
full-width shared-path geometry [program, initial, final]: { .{ .words = 404, .independent_compressions = 98576, .shared_compressions = 4894, .proved_compressions = 0, .leaves = 1616, .parents = 1639, .frontier = 24 }, .{ .words = 136, .independent_compressions = 8296, .shared_compressions = 516, .proved_compressions = 516, .leaves = 136, .parents = 190, .frontier = 55 }, .{ .words = 167, .independent_compressions = 10187, .shared_compressions = 609, .proved_compressions = 609, .leaves = 167, .parents = 221, .frontier = 55 } }
METAL_STREAM_LEAVES columns=213 log=19 tile_log=17 scratch_bytes=37748736 dispatches=4 gpu_ms=2.039
full-width admission: live=85689084 peak=607613467
METAL_STREAM_LEAVES columns=213 log=19 tile_log=17 scratch_bytes=37748736 dispatches=4 gpu_ms=1.600
METAL_STREAM_LEAVES columns=6793 log=19 tile_log=16 scratch_bytes=39845888 dispatches=232 gpu_ms=20.616
METAL_FRAMEWORK_INTERACTION rows=65536 batches=33 gpu_ms=2.4821250117383897
METAL_FRAMEWORK_INTERACTION rows=32768 batches=4 gpu_ms=0.13683331781066954
METAL_FRAMEWORK_INTERACTION rows=32768 batches=1 gpu_ms=0.04941667430102825
METAL_FRAMEWORK_INTERACTION rows=16384 batches=2 gpu_ms=0.059791665989905596
METAL_FRAMEWORK_INTERACTION rows=1024 batches=2 gpu_ms=0.02912498894147575
METAL_FRAMEWORK_INTERACTION rows=512 batches=1 gpu_ms=0.027916685212403536
METAL_FRAMEWORK_INTERACTION rows=512 batches=2 gpu_ms=0.03620833740569651
METAL_FRAMEWORK_INTERACTION rows=512 batches=1 gpu_ms=0.01712498487904668
METAL_STREAM_LEAVES columns=7232 log=19 tile_log=16 scratch_bytes=39845888 dispatches=240 gpu_ms=20.546
METAL_FRAMEWORK_COMPOSITION components=8 groups=5 gpu_ms=4.584
BLAKE3_EXECUTION_STAGE_PROFILE {"schema_version":1,"runtime":"native","example":"blake3-extension","stages":[{"id":"execution.fixed","label":"Admission and fixed commitment","seconds":0.026404,"children":null},{"id":"execution.main","label":"Main commitment","seconds":0.099679,"children":null},{"id":"execution.native_interaction","label":"Native interaction generation","seconds":0.010415,"children":null},{"id":"execution.hash_interaction","label":"Hash interaction generation","seconds":0.012402,"children":null},{"id":"execution.extension_interaction","label":"Precompile interaction generation","seconds":0.016229,"children":null},{"id":"execution.interaction_commit","label":"Interaction closure and commitment","seconds":0.119101,"children":null},{"id":"execution.core","label":"Core STARK proof","seconds":0.230573,"children":[{"id":"draw_random_coeff","label":"Draw random coefficient","seconds":0,"children":null},{"id":"composition_trace_extract","label":"Composition trace extract","seconds":0.000052,"children":null},{"id":"composition_evaluation","label":"Composition evaluation","seconds":0.063607,"children":null},{"id":"composition_interpolate_and_split","label":"Composition interpolate and split","seconds":0.000969,"children":null},{"id":"composition_commit","label":"Composition commit","seconds":0.004503,"children":null},{"id":"oods_point_and_mask_points","label":"OODS point and mask points","seconds":0.000648,"children":null},{"id":"sampled_value_evaluation","label":"Sampled-value evaluation","seconds":0.035484,"children":null},{"id":"sampled_value_channel_mix","label":"Sampled-value channel mix","seconds":0.000982,"children":null},{"id":"fri_quotient_build_and_commit","label":"FRI quotient build + commit (lazy)","seconds":0.092163,"children":null},{"id":"proof_of_work","label":"Proof of work","seconds":0.025877,"children":null},{"id":"fri_decommit","label":"FRI decommit","seconds":0.001122,"children":null},{"id":"trace_decommit","label":"Trace decommit","seconds":0.002118,"children":null},{"id":"constraint_check_and_assembly","label":"Constraint check and assembly","seconds":0.000641,"children":null}]}]}
