METAL_STREAM_LEAVES columns=139 log=21 tile_log=17 scratch_bytes=37748736 dispatches=32 gpu_ms=6.930
METAL_STREAM_LEAVES columns=139 log=21 tile_log=17 scratch_bytes=37748736 dispatches=32 gpu_ms=6.002
METAL_STREAM_LEAVES columns=654 log=21 tile_log=17 scratch_bytes=54525952 dispatches=176 gpu_ms=14.608
METAL_FRAMEWORK_INTERACTION rows=1048576 batches=33 gpu_ms=36.05799999786541
METAL_FRAMEWORK_INTERACTION rows=262144 batches=4 gpu_ms=0.4572500183712691
METAL_FRAMEWORK_INTERACTION rows=262144 batches=1 gpu_ms=0.26687499484978616
METAL_FRAMEWORK_INTERACTION rows=131072 batches=2 gpu_ms=0.3698750224430114
METAL_FRAMEWORK_INTERACTION rows=1024 batches=2 gpu_ms=0.04795831046067178
METAL_FRAMEWORK_INTERACTION rows=4096 batches=1 gpu_ms=0.11812499724328518
METAL_FRAMEWORK_INTERACTION rows=4096 batches=2 gpu_ms=0.07112498860806227
METAL_FRAMEWORK_INTERACTION rows=8192 batches=1 gpu_ms=0.04037501639686525
METAL_STREAM_LEAVES columns=608 log=21 tile_log=17 scratch_bytes=54525952 dispatches=176 gpu_ms=19.275
METAL_FRAMEWORK_COMPOSITION components=8 groups=6 gpu_ms=68.928
BLAKE3_EXECUTION_STAGE_PROFILE {"schema_version":1,"runtime":"native","example":"blake3-execution","stages":[{"id":"execution.fixed","label":"Admission and fixed commitment","seconds":0.101771,"children":null},{"id":"execution.main","label":"Main commitment","seconds":0.244177,"children":null},{"id":"execution.native_interaction","label":"Native interaction generation","seconds":0.090073,"children":null},{"id":"execution.hash_interaction","label":"Hash interaction generation","seconds":0.148825,"children":null},{"id":"execution.interaction_commit","label":"Interaction closure and commitment","seconds":0.266176,"children":null},{"id":"execution.core","label":"Core STARK proof","seconds":0.590734,"children":[{"id":"draw_random_coeff","label":"Draw random coefficient","seconds":0,"children":null},{"id":"composition_trace_extract","label":"Composition trace extract","seconds":0.000007,"children":null},{"id":"composition_evaluation","label":"Composition evaluation","seconds":0.286628,"children":null},{"id":"composition_interpolate_and_split","label":"Composition interpolate and split","seconds":0.005148,"children":null},{"id":"composition_commit","label":"Composition commit","seconds":0.006311,"children":null},{"id":"oods_point_and_mask_points","label":"OODS point and mask points","seconds":0.000244,"children":null},{"id":"sampled_value_evaluation","label":"Sampled-value evaluation","seconds":0.185523,"children":null},{"id":"sampled_value_channel_mix","label":"Sampled-value channel mix","seconds":0.000054,"children":null},{"id":"fri_quotient_build_and_commit","label":"FRI quotient build + commit (lazy)","seconds":0.087235,"children":null},{"id":"proof_of_work","label":"Proof of work","seconds":0.00196,"children":null},{"id":"fri_decommit","label":"FRI decommit","seconds":0.002004,"children":null},{"id":"trace_decommit","label":"Trace decommit","seconds":0.002086,"children":null},{"id":"constraint_check_and_assembly","label":"Constraint check and assembly","seconds":0.000248,"children":null}]}]}
METAL_STREAM_LEAVES columns=139 log=21 tile_log=17 scratch_bytes=37748736 dispatches=32 gpu_ms=4.683
METAL_STREAM_LEAVES columns=139 log=21 tile_log=17 scratch_bytes=37748736 dispatches=32 gpu_ms=4.919
METAL_STREAM_LEAVES columns=654 log=21 tile_log=17 scratch_bytes=54525952 dispatches=176 gpu_ms=14.605
METAL_FRAMEWORK_INTERACTION rows=1048576 batches=33 gpu_ms=39.162624976597726
METAL_FRAMEWORK_INTERACTION rows=262144 batches=4 gpu_ms=0.45108332415111363
METAL_FRAMEWORK_INTERACTION rows=262144 batches=1 gpu_ms=0.5086249730084091
METAL_FRAMEWORK_INTERACTION rows=131072 batches=2 gpu_ms=0.2665416686795652
METAL_FRAMEWORK_INTERACTION rows=1024 batches=2 gpu_ms=0.05345832323655486
METAL_FRAMEWORK_INTERACTION rows=4096 batches=1 gpu_ms=0.143708341056481
METAL_FRAMEWORK_INTERACTION rows=4096 batches=2 gpu_ms=0.04045831155963242
METAL_FRAMEWORK_INTERACTION rows=8192 batches=1 gpu_ms=0.03683331306092441
METAL_STREAM_LEAVES columns=608 log=21 tile_log=17 scratch_bytes=54525952 dispatches=176 gpu_ms=19.347
METAL_FRAMEWORK_COMPOSITION components=8 groups=6 gpu_ms=68.385
BLAKE3_EXECUTION_STAGE_PROFILE {"schema_version":1,"runtime":"native","example":"blake3-execution","stages":[{"id":"execution.fixed","label":"Admission and fixed commitment","seconds":0.101429,"children":null},{"id":"execution.main","label":"Main commitment","seconds":0.250443,"children":null},{"id":"execution.native_interaction","label":"Native interaction generation","seconds":0.090438,"children":null},{"id":"execution.hash_interaction","label":"Hash interaction generation","seconds":0.144865,"children":null},{"id":"execution.interaction_commit","label":"Interaction closure and commitment","seconds":0.272772,"children":null},{"id":"execution.core","label":"Core STARK proof","seconds":0.556615,"children":[{"id":"draw_random_coeff","label":"Draw random coefficient","seconds":0.000001,"children":null},{"id":"composition_trace_extract","label":"Composition trace extract","seconds":0.000006,"children":null},{"id":"composition_evaluation","label":"Composition evaluation","seconds":0.250683,"children":null},{"id":"composition_interpolate_and_split","label":"Composition interpolate and split","seconds":0.005176,"children":null},{"id":"composition_commit","label":"Composition commit","seconds":0.006173,"children":null},{"id":"oods_point_and_mask_points","label":"OODS point and mask points","seconds":0.00026,"children":null},{"id":"sampled_value_evaluation","label":"Sampled-value evaluation","seconds":0.188602,"children":null},{"id":"sampled_value_channel_mix","label":"Sampled-value channel mix","seconds":0.000054,"children":null},{"id":"fri_quotient_build_and_commit","label":"FRI quotient build + commit (lazy)","seconds":0.08598,"children":null},{"id":"proof_of_work","label":"Proof of work","seconds":0.001901,"children":null},{"id":"fri_decommit","label":"FRI decommit","seconds":0.001947,"children":null},{"id":"trace_decommit","label":"Trace decommit","seconds":0.001854,"children":null},{"id":"constraint_check_and_assembly","label":"Constraint check and assembly","seconds":0.000225,"children":null}]}]}
METAL_STREAM_LEAVES columns=139 log=21 tile_log=17 scratch_bytes=37748736 dispatches=32 gpu_ms=4.902
METAL_STREAM_LEAVES columns=139 log=21 tile_log=17 scratch_bytes=37748736 dispatches=32 gpu_ms=4.935
METAL_STREAM_LEAVES columns=654 log=21 tile_log=17 scratch_bytes=54525952 dispatches=176 gpu_ms=15.404
METAL_FRAMEWORK_INTERACTION rows=1048576 batches=33 gpu_ms=38.70558334165253
METAL_FRAMEWORK_INTERACTION rows=262144 batches=4 gpu_ms=0.4645416629500687
METAL_FRAMEWORK_INTERACTION rows=262144 batches=1 gpu_ms=0.25262500275857747
METAL_FRAMEWORK_INTERACTION rows=131072 batches=2 gpu_ms=0.28070833650417626
METAL_FRAMEWORK_INTERACTION rows=1024 batches=2 gpu_ms=0.055500015150755644
METAL_FRAMEWORK_INTERACTION rows=4096 batches=1 gpu_ms=0.05537501419894397
METAL_FRAMEWORK_INTERACTION rows=4096 batches=2 gpu_ms=0.15108330990187824
METAL_FRAMEWORK_INTERACTION rows=8192 batches=1 gpu_ms=0.025041663320735097
METAL_STREAM_LEAVES columns=608 log=21 tile_log=17 scratch_bytes=54525952 dispatches=176 gpu_ms=20.679
METAL_FRAMEWORK_COMPOSITION components=8 groups=6 gpu_ms=67.597
BLAKE3_EXECUTION_STAGE_PROFILE {"schema_version":1,"runtime":"native","example":"blake3-execution","stages":[{"id":"execution.fixed","label":"Admission and fixed commitment","seconds":0.109559,"children":null},{"id":"execution.main","label":"Main commitment","seconds":0.260622,"children":null},{"id":"execution.native_interaction","label":"Native interaction generation","seconds":0.089801,"children":null},{"id":"execution.hash_interaction","label":"Hash interaction generation","seconds":0.142345,"children":null},{"id":"execution.interaction_commit","label":"Interaction closure and commitment","seconds":0.284147,"children":null},{"id":"execution.core","label":"Core STARK proof","seconds":0.556458,"children":[{"id":"draw_random_coeff","label":"Draw random coefficient","seconds":0,"children":null},{"id":"composition_trace_extract","label":"Composition trace extract","seconds":0.000012,"children":null},{"id":"composition_evaluation","label":"Composition evaluation","seconds":0.255079,"children":null},{"id":"composition_interpolate_and_split","label":"Composition interpolate and split","seconds":0.005077,"children":null},{"id":"composition_commit","label":"Composition commit","seconds":0.006532,"children":null},{"id":"oods_point_and_mask_points","label":"OODS point and mask points","seconds":0.000262,"children":null},{"id":"sampled_value_evaluation","label":"Sampled-value evaluation","seconds":0.185274,"children":null},{"id":"sampled_value_channel_mix","label":"Sampled-value channel mix","seconds":0.000054,"children":null},{"id":"fri_quotient_build_and_commit","label":"FRI quotient build + commit (lazy)","seconds":0.084769,"children":null},{"id":"proof_of_work","label":"Proof of work","seconds":0.001885,"children":null},{"id":"fri_decommit","label":"FRI decommit","seconds":0.001915,"children":null},{"id":"trace_decommit","label":"Trace decommit","seconds":0.001935,"children":null},{"id":"constraint_check_and_assembly","label":"Constraint check and assembly","seconds":0.000236,"children":null}]}]}
