BLAKE3_WITNESS_STAGE_PROFILE {"schema_version":1,"runtime":"host","example":"blake3-ethereum-witness","stages":[{"id":"witness.precompile","label":"Preflight and precompile witness","seconds":0.008788,"children":null},{"id":"witness.memory","label":"Memory commitment plan","seconds":0.001549,"children":null},{"id":"witness.hashes","label":"Hash columns and witness","seconds":0.040729,"children":null},{"id":"witness.native","label":"Native execution columns","seconds":0.000951,"children":null},{"id":"witness.lookup_counts","label":"Shared lookup counts and statement","seconds":0.034487,"children":null}]}
full-width witness: steps=1828 hash_counts={ 63000, 18000, 21360, 11097, 848, 303, 303, 404 } hash_logs={ 16, 15, 15, 14, 10, 9, 9, 9 } live=85000112 peak=104175377
full-width shared-path geometry [program, initial, final]: { .{ .words = 404, .independent_compressions = 98576, .shared_compressions = 4894, .proved_compressions = 0, .leaves = 1616, .parents = 1639, .frontier = 24 }, .{ .words = 136, .independent_compressions = 8296, .shared_compressions = 516, .proved_compressions = 516, .leaves = 136, .parents = 190, .frontier = 55 }, .{ .words = 167, .independent_compressions = 10187, .shared_compressions = 609, .proved_compressions = 609, .leaves = 167, .parents = 221, .frontier = 55 } }
full-width admission: live=85689084 peak=236436014
METAL_FRAMEWORK_INTERACTION rows=65536 batches=33 gpu_ms=6.661874998826534
METAL_FRAMEWORK_INTERACTION rows=32768 batches=4 gpu_ms=0.1154583296738565
METAL_FRAMEWORK_INTERACTION rows=32768 batches=1 gpu_ms=0.05787500413134694
METAL_FRAMEWORK_INTERACTION rows=16384 batches=2 gpu_ms=0.24587500956840813
METAL_FRAMEWORK_INTERACTION rows=1024 batches=2 gpu_ms=0.11270833783783019
METAL_FRAMEWORK_INTERACTION rows=512 batches=1 gpu_ms=0.12737498036585748
METAL_FRAMEWORK_INTERACTION rows=512 batches=2 gpu_ms=0.04237500252202153
METAL_FRAMEWORK_INTERACTION rows=512 batches=1 gpu_ms=0.021000014385208488
METAL_FRAMEWORK_COMPOSITION components=8 groups=5 gpu_ms=9.814
BLAKE3_EXECUTION_STAGE_PROFILE {"schema_version":1,"runtime":"native","example":"blake3-extension","stages":[{"id":"execution.fixed","label":"Admission and fixed commitment","seconds":0.042228,"children":null},{"id":"execution.main","label":"Main commitment","seconds":0.090566,"children":null},{"id":"execution.native_interaction","label":"Native interaction generation","seconds":0.010819,"children":null},{"id":"execution.hash_interaction","label":"Hash interaction generation","seconds":0.025375,"children":null},{"id":"execution.extension_interaction","label":"Precompile interaction generation","seconds":0.016522,"children":null},{"id":"execution.interaction_commit","label":"Interaction closure and commitment","seconds":0.083717,"children":null},{"id":"execution.core","label":"Core STARK proof","seconds":0.234003,"children":[{"id":"draw_random_coeff","label":"Draw random coefficient","seconds":0.000001,"children":null},{"id":"composition_trace_extract","label":"Composition trace extract","seconds":0.000051,"children":null},{"id":"composition_evaluation","label":"Composition evaluation","seconds":0.064908,"children":null},{"id":"composition_interpolate_and_split","label":"Composition interpolate and split","seconds":0.002227,"children":null},{"id":"composition_commit","label":"Composition commit","seconds":0.002564,"children":null},{"id":"oods_point_and_mask_points","label":"OODS point and mask points","seconds":0.000777,"children":null},{"id":"sampled_value_evaluation","label":"Sampled-value evaluation","seconds":0.03417,"children":null},{"id":"sampled_value_channel_mix","label":"Sampled-value channel mix","seconds":0.001023,"children":null},{"id":"fri_quotient_build_and_commit","label":"FRI quotient build + commit (lazy)","seconds":0.094509,"children":null},{"id":"proof_of_work","label":"Proof of work","seconds":0.026549,"children":null},{"id":"fri_decommit","label":"FRI decommit","seconds":0.001194,"children":null},{"id":"trace_decommit","label":"Trace decommit","seconds":0.002489,"children":null},{"id":"constraint_check_and_assembly","label":"Constraint check and assembly","seconds":0.000652,"children":null}]}]}
BLAKE3_WITNESS_STAGE_PROFILE {"schema_version":1,"runtime":"host","example":"blake3-ethereum-witness","stages":[{"id":"witness.precompile","label":"Preflight and precompile witness","seconds":0.008978,"children":null},{"id":"witness.memory","label":"Memory commitment plan","seconds":0.001523,"children":null},{"id":"witness.hashes","label":"Hash columns and witness","seconds":0.039158,"children":null},{"id":"witness.native","label":"Native execution columns","seconds":0.000831,"children":null},{"id":"witness.lookup_counts","label":"Shared lookup counts and statement","seconds":0.034793,"children":null}]}
full-width witness: steps=1828 hash_counts={ 63000, 18000, 21360, 11097, 848, 303, 303, 404 } hash_logs={ 16, 15, 15, 14, 10, 9, 9, 9 } live=85000112 peak=632635387
full-width shared-path geometry [program, initial, final]: { .{ .words = 404, .independent_compressions = 98576, .shared_compressions = 4894, .proved_compressions = 0, .leaves = 1616, .parents = 1639, .frontier = 24 }, .{ .words = 136, .independent_compressions = 8296, .shared_compressions = 516, .proved_compressions = 516, .leaves = 136, .parents = 190, .frontier = 55 }, .{ .words = 167, .independent_compressions = 10187, .shared_compressions = 609, .proved_compressions = 609, .leaves = 167, .parents = 221, .frontier = 55 } }
full-width admission: live=85689084 peak=632635387
METAL_FRAMEWORK_INTERACTION rows=65536 batches=33 gpu_ms=3.972749982494861
METAL_FRAMEWORK_INTERACTION rows=32768 batches=4 gpu_ms=0.18900001305155456
METAL_FRAMEWORK_INTERACTION rows=32768 batches=1 gpu_ms=0.09204164962284267
METAL_FRAMEWORK_INTERACTION rows=16384 batches=2 gpu_ms=0.4540000227279961
METAL_FRAMEWORK_INTERACTION rows=1024 batches=2 gpu_ms=0.07245832239277661
METAL_FRAMEWORK_INTERACTION rows=512 batches=1 gpu_ms=0.0701249809935689
METAL_FRAMEWORK_INTERACTION rows=512 batches=2 gpu_ms=0.09020831203088164
METAL_FRAMEWORK_INTERACTION rows=512 batches=1 gpu_ms=0.04512499435804784
METAL_FRAMEWORK_COMPOSITION components=8 groups=5 gpu_ms=9.323
BLAKE3_EXECUTION_STAGE_PROFILE {"schema_version":1,"runtime":"native","example":"blake3-extension","stages":[{"id":"execution.fixed","label":"Admission and fixed commitment","seconds":0.041008,"children":null},{"id":"execution.main","label":"Main commitment","seconds":0.086626,"children":null},{"id":"execution.native_interaction","label":"Native interaction generation","seconds":0.010944,"children":null},{"id":"execution.hash_interaction","label":"Hash interaction generation","seconds":0.017326,"children":null},{"id":"execution.extension_interaction","label":"Precompile interaction generation","seconds":0.016193,"children":null},{"id":"execution.interaction_commit","label":"Interaction closure and commitment","seconds":0.094107,"children":null},{"id":"execution.core","label":"Core STARK proof","seconds":0.232684,"children":[{"id":"draw_random_coeff","label":"Draw random coefficient","seconds":0.000001,"children":null},{"id":"composition_trace_extract","label":"Composition trace extract","seconds":0.000047,"children":null},{"id":"composition_evaluation","label":"Composition evaluation","seconds":0.064282,"children":null},{"id":"composition_interpolate_and_split","label":"Composition interpolate and split","seconds":0.002715,"children":null},{"id":"composition_commit","label":"Composition commit","seconds":0.003396,"children":null},{"id":"oods_point_and_mask_points","label":"OODS point and mask points","seconds":0.00069,"children":null},{"id":"sampled_value_evaluation","label":"Sampled-value evaluation","seconds":0.035141,"children":null},{"id":"sampled_value_channel_mix","label":"Sampled-value channel mix","seconds":0.000975,"children":null},{"id":"fri_quotient_build_and_commit","label":"FRI quotient build + commit (lazy)","seconds":0.094237,"children":null},{"id":"proof_of_work","label":"Proof of work","seconds":0.024641,"children":null},{"id":"fri_decommit","label":"FRI decommit","seconds":0.001225,"children":null},{"id":"trace_decommit","label":"Trace decommit","seconds":0.001979,"children":null},{"id":"constraint_check_and_assembly","label":"Constraint check and assembly","seconds":0.000635,"children":null}]}]}
BLAKE3_WITNESS_STAGE_PROFILE {"schema_version":1,"runtime":"host","example":"blake3-ethereum-witness","stages":[{"id":"witness.precompile","label":"Preflight and precompile witness","seconds":0.008988,"children":null},{"id":"witness.memory","label":"Memory commitment plan","seconds":0.00154,"children":null},{"id":"witness.hashes","label":"Hash columns and witness","seconds":0.040385,"children":null},{"id":"witness.native","label":"Native execution columns","seconds":0.000862,"children":null},{"id":"witness.lookup_counts","label":"Shared lookup counts and statement","seconds":0.034474,"children":null}]}
full-width witness: steps=1828 hash_counts={ 63000, 18000, 21360, 11097, 848, 303, 303, 404 } hash_logs={ 16, 15, 15, 14, 10, 9, 9, 9 } live=85000112 peak=632635387
full-width shared-path geometry [program, initial, final]: { .{ .words = 404, .independent_compressions = 98576, .shared_compressions = 4894, .proved_compressions = 0, .leaves = 1616, .parents = 1639, .frontier = 24 }, .{ .words = 136, .independent_compressions = 8296, .shared_compressions = 516, .proved_compressions = 516, .leaves = 136, .parents = 190, .frontier = 55 }, .{ .words = 167, .independent_compressions = 10187, .shared_compressions = 609, .proved_compressions = 609, .leaves = 167, .parents = 221, .frontier = 55 } }
full-width admission: live=85689084 peak=632635387
METAL_FRAMEWORK_INTERACTION rows=65536 batches=33 gpu_ms=5.117666674777865
METAL_FRAMEWORK_INTERACTION rows=32768 batches=4 gpu_ms=0.15962502220645547
METAL_FRAMEWORK_INTERACTION rows=32768 batches=1 gpu_ms=0.09416666580364108
METAL_FRAMEWORK_INTERACTION rows=16384 batches=2 gpu_ms=0.11520832777023315
METAL_FRAMEWORK_INTERACTION rows=1024 batches=2 gpu_ms=0.048458343371748924
METAL_FRAMEWORK_INTERACTION rows=512 batches=1 gpu_ms=0.07304165046662092
METAL_FRAMEWORK_INTERACTION rows=512 batches=2 gpu_ms=0.08299999171867967
METAL_FRAMEWORK_INTERACTION rows=512 batches=1 gpu_ms=0.04400001489557326
METAL_FRAMEWORK_COMPOSITION components=8 groups=5 gpu_ms=9.872
BLAKE3_EXECUTION_STAGE_PROFILE {"schema_version":1,"runtime":"native","example":"blake3-extension","stages":[{"id":"execution.fixed","label":"Admission and fixed commitment","seconds":0.04086,"children":null},{"id":"execution.main","label":"Main commitment","seconds":0.081713,"children":null},{"id":"execution.native_interaction","label":"Native interaction generation","seconds":0.010895,"children":null},{"id":"execution.hash_interaction","label":"Hash interaction generation","seconds":0.019458,"children":null},{"id":"execution.extension_interaction","label":"Precompile interaction generation","seconds":0.01642,"children":null},{"id":"execution.interaction_commit","label":"Interaction closure and commitment","seconds":0.100338,"children":null},{"id":"execution.core","label":"Core STARK proof","seconds":0.233943,"children":[{"id":"draw_random_coeff","label":"Draw random coefficient","seconds":0,"children":null},{"id":"composition_trace_extract","label":"Composition trace extract","seconds":0.000067,"children":null},{"id":"composition_evaluation","label":"Composition evaluation","seconds":0.066095,"children":null},{"id":"composition_interpolate_and_split","label":"Composition interpolate and split","seconds":0.002588,"children":null},{"id":"composition_commit","label":"Composition commit","seconds":0.002653,"children":null},{"id":"oods_point_and_mask_points","label":"OODS point and mask points","seconds":0.000632,"children":null},{"id":"sampled_value_evaluation","label":"Sampled-value evaluation","seconds":0.033131,"children":null},{"id":"sampled_value_channel_mix","label":"Sampled-value channel mix","seconds":0.000972,"children":null},{"id":"fri_quotient_build_and_commit","label":"FRI quotient build + commit (lazy)","seconds":0.092053,"children":null},{"id":"proof_of_work","label":"Proof of work","seconds":0.029054,"children":null},{"id":"fri_decommit","label":"FRI decommit","seconds":0.001155,"children":null},{"id":"trace_decommit","label":"Trace decommit","seconds":0.002068,"children":null},{"id":"constraint_check_and_assembly","label":"Constraint check and assembly","seconds":0.000648,"children":null}]}]}
