BLAKE3_WITNESS_STAGE_PROFILE {"schema_version":1,"runtime":"host","example":"blake3-ethereum-witness","stages":[{"id":"witness.precompile","label":"Preflight and precompile witness","seconds":0.008832,"children":null},{"id":"witness.memory","label":"Memory commitment plan","seconds":0.001622,"children":null},{"id":"witness.hashes","label":"Hash columns and witness","seconds":0.039265,"children":null},{"id":"witness.native","label":"Native execution columns","seconds":0.000934,"children":null},{"id":"witness.lookup_counts","label":"Shared lookup counts and statement","seconds":0.033831,"children":null}]}
full-width witness: steps=1828 hash_counts={ 63000, 18000, 21360, 11097, 848, 303, 303, 404 } hash_logs={ 16, 15, 15, 14, 10, 9, 9, 9 } live=85000112 peak=104175377
full-width shared-path geometry [program, initial, final]: { .{ .words = 404, .independent_compressions = 98576, .shared_compressions = 4894, .proved_compressions = 0, .leaves = 1616, .parents = 1639, .frontier = 24 }, .{ .words = 136, .independent_compressions = 8296, .shared_compressions = 516, .proved_compressions = 516, .leaves = 136, .parents = 190, .frontier = 55 }, .{ .words = 167, .independent_compressions = 10187, .shared_compressions = 609, .proved_compressions = 609, .leaves = 167, .parents = 221, .frontier = 55 } }
METAL_STREAM_LEAVES columns=213 log=19 tile_log=17 scratch_bytes=37748736 dispatches=4 gpu_ms=2.717
full-width admission: live=85689084 peak=178850973
METAL_STREAM_LEAVES columns=213 log=19 tile_log=17 scratch_bytes=37748736 dispatches=4 gpu_ms=1.633
METAL_STREAM_LEAVES columns=6793 log=19 tile_log=16 scratch_bytes=39845888 dispatches=232 gpu_ms=20.503
METAL_FRAMEWORK_INTERACTION rows=65536 batches=33 gpu_ms=2.4621250049676746
METAL_FRAMEWORK_INTERACTION rows=32768 batches=4 gpu_ms=0.12900002184323967
METAL_FRAMEWORK_INTERACTION rows=32768 batches=1 gpu_ms=0.0442500167991966
METAL_FRAMEWORK_INTERACTION rows=16384 batches=2 gpu_ms=0.061791681218892336
METAL_FRAMEWORK_INTERACTION rows=1024 batches=2 gpu_ms=0.028874987037852407
METAL_FRAMEWORK_INTERACTION rows=512 batches=1 gpu_ms=0.02812498132698238
METAL_FRAMEWORK_INTERACTION rows=512 batches=2 gpu_ms=0.03674998879432678
METAL_FRAMEWORK_INTERACTION rows=512 batches=1 gpu_ms=0.01750001683831215
METAL_STREAM_LEAVES columns=7232 log=19 tile_log=16 scratch_bytes=39845888 dispatches=240 gpu_ms=20.585
METAL_FRAMEWORK_COMPOSITION components=8 groups=5 gpu_ms=4.635
BLAKE3_EXECUTION_STAGE_PROFILE {"schema_version":1,"runtime":"native","example":"blake3-extension","stages":[{"id":"execution.fixed","label":"Admission and fixed commitment","seconds":0.032766,"children":null},{"id":"execution.main","label":"Main commitment","seconds":0.103856,"children":null},{"id":"execution.native_interaction","label":"Native interaction generation","seconds":0.012626,"children":null},{"id":"execution.hash_interaction","label":"Hash interaction generation","seconds":0.017755,"children":null},{"id":"execution.extension_interaction","label":"Precompile interaction generation","seconds":0.016308,"children":null},{"id":"execution.interaction_commit","label":"Interaction closure and commitment","seconds":0.119662,"children":null},{"id":"execution.core","label":"Core STARK proof","seconds":0.234952,"children":[{"id":"draw_random_coeff","label":"Draw random coefficient","seconds":0.000003,"children":null},{"id":"composition_trace_extract","label":"Composition trace extract","seconds":0.000045,"children":null},{"id":"composition_evaluation","label":"Composition evaluation","seconds":0.063905,"children":null},{"id":"composition_interpolate_and_split","label":"Composition interpolate and split","seconds":0.002604,"children":null},{"id":"composition_commit","label":"Composition commit","seconds":0.002832,"children":null},{"id":"oods_point_and_mask_points","label":"OODS point and mask points","seconds":0.000778,"children":null},{"id":"sampled_value_evaluation","label":"Sampled-value evaluation","seconds":0.03307,"children":null},{"id":"sampled_value_channel_mix","label":"Sampled-value channel mix","seconds":0.000979,"children":null},{"id":"fri_quotient_build_and_commit","label":"FRI quotient build + commit (lazy)","seconds":0.098083,"children":null},{"id":"proof_of_work","label":"Proof of work","seconds":0.025755,"children":null},{"id":"fri_decommit","label":"FRI decommit","seconds":0.001159,"children":null},{"id":"trace_decommit","label":"Trace decommit","seconds":0.002501,"children":null},{"id":"constraint_check_and_assembly","label":"Constraint check and assembly","seconds":0.000669,"children":null}]}]}
BLAKE3_WITNESS_STAGE_PROFILE {"schema_version":1,"runtime":"host","example":"blake3-ethereum-witness","stages":[{"id":"witness.precompile","label":"Preflight and precompile witness","seconds":0.00903,"children":null},{"id":"witness.memory","label":"Memory commitment plan","seconds":0.001527,"children":null},{"id":"witness.hashes","label":"Hash columns and witness","seconds":0.039148,"children":null},{"id":"witness.native","label":"Native execution columns","seconds":0.000927,"children":null},{"id":"witness.lookup_counts","label":"Shared lookup counts and statement","seconds":0.034468,"children":null}]}
full-width witness: steps=1828 hash_counts={ 63000, 18000, 21360, 11097, 848, 303, 303, 404 } hash_logs={ 16, 15, 15, 14, 10, 9, 9, 9 } live=85000112 peak=607613467
full-width shared-path geometry [program, initial, final]: { .{ .words = 404, .independent_compressions = 98576, .shared_compressions = 4894, .proved_compressions = 0, .leaves = 1616, .parents = 1639, .frontier = 24 }, .{ .words = 136, .independent_compressions = 8296, .shared_compressions = 516, .proved_compressions = 516, .leaves = 136, .parents = 190, .frontier = 55 }, .{ .words = 167, .independent_compressions = 10187, .shared_compressions = 609, .proved_compressions = 609, .leaves = 167, .parents = 221, .frontier = 55 } }
METAL_STREAM_LEAVES columns=213 log=19 tile_log=17 scratch_bytes=37748736 dispatches=4 gpu_ms=3.965
full-width admission: live=85689084 peak=607613467
METAL_STREAM_LEAVES columns=213 log=19 tile_log=17 scratch_bytes=37748736 dispatches=4 gpu_ms=1.408
METAL_STREAM_LEAVES columns=6793 log=19 tile_log=16 scratch_bytes=39845888 dispatches=232 gpu_ms=20.593
METAL_FRAMEWORK_INTERACTION rows=65536 batches=33 gpu_ms=2.660708356415853
METAL_FRAMEWORK_INTERACTION rows=32768 batches=4 gpu_ms=0.13600001693703234
METAL_FRAMEWORK_INTERACTION rows=32768 batches=1 gpu_ms=0.04300000728107989
METAL_FRAMEWORK_INTERACTION rows=16384 batches=2 gpu_ms=0.06024999311193824
METAL_FRAMEWORK_INTERACTION rows=1024 batches=2 gpu_ms=0.02862501423805952
METAL_FRAMEWORK_INTERACTION rows=512 batches=1 gpu_ms=0.027833360945805907
METAL_FRAMEWORK_INTERACTION rows=512 batches=2 gpu_ms=0.0362499849870801
METAL_FRAMEWORK_INTERACTION rows=512 batches=1 gpu_ms=0.01683333539403975
METAL_STREAM_LEAVES columns=7232 log=19 tile_log=16 scratch_bytes=39845888 dispatches=240 gpu_ms=20.614
METAL_FRAMEWORK_COMPOSITION components=8 groups=5 gpu_ms=4.449
BLAKE3_EXECUTION_STAGE_PROFILE {"schema_version":1,"runtime":"native","example":"blake3-extension","stages":[{"id":"execution.fixed","label":"Admission and fixed commitment","seconds":0.029897,"children":null},{"id":"execution.main","label":"Main commitment","seconds":0.101458,"children":null},{"id":"execution.native_interaction","label":"Native interaction generation","seconds":0.010576,"children":null},{"id":"execution.hash_interaction","label":"Hash interaction generation","seconds":0.012536,"children":null},{"id":"execution.extension_interaction","label":"Precompile interaction generation","seconds":0.016248,"children":null},{"id":"execution.interaction_commit","label":"Interaction closure and commitment","seconds":0.116923,"children":null},{"id":"execution.core","label":"Core STARK proof","seconds":0.224059,"children":[{"id":"draw_random_coeff","label":"Draw random coefficient","seconds":0,"children":null},{"id":"composition_trace_extract","label":"Composition trace extract","seconds":0.000046,"children":null},{"id":"composition_evaluation","label":"Composition evaluation","seconds":0.061782,"children":null},{"id":"composition_interpolate_and_split","label":"Composition interpolate and split","seconds":0.002127,"children":null},{"id":"composition_commit","label":"Composition commit","seconds":0.00309,"children":null},{"id":"oods_point_and_mask_points","label":"OODS point and mask points","seconds":0.000653,"children":null},{"id":"sampled_value_evaluation","label":"Sampled-value evaluation","seconds":0.036813,"children":null},{"id":"sampled_value_channel_mix","label":"Sampled-value channel mix","seconds":0.000977,"children":null},{"id":"fri_quotient_build_and_commit","label":"FRI quotient build + commit (lazy)","seconds":0.093568,"children":null},{"id":"proof_of_work","label":"Proof of work","seconds":0.018628,"children":null},{"id":"fri_decommit","label":"FRI decommit","seconds":0.001197,"children":null},{"id":"trace_decommit","label":"Trace decommit","seconds":0.002066,"children":null},{"id":"constraint_check_and_assembly","label":"Constraint check and assembly","seconds":0.000645,"children":null}]}]}
BLAKE3_WITNESS_STAGE_PROFILE {"schema_version":1,"runtime":"host","example":"blake3-ethereum-witness","stages":[{"id":"witness.precompile","label":"Preflight and precompile witness","seconds":0.008803,"children":null},{"id":"witness.memory","label":"Memory commitment plan","seconds":0.001524,"children":null},{"id":"witness.hashes","label":"Hash columns and witness","seconds":0.040771,"children":null},{"id":"witness.native","label":"Native execution columns","seconds":0.000874,"children":null},{"id":"witness.lookup_counts","label":"Shared lookup counts and statement","seconds":0.035072,"children":null}]}
full-width witness: steps=1828 hash_counts={ 63000, 18000, 21360, 11097, 848, 303, 303, 404 } hash_logs={ 16, 15, 15, 14, 10, 9, 9, 9 } live=85000112 peak=607613467
full-width shared-path geometry [program, initial, final]: { .{ .words = 404, .independent_compressions = 98576, .shared_compressions = 4894, .proved_compressions = 0, .leaves = 1616, .parents = 1639, .frontier = 24 }, .{ .words = 136, .independent_compressions = 8296, .shared_compressions = 516, .proved_compressions = 516, .leaves = 136, .parents = 190, .frontier = 55 }, .{ .words = 167, .independent_compressions = 10187, .shared_compressions = 609, .proved_compressions = 609, .leaves = 167, .parents = 221, .frontier = 55 } }
METAL_STREAM_LEAVES columns=213 log=19 tile_log=17 scratch_bytes=37748736 dispatches=4 gpu_ms=1.866
full-width admission: live=85689084 peak=607613467
METAL_STREAM_LEAVES columns=213 log=19 tile_log=17 scratch_bytes=37748736 dispatches=4 gpu_ms=1.477
METAL_STREAM_LEAVES columns=6793 log=19 tile_log=16 scratch_bytes=39845888 dispatches=232 gpu_ms=20.732
METAL_FRAMEWORK_INTERACTION rows=65536 batches=33 gpu_ms=2.7489999774843454
METAL_FRAMEWORK_INTERACTION rows=32768 batches=4 gpu_ms=0.11120832641609013
METAL_FRAMEWORK_INTERACTION rows=32768 batches=1 gpu_ms=0.04529167199507356
METAL_FRAMEWORK_INTERACTION rows=16384 batches=2 gpu_ms=0.06158332689665258
METAL_FRAMEWORK_INTERACTION rows=1024 batches=2 gpu_ms=0.028999987989664078
METAL_FRAMEWORK_INTERACTION rows=512 batches=1 gpu_ms=0.028250011382624507
METAL_FRAMEWORK_INTERACTION rows=512 batches=2 gpu_ms=0.03674998879432678
METAL_FRAMEWORK_INTERACTION rows=512 batches=1 gpu_ms=0.017250014934688807
METAL_STREAM_LEAVES columns=7232 log=19 tile_log=16 scratch_bytes=39845888 dispatches=240 gpu_ms=20.333
METAL_FRAMEWORK_COMPOSITION components=8 groups=5 gpu_ms=4.544
BLAKE3_EXECUTION_STAGE_PROFILE {"schema_version":1,"runtime":"native","example":"blake3-extension","stages":[{"id":"execution.fixed","label":"Admission and fixed commitment","seconds":0.033493,"children":null},{"id":"execution.main","label":"Main commitment","seconds":0.101275,"children":null},{"id":"execution.native_interaction","label":"Native interaction generation","seconds":0.010589,"children":null},{"id":"execution.hash_interaction","label":"Hash interaction generation","seconds":0.012315,"children":null},{"id":"execution.extension_interaction","label":"Precompile interaction generation","seconds":0.016186,"children":null},{"id":"execution.interaction_commit","label":"Interaction closure and commitment","seconds":0.111772,"children":null},{"id":"execution.core","label":"Core STARK proof","seconds":0.220242,"children":[{"id":"draw_random_coeff","label":"Draw random coefficient","seconds":0,"children":null},{"id":"composition_trace_extract","label":"Composition trace extract","seconds":0.000047,"children":null},{"id":"composition_evaluation","label":"Composition evaluation","seconds":0.063288,"children":null},{"id":"composition_interpolate_and_split","label":"Composition interpolate and split","seconds":0.002541,"children":null},{"id":"composition_commit","label":"Composition commit","seconds":0.002087,"children":null},{"id":"oods_point_and_mask_points","label":"OODS point and mask points","seconds":0.000694,"children":null},{"id":"sampled_value_evaluation","label":"Sampled-value evaluation","seconds":0.028057,"children":null},{"id":"sampled_value_channel_mix","label":"Sampled-value channel mix","seconds":0.000974,"children":null},{"id":"fri_quotient_build_and_commit","label":"FRI quotient build + commit (lazy)","seconds":0.086447,"children":null},{"id":"proof_of_work","label":"Proof of work","seconds":0.029697,"children":null},{"id":"fri_decommit","label":"FRI decommit","seconds":0.001198,"children":null},{"id":"trace_decommit","label":"Trace decommit","seconds":0.002064,"children":null},{"id":"constraint_check_and_assembly","label":"Constraint check and assembly","seconds":0.00064,"children":null}]}]}
