METAL_STREAM_LEAVES columns=139 log=21 tile_log=17 scratch_bytes=37748736 dispatches=32 gpu_ms=5.218
METAL_STREAM_LEAVES columns=139 log=21 tile_log=17 scratch_bytes=37748736 dispatches=32 gpu_ms=5.721
METAL_STREAM_LEAVES columns=654 log=21 tile_log=17 scratch_bytes=54525952 dispatches=176 gpu_ms=16.000
METAL_FRAMEWORK_INTERACTION rows=1048576 batches=33 gpu_ms=38.09920835192315
METAL_FRAMEWORK_INTERACTION rows=262144 batches=4 gpu_ms=0.47579166130162776
METAL_FRAMEWORK_INTERACTION rows=262144 batches=1 gpu_ms=0.2633749973028898
METAL_FRAMEWORK_INTERACTION rows=131072 batches=2 gpu_ms=0.3023750032298267
METAL_FRAMEWORK_INTERACTION rows=1024 batches=2 gpu_ms=0.052749994210898876
METAL_FRAMEWORK_INTERACTION rows=4096 batches=1 gpu_ms=0.053958327043801546
METAL_FRAMEWORK_INTERACTION rows=4096 batches=2 gpu_ms=0.0712500186637044
METAL_FRAMEWORK_INTERACTION rows=8192 batches=1 gpu_ms=0.1259583223145455
METAL_STREAM_LEAVES columns=608 log=21 tile_log=17 scratch_bytes=54525952 dispatches=176 gpu_ms=20.393
METAL_FRAMEWORK_COMPOSITION components=8 groups=6 gpu_ms=67.681
BLAKE3_EXECUTION_STAGE_PROFILE {"schema_version":1,"runtime":"native","example":"blake3-execution","stages":[{"id":"execution.fixed","label":"Admission and fixed commitment","seconds":0.101677,"children":null},{"id":"execution.main","label":"Main commitment","seconds":0.250389,"children":null},{"id":"execution.native_interaction","label":"Native interaction generation","seconds":0.090299,"children":null},{"id":"execution.hash_interaction","label":"Hash interaction generation","seconds":0.153085,"children":null},{"id":"execution.interaction_commit","label":"Interaction closure and commitment","seconds":0.272804,"children":null},{"id":"execution.core","label":"Core STARK proof","seconds":0.59138,"children":[{"id":"draw_random_coeff","label":"Draw random coefficient","seconds":0.000001,"children":null},{"id":"composition_trace_extract","label":"Composition trace extract","seconds":0.000007,"children":null},{"id":"composition_evaluation","label":"Composition evaluation","seconds":0.287372,"children":null},{"id":"composition_interpolate_and_split","label":"Composition interpolate and split","seconds":0.005084,"children":null},{"id":"composition_commit","label":"Composition commit","seconds":0.006434,"children":null},{"id":"oods_point_and_mask_points","label":"OODS point and mask points","seconds":0.000258,"children":null},{"id":"sampled_value_evaluation","label":"Sampled-value evaluation","seconds":0.186464,"children":null},{"id":"sampled_value_channel_mix","label":"Sampled-value channel mix","seconds":0.000054,"children":null},{"id":"fri_quotient_build_and_commit","label":"FRI quotient build + commit (lazy)","seconds":0.085593,"children":null},{"id":"proof_of_work","label":"Proof of work","seconds":0.002005,"children":null},{"id":"fri_decommit","label":"FRI decommit","seconds":0.002047,"children":null},{"id":"trace_decommit","label":"Trace decommit","seconds":0.00214,"children":null},{"id":"constraint_check_and_assembly","label":"Constraint check and assembly","seconds":0.000264,"children":null}]}]}
METAL_STREAM_LEAVES columns=139 log=21 tile_log=17 scratch_bytes=37748736 dispatches=32 gpu_ms=5.952
METAL_STREAM_LEAVES columns=139 log=21 tile_log=17 scratch_bytes=37748736 dispatches=32 gpu_ms=4.618
METAL_STREAM_LEAVES columns=654 log=21 tile_log=17 scratch_bytes=54525952 dispatches=176 gpu_ms=14.350
METAL_FRAMEWORK_INTERACTION rows=1048576 batches=33 gpu_ms=36.88162501202896
METAL_FRAMEWORK_INTERACTION rows=262144 batches=4 gpu_ms=0.45141667942516506
METAL_FRAMEWORK_INTERACTION rows=262144 batches=1 gpu_ms=0.26187498588114977
METAL_FRAMEWORK_INTERACTION rows=131072 batches=2 gpu_ms=0.27975000557489693
METAL_FRAMEWORK_INTERACTION rows=1024 batches=2 gpu_ms=0.11054167407564819
METAL_FRAMEWORK_INTERACTION rows=4096 batches=1 gpu_ms=0.12087498907931149
METAL_FRAMEWORK_INTERACTION rows=4096 batches=2 gpu_ms=0.04499999340623617
METAL_FRAMEWORK_INTERACTION rows=8192 batches=1 gpu_ms=0.024374981876462698
METAL_STREAM_LEAVES columns=608 log=21 tile_log=17 scratch_bytes=54525952 dispatches=176 gpu_ms=20.110
METAL_FRAMEWORK_COMPOSITION components=8 groups=6 gpu_ms=68.210
BLAKE3_EXECUTION_STAGE_PROFILE {"schema_version":1,"runtime":"native","example":"blake3-execution","stages":[{"id":"execution.fixed","label":"Admission and fixed commitment","seconds":0.100426,"children":null},{"id":"execution.main","label":"Main commitment","seconds":0.256056,"children":null},{"id":"execution.native_interaction","label":"Native interaction generation","seconds":0.090686,"children":null},{"id":"execution.hash_interaction","label":"Hash interaction generation","seconds":0.14292,"children":null},{"id":"execution.interaction_commit","label":"Interaction closure and commitment","seconds":0.278906,"children":null},{"id":"execution.core","label":"Core STARK proof","seconds":0.55313,"children":[{"id":"draw_random_coeff","label":"Draw random coefficient","seconds":0,"children":null},{"id":"composition_trace_extract","label":"Composition trace extract","seconds":0.000007,"children":null},{"id":"composition_evaluation","label":"Composition evaluation","seconds":0.250409,"children":null},{"id":"composition_interpolate_and_split","label":"Composition interpolate and split","seconds":0.005095,"children":null},{"id":"composition_commit","label":"Composition commit","seconds":0.006344,"children":null},{"id":"oods_point_and_mask_points","label":"OODS point and mask points","seconds":0.000254,"children":null},{"id":"sampled_value_evaluation","label":"Sampled-value evaluation","seconds":0.182057,"children":null},{"id":"sampled_value_channel_mix","label":"Sampled-value channel mix","seconds":0.000055,"children":null},{"id":"fri_quotient_build_and_commit","label":"FRI quotient build + commit (lazy)","seconds":0.088271,"children":null},{"id":"proof_of_work","label":"Proof of work","seconds":0.001868,"children":null},{"id":"fri_decommit","label":"FRI decommit","seconds":0.002077,"children":null},{"id":"trace_decommit","label":"Trace decommit","seconds":0.002145,"children":null},{"id":"constraint_check_and_assembly","label":"Constraint check and assembly","seconds":0.000247,"children":null}]}]}
METAL_STREAM_LEAVES columns=139 log=21 tile_log=17 scratch_bytes=37748736 dispatches=32 gpu_ms=4.997
METAL_STREAM_LEAVES columns=139 log=21 tile_log=17 scratch_bytes=37748736 dispatches=32 gpu_ms=5.406
METAL_STREAM_LEAVES columns=654 log=21 tile_log=17 scratch_bytes=54525952 dispatches=176 gpu_ms=14.361
METAL_FRAMEWORK_INTERACTION rows=1048576 batches=33 gpu_ms=33.2463750091847
METAL_FRAMEWORK_INTERACTION rows=262144 batches=4 gpu_ms=0.45970833161845803
METAL_FRAMEWORK_INTERACTION rows=262144 batches=1 gpu_ms=0.2789999998640269
METAL_FRAMEWORK_INTERACTION rows=131072 batches=2 gpu_ms=0.40712501504458487
METAL_FRAMEWORK_INTERACTION rows=1024 batches=2 gpu_ms=0.05333332228474319
METAL_FRAMEWORK_INTERACTION rows=4096 batches=1 gpu_ms=0.05400000372901559
METAL_FRAMEWORK_INTERACTION rows=4096 batches=2 gpu_ms=0.07245832239277661
METAL_FRAMEWORK_INTERACTION rows=8192 batches=1 gpu_ms=0.26450000586919487
METAL_STREAM_LEAVES columns=608 log=21 tile_log=17 scratch_bytes=54525952 dispatches=176 gpu_ms=20.091
METAL_FRAMEWORK_COMPOSITION components=8 groups=6 gpu_ms=69.066
BLAKE3_EXECUTION_STAGE_PROFILE {"schema_version":1,"runtime":"native","example":"blake3-execution","stages":[{"id":"execution.fixed","label":"Admission and fixed commitment","seconds":0.103218,"children":null},{"id":"execution.main","label":"Main commitment","seconds":0.253845,"children":null},{"id":"execution.native_interaction","label":"Native interaction generation","seconds":0.090689,"children":null},{"id":"execution.hash_interaction","label":"Hash interaction generation","seconds":0.143328,"children":null},{"id":"execution.interaction_commit","label":"Interaction closure and commitment","seconds":0.280755,"children":null},{"id":"execution.core","label":"Core STARK proof","seconds":0.555061,"children":[{"id":"draw_random_coeff","label":"Draw random coefficient","seconds":0,"children":null},{"id":"composition_trace_extract","label":"Composition trace extract","seconds":0.000011,"children":null},{"id":"composition_evaluation","label":"Composition evaluation","seconds":0.251011,"children":null},{"id":"composition_interpolate_and_split","label":"Composition interpolate and split","seconds":0.005156,"children":null},{"id":"composition_commit","label":"Composition commit","seconds":0.006286,"children":null},{"id":"oods_point_and_mask_points","label":"OODS point and mask points","seconds":0.000263,"children":null},{"id":"sampled_value_evaluation","label":"Sampled-value evaluation","seconds":0.185589,"children":null},{"id":"sampled_value_channel_mix","label":"Sampled-value channel mix","seconds":0.000055,"children":null},{"id":"fri_quotient_build_and_commit","label":"FRI quotient build + commit (lazy)","seconds":0.086362,"children":null},{"id":"proof_of_work","label":"Proof of work","seconds":0.002045,"children":null},{"id":"fri_decommit","label":"FRI decommit","seconds":0.001973,"children":null},{"id":"trace_decommit","label":"Trace decommit","seconds":0.002059,"children":null},{"id":"constraint_check_and_assembly","label":"Constraint check and assembly","seconds":0.000223,"children":null}]}]}
