pcs_column_histogram hasher=vcs_lifted.blake3_merkle.MerkleHasher columns=139 groups=2:2,3:2,5:2,6:4,8:2,9:2,11:4,13:19,14:10,16:5,17:7,18:45,19:19,21:16
pcs_bounded_prefix final_log=21 prefix_log=14 prefix_columns=47 tail_columns=92 prefix_state_bytes=30932992 leaf_bytes=67108864 leaf_phase_peak_bytes=98041856 repeated_tail_absorptions=0 tail_cache_bytes=3911680
pcs_column_histogram hasher=vcs_lifted.blake3_merkle.MerkleHasher columns=139 groups=2:2,3:2,5:2,6:4,8:2,9:2,11:4,13:19,14:10,16:5,17:7,18:45,19:19,21:16
pcs_bounded_prefix final_log=21 prefix_log=14 prefix_columns=47 tail_columns=92 prefix_state_bytes=30932992 leaf_bytes=67108864 leaf_phase_peak_bytes=98041856 repeated_tail_absorptions=0 tail_cache_bytes=3911680
pcs_column_histogram hasher=vcs_lifted.blake3_merkle.MerkleHasher columns=654 groups=2:39,3:44,5:29,6:61,8:52,9:18,11:4,13:46,14:70,16:51,17:87,18:12,19:17,21:124
pcs_bounded_prefix final_log=21 prefix_log=14 prefix_columns=363 tail_columns=291 prefix_state_bytes=30932992 leaf_bytes=67108864 leaf_phase_peak_bytes=98041856 repeated_tail_absorptions=0 tail_cache_bytes=3911680
METAL_FRAMEWORK_INTERACTION rows=1048576 batches=33 gpu_ms=35.971625009551644
METAL_FRAMEWORK_INTERACTION rows=262144 batches=4 gpu_ms=0.4558333312161267
METAL_FRAMEWORK_INTERACTION rows=262144 batches=1 gpu_ms=0.2752083237282932
METAL_FRAMEWORK_INTERACTION rows=131072 batches=2 gpu_ms=0.3434999962337315
METAL_FRAMEWORK_INTERACTION rows=1024 batches=2 gpu_ms=0.05466665606945753
METAL_FRAMEWORK_INTERACTION rows=4096 batches=1 gpu_ms=0.1192916533909738
METAL_FRAMEWORK_INTERACTION rows=4096 batches=2 gpu_ms=0.1746250200085342
METAL_FRAMEWORK_INTERACTION rows=8192 batches=1 gpu_ms=0.03875000402331352
pcs_column_histogram hasher=vcs_lifted.blake3_merkle.MerkleHasher columns=608 groups=2:64,3:28,5:24,6:52,8:32,9:16,11:8,13:36,14:72,16:40,17:72,18:8,19:24,21:132
pcs_bounded_prefix final_log=21 prefix_log=14 prefix_columns=332 tail_columns=276 prefix_state_bytes=30932992 leaf_bytes=67108864 leaf_phase_peak_bytes=98041856 repeated_tail_absorptions=0 tail_cache_bytes=3911680
METAL_FRAMEWORK_COMPOSITION components=8 groups=6 gpu_ms=67.820
BLAKE3_EXECUTION_STAGE_PROFILE {"schema_version":1,"runtime":"native","example":"blake3-execution","stages":[{"id":"execution.fixed","label":"Admission and fixed commitment","seconds":0.118736,"children":null},{"id":"execution.main","label":"Main commitment","seconds":0.294077,"children":null},{"id":"execution.native_interaction","label":"Native interaction generation","seconds":0.086346,"children":null},{"id":"execution.hash_interaction","label":"Hash interaction generation","seconds":0.144704,"children":null},{"id":"execution.interaction_commit","label":"Interaction closure and commitment","seconds":0.319685,"children":null},{"id":"execution.core","label":"Core STARK proof","seconds":0.591051,"children":[{"id":"draw_random_coeff","label":"Draw random coefficient","seconds":0,"children":null},{"id":"composition_trace_extract","label":"Composition trace extract","seconds":0.000006,"children":null},{"id":"composition_evaluation","label":"Composition evaluation","seconds":0.290542,"children":null},{"id":"composition_interpolate_and_split","label":"Composition interpolate and split","seconds":0.005067,"children":null},{"id":"composition_commit","label":"Composition commit","seconds":0.006224,"children":null},{"id":"oods_point_and_mask_points","label":"OODS point and mask points","seconds":0.000264,"children":null},{"id":"sampled_value_evaluation","label":"Sampled-value evaluation","seconds":0.184178,"children":null},{"id":"sampled_value_channel_mix","label":"Sampled-value channel mix","seconds":0.000057,"children":null},{"id":"fri_quotient_build_and_commit","label":"FRI quotient build + commit (lazy)","seconds":0.085108,"children":null},{"id":"proof_of_work","label":"Proof of work","seconds":0.002027,"children":null},{"id":"fri_decommit","label":"FRI decommit","seconds":0.001865,"children":null},{"id":"trace_decommit","label":"Trace decommit","seconds":0.002078,"children":null},{"id":"constraint_check_and_assembly","label":"Constraint check and assembly","seconds":0.000249,"children":null}]}]}
pcs_column_histogram hasher=vcs_lifted.blake3_merkle.MerkleHasher columns=139 groups=2:2,3:2,5:2,6:4,8:2,9:2,11:4,13:19,14:10,16:5,17:7,18:45,19:19,21:16
pcs_bounded_prefix final_log=21 prefix_log=14 prefix_columns=47 tail_columns=92 prefix_state_bytes=30932992 leaf_bytes=67108864 leaf_phase_peak_bytes=98041856 repeated_tail_absorptions=0 tail_cache_bytes=3911680
