SEGMENT_V2_LADDER mode=narrow_complete_proof requested_steps=64 native_backend=cpu memory_addresses=1 initial_register7=0
SEGMENT_V2_MEMORY_EXECUTION address_count=1 initial_word=13 segment_cycles=64 cumulative_cycles=64 loads=21 stores=20 distinct_accessed=1 stride_bytes=128 entry_nonzero_words=1 exit_nonzero_words=1 exit_pc=1100
SEGMENT_V2_MEMORY_EXECUTION address_count=1 initial_word=13 segment_cycles=34 cumulative_cycles=98 loads=11 stores=12 distinct_accessed=1 stride_bytes=128 entry_nonzero_words=1 exit_nonzero_words=1 exit_pc=1188
info: Columns: opcode=103 infra=481 total tree1=584 interaction=152
info: Poseidon2 Merkle: 480 exact sparse-node calls, poseidon_log_size=9, merkle_log_size=9
SEGMENT_V2_NATIVE_MEMORY path=temporal segment=0 backend=cpu scope=caller_allocator_payload excludes=size_routed_mmap_and_device producer_peak_bytes=459835596 producer_live_bytes_after_destroy=0 canonical_proof_bytes=1323023 before_fresh_decode=true
SEGMENT_V2_NATIVE_PROFILE profile=protocol_v1 segment=0 queries=193 fold_step=4 pcs_pow_bits=16 interaction_pow_bits=10 prove_ns=2334491917 transport_ns=8908416 verify_ns=455682875 recursive_prepare_ns=969772042 proof_bytes=1323023 transcript_calls=1164 verifier_core_calls=58865 outer_proof_created=false
SEGMENT_V2_DETACHED_GEOMETRY profile=recursive_q193_v1 cohort_ns=1952729417 poseidon_calls=60045 tree0_evaluation_bytes=187176192 tree1_evaluation_bytes=242896640 tree2_evaluation_bytes=110733312 excludes=pcs_expansion_commitments_and_metadata before_tree_allocation=true
RECURSIVE_INTERACTION_DOMAIN_AUDIT component=18 logical_rows=4340 event_terms=39060 matched=true
RECURSIVE_INTERACTION_DOMAIN_AUDIT component=19 logical_rows=138 event_terms=138 matched=true
RECURSIVE_INTERACTION_DOMAIN_AUDIT component=20 logical_rows=579 event_terms=19107 matched=true
RECURSIVE_INTERACTION_DOMAIN_AUDIT component=21 logical_rows=9264 event_terms=18528 matched=true
RECURSIVE_INTERACTION_DOMAIN_AUDIT component=22 logical_rows=27 event_terms=243 matched=true
RECURSIVE_INTERACTION_DOMAIN_AUDIT component=23 logical_rows=58479 event_terms=818706 matched=true
RECURSIVE_INTERACTION_DOMAIN_AUDIT component=24 logical_rows=482493 event_terms=3859944 matched=true
RECURSIVE_INTERACTION_DOMAIN_AUDIT component=25 logical_rows=34740 event_terms=486360 matched=true
RECURSIVE_INTERACTION_DOMAIN_AUDIT component=26 logical_rows=8685 event_terms=43425 matched=true
RECURSIVE_INTERACTION_DOMAIN_AUDIT component=27 logical_rows=2895 event_terms=14475 matched=true
RECURSIVE_INTERACTION_DOMAIN_AUDIT component=28 logical_rows=4053 event_terms=16212 matched=true
RECURSIVE_INTERACTION_DOMAIN_AUDIT component=29 logical_rows=211989 event_terms=1907901 matched=true
RECURSIVE_INTERACTION_DOMAIN_AUDIT component=30 logical_rows=513327 event_terms=1539981 matched=true
RECURSIVE_INTERACTION_DOMAIN_AUDIT component=31 logical_rows=16690 event_terms=33380 matched=true
RECURSIVE_INTERACTION_DOMAIN_AUDIT component=32 logical_rows=442650 event_terms=1327950 matched=true
RECURSIVE_INTERACTION_DOMAIN_AUDIT component=33 logical_rows=24897 event_terms=74691 matched=true
DETACHED_WRAPPER_STAGE_PROFILE {"schema_version":1,"runtime":"cpu","example":"detached-recursive-wrapper","stages":[{"id":"wrapper.cohort","label":"Admitted wrapper cohort","seconds":1.952744,"children":null},{"id":"wrapper.fixed","label":"Fixed columns and key admission","seconds":0.654105,"children":null},{"id":"wrapper.main_fill","label":"Main column allocation and filling","seconds":0.148686,"children":null},{"id":"wrapper.main_commit","label":"Main commitment","seconds":0.588693,"children":null},{"id":"wrapper.interaction_fill","label":"Interaction transcript and filling","seconds":3.135345,"children":null},{"id":"wrapper.closure","label":"Global lookup closure","seconds":0.213434,"children":null},{"id":"wrapper.interaction_commit","label":"Interaction transcript and commitment","seconds":0.3284,"children":null},{"id":"wrapper.components","label":"Typed component assembly","seconds":0.2859,"children":null},{"id":"draw_random_coeff","label":"Draw random coefficient","seconds":0.000002,"children":null},{"id":"composition_trace_extract","label":"Composition trace extract","seconds":0.000023,"children":null},{"id":"composition_evaluation","label":"Composition evaluation","seconds":1.085875,"children":null},{"id":"composition_interpolate_and_split","label":"Composition interpolate and split","seconds":0.002472,"children":null},{"id":"composition_commit","label":"Composition commit","seconds":0.094272,"children":null},{"id":"oods_point_and_mask_points","label":"OODS point and mask points","seconds":0.000354,"children":null},{"id":"sampled_value_evaluation","label":"Sampled-value evaluation","seconds":0.051771,"children":null},{"id":"sampled_value_channel_mix","label":"Sampled-value channel mix","seconds":0.000817,"children":null},{"id":"fri_quotient_build_and_commit","label":"FRI quotient build + commit (lazy)","seconds":0.184824,"children":null},{"id":"proof_of_work","label":"Proof of work","seconds":0.371963,"children":null},{"id":"fri_decommit","label":"FRI decommit","seconds":0.015023,"children":null},{"id":"trace_decommit","label":"Trace decommit","seconds":0.002622,"children":null},{"id":"constraint_check_and_assembly","label":"Constraint check and assembly","seconds":0.000576,"children":null},{"id":"wrapper.serialize","label":"Canonical proof serialization","seconds":0.0052,"children":null}]}
SEGMENT_V2_TWO_CHILD_CANDIDATE segment=0 first_cycle=0 retired_cycles=64 completed=false directory=/Users/theodorepender/Coding/stark-proving-engineering/stwo-zig/vectors/reports/riscv-proving-stack-reset-20260908/small-detached-recursion-v1/wrapper-interaction-direct-cold/q193-cpu/child-0 native_backend=cpu recursive_backend=cpu proof_bytes=2487266 native_ingress_ns=3770404291 outer_prepare_ns=2606885375 outer_prove_ns=6549715375 transaction_ns=12952454916 producer_peak_bytes=2636329440 producer_live_bytes_after_destroy=0 status=unverified_candidate parent_proof_created=false
info: Columns: opcode=85 infra=481 total tree1=566 interaction=136
info: Poseidon2 Merkle: 480 exact sparse-node calls, poseidon_log_size=9, merkle_log_size=9
SEGMENT_V2_NATIVE_MEMORY path=temporal segment=1 backend=cpu scope=caller_allocator_payload excludes=size_routed_mmap_and_device producer_peak_bytes=459768108 producer_live_bytes_after_destroy=0 canonical_proof_bytes=1291699 before_fresh_decode=true
SEGMENT_V2_NATIVE_PROFILE profile=protocol_v1 segment=1 queries=193 fold_step=4 pcs_pow_bits=16 interaction_pow_bits=10 prove_ns=1983312125 transport_ns=8650667 verify_ns=463146041 recursive_prepare_ns=959106375 proof_bytes=1291699 transcript_calls=1104 verifier_core_calls=57900 outer_proof_created=false
SEGMENT_V2_DETACHED_GEOMETRY profile=recursive_q193_v1 cohort_ns=1925427542 poseidon_calls=59019 tree0_evaluation_bytes=187176192 tree1_evaluation_bytes=242896640 tree2_evaluation_bytes=110733312 excludes=pcs_expansion_commitments_and_metadata before_tree_allocation=true
RECURSIVE_INTERACTION_DOMAIN_AUDIT component=18 logical_rows=4110 event_terms=36990 matched=true
RECURSIVE_INTERACTION_DOMAIN_AUDIT component=19 logical_rows=138 event_terms=138 matched=true
RECURSIVE_INTERACTION_DOMAIN_AUDIT component=20 logical_rows=579 event_terms=19107 matched=true
RECURSIVE_INTERACTION_DOMAIN_AUDIT component=21 logical_rows=9264 event_terms=18528 matched=true
RECURSIVE_INTERACTION_DOMAIN_AUDIT component=22 logical_rows=27 event_terms=243 matched=true
RECURSIVE_INTERACTION_DOMAIN_AUDIT component=23 logical_rows=55584 event_terms=778176 matched=true
RECURSIVE_INTERACTION_DOMAIN_AUDIT component=24 logical_rows=461025 event_terms=3688200 matched=true
RECURSIVE_INTERACTION_DOMAIN_AUDIT component=25 logical_rows=34740 event_terms=486360 matched=true
RECURSIVE_INTERACTION_DOMAIN_AUDIT component=26 logical_rows=8685 event_terms=43425 matched=true
RECURSIVE_INTERACTION_DOMAIN_AUDIT component=27 logical_rows=2895 event_terms=14475 matched=true
RECURSIVE_INTERACTION_DOMAIN_AUDIT component=28 logical_rows=4053 event_terms=16212 matched=true
RECURSIVE_INTERACTION_DOMAIN_AUDIT component=29 logical_rows=211989 event_terms=1907901 matched=true
RECURSIVE_INTERACTION_DOMAIN_AUDIT component=30 logical_rows=498591 event_terms=1495773 matched=true
RECURSIVE_INTERACTION_DOMAIN_AUDIT component=31 logical_rows=16497 event_terms=32994 matched=true
RECURSIVE_INTERACTION_DOMAIN_AUDIT component=32 logical_rows=427833 event_terms=1283499 matched=true
RECURSIVE_INTERACTION_DOMAIN_AUDIT component=33 logical_rows=24897 event_terms=74691 matched=true
DETACHED_WRAPPER_STAGE_PROFILE {"schema_version":1,"runtime":"cpu","example":"detached-recursive-wrapper","stages":[{"id":"wrapper.cohort","label":"Admitted wrapper cohort","seconds":1.925438,"children":null},{"id":"wrapper.fixed","label":"Fixed columns and key admission","seconds":0.638415,"children":null},{"id":"wrapper.main_fill","label":"Main column allocation and filling","seconds":0.147587,"children":null},{"id":"wrapper.main_commit","label":"Main commitment","seconds":0.630103,"children":null},{"id":"wrapper.interaction_fill","label":"Interaction transcript and filling","seconds":3.028237,"children":null},{"id":"wrapper.closure","label":"Global lookup closure","seconds":0.208782,"children":null},{"id":"wrapper.interaction_commit","label":"Interaction transcript and commitment","seconds":0.340291,"children":null},{"id":"wrapper.components","label":"Typed component assembly","seconds":0.28202,"children":null},{"id":"draw_random_coeff","label":"Draw random coefficient","seconds":0.000002,"children":null},{"id":"composition_trace_extract","label":"Composition trace extract","seconds":0.000026,"children":null},{"id":"composition_evaluation","label":"Composition evaluation","seconds":1.087027,"children":null},{"id":"composition_interpolate_and_split","label":"Composition interpolate and split","seconds":0.002526,"children":null},{"id":"composition_commit","label":"Composition commit","seconds":0.106362,"children":null},{"id":"oods_point_and_mask_points","label":"OODS point and mask points","seconds":0.000342,"children":null},{"id":"sampled_value_evaluation","label":"Sampled-value evaluation","seconds":0.051877,"children":null},{"id":"sampled_value_channel_mix","label":"Sampled-value channel mix","seconds":0.000815,"children":null},{"id":"fri_quotient_build_and_commit","label":"FRI quotient build + commit (lazy)","seconds":0.183969,"children":null},{"id":"proof_of_work","label":"Proof of work","seconds":0.782065,"children":null},{"id":"fri_decommit","label":"FRI decommit","seconds":0.01497,"children":null},{"id":"trace_decommit","label":"Trace decommit","seconds":0.002695,"children":null},{"id":"constraint_check_and_assembly","label":"Constraint check and assembly","seconds":0.000384,"children":null},{"id":"wrapper.serialize","label":"Canonical proof serialization","seconds":0.005123,"children":null}]}
SEGMENT_V2_TWO_CHILD_CANDIDATE segment=1 first_cycle=64 retired_cycles=34 completed=true directory=/Users/theodorepender/Coding/stark-proving-engineering/stwo-zig/vectors/reports/riscv-proving-stack-reset-20260908/small-detached-recursion-v1/wrapper-interaction-direct-cold/q193-cpu/child-1 native_backend=cpu recursive_backend=cpu proof_bytes=2491187 native_ingress_ns=3415618708 outer_prepare_ns=2563873500 outer_prove_ns=6908524917 transaction_ns=12913100625 producer_peak_bytes=2625096264 producer_live_bytes_after_destroy=0 status=unverified_candidate parent_proof_created=false
SEGMENT_V2_TWO_CHILD_PRODUCER status=unverified_candidates native_backend=cpu recursive_backend=cpu owners_destroyed=true parent_proof_created=false
