test-recursive-fused-pcs-opening
+- Fused PCS opening guard
   +- run test
      +- compile test ReleaseSafe native 2 errors
/Users/theodorepender/code/cryptography/stwo-zig/src/frontends/riscv/recursion/air/blake3_shared_root_test.zig:10:84: error: function parameter shadows declaration of 'rows'
fn add(comptime Air: type, a: std.mem.Allocator, ledger: *interaction.TupleLedger, rows: []const Air.Row) !void {
                                                                                   ^~~~
/Users/theodorepender/code/cryptography/stwo-zig/src/frontends/riscv/recursion/air/blake3_shared_root_test.zig:18:1: note: declared here
fn rows(p: group.Prepared) struct { []const group.g.Row, []const group.xor.Row, []const group.boundary.Row, []const group.route.Row, []const group.word.Row, []const group.select.Row } {
^~
/Users/theodorepender/code/cryptography/stwo-zig/src/frontends/riscv/recursion/air/blake3_shared_root_test.zig:56:105: error: expected 4 argument(s), found 1
    for ([_]u32{ 0, 1, 0 }, 0..) |bit, q| try ledger.append(.recursion_wire, 0, 0, .emit, Q.one(), &.{ Q.fromM31(M.fromCanonical(900)), Q.fromM31(M.fromCanonical(@intCast(q))), Q.fromM31(M.fromCanonical(bit)), Q.zero(), Q.zero(), Q.zero() });
                                                                                                       ~^~~~~~~~
/Users/theodorepender/code/cryptography/stwo-zig/src/core/fields/qm31.zig:53:16: note: function declared here
    pub inline fn fromM31(a: M31, b: M31, c: M31, d: M31) QM31 {
    ~~~~~~~~~~~^~~~~~~~~~~~~~~~~~~~~~~~~~~~~~~~~~~~~~~~~~~~~~~
referenced by:
    comptime: /Users/theodorepender/code/cryptography/stwo-zig/src/frontends/riscv/pcs_opening_test_root.zig:2:17
error: the following command failed with 2 compilation errors:
/opt/homebrew/Cellar/zig@0.15/0.15.2/bin/zig test -OReleaseSafe --dep stwo_core --dep stwo_cpu_backend --dep stwo_riscv_frontend --dep stwo_riscv_cpu_integration --dep stwo_prover_engine -Mroot=/Users/theodorepender/code/cryptography/stwo-zig/src/frontends/riscv/pcs_opening_test_root.zig -OReleaseSafe -Mstwo_core=/Users/theodorepender/code/cryptography/stwo-zig/src/core/mod.zig -OReleaseSafe --dep stwo_core --dep stwo_backend_contracts --dep stwo_prover_engine -Mstwo_cpu_backend=/Users/theodorepender/code/cryptography/stwo-zig/src/backends/cpu_scalar/mod.zig -OReleaseSafe --dep stwo_core --dep stwo_prover_api --dep stwo_prover_engine --dep interop_postcard --dep typed_air_artifacts --dep typed_air_h009_artifacts --dep typed_air_h010_artifacts -Mstwo_riscv_frontend=/Users/theodorepender/code/cryptography/stwo-zig/src/frontends/riscv/mod.zig -OReleaseSafe --dep stwo_artifact_store --dep stwo_core --dep stwo_prover_api --dep stwo_prover_engine --dep stwo_cpu_backend --dep stwo_riscv_frontend --dep interop_postcard -Mstwo_riscv_cpu_integration=/Users/theodorepender/code/cryptography/stwo-zig/src/integrations/riscv_cpu/mod.zig -OReleaseSafe --dep stwo_core --dep stwo_backend_contracts --dep stwo_prover_api -Mstwo_prover_engine=/Users/theodorepender/code/cryptography/stwo-zig/src/prover/mod.zig -OReleaseSafe --dep stwo_core -Mstwo_backend_contracts=/Users/theodorepender/code/cryptography/stwo-zig/src/backend/mod.zig -OReleaseSafe --dep stwo_core -Mstwo_prover_api=/Users/theodorepender/code/cryptography/stwo-zig/src/prover_api/mod.zig -OReleaseSafe --dep stwo_core --dep stwo_proof_wire -Minterop_postcard=/Users/theodorepender/code/cryptography/stwo-zig/src/interop/postcard.zig -OReleaseSafe -Mtyped_air_artifacts=/Users/theodorepender/code/cryptography/stwo-zig/design/typed-air/artifacts/embedded.zig -OReleaseSafe -Mtyped_air_h009_artifacts=/Users/theodorepender/code/cryptography/stwo-zig/design/typed-air/artifacts/h009_embedded.zig -OReleaseSafe -Mtyped_air_h010_artifacts=/Users/theodorepender/code/cryptography/stwo-zig/design/typed-air/artifacts/h010_embedded.zig -OReleaseSafe -Mstwo_artifact_store=/Users/theodorepender/code/cryptography/stwo-zig/src/artifact_store/mod.zig -OReleaseSafe --dep stwo_core -Mstwo_proof_wire=/Users/theodorepender/code/cryptography/stwo-zig/src/interop/proof_wire/mod.zig --test-filter "shared BLAKE3 root preserves every query input and exact multiplicity" --test-filter "PCS fusion path census separates heights and counts duplicate groups" --test-filter "residual arithmetic census respects shared and exported intermediates" --test-filter "R-012 framework interaction is source-exact, two-allocation, and failure atomic" --test-filter "R-012 framework workspace is equivalent, zero-allocation, fail-atomic, and alias-safe" --test-filter "native typed padding census compares complete interaction columns" --test-filter "native query fusion admission rejects altered missing and duplicate sources" --test-filter "native PCS opening preserves both external authentication consumers" --test-filter "native PCS opening rejects main mutations and admits inert padding" --test-filter "fused PCS opening preserves the exact signed external lookup multiset" --test-filter "fused PCS opening binds every schedule coordinate and handles zero and field-edge values" --test-filter "fused PCS matcher preserves query sources and refuses shared or exported inputs" --test-filter "fused PCS opening pins degree-two semantics and exact query-wire relations" --test-filter "fused PCS opening rejects every main-coordinate mutation and admits inert padding" --cache-dir .zig-cache --global-cache-dir /Users/theodorepender/.cache/zig --name test --zig-lib-dir /opt/homebrew/Cellar/zig@0.15/0.15.2/lib/zig/ --listen=-

Build Summary: 0/4 steps succeeded; 1 failed
test-recursive-fused-pcs-opening transitive failure
+- Fused PCS opening guard transitive failure
   +- run test transitive failure
      +- compile test ReleaseSafe native 2 errors

error: the following build command failed with exit code 1:
.zig-cache/o/769f90eb348195621286fd66595f11ba/build /opt/homebrew/Cellar/zig@0.15/0.15.2/bin/zig /opt/homebrew/Cellar/zig@0.15/0.15.2/lib/zig /Users/theodorepender/code/cryptography/stwo-zig/src/integrations/riscv_cpu .zig-cache /Users/theodorepender/.cache/zig --seed 0xe367316f -Z0dbb38cecaa6afcc --maxrss 25769803776 -j1 test-recursive-fused-pcs-opening -Doptimize=ReleaseSafe --summary all
