test-blake3-native-tree-aot
+- run test stderr
CANONICAL_PARENT_ALLOCATOR mode=smp
BLAKE3_PATH_SHARING kind=trace tree=0 depth=19 openings=70 unique_groups=70 upper_hashes=1330 unique_upper_hashes=911
BLAKE3_PATH_SHARING kind=trace tree=1 depth=19 openings=70 unique_groups=70 upper_hashes=1330 unique_upper_hashes=911
BLAKE3_PATH_SHARING kind=trace tree=2 depth=19 openings=70 unique_groups=70 upper_hashes=1330 unique_upper_hashes=911
BLAKE3_PATH_SHARING kind=trace tree=3 depth=19 openings=70 unique_groups=70 upper_hashes=1330 unique_upper_hashes=911
BLAKE3_PATH_SHARING kind=fri tree=0 depth=18 openings=70 unique_groups=70 upper_hashes=1260 unique_upper_hashes=841
BLAKE3_PATH_SHARING kind=fri tree=1 depth=17 openings=70 unique_groups=70 upper_hashes=1190 unique_upper_hashes=771
BLAKE3_PATH_SHARING kind=fri tree=2 depth=16 openings=70 unique_groups=70 upper_hashes=1120 unique_upper_hashes=701
BLAKE3_PATH_SHARING kind=fri tree=3 depth=15 openings=70 unique_groups=70 upper_hashes=1050 unique_upper_hashes=631
BLAKE3_PATH_SHARING kind=fri tree=4 depth=14 openings=70 unique_groups=70 upper_hashes=980 unique_upper_hashes=561
BLAKE3_PATH_SHARING kind=fri tree=5 depth=13 openings=70 unique_groups=70 upper_hashes=910 unique_upper_hashes=491
BLAKE3_PATH_SHARING kind=fri tree=6 depth=12 openings=70 unique_groups=70 upper_hashes=840 unique_upper_hashes=421
BLAKE3_PATH_SHARING kind=fri tree=7 depth=11 openings=70 unique_groups=69 upper_hashes=770 unique_upper_hashes=352
BLAKE3_PATH_SHARING kind=fri tree=8 depth=10 openings=70 unique_groups=69 upper_hashes=700 unique_upper_hashes=283
BLAKE3_PATH_SHARING kind=fri tree=9 depth=9 openings=70 unique_groups=65 upper_hashes=630 unique_upper_hashes=218
BLAKE3_PATH_SHARING kind=fri tree=10 depth=8 openings=70 unique_groups=61 upper_hashes=560 unique_upper_hashes=157
BLAKE3_PATH_SHARING kind=fri tree=11 depth=7 openings=70 unique_groups=54 upper_hashes=490 unique_upper_hashes=103
BLAKE3_PATH_SHARING kind=fri tree=12 depth=6 openings=70 unique_groups=43 upper_hashes=420 unique_upper_hashes=60
BLAKE3_PATH_SHARING kind=fri tree=13 depth=5 openings=70 unique_groups=29 upper_hashes=350 unique_upper_hashes=31
BLAKE3_PATH_SHARING kind=fri tree=14 depth=4 openings=70 unique_groups=16 upper_hashes=280 unique_upper_hashes=15
BLAKE3_PATH_SHARING kind=fri tree=15 depth=3 openings=70 unique_groups=8 upper_hashes=210 unique_upper_hashes=7
BLAKE3_PATH_SHARING kind=fri tree=16 depth=2 openings=70 unique_groups=4 upper_hashes=140 unique_upper_hashes=3
BLAKE3_PATH_SHARING kind=fri tree=17 depth=1 openings=70 unique_groups=2 upper_hashes=70 unique_upper_hashes=1
BLAKE3_PATH_SHARING_TOTAL upper_hashes=17290 unique_upper_hashes=9291 node_g_rows=112 gross_candidate_g_rows=725872 path_g_rows=2197664 shared_root_g_rows=170016 remaining_sharing_implemented=false
BLAKE3_NATIVE_QUERY_FUSION groups=7840 removed_scalars=31360
BLAKE3_NATIVE_FUSION dot4=15505 fma=56858 arithmetic_rows=160880
BLAKE3_PATH_SHARING kind=trace tree=0 depth=19 openings=70 unique_groups=70 upper_hashes=1330 unique_upper_hashes=921
BLAKE3_PATH_SHARING kind=trace tree=1 depth=19 openings=70 unique_groups=70 upper_hashes=1330 unique_upper_hashes=921
BLAKE3_PATH_SHARING kind=trace tree=2 depth=19 openings=70 unique_groups=70 upper_hashes=1330 unique_upper_hashes=921
BLAKE3_PATH_SHARING kind=trace tree=3 depth=19 openings=70 unique_groups=70 upper_hashes=1330 unique_upper_hashes=921
BLAKE3_PATH_SHARING kind=fri tree=0 depth=18 openings=70 unique_groups=70 upper_hashes=1260 unique_upper_hashes=851
BLAKE3_PATH_SHARING kind=fri tree=1 depth=17 openings=70 unique_groups=70 upper_hashes=1190 unique_upper_hashes=781
BLAKE3_PATH_SHARING kind=fri tree=2 depth=16 openings=70 unique_groups=70 upper_hashes=1120 unique_upper_hashes=711
BLAKE3_PATH_SHARING kind=fri tree=3 depth=15 openings=70 unique_groups=70 upper_hashes=1050 unique_upper_hashes=641
BLAKE3_PATH_SHARING kind=fri tree=4 depth=14 openings=70 unique_groups=70 upper_hashes=980 unique_upper_hashes=571
BLAKE3_PATH_SHARING kind=fri tree=5 depth=13 openings=70 unique_groups=70 upper_hashes=910 unique_upper_hashes=501
BLAKE3_PATH_SHARING kind=fri tree=6 depth=12 openings=70 unique_groups=70 upper_hashes=840 unique_upper_hashes=431
BLAKE3_PATH_SHARING kind=fri tree=7 depth=11 openings=70 unique_groups=70 upper_hashes=770 unique_upper_hashes=361
BLAKE3_PATH_SHARING kind=fri tree=8 depth=10 openings=70 unique_groups=70 upper_hashes=700 unique_upper_hashes=291
BLAKE3_PATH_SHARING kind=fri tree=9 depth=9 openings=70 unique_groups=70 upper_hashes=630 unique_upper_hashes=221
BLAKE3_PATH_SHARING kind=fri tree=10 depth=8 openings=70 unique_groups=64 upper_hashes=560 unique_upper_hashes=157
BLAKE3_PATH_SHARING kind=fri tree=11 depth=7 openings=70 unique_groups=56 upper_hashes=490 unique_upper_hashes=101
BLAKE3_PATH_SHARING kind=fri tree=12 depth=6 openings=70 unique_groups=42 upper_hashes=420 unique_upper_hashes=59
BLAKE3_PATH_SHARING kind=fri tree=13 depth=5 openings=70 unique_groups=28 upper_hashes=350 unique_upper_hashes=31
BLAKE3_PATH_SHARING kind=fri tree=14 depth=4 openings=70 unique_groups=16 upper_hashes=280 unique_upper_hashes=15
BLAKE3_PATH_SHARING kind=fri tree=15 depth=3 openings=70 unique_groups=8 upper_hashes=210 unique_upper_hashes=7
BLAKE3_PATH_SHARING kind=fri tree=16 depth=2 openings=70 unique_groups=4 upper_hashes=140 unique_upper_hashes=3
BLAKE3_PATH_SHARING kind=fri tree=17 depth=1 openings=70 unique_groups=2 upper_hashes=70 unique_upper_hashes=1
BLAKE3_PATH_SHARING_TOTAL upper_hashes=17290 unique_upper_hashes=9418 node_g_rows=112 gross_candidate_g_rows=711648 path_g_rows=2197664 shared_root_g_rows=170016 remaining_sharing_implemented=false
BLAKE3_NATIVE_QUERY_FUSION groups=7840 removed_scalars=31360
BLAKE3_NATIVE_FUSION dot4=15505 fma=56860 arithmetic_rows=160876
CANONICAL_TREE_LEAF_POOL workers=8
CANONICAL_TREE_PHASE phase=leaf_pair_proof_and_preparation ns=6547774417
METAL_FRAMEWORK_INTERACTION rows=8388608 batches=31 gpu_ms=255.74537500506267
METAL_FRAMEWORK_INTERACTION rows=2097152 batches=4 gpu_ms=4.420916666276753
METAL_FRAMEWORK_INTERACTION rows=2097152 batches=1 gpu_ms=3.0195416475180537
METAL_FRAMEWORK_INTERACTION rows=1048576 batches=2 gpu_ms=1.959624991286546
METAL_FRAMEWORK_INTERACTION rows=524288 batches=2 gpu_ms=0.6816249806433916
CANONICAL_TREE_PHASE phase=aggregate_proof_and_checks height=1 ns=12649835666
BLAKE3_TREE_NODE verified=true height=1 artifact_bytes=909260 queries=70 pow_bits=26
BLAKE3_PATH_SHARING kind=trace tree=0 depth=19 openings=70 unique_groups=70 upper_hashes=1330 unique_upper_hashes=911
BLAKE3_PATH_SHARING kind=trace tree=1 depth=19 openings=70 unique_groups=70 upper_hashes=1330 unique_upper_hashes=911
BLAKE3_PATH_SHARING kind=trace tree=2 depth=19 openings=70 unique_groups=70 upper_hashes=1330 unique_upper_hashes=911
BLAKE3_PATH_SHARING kind=trace tree=3 depth=19 openings=70 unique_groups=70 upper_hashes=1330 unique_upper_hashes=911
BLAKE3_PATH_SHARING kind=fri tree=0 depth=18 openings=70 unique_groups=70 upper_hashes=1260 unique_upper_hashes=841
BLAKE3_PATH_SHARING kind=fri tree=1 depth=17 openings=70 unique_groups=70 upper_hashes=1190 unique_upper_hashes=771
BLAKE3_PATH_SHARING kind=fri tree=2 depth=16 openings=70 unique_groups=70 upper_hashes=1120 unique_upper_hashes=701
BLAKE3_PATH_SHARING kind=fri tree=3 depth=15 openings=70 unique_groups=70 upper_hashes=1050 unique_upper_hashes=631
BLAKE3_PATH_SHARING kind=fri tree=4 depth=14 openings=70 unique_groups=70 upper_hashes=980 unique_upper_hashes=561
BLAKE3_PATH_SHARING kind=fri tree=5 depth=13 openings=70 unique_groups=69 upper_hashes=910 unique_upper_hashes=492
BLAKE3_PATH_SHARING kind=fri tree=6 depth=12 openings=70 unique_groups=69 upper_hashes=840 unique_upper_hashes=423
BLAKE3_PATH_SHARING kind=fri tree=7 depth=11 openings=70 unique_groups=68 upper_hashes=770 unique_upper_hashes=355
BLAKE3_PATH_SHARING kind=fri tree=8 depth=10 openings=70 unique_groups=67 upper_hashes=700 unique_upper_hashes=288
BLAKE3_PATH_SHARING kind=fri tree=9 depth=9 openings=70 unique_groups=67 upper_hashes=630 unique_upper_hashes=221
BLAKE3_PATH_SHARING kind=fri tree=10 depth=8 openings=70 unique_groups=61 upper_hashes=560 unique_upper_hashes=160
BLAKE3_PATH_SHARING kind=fri tree=11 depth=7 openings=70 unique_groups=55 upper_hashes=490 unique_upper_hashes=105
BLAKE3_PATH_SHARING kind=fri tree=12 depth=6 openings=70 unique_groups=44 upper_hashes=420 unique_upper_hashes=61
BLAKE3_PATH_SHARING kind=fri tree=13 depth=5 openings=70 unique_groups=30 upper_hashes=350 unique_upper_hashes=31
BLAKE3_PATH_SHARING kind=fri tree=14 depth=4 openings=70 unique_groups=16 upper_hashes=280 unique_upper_hashes=15
BLAKE3_PATH_SHARING kind=fri tree=15 depth=3 openings=70 unique_groups=8 upper_hashes=210 unique_upper_hashes=7
BLAKE3_PATH_SHARING kind=fri tree=16 depth=2 openings=70 unique_groups=4 upper_hashes=140 unique_upper_hashes=3
BLAKE3_PATH_SHARING kind=fri tree=17 depth=1 openings=70 unique_groups=2 upper_hashes=70 unique_upper_hashes=1
BLAKE3_PATH_SHARING_TOTAL upper_hashes=17290 unique_upper_hashes=9311 node_g_rows=112 gross_candidate_g_rows=723632 path_g_rows=2189824 shared_root_g_rows=170016 remaining_sharing_implemented=false
BLAKE3_NATIVE_QUERY_FUSION groups=7560 removed_scalars=30240
BLAKE3_NATIVE_FUSION dot4=14350 fma=56672 arithmetic_rows=159015
BLAKE3_PATH_SHARING kind=trace tree=0 depth=19 openings=70 unique_groups=70 upper_hashes=1330 unique_upper_hashes=924
BLAKE3_PATH_SHARING kind=trace tree=1 depth=19 openings=70 unique_groups=70 upper_hashes=1330 unique_upper_hashes=924
BLAKE3_PATH_SHARING kind=trace tree=2 depth=19 openings=70 unique_groups=70 upper_hashes=1330 unique_upper_hashes=924
BLAKE3_PATH_SHARING kind=trace tree=3 depth=19 openings=70 unique_groups=70 upper_hashes=1330 unique_upper_hashes=924
BLAKE3_PATH_SHARING kind=fri tree=0 depth=18 openings=70 unique_groups=70 upper_hashes=1260 unique_upper_hashes=854
BLAKE3_PATH_SHARING kind=fri tree=1 depth=17 openings=70 unique_groups=70 upper_hashes=1190 unique_upper_hashes=784
BLAKE3_PATH_SHARING kind=fri tree=2 depth=16 openings=70 unique_groups=70 upper_hashes=1120 unique_upper_hashes=714
BLAKE3_PATH_SHARING kind=fri tree=3 depth=15 openings=70 unique_groups=70 upper_hashes=1050 unique_upper_hashes=644
BLAKE3_PATH_SHARING kind=fri tree=4 depth=14 openings=70 unique_groups=70 upper_hashes=980 unique_upper_hashes=574
BLAKE3_PATH_SHARING kind=fri tree=5 depth=13 openings=70 unique_groups=70 upper_hashes=910 unique_upper_hashes=504
BLAKE3_PATH_SHARING kind=fri tree=6 depth=12 openings=70 unique_groups=70 upper_hashes=840 unique_upper_hashes=434
BLAKE3_PATH_SHARING kind=fri tree=7 depth=11 openings=70 unique_groups=70 upper_hashes=770 unique_upper_hashes=364
BLAKE3_PATH_SHARING kind=fri tree=8 depth=10 openings=70 unique_groups=69 upper_hashes=700 unique_upper_hashes=295
BLAKE3_PATH_SHARING kind=fri tree=9 depth=9 openings=70 unique_groups=68 upper_hashes=630 unique_upper_hashes=227
BLAKE3_PATH_SHARING kind=fri tree=10 depth=8 openings=70 unique_groups=66 upper_hashes=560 unique_upper_hashes=161
BLAKE3_PATH_SHARING kind=fri tree=11 depth=7 openings=70 unique_groups=58 upper_hashes=490 unique_upper_hashes=103
BLAKE3_PATH_SHARING kind=fri tree=12 depth=6 openings=70 unique_groups=43 upper_hashes=420 unique_upper_hashes=60
BLAKE3_PATH_SHARING kind=fri tree=13 depth=5 openings=70 unique_groups=29 upper_hashes=350 unique_upper_hashes=31
BLAKE3_PATH_SHARING kind=fri tree=14 depth=4 openings=70 unique_groups=16 upper_hashes=280 unique_upper_hashes=15
BLAKE3_PATH_SHARING kind=fri tree=15 depth=3 openings=70 unique_groups=8 upper_hashes=210 unique_upper_hashes=7
BLAKE3_PATH_SHARING kind=fri tree=16 depth=2 openings=70 unique_groups=4 upper_hashes=140 unique_upper_hashes=3
BLAKE3_PATH_SHARING kind=fri tree=17 depth=1 openings=70 unique_groups=2 upper_hashes=70 unique_upper_hashes=1
BLAKE3_PATH_SHARING_TOTAL upper_hashes=17290 unique_upper_hashes=9471 node_g_rows=112 gross_candidate_g_rows=705712 path_g_rows=2229024 shared_root_g_rows=170016 remaining_sharing_implemented=false
BLAKE3_NATIVE_QUERY_FUSION groups=8820 removed_scalars=35280
BLAKE3_NATIVE_FUSION dot4=18459 fma=58931 arithmetic_rows=168994
CANONICAL_TREE_LEAF_POOL workers=8
CANONICAL_TREE_PHASE phase=leaf_pair_proof_and_preparation ns=6834892792
METAL_FRAMEWORK_INTERACTION rows=8388608 batches=31 gpu_ms=254.1133750055451
METAL_FRAMEWORK_INTERACTION rows=2097152 batches=4 gpu_ms=4.812875005882233
METAL_FRAMEWORK_INTERACTION rows=2097152 batches=1 gpu_ms=2.9818750044796616
METAL_FRAMEWORK_INTERACTION rows=1048576 batches=2 gpu_ms=1.9577500061132014
METAL_FRAMEWORK_INTERACTION rows=524288 batches=2 gpu_ms=0.5396666820161045
CANONICAL_TREE_PHASE phase=aggregate_proof_and_checks height=1 ns=12875815542
BLAKE3_TREE_NODE verified=true height=1 artifact_bytes=909096 queries=70 pow_bits=26
BLAKE3_PATH_SHARING kind=trace tree=0 depth=24 openings=70 unique_groups=70 upper_hashes=1680 unique_upper_hashes=1267
BLAKE3_PATH_SHARING kind=trace tree=1 depth=24 openings=70 unique_groups=70 upper_hashes=1680 unique_upper_hashes=1267
BLAKE3_PATH_SHARING kind=trace tree=2 depth=24 openings=70 unique_groups=70 upper_hashes=1680 unique_upper_hashes=1267
BLAKE3_PATH_SHARING kind=trace tree=3 depth=24 openings=70 unique_groups=70 upper_hashes=1680 unique_upper_hashes=1267
BLAKE3_PATH_SHARING kind=fri tree=0 depth=23 openings=70 unique_groups=70 upper_hashes=1610 unique_upper_hashes=1197
BLAKE3_PATH_SHARING kind=fri tree=1 depth=22 openings=70 unique_groups=70 upper_hashes=1540 unique_upper_hashes=1127
BLAKE3_PATH_SHARING kind=fri tree=2 depth=21 openings=70 unique_groups=70 upper_hashes=1470 unique_upper_hashes=1057
BLAKE3_PATH_SHARING kind=fri tree=3 depth=20 openings=70 unique_groups=70 upper_hashes=1400 unique_upper_hashes=987
BLAKE3_PATH_SHARING kind=fri tree=4 depth=19 openings=70 unique_groups=70 upper_hashes=1330 unique_upper_hashes=917
BLAKE3_PATH_SHARING kind=fri tree=5 depth=18 openings=70 unique_groups=70 upper_hashes=1260 unique_upper_hashes=847
BLAKE3_PATH_SHARING kind=fri tree=6 depth=17 openings=70 unique_groups=70 upper_hashes=1190 unique_upper_hashes=777
BLAKE3_PATH_SHARING kind=fri tree=7 depth=16 openings=70 unique_groups=70 upper_hashes=1120 unique_upper_hashes=707
BLAKE3_PATH_SHARING kind=fri tree=8 depth=15 openings=70 unique_groups=70 upper_hashes=1050 unique_upper_hashes=637
BLAKE3_PATH_SHARING kind=fri tree=9 depth=14 openings=70 unique_groups=70 upper_hashes=980 unique_upper_hashes=567
BLAKE3_PATH_SHARING kind=fri tree=10 depth=13 openings=70 unique_groups=69 upper_hashes=910 unique_upper_hashes=498
BLAKE3_PATH_SHARING kind=fri tree=11 depth=12 openings=70 unique_groups=68 upper_hashes=840 unique_upper_hashes=430
BLAKE3_PATH_SHARING kind=fri tree=12 depth=11 openings=70 unique_groups=68 upper_hashes=770 unique_upper_hashes=362
BLAKE3_PATH_SHARING kind=fri tree=13 depth=10 openings=70 unique_groups=68 upper_hashes=700 unique_upper_hashes=294
BLAKE3_PATH_SHARING kind=fri tree=14 depth=9 openings=70 unique_groups=66 upper_hashes=630 unique_upper_hashes=228
BLAKE3_PATH_SHARING kind=fri tree=15 depth=8 openings=70 unique_groups=63 upper_hashes=560 unique_upper_hashes=165
BLAKE3_PATH_SHARING kind=fri tree=16 depth=7 openings=70 unique_groups=58 upper_hashes=490 unique_upper_hashes=107
BLAKE3_PATH_SHARING kind=fri tree=17 depth=6 openings=70 unique_groups=48 upper_hashes=420 unique_upper_hashes=59
BLAKE3_PATH_SHARING kind=fri tree=18 depth=5 openings=70 unique_groups=29 upper_hashes=350 unique_upper_hashes=30
BLAKE3_PATH_SHARING kind=fri tree=19 depth=4 openings=70 unique_groups=15 upper_hashes=280 unique_upper_hashes=15
BLAKE3_PATH_SHARING kind=fri tree=20 depth=3 openings=70 unique_groups=8 upper_hashes=210 unique_upper_hashes=7
BLAKE3_PATH_SHARING kind=fri tree=21 depth=2 openings=70 unique_groups=4 upper_hashes=140 unique_upper_hashes=3
BLAKE3_PATH_SHARING kind=fri tree=22 depth=1 openings=70 unique_groups=2 upper_hashes=70 unique_upper_hashes=1
BLAKE3_PATH_SHARING_TOTAL upper_hashes=26040 unique_upper_hashes=16087 node_g_rows=112 gross_candidate_g_rows=906080 path_g_rows=3385984 shared_root_g_rows=208656 remaining_sharing_implemented=false
BLAKE3_NATIVE_QUERY_FUSION groups=19390 removed_scalars=77560
BLAKE3_NATIVE_FUSION dot4=28602 fma=87565 arithmetic_rows=243970
BLAKE3_PATH_SHARING kind=trace tree=0 depth=24 openings=70 unique_groups=70 upper_hashes=1680 unique_upper_hashes=1269
BLAKE3_PATH_SHARING kind=trace tree=1 depth=24 openings=70 unique_groups=70 upper_hashes=1680 unique_upper_hashes=1269
BLAKE3_PATH_SHARING kind=trace tree=2 depth=24 openings=70 unique_groups=70 upper_hashes=1680 unique_upper_hashes=1269
BLAKE3_PATH_SHARING kind=trace tree=3 depth=24 openings=70 unique_groups=70 upper_hashes=1680 unique_upper_hashes=1269
BLAKE3_PATH_SHARING kind=fri tree=0 depth=23 openings=70 unique_groups=70 upper_hashes=1610 unique_upper_hashes=1199
BLAKE3_PATH_SHARING kind=fri tree=1 depth=22 openings=70 unique_groups=70 upper_hashes=1540 unique_upper_hashes=1129
BLAKE3_PATH_SHARING kind=fri tree=2 depth=21 openings=70 unique_groups=70 upper_hashes=1470 unique_upper_hashes=1059
BLAKE3_PATH_SHARING kind=fri tree=3 depth=20 openings=70 unique_groups=70 upper_hashes=1400 unique_upper_hashes=989
BLAKE3_PATH_SHARING kind=fri tree=4 depth=19 openings=70 unique_groups=70 upper_hashes=1330 unique_upper_hashes=919
BLAKE3_PATH_SHARING kind=fri tree=5 depth=18 openings=70 unique_groups=70 upper_hashes=1260 unique_upper_hashes=849
BLAKE3_PATH_SHARING kind=fri tree=6 depth=17 openings=70 unique_groups=70 upper_hashes=1190 unique_upper_hashes=779
BLAKE3_PATH_SHARING kind=fri tree=7 depth=16 openings=70 unique_groups=70 upper_hashes=1120 unique_upper_hashes=709
BLAKE3_PATH_SHARING kind=fri tree=8 depth=15 openings=70 unique_groups=70 upper_hashes=1050 unique_upper_hashes=639
BLAKE3_PATH_SHARING kind=fri tree=9 depth=14 openings=70 unique_groups=70 upper_hashes=980 unique_upper_hashes=569
BLAKE3_PATH_SHARING kind=fri tree=10 depth=13 openings=70 unique_groups=70 upper_hashes=910 unique_upper_hashes=499
BLAKE3_PATH_SHARING kind=fri tree=11 depth=12 openings=70 unique_groups=70 upper_hashes=840 unique_upper_hashes=429
BLAKE3_PATH_SHARING kind=fri tree=12 depth=11 openings=70 unique_groups=70 upper_hashes=770 unique_upper_hashes=359
BLAKE3_PATH_SHARING kind=fri tree=13 depth=10 openings=70 unique_groups=70 upper_hashes=700 unique_upper_hashes=289
BLAKE3_PATH_SHARING kind=fri tree=14 depth=9 openings=70 unique_groups=70 upper_hashes=630 unique_upper_hashes=219
BLAKE3_PATH_SHARING kind=fri tree=15 depth=8 openings=70 unique_groups=63 upper_hashes=560 unique_upper_hashes=156
BLAKE3_PATH_SHARING kind=fri tree=16 depth=7 openings=70 unique_groups=56 upper_hashes=490 unique_upper_hashes=100
BLAKE3_PATH_SHARING kind=fri tree=17 depth=6 openings=70 unique_groups=41 upper_hashes=420 unique_upper_hashes=59
BLAKE3_PATH_SHARING kind=fri tree=18 depth=5 openings=70 unique_groups=28 upper_hashes=350 unique_upper_hashes=31
BLAKE3_PATH_SHARING kind=fri tree=19 depth=4 openings=70 unique_groups=16 upper_hashes=280 unique_upper_hashes=15
BLAKE3_PATH_SHARING kind=fri tree=20 depth=3 openings=70 unique_groups=8 upper_hashes=210 unique_upper_hashes=7
BLAKE3_PATH_SHARING kind=fri tree=21 depth=2 openings=70 unique_groups=4 upper_hashes=140 unique_upper_hashes=3
BLAKE3_PATH_SHARING kind=fri tree=22 depth=1 openings=70 unique_groups=2 upper_hashes=70 unique_upper_hashes=1
BLAKE3_PATH_SHARING_TOTAL upper_hashes=26040 unique_upper_hashes=16083 node_g_rows=112 gross_candidate_g_rows=906528 path_g_rows=3385984 shared_root_g_rows=208656 remaining_sharing_implemented=false
BLAKE3_NATIVE_QUERY_FUSION groups=19390 removed_scalars=77560
BLAKE3_NATIVE_FUSION dot4=28530 fma=88069 arithmetic_rows=244817
CANONICAL_TREE_PHASE phase=root_preparation ns=8132304167
METAL_FRAMEWORK_INTERACTION rows=8388608 batches=31 gpu_ms=255.688666657079
METAL_FRAMEWORK_INTERACTION rows=2097152 batches=4 gpu_ms=4.469166655326262
METAL_FRAMEWORK_INTERACTION rows=2097152 batches=1 gpu_ms=3.009624982951209
METAL_FRAMEWORK_INTERACTION rows=2097152 batches=2 gpu_ms=4.077583318576217
METAL_FRAMEWORK_INTERACTION rows=524288 batches=2 gpu_ms=0.5411250167526305
CANONICAL_TREE_PHASE phase=aggregate_proof_and_checks height=2 ns=13674571208
BLAKE3_TREE_NODE verified=true height=2 artifact_bytes=909371 queries=70 pow_bits=26
CANONICAL_TREE_BUDGET peak_bytes=29832517385 limit_bytes=51539607552
BLAKE3_TREE_PARAMETERS leaf_queries=70 leaf_pow_bits=26 parent_queries=70 parent_pow_bits=26 canonical=true
BLAKE3_TREE verified=true leaves=4 aggregate_levels=2 cycles=6 retained_root_rows=5038525504

Build Summary: 3/3 steps succeeded; 7/7 tests passed
test-blake3-native-tree-aot success
+- run test 7 passed 1m MaxRSS:42G
   +- compile test ReleaseFast native success 1m MaxRSS:2G

