   Compiling syn v3.0.6
   Compiling smallvec v1.16.1
   Compiling serde_json v1.0.151
   Compiling zisk-lib-c v1.3.0-alpha (/tmp/stwo-recursion-peer-research-20260921/zisk/lib-c)
   Compiling zisk-zkvm-interface v1.3.0-alpha (/tmp/stwo-recursion-peer-research-20260921/zisk/zkvm-interface)
   Compiling serde_derive v1.0.229
   Compiling enum-ordinalize-derive v4.4.2
   Compiling enum-ordinalize v4.4.2
   Compiling serde v1.0.229
   Compiling thiserror-impl v2.0.20
   Compiling educe v0.6.0
   Compiling borsh-derive v1.8.1
   Compiling thiserror v2.0.20
   Compiling proofman-fields v1.3.0-alpha
   Compiling tracing-serde v0.2.0
   Compiling tracing-subscriber v0.3.23
   Compiling ark-ff v0.5.0
   Compiling bincode v2.0.1
   Compiling mpi v0.8.2
   Compiling proofman-verifier v1.3.0-alpha
   Compiling borsh v1.8.1
   Compiling zisk-verifier v1.3.0-alpha (/tmp/stwo-recursion-peer-research-20260921/zisk/verifier)
   Compiling proofman-common v1.3.0-alpha
   Compiling zisk-circuit v1.3.0-alpha (/tmp/stwo-recursion-peer-research-20260921/zisk/tools/circuit)
   Compiling ark-poly v0.5.0
   Compiling parking_lot_core v0.9.12
   Compiling ziskos v1.3.0-alpha (/tmp/stwo-recursion-peer-research-20260921/zisk/ziskos/entrypoint)
   Compiling zisk-definitions v1.3.0-alpha (/tmp/stwo-recursion-peer-research-20260921/zisk/definitions)
   Compiling hex v0.4.3
   Compiling ark-ec v0.5.0
   Compiling aurora-engine-modexp v1.3.0
   Compiling ark-secp256k1 v0.5.0
   Compiling ark-secp256r1 v0.5.0
   Compiling ark-bls12-381 v0.5.0
   Compiling ark-bn254 v0.5.0
   Compiling zisk-precomp-helpers v1.3.0-alpha (/tmp/stwo-recursion-peer-research-20260921/zisk/precompiles/helpers)
   Compiling chrono v0.4.45
   Compiling parking_lot v0.12.5
   Compiling tokio-macros v2.7.2
   Compiling zisk-core v1.3.0-alpha (/tmp/stwo-recursion-peer-research-20260921/zisk/core)
   Compiling portable-atomic v1.15.0
   Compiling tokio v1.53.1
   Compiling clap_derive v4.6.7
   Compiling fastbloom v0.17.0
   Compiling clap v4.6.7
   Compiling proofman-witness v1.3.0-alpha
   Compiling proofman-hints v1.3.0-alpha
   Compiling tokio-util v0.7.19
   Compiling quinn-proto v0.11.18
   Compiling pil2-std-lib v1.3.0-alpha
   Compiling proofman-curves v1.3.0-alpha
   Compiling proofman v1.3.0-alpha
   Compiling quinn v0.11.12
   Compiling serde_arrays v0.2.0
   Compiling zisk-pil v1.3.0-alpha (/tmp/stwo-recursion-peer-research-20260921/zisk/pil)
   Compiling zisk-stream v1.3.0-alpha (/tmp/stwo-recursion-peer-research-20260921/zisk/stream)
   Compiling synstructure v0.14.0
   Compiling zerofrom-derive v0.1.8
   Compiling zerofrom v0.1.8
   Compiling yoke-derive v0.8.3
   Compiling yoke v0.8.3
   Compiling zerovec-derive v0.11.6
   Compiling zisk-common v1.3.0-alpha (/tmp/stwo-recursion-peer-research-20260921/zisk/common)
   Compiling zerovec v0.11.8
   Compiling displaydoc v0.2.7
   Compiling zerotrie v0.2.5
   Compiling zisk-sm-mem-common v1.3.0-alpha (/tmp/stwo-recursion-peer-research-20260921/zisk/state-machines/mem-common)
   Compiling tinystr v0.8.4
   Compiling icu_locale_core v2.3.0
   Compiling zisk-sm-mem v1.3.0-alpha (/tmp/stwo-recursion-peer-research-20260921/zisk/state-machines/mem)
   Compiling potential_utf v0.1.6
   Compiling icu_collections v2.3.0
   Compiling zisk-precomp-common v1.3.0-alpha (/tmp/stwo-recursion-peer-research-20260921/zisk/precompiles/common)
   Compiling icu_provider v2.3.1
   Compiling icu_normalizer v2.3.0
   Compiling icu_properties v2.3.0
   Compiling uuid v1.26.1
   Compiling zisk-riscv v1.3.0-alpha (/tmp/stwo-recursion-peer-research-20260921/zisk/transpilers/riscv)
   Compiling idna_adapter v1.2.2
   Compiling idna v1.1.0
   Compiling url v2.5.8
   Compiling serde_spanned v0.6.9
   Compiling toml_datetime v0.6.11
   Compiling toml_edit v0.22.27
   Compiling zisk-transpiler-common v1.3.0-alpha (/tmp/stwo-recursion-peer-research-20260921/zisk/transpilers/common)
   Compiling git2 v0.20.4
   Compiling semver v1.0.28
   Compiling zisk-sm-mem-planner v1.3.0-alpha (/tmp/stwo-recursion-peer-research-20260921/zisk/state-machines/mem-cpp)
   Compiling toolchain_find v0.4.0
   Compiling vergen-git2 v9.1.0
   Compiling toml v0.8.23
   Compiling zisk-transpiler-riscv v1.3.0-alpha (/tmp/stwo-recursion-peer-research-20260921/zisk/transpilers/riscv2zisk)
   Compiling debugid v0.8.0
   Compiling zisk-sm-frequent-ops v1.3.0-alpha (/tmp/stwo-recursion-peer-research-20260921/zisk/state-machines/frequent-ops)
   Compiling zisk-asm-runner v1.3.0-alpha (/tmp/stwo-recursion-peer-research-20260921/zisk/emulator-asm/asm-runner)
   Compiling symbolic-common v12.18.3
   Compiling zisk-sm-binary v1.3.0-alpha (/tmp/stwo-recursion-peer-research-20260921/zisk/state-machines/binary)
   Compiling rustfmt-wrapper v0.2.1
   Compiling ziskemu v1.3.0-alpha (/tmp/stwo-recursion-peer-research-20260921/zisk/emulator)
   Compiling chrono-tz v0.9.0
   Compiling ziskos-hints v1.3.0-alpha (/tmp/stwo-recursion-peer-research-20260921/zisk/ziskos-hints)
   Compiling tracing-appender v0.2.5
   Compiling zisk-precomp-arith-eq v1.3.0-alpha (/tmp/stwo-recursion-peer-research-20260921/zisk/precompiles/arith_eq)
   Compiling tera v1.20.1
   Compiling symbolic-demangle v12.18.3
   Compiling zisk-sm-arith v1.3.0-alpha (/tmp/stwo-recursion-peer-research-20260921/zisk/state-machines/arith)
warning: zisk-sm-mem-planner@1.3.0-alpha: [BUILD INFO] mem-planner-cpp compiled with CPU-only support (feature enabled)
   Compiling proofman-exps-codegen v1.3.0-alpha
   Compiling zisk-sm-rom v1.3.0-alpha (/tmp/stwo-recursion-peer-research-20260921/zisk/state-machines/rom)
   Compiling pil2-stark-recurser v1.3.0-alpha
   Compiling zisk-cluster-common v1.3.0-alpha (/tmp/stwo-recursion-peer-research-20260921/zisk/distributed/crates/cluster-common)
   Compiling zisk-precomp-hints v1.3.0-alpha (/tmp/stwo-recursion-peer-research-20260921/zisk/precompiles/hints)
   Compiling pil2-stark-setup v1.3.0-alpha
   Compiling zisk-sm-main v1.3.0-alpha (/tmp/stwo-recursion-peer-research-20260921/zisk/state-machines/main)
   Compiling zisk-precomp-babyjubjub v1.3.0-alpha (/tmp/stwo-recursion-peer-research-20260921/zisk/precompiles/babyjubjub)
   Compiling zisk-precomp-arith-eq-384 v1.3.0-alpha (/tmp/stwo-recursion-peer-research-20260921/zisk/precompiles/arith_eq_384)
   Compiling zisk-precomp-big-int v1.3.0-alpha (/tmp/stwo-recursion-peer-research-20260921/zisk/precompiles/big_int)
   Compiling zisk-precomp-blake3 v1.3.0-alpha (/tmp/stwo-recursion-peer-research-20260921/zisk/precompiles/blake3)
   Compiling zisk-precomp-blake2 v1.3.0-alpha (/tmp/stwo-recursion-peer-research-20260921/zisk/precompiles/blake2)
   Compiling zisk-precomp-sha256f v1.3.0-alpha (/tmp/stwo-recursion-peer-research-20260921/zisk/precompiles/sha256f)
   Compiling zisk-precomp-dma v1.3.0-alpha (/tmp/stwo-recursion-peer-research-20260921/zisk/precompiles/dma)
   Compiling zisk-precomp-keccakf v1.3.0-alpha (/tmp/stwo-recursion-peer-research-20260921/zisk/precompiles/keccakf)
   Compiling zisk-precomp-poseidon v1.3.0-alpha (/tmp/stwo-recursion-peer-research-20260921/zisk/precompiles/poseidon)
   Compiling zisk-precomp-evm v1.3.0-alpha (/tmp/stwo-recursion-peer-research-20260921/zisk/precompiles/evm)
   Compiling zisk-executor v1.3.0-alpha (/tmp/stwo-recursion-peer-research-20260921/zisk/executor)
   Compiling zisk-recurser v1.3.0-alpha (/tmp/stwo-recursion-peer-research-20260921/zisk/recurser)
   Compiling zisk-program-macros v1.3.0-alpha (/tmp/stwo-recursion-peer-research-20260921/zisk/prover-backend/macros)
   Compiling zisk-rom-setup v1.3.0-alpha (/tmp/stwo-recursion-peer-research-20260921/zisk/rom-setup)
   Compiling zisk-prover-backend v1.3.0-alpha (/tmp/stwo-recursion-peer-research-20260921/zisk/prover-backend)
   Compiling zisk-large-guest-benchmark v0.1.0 (/Users/theodorepender/code/cryptography/stwo-zig/autoresearch/notes/2026-09-24-zisk-guest-e2e/peer-host)
error[E0308]: mismatched types
  --> src/main.rs:17:35
   |
17 |     let input=ZiskStdin::from_uri(&Some(format!("inline://[[{n}]]")))?;
   |               ------------------- ^^^^^^^^^^^^^^^^^^^^^^^^^^^^^^^^^^ expected `Option<_>`, found `&Option<String>`
   |               |
   |               arguments to this function are incorrect
   |
   = note:   expected enum `Option<_>`
           found reference `&Option<std::string::String>`
note: associated function defined here
  --> /tmp/stwo-recursion-peer-research-20260921/zisk/common/src/io/stdin/zisk_stdin.rs:59:12
   |
59 |     pub fn from_uri<S: Into<String>>(stdin_uri: Option<S>) -> Result<ZiskStdin> {
   |            ^^^^^^^^
help: consider removing the borrow
   |
17 -     let input=ZiskStdin::from_uri(&Some(format!("inline://[[{n}]]")))?;
17 +     let input=ZiskStdin::from_uri(Some(format!("inline://[[{n}]]")))?;
   |

For more information about this error, try `rustc --explain E0308`.
error: could not compile `zisk-large-guest-benchmark` (bin "zisk-large-guest-benchmark") due to 1 previous error
Traceback (most recent call last):
  File "/Users/theodorepender/code/cryptography/stwo-zig/autoresearch/notes/2026-09-24-zisk-guest-e2e/build_peer_host.py", line 7, in <module>
    subprocess.run(['cargo','build','--release','-j','4'],cwd=H/'peer-host',env=env,check=True)
    ~~~~~~~~~~~~~~^^^^^^^^^^^^^^^^^^^^^^^^^^^^^^^^^^^^^^^^^^^^^^^^^^^^^^^^^^^^^^^^^^^^^^^^^^^^^
  File "/opt/homebrew/Cellar/python@3.14/3.14.6/Frameworks/Python.framework/Versions/3.14/lib/python3.14/subprocess.py", line 578, in run
    raise CalledProcessError(retcode, process.args,
                             output=stdout, stderr=stderr)
subprocess.CalledProcessError: Command '['cargo', 'build', '--release', '-j', '4']' returned non-zero exit status 101.
