[zisk-large-sha-guest-build] another build holds /tmp/stwo-zig-build.lock; waiting
[zisk-large-sha-guest-build] acquired after 11s
    Updating crates.io index
     Locking 148 packages to latest compatible versions
      Adding generic-array v0.14.7 (available: v0.14.9)
      Adding sha2 v0.10.9 (available: v0.11.0)
 Downloading crates ...
  Downloaded zerocopy v0.8.58
   Compiling proc-macro2 v1.0.107
   Compiling quote v1.0.47
   Compiling unicode-ident v1.0.26
   Compiling autocfg v1.5.1
   Compiling glob v0.3.4
   Compiling version_check v0.9.5
   Compiling libm v0.2.16
   Compiling generic-array v0.14.7
   Compiling clang-sys v1.9.1
   Compiling num-traits v0.2.19
   Compiling find-msvc-tools v0.1.13
   Compiling prettyplease v0.2.37
   Compiling serde_core v1.0.229
   Compiling libc v0.2.189
   Compiling shlex v2.0.1
   Compiling cc v1.4.7
   Compiling syn v3.0.6
   Compiling cfg-if v1.0.5
   Compiling serde v1.0.229
   Compiling typenum v1.20.1
   Compiling regex-syntax v0.8.11
   Compiling memchr v2.8.3
   Compiling minimal-lexical v0.2.1
   Compiling nom v7.1.3
   Compiling regex-automata v0.4.18
   Compiling libloading v0.8.9
   Compiling serde_derive v1.0.229
   Compiling syn v2.0.119
   Compiling blake3 v1.8.7
   Compiling bindgen v0.72.1
   Compiling either v1.18.0
   Compiling paste v1.0.15
   Compiling itertools v0.13.0
   Compiling regex v1.13.1
   Compiling cexpr v0.6.0
   Compiling num-integer v0.1.47
   Compiling arrayvec v0.7.8
   Compiling log v0.4.34
   Compiling constant_time_eq v0.4.2
   Compiling rustc-hash v2.1.3
   Compiling bitflags v2.13.2
   Compiling shlex v1.3.0
   Compiling num-bigint v0.4.8
   Compiling block-buffer v0.10.4
   Compiling crypto-common v0.1.7
   Compiling digest v0.10.7
   Compiling rand_core v0.6.4
   Compiling ziskos v1.3.0-alpha (/tmp/stwo-recursion-peer-research-20260921/zisk/ziskos/entrypoint)
   Compiling proofman-fields v1.3.0-alpha
   Compiling unty v0.0.4
   Compiling bincode v2.0.1
   Compiling rand v0.8.8
   Compiling proofman-verifier v1.3.0-alpha
   Compiling ripemd v0.1.3
   Compiling zisk-verifier v1.3.0-alpha (/tmp/stwo-recursion-peer-research-20260921/zisk/verifier)
   Compiling getrandom v0.2.17
   Compiling zisk-definitions v1.3.0-alpha (/tmp/stwo-recursion-peer-research-20260921/zisk/definitions)
   Compiling sha2 v0.10.9
   Compiling zisk-zkvm-interface v1.3.0-alpha (/tmp/stwo-recursion-peer-research-20260921/zisk/zkvm-interface)
   Compiling sha256-chain-peer-guest v0.1.0 (/Users/theodorepender/code/cryptography/stwo-zig/autoresearch/notes/2026-09-24-zisk-guest-e2e/guest-zisk)
    Finished `release` profile [optimized] target(s) in 39.85s
