    Updating crates.io index
 Downloading crates ...
  Downloaded wasm-bindgen-futures v0.4.78
  Downloaded rustls-pki-types v1.15.1
  Downloaded quinn-udp v0.5.15
  Downloaded tokio-rustls v0.26.5
  Downloaded pest_meta v2.9.1
  Downloaded yaml-rust2 v0.11.1
  Downloaded twox-hash v2.1.4
  Downloaded tinyvec v1.13.3
  Downloaded synstructure v0.14.0
  Downloaded predicates-core v1.0.10
  Downloaded tonic-health v0.14.6
  Downloaded predicates v3.1.4
  Downloaded toml_edit v0.25.15+spec-1.1.0
  Downloaded yoke-derive v0.8.3
  Downloaded rand_pcg v0.10.2
  Downloaded uuid v1.26.1
  Downloaded webpki-roots v1.0.9
  Downloaded serial_test v3.5.0
  Downloaded wasm-bindgen-macro v0.2.128
  Downloaded zerofrom-derive v0.1.8
  Downloaded tokio-macros v2.7.2
  Downloaded target-lexicon v0.13.5
  Downloaded sketches-ddsketch v0.3.1
  Downloaded signal-hook-tokio v0.4.0
  Downloaded tokio-util v0.7.19
  Downloaded wasm-bindgen-shared v0.2.128
  Downloaded predicates-tree v1.0.13
  Downloaded termtree v0.5.1
  Downloaded wasm-streams v0.4.2
  Downloaded tokio-stream v0.1.19
  Downloaded rustls-webpki v0.103.15
  Downloaded wasm-bindgen v0.2.128
  Downloaded wasm-bindgen-macro-support v0.2.128
  Downloaded webpki-root-certs v1.0.9
  Downloaded quinn v0.11.12
  Downloaded serde_with v3.23.0
  Downloaded zlib-rs v0.6.8
  Downloaded rustls v0.23.45
  Downloaded rustix v1.1.5
  Downloaded zerocopy-derive v0.8.57
  Downloaded toml v1.1.6+spec-1.1.0
  Downloaded lru-slab v0.1.3
  Downloaded web-sys v0.3.105
  Downloaded redox_users v0.5.3
  Downloaded const-random v0.1.18
  Downloaded aurora-engine-modexp v1.3.0
  Downloaded alloca v0.4.0
  Downloaded pathdiff v0.2.3
  Downloaded normalize-line-endings v0.3.0
  Downloaded jiff-static v0.2.37
  Downloaded multiversion_no_op v1.0.0
  Downloaded multiversion-macros v0.9.0
  Downloaded futures-sink v0.3.34
  Downloaded futures-macro v0.3.34
  Downloaded float-cmp v0.10.0
  Downloaded difflib v0.4.0
  Downloaded number_prefix v0.4.0
  Downloaded libredox v0.1.24
  Downloaded core_detect v1.0.0
  Downloaded const-random-macro v0.1.16
  Downloaded tokio v1.53.1
  Downloaded ordered-multimap v0.7.3
  Downloaded crossbeam-deque v0.8.8
  Downloaded camino v1.2.6
  Downloaded humantime v2.4.0
  Downloaded ipnet v2.12.2
  Downloaded find-msvc-tools v0.1.12
  Downloaded fastbloom v0.17.0
  Downloaded pem v4.0.0
  Downloaded http-body-util v0.1.5
  Downloaded pest_derive v2.9.1
  Downloaded multiversion v0.9.0
  Downloaded crossbeam-queue v0.3.14
  Downloaded console v0.15.11
  Downloaded left-right v0.11.8
  Downloaded hex-conservative v1.3.0
  Downloaded criterion-plot v0.8.2
  Downloaded metrics-util v0.20.4
  Downloaded futures-channel v0.3.34
  Downloaded libffi v5.2.0
  Downloaded const-hex v1.19.3
  Downloaded alloy-sol-macro-expander v1.7.3
  Downloaded encode_unicode v1.0.0
  Downloaded jiff-tzdb v0.1.8
  Downloaded metrics-exporter-prometheus v0.18.3
  Downloaded futures v0.3.34
  Downloaded config v0.15.25
  Downloaded evmap v11.0.0
  Downloaded bitflags v2.13.2
  Downloaded ignore v0.4.33
  Downloaded clap v4.6.7
  Downloaded loom v0.7.2
  Downloaded cargo-config2 v0.1.45
  Downloaded http v1.5.0
  Downloaded mio v1.2.3
  Downloaded js-sys v0.3.105
  Downloaded pest v2.9.1
  Downloaded jiff-core v0.1.1
  Downloaded alloy-primitives v1.7.3
  Downloaded criterion v0.8.2
  Downloaded crossbeam-channel v0.5.17
  Downloaded h2 v0.4.19
  Downloaded hyper v1.11.1
  Downloaded clap_builder v4.6.7
  Downloaded aws-lc-rs v1.18.1
  Downloaded base64 v0.23.1
  Downloaded arc-swap v1.9.2
  Downloaded alloy-sol-types v1.7.3
  Downloaded indicatif v0.17.11
  Downloaded flate2 v1.1.10
  Downloaded cc v1.4.6
  Downloaded bstr v1.13.1
  Downloaded alloy-json-abi v1.7.3
  Downloaded futures-executor v0.3.34
  Downloaded crossbeam-epoch v0.9.21
  Downloaded crc32fast v1.5.2
  Downloaded clap_derive v4.6.7
  Downloaded hermit-abi v0.5.3
  Downloaded generator v0.8.9
  Downloaded chacha20 v0.10.2
  Downloaded assert_cmd v2.2.2
  Downloaded alloy-sol-macro-input v1.7.3
  Downloaded encoding_rs v0.8.41
  Downloaded android_system_properties v0.1.6
  Downloaded async-trait v0.1.92
  Downloaded arraydeque v0.5.1
  Downloaded alloy-sol-type-parser v1.7.3
  Downloaded alloy-sol-macro v1.7.3
  Downloaded jiff v0.2.37
  Downloaded json5 v0.4.1
  Downloaded proofman-exps-codegen v1.3.0-alpha
  Downloaded proofman-curves v1.3.0-alpha
  Downloaded pil2-std-lib v1.3.0-alpha
  Downloaded proofman-util v1.3.0-alpha
  Downloaded proofman-witness v1.3.0-alpha
  Downloaded proofman-macros v1.3.0-alpha
  Downloaded proofman-common v1.3.0-alpha
  Downloaded pil2-pilout v1.3.0-alpha
  Downloaded jiff-tzdb-platform v0.1.3
  Downloaded http-body v1.1.0
  Downloaded hex-conservative v0.2.3
  Downloaded proofman v1.3.0-alpha
  Downloaded hashbag v0.1.13
  Downloaded globset v0.4.20
  Downloaded dlv-list v0.5.2
  Downloaded data-encoding v2.11.1
  Downloaded pil2-stark-setup v1.3.0-alpha
  Downloaded crossbeam v0.8.5
  Downloaded proofman-starks-lib-c v1.3.0-alpha
  Downloaded clap_lex v1.1.1
  Downloaded futures-io v0.3.34
  Downloaded combine v4.6.8
  Downloaded quinn-proto v0.11.18
  Downloaded proofman-verifier v1.3.0-alpha
  Downloaded proofman-hints v1.3.0-alpha
  Downloaded simd_cesu8 v1.2.0
  Downloaded ruint v1.20.1
  Downloaded portable-atomic-util v0.2.8
  Downloaded syn-solidity v1.7.3
  Downloaded rust-ini v0.21.3
  Downloaded rcgen v0.14.10
  Downloaded pulldown-cmark-to-cmark v22.0.1
  Downloaded signal-hook v0.4.4
  Downloaded socket2 v0.6.5
  Downloaded serde-untagged v0.1.9
  Downloaded ron v0.12.2
  Downloaded pest_generator v2.9.1
  Downloaded serial_test_derive v3.5.0
  Downloaded scoped-tls v1.0.1
  Downloaded libffi-sys v4.2.2
  Downloaded libgit2-sys v0.18.8+1.9.7
  Downloaded proofman-fields v1.3.0-alpha
  Downloaded aws-lc-sys v0.45.0
  Downloaded pil2-stark-recurser v1.3.0-alpha
  Downloaded proofman-starks-src v1.3.0-alpha
