SEGMENT_V2_MEMORY_EXECUTION address_count=16 initial_word=13 segment_cycles=64 cumulative_cycles=64 loads=21 stores=20 distinct_accessed=16 stride_bytes=128 entry_nonzero_words=16 exit_nonzero_words=16 exit_pc=1100
SEGMENT_V2_MEMORY_EXECUTION address_count=16 initial_word=13 segment_cycles=64 cumulative_cycles=128 loads=21 stores=22 distinct_accessed=16 stride_bytes=128 entry_nonzero_words=16 exit_nonzero_words=16 exit_pc=1200
SEGMENT_V2_MEMORY_EXECUTION address_count=16 initial_word=13 segment_cycles=64 cumulative_cycles=192 loads=22 stores=21 distinct_accessed=16 stride_bytes=128 entry_nonzero_words=16 exit_nonzero_words=16 exit_pc=1300
SEGMENT_V2_MEMORY_EXECUTION address_count=16 initial_word=13 segment_cycles=64 cumulative_cycles=256 loads=21 stores=21 distinct_accessed=16 stride_bytes=128 entry_nonzero_words=16 exit_nonzero_words=16 exit_pc=1400
SEGMENT_V2_MEMORY_EXECUTION address_count=16 initial_word=13 segment_cycles=64 cumulative_cycles=320 loads=21 stores=22 distinct_accessed=16 stride_bytes=128 entry_nonzero_words=16 exit_nonzero_words=16 exit_pc=1500
SEGMENT_V2_MEMORY_EXECUTION address_count=16 initial_word=13 segment_cycles=64 cumulative_cycles=384 loads=22 stores=21 distinct_accessed=16 stride_bytes=128 entry_nonzero_words=16 exit_nonzero_words=16 exit_pc=1600
SEGMENT_V2_MEMORY_EXECUTION address_count=16 initial_word=13 segment_cycles=64 cumulative_cycles=448 loads=21 stores=21 distinct_accessed=16 stride_bytes=128 entry_nonzero_words=16 exit_nonzero_words=16 exit_pc=1700
SEGMENT_V2_MEMORY_EXECUTION address_count=16 initial_word=13 segment_cycles=34 cumulative_cycles=482 loads=11 stores=12 distinct_accessed=12 stride_bytes=128 entry_nonzero_words=16 exit_nonzero_words=16 exit_pc=1788
info: Columns: opcode=103 infra=481 total tree1=584 interaction=152
info: Poseidon2 Merkle: 2252 exact sparse-node calls, poseidon_log_size=12, merkle_log_size=12
SEGMENT_V2_NATIVE_MEMORY path=temporal segment=0 backend=cpu scope=caller_allocator_payload excludes=size_routed_mmap_and_device producer_peak_bytes=480867508 producer_live_bytes_after_destroy=0 canonical_proof_bytes=1322853 before_fresh_decode=true
SEGMENT_V2_NATIVE_PROFILE profile=protocol_v1 segment=0 queries=193 fold_step=4 pcs_pow_bits=16 interaction_pow_bits=10 prove_ns=1407320125 transport_ns=8876750 verify_ns=312544375 recursive_prepare_ns=769253167 proof_bytes=1322853 transcript_calls=1187 verifier_core_calls=58865 outer_proof_created=false
info: Columns: opcode=85 infra=481 total tree1=566 interaction=136
info: Poseidon2 Merkle: 2252 exact sparse-node calls, poseidon_log_size=12, merkle_log_size=12
SEGMENT_V2_NATIVE_MEMORY path=temporal segment=1 backend=cpu scope=caller_allocator_payload excludes=size_routed_mmap_and_device producer_peak_bytes=480855700 producer_live_bytes_after_destroy=0 canonical_proof_bytes=1296479 before_fresh_decode=true
SEGMENT_V2_NATIVE_PROFILE profile=protocol_v1 segment=1 queries=193 fold_step=4 pcs_pow_bits=16 interaction_pow_bits=10 prove_ns=1578641375 transport_ns=8796292 verify_ns=310414250 recursive_prepare_ns=757765625 proof_bytes=1296479 transcript_calls=1134 verifier_core_calls=57900 outer_proof_created=false
info: Columns: opcode=85 infra=481 total tree1=566 interaction=136
info: Poseidon2 Merkle: 2252 exact sparse-node calls, poseidon_log_size=12, merkle_log_size=12
SEGMENT_V2_NATIVE_MEMORY path=temporal segment=2 backend=cpu scope=caller_allocator_payload excludes=size_routed_mmap_and_device producer_peak_bytes=480855700 producer_live_bytes_after_destroy=0 canonical_proof_bytes=1283491 before_fresh_decode=true
SEGMENT_V2_NATIVE_PROFILE profile=protocol_v1 segment=2 queries=193 fold_step=4 pcs_pow_bits=16 interaction_pow_bits=10 prove_ns=1412956208 transport_ns=8555500 verify_ns=308275250 recursive_prepare_ns=751354917 proof_bytes=1283491 transcript_calls=1134 verifier_core_calls=57900 outer_proof_created=false
info: Columns: opcode=85 infra=481 total tree1=566 interaction=136
info: Poseidon2 Merkle: 2252 exact sparse-node calls, poseidon_log_size=12, merkle_log_size=12
SEGMENT_V2_NATIVE_MEMORY path=temporal segment=3 backend=cpu scope=caller_allocator_payload excludes=size_routed_mmap_and_device producer_peak_bytes=480855700 producer_live_bytes_after_destroy=0 canonical_proof_bytes=1280726 before_fresh_decode=true
SEGMENT_V2_NATIVE_PROFILE profile=protocol_v1 segment=3 queries=193 fold_step=4 pcs_pow_bits=16 interaction_pow_bits=10 prove_ns=1564278625 transport_ns=8756000 verify_ns=311678542 recursive_prepare_ns=756908583 proof_bytes=1280726 transcript_calls=1134 verifier_core_calls=57900 outer_proof_created=false
info: Columns: opcode=85 infra=481 total tree1=566 interaction=136
info: Poseidon2 Merkle: 2252 exact sparse-node calls, poseidon_log_size=12, merkle_log_size=12
SEGMENT_V2_NATIVE_MEMORY path=temporal segment=4 backend=cpu scope=caller_allocator_payload excludes=size_routed_mmap_and_device producer_peak_bytes=480855700 producer_live_bytes_after_destroy=0 canonical_proof_bytes=1291705 before_fresh_decode=true
SEGMENT_V2_NATIVE_PROFILE profile=protocol_v1 segment=4 queries=193 fold_step=4 pcs_pow_bits=16 interaction_pow_bits=10 prove_ns=1999301708 transport_ns=8673458 verify_ns=307979500 recursive_prepare_ns=757722709 proof_bytes=1291705 transcript_calls=1134 verifier_core_calls=57900 outer_proof_created=false
info: Columns: opcode=85 infra=481 total tree1=566 interaction=136
info: Poseidon2 Merkle: 2252 exact sparse-node calls, poseidon_log_size=12, merkle_log_size=12
SEGMENT_V2_NATIVE_MEMORY path=temporal segment=5 backend=cpu scope=caller_allocator_payload excludes=size_routed_mmap_and_device producer_peak_bytes=480855700 producer_live_bytes_after_destroy=0 canonical_proof_bytes=1276458 before_fresh_decode=true
SEGMENT_V2_NATIVE_PROFILE profile=protocol_v1 segment=5 queries=193 fold_step=4 pcs_pow_bits=16 interaction_pow_bits=10 prove_ns=1317684875 transport_ns=8533791 verify_ns=313334292 recursive_prepare_ns=760390417 proof_bytes=1276458 transcript_calls=1134 verifier_core_calls=57900 outer_proof_created=false
info: Columns: opcode=85 infra=481 total tree1=566 interaction=136
info: Poseidon2 Merkle: 2252 exact sparse-node calls, poseidon_log_size=12, merkle_log_size=12
SEGMENT_V2_NATIVE_MEMORY path=temporal segment=6 backend=cpu scope=caller_allocator_payload excludes=size_routed_mmap_and_device producer_peak_bytes=480855700 producer_live_bytes_after_destroy=0 canonical_proof_bytes=1284620 before_fresh_decode=true
SEGMENT_V2_NATIVE_PROFILE profile=protocol_v1 segment=6 queries=193 fold_step=4 pcs_pow_bits=16 interaction_pow_bits=10 prove_ns=1427495375 transport_ns=8693000 verify_ns=311304833 recursive_prepare_ns=762701708 proof_bytes=1284620 transcript_calls=1134 verifier_core_calls=57900 outer_proof_created=false
info: Columns: opcode=85 infra=481 total tree1=566 interaction=136
info: Poseidon2 Merkle: 2252 exact sparse-node calls, poseidon_log_size=12, merkle_log_size=12
SEGMENT_V2_NATIVE_MEMORY path=temporal segment=7 backend=cpu scope=caller_allocator_payload excludes=size_routed_mmap_and_device producer_peak_bytes=480799508 producer_live_bytes_after_destroy=0 canonical_proof_bytes=1289739 before_fresh_decode=true
SEGMENT_V2_NATIVE_PROFILE profile=protocol_v1 segment=7 queries=193 fold_step=4 pcs_pow_bits=16 interaction_pow_bits=10 prove_ns=1534898875 transport_ns=8756916 verify_ns=319203792 recursive_prepare_ns=754215292 proof_bytes=1289739 transcript_calls=1134 verifier_core_calls=57900 outer_proof_created=false
SEGMENT_V2_KEY_SETUP segments=8 outer_proofs_created=0 directory=/tmp/pr198-useful-workload-admissions-v1/keys-8-seed13
