Native core metallib accepted: 191 exact kernel exports, zero function constants, AOT/JIT kernel parity
Native core metallib accepted: 191 exact kernel exports, zero function constants, AOT/JIT kernel parity
stwo-riscv-metal
+- install stwo-zig-riscv-metal
   +- compile exe stwo-zig-riscv-metal ReleaseFast native 1 errors
src/frontends/riscv/prover/blake3_commitment_columns.zig:202:17: error: comptime control flow inside runtime block
                continue;
                ^~~~~~~~
src/frontends/riscv/prover/blake3_commitment_columns.zig:185:17: note: runtime control flow here
            if (device) {
                ^~~~~~
referenced by:
    proveInternal: src/frontends/riscv/prover/blake3_execution_proof.zig:107:69
    proveCompact: src/frontends/riscv/prover/blake3_execution_proof.zig:59:33
    15 reference(s) hidden; use '-freference-trace=17' to see all references
error: the following command failed with 1 compilation errors:
/opt/homebrew/Cellar/zig@0.15/0.15.2/bin/zig build-exe -cflags -fobjc-arc -fblocks -- /Users/theodorepender/code/cryptography/stwo-zig/src/backends/metal/runtime.m -lobjc -OReleaseFast --dep stwo_core --dep stwo_backend_contracts --dep stwo_prover_api --dep stwo_prover_engine --dep stwo --dep stwo_riscv_metal=stwo --dep riscv_adapter --dep riscv_capabilities=riscv_cpu_capabilities --dep riscv_cpu_capabilities --dep riscv_shared_app --dep riscv_shared_cli --dep riscv_shared_registry --dep output_transaction --dep metal_aot_config --dep build_identity --dep product_identity -Mroot=/Users/theodorepender/code/cryptography/stwo-zig/src/products/riscv_metal/main.zig -OReleaseFast -Mstwo_core=/Users/theodorepender/code/cryptography/stwo-zig/src/core/mod.zig -OReleaseFast --dep stwo_core -Mstwo_backend_contracts=/Users/theodorepender/code/cryptography/stwo-zig/src/backend/mod.zig -OReleaseFast --dep stwo_core -Mstwo_prover_api=/Users/theodorepender/code/cryptography/stwo-zig/src/prover_api/mod.zig -OReleaseFast --dep stwo_core --dep stwo_backend_contracts --dep stwo_prover_api -Mstwo_prover_engine=/Users/theodorepender/code/cryptography/stwo-zig/src/prover/mod.zig -OReleaseFast --dep stwo_core --dep stwo_backend_contracts --dep stwo_prover_api --dep stwo_prover_engine --dep stwo_riscv_frontend --dep stwo_riscv_metal_integration --dep interop_postcard --dep interop_riscv_artifact -Mstwo=/Users/theodorepender/code/cryptography/stwo-zig/src/products/riscv_metal/root.zig -OReleaseFast --dep stwo_core --dep stwo_backend_contracts --dep stwo_prover_api --dep stwo_prover_engine --dep stwo --dep riscv_cpu_capabilities --dep stwo_cpu_backend --dep build_identity=build_identity0 -Mriscv_adapter=/Users/theodorepender/code/cryptography/stwo-zig/src/integrations/riscv_cpu/proof_adapter.zig -OReleaseFast -Mriscv_cpu_capabilities=/Users/theodorepender/code/cryptography/stwo-zig/src/products/riscv_metal/capabilities.zig -OReleaseFast -Mriscv_shared_app=/Users/theodorepender/code/cryptography/stwo-zig/src/products/riscv_shared/app.zig -OReleaseFast -Mriscv_shared_cli=/Users/theodorepender/code/cryptography/stwo-zig/src/products/riscv_shared/cli.zig -OReleaseFast -Mriscv_shared_registry=/Users/theodorepender/code/cryptography/stwo-zig/src/products/riscv_shared/registry.zig -OReleaseFast -Moutput_transaction=/Users/theodorepender/code/cryptography/stwo-zig/src/interop/output_transaction.zig -Mmetal_aot_config=.zig-cache/products/riscv_metal/c/600b98222c6d0e0c2997bd07af06f477/options.zig -Mbuild_identity=.zig-cache/products/riscv_metal/c/575a0dc5ca67f72dcbc2f695231f92b8/options.zig -Mproduct_identity=.zig-cache/products/riscv_metal/c/67d92955bb1ba41f1cfabdac26a995d2/options.zig -OReleaseFast --dep stwo_core --dep stwo_backend_contracts --dep stwo_prover_api --dep stwo_prover_engine --dep interop_postcard -Mstwo_riscv_frontend=/Users/theodorepender/code/cryptography/stwo-zig/src/frontends/riscv/mod.zig -OReleaseFast --dep stwo_core --dep stwo_backend_contracts --dep stwo_prover_api --dep stwo_prover_engine --dep stwo_metal_backend --dep stwo_riscv_frontend -Mstwo_riscv_metal_integration=/Users/theodorepender/code/cryptography/stwo-zig/src/integrations/riscv_metal/mod.zig -OReleaseFast --dep stwo_core --dep stwo_proof_wire -Minterop_postcard=/Users/theodorepender/code/cryptography/stwo-zig/src/interop/postcard.zig -OReleaseFast -Minterop_riscv_artifact=/Users/theodorepender/code/cryptography/stwo-zig/src/interop/riscv_artifact.zig -OReleaseFast --dep stwo_core --dep stwo_backend_contracts --dep stwo_prover_api --dep stwo_prover_engine -Mstwo_cpu_backend=/Users/theodorepender/code/cryptography/stwo-zig/src/backends/cpu_scalar/mod.zig -Mbuild_identity0=.zig-cache/products/riscv_metal/c/575a0dc5ca67f72dcbc2f695231f92b8/options.zig -OReleaseFast --dep stwo_core --dep stwo_backend_contracts --dep stwo_prover_api --dep stwo_prover_engine -Mstwo_metal_backend=/Users/theodorepender/code/cryptography/stwo-zig/src/backends/metal/mod.zig -OReleaseFast --dep stwo_core -Mstwo_proof_wire=/Users/theodorepender/code/cryptography/stwo-zig/src/interop/proof_wire/mod.zig -framework Foundation -framework Metal -lc --cache-dir .zig-cache/products/riscv_metal --global-cache-dir /Users/theodorepender/.cache/zig --name stwo-zig-riscv-metal --zig-lib-dir /opt/homebrew/Cellar/zig@0.15/0.15.2/lib/zig/ --listen=-

Build Summary: 4/7 steps succeeded; 1 failed
stwo-riscv-metal transitive failure
+- install stwo-zig-riscv-metal transitive failure
   +- compile exe stwo-zig-riscv-metal ReleaseFast native 1 errors

error: the following build command failed with exit code 1:
.zig-cache/products/riscv_metal/o/730bf1dd4d7d751cd2ba9a0557610613/build /opt/homebrew/Cellar/zig@0.15/0.15.2/bin/zig /opt/homebrew/Cellar/zig@0.15/0.15.2/lib/zig /Users/theodorepender/code/cryptography/stwo-zig/build_support .zig-cache/products/riscv_metal /Users/theodorepender/.cache/zig --seed 0xb30885de -Z30777cd7fb60edbe stwo-riscv-metal -p /Users/theodorepender/code/cryptography/stwo-zig/zig-out -Drepository-root=/Users/theodorepender/code/cryptography/stwo-zig -Dproduct-scope=riscv_metal -Doptimize=ReleaseFast --maxrss 25769803776 -j1 -Dmetal-core-aot-bundle=/Users/theodorepender/code/cryptography/stwo-zig/zig-out/share/stwo-zig/metal/core -Dimplementation-commit=1c6c81ecf98813ca3c91988888d9f2af6474763e -Dimplementation-dirty=true -Dimplementation-tree=8a77dd1fb15f570f432fdd3720e456411ae1bbdb -Dimplementation-dirty-content-sha256=972e9388a805b143a128d3da1204432c0c43ecf6981552c85eeccfd0760cd107
stwo-riscv-metal
+- run /opt/homebrew/Cellar/zig@0.15/0.15.2/bin/zig failure
error: the following command exited with error code 1:
/opt/homebrew/Cellar/zig@0.15/0.15.2/bin/zig build stwo-riscv-metal --build-file /Users/theodorepender/code/cryptography/stwo-zig/build_support/internal_build.zig --cache-dir .zig-cache/products/riscv_metal -p /Users/theodorepender/code/cryptography/stwo-zig/zig-out -Drepository-root=/Users/theodorepender/code/cryptography/stwo-zig -Dproduct-scope=riscv_metal -Doptimize=ReleaseFast --maxrss 25769803776 -j1 -Dmetal-core-aot-bundle=/Users/theodorepender/code/cryptography/stwo-zig/zig-out/share/stwo-zig/metal/core -Dimplementation-commit=1c6c81ecf98813ca3c91988888d9f2af6474763e -Dimplementation-dirty=true -Dimplementation-tree=8a77dd1fb15f570f432fdd3720e456411ae1bbdb -Dimplementation-dirty-content-sha256=972e9388a805b143a128d3da1204432c0c43ecf6981552c85eeccfd0760cd107

Build Summary: 4/6 steps succeeded; 1 failed
test-riscv-metal-recursive-aot success
+- run /opt/homebrew/Cellar/zig@0.15/0.15.2/bin/zig success 30s MaxRSS:1G
   +- run /opt/homebrew/Cellar/zig@0.15/0.15.2/bin/zig success 21s MaxRSS:438M
stwo-riscv-metal transitive failure
+- run /opt/homebrew/Cellar/zig@0.15/0.15.2/bin/zig failure
   +- run /opt/homebrew/Cellar/zig@0.15/0.15.2/bin/zig success 190ms MaxRSS:42M

error: the following build command failed with exit code 1:
.zig-cache/o/76bc760f806c183c012008f98903a4c2/build /opt/homebrew/Cellar/zig@0.15/0.15.2/bin/zig /opt/homebrew/Cellar/zig@0.15/0.15.2/lib/zig /Users/theodorepender/code/cryptography/stwo-zig .zig-cache /Users/theodorepender/.cache/zig --seed 0x4743c5d3 -Z7fffd5eb7ee9def8 --maxrss 25769803776 -j1 test-riscv-metal-recursive-aot stwo-riscv-metal -Doptimize=ReleaseFast --summary all
