test-blake3-native-tree-aot
+- run test stderr
BLAKE3_NATIVE_HASH_DEVICE covered=8/8
CANONICAL_PARENT_ALLOCATOR mode=smp
BLAKE3_HASH_METADATA g_rows=2062368 xor_rows=589248 full_row_bytes=916869888 compact_bytes=146133504 removed_bytes=770736384
BLAKE3_PATH_PLAN_REUSE openings=1540 graph_builds=6 retained_plans=2
BLAKE3_TRUSTED_PATH_METADATA full_row_bytes=902430208 compact_bytes=143832064 removed_bytes=758598144
BLAKE3_NATIVE_QUERY_FUSION groups=7280 removed_scalars=29120
BLAKE3_NATIVE_FUSION dot4=14929 fma=56644 arithmetic_rows=159724
BLAKE3_HASH_METADATA g_rows=2062368 xor_rows=589248 full_row_bytes=916869888 compact_bytes=146133504 removed_bytes=770736384
BLAKE3_PATH_PLAN_REUSE openings=1540 graph_builds=6 retained_plans=2
BLAKE3_TRUSTED_PATH_METADATA full_row_bytes=902430208 compact_bytes=143832064 removed_bytes=758598144
BLAKE3_NATIVE_QUERY_FUSION groups=7280 removed_scalars=29120
BLAKE3_NATIVE_FUSION dot4=14929 fma=56646 arithmetic_rows=159720
CANONICAL_TREE_LEAF_POOL workers=8
CANONICAL_TREE_PHASE phase=leaf_pair_proof_and_preparation ns=5340334958
METAL_FRAMEWORK_INTERACTION rows=4194304 batches=28 gpu_ms=113.94162502256222
METAL_FRAMEWORK_INTERACTION rows=2097152 batches=4 gpu_ms=11.6686666442547
METAL_FRAMEWORK_INTERACTION rows=2097152 batches=1 gpu_ms=3.3907916804309934
METAL_FRAMEWORK_INTERACTION rows=1048576 batches=2 gpu_ms=2.259666653117165
METAL_FRAMEWORK_INTERACTION rows=262144 batches=2 gpu_ms=0.38408333784900606
BLAKE3_PARENT_STAGE_PROFILE {"schema_version":1,"runtime":"native","example":"blake3-recursive-parent","stages":[{"id":"parent.validation","label":"Authenticated row validation","seconds":0.022769,"children":null},{"id":"parent.main_setup","label":"Main columns and lookup counts","seconds":0.713339,"children":null},{"id":"parent.main_commit","label":"Main commitment","seconds":0.89633,"children":[{"id":"merkle_commit","label":"Merkle commit","seconds":0.456544,"children":null}]},{"id":"parent.interaction_generation","label":"Interaction generation","seconds":0.725191,"children":null},{"id":"parent.interaction_commit","label":"Interaction commitment","seconds":0.855778,"children":[{"id":"merkle_commit","label":"Merkle commit","seconds":0.498554,"children":null}]},{"id":"parent.core","label":"Core STARK proof","seconds":1.47364,"children":[{"id":"draw_random_coeff","label":"Draw random coefficient","seconds":0.000001,"children":null},{"id":"composition_trace_extract","label":"Composition trace extract","seconds":0.000007,"children":null},{"id":"composition_evaluation","label":"Composition evaluation","seconds":0.662195,"children":null},{"id":"composition_interpolate_and_split","label":"Composition interpolate and split","seconds":0.024905,"children":null},{"id":"composition_commit","label":"Composition commit","seconds":0.041921,"children":null},{"id":"oods_point_and_mask_points","label":"OODS point and mask points","seconds":0.000066,"children":null},{"id":"sampled_value_evaluation","label":"Sampled-value evaluation","seconds":0.33655,"children":null},{"id":"sampled_value_channel_mix","label":"Sampled-value channel mix","seconds":0.000036,"children":null},{"id":"fri_quotient_build_and_commit","label":"FRI quotient build + commit (lazy)","seconds":0.279694,"children":null},{"id":"proof_of_work","label":"Proof of work","seconds":0.020139,"children":null},{"id":"fri_decommit","label":"FRI decommit","seconds":0.003375,"children":null},{"id":"trace_decommit","label":"Trace decommit","seconds":0.022851,"children":null},{"id":"constraint_check_and_assembly","label":"Constraint check and assembly","seconds":0.0001,"children":null}]}]}
CANONICAL_TREE_PHASE phase=aggregate_proof_and_checks height=1 ns=5441147834
BLAKE3_TREE_NODE verified=true height=1 artifact_bytes=845993 queries=70 pow_bits=26
BLAKE3_HASH_METADATA g_rows=2053744 xor_rows=586784 full_row_bytes=913035904 compact_bytes=145522432 removed_bytes=767513472
BLAKE3_PATH_PLAN_REUSE openings=1540 graph_builds=6 retained_plans=2
BLAKE3_TRUSTED_PATH_METADATA full_row_bytes=898944768 compact_bytes=143276544 removed_bytes=755668224
BLAKE3_NATIVE_QUERY_FUSION groups=7420 removed_scalars=29680
BLAKE3_NATIVE_FUSION dot4=13774 fma=56458 arithmetic_rows=157859
BLAKE3_HASH_METADATA g_rows=2092720 xor_rows=597920 full_row_bytes=930363520 compact_bytes=148284160 removed_bytes=782079360
BLAKE3_PATH_PLAN_REUSE openings=1540 graph_builds=6 retained_plans=2
BLAKE3_TRUSTED_PATH_METADATA full_row_bytes=914629248 compact_bytes=145776384 removed_bytes=768852864
BLAKE3_NATIVE_QUERY_FUSION groups=8260 removed_scalars=33040
BLAKE3_NATIVE_FUSION dot4=17883 fma=58717 arithmetic_rows=167838
CANONICAL_TREE_LEAF_POOL workers=8
CANONICAL_TREE_PHASE phase=leaf_pair_proof_and_preparation ns=5640915709
METAL_FRAMEWORK_INTERACTION rows=4194304 batches=28 gpu_ms=109.39929165760987
METAL_FRAMEWORK_INTERACTION rows=2097152 batches=4 gpu_ms=11.74695833469741
METAL_FRAMEWORK_INTERACTION rows=2097152 batches=1 gpu_ms=3.8731666863895953
METAL_FRAMEWORK_INTERACTION rows=1048576 batches=2 gpu_ms=2.382874983595684
METAL_FRAMEWORK_INTERACTION rows=262144 batches=2 gpu_ms=0.39775000186637044
BLAKE3_PARENT_STAGE_PROFILE {"schema_version":1,"runtime":"native","example":"blake3-recursive-parent","stages":[{"id":"parent.validation","label":"Authenticated row validation","seconds":0.023357,"children":null},{"id":"parent.main_setup","label":"Main columns and lookup counts","seconds":0.714228,"children":null},{"id":"parent.main_commit","label":"Main commitment","seconds":0.912618,"children":[{"id":"merkle_commit","label":"Merkle commit","seconds":0.45659,"children":null}]},{"id":"parent.interaction_generation","label":"Interaction generation","seconds":0.729335,"children":null},{"id":"parent.interaction_commit","label":"Interaction commitment","seconds":0.852745,"children":[{"id":"merkle_commit","label":"Merkle commit","seconds":0.50149,"children":null}]},{"id":"parent.core","label":"Core STARK proof","seconds":1.398755,"children":[{"id":"draw_random_coeff","label":"Draw random coefficient","seconds":0.000001,"children":null},{"id":"composition_trace_extract","label":"Composition trace extract","seconds":0.000002,"children":null},{"id":"composition_evaluation","label":"Composition evaluation","seconds":0.645478,"children":null},{"id":"composition_interpolate_and_split","label":"Composition interpolate and split","seconds":0.011146,"children":null},{"id":"composition_commit","label":"Composition commit","seconds":0.037894,"children":null},{"id":"oods_point_and_mask_points","label":"OODS point and mask points","seconds":0.000068,"children":null},{"id":"sampled_value_evaluation","label":"Sampled-value evaluation","seconds":0.33971,"children":null},{"id":"sampled_value_channel_mix","label":"Sampled-value channel mix","seconds":0.000037,"children":null},{"id":"fri_quotient_build_and_commit","label":"FRI quotient build + commit (lazy)","seconds":0.279571,"children":null},{"id":"proof_of_work","label":"Proof of work","seconds":0.00777,"children":null},{"id":"fri_decommit","label":"FRI decommit","seconds":0.003314,"children":null},{"id":"trace_decommit","label":"Trace decommit","seconds":0.021754,"children":null},{"id":"constraint_check_and_assembly","label":"Constraint check and assembly","seconds":0.000075,"children":null}]}]}
CANONICAL_TREE_PHASE phase=aggregate_proof_and_checks height=1 ns=5391028875
BLAKE3_TREE_NODE verified=true height=1 artifact_bytes=849496 queries=70 pow_bits=26
BLAKE3_HASH_METADATA g_rows=3007984 xor_rows=859424 full_row_bytes=1337263744 compact_bytes=213137152 removed_bytes=1124126592
BLAKE3_HASH_METADATA g_rows=3007984 xor_rows=859424 full_row_bytes=1337263744 compact_bytes=213137152 removed_bytes=1124126592
BLAKE3_PATH_PLAN_REUSE openings=1820 graph_builds=6 retained_plans=2
BLAKE3_TRUSTED_PATH_METADATA full_row_bytes=1319537792 compact_bytes=210311936 removed_bytes=1109225856
BLAKE3_NATIVE_QUERY_FUSION groups=17570 removed_scalars=70280
BLAKE3_NATIVE_FUSION dot4=27604 fma=81749 arithmetic_rows=230269
BLAKE3_PATH_PLAN_REUSE openings=1820 graph_builds=6 retained_plans=2
BLAKE3_TRUSTED_PATH_METADATA full_row_bytes=1319537792 compact_bytes=210311936 removed_bytes=1109225856
BLAKE3_NATIVE_QUERY_FUSION groups=17570 removed_scalars=70280
BLAKE3_NATIVE_FUSION dot4=27604 fma=81749 arithmetic_rows=230269
CANONICAL_TREE_CHILD_PREPARATION workers=2 reused_after_failure=true
CANONICAL_TREE_PHASE phase=root_preparation ns=4214244417
METAL_FRAMEWORK_INTERACTION rows=8388608 batches=28 gpu_ms=229.890416667331
METAL_FRAMEWORK_INTERACTION rows=2097152 batches=4 gpu_ms=11.752708349376917
METAL_FRAMEWORK_INTERACTION rows=2097152 batches=1 gpu_ms=3.691624995553866
METAL_FRAMEWORK_INTERACTION rows=2097152 batches=2 gpu_ms=10.173624992603436
METAL_FRAMEWORK_INTERACTION rows=524288 batches=2 gpu_ms=0.8109166519716382
BLAKE3_PARENT_STAGE_PROFILE {"schema_version":1,"runtime":"native","example":"blake3-recursive-parent","stages":[{"id":"parent.validation","label":"Authenticated row validation","seconds":0.033469,"children":null},{"id":"parent.main_setup","label":"Main columns and lookup counts","seconds":1.176309,"children":null},{"id":"parent.main_commit","label":"Main commitment","seconds":1.938451,"children":[{"id":"merkle_commit","label":"Merkle commit","seconds":0.973785,"children":null}]},{"id":"parent.interaction_generation","label":"Interaction generation","seconds":1.312901,"children":null},{"id":"parent.interaction_commit","label":"Interaction commitment","seconds":1.864798,"children":[{"id":"merkle_commit","label":"Merkle commit","seconds":1.069522,"children":null}]},{"id":"parent.core","label":"Core STARK proof","seconds":4.523276,"children":[{"id":"draw_random_coeff","label":"Draw random coefficient","seconds":0,"children":null},{"id":"composition_trace_extract","label":"Composition trace extract","seconds":0.000002,"children":null},{"id":"composition_evaluation","label":"Composition evaluation","seconds":1.142158,"children":null},{"id":"composition_interpolate_and_split","label":"Composition interpolate and split","seconds":0.04862,"children":null},{"id":"composition_commit","label":"Composition commit","seconds":0.078685,"children":null},{"id":"oods_point_and_mask_points","label":"OODS point and mask points","seconds":0.000081,"children":null},{"id":"sampled_value_evaluation","label":"Sampled-value evaluation","seconds":0.678337,"children":null},{"id":"sampled_value_channel_mix","label":"Sampled-value channel mix","seconds":0.000035,"children":null},{"id":"fri_quotient_build_and_commit","label":"FRI quotient build + commit (lazy)","seconds":2.428855,"children":null},{"id":"proof_of_work","label":"Proof of work","seconds":0.017402,"children":null},{"id":"fri_decommit","label":"FRI decommit","seconds":0.00369,"children":null},{"id":"trace_decommit","label":"Trace decommit","seconds":0.007136,"children":null},{"id":"constraint_check_and_assembly","label":"Constraint check and assembly","seconds":0.000077,"children":null}]}]}
CANONICAL_TREE_PHASE phase=aggregate_proof_and_checks height=2 ns=12197473583
BLAKE3_TREE_NODE verified=true height=2 artifact_bytes=889364 queries=70 pow_bits=26
CANONICAL_TREE_BUDGET peak_bytes=26459994416 limit_bytes=51539607552
BLAKE3_TREE_PARAMETERS leaf_queries=70 leaf_pow_bits=26 parent_queries=70 parent_pow_bits=26 canonical=true
BLAKE3_TREE verified=true leaves=4 aggregate_levels=2 cycles=6 retained_root_rows=4199425192

Build Summary: 3/3 steps succeeded; 7/7 tests passed
test-blake3-native-tree-aot success
+- run test 7 passed 39s MaxRSS:37G
   +- compile test ReleaseFast native success 1m MaxRSS:2G

