1/7 blake3_metal_qualification_test_root.test.Metal canonical four-leaf BLAKE3 aggregation tree...BLAKE3_NATIVE_HASH_DEVICE covered=8/8
CANONICAL_PARENT_ALLOCATOR mode=smp
BLAKE3_HASH_METADATA g_rows=2062368 xor_rows=589248 full_row_bytes=916869888 compact_bytes=146133504 removed_bytes=770736384
BLAKE3_PATH_PLAN_REUSE openings=1540 graph_builds=6 retained_plans=2
BLAKE3_TRUSTED_PATH_METADATA full_row_bytes=902430208 compact_bytes=143832064 removed_bytes=758598144
BLAKE3_NATIVE_QUERY_FUSION groups=7280 removed_scalars=29120
BLAKE3_NATIVE_FUSION dot4=14929 fma=56644 arithmetic_rows=159724
BLAKE3_HASH_METADATA g_rows=2062368 xor_rows=589248 full_row_bytes=916869888 compact_bytes=146133504 removed_bytes=770736384
BLAKE3_PATH_PLAN_REUSE openings=1540 graph_builds=6 retained_plans=2
BLAKE3_TRUSTED_PATH_METADATA full_row_bytes=902430208 compact_bytes=143832064 removed_bytes=758598144
BLAKE3_NATIVE_QUERY_FUSION groups=7280 removed_scalars=29120
BLAKE3_NATIVE_FUSION dot4=14929 fma=56646 arithmetic_rows=159720
CANONICAL_TREE_LEAF_POOL workers=8
CANONICAL_TREE_PHASE phase=leaf_pair_proof_and_preparation ns=4861397541
METAL_FRAMEWORK_INTERACTION rows=4194304 batches=28 gpu_ms=116.44608332426287
METAL_FRAMEWORK_INTERACTION rows=2097152 batches=4 gpu_ms=4.437249997863546
METAL_FRAMEWORK_INTERACTION rows=2097152 batches=1 gpu_ms=3.061041672481224
METAL_FRAMEWORK_INTERACTION rows=1048576 batches=2 gpu_ms=1.9405833154451102
METAL_FRAMEWORK_INTERACTION rows=262144 batches=2 gpu_ms=0.2799166541080922
BLAKE3_PARENT_STAGE_PROFILE {"schema_version":1,"runtime":"native","example":"blake3-recursive-parent","stages":[{"id":"parent.validation","label":"Authenticated row validation","seconds":0.023143,"children":null},{"id":"parent.main_setup","label":"Main columns and lookup counts","seconds":0.719613,"children":null},{"id":"parent.main_commit","label":"Main commitment","seconds":0.878013,"children":null},{"id":"parent.interaction_generation","label":"Interaction generation","seconds":0.71755,"children":null},{"id":"parent.interaction_commit","label":"Interaction commitment","seconds":0.840943,"children":null},{"id":"parent.core","label":"Core STARK proof","seconds":1.482414,"children":[{"id":"draw_random_coeff","label":"Draw random coefficient","seconds":0.000001,"children":null},{"id":"composition_trace_extract","label":"Composition trace extract","seconds":0.000006,"children":null},{"id":"composition_evaluation","label":"Composition evaluation","seconds":0.687727,"children":null},{"id":"composition_interpolate_and_split","label":"Composition interpolate and split","seconds":0.006629,"children":null},{"id":"composition_commit","label":"Composition commit","seconds":0.037107,"children":null},{"id":"oods_point_and_mask_points","label":"OODS point and mask points","seconds":0.000063,"children":null},{"id":"sampled_value_evaluation","label":"Sampled-value evaluation","seconds":0.349081,"children":null},{"id":"sampled_value_channel_mix","label":"Sampled-value channel mix","seconds":0.000033,"children":null},{"id":"fri_quotient_build_and_commit","label":"FRI quotient build + commit (lazy)","seconds":0.276921,"children":null},{"id":"proof_of_work","label":"Proof of work","seconds":0.019485,"children":null},{"id":"fri_decommit","label":"FRI decommit","seconds":0.003106,"children":null},{"id":"trace_decommit","label":"Trace decommit","seconds":0.020713,"children":null},{"id":"constraint_check_and_assembly","label":"Constraint check and assembly","seconds":0.000087,"children":null}]}]}
CANONICAL_TREE_PHASE phase=aggregate_proof_and_checks height=1 ns=5414741791
BLAKE3_TREE_NODE verified=true height=1 artifact_bytes=845993 queries=70 pow_bits=26
BLAKE3_HASH_METADATA g_rows=2053744 xor_rows=586784 full_row_bytes=913035904 compact_bytes=145522432 removed_bytes=767513472
BLAKE3_PATH_PLAN_REUSE openings=1540 graph_builds=6 retained_plans=2
BLAKE3_TRUSTED_PATH_METADATA full_row_bytes=898944768 compact_bytes=143276544 removed_bytes=755668224
BLAKE3_NATIVE_QUERY_FUSION groups=7420 removed_scalars=29680
BLAKE3_NATIVE_FUSION dot4=13774 fma=56458 arithmetic_rows=157859
BLAKE3_HASH_METADATA g_rows=2092720 xor_rows=597920 full_row_bytes=930363520 compact_bytes=148284160 removed_bytes=782079360
BLAKE3_PATH_PLAN_REUSE openings=1540 graph_builds=6 retained_plans=2
BLAKE3_TRUSTED_PATH_METADATA full_row_bytes=914629248 compact_bytes=145776384 removed_bytes=768852864
BLAKE3_NATIVE_QUERY_FUSION groups=8260 removed_scalars=33040
BLAKE3_NATIVE_FUSION dot4=17883 fma=58717 arithmetic_rows=167838
CANONICAL_TREE_LEAF_POOL workers=8
CANONICAL_TREE_PHASE phase=leaf_pair_proof_and_preparation ns=5253679542
METAL_FRAMEWORK_INTERACTION rows=4194304 batches=28 gpu_ms=117.24262501229532
METAL_FRAMEWORK_INTERACTION rows=2097152 batches=4 gpu_ms=4.4158749806229025
METAL_FRAMEWORK_INTERACTION rows=2097152 batches=1 gpu_ms=3.0121666786726564
METAL_FRAMEWORK_INTERACTION rows=1048576 batches=2 gpu_ms=1.948500022990629
METAL_FRAMEWORK_INTERACTION rows=262144 batches=2 gpu_ms=0.3013749956153333
BLAKE3_PARENT_STAGE_PROFILE {"schema_version":1,"runtime":"native","example":"blake3-recursive-parent","stages":[{"id":"parent.validation","label":"Authenticated row validation","seconds":0.023031,"children":null},{"id":"parent.main_setup","label":"Main columns and lookup counts","seconds":0.709738,"children":null},{"id":"parent.main_commit","label":"Main commitment","seconds":0.887601,"children":null},{"id":"parent.interaction_generation","label":"Interaction generation","seconds":0.724506,"children":null},{"id":"parent.interaction_commit","label":"Interaction commitment","seconds":0.847389,"children":null},{"id":"parent.core","label":"Core STARK proof","seconds":1.410413,"children":[{"id":"draw_random_coeff","label":"Draw random coefficient","seconds":0,"children":null},{"id":"composition_trace_extract","label":"Composition trace extract","seconds":0.000002,"children":null},{"id":"composition_evaluation","label":"Composition evaluation","seconds":0.650112,"children":null},{"id":"composition_interpolate_and_split","label":"Composition interpolate and split","seconds":0.006535,"children":null},{"id":"composition_commit","label":"Composition commit","seconds":0.037726,"children":null},{"id":"oods_point_and_mask_points","label":"OODS point and mask points","seconds":0.000061,"children":null},{"id":"sampled_value_evaluation","label":"Sampled-value evaluation","seconds":0.345936,"children":null},{"id":"sampled_value_channel_mix","label":"Sampled-value channel mix","seconds":0.000034,"children":null},{"id":"fri_quotient_build_and_commit","label":"FRI quotient build + commit (lazy)","seconds":0.272588,"children":null},{"id":"proof_of_work","label":"Proof of work","seconds":0.007628,"children":null},{"id":"fri_decommit","label":"FRI decommit","seconds":0.029458,"children":null},{"id":"trace_decommit","label":"Trace decommit","seconds":0.00532,"children":null},{"id":"constraint_check_and_assembly","label":"Constraint check and assembly","seconds":0.000075,"children":null}]}]}
CANONICAL_TREE_PHASE phase=aggregate_proof_and_checks height=1 ns=5356546084
BLAKE3_TREE_NODE verified=true height=1 artifact_bytes=849496 queries=70 pow_bits=26
BLAKE3_HASH_METADATA g_rows=3007984 xor_rows=859424 full_row_bytes=1337263744 compact_bytes=213137152 removed_bytes=1124126592
BLAKE3_HASH_METADATA g_rows=3007984 xor_rows=859424 full_row_bytes=1337263744 compact_bytes=213137152 removed_bytes=1124126592
BLAKE3_PATH_PLAN_REUSE openings=1820 graph_builds=6 retained_plans=2
BLAKE3_TRUSTED_PATH_METADATA full_row_bytes=1319537792 compact_bytes=210311936 removed_bytes=1109225856
BLAKE3_NATIVE_QUERY_FUSION groups=17570 removed_scalars=70280
BLAKE3_NATIVE_FUSION dot4=27604 fma=81749 arithmetic_rows=230269
BLAKE3_PATH_PLAN_REUSE openings=1820 graph_builds=6 retained_plans=2
BLAKE3_TRUSTED_PATH_METADATA full_row_bytes=1319537792 compact_bytes=210311936 removed_bytes=1109225856
BLAKE3_NATIVE_QUERY_FUSION groups=17570 removed_scalars=70280
BLAKE3_NATIVE_FUSION dot4=27604 fma=81749 arithmetic_rows=230269
CANONICAL_TREE_CHILD_PREPARATION workers=2 reused_after_failure=true
CANONICAL_TREE_PHASE phase=root_preparation ns=3977441791
METAL_FRAMEWORK_INTERACTION rows=8388608 batches=28 gpu_ms=231.9605833326932
METAL_FRAMEWORK_INTERACTION rows=2097152 batches=4 gpu_ms=4.686500004027039
METAL_FRAMEWORK_INTERACTION rows=2097152 batches=1 gpu_ms=3.00137500744313
METAL_FRAMEWORK_INTERACTION rows=2097152 batches=2 gpu_ms=3.963291645050049
METAL_FRAMEWORK_INTERACTION rows=524288 batches=2 gpu_ms=0.5388333520386368
BLAKE3_PARENT_STAGE_PROFILE {"schema_version":1,"runtime":"native","example":"blake3-recursive-parent","stages":[{"id":"parent.validation","label":"Authenticated row validation","seconds":0.033559,"children":null},{"id":"parent.main_setup","label":"Main columns and lookup counts","seconds":1.177521,"children":null},{"id":"parent.main_commit","label":"Main commitment","seconds":1.925123,"children":null},{"id":"parent.interaction_generation","label":"Interaction generation","seconds":1.317514,"children":null},{"id":"parent.interaction_commit","label":"Interaction commitment","seconds":1.860635,"children":null},{"id":"parent.core","label":"Core STARK proof","seconds":4.481223,"children":[{"id":"draw_random_coeff","label":"Draw random coefficient","seconds":0.000001,"children":null},{"id":"composition_trace_extract","label":"Composition trace extract","seconds":0.00001,"children":null},{"id":"composition_evaluation","label":"Composition evaluation","seconds":1.145315,"children":null},{"id":"composition_interpolate_and_split","label":"Composition interpolate and split","seconds":0.014936,"children":null},{"id":"composition_commit","label":"Composition commit","seconds":0.071547,"children":null},{"id":"oods_point_and_mask_points","label":"OODS point and mask points","seconds":0.000079,"children":null},{"id":"sampled_value_evaluation","label":"Sampled-value evaluation","seconds":0.654439,"children":null},{"id":"sampled_value_channel_mix","label":"Sampled-value channel mix","seconds":0.000034,"children":null},{"id":"fri_quotient_build_and_commit","label":"FRI quotient build + commit (lazy)","seconds":2.440682,"children":null},{"id":"proof_of_work","label":"Proof of work","seconds":0.016401,"children":null},{"id":"fri_decommit","label":"FRI decommit","seconds":0.003794,"children":null},{"id":"trace_decommit","label":"Trace decommit","seconds":0.0072,"children":null},{"id":"constraint_check_and_assembly","label":"Constraint check and assembly","seconds":0.000076,"children":null}]}]}
CANONICAL_TREE_PHASE phase=aggregate_proof_and_checks height=2 ns=12142893083
BLAKE3_TREE_NODE verified=true height=2 artifact_bytes=889364 queries=70 pow_bits=26
CANONICAL_TREE_BUDGET peak_bytes=26459994000 limit_bytes=51539607552
BLAKE3_TREE_PARAMETERS leaf_queries=70 leaf_pow_bits=26 parent_queries=70 parent_pow_bits=26 canonical=true
BLAKE3_TREE verified=true leaves=4 aggregate_levels=2 cycles=6 retained_root_rows=4199425192
OK
2/7 runner.mod.test_0...OK
3/7 runner.decode.test_0...OK
4/7 air.memory_commitment.poseidon2_air.test_0...OK
5/7 air.semantic_eval.test_0...OK
6/7 air.lookups.tables.source_ingest.test_0...OK
7/7 diagnostics.mod.test_0...OK
All 7 tests passed.
       37.36 real        65.08 user         9.63 sys
         37118558208  maximum resident set size
                   0  average shared memory size
                   0  average unshared data size
                   0  average unshared stack size
            10155955  page reclaims
                   0  page faults
                   0  swaps
                   0  block input operations
                   0  block output operations
                   0  messages sent
                   0  messages received
                   0  signals received
                   0  voluntary context switches
               39304  involuntary context switches
        841904973338  instructions retired
        322273131241  cycles elapsed
         39162732424  peak memory footprint
