1/7 blake3_metal_qualification_test_root.test.Metal canonical four-leaf BLAKE3 aggregation tree...BLAKE3_NATIVE_HASH_DEVICE covered=8/8
CANONICAL_PARENT_ALLOCATOR mode=smp
BLAKE3_NATIVE_QUERY_FUSION groups=7280 removed_scalars=29120
BLAKE3_NATIVE_FUSION dot4=14929 fma=56644 arithmetic_rows=159724
BLAKE3_NATIVE_QUERY_FUSION groups=7280 removed_scalars=29120
BLAKE3_NATIVE_FUSION dot4=14929 fma=56646 arithmetic_rows=159720
CANONICAL_TREE_LEAF_POOL workers=8
CANONICAL_TREE_PHASE phase=leaf_pair_proof_and_preparation ns=5736437083
METAL_FRAMEWORK_INTERACTION rows=4194304 batches=28 gpu_ms=114.58470835350454
METAL_FRAMEWORK_INTERACTION rows=2097152 batches=4 gpu_ms=11.717125016730279
METAL_FRAMEWORK_INTERACTION rows=2097152 batches=1 gpu_ms=4.023749992484227
METAL_FRAMEWORK_INTERACTION rows=1048576 batches=2 gpu_ms=2.9410416609607637
METAL_FRAMEWORK_INTERACTION rows=262144 batches=2 gpu_ms=0.5283750069793314
Metal quotient shape: raw_bytes=9469394944 columns=1163 views=1339 source_runs=89 resident_sources=0 resident_trees=2 batches=14 rows=8388608 path=flat-partials groups=34 partial_bytes=677322752
Metal quotient timing: gpu_ms=73.568 wall_ms=256.371 path=flat-partials source_runs=89 resident_sources=0
CANONICAL_TREE_PHASE phase=aggregate_proof_and_checks height=1 ns=5534093916
BLAKE3_TREE_NODE verified=true height=1 artifact_bytes=845993 queries=70 pow_bits=26
BLAKE3_NATIVE_QUERY_FUSION groups=7420 removed_scalars=29680
BLAKE3_NATIVE_FUSION dot4=13774 fma=56458 arithmetic_rows=157859
BLAKE3_NATIVE_QUERY_FUSION groups=8260 removed_scalars=33040
BLAKE3_NATIVE_FUSION dot4=17883 fma=58717 arithmetic_rows=167838
CANONICAL_TREE_LEAF_POOL workers=8
CANONICAL_TREE_PHASE phase=leaf_pair_proof_and_preparation ns=6189815000
METAL_FRAMEWORK_INTERACTION rows=4194304 batches=28 gpu_ms=117.0221250213217
METAL_FRAMEWORK_INTERACTION rows=2097152 batches=4 gpu_ms=11.711749975802377
METAL_FRAMEWORK_INTERACTION rows=2097152 batches=1 gpu_ms=3.4932499984279275
METAL_FRAMEWORK_INTERACTION rows=1048576 batches=2 gpu_ms=5.9801249881275
METAL_FRAMEWORK_INTERACTION rows=262144 batches=2 gpu_ms=0.7736249826848507
Metal quotient shape: raw_bytes=9469394944 columns=1163 views=1339 source_runs=89 resident_sources=0 resident_trees=2 batches=14 rows=8388608 path=flat-partials groups=34 partial_bytes=677322752
Metal quotient timing: gpu_ms=71.669 wall_ms=255.934 path=flat-partials source_runs=89 resident_sources=0
CANONICAL_TREE_PHASE phase=aggregate_proof_and_checks height=1 ns=5475204459
BLAKE3_TREE_NODE verified=true height=1 artifact_bytes=849496 queries=70 pow_bits=26
BLAKE3_NATIVE_QUERY_FUSION groups=17570 removed_scalars=70280
BLAKE3_NATIVE_FUSION dot4=27604 fma=81749 arithmetic_rows=230269
BLAKE3_NATIVE_QUERY_FUSION groups=17570 removed_scalars=70280
BLAKE3_NATIVE_FUSION dot4=27604 fma=81749 arithmetic_rows=230269
CANONICAL_TREE_CHILD_PREPARATION workers=2 reused_after_failure=true
CANONICAL_TREE_PHASE phase=root_preparation ns=4510528333
METAL_FRAMEWORK_INTERACTION rows=8388608 batches=28 gpu_ms=230.16954166814685
METAL_FRAMEWORK_INTERACTION rows=2097152 batches=4 gpu_ms=11.922749981749803
METAL_FRAMEWORK_INTERACTION rows=2097152 batches=1 gpu_ms=3.6063749867025763
METAL_FRAMEWORK_INTERACTION rows=2097152 batches=2 gpu_ms=9.919499978423119
METAL_FRAMEWORK_INTERACTION rows=524288 batches=2 gpu_ms=0.7055833411868662
Metal quotient shape: raw_bytes=17885298688 columns=1163 views=1339 source_runs=150 resident_sources=0 resident_trees=2 batches=14 rows=16777216 path=segmented groups=0 partial_bytes=0
Metal quotient timing: gpu_ms=2357.157 wall_ms=2378.591 path=segmented source_runs=150 resident_sources=0
CANONICAL_TREE_PHASE phase=aggregate_proof_and_checks height=2 ns=12201281791
BLAKE3_TREE_NODE verified=true height=2 artifact_bytes=889364 queries=70 pow_bits=26
CANONICAL_TREE_BUDGET peak_bytes=26459992736 limit_bytes=51539607552
BLAKE3_TREE_PARAMETERS leaf_queries=70 leaf_pow_bits=26 parent_queries=70 parent_pow_bits=26 canonical=true
BLAKE3_TREE verified=true leaves=4 aggregate_levels=2 cycles=6 retained_root_rows=4199425192
OK
2/7 runner.mod.test_0...OK
3/7 runner.decode.test_0...OK
4/7 air.memory_commitment.poseidon2_air.test_0...OK
5/7 air.semantic_eval.test_0...OK
6/7 air.lookups.tables.source_ingest.test_0...OK
7/7 diagnostics.mod.test_0...OK
All 7 tests passed.
       40.72 real        67.36 user        10.50 sys
         37117870080  maximum resident set size
                   0  average shared memory size
                   0  average unshared data size
                   0  average unshared stack size
            10156102  page reclaims
                   0  page faults
                   0  swaps
                   0  block input operations
                   0  block output operations
                   0  messages sent
                   0  messages received
                   0  signals received
                   5  voluntary context switches
               42290  involuntary context switches
        848731307172  instructions retired
        335034565039  cycles elapsed
         39162027888  peak memory footprint
