1/7 blake3_metal_qualification_test_root.test.Metal canonical four-leaf BLAKE3 aggregation tree...BLAKE3_NATIVE_HASH_DEVICE covered=8/8
CANONICAL_PARENT_ALLOCATOR mode=smp
BLAKE3_NATIVE_QUERY_FUSION groups=7280 removed_scalars=29120
BLAKE3_NATIVE_FUSION dot4=14929 fma=56644 arithmetic_rows=159724
BLAKE3_NATIVE_QUERY_FUSION groups=7280 removed_scalars=29120
BLAKE3_NATIVE_FUSION dot4=14929 fma=56646 arithmetic_rows=159720
CANONICAL_TREE_LEAF_POOL workers=8
CANONICAL_TREE_PHASE phase=leaf_pair_proof_and_preparation ns=6195523291
METAL_FRAMEWORK_INTERACTION rows=4194304 batches=28 gpu_ms=116.39224999817088
METAL_FRAMEWORK_INTERACTION rows=2097152 batches=4 gpu_ms=12.43874998181127
METAL_FRAMEWORK_INTERACTION rows=2097152 batches=1 gpu_ms=3.202374995453283
METAL_FRAMEWORK_INTERACTION rows=1048576 batches=2 gpu_ms=2.082916646031663
METAL_FRAMEWORK_INTERACTION rows=262144 batches=2 gpu_ms=0.3196666657458991
Metal quotient shape: raw_bytes=9469394944 columns=1163 views=1339 source_runs=89 resident_sources=0 resident_trees=2 batches=14 rows=8388608 path=flat-partials groups=34 partial_bytes=677322752
Metal quotient timing: gpu_ms=72.953 wall_ms=257.281 path=flat-partials source_runs=89 resident_sources=0
CANONICAL_TREE_PHASE phase=aggregate_proof_and_checks height=1 ns=5624407541
BLAKE3_TREE_NODE verified=true height=1 artifact_bytes=845993 queries=70 pow_bits=26
BLAKE3_NATIVE_QUERY_FUSION groups=7420 removed_scalars=29680
BLAKE3_NATIVE_FUSION dot4=13774 fma=56458 arithmetic_rows=157859
BLAKE3_NATIVE_QUERY_FUSION groups=8260 removed_scalars=33040
BLAKE3_NATIVE_FUSION dot4=17883 fma=58717 arithmetic_rows=167838
CANONICAL_TREE_LEAF_POOL workers=8
CANONICAL_TREE_PHASE phase=leaf_pair_proof_and_preparation ns=6490843542
METAL_FRAMEWORK_INTERACTION rows=4194304 batches=28 gpu_ms=115.88395832222886
METAL_FRAMEWORK_INTERACTION rows=2097152 batches=4 gpu_ms=11.836999998195097
METAL_FRAMEWORK_INTERACTION rows=2097152 batches=1 gpu_ms=3.5583749995566905
METAL_FRAMEWORK_INTERACTION rows=1048576 batches=2 gpu_ms=2.369708352489397
METAL_FRAMEWORK_INTERACTION rows=262144 batches=2 gpu_ms=0.40154167800210416
Metal quotient shape: raw_bytes=9469394944 columns=1163 views=1339 source_runs=89 resident_sources=0 resident_trees=2 batches=14 rows=8388608 path=flat-partials groups=34 partial_bytes=677322752
Metal quotient timing: gpu_ms=71.694 wall_ms=250.994 path=flat-partials source_runs=89 resident_sources=0
CANONICAL_TREE_PHASE phase=aggregate_proof_and_checks height=1 ns=5536419667
BLAKE3_TREE_NODE verified=true height=1 artifact_bytes=849496 queries=70 pow_bits=26
BLAKE3_NATIVE_QUERY_FUSION groups=17570 removed_scalars=70280
BLAKE3_NATIVE_FUSION dot4=27604 fma=81749 arithmetic_rows=230269
BLAKE3_NATIVE_QUERY_FUSION groups=17570 removed_scalars=70280
BLAKE3_NATIVE_FUSION dot4=27604 fma=81749 arithmetic_rows=230269
CANONICAL_TREE_CHILD_PREPARATION workers=2 reused_after_failure=true
CANONICAL_TREE_PHASE phase=root_preparation ns=4706960208
METAL_FRAMEWORK_INTERACTION rows=8388608 batches=28 gpu_ms=227.63949999352917
METAL_FRAMEWORK_INTERACTION rows=2097152 batches=4 gpu_ms=11.301416670903563
METAL_FRAMEWORK_INTERACTION rows=2097152 batches=1 gpu_ms=3.378499997779727
METAL_FRAMEWORK_INTERACTION rows=2097152 batches=2 gpu_ms=10.508125007618219
METAL_FRAMEWORK_INTERACTION rows=524288 batches=2 gpu_ms=0.5217916623223573
Metal quotient shape: raw_bytes=17885298688 columns=1163 views=1339 source_runs=150 resident_sources=0 resident_trees=2 batches=14 rows=16777216 path=segmented groups=0 partial_bytes=0
Metal quotient timing: gpu_ms=2362.392 wall_ms=2383.903 path=segmented source_runs=150 resident_sources=0
CANONICAL_TREE_PHASE phase=aggregate_proof_and_checks height=2 ns=12447259375
BLAKE3_TREE_NODE verified=true height=2 artifact_bytes=889364 queries=70 pow_bits=26
CANONICAL_TREE_BUDGET peak_bytes=26459992736 limit_bytes=51539607552
BLAKE3_TREE_PARAMETERS leaf_queries=70 leaf_pow_bits=26 parent_queries=70 parent_pow_bits=26 canonical=true
BLAKE3_TREE verified=true leaves=4 aggregate_levels=2 cycles=6 retained_root_rows=4199425192
OK
2/7 runner.mod.test_0...OK
3/7 runner.decode.test_0...OK
4/7 air.memory_commitment.poseidon2_air.test_0...OK
5/7 air.semantic_eval.test_0...OK
6/7 air.lookups.tables.source_ingest.test_0...OK
7/7 diagnostics.mod.test_0...OK
All 7 tests passed.
       41.37 real        69.98 user        10.74 sys
         37117935616  maximum resident set size
                   0  average shared memory size
                   0  average unshared data size
                   0  average unshared stack size
            10155753  page reclaims
                  15  page faults
                   0  swaps
                   0  block input operations
                   0  block output operations
                   0  messages sent
                   0  messages received
                   0  signals received
                   8  voluntary context switches
               43804  involuntary context switches
        848352764476  instructions retired
        337599192296  cycles elapsed
         38900139128  peak memory footprint
