test-ethereum-complete-proof
+- Ethereum complete proof lifecycle guard
   +- run test stderr
ETHEREUM_BASE_BOUND_PROGRAM sha256=ecfd324f8088f9c985210b728d91851fb1144254f0bb6d52aa3d7ed0e3625f55 bytes=1048 path=/Users/theodorepender/Coding/stark-proving-engineering/stwo-zig/.git/local-ethereum/real-wrapper-segment2-devex-v4/corpus/base-bound-v3/program.elf
  claim semantic output[13497] node=42044 value=939440486/0/0/0
ETHEREUM_ROLE0_SAVED_WRAPPER_REPLAY excludes_stage101_proving=true
ETHEREUM_REAL_REPLAY materialization_pinned=true first_segment=2 leaf_count=2 whole_elf_pinned=true
ETHEREUM_COMPLETION_OPENING admitted_version=1 whole_elf_pinned=true
ETHEREUM_NATIVE_VERIFICATION workers=1 captures=2 scope=joined
ETHEREUM_INCREMENTAL_ROLE0_PHASE phase=cold_open source=darwin_proc_pid_rusage_v6 wall_ns=56950031750 process_cpu_ns=56901172167 parallelism_milli=999 peak_footprint_bytes=1705035576 energy_nj=265711124212 instructions=1252371359285 cycles=226338671856 workers=1 host_byte_budget=17179869184
ETHEREUM_INCREMENTAL_ROLE0_PHASE phase=campaign source=darwin_proc_pid_rusage_v6 wall_ns=67258236125 process_cpu_ns=67209808541 parallelism_milli=999 peak_footprint_bytes=1705035576 energy_nj=249340514952 instructions=487398793163 cycles=268202696245 workers=1 host_byte_budget=17179869184
ETHEREUM_WRAPPER_SELECTED pair_slot=0 global_segment=2
ETHEREUM_INCREMENTAL_ROLE0_PHASE phase=materialize source=darwin_proc_pid_rusage_v6 wall_ns=60073155375 process_cpu_ns=60024178334 parallelism_milli=999 peak_footprint_bytes=3034745904 energy_nj=237242585544 instructions=559496319988 cycles=239494430382 workers=1 host_byte_budget=17179869184
ETHEREUM_INCREMENTAL_ROLE0_MATERIALIZE input_ns=283067709 public_ns=14466563333 transcript_ns=5288028542 profile_ns=105833 program_ns=83249625 prepare_ns=75713708 fri_ns=3965968417 seal_ns=287603875 total_ns=24450303916 nodes=618754 node_bytes=12375080 output_bytes=176 binding_bytes=2815408 schedule_bytes=9177376 evaluation_bytes=9900064 input_bytes=703852 claim_bytes=33712 schedule_compiles=1 graph_copies=0 workers=1
ETHEREUM_INCREMENTAL_ROLE0_ALLOCATOR phase=materialized-live allocations=33986 bytes=1370907030 peak=2399536101 allocated=5834440136 freed=4463533106 untracked=0
ETHEREUM_WRAPPER_PREPARATION workers=1 phase=cohort-admission tree0_backend=cpu proof_backend=cpu
ETHEREUM_GEOMETRY_PREPARATION phase=begin
ETHEREUM_GEOMETRY_PREPARATION phase=materialized-admission ns=3911650000
ETHEREUM_GEOMETRY_PREPARATION phase=plans-prefix ns=2591100250
ETHEREUM_GEOMETRY_PREPARATION phase=program ns=31954467916
ETHEREUM_GEOMETRY_PREPARATION phase=transcript-rows ns=11455321209
ETHEREUM_GEOMETRY_PREPARATION phase=suffix ns=100848066750
ETHEREUM_GEOMETRY_PREPARATION phase=manifest-projection ns=16455995333
ETHEREUM_GEOMETRY_PREPARATION phase=local-finalization ns=6205457792
ETHEREUM_COHORT_RESOURCES phase=begin wall_ns=125 source=darwin_proc_pid_rusage_v6 lifetime_peak_footprint_bytes=30537161264 ledger_present=false ledger_mode=compact ledger_len=0 ledger_live_entries=0 ledger_peak_entries=0 ledger_capacity_entries=0 ledger_source_range_contributions=0 ledger_retained_bytes_estimate=0 sampling_unavailable=none
ETHEREUM_COHORT_RESOURCES phase=geometry-ready wall_ns=26364842917 source=darwin_proc_pid_rusage_v6 lifetime_peak_footprint_bytes=30537161264 ledger_present=false ledger_mode=compact ledger_len=0 ledger_live_entries=0 ledger_peak_entries=0 ledger_capacity_entries=0 ledger_source_range_contributions=0 ledger_retained_bytes_estimate=0 sampling_unavailable=none
ETHEREUM_COHORT_RESOURCES phase=prefix-rows wall_ns=13538858083 source=darwin_proc_pid_rusage_v6 lifetime_peak_footprint_bytes=31456222512 ledger_present=false ledger_mode=compact ledger_len=0 ledger_live_entries=0 ledger_peak_entries=0 ledger_capacity_entries=0 ledger_source_range_contributions=0 ledger_retained_bytes_estimate=0 sampling_unavailable=none
ETHEREUM_COHORT_RESOURCES phase=suffix-rows wall_ns=1988546542 source=darwin_proc_pid_rusage_v6 lifetime_peak_footprint_bytes=31891021440 ledger_present=false ledger_mode=compact ledger_len=0 ledger_live_entries=0 ledger_peak_entries=0 ledger_capacity_entries=0 ledger_source_range_contributions=0 ledger_retained_bytes_estimate=0 sampling_unavailable=none
ETHEREUM_COHORT_RESOURCES phase=provider-main wall_ns=23889129375 source=darwin_proc_pid_rusage_v6 lifetime_peak_footprint_bytes=31924674200 ledger_present=false ledger_mode=compact ledger_len=0 ledger_live_entries=0 ledger_peak_entries=0 ledger_capacity_entries=0 ledger_source_range_contributions=0 ledger_retained_bytes_estimate=0 sampling_unavailable=none
ETHEREUM_COHORT_RESOURCES phase=ledger-begin wall_ns=1059500 source=darwin_proc_pid_rusage_v6 lifetime_peak_footprint_bytes=31924674200 ledger_present=true ledger_mode=compact ledger_len=0 ledger_live_entries=0 ledger_peak_entries=0 ledger_capacity_entries=0 ledger_source_range_contributions=0 ledger_retained_bytes_estimate=524288 sampling_unavailable=none
ETHEREUM_COHORT_RESOURCES phase=ledger-prefix wall_ns=28365328375 source=darwin_proc_pid_rusage_v6 lifetime_peak_footprint_bytes=35080005648 ledger_present=true ledger_mode=compact ledger_len=68953678 ledger_live_entries=13188208 ledger_peak_entries=13223307 ledger_capacity_entries=56903072 ledger_source_range_contributions=0 ledger_retained_bytes_estimate=2788774816 sampling_unavailable=none
ETHEREUM_COHORT_RESOURCES phase=ledger-suffix wall_ns=6443356041 source=darwin_proc_pid_rusage_v6 lifetime_peak_footprint_bytes=35080005648 ledger_present=true ledger_mode=compact ledger_len=84963552 ledger_live_entries=3177115 ledger_peak_entries=13223307 ledger_capacity_entries=59149536 ledger_source_range_contributions=9443 ledger_retained_bytes_estimate=2898851552 sampling_unavailable=none
ETHEREUM_COHORT_RESOURCES phase=ledger-native wall_ns=42798249750 source=darwin_proc_pid_rusage_v6 lifetime_peak_footprint_bytes=38033125552 ledger_present=true ledger_mode=compact ledger_len=166400087 ledger_live_entries=450 ledger_peak_entries=14331501 ledger_capacity_entries=80154096 ledger_source_range_contributions=9443 ledger_retained_bytes_estimate=3928074992 sampling_unavailable=none
ETHEREUM_COHORT_RESOURCES phase=range-provider wall_ns=1937917 source=darwin_proc_pid_rusage_v6 lifetime_peak_footprint_bytes=38033125552 ledger_present=true ledger_mode=compact ledger_len=166400537 ledger_live_entries=0 ledger_peak_entries=14331501 ledger_capacity_entries=80154096 ledger_source_range_contributions=9443 ledger_retained_bytes_estimate=3928074992 sampling_unavailable=none
ETHEREUM_COHORT_RESOURCES phase=ledger-range wall_ns=3068708 source=darwin_proc_pid_rusage_v6 lifetime_peak_footprint_bytes=38033125552 ledger_present=true ledger_mode=compact ledger_len=166400671 ledger_live_entries=0 ledger_peak_entries=14331501 ledger_capacity_entries=80154096 ledger_source_range_contributions=9443 ledger_retained_bytes_estimate=3928074992 sampling_unavailable=none
ETHEREUM_COHORT_RESOURCES phase=ledger-classified wall_ns=91375 source=darwin_proc_pid_rusage_v6 lifetime_peak_footprint_bytes=38033125552 ledger_present=true ledger_mode=compact ledger_len=166400671 ledger_live_entries=0 ledger_peak_entries=14331501 ledger_capacity_entries=80154096 ledger_source_range_contributions=9443 ledger_retained_bytes_estimate=3928074992 sampling_unavailable=none
ETHEREUM_COHORT_RESOURCES phase=ledger-released wall_ns=5429263167 source=darwin_proc_pid_rusage_v6 lifetime_peak_footprint_bytes=38033125552 ledger_present=false ledger_mode=compact ledger_len=0 ledger_live_entries=0 ledger_peak_entries=0 ledger_capacity_entries=0 ledger_source_range_contributions=0 ledger_retained_bytes_estimate=0 sampling_unavailable=none
ETHEREUM_WRAPPER_PCS_STORAGE backing=file total_mapped_bytes=15264661504 remaining_mapped_bytes=0
ETHEREUM_WRAPPER_RESOURCES phase=tree0.cpu-pcs.commit wall_ns=469908193000 lifetime_peak_footprint_bytes=40082339216 current_footprint_bytes=31894626064 source=darwin_proc_pid_rusage_v6
ETHEREUM_WRAPPER_RESOURCES phase=tree0.cpu-pcs wall_ns=523561718250 lifetime_peak_footprint_bytes=40082339216 current_footprint_bytes=31894626064 source=darwin_proc_pid_rusage_v6
ETHEREUM_WRAPPER_COMPONENT_PLAN row=0 log_size=14 preprocessed_columns=10 main_columns=0 interaction_columns=8 source_bytes=1179648 pcs_minimum_resident_bytes=2359296
ETHEREUM_WRAPPER_COMPONENT_PLAN row=1 log_size=21 preprocessed_columns=0 main_columns=48 interaction_columns=12 source_bytes=503316480 pcs_minimum_resident_bytes=1006632960
ETHEREUM_WRAPPER_COMPONENT_PLAN row=2 log_size=21 preprocessed_columns=18 main_columns=17 interaction_columns=28 source_bytes=528482304 pcs_minimum_resident_bytes=1056964608
ETHEREUM_WRAPPER_COMPONENT_PLAN row=3 log_size=12 preprocessed_columns=18 main_columns=17 interaction_columns=40 source_bytes=1228800 pcs_minimum_resident_bytes=2457600
ETHEREUM_WRAPPER_COMPONENT_PLAN row=4 log_size=24 preprocessed_columns=15 main_columns=2 interaction_columns=4 source_bytes=1409286144 pcs_minimum_resident_bytes=2818572288
ETHEREUM_WRAPPER_COMPONENT_PLAN row=5 log_size=24 preprocessed_columns=23 main_columns=2 interaction_columns=12 source_bytes=2483027968 pcs_minimum_resident_bytes=4966055936
ETHEREUM_WRAPPER_COMPONENT_PLAN row=6 log_size=4 preprocessed_columns=0 main_columns=68 interaction_columns=4 source_bytes=4608 pcs_minimum_resident_bytes=9216
ETHEREUM_WRAPPER_COMPONENT_PLAN row=7 log_size=4 preprocessed_columns=0 main_columns=15 interaction_columns=4 source_bytes=1216 pcs_minimum_resident_bytes=2432
ETHEREUM_WRAPPER_COMPONENT_PLAN row=8 log_size=7 preprocessed_columns=12 main_columns=9 interaction_columns=36 source_bytes=29184 pcs_minimum_resident_bytes=58368
ETHEREUM_WRAPPER_COMPONENT_PLAN row=9 log_size=7 preprocessed_columns=21 main_columns=9 interaction_columns=20 source_bytes=25600 pcs_minimum_resident_bytes=51200
ETHEREUM_WRAPPER_COMPONENT_PLAN row=10 log_size=11 preprocessed_columns=8 main_columns=2 interaction_columns=8 source_bytes=147456 pcs_minimum_resident_bytes=294912
ETHEREUM_WRAPPER_COMPONENT_PLAN row=11 log_size=12 preprocessed_columns=17 main_columns=4 interaction_columns=12 source_bytes=540672 pcs_minimum_resident_bytes=1081344
ETHEREUM_WRAPPER_COMPONENT_PLAN row=12 log_size=14 preprocessed_columns=13 main_columns=4 interaction_columns=16 source_bytes=2162688 pcs_minimum_resident_bytes=4325376
ETHEREUM_WRAPPER_COMPONENT_PLAN row=13 log_size=21 preprocessed_columns=32 main_columns=41 interaction_columns=40 source_bytes=947912704 pcs_minimum_resident_bytes=1895825408
ETHEREUM_WRAPPER_COMPONENT_PLAN row=14 log_size=11 preprocessed_columns=30 main_columns=41 interaction_columns=40 source_bytes=909312 pcs_minimum_resident_bytes=1818624
ETHEREUM_WRAPPER_COMPONENT_PLAN row=15 log_size=17 preprocessed_columns=11 main_columns=2 interaction_columns=8 source_bytes=11010048 pcs_minimum_resident_bytes=22020096
ETHEREUM_WRAPPER_COMPONENT_PLAN row=16 log_size=12 preprocessed_columns=17 main_columns=2 interaction_columns=16 source_bytes=573440 pcs_minimum_resident_bytes=1146880
ETHEREUM_WRAPPER_COMPONENT_PLAN row=17 log_size=11 preprocessed_columns=33 main_columns=10 interaction_columns=28 source_bytes=581632 pcs_minimum_resident_bytes=1163264
ETHEREUM_WRAPPER_COMPONENT_PLAN row=18 log_size=18 preprocessed_columns=22 main_columns=2 interaction_columns=20 source_bytes=46137344 pcs_minimum_resident_bytes=92274688
ETHEREUM_WRAPPER_COMPONENT_PLAN row=19 log_size=8 preprocessed_columns=9 main_columns=0 interaction_columns=4 source_bytes=13312 pcs_minimum_resident_bytes=26624
ETHEREUM_WRAPPER_COMPONENT_PLAN row=20 log_size=10 preprocessed_columns=6 main_columns=34 interaction_columns=68 source_bytes=442368 pcs_minimum_resident_bytes=884736
ETHEREUM_WRAPPER_COMPONENT_PLAN row=21 log_size=14 preprocessed_columns=69 main_columns=34 interaction_columns=4 source_bytes=7012352 pcs_minimum_resident_bytes=14024704
ETHEREUM_WRAPPER_COMPONENT_PLAN row=22 log_size=5 preprocessed_columns=8 main_columns=9 interaction_columns=20 source_bytes=4736 pcs_minimum_resident_bytes=9472
ETHEREUM_WRAPPER_COMPONENT_PLAN row=23 log_size=21 preprocessed_columns=41 main_columns=42 interaction_columns=28 source_bytes=931135488 pcs_minimum_resident_bytes=1862270976
ETHEREUM_WRAPPER_COMPONENT_PLAN row=24 log_size=24 preprocessed_columns=18 main_columns=2 interaction_columns=16 source_bytes=2415919104 pcs_minimum_resident_bytes=4831838208
ETHEREUM_WRAPPER_COMPONENT_PLAN row=25 log_size=16 preprocessed_columns=48 main_columns=43 interaction_columns=28 source_bytes=31195136 pcs_minimum_resident_bytes=62390272
ETHEREUM_WRAPPER_COMPONENT_PLAN row=26 log_size=14 preprocessed_columns=6 main_columns=34 interaction_columns=12 source_bytes=3407872 pcs_minimum_resident_bytes=6815744
ETHEREUM_WRAPPER_COMPONENT_PLAN row=27 log_size=12 preprocessed_columns=15 main_columns=10 interaction_columns=12 source_bytes=606208 pcs_minimum_resident_bytes=1212416
ETHEREUM_WRAPPER_COMPONENT_PLAN row=28 log_size=13 preprocessed_columns=15 main_columns=3 interaction_columns=8 source_bytes=851968 pcs_minimum_resident_bytes=1703936
ETHEREUM_WRAPPER_COMPONENT_PLAN row=29 log_size=18 preprocessed_columns=20 main_columns=2 interaction_columns=20 source_bytes=44040192 pcs_minimum_resident_bytes=88080384
ETHEREUM_WRAPPER_COMPONENT_PLAN row=30 log_size=24 preprocessed_columns=18 main_columns=19 interaction_columns=8 source_bytes=3019898880 pcs_minimum_resident_bytes=6039797760
ETHEREUM_WRAPPER_COMPONENT_PLAN row=31 log_size=15 preprocessed_columns=15 main_columns=14 interaction_columns=4 source_bytes=4325376 pcs_minimum_resident_bytes=8650752
ETHEREUM_WRAPPER_COMPONENT_PLAN row=32 log_size=24 preprocessed_columns=27 main_columns=21 interaction_columns=8 source_bytes=3758096384 pcs_minimum_resident_bytes=7516192768
ETHEREUM_WRAPPER_COMPONENT_PLAN row=33 log_size=15 preprocessed_columns=0 main_columns=46 interaction_columns=8 source_bytes=7077888 pcs_minimum_resident_bytes=14155776
ETHEREUM_WRAPPER_COMPONENT_PLAN row=34 log_size=22 preprocessed_columns=1 main_columns=445 interaction_columns=8 source_bytes=7616856064 pcs_minimum_resident_bytes=15233712128
ETHEREUM_WRAPPER_COMPONENT_PLAN row=35 log_size=16 preprocessed_columns=3 main_columns=1 interaction_columns=4 source_bytes=2097152 pcs_minimum_resident_bytes=4194304
ETHEREUM_WRAPPER_MEMORY_PLAN tree=0 columns=619 source_bytes=7631923712 pcs_minimum_resident_bytes=15263847424 blowup_log=1 coefficient_retention=never
ETHEREUM_WRAPPER_MEMORY_PLAN tree=1 columns=1054 source_bytes=11824971072 pcs_minimum_resident_bytes=23649942144 blowup_log=1 coefficient_retention=never
ETHEREUM_WRAPPER_MEMORY_PLAN tree=2 columns=616 source_bytes=4322642944 pcs_minimum_resident_bytes=8645285888 blowup_log=1 coefficient_retention=never
ETHEREUM_WRAPPER_MEMORY_PLAN total_pcs_minimum_resident_bytes=47559075456 excludes_merkle_witness_composition=true
ETHEREUM_WRAPPER_RESOURCES phase=preprocessed wall_ns=184384740584 lifetime_peak_footprint_bytes=40082339216 current_footprint_bytes=34318537088 source=darwin_proc_pid_rusage_v6
ETHEREUM_WRAPPER_RESOURCES phase=main.allocate wall_ns=9940533209 lifetime_peak_footprint_bytes=40082339216 current_footprint_bytes=34324361880 source=darwin_proc_pid_rusage_v6
ETHEREUM_WRAPPER_RESOURCES phase=main.fill wall_ns=129452268250 lifetime_peak_footprint_bytes=40082339216 current_footprint_bytes=34324427416 source=darwin_proc_pid_rusage_v6
ETHEREUM_WRAPPER_RESOURCES phase=main.commit wall_ns=189564782000 lifetime_peak_footprint_bytes=40082339216 current_footprint_bytes=36479440680 source=darwin_proc_pid_rusage_v6
ETHEREUM_WRAPPER_RESOURCES phase=main wall_ns=328959676833 lifetime_peak_footprint_bytes=40082339216 current_footprint_bytes=36479440680 source=darwin_proc_pid_rusage_v6
ETHEREUM_WRAPPER_RESOURCES phase=interaction wall_ns=242081966333 lifetime_peak_footprint_bytes=42650907848 current_footprint_bytes=38633862512 source=darwin_proc_pid_rusage_v6
ETHEREUM_WRAPPER_RESOURCES phase=stark wall_ns=1053957189292 lifetime_peak_footprint_bytes=44929895816 current_footprint_bytes=31904915840 source=darwin_proc_pid_rusage_v6
ETHEREUM_WRAPPER_PCS_STORAGE backing=file total_mapped_bytes=83441664000 remaining_mapped_bytes=0
ETHEREUM_WRAPPER_CANDIDATE_RETAINED core_verified=true wrapper_admitted=false sha256=9e63bf93ffb16a56e02a6ee396b20a6425b25fe81d8374e14809010f3bd7d6dd bytes=3029026 directory=/Users/theodorepender/Coding/stark-proving-engineering/stwo-zig/.git/local-ethereum/real-wrapper-segment2-devex-v4/corpus/wrapper-candidates
ETHEREUM_ROOT_CANDIDATE path=/Users/theodorepender/Coding/stark-proving-engineering/stwo-zig/.git/local-ethereum/real-wrapper-segment2-devex-v4/corpus/root-candidates/0c772d96071c75d5975e779b922319641f450a0c31ce371b20c4da3ecd00e480 expected_key_sha256=0bfb07fadf11dbce2f21c96bc440efec779cf790443aa43eccdcf03db5989357 independently_verified=false
ETHEREUM_ROLE0_WRAPPER_REPLAY path=/Users/theodorepender/Coding/stark-proving-engineering/stwo-zig/.git/local-ethereum/real-wrapper-segment2-devex-v4/corpus/wrapper-replays/53c5d58c6e70de0543f510bafdc0ebbea8c351d20722cd9e2cc338f35544f4cc bytes=3029026 independently_verified=false
ETHEREUM_INCREMENTAL_ROLE0_PHASE phase=role0_prove source=darwin_proc_pid_rusage_v6 wall_ns=3353460766334 process_cpu_ns=3988430400208 parallelism_milli=1189 peak_footprint_bytes=44929895816 energy_nj=16502939104568 instructions=62322518402716 cycles=15243256351117 workers=1 host_byte_budget=17179869184
ETHEREUM_INCREMENTAL_ROLE0_ALLOCATOR phase=producer-destroyed allocations=0 bytes=0 peak=39428347290 allocated=320589935186 freed=320589935186 untracked=0
ETHEREUM_ROOT_INDEPENDENT serialized=true producer_destroyed=true native_inputs_used=false verified=true request_ns=209692291 verify_ns=119195459 proof_bytes=3028338
ETHEREUM_NATIVE_VERIFICATION workers=1 captures=2 scope=joined
ETHEREUM_INCREMENTAL_ROLE0_MATERIALIZE input_ns=284753625 public_ns=14522674292 transcript_ns=5284270750 profile_ns=69083 program_ns=77237542 prepare_ns=74933458 fri_ns=4000203833 seal_ns=283408542 total_ns=24527553667 nodes=618754 node_bytes=12375080 output_bytes=176 binding_bytes=2815408 schedule_bytes=9177376 evaluation_bytes=9900064 input_bytes=703852 claim_bytes=33712 schedule_compiles=1 graph_copies=0 workers=1
ETHEREUM_WRAPPER_PREPARATION workers=1 phase=cohort-admission tree0_backend=cpu proof_backend=cpu
ETHEREUM_GEOMETRY_PREPARATION phase=begin
ETHEREUM_GEOMETRY_PREPARATION phase=materialized-admission ns=3916533292
ETHEREUM_GEOMETRY_PREPARATION phase=plans-prefix ns=2597723291
ETHEREUM_GEOMETRY_PREPARATION phase=program ns=32065478000
ETHEREUM_GEOMETRY_PREPARATION phase=transcript-rows ns=11335325875
ETHEREUM_GEOMETRY_PREPARATION phase=suffix ns=99552430125
ETHEREUM_GEOMETRY_PREPARATION phase=manifest-projection ns=16470514417
ETHEREUM_GEOMETRY_PREPARATION phase=local-finalization ns=6254200292
ETHEREUM_COHORT_RESOURCES phase=begin wall_ns=1208 source=darwin_proc_pid_rusage_v6 lifetime_peak_footprint_bytes=44929895816 ledger_present=false ledger_mode=compact ledger_len=0 ledger_live_entries=0 ledger_peak_entries=0 ledger_capacity_entries=0 ledger_source_range_contributions=0 ledger_retained_bytes_estimate=0 sampling_unavailable=none
ETHEREUM_COHORT_RESOURCES phase=geometry-ready wall_ns=26463684917 source=darwin_proc_pid_rusage_v6 lifetime_peak_footprint_bytes=44929895816 ledger_present=false ledger_mode=compact ledger_len=0 ledger_live_entries=0 ledger_peak_entries=0 ledger_capacity_entries=0 ledger_source_range_contributions=0 ledger_retained_bytes_estimate=0 sampling_unavailable=none
ETHEREUM_COHORT_RESOURCES phase=prefix-rows wall_ns=13737738208 source=darwin_proc_pid_rusage_v6 lifetime_peak_footprint_bytes=44929895816 ledger_present=false ledger_mode=compact ledger_len=0 ledger_live_entries=0 ledger_peak_entries=0 ledger_capacity_entries=0 ledger_source_range_contributions=0 ledger_retained_bytes_estimate=0 sampling_unavailable=none
ETHEREUM_COHORT_RESOURCES phase=suffix-rows wall_ns=1994897875 source=darwin_proc_pid_rusage_v6 lifetime_peak_footprint_bytes=44929895816 ledger_present=false ledger_mode=compact ledger_len=0 ledger_live_entries=0 ledger_peak_entries=0 ledger_capacity_entries=0 ledger_source_range_contributions=0 ledger_retained_bytes_estimate=0 sampling_unavailable=none
ETHEREUM_COHORT_RESOURCES phase=provider-main wall_ns=22365530917 source=darwin_proc_pid_rusage_v6 lifetime_peak_footprint_bytes=44929895816 ledger_present=false ledger_mode=compact ledger_len=0 ledger_live_entries=0 ledger_peak_entries=0 ledger_capacity_entries=0 ledger_source_range_contributions=0 ledger_retained_bytes_estimate=0 sampling_unavailable=none
ETHEREUM_COHORT_RESOURCES phase=ledger-begin wall_ns=291000 source=darwin_proc_pid_rusage_v6 lifetime_peak_footprint_bytes=44929895816 ledger_present=true ledger_mode=compact ledger_len=0 ledger_live_entries=0 ledger_peak_entries=0 ledger_capacity_entries=0 ledger_source_range_contributions=0 ledger_retained_bytes_estimate=524288 sampling_unavailable=none
ETHEREUM_COHORT_RESOURCES phase=ledger-prefix wall_ns=28783086875 source=darwin_proc_pid_rusage_v6 lifetime_peak_footprint_bytes=44929895816 ledger_present=true ledger_mode=compact ledger_len=68953678 ledger_live_entries=13188208 ledger_peak_entries=13223307 ledger_capacity_entries=56903072 ledger_source_range_contributions=0 ledger_retained_bytes_estimate=2788774816 sampling_unavailable=none
ETHEREUM_COHORT_RESOURCES phase=ledger-suffix wall_ns=6576435416 source=darwin_proc_pid_rusage_v6 lifetime_peak_footprint_bytes=44929895816 ledger_present=true ledger_mode=compact ledger_len=84963552 ledger_live_entries=3177115 ledger_peak_entries=13223307 ledger_capacity_entries=59149536 ledger_source_range_contributions=9443 ledger_retained_bytes_estimate=2898851552 sampling_unavailable=none
ETHEREUM_COHORT_RESOURCES phase=ledger-native wall_ns=45716749500 source=darwin_proc_pid_rusage_v6 lifetime_peak_footprint_bytes=44929895816 ledger_present=true ledger_mode=compact ledger_len=166400087 ledger_live_entries=450 ledger_peak_entries=14331501 ledger_capacity_entries=80154096 ledger_source_range_contributions=9443 ledger_retained_bytes_estimate=3928074992 sampling_unavailable=none
ETHEREUM_COHORT_RESOURCES phase=range-provider wall_ns=1807000 source=darwin_proc_pid_rusage_v6 lifetime_peak_footprint_bytes=44929895816 ledger_present=true ledger_mode=compact ledger_len=166400537 ledger_live_entries=0 ledger_peak_entries=14331501 ledger_capacity_entries=80154096 ledger_source_range_contributions=9443 ledger_retained_bytes_estimate=3928074992 sampling_unavailable=none
ETHEREUM_COHORT_RESOURCES phase=ledger-range wall_ns=3029084 source=darwin_proc_pid_rusage_v6 lifetime_peak_footprint_bytes=44929895816 ledger_present=true ledger_mode=compact ledger_len=166400671 ledger_live_entries=0 ledger_peak_entries=14331501 ledger_capacity_entries=80154096 ledger_source_range_contributions=9443 ledger_retained_bytes_estimate=3928074992 sampling_unavailable=none
ETHEREUM_COHORT_RESOURCES phase=ledger-classified wall_ns=58625 source=darwin_proc_pid_rusage_v6 lifetime_peak_footprint_bytes=44929895816 ledger_present=true ledger_mode=compact ledger_len=166400671 ledger_live_entries=0 ledger_peak_entries=14331501 ledger_capacity_entries=80154096 ledger_source_range_contributions=9443 ledger_retained_bytes_estimate=3928074992 sampling_unavailable=none
ETHEREUM_COHORT_RESOURCES phase=ledger-released wall_ns=5391097041 source=darwin_proc_pid_rusage_v6 lifetime_peak_footprint_bytes=44929895816 ledger_present=false ledger_mode=compact ledger_len=0 ledger_live_entries=0 ledger_peak_entries=0 ledger_capacity_entries=0 ledger_source_range_contributions=0 ledger_retained_bytes_estimate=0 sampling_unavailable=none
ETHEREUM_WRAPPER_PCS_STORAGE backing=file total_mapped_bytes=15264661504 remaining_mapped_bytes=0
ETHEREUM_WRAPPER_RESOURCES phase=tree0.cpu-pcs.commit wall_ns=479124829416 lifetime_peak_footprint_bytes=44929895816 current_footprint_bytes=31868806080 source=darwin_proc_pid_rusage_v6
ETHEREUM_WRAPPER_RESOURCES phase=tree0.cpu-pcs wall_ns=534102091125 lifetime_peak_footprint_bytes=44929895816 current_footprint_bytes=31868806080 source=darwin_proc_pid_rusage_v6
ETHEREUM_WRAPPER_RESOURCES phase=cold.cohort wall_ns=865180780041 lifetime_peak_footprint_bytes=44929895816 current_footprint_bytes=31868806080 source=darwin_proc_pid_rusage_v6
ETHEREUM_WRAPPER_RESOURCES phase=cold.verify wall_ns=623472880834 lifetime_peak_footprint_bytes=44929895816 current_footprint_bytes=31873672176 source=darwin_proc_pid_rusage_v6
ETHEREUM_WRAPPER_RESOURCES phase=cold.graph wall_ns=510400934250 lifetime_peak_footprint_bytes=44929895816 current_footprint_bytes=31902000208 source=darwin_proc_pid_rusage_v6
ETHEREUM_WRAPPER_RESOURCES phase=cold.geometry wall_ns=2272750 lifetime_peak_footprint_bytes=44929895816 current_footprint_bytes=31902000208 source=darwin_proc_pid_rusage_v6
ETHEREUM_WRAPPER_RESOURCES phase=cold.final-validation wall_ns=39696368291 lifetime_peak_footprint_bytes=44929895816 current_footprint_bytes=31905195112 source=darwin_proc_pid_rusage_v6
ETHEREUM_ROLE0_INDEPENDENT_PROOF serialized=true producer_destroyed=true fresh_verifier=true wrapper_verified=true
ETHEREUM_INCREMENTAL_ROLE0_PHASE phase=role0_reopen source=darwin_proc_pid_rusage_v6 wall_ns=2074344685083 process_cpu_ns=1989103391875 parallelism_milli=958 peak_footprint_bytes=44929895816 energy_nj=9149749308407 instructions=28683291449763 cycles=7885045660704 workers=1 host_byte_budget=17179869184
ETHEREUM_WRAPPER_RESOURCES phase=publication.registry wall_ns=1044917 lifetime_peak_footprint_bytes=44929895816 current_footprint_bytes=31905195112 source=darwin_proc_pid_rusage_v6
ETHEREUM_WRAPPER_RESOURCES phase=publication.evidence wall_ns=35404004292 lifetime_peak_footprint_bytes=44929895816 current_footprint_bytes=31905195112 source=darwin_proc_pid_rusage_v6
ETHEREUM_WRAPPER_RESOURCES phase=publication.serialization wall_ns=70455103125 lifetime_peak_footprint_bytes=44929895816 current_footprint_bytes=31905211520 source=darwin_proc_pid_rusage_v6
ETHEREUM_WRAPPER_RESOURCES phase=publication.child-projection wall_ns=140302518625 lifetime_peak_footprint_bytes=44929895816 current_footprint_bytes=31905211520 source=darwin_proc_pid_rusage_v6
ETHEREUM_WRAPPER_RESOURCES phase=publication.mutations wall_ns=254748473583 lifetime_peak_footprint_bytes=44929895816 current_footprint_bytes=31905211520 source=darwin_proc_pid_rusage_v6
ETHEREUM_INCREMENTAL_ROLE0_PHASE phase=role0_postprocess source=darwin_proc_pid_rusage_v6 wall_ns=500911333625 process_cpu_ns=494544148833 parallelism_milli=987 peak_footprint_bytes=44929895816 energy_nj=2224765374061 instructions=6357965897376 cycles=1956091903494 workers=1 host_byte_budget=17179869184
ETHEREUM_INCREMENTAL_ROLE0_RUNTIME peak_allocator_bytes=41676630308
ETHEREUM_INCREMENTAL_ROLE0_ALLOCATOR phase=recursive-owners-deinitialized allocations=17230 bytes=1310519926 peak=41676630308 allocated=609780297689 freed=608469777763 untracked=0
ETHEREUM_INCREMENTAL_ROLE0_ALLOCATOR phase=all-stage102-deinitialized allocations=0 bytes=0 peak=41676630308 allocated=609780297689 freed=609780297689 untracked=0
ETHEREUM_INCREMENTAL_ROLE0_PHASE phase=stage102_cleanup source=darwin_proc_pid_rusage_v6 wall_ns=530052208 process_cpu_ns=194116083 parallelism_milli=366 peak_footprint_bytes=44929895816 energy_nj=588702678 instructions=1477453868 cycles=764576578 workers=1 host_byte_budget=17179869184
ETHEREUM_INCREMENTAL_ROLE0_PHASE phase=total source=darwin_proc_pid_rusage_v6 wall_ns=6324697803625 process_cpu_ns=6854380962834 parallelism_milli=1083 peak_footprint_bytes=44929895816 energy_nj=29442169600648 instructions=102113757419773 cycles=26607223727506 workers=1 host_byte_budget=17179869184

Build Summary: 4/4 steps succeeded; 3/3 tests passed
test-ethereum-complete-proof success
+- Ethereum complete proof lifecycle guard success
   +- run test 3 passed 105m MaxRSS:18G
      +- compile test ReleaseSafe native success 2m MaxRSS:5G

