SEGMENT_V2_LADDER mode=narrow_complete_proof requested_steps=64 native_backend=cpu memory_addresses=1 initial_register7=0
SEGMENT_V2_MEMORY_EXECUTION address_count=1 initial_word=13 segment_cycles=64 cumulative_cycles=64 loads=21 stores=20 distinct_accessed=1 stride_bytes=128 entry_nonzero_words=1 exit_nonzero_words=1 exit_pc=1100
SEGMENT_V2_MEMORY_EXECUTION address_count=1 initial_word=13 segment_cycles=64 cumulative_cycles=128 loads=21 stores=22 distinct_accessed=1 stride_bytes=128 entry_nonzero_words=1 exit_nonzero_words=1 exit_pc=1200
SEGMENT_V2_MEMORY_EXECUTION address_count=1 initial_word=13 segment_cycles=64 cumulative_cycles=192 loads=22 stores=21 distinct_accessed=1 stride_bytes=128 entry_nonzero_words=1 exit_nonzero_words=1 exit_pc=1300
SEGMENT_V2_MEMORY_EXECUTION address_count=1 initial_word=13 segment_cycles=35 cumulative_cycles=227 loads=11 stores=12 distinct_accessed=1 stride_bytes=128 entry_nonzero_words=1 exit_nonzero_words=1 exit_pc=138c
info: Columns: opcode=103 infra=481 total tree1=584 interaction=152
info: Poseidon2 Merkle: 994 exact sparse-node calls, poseidon_log_size=10, merkle_log_size=10
SEGMENT_V2_NATIVE_MEMORY path=temporal segment=0 backend=cpu scope=caller_allocator_payload excludes=size_routed_mmap_and_device producer_peak_bytes=462890460 producer_live_bytes_after_destroy=0 canonical_proof_bytes=1333079 before_fresh_decode=true
SEGMENT_V2_NATIVE_PROFILE profile=protocol_v1 segment=0 queries=193 fold_step=4 pcs_pow_bits=16 interaction_pow_bits=10 prove_ns=1989017750 transport_ns=8339667 verify_ns=428013083 recursive_prepare_ns=820497625 proof_bytes=1333079 transcript_calls=1164 verifier_core_calls=58865 outer_proof_created=false
SEGMENT_V2_DETACHED_GEOMETRY profile=recursive_q193_v1 cohort_ns=1653164500 poseidon_calls=60045 tree0_evaluation_bytes=187176192 tree1_evaluation_bytes=242896640 tree2_evaluation_bytes=110733312 excludes=pcs_expansion_commitments_and_metadata before_tree_allocation=true
SEGMENT_V2_TWO_CHILD_CANDIDATE segment=0 first_cycle=0 retired_cycles=64 completed=false directory=/Users/theodorepender/Coding/stark-proving-engineering/stwo-zig/vectors/reports/riscv-proving-stack-reset-20260908/small-detached-recursion-v1/complete-tree-q193-cpu-4-seed13-air-fusion/leaves/child-0 native_backend=cpu recursive_backend=cpu proof_bytes=2483410 native_ingress_ns=3247400625 outer_prepare_ns=2239976125 outer_prove_ns=4640891875 transaction_ns=10153204333 producer_peak_bytes=2635100966 producer_live_bytes_after_destroy=0 status=unverified_candidate parent_proof_created=false
info: Columns: opcode=85 infra=481 total tree1=566 interaction=136
info: Poseidon2 Merkle: 994 exact sparse-node calls, poseidon_log_size=10, merkle_log_size=10
SEGMENT_V2_NATIVE_MEMORY path=temporal segment=1 backend=cpu scope=caller_allocator_payload excludes=size_routed_mmap_and_device producer_peak_bytes=462878652 producer_live_bytes_after_destroy=0 canonical_proof_bytes=1285640 before_fresh_decode=true
SEGMENT_V2_NATIVE_PROFILE profile=protocol_v1 segment=1 queries=193 fold_step=4 pcs_pow_bits=16 interaction_pow_bits=10 prove_ns=1860011833 transport_ns=8304917 verify_ns=427489917 recursive_prepare_ns=802878333 proof_bytes=1285640 transcript_calls=1104 verifier_core_calls=57900 outer_proof_created=false
SEGMENT_V2_DETACHED_GEOMETRY profile=recursive_q193_v1 cohort_ns=1628066917 poseidon_calls=59019 tree0_evaluation_bytes=187176192 tree1_evaluation_bytes=242896640 tree2_evaluation_bytes=110733312 excludes=pcs_expansion_commitments_and_metadata before_tree_allocation=true
SEGMENT_V2_TWO_CHILD_CANDIDATE segment=1 first_cycle=64 retired_cycles=64 completed=false directory=/Users/theodorepender/Coding/stark-proving-engineering/stwo-zig/vectors/reports/riscv-proving-stack-reset-20260908/small-detached-recursion-v1/complete-tree-q193-cpu-4-seed13-air-fusion/leaves/child-1 native_backend=cpu recursive_backend=cpu proof_bytes=2485445 native_ingress_ns=3100029167 outer_prepare_ns=2205826709 outer_prove_ns=4626469458 transaction_ns=9954983542 producer_peak_bytes=2625622120 producer_live_bytes_after_destroy=0 status=unverified_candidate parent_proof_created=false
info: Columns: opcode=85 infra=481 total tree1=566 interaction=136
info: Poseidon2 Merkle: 994 exact sparse-node calls, poseidon_log_size=10, merkle_log_size=10
SEGMENT_V2_NATIVE_MEMORY path=temporal segment=2 backend=cpu scope=caller_allocator_payload excludes=size_routed_mmap_and_device producer_peak_bytes=462878652 producer_live_bytes_after_destroy=0 canonical_proof_bytes=1293574 before_fresh_decode=true
SEGMENT_V2_NATIVE_PROFILE profile=protocol_v1 segment=2 queries=193 fold_step=4 pcs_pow_bits=16 interaction_pow_bits=10 prove_ns=1918968375 transport_ns=8457292 verify_ns=420467916 recursive_prepare_ns=836528834 proof_bytes=1293574 transcript_calls=1104 verifier_core_calls=57900 outer_proof_created=false
SEGMENT_V2_DETACHED_GEOMETRY profile=recursive_q193_v1 cohort_ns=1634604125 poseidon_calls=59019 tree0_evaluation_bytes=187176192 tree1_evaluation_bytes=242896640 tree2_evaluation_bytes=110733312 excludes=pcs_expansion_commitments_and_metadata before_tree_allocation=true
SEGMENT_V2_TWO_CHILD_CANDIDATE segment=2 first_cycle=128 retired_cycles=64 completed=false directory=/Users/theodorepender/Coding/stark-proving-engineering/stwo-zig/vectors/reports/riscv-proving-stack-reset-20260908/small-detached-recursion-v1/complete-tree-q193-cpu-4-seed13-air-fusion/leaves/child-2 native_backend=cpu recursive_backend=cpu proof_bytes=2490707 native_ingress_ns=3185843916 outer_prepare_ns=2227102333 outer_prove_ns=4315158250 transaction_ns=9766826500 producer_peak_bytes=2625622127 producer_live_bytes_after_destroy=0 status=unverified_candidate parent_proof_created=false
info: Columns: opcode=85 infra=481 total tree1=566 interaction=136
info: Poseidon2 Merkle: 994 exact sparse-node calls, poseidon_log_size=10, merkle_log_size=10
SEGMENT_V2_NATIVE_MEMORY path=temporal segment=3 backend=cpu scope=caller_allocator_payload excludes=size_routed_mmap_and_device producer_peak_bytes=462822460 producer_live_bytes_after_destroy=0 canonical_proof_bytes=1287206 before_fresh_decode=true
SEGMENT_V2_NATIVE_PROFILE profile=protocol_v1 segment=3 queries=193 fold_step=4 pcs_pow_bits=16 interaction_pow_bits=10 prove_ns=1952093750 transport_ns=8605084 verify_ns=433034125 recursive_prepare_ns=837489875 proof_bytes=1287206 transcript_calls=1104 verifier_core_calls=57900 outer_proof_created=false
SEGMENT_V2_DETACHED_GEOMETRY profile=recursive_q193_v1 cohort_ns=1679784292 poseidon_calls=59019 tree0_evaluation_bytes=187176192 tree1_evaluation_bytes=242896640 tree2_evaluation_bytes=110733312 excludes=pcs_expansion_commitments_and_metadata before_tree_allocation=true
SEGMENT_V2_TWO_CHILD_CANDIDATE segment=3 first_cycle=192 retired_cycles=35 completed=true directory=/Users/theodorepender/Coding/stark-proving-engineering/stwo-zig/vectors/reports/riscv-proving-stack-reset-20260908/small-detached-recursion-v1/complete-tree-q193-cpu-4-seed13-air-fusion/leaves/child-3 native_backend=cpu recursive_backend=cpu proof_bytes=2485993 native_ingress_ns=3232851458 outer_prepare_ns=2268724792 outer_prove_ns=4575950333 transaction_ns=10100647125 producer_peak_bytes=2625225498 producer_live_bytes_after_destroy=0 status=unverified_candidate parent_proof_created=false
SEGMENT_V2_TWO_CHILD_PRODUCER status=unverified_candidates native_backend=cpu recursive_backend=cpu owners_destroyed=true parent_proof_created=false
