     Locking 1 package to latest compatible version
   Compiling eth-auth-common v0.1.0 (/Users/theodorepender/code/cryptography/stwo-zig/autoresearch/notes/2026-09-24-ethereum-recursive-comparison/common)
   Compiling eth-auth-stwo v0.1.0 (/Users/theodorepender/code/cryptography/stwo-zig/autoresearch/notes/2026-09-24-ethereum-recursive-comparison/guest-stwo)
    Finished `release` profile [optimized] target(s) in 0.44s
    Updating crates.io index
     Locking 149 packages to latest compatible versions
      Adding generic-array v0.14.7 (available: v0.14.9)
   Compiling proc-macro2 v1.0.107
   Compiling quote v1.0.47
   Compiling unicode-ident v1.0.26
   Compiling libm v0.2.16
   Compiling glob v0.3.4
   Compiling autocfg v1.5.1
   Compiling clang-sys v1.9.1
   Compiling num-traits v0.2.19
   Compiling serde_core v1.0.229
   Compiling prettyplease v0.2.37
   Compiling find-msvc-tools v0.1.13
   Compiling shlex v2.0.1
   Compiling libc v0.2.189
   Compiling version_check v0.9.5
   Compiling generic-array v0.14.7
   Compiling cc v1.4.7
   Compiling syn v3.0.6
   Compiling minimal-lexical v0.2.1
   Compiling cfg-if v1.0.5
   Compiling regex-syntax v0.8.11
   Compiling memchr v2.8.3
   Compiling serde v1.0.229
   Compiling nom v7.1.3
   Compiling regex-automata v0.4.18
   Compiling libloading v0.8.9
   Compiling serde_derive v1.0.229
   Compiling blake3 v1.8.7
   Compiling syn v2.0.119
   Compiling bindgen v0.72.1
   Compiling paste v1.0.15
   Compiling typenum v1.20.1
   Compiling either v1.18.0
   Compiling itertools v0.13.0
   Compiling regex v1.13.1
   Compiling cexpr v0.6.0
   Compiling num-integer v0.1.47
   Compiling rustc-hash v2.1.3
   Compiling shlex v1.3.0
   Compiling bitflags v2.13.2
   Compiling arrayvec v0.7.8
   Compiling constant_time_eq v0.4.2
   Compiling log v0.4.34
   Compiling num-bigint v0.4.8
   Compiling crypto-common v0.1.7
   Compiling block-buffer v0.10.4
   Compiling digest v0.10.7
   Compiling ziskos v1.3.0-alpha (/tmp/stwo-recursion-peer-research-20260921/zisk/ziskos/entrypoint)
   Compiling unty v0.0.4
   Compiling rand_core v0.6.4
   Compiling proofman-fields v1.3.0-alpha
   Compiling rand v0.8.8
   Compiling bincode v2.0.1
   Compiling proofman-verifier v1.3.0-alpha
   Compiling ripemd v0.1.3
   Compiling zisk-verifier v1.3.0-alpha (/tmp/stwo-recursion-peer-research-20260921/zisk/verifier)
   Compiling getrandom v0.2.17
   Compiling zisk-definitions v1.3.0-alpha (/tmp/stwo-recursion-peer-research-20260921/zisk/definitions)
   Compiling eth-auth-common v0.1.0 (/Users/theodorepender/code/cryptography/stwo-zig/autoresearch/notes/2026-09-24-ethereum-recursive-comparison/common)
   Compiling zisk-zkvm-interface v1.3.0-alpha (/tmp/stwo-recursion-peer-research-20260921/zisk/zkvm-interface)
   Compiling eth-auth-zisk v0.1.0 (/Users/theodorepender/code/cryptography/stwo-zig/autoresearch/notes/2026-09-24-ethereum-recursive-comparison/guest-zisk)
    Finished `release` profile [optimized] target(s) in 32.72s
