ETH_AUTH_EXECUTION cycles=140708 keccak=87 recoveries=16 output=010000001000000058fd7193c9c0d6e71780fd4723b240cedf505932233bae1d8e7790c225a9a2b6bd0575ce257a9043d57b5b6074042a8c86ee337744aa6ae620c0836f811b9140
BLAKE3_SEGMENT_LEAF_TIMING proving_ns=6581751584 capture_verification_ns=40641125
BLAKE3_NATIVE_QUERY_FUSION groups=24150 removed_scalars=96600
BLAKE3_NATIVE_FUSION dot4=816799 fma=153728 arithmetic_rows=1435336
       25.70 real        87.21 user         3.33 sys
         34191704064  maximum resident set size
                   0  average shared memory size
                   0  average unshared data size
                   0  average unshared stack size
             3699039  page reclaims
                   0  page faults
                   0  swaps
                   0  block input operations
                   0  block output operations
                   0  messages sent
                   0  messages received
                   0  signals received
                   0  voluntary context switches
               42711  involuntary context switches
       1580637511683  instructions retired
        385023690443  cycles elapsed
         34207285432  peak memory footprint
