2026-09-24T18:22:45.237039Z INFO: Setting up EmuExecClient for ELF 'eth-auth-zisk'
2026-09-24T18:22:45.240758Z INFO: EmuExecClient ready
2026-09-24T18:22:45.240770Z INFO: Running Emu execute
2026-09-24T18:22:45.240783Z INFO: >>> COMPUTE_MINIMAL_TRACE
2026-09-24T18:22:45.255772Z INFO: >>> COUNT
2026-09-24T18:22:45.274451Z INFO: <<< COUNT (18ms)
2026-09-24T18:22:45.274462Z INFO: <<< COMPUTE_MINIMAL_TRACE (33ms)
2026-09-24T18:22:45.274470Z INFO: >>> PLAN_MAIN
2026-09-24T18:22:45.274475Z INFO: <<< PLAN_MAIN (0ms)
2026-09-24T18:22:45.274482Z INFO: >>> PLAN_SECONDARY
2026-09-24T18:22:45.275860Z INFO: <<< PLAN_SECONDARY (1ms)
2026-09-24T18:22:45.275868Z INFO: >>> WAIT_PLAN_MEM_CPP
2026-09-24T18:22:45.275872Z INFO: <<< WAIT_PLAN_MEM_CPP (0ms)
2026-09-24T18:22:45.275875Z INFO: >>> WAIT_ASM_RH
2026-09-24T18:22:45.275878Z INFO: <<< WAIT_ASM_RH (0ms)
{"steps":114192,"execution_ms":35,"plan":[{"airgroup_id":0,"air_id":0,"name":"Main","count":1},{"airgroup_id":0,"air_id":1,"name":"Rom","count":1},{"airgroup_id":0,"air_id":2,"name":"Mem","count":1},{"airgroup_id":0,"air_id":3,"name":"InputData","count":1},{"airgroup_id":0,"air_id":4,"name":"RomData","count":1},{"airgroup_id":0,"air_id":5,"name":"MemAlign","count":1},{"airgroup_id":0,"air_id":13,"name":"Binary","count":1},{"airgroup_id":0,"air_id":22,"name":"BinaryExtension","count":1},{"airgroup_id":0,"air_id":25,"name":"ArithEq","count":1},{"airgroup_id":0,"air_id":36,"name":"Keccakf","count":1},{"airgroup_id":0,"air_id":42,"name":"Dma","count":1},{"airgroup_id":0,"air_id":43,"name":"Dma64Aligned","count":1},{"airgroup_id":0,"air_id":49,"name":"DmaUnaligned","count":1},{"airgroup_id":0,"air_id":50,"name":"DmaPrePost","count":1}],"output_bytes":[1,0,0,0,16,0,0,0,88,253,113,147,201,192,214,231,23,128,253,71,35,178,64,206,223,80,89,50,35,59,174,29,142,119,144,194,37,169,162,182,189,5,117,206,37,122,144,67,213,123,91,96,116,4,42,140,134,238,51,119,68,170,106,230,32,192,131,111,129,27,145,64],"execution_only":true}
        0.08 real         0.28 user         0.02 sys
            43499520  maximum resident set size
                   0  average shared memory size
                   0  average unshared data size
                   0  average unshared stack size
                3257  page reclaims
                   2  page faults
                   0  swaps
                   0  block input operations
                   0  block output operations
                   0  messages sent
                   0  messages received
                   0  signals received
                   0  voluntary context switches
                 802  involuntary context switches
          3132281634  instructions retired
          1285357000  cycles elapsed
            34505280  peak memory footprint
