2026-09-24T18:22:44.722536Z INFO: Setting up EmuExecClient for ELF 'eth-auth-zisk'
2026-09-24T18:22:44.726133Z INFO: EmuExecClient ready
2026-09-24T18:22:44.726145Z INFO: Running Emu execute
2026-09-24T18:22:44.726157Z INFO: >>> COMPUTE_MINIMAL_TRACE
2026-09-24T18:22:44.728729Z INFO: >>> COUNT
2026-09-24T18:22:44.731318Z INFO: <<< COUNT (2ms)
2026-09-24T18:22:44.731328Z INFO: <<< COMPUTE_MINIMAL_TRACE (5ms)
2026-09-24T18:22:44.731336Z INFO: >>> PLAN_MAIN
2026-09-24T18:22:44.731340Z INFO: <<< PLAN_MAIN (0ms)
2026-09-24T18:22:44.731347Z INFO: >>> PLAN_SECONDARY
2026-09-24T18:22:44.732823Z INFO: <<< PLAN_SECONDARY (1ms)
2026-09-24T18:22:44.732831Z INFO: >>> WAIT_PLAN_MEM_CPP
2026-09-24T18:22:44.732834Z INFO: <<< WAIT_PLAN_MEM_CPP (0ms)
2026-09-24T18:22:44.732838Z INFO: >>> WAIT_ASM_RH
2026-09-24T18:22:44.732841Z INFO: <<< WAIT_ASM_RH (0ms)
{"steps":14347,"execution_ms":6,"plan":[{"airgroup_id":0,"air_id":0,"name":"Main","count":1},{"airgroup_id":0,"air_id":1,"name":"Rom","count":1},{"airgroup_id":0,"air_id":2,"name":"Mem","count":1},{"airgroup_id":0,"air_id":3,"name":"InputData","count":1},{"airgroup_id":0,"air_id":4,"name":"RomData","count":1},{"airgroup_id":0,"air_id":5,"name":"MemAlign","count":1},{"airgroup_id":0,"air_id":13,"name":"Binary","count":1},{"airgroup_id":0,"air_id":22,"name":"BinaryExtension","count":1},{"airgroup_id":0,"air_id":25,"name":"ArithEq","count":1},{"airgroup_id":0,"air_id":36,"name":"Keccakf","count":1},{"airgroup_id":0,"air_id":42,"name":"Dma","count":1},{"airgroup_id":0,"air_id":43,"name":"Dma64Aligned","count":1},{"airgroup_id":0,"air_id":49,"name":"DmaUnaligned","count":1},{"airgroup_id":0,"air_id":50,"name":"DmaPrePost","count":1}],"output_bytes":[1,0,0,0,2,0,0,0,211,24,213,72,58,54,17,40,55,145,60,114,12,255,238,136,80,125,185,66,214,227,59,184,67,195,148,212,220,221,248,122,239,174,234,240,95,71,18,76,110,7,43,6,111,33,94,81,171,142,13,201,83,219,122,152,204,125,21,6,196,199,90,237],"execution_only":true}
        0.05 real         0.06 user         0.02 sys
            42926080  maximum resident set size
                   0  average shared memory size
                   0  average unshared data size
                   0  average unshared stack size
                3207  page reclaims
                   2  page faults
                   0  swaps
                   0  block input operations
                   0  block output operations
                   0  messages sent
                   0  messages received
                   0  signals received
                   0  voluntary context switches
                 797  involuntary context switches
          1104983773  instructions retired
           377583131  cycles elapsed
            33948248  peak memory footprint
