    Emulator Running in emulator mode
 Proving Key /tmp/stwo-zisk-guest-e2e-20260924/provingKey
   SNARK Key /Users/theodorepender/.zisk/provingKeySnark

2026-09-24T18:11:22.745084Z INFO: Creating proof context
2026-09-24T18:11:22.745429Z INFO: Using hash function: blake3
2026-09-24T18:11:22.748601Z INFO: >>> INITIALIZING_PROOFMAN
2026-09-24T18:11:24.561978Z INFO: Max prover buffer size: 24.87 GB
2026-09-24T18:11:24.562013Z INFO: Max prover recursive buffer size: 14.92 GB
2026-09-24T18:11:24.562018Z INFO: Max prover recursive1/recursive2 buffer size: 10.12 GB (recursive2 map 9.12 GB + compact witness tail 1.00 GB)
2026-09-24T18:11:24.577406Z INFO: >>> LOADING_FIXED_POLS
2026-09-24T18:11:24.577421Z INFO: <<< LOADING_FIXED_POLS (0ms)
2026-09-24T18:11:24.577434Z INFO: <<< INITIALIZING_PROOFMAN (1828ms)
2026-09-24T18:11:24.577439Z INFO: >>> INIT_PROOFMAN
2026-09-24T18:11:24.577451Z INFO: <<< INIT_PROOFMAN (0ms)
2026-09-24T18:11:24.755751Z INFO: MemoryHandler::Total memory for basic traces: 4.88 GB
2026-09-24T18:11:24.755804Z INFO: Node has 18 cores
2026-09-24T18:11:24.755810Z INFO: Using 4 threads per process based on RAYON_NUM_THREADS environment variable
2026-09-24T18:11:24.874868Z INFO: MemoryHandlerRecursive::Total memory for recursive traces: 3.22 GB = 2 x trace 1.61 GB
2026-09-24T18:11:24.874907Z INFO: SignalValuesPool: 1 x 485.22 MB = 485.22 MB
2026-09-24T18:11:24.874912Z INFO: MemoryHandlerRecursive::circom solve threads per recursive witness: 4
2026-09-24T18:11:25.935990Z INFO: Using 4 threads per witness computation
2026-09-24T18:11:25.981417Z INFO: Computing custom trace ROM
2026-09-24T18:11:27.391356Z INFO: Root hash: [6297070619775730073, 1026296800805284159, 7780163672435755850, 16214750804305671479]
ETH_AUTH_SETUP_COMPLETE seconds=4.680750084
2026-09-24T18:11:27.394391Z INFO: Initializing publics custom_commits
2026-09-24T18:11:27.398511Z INFO: >>> EXECUTE
2026-09-24T18:11:27.404992Z INFO: >>> COMPUTE_MINIMAL_TRACE
2026-09-24T18:11:27.408637Z INFO: >>> COUNT
2026-09-24T18:11:27.409945Z INFO: <<< COUNT (1ms)
2026-09-24T18:11:27.409956Z INFO: <<< COMPUTE_MINIMAL_TRACE (4ms)
2026-09-24T18:11:27.409961Z INFO: >>> PLAN_MAIN
2026-09-24T18:11:27.409965Z INFO: <<< PLAN_MAIN (0ms)
2026-09-24T18:11:27.409970Z INFO: >>> PLAN_SECONDARY
2026-09-24T18:11:27.411360Z INFO: <<< PLAN_SECONDARY (1ms)
2026-09-24T18:11:27.411368Z INFO: >>> WAIT_PLAN_MEM_CPP
2026-09-24T18:11:27.411372Z INFO: <<< WAIT_PLAN_MEM_CPP (0ms)
2026-09-24T18:11:27.411376Z INFO: >>> WAIT_ASM_RH
2026-09-24T18:11:27.411378Z INFO: <<< WAIT_ASM_RH (0ms)
2026-09-24T18:11:27.411849Z INFO: --- PROOF INSTANCES SUMMARY ---
2026-09-24T18:11:27.411861Z INFO: Zisk | ArithEq: 1 | Binary: 1 | BinaryExtension: 1 | Dma: 1 | Dma64Aligned: 1 | DmaPrePost: 1 | DmaUnaligned: 1 | InputData: 1 | Keccakf: 1 | Main: 1 | Mem: 1 | MemAlign: 1 | Rom: 1 | RomData: 1 | VirtualTableZisk0: 1 | VirtualTableZisk1: 1 | Total global instances: 16
2026-09-24T18:11:27.411865Z INFO: --------------------------------
2026-09-24T18:11:27.411874Z INFO: <<< EXECUTE (13ms)
2026-09-24T18:11:27.411896Z INFO: >>> CALCULATING_CONTRIBUTIONS
2026-09-24T18:12:08.714135Z INFO: <<< CALCULATING_CONTRIBUTIONS (41301ms)
2026-09-24T18:12:08.715070Z INFO: ··· Global challenge: [1218802563660876248, 16839606993865480707, 16239418389378574289]
2026-09-24T18:12:08.715089Z INFO: >>> GENERATING_PROOFS
2026-09-24T18:12:08.715094Z INFO: >>> GENERATING_INNER_PROOFS
2026-09-24T18:12:08.715098Z INFO: ··· Witness reuse: 12 traces reclaimed, 12 re-armed for the proofs phase, 1 duplicate dispatches refused, 0 recomputed over a live trace
