2026-09-24T18:22:44.893419Z INFO: Setting up EmuExecClient for ELF 'eth-auth-zisk'
2026-09-24T18:22:44.897075Z INFO: EmuExecClient ready
2026-09-24T18:22:44.897089Z INFO: Running Emu execute
2026-09-24T18:22:44.897103Z INFO: >>> COMPUTE_MINIMAL_TRACE
2026-09-24T18:22:44.902601Z INFO: >>> COUNT
2026-09-24T18:22:44.907605Z INFO: <<< COUNT (5ms)
2026-09-24T18:22:44.907615Z INFO: <<< COMPUTE_MINIMAL_TRACE (10ms)
2026-09-24T18:22:44.907623Z INFO: >>> PLAN_MAIN
2026-09-24T18:22:44.907628Z INFO: <<< PLAN_MAIN (0ms)
2026-09-24T18:22:44.907634Z INFO: >>> PLAN_SECONDARY
2026-09-24T18:22:44.909016Z INFO: <<< PLAN_SECONDARY (1ms)
2026-09-24T18:22:44.909022Z INFO: >>> WAIT_PLAN_MEM_CPP
2026-09-24T18:22:44.909025Z INFO: <<< WAIT_PLAN_MEM_CPP (0ms)
2026-09-24T18:22:44.909028Z INFO: >>> WAIT_ASM_RH
2026-09-24T18:22:44.909031Z INFO: <<< WAIT_ASM_RH (0ms)
{"steps":28621,"execution_ms":11,"plan":[{"airgroup_id":0,"air_id":0,"name":"Main","count":1},{"airgroup_id":0,"air_id":1,"name":"Rom","count":1},{"airgroup_id":0,"air_id":2,"name":"Mem","count":1},{"airgroup_id":0,"air_id":3,"name":"InputData","count":1},{"airgroup_id":0,"air_id":4,"name":"RomData","count":1},{"airgroup_id":0,"air_id":5,"name":"MemAlign","count":1},{"airgroup_id":0,"air_id":13,"name":"Binary","count":1},{"airgroup_id":0,"air_id":22,"name":"BinaryExtension","count":1},{"airgroup_id":0,"air_id":25,"name":"ArithEq","count":1},{"airgroup_id":0,"air_id":36,"name":"Keccakf","count":1},{"airgroup_id":0,"air_id":42,"name":"Dma","count":1},{"airgroup_id":0,"air_id":43,"name":"Dma64Aligned","count":1},{"airgroup_id":0,"air_id":49,"name":"DmaUnaligned","count":1},{"airgroup_id":0,"air_id":50,"name":"DmaPrePost","count":1}],"output_bytes":[1,0,0,0,4,0,0,0,223,111,135,140,126,16,29,176,209,188,132,112,136,122,37,103,187,76,33,6,127,157,15,45,91,208,25,234,51,238,197,174,221,220,2,236,60,124,100,96,200,126,117,105,69,78,104,59,199,76,154,208,155,208,216,36,147,160,145,62,173,169,172,97],"execution_only":true}
        0.05 real         0.09 user         0.02 sys
            42893312  maximum resident set size
                   0  average shared memory size
                   0  average unshared data size
                   0  average unshared stack size
                3189  page reclaims
                   2  page faults
                   0  swaps
                   0  block input operations
                   0  block output operations
                   0  messages sent
                   0  messages received
                   0  signals received
                   0  voluntary context switches
                 959  involuntary context switches
          1397141162  instructions retired
           503303467  cycles elapsed
            33899072  peak memory footprint
