2026-09-24T18:10:32.134416Z INFO: Setting up EmuExecClient for ELF 'eth-auth-zisk'
2026-09-24T18:10:32.138874Z INFO: EmuExecClient ready
2026-09-24T18:10:32.138888Z INFO: Running Emu execute
2026-09-24T18:10:32.138953Z INFO: >>> COMPUTE_MINIMAL_TRACE
2026-09-24T18:10:32.143333Z INFO: >>> COUNT
2026-09-24T18:10:32.145212Z INFO: <<< COUNT (1ms)
2026-09-24T18:10:32.145230Z INFO: <<< COMPUTE_MINIMAL_TRACE (6ms)
2026-09-24T18:10:32.145272Z INFO: >>> PLAN_MAIN
2026-09-24T18:10:32.145287Z INFO: <<< PLAN_MAIN (0ms)
2026-09-24T18:10:32.145307Z INFO: >>> PLAN_SECONDARY
2026-09-24T18:10:32.147037Z INFO: <<< PLAN_SECONDARY (1ms)
2026-09-24T18:10:32.147043Z INFO: >>> WAIT_PLAN_MEM_CPP
2026-09-24T18:10:32.147047Z INFO: <<< WAIT_PLAN_MEM_CPP (0ms)
2026-09-24T18:10:32.147050Z INFO: >>> WAIT_ASM_RH
2026-09-24T18:10:32.147053Z INFO: <<< WAIT_ASM_RH (0ms)
{"steps":7428,"execution_ms":8,"plan":[{"airgroup_id":0,"air_id":0,"name":"Main","count":1},{"airgroup_id":0,"air_id":1,"name":"Rom","count":1},{"airgroup_id":0,"air_id":2,"name":"Mem","count":1},{"airgroup_id":0,"air_id":3,"name":"InputData","count":1},{"airgroup_id":0,"air_id":4,"name":"RomData","count":1},{"airgroup_id":0,"air_id":5,"name":"MemAlign","count":1},{"airgroup_id":0,"air_id":13,"name":"Binary","count":1},{"airgroup_id":0,"air_id":22,"name":"BinaryExtension","count":1},{"airgroup_id":0,"air_id":25,"name":"ArithEq","count":1},{"airgroup_id":0,"air_id":36,"name":"Keccakf","count":1},{"airgroup_id":0,"air_id":42,"name":"Dma","count":1},{"airgroup_id":0,"air_id":43,"name":"Dma64Aligned","count":1},{"airgroup_id":0,"air_id":49,"name":"DmaUnaligned","count":1},{"airgroup_id":0,"air_id":50,"name":"DmaPrePost","count":1}],"output_bytes":[1,0,0,0,1,0,0,0,173,64,246,167,222,158,133,164,40,70,120,248,14,103,133,55,165,165,74,94,139,156,147,118,44,167,197,203,196,212,244,76,177,182,223,116,165,188,163,98,79,245,85,253,77,77,193,22,80,68,33,168,226,251,44,105,248,221,142,87,6,56,174,250],"execution_only":true}
        0.97 real         0.06 user         0.02 sys
            31571968  maximum resident set size
                   0  average shared memory size
                   0  average unshared data size
                   0  average unshared stack size
                2464  page reclaims
                  82  page faults
                   0  swaps
                   0  block input operations
                   0  block output operations
                   0  messages sent
                   0  messages received
                   0  signals received
                  16  voluntary context switches
                 458  involuntary context switches
           959093598  instructions retired
           288181278  cycles elapsed
            22544888  peak memory footprint
