DETACHED_PARENT_PCS_PHASE lane=1 selected_lane_only=true capture_ns=235978500 plans_ns=3243208 authority_ns=537863125 rows_ns=441950500
DETACHED_PARENT_CHILD_PHASE lane=1 prefix_ns=183709 transcript_ns=154833 pcs_ns=1219109958 boundary_ns=8624584 composition_ns=7367500
DETACHED_PARENT_CHILD lane=1 preparation_ns=1235475459
DETACHED_PARENT_PCS_PHASE lane=2 selected_lane_only=true capture_ns=235236042 plans_ns=3271125 authority_ns=530735958 rows_ns=439368042
DETACHED_PARENT_CHILD_PHASE lane=2 prefix_ns=145667 transcript_ns=69667 pcs_ns=1208653791 boundary_ns=8746500 composition_ns=7303542
DETACHED_PARENT_CHILD lane=2 preparation_ns=2460421292
riscv_detached_arithmetic_fusion lane=501 dot4_rows=395 multiply_add_rows=8779
riscv_detached_arithmetic_fusion lane=511 dot4_rows=2616 multiply_add_rows=3495
riscv_detached_arithmetic_fusion lane=412 dot4_rows=105869 multiply_add_rows=32356
riscv_detached_arithmetic_fusion lane=402 dot4_rows=5790 multiply_add_rows=103659
riscv_detached_arithmetic_fusion lane=502 dot4_rows=395 multiply_add_rows=8779
riscv_detached_arithmetic_fusion lane=512 dot4_rows=2616 multiply_add_rows=3495
riscv_detached_arithmetic_fusion lane=413 dot4_rows=105869 multiply_add_rows=32356
riscv_detached_arithmetic_fusion lane=403 dot4_rows=5790 multiply_add_rows=103659
riscv_detached_arithmetic_fusion lane=521 dot4_rows=2592 multiply_add_rows=2612
DETACHED_PARENT_ROW row=0 rows=6378 logical_bytes=306144
DETACHED_PARENT_ROW row=1 rows=2768 logical_bytes=531456
DETACHED_PARENT_ROW row=2 rows=2768 logical_bytes=409664
DETACHED_PARENT_ROW row=3 rows=206 logical_bytes=29664
DETACHED_PARENT_ROW row=4 rows=20496 logical_bytes=1557696
DETACHED_PARENT_ROW row=5 rows=18892 logical_bytes=1586928
DETACHED_PARENT_ROW row=6 rows=4 logical_bytes=1088
DETACHED_PARENT_ROW row=7 rows=4 logical_bytes=240
DETACHED_PARENT_ROW row=8 rows=94 logical_bytes=9400
DETACHED_PARENT_ROW row=9 rows=66 logical_bytes=8448
DETACHED_PARENT_ROW row=10 rows=8 logical_bytes=736
DETACHED_PARENT_ROW row=11 rows=61669 logical_bytes=5673548
DETACHED_PARENT_ROW row=12 rows=0 logical_bytes=0
DETACHED_PARENT_ROW row=13 rows=80125 logical_bytes=3205000
DETACHED_PARENT_ROW row=14 rows=231932 logical_bytes=50097312
DETACHED_PARENT_ROW row=20 rows=386 logical_bytes=114256
DETACHED_PARENT_ROW row=21 rows=6176 logical_bytes=2593920
DETACHED_PARENT_ROW row=22 rows=18 logical_bytes=1368
DETACHED_PARENT_ROW row=23 rows=94956 logical_bytes=33044688
DETACHED_PARENT_ROW row=24 rows=782056 logical_bytes=81333824
DETACHED_PARENT_ROW row=25 rows=23160 logical_bytes=8708160
DETACHED_PARENT_ROW row=26 rows=5790 logical_bytes=972720
DETACHED_PARENT_ROW row=27 rows=1930 logical_bytes=216160
DETACHED_PARENT_ROW row=28 rows=2702 logical_bytes=237776
DETACHED_PARENT_ROW row=29 rows=141326 logical_bytes=16959120
DETACHED_PARENT_ROW row=30 rows=678113 logical_bytes=73236204
DETACHED_PARENT_ROW row=31 rows=36030 logical_bytes=4611840
DETACHED_PARENT_ROW row=32 rows=217792 logical_bytes=44429568
DETACHED_PARENT_ROW row=33 rows=49794 logical_bytes=9162096
DETACHED_PARENT_PREPARATION rows_bytes=339039024 providers=176468 graph_ns=2807551834 snapshot_pending=true
PARENT_MAIN_FINALIZE preflight_ns=313542 main_fill_ns=221508250 source_projection_ns=1354871458 range_fill_ns=751750 closure_ns=194747583
METAL_FRAMEWORK_INTERACTION rows=8192 batches=2 gpu_ms=0.03487499998300336
METAL_FRAMEWORK_INTERACTION rows=4096 batches=3 gpu_ms=0.1039166672853753
METAL_FRAMEWORK_INTERACTION rows=4096 batches=7 gpu_ms=0.12387500100885518
METAL_FRAMEWORK_INTERACTION rows=256 batches=6 gpu_ms=0.10149999798159115
METAL_FRAMEWORK_INTERACTION rows=32768 batches=1 gpu_ms=0.1745000008668285
METAL_FRAMEWORK_INTERACTION rows=32768 batches=1 gpu_ms=0.13162500181351788
METAL_FRAMEWORK_INTERACTION rows=16 batches=1 gpu_ms=0.03925000055460259
METAL_FRAMEWORK_INTERACTION rows=16 batches=1 gpu_ms=0.031958334147930145
METAL_FRAMEWORK_INTERACTION rows=128 batches=9 gpu_ms=0.11962499775108881
METAL_FRAMEWORK_INTERACTION rows=128 batches=5 gpu_ms=0.07974999971338548
METAL_FRAMEWORK_INTERACTION rows=16 batches=3 gpu_ms=0.05066666562925093
METAL_FRAMEWORK_INTERACTION rows=65536 batches=3 gpu_ms=0.13629166642203927
METAL_FRAMEWORK_INTERACTION rows=16 batches=17 gpu_ms=0.22308333427645266
METAL_FRAMEWORK_INTERACTION rows=131072 batches=1 gpu_ms=0.1388749988109339
METAL_FRAMEWORK_INTERACTION rows=262144 batches=5 gpu_ms=0.9052916648215614
METAL_FRAMEWORK_INTERACTION rows=512 batches=17 gpu_ms=0.22358333444572054
METAL_FRAMEWORK_INTERACTION rows=8192 batches=1 gpu_ms=0.07712499791523442
METAL_FRAMEWORK_INTERACTION rows=32 batches=5 gpu_ms=0.06979166573728435
METAL_FRAMEWORK_INTERACTION rows=131072 batches=7 gpu_ms=1.105875002394896
METAL_FRAMEWORK_INTERACTION rows=1048576 batches=4 gpu_ms=8.446125000773463
METAL_FRAMEWORK_INTERACTION rows=32768 batches=7 gpu_ms=0.7114583313523326
METAL_FRAMEWORK_INTERACTION rows=8192 batches=3 gpu_ms=0.20212500021443702
METAL_FRAMEWORK_INTERACTION rows=2048 batches=3 gpu_ms=0.14016666682437062
METAL_FRAMEWORK_INTERACTION rows=4096 batches=2 gpu_ms=0.1442499997210689
METAL_FRAMEWORK_INTERACTION rows=262144 batches=5 gpu_ms=1.1677499969664495
METAL_FRAMEWORK_INTERACTION rows=1048576 batches=2 gpu_ms=3.3020833325281274
METAL_FRAMEWORK_INTERACTION rows=65536 batches=1 gpu_ms=0.26287500077160075
METAL_FRAMEWORK_INTERACTION rows=262144 batches=2 gpu_ms=1.3429999999061693
METAL_FRAMEWORK_INTERACTION rows=65536 batches=2 gpu_ms=0.6191666652739514
PARENT_INTERACTION_FILL preflight_ns=911375 typed_ns=443502125 poseidon_ns=10391583 range_ns=2327625
DETACHED_PARENT_TYPED_DEVICE_INTERACTION components=29 dispatches=116
info: resident framework composition: components=30 groups=13 gpu_ms=8.224
info: resident RISC-V semantic composition: 4 components, 4 kernels, 6.798 ms GPU
info: resident RISC-V lookup composition: 1 components, 1 kernels, 0.409 ms GPU
DETACHED_PARENT_STAGE_PROFILE {"schema_version":1,"runtime":"device","example":"detached-recursive-parent","stages":[{"id":"parent.fixed","label":"Fixed columns and key admission","seconds":0.514136,"children":null},{"id":"parent.main_fill","label":"Main column allocation","seconds":0.023917,"children":null},{"id":"parent.main_finalize","label":"Main filling, range construction and exact lookup closure","seconds":1.774699,"children":null},{"id":"parent.main_commit","label":"Main commitment","seconds":0.468128,"children":null},{"id":"parent.interaction_fill","label":"Transcript and interaction columns","seconds":0.47168,"children":null},{"id":"parent.interaction_commit","label":"Interaction commitment","seconds":0.251969,"children":null},{"id":"parent.components","label":"Typed component assembly","seconds":0.004163,"children":null},{"id":"draw_random_coeff","label":"Draw random coefficient","seconds":0.000002,"children":null},{"id":"composition_trace_extract","label":"Composition trace extract","seconds":0.000013,"children":null},{"id":"composition_evaluation","label":"Composition evaluation","seconds":0.101718,"children":null},{"id":"composition_interpolate_and_split","label":"Composition interpolate and split","seconds":0.001979,"children":null},{"id":"composition_commit","label":"Composition commit","seconds":0.017405,"children":null},{"id":"oods_point_and_mask_points","label":"OODS point and mask points","seconds":0.000115,"children":null},{"id":"sampled_value_evaluation","label":"Sampled-value evaluation","seconds":0.024968,"children":null},{"id":"sampled_value_channel_mix","label":"Sampled-value channel mix","seconds":0.000678,"children":null},{"id":"fri_quotient_build_and_commit","label":"FRI quotient build + commit (lazy)","seconds":0.077781,"children":null},{"id":"proof_of_work","label":"Proof of work","seconds":0.004702,"children":null},{"id":"fri_decommit","label":"FRI decommit","seconds":0.002553,"children":null},{"id":"trace_decommit","label":"Trace decommit","seconds":0.006028,"children":null},{"id":"constraint_check_and_assembly","label":"Constraint check and assembly","seconds":0.000329,"children":null},{"id":"parent.serialize","label":"Canonical proof serialization","seconds":0.008561,"children":null}]}
DETACHED_PARENT_METAL dispatches=235 poseidon_commits=9 cpu_fallbacks=0 host_composition_components=0 pow_dispatches=2 runtime_released=true manifest_sha256=d3c68ca5dcfdb83c885c4bb81c6ba86cdc5501f1b8b4e19ba6f51fc3aa049899 profile=recursive_framework_v1 framework_dispatches=30
{"endpoint":"segment_v2_detached_two_child_parent_candidate_q193","profile":"tiny-parent-root-v2","publication_mode":"root","proof_profile":"recursive_q193_v1","status":"unverified_candidate","verified":false,"development_only":true,"child_owners_destroyed":true,"producer_destroyed":true,"reused_admitted_parent_key":true,"child_key_sha256":[[214,60,24,215,93,161,32,69,64,54,137,18,21,60,2,66,153,247,215,93,214,71,196,191,90,67,15,158,29,129,78,111],[52,101,122,252,71,235,220,44,62,42,22,241,149,244,116,88,217,46,134,5,126,45,114,83,188,229,65,201,61,128,30,25]],"artifacts":{"key_sha256":[43,54,70,56,122,217,160,216,106,50,230,24,28,117,174,240,148,190,170,244,129,176,88,11,208,6,252,73,206,8,110,12],"claims_sha256":[49,178,150,212,209,141,148,238,219,93,40,66,239,70,211,225,229,134,73,248,37,59,245,119,205,108,37,34,142,53,78,179],"proof_sha256":[146,45,152,84,36,75,24,7,249,118,40,193,15,14,143,169,78,251,221,88,53,171,159,248,209,106,237,27,129,185,188,187],"proof_bytes":2297319},"candidate_root_words_sha256":[189,249,149,127,224,29,110,114,200,174,151,175,231,135,81,130,99,197,157,73,129,224,15,210,38,249,188,185,180,245,88,172],"circuit_identity":[71,179,224,242,26,78,39,100,147,248,87,173,160,231,54,27,230,179,68,85,24,188,217,151,168,142,210,196,246,195,105,67],"preparation_ns":2981602667,"key_preparation_ns":514133750,"proof_ns":3286465417,"request_ns":6949861542}
