
Build Summary: 24/24 steps succeeded; 12/12 tests passed
test-blake3-hash success
+- BLAKE3 hash graph guard success
   +- run test 5 passed 646ms MaxRSS:31M
      +- compile test ReleaseSafe native success 8s MaxRSS:678M
test-blake3-frame-witness success
+- BLAKE3 frame witness guard success
   +- run test 1 passed 1s MaxRSS:4M
      +- compile test ReleaseSafe native success 4s MaxRSS:531M
test-blake3-transcript-plan success
+- BLAKE3 transcript plan guard success
   +- run test 2 passed 4s MaxRSS:8M
      +- compile test ReleaseSafe native success 5s MaxRSS:563M
test-blake3-draw success
+- BLAKE3 ordered draw guard success
   +- run test 2 passed 2s MaxRSS:2M
      +- compile test ReleaseSafe native success 5s MaxRSS:540M
test-blake3-bounded-draw success
+- BLAKE3 bounded draw guard success
   +- run test 1 passed 1s MaxRSS:3M
      +- compile test ReleaseSafe native success 4s MaxRSS:502M
test-blake3-query-batch success
+- BLAKE3 query batch guard success
   +- run test 1 passed 1s MaxRSS:3M
      +- compile test ReleaseSafe native success 4s MaxRSS:485M

