1/7 blake3_metal_qualification_test_root.test.Metal compact canonical native BLAKE3 parent matches CPU qualification...CANONICAL_PARENT_ALLOCATOR mode=smp
BLAKE3_EXECUTION_STAGE_PROFILE {"schema_version":1,"runtime":"native","example":"blake3-execution","stages":[{"id":"execution.fixed","label":"Admission and fixed commitment","seconds":0.026624,"children":null},{"id":"execution.main","label":"Main commitment","seconds":0.02449,"children":null},{"id":"execution.native_interaction","label":"Native interaction generation","seconds":0.009772,"children":null},{"id":"execution.hash_interaction","label":"Hash interaction generation","seconds":0.006736,"children":null},{"id":"execution.interaction_commit","label":"Interaction closure and commitment","seconds":0.033943,"children":null},{"id":"execution.core","label":"Core STARK proof","seconds":6.304614,"children":[{"id":"draw_random_coeff","label":"Draw random coefficient","seconds":0,"children":null},{"id":"composition_trace_extract","label":"Composition trace extract","seconds":0.000005,"children":null},{"id":"composition_evaluation","label":"Composition evaluation","seconds":0.053968,"children":null},{"id":"composition_interpolate_and_split","label":"Composition interpolate and split","seconds":0.004098,"children":null},{"id":"composition_commit","label":"Composition commit","seconds":0.067096,"children":null},{"id":"oods_point_and_mask_points","label":"OODS point and mask points","seconds":0.000091,"children":null},{"id":"sampled_value_evaluation","label":"Sampled-value evaluation","seconds":0.012586,"children":null},{"id":"sampled_value_channel_mix","label":"Sampled-value channel mix","seconds":0.000024,"children":null},{"id":"fri_quotient_build_and_commit","label":"FRI quotient build + commit (lazy)","seconds":0.162803,"children":null},{"id":"proof_of_work","label":"Proof of work","seconds":6.000768,"children":null},{"id":"fri_decommit","label":"FRI decommit","seconds":0.001036,"children":null},{"id":"trace_decommit","label":"Trace decommit","seconds":0.00028,"children":null},{"id":"constraint_check_and_assembly","label":"Constraint check and assembly","seconds":0.000115,"children":null}]}]}
BLAKE3_EXTENSION_REPLAY composition=true deep=true transcript=true changed_claim_rejected=true
PARENT_PREPARATION phase=validate ns=389250 thread=3567239
PARENT_PREPARATION phase=composition ns=1462625 thread=3567239
PARENT_PREPARATION phase=deep ns=17568125 thread=3567239
PARENT_PREPARATION phase=fri ns=20401333 thread=3567239
PARENT_PREPARATION phase=transcript_plan ns=7151083 thread=3567239
PARENT_PREPARATION phase=payloads ns=4491625 thread=3567239
PARENT_PREPARATION phase=challenges ns=6944542 thread=3567239
PARENT_PREPARATION phase=terminal ns=4269500 thread=3567239
PARENT_PREPARATION phase=queries ns=7002958 thread=3567239
PARENT_PREPARATION phase=roots ns=1952084 thread=3567239
BLAKE3_HASH_METADATA g_rows=2444008 xor_rows=698288 full_row_bytes=1301608832 compact_bytes=173175424 removed_bytes=1128433408
PARENT_PREPARATION phase=hash_columns ns=70907791 thread=3567239
PARENT_PREPARATION phase=transcript ns=44589542 thread=3567239
BLAKE3_PATH_PLAN_REUSE openings=1540 graph_builds=6 retained_plans=2
BLAKE3_TRUSTED_PATH_METADATA full_row_bytes=1281835520 compact_bytes=170544640 removed_bytes=1111290880
PARENT_PATH_PREPARATION openings=1540 other_ns=35119414 live_ns=2455370659 trusted_ns=66952640 append_ns=77882120 thread=3567239
PARENT_PREPARATION phase=paths ns=2635364750 thread=3567239
PARENT_PREPARATION phase=path_reads ns=2777417 thread=3567239
PARENT_PREPARATION phase=openings ns=5862666 thread=3567239
BLAKE3_NATIVE_QUERY_FUSION groups=9170 removed_scalars=36680
BLAKE3_NATIVE_FUSION dot4=19613 fma=59551 arithmetic_rows=171628
PARENT_PREPARATION phase=assemble ns=168384167 thread=3567239
PARENT_PREPARATION phase=teardown ns=5205041 thread=3567239
PARENT_PREPARATION phase=validate ns=408667 thread=3567651
PARENT_PREPARATION phase=validate ns=397917 thread=3567653
PARENT_PREPARATION phase=composition ns=1520041 thread=3567653
PARENT_PREPARATION phase=deep ns=17598834 thread=3567653
PARENT_PREPARATION phase=fri ns=20413208 thread=3567653
PARENT_PREPARATION phase=transcript_plan ns=7187083 thread=3567653
PARENT_PREPARATION phase=payloads ns=4546500 thread=3567653
PARENT_PREPARATION phase=challenges ns=6967542 thread=3567653
PARENT_PREPARATION phase=terminal ns=4260042 thread=3567653
PARENT_PREPARATION phase=queries ns=6946500 thread=3567653
PARENT_PREPARATION phase=roots ns=1925125 thread=3567653
BLAKE3_HASH_METADATA g_rows=2444008 xor_rows=698288 full_row_bytes=1301608832 compact_bytes=173175424 removed_bytes=1128433408
PARENT_PREPARATION phase=hash_columns ns=72959708 thread=3567653
PARENT_PREPARATION phase=transcript ns=94060583 thread=3567653
BLAKE3_PATH_PLAN_REUSE openings=1540 graph_builds=6 retained_plans=2
BLAKE3_TRUSTED_PATH_METADATA full_row_bytes=1281835520 compact_bytes=170544640 removed_bytes=1111290880
PARENT_PATH_PREPARATION openings=1540 other_ns=43857699 live_ns=3559819617 trusted_ns=72409959 append_ns=139235475 thread=3567653
PARENT_PREPARATION phase=paths ns=3815345917 thread=3567653
PARENT_PREPARATION phase=path_reads ns=2829208 thread=3567653
PARENT_PREPARATION phase=openings ns=5761875 thread=3567653
BLAKE3_NATIVE_QUERY_FUSION groups=9170 removed_scalars=36680
BLAKE3_NATIVE_FUSION dot4=19613 fma=59551 arithmetic_rows=171628
PARENT_PREPARATION phase=assemble ns=183732375 thread=3567653
PARENT_PREPARATION phase=teardown ns=5800208 thread=3567653
PARENT_PREPARATION phase=validate ns=410500 thread=3567653
PARENT_PREPARATION phase=composition ns=1496291 thread=3567653
PARENT_PREPARATION phase=deep ns=18220417 thread=3567653
PARENT_PREPARATION phase=fri ns=21147750 thread=3567653
PARENT_PREPARATION phase=transcript_plan ns=9421042 thread=3567653
PARENT_PREPARATION phase=payloads ns=5658000 thread=3567653
PARENT_PREPARATION phase=challenges ns=9460958 thread=3567653
PARENT_PREPARATION phase=terminal ns=4671375 thread=3567653
PARENT_PREPARATION phase=queries ns=7615750 thread=3567653
PARENT_PREPARATION phase=roots ns=2245500 thread=3567653
BLAKE3_HASH_METADATA g_rows=2444008 xor_rows=698288 full_row_bytes=1301608832 compact_bytes=173175424 removed_bytes=1128433408
PARENT_PREPARATION phase=hash_columns ns=85430000 thread=3567653
PARENT_PREPARATION phase=transcript ns=118396917 thread=3567653
METAL_STREAM_LEAVES columns=453 log=23 tile_log=17 scratch_bytes=67108864 working_bytes=54525952 dispatches=576 overlap=true gpu_ms=70.835
METAL_FRAMEWORK_INTERACTION rows=4194304 batches=31 gpu_ms=126.51416668086313
METAL_FRAMEWORK_INTERACTION rows=1048576 batches=4 gpu_ms=7.583750004414469
METAL_FRAMEWORK_INTERACTION rows=1048576 batches=1 gpu_ms=2.155333320843056
METAL_FRAMEWORK_INTERACTION rows=1048576 batches=2 gpu_ms=5.903416662476957
METAL_FRAMEWORK_INTERACTION rows=262144 batches=2 gpu_ms=1.218374993186444
METAL_STREAM_LEAVES columns=468 log=23 tile_log=17 scratch_bytes=67108864 working_bytes=54525952 dispatches=640 overlap=true gpu_ms=60.982
METAL_FRAMEWORK_COMPOSITION components=5 groups=3 gpu_ms=246.745
BLAKE3_PATH_PLAN_REUSE openings=1540 graph_builds=6 retained_plans=2
BLAKE3_TRUSTED_PATH_METADATA full_row_bytes=1281835520 compact_bytes=170544640 removed_bytes=1111290880
PARENT_PATH_PREPARATION openings=1540 other_ns=54133910 live_ns=3924368272 trusted_ns=82893097 append_ns=175486762 thread=3567653
PARENT_PREPARATION phase=paths ns=4236920250 thread=3567653
PARENT_PREPARATION phase=path_reads ns=3026541 thread=3567653
PARENT_PREPARATION phase=openings ns=6010125 thread=3567653
METAL_HOST_BARYCENTRIC staging_bytes=67108864 commands=198 columns=1285 points=22 gpu_ms=113.657
BLAKE3_NATIVE_QUERY_FUSION groups=9170 removed_scalars=36680
BLAKE3_NATIVE_FUSION dot4=19613 fma=59551 arithmetic_rows=171628
PARENT_PREPARATION phase=assemble ns=205963958 thread=3567653
PARENT_PREPARATION phase=teardown ns=8088750 thread=3567653
BLAKE3_PARENT_STAGE_PROFILE {"schema_version":1,"runtime":"native","example":"blake3-recursive-parent","stages":[{"id":"parent.validation","label":"Authenticated row validation","seconds":0.032745,"children":null},{"id":"parent.main_setup","label":"Main columns and lookup counts","seconds":0.515955,"children":null},{"id":"parent.main_commit","label":"Main commitment","seconds":1.071715,"children":null},{"id":"parent.interaction_generation","label":"Interaction generation","seconds":0.732732,"children":null},{"id":"parent.interaction_commit","label":"Interaction commitment","seconds":0.925386,"children":null},{"id":"parent.core","label":"Core STARK proof","seconds":1.695849,"children":[{"id":"draw_random_coeff","label":"Draw random coefficient","seconds":0.000001,"children":null},{"id":"composition_trace_extract","label":"Composition trace extract","seconds":0.000003,"children":null},{"id":"composition_evaluation","label":"Composition evaluation","seconds":0.756551,"children":null},{"id":"composition_interpolate_and_split","label":"Composition interpolate and split","seconds":0.03189,"children":null},{"id":"composition_commit","label":"Composition commit","seconds":0.12539,"children":null},{"id":"oods_point_and_mask_points","label":"OODS point and mask points","seconds":0.000066,"children":null},{"id":"sampled_value_evaluation","label":"Sampled-value evaluation","seconds":0.376937,"children":null},{"id":"sampled_value_channel_mix","label":"Sampled-value channel mix","seconds":0.000038,"children":null},{"id":"fri_quotient_build_and_commit","label":"FRI quotient build + commit (lazy)","seconds":0.300775,"children":null},{"id":"proof_of_work","label":"Proof of work","seconds":0.01261,"children":null},{"id":"fri_decommit","label":"FRI decommit","seconds":0.003209,"children":null},{"id":"trace_decommit","label":"Trace decommit","seconds":0.022923,"children":null},{"id":"constraint_check_and_assembly","label":"Constraint check and assembly","seconds":0.000087,"children":null}]}]}
METAL_STREAM_LEAVES columns=453 log=23 tile_log=17 scratch_bytes=67108864 working_bytes=54525952 dispatches=576 overlap=true gpu_ms=61.366
METAL_FRAMEWORK_INTERACTION rows=4194304 batches=31 gpu_ms=128.47200001124293
METAL_FRAMEWORK_INTERACTION rows=1048576 batches=4 gpu_ms=8.403999992879108
METAL_FRAMEWORK_INTERACTION rows=1048576 batches=1 gpu_ms=2.100875019095838
METAL_FRAMEWORK_INTERACTION rows=1048576 batches=2 gpu_ms=6.039875006536022
METAL_FRAMEWORK_INTERACTION rows=262144 batches=2 gpu_ms=1.2186249950900674
METAL_STREAM_LEAVES columns=468 log=23 tile_log=17 scratch_bytes=67108864 working_bytes=54525952 dispatches=640 overlap=true gpu_ms=75.662
METAL_FRAMEWORK_COMPOSITION components=5 groups=3 gpu_ms=243.249
METAL_HOST_BARYCENTRIC staging_bytes=67108864 commands=198 columns=1285 points=22 gpu_ms=76.219
BLAKE3_PARENT_STAGE_PROFILE {"schema_version":1,"runtime":"native","example":"blake3-recursive-parent","stages":[{"id":"parent.validation","label":"Authenticated row validation","seconds":0.03569,"children":null},{"id":"parent.main_setup","label":"Main columns and lookup counts","seconds":0.503244,"children":null},{"id":"parent.main_commit","label":"Main commitment","seconds":1.026346,"children":null},{"id":"parent.interaction_generation","label":"Interaction generation","seconds":0.707945,"children":null},{"id":"parent.interaction_commit","label":"Interaction commitment","seconds":0.900858,"children":null},{"id":"parent.core","label":"Core STARK proof","seconds":1.410221,"children":[{"id":"draw_random_coeff","label":"Draw random coefficient","seconds":0.000001,"children":null},{"id":"composition_trace_extract","label":"Composition trace extract","seconds":0.000002,"children":null},{"id":"composition_evaluation","label":"Composition evaluation","seconds":0.667899,"children":null},{"id":"composition_interpolate_and_split","label":"Composition interpolate and split","seconds":0.011152,"children":null},{"id":"composition_commit","label":"Composition commit","seconds":0.038493,"children":null},{"id":"oods_point_and_mask_points","label":"OODS point and mask points","seconds":0.000057,"children":null},{"id":"sampled_value_evaluation","label":"Sampled-value evaluation","seconds":0.311418,"children":null},{"id":"sampled_value_channel_mix","label":"Sampled-value channel mix","seconds":0.000037,"children":null},{"id":"fri_quotient_build_and_commit","label":"FRI quotient build + commit (lazy)","seconds":0.280229,"children":null},{"id":"proof_of_work","label":"Proof of work","seconds":0.012375,"children":null},{"id":"fri_decommit","label":"FRI decommit","seconds":0.003019,"children":null},{"id":"trace_decommit","label":"Trace decommit","seconds":0.021893,"children":null},{"id":"constraint_check_and_assembly","label":"Constraint check and assembly","seconds":0.000074,"children":null}]}]}
CANONICAL_PIPELINE_ARTIFACT index=0 sha256=87eacb69ec7dcf9d5aad70f4f36ff5ac8839bf78366fb11e7ac20da38755ce7b bytes=857591 independently_verified=true
CANONICAL_PIPELINE_ARTIFACT index=1 sha256=87eacb69ec7dcf9d5aad70f4f36ff5ac8839bf78366fb11e7ac20da38755ce7b bytes=857591 independently_verified=true
CANONICAL_EXECUTION_PIPELINE mode=overlapped jobs=2 workers=8 cpu_tokens=9 reserved_bytes=56523834968 wall_ns=13836681250 overlap_ns=4744216292 worker_peak_bytes=11994253102 worker_limit_bytes=25769803776 child_queries=70 child_pow_bits=26 parent_queries=70 parent_pow_bits=26 plan_reused=true outputs_outlive_worker=true independently_verified=true
CANONICAL_PIPELINE_SPAN run=0 index=0 prepare_start=11833 prepare_end=4252283250 prove_start=4252294791 prove_end=9226760250
CANONICAL_PIPELINE_SPAN run=0 index=1 prepare_start=4252286833 prepare_end=8996511083 prove_start=9239622833 prove_end=13823997166
COMPACT_RECURSIVE_PARENT child_queries=70 child_pow_bits=26 parent_queries=70 parent_pow_bits=26 independently_verified=true
COMPACT_BASE_PROOF queries=70 pow_bits=26 bytes=483375 independently_verified=true
OK
2/7 runner.mod.test_0...OK
3/7 runner.decode.test_0...OK
4/7 air.memory_commitment.poseidon2_air.test_0...OK
5/7 air.semantic_eval.test_0...OK
6/7 air.lookups.tables.source_ingest.test_0...OK
7/7 diagnostics.mod.test_0...OK
All 7 tests passed.
       24.17 real        35.75 user         5.75 sys
         25904824320  maximum resident set size
                   0  average shared memory size
                   0  average unshared data size
                   0  average unshared stack size
             4968030  page reclaims
                   0  page faults
                   0  swaps
                   0  block input operations
                   0  block output operations
                   0  messages sent
                   0  messages received
                   0  signals received
                   0  voluntary context switches
               22855  involuntary context switches
        468928545918  instructions retired
        177031576744  cycles elapsed
         32767607536  peak memory footprint
