1/7 blake3_metal_qualification_test_root.test.Metal compact canonical native BLAKE3 parent matches CPU qualification...CANONICAL_PARENT_ALLOCATOR mode=smp
BLAKE3_EXECUTION_STAGE_PROFILE {"schema_version":1,"runtime":"native","example":"blake3-execution","stages":[{"id":"execution.fixed","label":"Admission and fixed commitment","seconds":0.026685,"children":null},{"id":"execution.main","label":"Main commitment","seconds":0.027276,"children":null},{"id":"execution.native_interaction","label":"Native interaction generation","seconds":0.009825,"children":null},{"id":"execution.hash_interaction","label":"Hash interaction generation","seconds":0.00682,"children":null},{"id":"execution.interaction_commit","label":"Interaction closure and commitment","seconds":0.033075,"children":null},{"id":"execution.core","label":"Core STARK proof","seconds":6.308876,"children":[{"id":"draw_random_coeff","label":"Draw random coefficient","seconds":0,"children":null},{"id":"composition_trace_extract","label":"Composition trace extract","seconds":0.00001,"children":null},{"id":"composition_evaluation","label":"Composition evaluation","seconds":0.053661,"children":null},{"id":"composition_interpolate_and_split","label":"Composition interpolate and split","seconds":0.004101,"children":null},{"id":"composition_commit","label":"Composition commit","seconds":0.067273,"children":null},{"id":"oods_point_and_mask_points","label":"OODS point and mask points","seconds":0.0001,"children":null},{"id":"sampled_value_evaluation","label":"Sampled-value evaluation","seconds":0.012659,"children":null},{"id":"sampled_value_channel_mix","label":"Sampled-value channel mix","seconds":0.000025,"children":null},{"id":"fri_quotient_build_and_commit","label":"FRI quotient build + commit (lazy)","seconds":0.16406,"children":null},{"id":"proof_of_work","label":"Proof of work","seconds":6.00347,"children":null},{"id":"fri_decommit","label":"FRI decommit","seconds":0.001135,"children":null},{"id":"trace_decommit","label":"Trace decommit","seconds":0.000276,"children":null},{"id":"constraint_check_and_assembly","label":"Constraint check and assembly","seconds":0.000191,"children":null}]}]}
BLAKE3_EXTENSION_REPLAY composition=true deep=true transcript=true changed_claim_rejected=true
PARENT_PREPARATION phase=validate ns=426959 thread=3566138
PARENT_PREPARATION phase=composition ns=1524625 thread=3566138
PARENT_PREPARATION phase=deep ns=17478916 thread=3566138
PARENT_PREPARATION phase=fri ns=20502209 thread=3566138
PARENT_PREPARATION phase=transcript_plan ns=7292750 thread=3566138
PARENT_PREPARATION phase=payloads ns=4480333 thread=3566138
PARENT_PREPARATION phase=challenges ns=7071875 thread=3566138
PARENT_PREPARATION phase=terminal ns=4375875 thread=3566138
PARENT_PREPARATION phase=queries ns=7017375 thread=3566138
PARENT_PREPARATION phase=roots ns=1962000 thread=3566138
BLAKE3_HASH_METADATA g_rows=2444008 xor_rows=698288 full_row_bytes=1301608832 compact_bytes=173175424 removed_bytes=1128433408
PARENT_PREPARATION phase=hash_columns ns=69529958 thread=3566138
PARENT_PREPARATION phase=transcript ns=29428500 thread=3566138
BLAKE3_PATH_PLAN_REUSE openings=1540 graph_builds=6 retained_plans=2
BLAKE3_TRUSTED_PATH_METADATA full_row_bytes=1281835520 compact_bytes=170544640 removed_bytes=1111290880
PARENT_PATH_PREPARATION openings=1540 other_ns=38295332 live_ns=1579335294 trusted_ns=63413154 append_ns=70032762 thread=3566138
PARENT_PREPARATION phase=paths ns=1751124875 thread=3566138
PARENT_PREPARATION phase=path_reads ns=2767584 thread=3566138
PARENT_PREPARATION phase=openings ns=5763291 thread=3566138
BLAKE3_NATIVE_QUERY_FUSION groups=9170 removed_scalars=36680
BLAKE3_NATIVE_FUSION dot4=19613 fma=59551 arithmetic_rows=171628
PARENT_PREPARATION phase=assemble ns=157781375 thread=3566138
PARENT_PREPARATION phase=teardown ns=5340125 thread=3566138
PARENT_PREPARATION phase=validate ns=444625 thread=3566517
PARENT_PREPARATION phase=validate ns=424167 thread=3566519
PARENT_PREPARATION phase=composition ns=1553333 thread=3566519
PARENT_PREPARATION phase=deep ns=17621333 thread=3566519
PARENT_PREPARATION phase=fri ns=20351375 thread=3566519
PARENT_PREPARATION phase=transcript_plan ns=7070834 thread=3566519
PARENT_PREPARATION phase=payloads ns=4474458 thread=3566519
PARENT_PREPARATION phase=challenges ns=6882833 thread=3566519
PARENT_PREPARATION phase=terminal ns=4449000 thread=3566519
PARENT_PREPARATION phase=queries ns=7101125 thread=3566519
PARENT_PREPARATION phase=roots ns=1960625 thread=3566519
BLAKE3_HASH_METADATA g_rows=2444008 xor_rows=698288 full_row_bytes=1301608832 compact_bytes=173175424 removed_bytes=1128433408
PARENT_PREPARATION phase=hash_columns ns=71390875 thread=3566519
PARENT_PREPARATION phase=transcript ns=60813292 thread=3566519
BLAKE3_PATH_PLAN_REUSE openings=1540 graph_builds=6 retained_plans=2
BLAKE3_TRUSTED_PATH_METADATA full_row_bytes=1281835520 compact_bytes=170544640 removed_bytes=1111290880
PARENT_PATH_PREPARATION openings=1540 other_ns=43261243 live_ns=1604422207 trusted_ns=64657338 append_ns=145649879 thread=3566519
PARENT_PREPARATION phase=paths ns=1858022708 thread=3566519
PARENT_PREPARATION phase=path_reads ns=2756167 thread=3566519
PARENT_PREPARATION phase=openings ns=5817167 thread=3566519
BLAKE3_NATIVE_QUERY_FUSION groups=9170 removed_scalars=36680
BLAKE3_NATIVE_FUSION dot4=19613 fma=59551 arithmetic_rows=171628
PARENT_PREPARATION phase=assemble ns=189073083 thread=3566519
PARENT_PREPARATION phase=teardown ns=6543334 thread=3566519
PARENT_PREPARATION phase=validate ns=430833 thread=3566519
PARENT_PREPARATION phase=composition ns=1528542 thread=3566519
PARENT_PREPARATION phase=deep ns=18154833 thread=3566519
PARENT_PREPARATION phase=fri ns=21033792 thread=3566519
PARENT_PREPARATION phase=transcript_plan ns=9890625 thread=3566519
PARENT_PREPARATION phase=payloads ns=4946000 thread=3566519
PARENT_PREPARATION phase=challenges ns=8361958 thread=3566519
PARENT_PREPARATION phase=terminal ns=6243250 thread=3566519
PARENT_PREPARATION phase=queries ns=7863542 thread=3566519
PARENT_PREPARATION phase=roots ns=2213583 thread=3566519
BLAKE3_HASH_METADATA g_rows=2444008 xor_rows=698288 full_row_bytes=1301608832 compact_bytes=173175424 removed_bytes=1128433408
PARENT_PREPARATION phase=hash_columns ns=86436917 thread=3566519
PARENT_PREPARATION phase=transcript ns=97560625 thread=3566519
METAL_STREAM_LEAVES columns=453 log=23 tile_log=17 scratch_bytes=67108864 working_bytes=54525952 dispatches=576 overlap=true gpu_ms=58.902
METAL_FRAMEWORK_INTERACTION rows=4194304 batches=31 gpu_ms=128.12129166559316
METAL_FRAMEWORK_INTERACTION rows=1048576 batches=4 gpu_ms=7.540874998085201
METAL_FRAMEWORK_INTERACTION rows=1048576 batches=1 gpu_ms=2.015375008340925
METAL_FRAMEWORK_INTERACTION rows=1048576 batches=2 gpu_ms=2.685249986825511
METAL_FRAMEWORK_INTERACTION rows=262144 batches=2 gpu_ms=0.5382916715461761
BLAKE3_PATH_PLAN_REUSE openings=1540 graph_builds=6 retained_plans=2
BLAKE3_TRUSTED_PATH_METADATA full_row_bytes=1281835520 compact_bytes=170544640 removed_bytes=1111290880
PARENT_PATH_PREPARATION openings=1540 other_ns=54882059 live_ns=1790490600 trusted_ns=77719850 append_ns=164029157 thread=3566519
PARENT_PREPARATION phase=paths ns=2087173167 thread=3566519
PARENT_PREPARATION phase=path_reads ns=2892916 thread=3566519
PARENT_PREPARATION phase=openings ns=6274917 thread=3566519
BLAKE3_NATIVE_QUERY_FUSION groups=9170 removed_scalars=36680
BLAKE3_NATIVE_FUSION dot4=19613 fma=59551 arithmetic_rows=171628
PARENT_PREPARATION phase=assemble ns=249185792 thread=3566519
PARENT_PREPARATION phase=teardown ns=9593041 thread=3566519
METAL_STREAM_LEAVES columns=468 log=23 tile_log=17 scratch_bytes=67108864 working_bytes=54525952 dispatches=640 overlap=true gpu_ms=62.779
METAL_FRAMEWORK_COMPOSITION components=5 groups=3 gpu_ms=239.575
METAL_HOST_BARYCENTRIC staging_bytes=67108864 commands=198 columns=1285 points=22 gpu_ms=84.355
BLAKE3_PARENT_STAGE_PROFILE {"schema_version":1,"runtime":"native","example":"blake3-recursive-parent","stages":[{"id":"parent.validation","label":"Authenticated row validation","seconds":0.040639,"children":null},{"id":"parent.main_setup","label":"Main columns and lookup counts","seconds":0.525021,"children":null},{"id":"parent.main_commit","label":"Main commitment","seconds":1.069879,"children":null},{"id":"parent.interaction_generation","label":"Interaction generation","seconds":0.736091,"children":null},{"id":"parent.interaction_commit","label":"Interaction commitment","seconds":0.899733,"children":null},{"id":"parent.core","label":"Core STARK proof","seconds":1.535045,"children":[{"id":"draw_random_coeff","label":"Draw random coefficient","seconds":0,"children":null},{"id":"composition_trace_extract","label":"Composition trace extract","seconds":0.000002,"children":null},{"id":"composition_evaluation","label":"Composition evaluation","seconds":0.70988,"children":null},{"id":"composition_interpolate_and_split","label":"Composition interpolate and split","seconds":0.010805,"children":null},{"id":"composition_commit","label":"Composition commit","seconds":0.039126,"children":null},{"id":"oods_point_and_mask_points","label":"OODS point and mask points","seconds":0.000061,"children":null},{"id":"sampled_value_evaluation","label":"Sampled-value evaluation","seconds":0.370346,"children":null},{"id":"sampled_value_channel_mix","label":"Sampled-value channel mix","seconds":0.000036,"children":null},{"id":"fri_quotient_build_and_commit","label":"FRI quotient build + commit (lazy)","seconds":0.288282,"children":null},{"id":"proof_of_work","label":"Proof of work","seconds":0.012623,"children":null},{"id":"fri_decommit","label":"FRI decommit","seconds":0.021194,"children":null},{"id":"trace_decommit","label":"Trace decommit","seconds":0.006015,"children":null},{"id":"constraint_check_and_assembly","label":"Constraint check and assembly","seconds":0.000106,"children":null}]}]}
METAL_STREAM_LEAVES columns=453 log=23 tile_log=17 scratch_bytes=67108864 working_bytes=54525952 dispatches=576 overlap=true gpu_ms=59.749
METAL_FRAMEWORK_INTERACTION rows=4194304 batches=31 gpu_ms=123.87770833447576
METAL_FRAMEWORK_INTERACTION rows=1048576 batches=4 gpu_ms=7.659666647668928
METAL_FRAMEWORK_INTERACTION rows=1048576 batches=1 gpu_ms=2.0611666550394148
METAL_FRAMEWORK_INTERACTION rows=1048576 batches=2 gpu_ms=3.3744166721589863
METAL_FRAMEWORK_INTERACTION rows=262144 batches=2 gpu_ms=0.5701250047422945
METAL_STREAM_LEAVES columns=468 log=23 tile_log=17 scratch_bytes=67108864 working_bytes=54525952 dispatches=640 overlap=true gpu_ms=58.773
METAL_FRAMEWORK_COMPOSITION components=5 groups=3 gpu_ms=239.672
METAL_HOST_BARYCENTRIC staging_bytes=67108864 commands=198 columns=1285 points=22 gpu_ms=76.484
BLAKE3_PARENT_STAGE_PROFILE {"schema_version":1,"runtime":"native","example":"blake3-recursive-parent","stages":[{"id":"parent.validation","label":"Authenticated row validation","seconds":0.034683,"children":null},{"id":"parent.main_setup","label":"Main columns and lookup counts","seconds":0.498828,"children":null},{"id":"parent.main_commit","label":"Main commitment","seconds":1.007956,"children":null},{"id":"parent.interaction_generation","label":"Interaction generation","seconds":0.698648,"children":null},{"id":"parent.interaction_commit","label":"Interaction commitment","seconds":0.886207,"children":null},{"id":"parent.core","label":"Core STARK proof","seconds":1.436485,"children":[{"id":"draw_random_coeff","label":"Draw random coefficient","seconds":0.000001,"children":null},{"id":"composition_trace_extract","label":"Composition trace extract","seconds":0.000014,"children":null},{"id":"composition_evaluation","label":"Composition evaluation","seconds":0.678477,"children":null},{"id":"composition_interpolate_and_split","label":"Composition interpolate and split","seconds":0.025404,"children":null},{"id":"composition_commit","label":"Composition commit","seconds":0.040622,"children":null},{"id":"oods_point_and_mask_points","label":"OODS point and mask points","seconds":0.000058,"children":null},{"id":"sampled_value_evaluation","label":"Sampled-value evaluation","seconds":0.314374,"children":null},{"id":"sampled_value_channel_mix","label":"Sampled-value channel mix","seconds":0.000037,"children":null},{"id":"fri_quotient_build_and_commit","label":"FRI quotient build + commit (lazy)","seconds":0.280041,"children":null},{"id":"proof_of_work","label":"Proof of work","seconds":0.012281,"children":null},{"id":"fri_decommit","label":"FRI decommit","seconds":0.003096,"children":null},{"id":"trace_decommit","label":"Trace decommit","seconds":0.021094,"children":null},{"id":"constraint_check_and_assembly","label":"Constraint check and assembly","seconds":0.000079,"children":null}]}]}
CANONICAL_PIPELINE_ARTIFACT index=0 sha256=87eacb69ec7dcf9d5aad70f4f36ff5ac8839bf78366fb11e7ac20da38755ce7b bytes=857591 independently_verified=true
CANONICAL_PIPELINE_ARTIFACT index=1 sha256=87eacb69ec7dcf9d5aad70f4f36ff5ac8839bf78366fb11e7ac20da38755ce7b bytes=857591 independently_verified=true
CANONICAL_EXECUTION_PIPELINE mode=overlapped jobs=2 workers=8 cpu_tokens=9 reserved_bytes=56523834968 wall_ns=11659346875 overlap_ns=2619821417 worker_peak_bytes=11994253102 worker_limit_bytes=25769803776 child_queries=70 child_pow_bits=26 parent_queries=70 parent_pow_bits=26 plan_reused=true outputs_outlive_worker=true independently_verified=true
CANONICAL_PIPELINE_SPAN run=0 index=0 prepare_start=10959 prepare_end=2266336959 prove_start=2266348167 prove_end=7072840875
CANONICAL_PIPELINE_SPAN run=0 index=1 prepare_start=2266340167 prepare_end=4886169584 prove_start=7084359834 prove_end=11647239709
COMPACT_RECURSIVE_PARENT child_queries=70 child_pow_bits=26 parent_queries=70 parent_pow_bits=26 independently_verified=true
COMPACT_BASE_PROOF queries=70 pow_bits=26 bytes=483375 independently_verified=true
OK
2/7 runner.mod.test_0...OK
3/7 runner.decode.test_0...OK
4/7 air.memory_commitment.poseidon2_air.test_0...OK
5/7 air.semantic_eval.test_0...OK
6/7 air.lookups.tables.source_ingest.test_0...OK
7/7 diagnostics.mod.test_0...OK
All 7 tests passed.
       21.51 real        30.58 user         5.59 sys
         25623773184  maximum resident set size
                   0  average shared memory size
                   0  average unshared data size
                   0  average unshared stack size
             4935157  page reclaims
                   0  page faults
                   0  swaps
                   0  block input operations
                   0  block output operations
                   0  messages sent
                   0  messages received
                   0  signals received
                   0  voluntary context switches
               22530  involuntary context switches
        467103345663  instructions retired
        155472065414  cycles elapsed
         32498221472  peak memory footprint
