SEGMENT_V2_LADDER mode=narrow_complete_proof requested_steps=1 native_backend=cpu memory_addresses=0
SEGMENT_V2_LADDER_EXECUTION segment_cycles=1 cumulative_cycles=1 retired_addi=1 retired_bne=0 exit_pc=1004 counter=64 accumulator=0
SEGMENT_V2_LADDER_EXECUTION segment_cycles=16 cumulative_cycles=17 retired_addi=11 retired_bne=5 exit_pc=1008 counter=59 accumulator=6
info: Columns: opcode=35 infra=481 total tree1=516 interaction=100
info: Poseidon2 Merkle: 184 exact sparse-node calls, poseidon_log_size=8, merkle_log_size=8
SEGMENT_V2_NATIVE_MEMORY backend=cpu scope=caller_allocator_payload excludes=size_routed_mmap_and_device producer_peak_bytes=459199696 producer_live_bytes_after_destroy=0 canonical_proof_bytes=24790

SEGMENT_V2_LADDER_NATIVE requested_steps=1 retired_cycles=1 continuation_cycles=16 trace_rows=1 native_backend=cpu native_queries=1 outer_queries=3 native_pcs_pow_bits=0 outer_pcs_pow_bits=0 program=finite_addi_bne_counter_loop memory_addresses=0 native_prove_ms=4518.104 native_verify_ms=854.197 recursive_prepare_ms=136.277 native_proof_bytes=24790 native_tree_heights={ 21, 21, 21, 21 }

SEGMENT_V2_OUTER_PHASES role=producer scope=body_before_cleanup setup_ns=29209 tree0_prepare_ns=28571958 tree0_commit_ns=87253625 tree1_prepare_ns=29049917 tree1_commit_ns=107457750 transcript_prefix_ns=52045000 interaction_generate_ns=198295291 interaction_admit_closure_ns=81498875 transcript_tree2_commit_ns=93120459 components_ns=85286166 diagnostic_ns=42 stark_ns=415370333 phase_sum_ns=1177978625

SEGMENT_V2_OUTER_ARTIFACT_REJECTIONS truncated=true trailing=true

SEGMENT_V2_OUTER_PHASES role=verifier scope=body_before_cleanup preflight_ns=14625 preprocessed_root_ns=112356459 transcript_prefix_ns=52214541 interaction_regenerate_ns=169752834 interaction_validate_claims_ns=26513291 closure_ns=54244500 transcript_after_ns=28203084 components_ns=84046625 publication_authority_ns=26216916 stark_ns=5554667 publication_total_ns=32602417 phase_sum_ns=591719959

SEGMENT_V2_OUTER status=verified rows=39 domains=47 proof_size_estimate_bytes=76780 canonical_proof_bytes=89462 canonicalize_ms=4.117 prove_ms=1178.045 verify_ms=591.772 publication_ms=4.391 producer_prepare_ms=308.737 producer_destroy_ms=1.296 verifier_prepare_ms=306.811 decode_ms=0.319 stark_verify_ms=5.555 transaction_ms=2393.015 artifact_rejections_ms=0.658 producer_peak_bytes=91372784 producer_live_bytes_after_destroy=0 serialization_passes=1 retained_canonical_bytes=89462 verification=native_assisted_fresh_decode draws=1 cols=595/974/508 workers=1

SEGMENT_V2_LADDER_OUTER rows=39 domains=47 component_logs={ 9, 10, 10, 8, 13, 13, 4, 4, 4, 4, 4, 10, 5, 4, 4, 10, 5, 7, 12, 8, 4, 7, 6, 8, 14, 7, 4, 5, 6, 10, 14, 8, 14, 8, 11, 16, 10, 6, 8 } min_component_log=4 max_component_log=16 provider_log=11 samples=2245 queries=3 canonical_proof_bytes=89462 producer_live_bytes_after_destroy=0
SEGMENT_V2_LADDER status=verified requested_steps=1 native_backend=cpu memory_addresses=0 owners_destroyed=true
        8.12 real        59.49 user         0.39 sys
          1038467072  maximum resident set size
                   0  average shared memory size
                   0  average unshared data size
                   0  average unshared stack size
              158083  page reclaims
                   0  page faults
                   0  swaps
                   0  block input operations
                   0  block output operations
                   0  messages sent
                   0  messages received
                   0  signals received
                   0  voluntary context switches
               43496  involuntary context switches
       1115179897358  instructions retired
        216816042246  cycles elapsed
          1036223784  peak memory footprint
