SEGMENT_V2_LADDER mode=narrow_complete_proof requested_steps=1 native_backend=cpu memory_addresses=0
SEGMENT_V2_LADDER_EXECUTION segment_cycles=1 cumulative_cycles=1 retired_addi=1 retired_bne=0 exit_pc=1004 counter=64 accumulator=0
SEGMENT_V2_LADDER_EXECUTION segment_cycles=16 cumulative_cycles=17 retired_addi=11 retired_bne=5 exit_pc=1008 counter=59 accumulator=6
info: Columns: opcode=35 infra=481 total tree1=516 interaction=100
info: Poseidon2 Merkle: 184 exact sparse-node calls, poseidon_log_size=8, merkle_log_size=8
SEGMENT_V2_NATIVE_MEMORY backend=cpu scope=caller_allocator_payload excludes=size_routed_mmap_and_device producer_peak_bytes=459199696 producer_live_bytes_after_destroy=0 canonical_proof_bytes=24790

SEGMENT_V2_LADDER_NATIVE requested_steps=1 retired_cycles=1 continuation_cycles=16 trace_rows=1 native_backend=cpu native_queries=1 outer_queries=3 native_pcs_pow_bits=0 outer_pcs_pow_bits=0 program=finite_addi_bne_counter_loop memory_addresses=0 native_prove_ms=4462.876 native_verify_ms=867.347 recursive_prepare_ms=138.230 native_proof_bytes=24790 native_tree_heights={ 21, 21, 21, 21 }

SEGMENT_V2_OUTER_PHASES role=producer scope=body_before_cleanup setup_ns=24083 tree0_prepare_ns=28200167 tree0_commit_ns=80844458 tree1_prepare_ns=28827834 tree1_commit_ns=106940291 transcript_prefix_ns=52170875 interaction_generate_ns=196676292 interaction_admit_closure_ns=79572375 transcript_tree2_commit_ns=91361750 components_ns=84048500 diagnostic_ns=42 stark_ns=413202583 phase_sum_ns=1161869250

SEGMENT_V2_OUTER_ARTIFACT_REJECTIONS truncated=true trailing=true

SEGMENT_V2_OUTER_PHASES role=verifier scope=body_before_cleanup preflight_ns=14500 preprocessed_root_ns=109618917 transcript_prefix_ns=52090667 interaction_regenerate_ns=169344375 interaction_validate_claims_ns=25913125 closure_ns=54272083 transcript_after_ns=28364875 components_ns=82843333 publication_authority_ns=26651750 stark_ns=5670042 publication_total_ns=32914667 phase_sum_ns=587698334

SEGMENT_V2_OUTER status=verified rows=39 domains=47 proof_size_estimate_bytes=76780 canonical_proof_bytes=89462 canonicalize_ms=4.080 prove_ms=1161.930 verify_ms=587.764 publication_ms=4.463 producer_prepare_ms=304.161 producer_destroy_ms=1.289 verifier_prepare_ms=305.172 decode_ms=0.317 stark_verify_ms=5.670 transaction_ms=2366.743 artifact_rejections_ms=0.664 producer_peak_bytes=91372784 producer_live_bytes_after_destroy=0 serialization_passes=1 retained_canonical_bytes=89462 verification=native_assisted_fresh_decode draws=1 cols=595/974/508 workers=1

SEGMENT_V2_LADDER_OUTER rows=39 domains=47 component_logs={ 9, 10, 10, 8, 13, 13, 4, 4, 4, 4, 4, 10, 5, 4, 4, 10, 5, 7, 12, 8, 4, 7, 6, 8, 14, 7, 4, 5, 6, 10, 14, 8, 14, 8, 11, 16, 10, 6, 8 } min_component_log=4 max_component_log=16 provider_log=11 samples=2245 queries=3 canonical_proof_bytes=89462 producer_live_bytes_after_destroy=0
SEGMENT_V2_LADDER status=verified requested_steps=1 native_backend=cpu memory_addresses=0 owners_destroyed=true
        7.85 real        59.51 user         0.38 sys
          1038450688  maximum resident set size
                   0  average shared memory size
                   0  average unshared data size
                   0  average unshared stack size
              158078  page reclaims
                   0  page faults
                   0  swaps
                   0  block input operations
                   0  block output operations
                   0  messages sent
                   0  messages received
                   0  signals received
                   0  voluntary context switches
               42208  involuntary context switches
       1115129986881  instructions retired
        216807084423  cycles elapsed
          1036190992  peak memory footprint
