SEGMENT_V2_LADDER mode=narrow_complete_proof requested_steps=16 native_backend=cpu memory_addresses=0
SEGMENT_V2_LADDER_EXECUTION segment_cycles=16 cumulative_cycles=16 retired_addi=11 retired_bne=5 exit_pc=1004 counter=59 accumulator=5
SEGMENT_V2_LADDER_EXECUTION segment_cycles=16 cumulative_cycles=32 retired_addi=11 retired_bne=5 exit_pc=1008 counter=54 accumulator=11
info: Columns: opcode=65 infra=481 total tree1=546 interaction=120
info: Poseidon2 Merkle: 184 exact sparse-node calls, poseidon_log_size=8, merkle_log_size=8
SEGMENT_V2_NATIVE_MEMORY backend=cpu scope=caller_allocator_payload excludes=size_routed_mmap_and_device producer_peak_bytes=459214448 producer_live_bytes_after_destroy=0 canonical_proof_bytes=27032

SEGMENT_V2_LADDER_NATIVE requested_steps=16 retired_cycles=16 continuation_cycles=16 trace_rows=16 native_backend=cpu native_queries=1 outer_queries=3 native_pcs_pow_bits=0 outer_pcs_pow_bits=0 program=finite_addi_bne_counter_loop memory_addresses=0 native_prove_ms=5257.666 native_verify_ms=1013.081 recursive_prepare_ms=136.459 native_proof_bytes=27032 native_tree_heights={ 21, 21, 21, 21 }

SEGMENT_V2_OUTER_PHASES role=producer scope=body_before_cleanup setup_ns=25583 tree0_prepare_ns=29343125 tree0_commit_ns=84877375 tree1_prepare_ns=29734708 tree1_commit_ns=108965667 transcript_prefix_ns=53971750 interaction_generate_ns=214761042 interaction_admit_closure_ns=83112000 transcript_tree2_commit_ns=93638458 components_ns=86914333 diagnostic_ns=42 stark_ns=414661417 phase_sum_ns=1200005500

SEGMENT_V2_OUTER_ARTIFACT_REJECTIONS truncated=true trailing=true

SEGMENT_V2_OUTER_PHASES role=verifier scope=body_before_cleanup preflight_ns=15000 preprocessed_root_ns=113777166 transcript_prefix_ns=53937417 interaction_regenerate_ns=184625792 interaction_validate_claims_ns=27088416 closure_ns=56616417 transcript_after_ns=29325792 components_ns=86051916 publication_authority_ns=27055792 stark_ns=5249792 publication_total_ns=33871833 phase_sum_ns=617615333

SEGMENT_V2_OUTER status=verified rows=39 domains=47 proof_size_estimate_bytes=78828 canonical_proof_bytes=92201 canonicalize_ms=4.223 prove_ms=1200.067 verify_ms=617.696 publication_ms=4.409 producer_prepare_ms=312.513 producer_destroy_ms=1.445 verifier_prepare_ms=311.426 decode_ms=0.319 stark_verify_ms=5.250 transaction_ms=2449.708 artifact_rejections_ms=0.669 producer_peak_bytes=94980508 producer_live_bytes_after_destroy=0 serialization_passes=1 retained_canonical_bytes=92201 verification=native_assisted_fresh_decode draws=1 cols=595/974/508 workers=1

SEGMENT_V2_LADDER_OUTER rows=39 domains=47 component_logs={ 9, 11, 11, 8, 13, 13, 4, 4, 4, 4, 4, 10, 5, 4, 4, 10, 5, 7, 12, 8, 4, 7, 6, 9, 14, 7, 4, 5, 6, 10, 14, 8, 14, 8, 11, 16, 10, 6, 8 } min_component_log=4 max_component_log=16 provider_log=11 samples=2245 queries=3 canonical_proof_bytes=92201 producer_live_bytes_after_destroy=0
SEGMENT_V2_LADDER status=verified requested_steps=16 native_backend=cpu memory_addresses=0 owners_destroyed=true
        8.87 real        70.00 user         0.42 sys
          1038761984  maximum resident set size
                   0  average shared memory size
                   0  average unshared data size
                   0  average unshared stack size
              158947  page reclaims
                   0  page faults
                   0  swaps
                   0  block input operations
                   0  block output operations
                   0  messages sent
                   0  messages received
                   0  signals received
                   0  voluntary context switches
               49761  involuntary context switches
       1294246771506  instructions retired
        251201559905  cycles elapsed
          1036371192  peak memory footprint
