SEGMENT_V2_LADDER mode=narrow_complete_proof requested_steps=16 native_backend=cpu memory_addresses=0
SEGMENT_V2_LADDER_EXECUTION segment_cycles=16 cumulative_cycles=16 retired_addi=11 retired_bne=5 exit_pc=1004 counter=59 accumulator=5
SEGMENT_V2_LADDER_EXECUTION segment_cycles=16 cumulative_cycles=32 retired_addi=11 retired_bne=5 exit_pc=1008 counter=54 accumulator=11
info: Columns: opcode=65 infra=481 total tree1=546 interaction=120
info: Poseidon2 Merkle: 184 exact sparse-node calls, poseidon_log_size=8, merkle_log_size=8
SEGMENT_V2_NATIVE_MEMORY backend=cpu scope=caller_allocator_payload excludes=size_routed_mmap_and_device producer_peak_bytes=459214448 producer_live_bytes_after_destroy=0 canonical_proof_bytes=27032

SEGMENT_V2_LADDER_NATIVE requested_steps=16 retired_cycles=16 continuation_cycles=16 trace_rows=16 native_backend=cpu native_queries=1 outer_queries=3 native_pcs_pow_bits=0 outer_pcs_pow_bits=0 program=finite_addi_bne_counter_loop memory_addresses=0 native_prove_ms=5327.216 native_verify_ms=1061.034 recursive_prepare_ms=142.892 native_proof_bytes=27032 native_tree_heights={ 21, 21, 21, 21 }

SEGMENT_V2_OUTER_PHASES role=producer scope=body_before_cleanup setup_ns=21625 tree0_prepare_ns=29859750 tree0_commit_ns=85679667 tree1_prepare_ns=30400750 tree1_commit_ns=109968583 transcript_prefix_ns=55191500 interaction_generate_ns=217086083 interaction_admit_closure_ns=85384334 transcript_tree2_commit_ns=94434291 components_ns=88252917 diagnostic_ns=250 stark_ns=418268708 phase_sum_ns=1214548458

SEGMENT_V2_OUTER_ARTIFACT_REJECTIONS truncated=true trailing=true

SEGMENT_V2_OUTER_PHASES role=verifier scope=body_before_cleanup preflight_ns=14708 preprocessed_root_ns=114949000 transcript_prefix_ns=54799875 interaction_regenerate_ns=185138709 interaction_validate_claims_ns=27246041 closure_ns=57107334 transcript_after_ns=29524958 components_ns=87466625 publication_authority_ns=27458042 stark_ns=5224250 publication_total_ns=33664041 phase_sum_ns=622593583

SEGMENT_V2_OUTER status=verified rows=39 domains=47 proof_size_estimate_bytes=78828 canonical_proof_bytes=92201 canonicalize_ms=4.241 prove_ms=1214.600 verify_ms=622.652 publication_ms=4.367 producer_prepare_ms=323.418 producer_destroy_ms=1.616 verifier_prepare_ms=316.482 decode_ms=0.339 stark_verify_ms=5.224 transaction_ms=2485.328 artifact_rejections_ms=0.682 producer_peak_bytes=94980508 producer_live_bytes_after_destroy=0 serialization_passes=1 retained_canonical_bytes=92201 verification=native_assisted_fresh_decode draws=1 cols=595/974/508 workers=1

SEGMENT_V2_LADDER_OUTER rows=39 domains=47 component_logs={ 9, 11, 11, 8, 13, 13, 4, 4, 4, 4, 4, 10, 5, 4, 4, 10, 5, 7, 12, 8, 4, 7, 6, 9, 14, 7, 4, 5, 6, 10, 14, 8, 14, 8, 11, 16, 10, 6, 8 } min_component_log=4 max_component_log=16 provider_log=11 samples=2245 queries=3 canonical_proof_bytes=92201 producer_live_bytes_after_destroy=0
SEGMENT_V2_LADDER status=verified requested_steps=16 native_backend=cpu memory_addresses=0 owners_destroyed=true
        9.03 real        69.78 user         0.51 sys
          1038729216  maximum resident set size
                   0  average shared memory size
                   0  average unshared data size
                   0  average unshared stack size
              158899  page reclaims
                   0  page faults
                   0  swaps
                   0  block input operations
                   0  block output operations
                   0  messages sent
                   0  messages received
                   0  signals received
                   0  voluntary context switches
               75182  involuntary context switches
       1294501718649  instructions retired
        250458237226  cycles elapsed
          1036338424  peak memory footprint
