SEGMENT_V2_LADDER mode=narrow_complete_proof requested_steps=4 native_backend=cpu memory_addresses=0
SEGMENT_V2_LADDER_EXECUTION segment_cycles=4 cumulative_cycles=4 retired_addi=3 retired_bne=1 exit_pc=1004 counter=63 accumulator=1
SEGMENT_V2_LADDER_EXECUTION segment_cycles=16 cumulative_cycles=20 retired_addi=11 retired_bne=5 exit_pc=1008 counter=58 accumulator=7
info: Columns: opcode=65 infra=481 total tree1=546 interaction=120
info: Poseidon2 Merkle: 184 exact sparse-node calls, poseidon_log_size=8, merkle_log_size=8
SEGMENT_V2_NATIVE_MEMORY backend=cpu scope=caller_allocator_payload excludes=size_routed_mmap_and_device producer_peak_bytes=459214448 producer_live_bytes_after_destroy=0 canonical_proof_bytes=26555

SEGMENT_V2_LADDER_NATIVE requested_steps=4 retired_cycles=4 continuation_cycles=16 trace_rows=4 native_backend=cpu native_queries=1 outer_queries=3 native_pcs_pow_bits=0 outer_pcs_pow_bits=0 program=finite_addi_bne_counter_loop memory_addresses=0 native_prove_ms=5184.055 native_verify_ms=1017.676 recursive_prepare_ms=141.178 native_proof_bytes=26555 native_tree_heights={ 21, 21, 21, 21 }

SEGMENT_V2_OUTER_PHASES role=producer scope=body_before_cleanup setup_ns=24208 tree0_prepare_ns=29177250 tree0_commit_ns=84129833 tree1_prepare_ns=30223750 tree1_commit_ns=110467084 transcript_prefix_ns=54183708 interaction_generate_ns=213765125 interaction_admit_closure_ns=85947167 transcript_tree2_commit_ns=94265208 components_ns=88536875 diagnostic_ns=42 stark_ns=416712625 phase_sum_ns=1207432875

SEGMENT_V2_OUTER_ARTIFACT_REJECTIONS truncated=true trailing=true

SEGMENT_V2_OUTER_PHASES role=verifier scope=body_before_cleanup preflight_ns=14666 preprocessed_root_ns=114814709 transcript_prefix_ns=54160458 interaction_regenerate_ns=184161542 interaction_validate_claims_ns=26892041 closure_ns=56223750 transcript_after_ns=29282959 components_ns=86443416 publication_authority_ns=27034542 stark_ns=5247208 publication_total_ns=33778250 phase_sum_ns=618053541

SEGMENT_V2_OUTER status=verified rows=39 domains=47 proof_size_estimate_bytes=77660 canonical_proof_bytes=90878 canonicalize_ms=4.202 prove_ms=1207.493 verify_ms=618.108 publication_ms=4.408 producer_prepare_ms=319.934 producer_destroy_ms=1.403 verifier_prepare_ms=316.042 decode_ms=0.315 stark_verify_ms=5.247 transaction_ms=2469.479 artifact_rejections_ms=0.681 producer_peak_bytes=94980508 producer_live_bytes_after_destroy=0 serialization_passes=1 retained_canonical_bytes=90878 verification=native_assisted_fresh_decode draws=1 cols=595/974/508 workers=1

SEGMENT_V2_LADDER_OUTER rows=39 domains=47 component_logs={ 9, 11, 11, 8, 13, 13, 4, 4, 4, 4, 4, 10, 5, 4, 4, 10, 5, 7, 12, 8, 4, 7, 6, 9, 14, 7, 4, 5, 6, 10, 14, 8, 14, 8, 11, 16, 10, 6, 8 } min_component_log=4 max_component_log=16 provider_log=11 samples=2245 queries=3 canonical_proof_bytes=90878 producer_live_bytes_after_destroy=0
SEGMENT_V2_LADDER status=verified requested_steps=4 native_backend=cpu memory_addresses=0 owners_destroyed=true
        8.82 real        69.69 user         0.45 sys
          1038843904  maximum resident set size
                   0  average shared memory size
                   0  average unshared data size
                   0  average unshared stack size
              158942  page reclaims
                   0  page faults
                   0  swaps
                   0  block input operations
                   0  block output operations
                   0  messages sent
                   0  messages received
                   0  signals received
                   0  voluntary context switches
               59679  involuntary context switches
       1294246096838  instructions retired
        251160661597  cycles elapsed
          1036453112  peak memory footprint
