cairo-cuda arena reservation bytes=24733164736 slots=193
cairo-cuda arena slot=3 bytes=108960044 offset=15653336320 lifetime=ingress..trace_generation
cairo-cuda arena slot=6 bytes=4023018048 offset=8639771648 lifetime=trace_generation..trace_commit
cairo-cuda arena slot=7 bytes=818144132 offset=14835192064 lifetime=trace_generation..trace_generation
cairo-cuda arena slot=16 bytes=106561536 offset=24103596288 lifetime=trace_commit..trace_commit
cairo-cuda arena slot=27 bytes=3825205248 offset=8639771648 lifetime=constraint_evaluation..constraint_evaluation
cairo-cuda arena slot=32 bytes=335511040 offset=23835160832 lifetime=constraint_evaluation..constraint_evaluation
cairo-cuda arena slot=33 bytes=134217728 offset=24439107328 lifetime=ingress..proof_assembly
cairo-cuda arena slot=34 bytes=134217728 offset=24573325056 lifetime=ingress..proof_assembly
cairo-cuda arena slot=35 bytes=402653184 offset=23298289920 lifetime=trace_commit..trace_commit
cairo-cuda arena slot=36 bytes=402653184 offset=23700943104 lifetime=trace_commit..trace_commit
cairo-cuda arena slot=37 bytes=2172402112 offset=12662789888 lifetime=ingress..proof_assembly
cairo-cuda arena slot=38 bytes=4344804224 offset=0 lifetime=ingress..proof_assembly
cairo-cuda arena slot=41 bytes=4294967264 offset=4344804352 lifetime=ingress..proof_assembly
cairo-cuda arena slot=44 bytes=874217344 offset=21550999040 lifetime=trace_generation..oods
cairo-cuda arena slot=45 bytes=1748434688 offset=14835192064 lifetime=trace_commit..decommit
cairo-cuda arena slot=48 bytes=1073741792 offset=18329773568 lifetime=trace_commit..decommit
cairo-cuda arena slot=51 bytes=873073408 offset=22425216512 lifetime=trace_commit..oods
cairo-cuda arena slot=52 bytes=1746146816 offset=16583626752 lifetime=trace_commit..decommit
cairo-cuda arena slot=55 bytes=1073741792 offset=20477257216 lifetime=trace_commit..decommit
cairo-cuda arena slot=58 bytes=268435456 offset=24170671872 lifetime=constraint_evaluation..decommit
cairo-cuda arena slot=59 bytes=536870912 offset=23298289920 lifetime=constraint_evaluation..decommit
cairo-cuda arena slot=62 bytes=1073741792 offset=19403515392 lifetime=trace_commit..decommit
cairo-cuda arena slot=77 bytes=513409024 offset=8639771616 lifetime=oods..oods
cairo-cuda arena slot=78 bytes=513409024 offset=9153180640 lifetime=oods..oods
cairo-cuda arena slot=93 bytes=301973248 offset=8639771648 lifetime=quotient..quotient
cairo-cuda arena slot=94 bytes=268435456 offset=10250384384 lifetime=quotient..decommit
cairo-cuda arena slot=95 bytes=134217728 offset=8941744896 lifetime=quotient..quotient
cairo-cuda arena slot=99 bytes=1073741792 offset=8639771648 lifetime=fri_commit..decommit
cairo-cuda arena slot=101 bytes=134217728 offset=10787255296 lifetime=fri_commit..decommit
cairo-cuda arena slot=102 bytes=536870880 offset=9713513472 lifetime=fri_commit..decommit
cairo-cuda arena slot=104 bytes=67108864 offset=11055690752 lifetime=fri_commit..decommit
cairo-cuda arena slot=105 bytes=268435424 offset=10518819840 lifetime=fri_commit..decommit
cairo-cuda arena slot=108 bytes=134217696 offset=10921473024 lifetime=fri_commit..decommit
cairo-cuda static-phase initial_upload_ns=184330770 preprocessed_load_ns=604204583 materialize_ns=1285999 cached=false device_image_hit=false
cairo-cuda-memory-phase phase=proof_begin elapsed_ns=2053
cairo-cuda-memory-phase phase=trace_generation_end elapsed_ns=101066753
cairo-cuda-memory-phase phase=preprocessed_commit_end elapsed_ns=139722045
cairo-cuda-memory-phase phase=main_commit_end elapsed_ns=146909666
cairo-cuda-memory-phase phase=relation_end elapsed_ns=160278548
cairo-cuda-memory-phase phase=interaction_commit_end elapsed_ns=163095532
cairo-cuda-memory-phase phase=trace_commit_end elapsed_ns=163160674
cairo-cuda-memory-phase phase=constraint_evaluation_end elapsed_ns=363773807
cairo-cuda-memory-phase phase=composition_commit_end elapsed_ns=364070733
cairo-cuda-memory-phase phase=constraint_stage_end elapsed_ns=364204370
cairo-cuda-memory-phase phase=oods_end elapsed_ns=377986752
cairo-cuda-memory-phase phase=quotient_end elapsed_ns=398668461
cairo-cuda-memory-phase phase=fri_commit_end elapsed_ns=408543425
cairo-cuda-memory-phase phase=decommit_end elapsed_ns=437656373
