Native core metallib accepted: 166 exact kernel exports, zero function constants, AOT/JIT kernel parity
test-riscv-metal-recursive-resident
+- run test stderr
NATIVE_TABLE_AOT_INTERACTION kind=bitwise rows=262144 columns=4 native_parity=true claim_parity=true rejection_recovery=true gpu_ms=1.037
NATIVE_TABLE_AOT_INTERACTION kind=range_check_20 rows=1048576 columns=4 native_parity=true claim_parity=true rejection_recovery=true gpu_ms=3.906
NATIVE_TABLE_AOT_INTERACTION kind=range_check_8_11 rows=524288 columns=4 native_parity=true claim_parity=true rejection_recovery=true gpu_ms=1.945
NATIVE_TABLE_AOT_INTERACTION kind=range_check_8_8_4 rows=1048576 columns=4 native_parity=true claim_parity=true rejection_recovery=true gpu_ms=4.157
NATIVE_TABLE_AOT_INTERACTION kind=range_check_8_8 rows=65536 columns=4 native_parity=true claim_parity=true rejection_recovery=true gpu_ms=0.113
NATIVE_TABLE_AOT_INTERACTION kind=range_check_m31 rows=32768 columns=4 native_parity=true claim_parity=true rejection_recovery=true gpu_ms=0.062
FRAMEWORK_RESIDENT_AOT air=recursion.qm31_mul_add.v1 manifest=2e7e9555ee688b251ab6678a15df2e354aac2d5a659426a6b18c8ee5bcf4ed7b rows=16 dispatches=2 coordinates=64 negative_controls=6 gpu_ms=0.113
METAL_FRAMEWORK_INTERACTION rows=262144 batches=1 gpu_ms=1.0161666432395577
NATIVE_TABLE_DEVICE_INTERACTION kind=bitwise rows=262144
METAL_FRAMEWORK_INTERACTION rows=262144 batches=1 gpu_ms=1.0286250617355108
NATIVE_TABLE_DEVICE_INTERACTION kind=bitwise rows=262144
METAL_FRAMEWORK_INTERACTION rows=1048576 batches=1 gpu_ms=4.666749970056117
NATIVE_TABLE_DEVICE_INTERACTION kind=range_check_20 rows=1048576
METAL_FRAMEWORK_INTERACTION rows=1048576 batches=1 gpu_ms=2.5211250176653266
NATIVE_TABLE_DEVICE_INTERACTION kind=range_check_20 rows=1048576
METAL_FRAMEWORK_INTERACTION rows=524288 batches=1 gpu_ms=1.0383749613538384
NATIVE_TABLE_DEVICE_INTERACTION kind=range_check_8_11 rows=524288
METAL_FRAMEWORK_INTERACTION rows=524288 batches=1 gpu_ms=1.9518333720043302
NATIVE_TABLE_DEVICE_INTERACTION kind=range_check_8_11 rows=524288
METAL_FRAMEWORK_INTERACTION rows=1048576 batches=1 gpu_ms=4.069874994456768
NATIVE_TABLE_DEVICE_INTERACTION kind=range_check_8_8_4 rows=1048576
METAL_FRAMEWORK_INTERACTION rows=1048576 batches=1 gpu_ms=1.9584583351388574
NATIVE_TABLE_DEVICE_INTERACTION kind=range_check_8_8_4 rows=1048576
METAL_FRAMEWORK_INTERACTION rows=65536 batches=1 gpu_ms=0.2896666992455721
NATIVE_TABLE_DEVICE_INTERACTION kind=range_check_8_8 rows=65536
METAL_FRAMEWORK_INTERACTION rows=65536 batches=1 gpu_ms=0.2101666759699583
NATIVE_TABLE_DEVICE_INTERACTION kind=range_check_8_8 rows=65536
METAL_FRAMEWORK_INTERACTION rows=32768 batches=1 gpu_ms=0.13837497681379318
NATIVE_TABLE_DEVICE_INTERACTION kind=range_check_m31 rows=32768
METAL_FRAMEWORK_INTERACTION rows=32768 batches=1 gpu_ms=0.13912504073232412
NATIVE_TABLE_DEVICE_INTERACTION kind=range_check_m31 rows=32768
METAL_FRAMEWORK_INTERACTION rows=512 batches=2 gpu_ms=0.13516668695956469
METAL_FRAMEWORK_INTERACTION rows=512 batches=2 gpu_ms=0.11612498201429844
PARENT_TYPED_INTERACTION_AOT row=0 rows=512 batches=2 parity=true recovery=true
METAL_FRAMEWORK_INTERACTION rows=512 batches=3 gpu_ms=0.5024999845772982
METAL_FRAMEWORK_INTERACTION rows=512 batches=3 gpu_ms=0.3926249919459224
PARENT_TYPED_INTERACTION_AOT row=1 rows=512 batches=3 parity=true recovery=true
METAL_FRAMEWORK_INTERACTION rows=512 batches=7 gpu_ms=0.403166632167995
METAL_FRAMEWORK_INTERACTION rows=512 batches=7 gpu_ms=0.2959165722131729
PARENT_TYPED_INTERACTION_AOT row=2 rows=512 batches=7 parity=true recovery=true
METAL_FRAMEWORK_INTERACTION rows=512 batches=6 gpu_ms=0.3222499508410692
METAL_FRAMEWORK_INTERACTION rows=512 batches=6 gpu_ms=0.1948750577867031
PARENT_TYPED_INTERACTION_AOT row=3 rows=512 batches=6 parity=true recovery=true
METAL_FRAMEWORK_INTERACTION rows=512 batches=1 gpu_ms=0.10491663124412298
METAL_FRAMEWORK_INTERACTION rows=512 batches=1 gpu_ms=0.42812502942979336
PARENT_TYPED_INTERACTION_AOT row=4 rows=512 batches=1 parity=true recovery=true
METAL_FRAMEWORK_INTERACTION rows=512 batches=1 gpu_ms=0.10566669516265392
METAL_FRAMEWORK_INTERACTION rows=512 batches=1 gpu_ms=0.04329171497374773
PARENT_TYPED_INTERACTION_AOT row=5 rows=512 batches=1 parity=true recovery=true
METAL_FRAMEWORK_INTERACTION rows=512 batches=1 gpu_ms=0.06150000263005495
METAL_FRAMEWORK_INTERACTION rows=512 batches=1 gpu_ms=0.05766667891293764
PARENT_TYPED_INTERACTION_AOT row=6 rows=512 batches=1 parity=true recovery=true
METAL_FRAMEWORK_INTERACTION rows=512 batches=1 gpu_ms=0.04904158413410187
METAL_FRAMEWORK_INTERACTION rows=512 batches=1 gpu_ms=0.10025000665336847
PARENT_TYPED_INTERACTION_AOT row=7 rows=512 batches=1 parity=true recovery=true
METAL_FRAMEWORK_INTERACTION rows=512 batches=9 gpu_ms=0.39612501859664917
METAL_FRAMEWORK_INTERACTION rows=512 batches=9 gpu_ms=0.15770841855555773
PARENT_TYPED_INTERACTION_AOT row=8 rows=512 batches=9 parity=true recovery=true
METAL_FRAMEWORK_INTERACTION rows=512 batches=5 gpu_ms=0.17837504856288433
METAL_FRAMEWORK_INTERACTION rows=512 batches=5 gpu_ms=0.10187504813075066
PARENT_TYPED_INTERACTION_AOT row=9 rows=512 batches=5 parity=true recovery=true
METAL_FRAMEWORK_INTERACTION rows=512 batches=3 gpu_ms=0.07387506775557995
METAL_FRAMEWORK_INTERACTION rows=512 batches=3 gpu_ms=0.06762496195733547
PARENT_TYPED_INTERACTION_AOT row=10 rows=512 batches=3 parity=true recovery=true
METAL_FRAMEWORK_INTERACTION rows=512 batches=3 gpu_ms=0.07529172580689192
METAL_FRAMEWORK_INTERACTION rows=512 batches=3 gpu_ms=0.06812496576458216
PARENT_TYPED_INTERACTION_AOT row=11 rows=512 batches=3 parity=true recovery=true
METAL_FRAMEWORK_INTERACTION rows=512 batches=17 gpu_ms=0.24304166436195374
METAL_FRAMEWORK_INTERACTION rows=512 batches=17 gpu_ms=0.2031250623986125
PARENT_TYPED_INTERACTION_AOT row=12 rows=512 batches=17 parity=true recovery=true
METAL_FRAMEWORK_INTERACTION rows=512 batches=1 gpu_ms=0.025250017642974854
METAL_FRAMEWORK_INTERACTION rows=512 batches=1 gpu_ms=0.023124972358345985
PARENT_TYPED_INTERACTION_AOT row=13 rows=512 batches=1 parity=true recovery=true
METAL_FRAMEWORK_INTERACTION rows=512 batches=5 gpu_ms=0.09920843876898289
METAL_FRAMEWORK_INTERACTION rows=512 batches=5 gpu_ms=0.08533336222171783
PARENT_TYPED_INTERACTION_AOT row=14 rows=512 batches=5 parity=true recovery=true
METAL_FRAMEWORK_INTERACTION rows=512 batches=17 gpu_ms=0.2242083428427577
METAL_FRAMEWORK_INTERACTION rows=512 batches=17 gpu_ms=0.1895833993330598
PARENT_TYPED_INTERACTION_AOT row=20 rows=512 batches=17 parity=true recovery=true
METAL_FRAMEWORK_INTERACTION rows=512 batches=1 gpu_ms=0.07725006435066462
METAL_FRAMEWORK_INTERACTION rows=512 batches=1 gpu_ms=0.06850005593150854
PARENT_TYPED_INTERACTION_AOT row=21 rows=512 batches=1 parity=true recovery=true
METAL_FRAMEWORK_INTERACTION rows=512 batches=5 gpu_ms=0.07037504110485315
METAL_FRAMEWORK_INTERACTION rows=512 batches=5 gpu_ms=0.05895830690860748
PARENT_TYPED_INTERACTION_AOT row=22 rows=512 batches=5 parity=true recovery=true
METAL_FRAMEWORK_INTERACTION rows=512 batches=7 gpu_ms=0.17383333761245012
METAL_FRAMEWORK_INTERACTION rows=512 batches=7 gpu_ms=0.14745828229933977
PARENT_TYPED_INTERACTION_AOT row=23 rows=512 batches=7 parity=true recovery=true
METAL_FRAMEWORK_INTERACTION rows=512 batches=4 gpu_ms=0.06204168312251568
METAL_FRAMEWORK_INTERACTION rows=512 batches=4 gpu_ms=0.05183333996683359
PARENT_TYPED_INTERACTION_AOT row=24 rows=512 batches=4 parity=true recovery=true
METAL_FRAMEWORK_INTERACTION rows=512 batches=7 gpu_ms=0.18787500448524952
METAL_FRAMEWORK_INTERACTION rows=512 batches=7 gpu_ms=0.15908328350633383
PARENT_TYPED_INTERACTION_AOT row=25 rows=512 batches=7 parity=true recovery=true
METAL_FRAMEWORK_INTERACTION rows=512 batches=3 gpu_ms=0.16287504695355892
METAL_FRAMEWORK_INTERACTION rows=512 batches=3 gpu_ms=0.06824999582022429
PARENT_TYPED_INTERACTION_AOT row=26 rows=512 batches=3 parity=true recovery=true
METAL_FRAMEWORK_INTERACTION rows=512 batches=3 gpu_ms=0.05349994171410799
METAL_FRAMEWORK_INTERACTION rows=512 batches=3 gpu_ms=0.04549999721348286
PARENT_TYPED_INTERACTION_AOT row=27 rows=512 batches=3 parity=true recovery=true
METAL_FRAMEWORK_INTERACTION rows=512 batches=2 gpu_ms=0.04525005351752043
METAL_FRAMEWORK_INTERACTION rows=512 batches=2 gpu_ms=0.038624973967671394
PARENT_TYPED_INTERACTION_AOT row=28 rows=512 batches=2 parity=true recovery=true
METAL_FRAMEWORK_INTERACTION rows=512 batches=5 gpu_ms=0.07224990986287594
METAL_FRAMEWORK_INTERACTION rows=512 batches=5 gpu_ms=0.059999991208314896
PARENT_TYPED_INTERACTION_AOT row=29 rows=512 batches=5 parity=true recovery=true
METAL_FRAMEWORK_INTERACTION rows=512 batches=2 gpu_ms=0.046874978579580784
METAL_FRAMEWORK_INTERACTION rows=512 batches=2 gpu_ms=0.04112499300390482
PARENT_TYPED_INTERACTION_AOT row=30 rows=512 batches=2 parity=true recovery=true
METAL_FRAMEWORK_INTERACTION rows=512 batches=1 gpu_ms=0.034666736610233784
METAL_FRAMEWORK_INTERACTION rows=512 batches=1 gpu_ms=0.030916649848222733
PARENT_TYPED_INTERACTION_AOT row=31 rows=512 batches=1 parity=true recovery=true
METAL_FRAMEWORK_INTERACTION rows=512 batches=2 gpu_ms=0.04850002005696297
METAL_FRAMEWORK_INTERACTION rows=512 batches=2 gpu_ms=0.04249997437000275
PARENT_TYPED_INTERACTION_AOT row=32 rows=512 batches=2 parity=true recovery=true
METAL_FRAMEWORK_INTERACTION rows=512 batches=2 gpu_ms=0.06529164966195822
METAL_FRAMEWORK_INTERACTION rows=512 batches=2 gpu_ms=0.05550007335841656
PARENT_TYPED_INTERACTION_AOT row=33 rows=512 batches=2 parity=true recovery=true

Build Summary: 3/3 steps succeeded
test-riscv-metal-recursive-resident success
+- run /opt/homebrew/Cellar/zig@0.15/0.15.2/bin/zig success 31s MaxRSS:1G
   +- run /opt/homebrew/Cellar/zig@0.15/0.15.2/bin/zig success 218ms MaxRSS:41M

