BLAKE3_WITNESS_STAGE_PROFILE {"schema_version":1,"runtime":"host","example":"blake3-ethereum-witness","stages":[{"id":"witness.precompile","label":"Preflight and precompile witness","seconds":0.009445,"children":null},{"id":"witness.memory","label":"Memory commitment plan","seconds":0.001665,"children":null},{"id":"witness.hashes","label":"Hash columns and witness","seconds":0.038875,"children":null},{"id":"witness.native","label":"Native execution columns","seconds":0.000923,"children":null},{"id":"witness.lookup_counts","label":"Shared lookup counts and statement","seconds":0.034941,"children":null}]}
full-width witness: steps=1828 hash_counts={ 63000, 18000, 21360, 11097, 848, 303, 303, 404 } hash_logs={ 16, 15, 15, 14, 10, 9, 9, 9 } live=85000112 peak=104175377
full-width shared-path geometry [program, initial, final]: { .{ .words = 404, .independent_compressions = 98576, .shared_compressions = 4894, .proved_compressions = 0, .leaves = 1616, .parents = 1639, .frontier = 24 }, .{ .words = 136, .independent_compressions = 8296, .shared_compressions = 516, .proved_compressions = 516, .leaves = 136, .parents = 190, .frontier = 55 }, .{ .words = 167, .independent_compressions = 10187, .shared_compressions = 609, .proved_compressions = 609, .leaves = 167, .parents = 221, .frontier = 55 } }
METAL_STREAM_LEAVES columns=213 log=19 tile_log=17 scratch_bytes=67108864 working_bytes=46137344 dispatches=4 overlap=true gpu_ms=3.980
full-width admission: live=85689084 peak=178850973
METAL_STREAM_LEAVES columns=213 log=19 tile_log=17 scratch_bytes=67108864 working_bytes=46137344 dispatches=4 overlap=true gpu_ms=1.473
METAL_STREAM_LEAVES columns=6793 log=19 tile_log=16 scratch_bytes=67108864 working_bytes=44040192 dispatches=232 overlap=true gpu_ms=20.491
METAL_FRAMEWORK_INTERACTION rows=65536 batches=33 gpu_ms=2.490666665835306
METAL_FRAMEWORK_INTERACTION rows=32768 batches=4 gpu_ms=0.08950001210905612
METAL_FRAMEWORK_INTERACTION rows=32768 batches=1 gpu_ms=0.04429166438058019
METAL_FRAMEWORK_INTERACTION rows=16384 batches=2 gpu_ms=0.05900001269765198
METAL_FRAMEWORK_INTERACTION rows=1024 batches=2 gpu_ms=0.02924998989328742
METAL_FRAMEWORK_INTERACTION rows=512 batches=1 gpu_ms=0.02720835618674755
METAL_FRAMEWORK_INTERACTION rows=512 batches=2 gpu_ms=0.035500008380040526
METAL_FRAMEWORK_INTERACTION rows=512 batches=1 gpu_ms=0.01724998583085835
METAL_STREAM_LEAVES columns=7232 log=19 tile_log=16 scratch_bytes=67108864 working_bytes=44040192 dispatches=240 overlap=true gpu_ms=20.142
METAL_FRAMEWORK_COMPOSITION components=8 groups=5 gpu_ms=4.578
BLAKE3_EXECUTION_STAGE_PROFILE {"schema_version":1,"runtime":"native","example":"blake3-extension","stages":[{"id":"execution.fixed","label":"Admission and fixed commitment","seconds":0.031911,"children":null},{"id":"execution.main","label":"Main commitment","seconds":0.068552,"children":null},{"id":"execution.native_interaction","label":"Native interaction generation","seconds":0.010968,"children":null},{"id":"execution.hash_interaction","label":"Hash interaction generation","seconds":0.017904,"children":null},{"id":"execution.extension_interaction","label":"Precompile interaction generation","seconds":0.01716,"children":null},{"id":"execution.interaction_commit","label":"Interaction closure and commitment","seconds":0.074416,"children":null},{"id":"execution.core","label":"Core STARK proof","seconds":0.223756,"children":[{"id":"draw_random_coeff","label":"Draw random coefficient","seconds":0,"children":null},{"id":"composition_trace_extract","label":"Composition trace extract","seconds":0.000049,"children":null},{"id":"composition_evaluation","label":"Composition evaluation","seconds":0.069495,"children":null},{"id":"composition_interpolate_and_split","label":"Composition interpolate and split","seconds":0.002227,"children":null},{"id":"composition_commit","label":"Composition commit","seconds":0.001968,"children":null},{"id":"oods_point_and_mask_points","label":"OODS point and mask points","seconds":0.000776,"children":null},{"id":"sampled_value_evaluation","label":"Sampled-value evaluation","seconds":0.02981,"children":null},{"id":"sampled_value_channel_mix","label":"Sampled-value channel mix","seconds":0.001072,"children":null},{"id":"fri_quotient_build_and_commit","label":"FRI quotient build + commit (lazy)","seconds":0.082112,"children":null},{"id":"proof_of_work","label":"Proof of work","seconds":0.029423,"children":null},{"id":"fri_decommit","label":"FRI decommit","seconds":0.00126,"children":null},{"id":"trace_decommit","label":"Trace decommit","seconds":0.002532,"children":null},{"id":"constraint_check_and_assembly","label":"Constraint check and assembly","seconds":0.000698,"children":null}]}]}
BLAKE3_WITNESS_STAGE_PROFILE {"schema_version":1,"runtime":"host","example":"blake3-ethereum-witness","stages":[{"id":"witness.precompile","label":"Preflight and precompile witness","seconds":0.009284,"children":null},{"id":"witness.memory","label":"Memory commitment plan","seconds":0.001635,"children":null},{"id":"witness.hashes","label":"Hash columns and witness","seconds":0.038768,"children":null},{"id":"witness.native","label":"Native execution columns","seconds":0.000955,"children":null},{"id":"witness.lookup_counts","label":"Shared lookup counts and statement","seconds":0.034646,"children":null}]}
full-width witness: steps=1828 hash_counts={ 63000, 18000, 21360, 11097, 848, 303, 303, 404 } hash_logs={ 16, 15, 15, 14, 10, 9, 9, 9 } live=85000112 peak=607613467
full-width shared-path geometry [program, initial, final]: { .{ .words = 404, .independent_compressions = 98576, .shared_compressions = 4894, .proved_compressions = 0, .leaves = 1616, .parents = 1639, .frontier = 24 }, .{ .words = 136, .independent_compressions = 8296, .shared_compressions = 516, .proved_compressions = 516, .leaves = 136, .parents = 190, .frontier = 55 }, .{ .words = 167, .independent_compressions = 10187, .shared_compressions = 609, .proved_compressions = 609, .leaves = 167, .parents = 221, .frontier = 55 } }
METAL_STREAM_LEAVES columns=213 log=19 tile_log=17 scratch_bytes=67108864 working_bytes=46137344 dispatches=4 overlap=true gpu_ms=6.470
full-width admission: live=85689084 peak=607613467
METAL_STREAM_LEAVES columns=213 log=19 tile_log=17 scratch_bytes=67108864 working_bytes=46137344 dispatches=4 overlap=true gpu_ms=1.906
METAL_STREAM_LEAVES columns=6793 log=19 tile_log=16 scratch_bytes=67108864 working_bytes=44040192 dispatches=232 overlap=true gpu_ms=20.617
METAL_FRAMEWORK_INTERACTION rows=65536 batches=33 gpu_ms=2.511750004487112
METAL_FRAMEWORK_INTERACTION rows=32768 batches=4 gpu_ms=0.09099999442696571
METAL_FRAMEWORK_INTERACTION rows=32768 batches=1 gpu_ms=0.04458334296941757
METAL_FRAMEWORK_INTERACTION rows=16384 batches=2 gpu_ms=0.059583340771496296
METAL_FRAMEWORK_INTERACTION rows=1024 batches=2 gpu_ms=0.028749986086040735
METAL_FRAMEWORK_INTERACTION rows=512 batches=1 gpu_ms=0.027208327082917094
METAL_FRAMEWORK_INTERACTION rows=512 batches=2 gpu_ms=0.03637498593889177
METAL_FRAMEWORK_INTERACTION rows=512 batches=1 gpu_ms=0.01733331009745598
METAL_STREAM_LEAVES columns=7232 log=19 tile_log=16 scratch_bytes=67108864 working_bytes=44040192 dispatches=240 overlap=true gpu_ms=20.359
METAL_FRAMEWORK_COMPOSITION components=8 groups=5 gpu_ms=4.553
BLAKE3_EXECUTION_STAGE_PROFILE {"schema_version":1,"runtime":"native","example":"blake3-extension","stages":[{"id":"execution.fixed","label":"Admission and fixed commitment","seconds":0.027274,"children":null},{"id":"execution.main","label":"Main commitment","seconds":0.064234,"children":null},{"id":"execution.native_interaction","label":"Native interaction generation","seconds":0.01113,"children":null},{"id":"execution.hash_interaction","label":"Hash interaction generation","seconds":0.01238,"children":null},{"id":"execution.extension_interaction","label":"Precompile interaction generation","seconds":0.017158,"children":null},{"id":"execution.interaction_commit","label":"Interaction closure and commitment","seconds":0.073636,"children":null},{"id":"execution.core","label":"Core STARK proof","seconds":0.208033,"children":[{"id":"draw_random_coeff","label":"Draw random coefficient","seconds":0,"children":null},{"id":"composition_trace_extract","label":"Composition trace extract","seconds":0.00005,"children":null},{"id":"composition_evaluation","label":"Composition evaluation","seconds":0.068172,"children":null},{"id":"composition_interpolate_and_split","label":"Composition interpolate and split","seconds":0.002209,"children":null},{"id":"composition_commit","label":"Composition commit","seconds":0.001972,"children":null},{"id":"oods_point_and_mask_points","label":"OODS point and mask points","seconds":0.000706,"children":null},{"id":"sampled_value_evaluation","label":"Sampled-value evaluation","seconds":0.029595,"children":null},{"id":"sampled_value_channel_mix","label":"Sampled-value channel mix","seconds":0.001058,"children":null},{"id":"fri_quotient_build_and_commit","label":"FRI quotient build + commit (lazy)","seconds":0.077207,"children":null},{"id":"proof_of_work","label":"Proof of work","seconds":0.020642,"children":null},{"id":"fri_decommit","label":"FRI decommit","seconds":0.001256,"children":null},{"id":"trace_decommit","label":"Trace decommit","seconds":0.00208,"children":null},{"id":"constraint_check_and_assembly","label":"Constraint check and assembly","seconds":0.000675,"children":null}]}]}
BLAKE3_WITNESS_STAGE_PROFILE {"schema_version":1,"runtime":"host","example":"blake3-ethereum-witness","stages":[{"id":"witness.precompile","label":"Preflight and precompile witness","seconds":0.009409,"children":null},{"id":"witness.memory","label":"Memory commitment plan","seconds":0.001682,"children":null},{"id":"witness.hashes","label":"Hash columns and witness","seconds":0.039745,"children":null},{"id":"witness.native","label":"Native execution columns","seconds":0.000911,"children":null},{"id":"witness.lookup_counts","label":"Shared lookup counts and statement","seconds":0.033917,"children":null}]}
full-width witness: steps=1828 hash_counts={ 63000, 18000, 21360, 11097, 848, 303, 303, 404 } hash_logs={ 16, 15, 15, 14, 10, 9, 9, 9 } live=85000112 peak=607613467
full-width shared-path geometry [program, initial, final]: { .{ .words = 404, .independent_compressions = 98576, .shared_compressions = 4894, .proved_compressions = 0, .leaves = 1616, .parents = 1639, .frontier = 24 }, .{ .words = 136, .independent_compressions = 8296, .shared_compressions = 516, .proved_compressions = 516, .leaves = 136, .parents = 190, .frontier = 55 }, .{ .words = 167, .independent_compressions = 10187, .shared_compressions = 609, .proved_compressions = 609, .leaves = 167, .parents = 221, .frontier = 55 } }
METAL_STREAM_LEAVES columns=213 log=19 tile_log=17 scratch_bytes=67108864 working_bytes=46137344 dispatches=4 overlap=true gpu_ms=2.691
full-width admission: live=85689084 peak=607613467
METAL_STREAM_LEAVES columns=213 log=19 tile_log=17 scratch_bytes=67108864 working_bytes=46137344 dispatches=4 overlap=true gpu_ms=1.357
METAL_STREAM_LEAVES columns=6793 log=19 tile_log=16 scratch_bytes=67108864 working_bytes=44040192 dispatches=232 overlap=true gpu_ms=20.598
METAL_FRAMEWORK_INTERACTION rows=65536 batches=33 gpu_ms=2.3799583432264626
METAL_FRAMEWORK_INTERACTION rows=32768 batches=4 gpu_ms=0.08808335405774415
METAL_FRAMEWORK_INTERACTION rows=32768 batches=1 gpu_ms=0.045916647650301456
METAL_FRAMEWORK_INTERACTION rows=16384 batches=2 gpu_ms=0.059375015553086996
METAL_FRAMEWORK_INTERACTION rows=1024 batches=2 gpu_ms=0.028874987037852407
METAL_FRAMEWORK_INTERACTION rows=512 batches=1 gpu_ms=0.026749999960884452
METAL_FRAMEWORK_INTERACTION rows=512 batches=2 gpu_ms=0.03595833550207317
METAL_FRAMEWORK_INTERACTION rows=512 batches=1 gpu_ms=0.017000013031065464
METAL_STREAM_LEAVES columns=7232 log=19 tile_log=16 scratch_bytes=67108864 working_bytes=44040192 dispatches=240 overlap=true gpu_ms=20.377
METAL_FRAMEWORK_COMPOSITION components=8 groups=5 gpu_ms=4.638
BLAKE3_EXECUTION_STAGE_PROFILE {"schema_version":1,"runtime":"native","example":"blake3-extension","stages":[{"id":"execution.fixed","label":"Admission and fixed commitment","seconds":0.029209,"children":null},{"id":"execution.main","label":"Main commitment","seconds":0.066499,"children":null},{"id":"execution.native_interaction","label":"Native interaction generation","seconds":0.013807,"children":null},{"id":"execution.hash_interaction","label":"Hash interaction generation","seconds":0.011684,"children":null},{"id":"execution.extension_interaction","label":"Precompile interaction generation","seconds":0.016821,"children":null},{"id":"execution.interaction_commit","label":"Interaction closure and commitment","seconds":0.070779,"children":null},{"id":"execution.core","label":"Core STARK proof","seconds":0.225038,"children":[{"id":"draw_random_coeff","label":"Draw random coefficient","seconds":0,"children":null},{"id":"composition_trace_extract","label":"Composition trace extract","seconds":0.000057,"children":null},{"id":"composition_evaluation","label":"Composition evaluation","seconds":0.068802,"children":null},{"id":"composition_interpolate_and_split","label":"Composition interpolate and split","seconds":0.00161,"children":null},{"id":"composition_commit","label":"Composition commit","seconds":0.001849,"children":null},{"id":"oods_point_and_mask_points","label":"OODS point and mask points","seconds":0.000712,"children":null},{"id":"sampled_value_evaluation","label":"Sampled-value evaluation","seconds":0.028147,"children":null},{"id":"sampled_value_channel_mix","label":"Sampled-value channel mix","seconds":0.001046,"children":null},{"id":"fri_quotient_build_and_commit","label":"FRI quotient build + commit (lazy)","seconds":0.090827,"children":null},{"id":"proof_of_work","label":"Proof of work","seconds":0.025636,"children":null},{"id":"fri_decommit","label":"FRI decommit","seconds":0.001191,"children":null},{"id":"trace_decommit","label":"Trace decommit","seconds":0.002117,"children":null},{"id":"constraint_check_and_assembly","label":"Constraint check and assembly","seconds":0.00067,"children":null}]}]}
