METAL_STREAM_LEAVES columns=137 log=21 tile_log=17 scratch_bytes=46137344 working_bytes=46137344 dispatches=32 overlap=false gpu_ms=5.126
METAL_STREAM_LEAVES columns=137 log=21 tile_log=17 scratch_bytes=46137344 working_bytes=46137344 dispatches=32 overlap=false gpu_ms=5.034
METAL_STREAM_LEAVES columns=619 log=21 tile_log=17 scratch_bytes=62914560 working_bytes=62914560 dispatches=160 overlap=false gpu_ms=21.761
METAL_FRAMEWORK_INTERACTION rows=1048576 batches=33 gpu_ms=38.51062498870306
METAL_FRAMEWORK_INTERACTION rows=262144 batches=4 gpu_ms=0.4429166729096323
METAL_FRAMEWORK_INTERACTION rows=262144 batches=1 gpu_ms=0.2691666886676103
METAL_FRAMEWORK_INTERACTION rows=131072 batches=2 gpu_ms=0.3229583380743861
METAL_FRAMEWORK_INTERACTION rows=1024 batches=2 gpu_ms=0.0549999822396785
METAL_FRAMEWORK_INTERACTION rows=4096 batches=1 gpu_ms=0.13775000115856528
METAL_FRAMEWORK_INTERACTION rows=4096 batches=2 gpu_ms=0.06379166734404862
METAL_FRAMEWORK_INTERACTION rows=4096 batches=1 gpu_ms=0.035916658816859126
METAL_STREAM_LEAVES columns=572 log=21 tile_log=17 scratch_bytes=62914560 working_bytes=62914560 dispatches=160 overlap=false gpu_ms=20.136
METAL_FRAMEWORK_COMPOSITION components=8 groups=5 gpu_ms=69.125
BLAKE3_EXECUTION_STAGE_PROFILE {"schema_version":1,"runtime":"native","example":"blake3-execution","stages":[{"id":"execution.fixed","label":"Admission and fixed commitment","seconds":0.097606,"children":null},{"id":"execution.main","label":"Main commitment","seconds":0.24829,"children":null},{"id":"execution.native_interaction","label":"Native interaction generation","seconds":0.023858,"children":null},{"id":"execution.hash_interaction","label":"Hash interaction generation","seconds":0.153619,"children":null},{"id":"execution.interaction_commit","label":"Interaction closure and commitment","seconds":0.269167,"children":null},{"id":"execution.core","label":"Core STARK proof","seconds":0.610098,"children":[{"id":"draw_random_coeff","label":"Draw random coefficient","seconds":0.000001,"children":null},{"id":"composition_trace_extract","label":"Composition trace extract","seconds":0.00001,"children":null},{"id":"composition_evaluation","label":"Composition evaluation","seconds":0.296023,"children":null},{"id":"composition_interpolate_and_split","label":"Composition interpolate and split","seconds":0.0048,"children":null},{"id":"composition_commit","label":"Composition commit","seconds":0.006264,"children":null},{"id":"oods_point_and_mask_points","label":"OODS point and mask points","seconds":0.000255,"children":null},{"id":"sampled_value_evaluation","label":"Sampled-value evaluation","seconds":0.183386,"children":null},{"id":"sampled_value_channel_mix","label":"Sampled-value channel mix","seconds":0.000055,"children":null},{"id":"fri_quotient_build_and_commit","label":"FRI quotient build + commit (lazy)","seconds":0.085069,"children":null},{"id":"proof_of_work","label":"Proof of work","seconds":0.015469,"children":null},{"id":"fri_decommit","label":"FRI decommit","seconds":0.002799,"children":null},{"id":"trace_decommit","label":"Trace decommit","seconds":0.001813,"children":null},{"id":"constraint_check_and_assembly","label":"Constraint check and assembly","seconds":0.00025,"children":null}]}]}
METAL_STREAM_LEAVES columns=137 log=21 tile_log=17 scratch_bytes=46137344 working_bytes=46137344 dispatches=32 overlap=false gpu_ms=4.629
METAL_STREAM_LEAVES columns=137 log=21 tile_log=17 scratch_bytes=46137344 working_bytes=46137344 dispatches=32 overlap=false gpu_ms=4.178
METAL_STREAM_LEAVES columns=619 log=21 tile_log=17 scratch_bytes=62914560 working_bytes=62914560 dispatches=160 overlap=false gpu_ms=19.885
METAL_FRAMEWORK_INTERACTION rows=1048576 batches=33 gpu_ms=34.93162497761659
METAL_FRAMEWORK_INTERACTION rows=262144 batches=4 gpu_ms=0.4503333184402436
METAL_FRAMEWORK_INTERACTION rows=262144 batches=1 gpu_ms=0.28916666633449495
METAL_FRAMEWORK_INTERACTION rows=131072 batches=2 gpu_ms=0.38320833118632436
METAL_FRAMEWORK_INTERACTION rows=1024 batches=2 gpu_ms=0.053499999921768904
METAL_FRAMEWORK_INTERACTION rows=4096 batches=1 gpu_ms=0.05333332228474319
METAL_FRAMEWORK_INTERACTION rows=4096 batches=2 gpu_ms=0.04025001544505358
METAL_FRAMEWORK_INTERACTION rows=4096 batches=1 gpu_ms=0.021833315258845687
METAL_STREAM_LEAVES columns=572 log=21 tile_log=17 scratch_bytes=62914560 working_bytes=62914560 dispatches=160 overlap=false gpu_ms=19.023
METAL_FRAMEWORK_COMPOSITION components=8 groups=5 gpu_ms=69.152
BLAKE3_EXECUTION_STAGE_PROFILE {"schema_version":1,"runtime":"native","example":"blake3-execution","stages":[{"id":"execution.fixed","label":"Admission and fixed commitment","seconds":0.102819,"children":null},{"id":"execution.main","label":"Main commitment","seconds":0.252187,"children":null},{"id":"execution.native_interaction","label":"Native interaction generation","seconds":0.019168,"children":null},{"id":"execution.hash_interaction","label":"Hash interaction generation","seconds":0.142461,"children":null},{"id":"execution.interaction_commit","label":"Interaction closure and commitment","seconds":0.258366,"children":null},{"id":"execution.core","label":"Core STARK proof","seconds":0.583127,"children":[{"id":"draw_random_coeff","label":"Draw random coefficient","seconds":0.000001,"children":null},{"id":"composition_trace_extract","label":"Composition trace extract","seconds":0.000013,"children":null},{"id":"composition_evaluation","label":"Composition evaluation","seconds":0.256667,"children":null},{"id":"composition_interpolate_and_split","label":"Composition interpolate and split","seconds":0.005222,"children":null},{"id":"composition_commit","label":"Composition commit","seconds":0.006255,"children":null},{"id":"oods_point_and_mask_points","label":"OODS point and mask points","seconds":0.000259,"children":null},{"id":"sampled_value_evaluation","label":"Sampled-value evaluation","seconds":0.188302,"children":null},{"id":"sampled_value_channel_mix","label":"Sampled-value channel mix","seconds":0.000058,"children":null},{"id":"fri_quotient_build_and_commit","label":"FRI quotient build + commit (lazy)","seconds":0.085769,"children":null},{"id":"proof_of_work","label":"Proof of work","seconds":0.015827,"children":null},{"id":"fri_decommit","label":"FRI decommit","seconds":0.006906,"children":null},{"id":"trace_decommit","label":"Trace decommit","seconds":0.001894,"children":null},{"id":"constraint_check_and_assembly","label":"Constraint check and assembly","seconds":0.000238,"children":null}]}]}
METAL_STREAM_LEAVES columns=137 log=21 tile_log=17 scratch_bytes=46137344 working_bytes=46137344 dispatches=32 overlap=false gpu_ms=4.935
METAL_STREAM_LEAVES columns=137 log=21 tile_log=17 scratch_bytes=46137344 working_bytes=46137344 dispatches=32 overlap=false gpu_ms=5.274
METAL_STREAM_LEAVES columns=619 log=21 tile_log=17 scratch_bytes=62914560 working_bytes=62914560 dispatches=160 overlap=false gpu_ms=20.951
METAL_FRAMEWORK_INTERACTION rows=1048576 batches=33 gpu_ms=37.60237502865493
METAL_FRAMEWORK_INTERACTION rows=262144 batches=4 gpu_ms=0.4620416439138353
METAL_FRAMEWORK_INTERACTION rows=262144 batches=1 gpu_ms=0.2688750100787729
METAL_FRAMEWORK_INTERACTION rows=131072 batches=2 gpu_ms=0.2745833189692348
METAL_FRAMEWORK_INTERACTION rows=1024 batches=2 gpu_ms=0.04708333290182054
METAL_FRAMEWORK_INTERACTION rows=4096 batches=1 gpu_ms=0.05283334758132696
METAL_FRAMEWORK_INTERACTION rows=4096 batches=2 gpu_ms=0.07049998384900391
METAL_FRAMEWORK_INTERACTION rows=4096 batches=1 gpu_ms=0.03433332312852144
METAL_STREAM_LEAVES columns=572 log=21 tile_log=17 scratch_bytes=62914560 working_bytes=62914560 dispatches=160 overlap=false gpu_ms=19.387
METAL_FRAMEWORK_COMPOSITION components=8 groups=5 gpu_ms=69.123
BLAKE3_EXECUTION_STAGE_PROFILE {"schema_version":1,"runtime":"native","example":"blake3-execution","stages":[{"id":"execution.fixed","label":"Admission and fixed commitment","seconds":0.102397,"children":null},{"id":"execution.main","label":"Main commitment","seconds":0.253735,"children":null},{"id":"execution.native_interaction","label":"Native interaction generation","seconds":0.022643,"children":null},{"id":"execution.hash_interaction","label":"Hash interaction generation","seconds":0.14583,"children":null},{"id":"execution.interaction_commit","label":"Interaction closure and commitment","seconds":0.264468,"children":null},{"id":"execution.core","label":"Core STARK proof","seconds":0.58434,"children":[{"id":"draw_random_coeff","label":"Draw random coefficient","seconds":0,"children":null},{"id":"composition_trace_extract","label":"Composition trace extract","seconds":0.000005,"children":null},{"id":"composition_evaluation","label":"Composition evaluation","seconds":0.257929,"children":null},{"id":"composition_interpolate_and_split","label":"Composition interpolate and split","seconds":0.004977,"children":null},{"id":"composition_commit","label":"Composition commit","seconds":0.00625,"children":null},{"id":"oods_point_and_mask_points","label":"OODS point and mask points","seconds":0.000252,"children":null},{"id":"sampled_value_evaluation","label":"Sampled-value evaluation","seconds":0.188408,"children":null},{"id":"sampled_value_channel_mix","label":"Sampled-value channel mix","seconds":0.000055,"children":null},{"id":"fri_quotient_build_and_commit","label":"FRI quotient build + commit (lazy)","seconds":0.085653,"children":null},{"id":"proof_of_work","label":"Proof of work","seconds":0.01651,"children":null},{"id":"fri_decommit","label":"FRI decommit","seconds":0.006317,"children":null},{"id":"trace_decommit","label":"Trace decommit","seconds":0.001926,"children":null},{"id":"constraint_check_and_assembly","label":"Constraint check and assembly","seconds":0.000212,"children":null}]}]}
