METAL_STREAM_LEAVES columns=137 log=21 tile_log=17 scratch_bytes=67108864 working_bytes=46137344 dispatches=32 overlap=true gpu_ms=5.849
METAL_STREAM_LEAVES columns=137 log=21 tile_log=17 scratch_bytes=67108864 working_bytes=46137344 dispatches=32 overlap=true gpu_ms=5.964
METAL_STREAM_LEAVES columns=619 log=21 tile_log=17 scratch_bytes=67108864 working_bytes=62914560 dispatches=160 overlap=true gpu_ms=31.256
METAL_FRAMEWORK_INTERACTION rows=1048576 batches=33 gpu_ms=40.27366667287424
METAL_FRAMEWORK_INTERACTION rows=262144 batches=4 gpu_ms=0.45599997974932194
METAL_FRAMEWORK_INTERACTION rows=262144 batches=1 gpu_ms=0.2649583329912275
METAL_FRAMEWORK_INTERACTION rows=131072 batches=2 gpu_ms=0.35770831163972616
METAL_FRAMEWORK_INTERACTION rows=1024 batches=2 gpu_ms=0.1831666741054505
METAL_FRAMEWORK_INTERACTION rows=4096 batches=1 gpu_ms=0.046791654312983155
METAL_FRAMEWORK_INTERACTION rows=4096 batches=2 gpu_ms=0.07025001104921103
METAL_FRAMEWORK_INTERACTION rows=4096 batches=1 gpu_ms=0.03654166357591748
METAL_STREAM_LEAVES columns=572 log=21 tile_log=17 scratch_bytes=67108864 working_bytes=62914560 dispatches=160 overlap=true gpu_ms=19.517
METAL_FRAMEWORK_COMPOSITION components=8 groups=5 gpu_ms=68.009
BLAKE3_EXECUTION_STAGE_PROFILE {"schema_version":1,"runtime":"native","example":"blake3-execution","stages":[{"id":"execution.fixed","label":"Admission and fixed commitment","seconds":0.091989,"children":null},{"id":"execution.main","label":"Main commitment","seconds":0.214009,"children":null},{"id":"execution.native_interaction","label":"Native interaction generation","seconds":0.019152,"children":null},{"id":"execution.hash_interaction","label":"Hash interaction generation","seconds":0.154543,"children":null},{"id":"execution.interaction_commit","label":"Interaction closure and commitment","seconds":0.220935,"children":null},{"id":"execution.core","label":"Core STARK proof","seconds":0.61101,"children":[{"id":"draw_random_coeff","label":"Draw random coefficient","seconds":0,"children":null},{"id":"composition_trace_extract","label":"Composition trace extract","seconds":0.000009,"children":null},{"id":"composition_evaluation","label":"Composition evaluation","seconds":0.293416,"children":null},{"id":"composition_interpolate_and_split","label":"Composition interpolate and split","seconds":0.0051,"children":null},{"id":"composition_commit","label":"Composition commit","seconds":0.006674,"children":null},{"id":"oods_point_and_mask_points","label":"OODS point and mask points","seconds":0.000258,"children":null},{"id":"sampled_value_evaluation","label":"Sampled-value evaluation","seconds":0.181462,"children":null},{"id":"sampled_value_channel_mix","label":"Sampled-value channel mix","seconds":0.000052,"children":null},{"id":"fri_quotient_build_and_commit","label":"FRI quotient build + commit (lazy)","seconds":0.083956,"children":null},{"id":"proof_of_work","label":"Proof of work","seconds":0.015028,"children":null},{"id":"fri_decommit","label":"FRI decommit","seconds":0.006786,"children":null},{"id":"trace_decommit","label":"Trace decommit","seconds":0.001803,"children":null},{"id":"constraint_check_and_assembly","label":"Constraint check and assembly","seconds":0.000237,"children":null}]}]}
METAL_STREAM_LEAVES columns=137 log=21 tile_log=17 scratch_bytes=67108864 working_bytes=46137344 dispatches=32 overlap=true gpu_ms=7.630
METAL_STREAM_LEAVES columns=137 log=21 tile_log=17 scratch_bytes=67108864 working_bytes=46137344 dispatches=32 overlap=true gpu_ms=4.365
METAL_STREAM_LEAVES columns=619 log=21 tile_log=17 scratch_bytes=67108864 working_bytes=62914560 dispatches=160 overlap=true gpu_ms=29.383
METAL_FRAMEWORK_INTERACTION rows=1048576 batches=33 gpu_ms=36.256125022191554
METAL_FRAMEWORK_INTERACTION rows=262144 batches=4 gpu_ms=0.4652499919757247
METAL_FRAMEWORK_INTERACTION rows=262144 batches=1 gpu_ms=0.26904165861196816
METAL_FRAMEWORK_INTERACTION rows=131072 batches=2 gpu_ms=0.3766666632145643
METAL_FRAMEWORK_INTERACTION rows=1024 batches=2 gpu_ms=0.052749994210898876
METAL_FRAMEWORK_INTERACTION rows=4096 batches=1 gpu_ms=0.05245831562206149
METAL_FRAMEWORK_INTERACTION rows=4096 batches=2 gpu_ms=0.07112498860806227
METAL_FRAMEWORK_INTERACTION rows=4096 batches=1 gpu_ms=0.035500008380040526
METAL_STREAM_LEAVES columns=572 log=21 tile_log=17 scratch_bytes=67108864 working_bytes=62914560 dispatches=160 overlap=true gpu_ms=19.094
METAL_FRAMEWORK_COMPOSITION components=8 groups=5 gpu_ms=68.578
BLAKE3_EXECUTION_STAGE_PROFILE {"schema_version":1,"runtime":"native","example":"blake3-execution","stages":[{"id":"execution.fixed","label":"Admission and fixed commitment","seconds":0.093322,"children":null},{"id":"execution.main","label":"Main commitment","seconds":0.21332,"children":null},{"id":"execution.native_interaction","label":"Native interaction generation","seconds":0.018566,"children":null},{"id":"execution.hash_interaction","label":"Hash interaction generation","seconds":0.144875,"children":null},{"id":"execution.interaction_commit","label":"Interaction closure and commitment","seconds":0.218968,"children":null},{"id":"execution.core","label":"Core STARK proof","seconds":0.585743,"children":[{"id":"draw_random_coeff","label":"Draw random coefficient","seconds":0.000001,"children":null},{"id":"composition_trace_extract","label":"Composition trace extract","seconds":0.000005,"children":null},{"id":"composition_evaluation","label":"Composition evaluation","seconds":0.262513,"children":null},{"id":"composition_interpolate_and_split","label":"Composition interpolate and split","seconds":0.002067,"children":null},{"id":"composition_commit","label":"Composition commit","seconds":0.006378,"children":null},{"id":"oods_point_and_mask_points","label":"OODS point and mask points","seconds":0.000237,"children":null},{"id":"sampled_value_evaluation","label":"Sampled-value evaluation","seconds":0.190856,"children":null},{"id":"sampled_value_channel_mix","label":"Sampled-value channel mix","seconds":0.000055,"children":null},{"id":"fri_quotient_build_and_commit","label":"FRI quotient build + commit (lazy)","seconds":0.083724,"children":null},{"id":"proof_of_work","label":"Proof of work","seconds":0.015772,"children":null},{"id":"fri_decommit","label":"FRI decommit","seconds":0.006585,"children":null},{"id":"trace_decommit","label":"Trace decommit","seconds":0.002025,"children":null},{"id":"constraint_check_and_assembly","label":"Constraint check and assembly","seconds":0.000214,"children":null}]}]}
METAL_STREAM_LEAVES columns=137 log=21 tile_log=17 scratch_bytes=67108864 working_bytes=46137344 dispatches=32 overlap=true gpu_ms=4.380
METAL_STREAM_LEAVES columns=137 log=21 tile_log=17 scratch_bytes=67108864 working_bytes=46137344 dispatches=32 overlap=true gpu_ms=4.409
METAL_STREAM_LEAVES columns=619 log=21 tile_log=17 scratch_bytes=67108864 working_bytes=62914560 dispatches=160 overlap=true gpu_ms=27.307
METAL_FRAMEWORK_INTERACTION rows=1048576 batches=33 gpu_ms=35.680791683262214
METAL_FRAMEWORK_INTERACTION rows=262144 batches=4 gpu_ms=0.46008333447389305
METAL_FRAMEWORK_INTERACTION rows=262144 batches=1 gpu_ms=0.26375000015832484
METAL_FRAMEWORK_INTERACTION rows=131072 batches=2 gpu_ms=0.33137499121949077
METAL_FRAMEWORK_INTERACTION rows=1024 batches=2 gpu_ms=0.04720833385363221
METAL_FRAMEWORK_INTERACTION rows=4096 batches=1 gpu_ms=0.04708333290182054
METAL_FRAMEWORK_INTERACTION rows=4096 batches=2 gpu_ms=0.25725000887177885
METAL_FRAMEWORK_INTERACTION rows=4096 batches=1 gpu_ms=0.028666661819443107
METAL_STREAM_LEAVES columns=572 log=21 tile_log=17 scratch_bytes=67108864 working_bytes=62914560 dispatches=160 overlap=true gpu_ms=19.385
METAL_FRAMEWORK_COMPOSITION components=8 groups=5 gpu_ms=68.221
BLAKE3_EXECUTION_STAGE_PROFILE {"schema_version":1,"runtime":"native","example":"blake3-execution","stages":[{"id":"execution.fixed","label":"Admission and fixed commitment","seconds":0.095517,"children":null},{"id":"execution.main","label":"Main commitment","seconds":0.210673,"children":null},{"id":"execution.native_interaction","label":"Native interaction generation","seconds":0.018614,"children":null},{"id":"execution.hash_interaction","label":"Hash interaction generation","seconds":0.144943,"children":null},{"id":"execution.interaction_commit","label":"Interaction closure and commitment","seconds":0.216048,"children":null},{"id":"execution.core","label":"Core STARK proof","seconds":0.584818,"children":[{"id":"draw_random_coeff","label":"Draw random coefficient","seconds":0,"children":null},{"id":"composition_trace_extract","label":"Composition trace extract","seconds":0.000005,"children":null},{"id":"composition_evaluation","label":"Composition evaluation","seconds":0.265256,"children":null},{"id":"composition_interpolate_and_split","label":"Composition interpolate and split","seconds":0.004961,"children":null},{"id":"composition_commit","label":"Composition commit","seconds":0.00649,"children":null},{"id":"oods_point_and_mask_points","label":"OODS point and mask points","seconds":0.000241,"children":null},{"id":"sampled_value_evaluation","label":"Sampled-value evaluation","seconds":0.182658,"children":null},{"id":"sampled_value_channel_mix","label":"Sampled-value channel mix","seconds":0.000054,"children":null},{"id":"fri_quotient_build_and_commit","label":"FRI quotient build + commit (lazy)","seconds":0.084624,"children":null},{"id":"proof_of_work","label":"Proof of work","seconds":0.01605,"children":null},{"id":"fri_decommit","label":"FRI decommit","seconds":0.006619,"children":null},{"id":"trace_decommit","label":"Trace decommit","seconds":0.001825,"children":null},{"id":"constraint_check_and_assembly","label":"Constraint check and assembly","seconds":0.000219,"children":null}]}]}
