METAL_STREAM_LEAVES columns=139 log=21 tile_log=17 scratch_bytes=67108864 working_bytes=46137344 dispatches=32 overlap=true gpu_ms=5.324
METAL_STREAM_LEAVES columns=139 log=21 tile_log=17 scratch_bytes=67108864 working_bytes=46137344 dispatches=32 overlap=true gpu_ms=5.849
METAL_STREAM_LEAVES columns=654 log=21 tile_log=17 scratch_bytes=67108864 working_bytes=62914560 dispatches=176 overlap=true gpu_ms=18.788
METAL_FRAMEWORK_INTERACTION rows=1048576 batches=33 gpu_ms=37.4969583353959
METAL_FRAMEWORK_INTERACTION rows=262144 batches=4 gpu_ms=0.44729167711921036
METAL_FRAMEWORK_INTERACTION rows=262144 batches=1 gpu_ms=0.3162916691508144
METAL_FRAMEWORK_INTERACTION rows=131072 batches=2 gpu_ms=0.30074999085627496
METAL_FRAMEWORK_INTERACTION rows=1024 batches=2 gpu_ms=0.05512498319149017
METAL_FRAMEWORK_INTERACTION rows=4096 batches=1 gpu_ms=0.11695834109559655
METAL_FRAMEWORK_INTERACTION rows=4096 batches=2 gpu_ms=0.04441666533239186
METAL_FRAMEWORK_INTERACTION rows=8192 batches=1 gpu_ms=0.037708348827436566
METAL_STREAM_LEAVES columns=608 log=21 tile_log=17 scratch_bytes=67108864 working_bytes=62914560 dispatches=176 overlap=true gpu_ms=21.764
METAL_FRAMEWORK_COMPOSITION components=8 groups=6 gpu_ms=68.587
BLAKE3_EXECUTION_STAGE_PROFILE {"schema_version":1,"runtime":"native","example":"blake3-execution","stages":[{"id":"execution.fixed","label":"Admission and fixed commitment","seconds":0.093253,"children":null},{"id":"execution.main","label":"Main commitment","seconds":0.211803,"children":null},{"id":"execution.native_interaction","label":"Native interaction generation","seconds":0.09035,"children":null},{"id":"execution.hash_interaction","label":"Hash interaction generation","seconds":0.150049,"children":null},{"id":"execution.interaction_commit","label":"Interaction closure and commitment","seconds":0.229967,"children":null},{"id":"execution.core","label":"Core STARK proof","seconds":0.594791,"children":[{"id":"draw_random_coeff","label":"Draw random coefficient","seconds":0.000001,"children":null},{"id":"composition_trace_extract","label":"Composition trace extract","seconds":0.000006,"children":null},{"id":"composition_evaluation","label":"Composition evaluation","seconds":0.287213,"children":null},{"id":"composition_interpolate_and_split","label":"Composition interpolate and split","seconds":0.005181,"children":null},{"id":"composition_commit","label":"Composition commit","seconds":0.006296,"children":null},{"id":"oods_point_and_mask_points","label":"OODS point and mask points","seconds":0.000273,"children":null},{"id":"sampled_value_evaluation","label":"Sampled-value evaluation","seconds":0.188472,"children":null},{"id":"sampled_value_channel_mix","label":"Sampled-value channel mix","seconds":0.000066,"children":null},{"id":"fri_quotient_build_and_commit","label":"FRI quotient build + commit (lazy)","seconds":0.08731,"children":null},{"id":"proof_of_work","label":"Proof of work","seconds":0.002066,"children":null},{"id":"fri_decommit","label":"FRI decommit","seconds":0.002012,"children":null},{"id":"trace_decommit","label":"Trace decommit","seconds":0.001887,"children":null},{"id":"constraint_check_and_assembly","label":"Constraint check and assembly","seconds":0.000265,"children":null}]}]}
METAL_STREAM_LEAVES columns=139 log=21 tile_log=17 scratch_bytes=67108864 working_bytes=46137344 dispatches=32 overlap=true gpu_ms=5.924
METAL_STREAM_LEAVES columns=139 log=21 tile_log=17 scratch_bytes=67108864 working_bytes=46137344 dispatches=32 overlap=true gpu_ms=6.479
METAL_STREAM_LEAVES columns=654 log=21 tile_log=17 scratch_bytes=67108864 working_bytes=62914560 dispatches=176 overlap=true gpu_ms=31.511
METAL_FRAMEWORK_INTERACTION rows=1048576 batches=33 gpu_ms=39.74391665542498
METAL_FRAMEWORK_INTERACTION rows=262144 batches=4 gpu_ms=0.445208337623626
METAL_FRAMEWORK_INTERACTION rows=262144 batches=1 gpu_ms=0.24595833383500576
METAL_FRAMEWORK_INTERACTION rows=131072 batches=2 gpu_ms=0.308749993564561
METAL_FRAMEWORK_INTERACTION rows=1024 batches=2 gpu_ms=0.05533333751372993
METAL_FRAMEWORK_INTERACTION rows=4096 batches=1 gpu_ms=0.1957500062417239
METAL_FRAMEWORK_INTERACTION rows=4096 batches=2 gpu_ms=0.07233332144096494
METAL_FRAMEWORK_INTERACTION rows=8192 batches=1 gpu_ms=0.03912497777491808
METAL_STREAM_LEAVES columns=608 log=21 tile_log=17 scratch_bytes=67108864 working_bytes=62914560 dispatches=176 overlap=true gpu_ms=20.685
METAL_FRAMEWORK_COMPOSITION components=8 groups=6 gpu_ms=68.409
BLAKE3_EXECUTION_STAGE_PROFILE {"schema_version":1,"runtime":"native","example":"blake3-execution","stages":[{"id":"execution.fixed","label":"Admission and fixed commitment","seconds":0.099103,"children":null},{"id":"execution.main","label":"Main commitment","seconds":0.220367,"children":null},{"id":"execution.native_interaction","label":"Native interaction generation","seconds":0.09064,"children":null},{"id":"execution.hash_interaction","label":"Hash interaction generation","seconds":0.14757,"children":null},{"id":"execution.interaction_commit","label":"Interaction closure and commitment","seconds":0.227821,"children":null},{"id":"execution.core","label":"Core STARK proof","seconds":0.56171,"children":[{"id":"draw_random_coeff","label":"Draw random coefficient","seconds":0,"children":null},{"id":"composition_trace_extract","label":"Composition trace extract","seconds":0.000006,"children":null},{"id":"composition_evaluation","label":"Composition evaluation","seconds":0.255583,"children":null},{"id":"composition_interpolate_and_split","label":"Composition interpolate and split","seconds":0.005186,"children":null},{"id":"composition_commit","label":"Composition commit","seconds":0.006409,"children":null},{"id":"oods_point_and_mask_points","label":"OODS point and mask points","seconds":0.000266,"children":null},{"id":"sampled_value_evaluation","label":"Sampled-value evaluation","seconds":0.187998,"children":null},{"id":"sampled_value_channel_mix","label":"Sampled-value channel mix","seconds":0.000058,"children":null},{"id":"fri_quotient_build_and_commit","label":"FRI quotient build + commit (lazy)","seconds":0.086244,"children":null},{"id":"proof_of_work","label":"Proof of work","seconds":0.001867,"children":null},{"id":"fri_decommit","label":"FRI decommit","seconds":0.002077,"children":null},{"id":"trace_decommit","label":"Trace decommit","seconds":0.001894,"children":null},{"id":"constraint_check_and_assembly","label":"Constraint check and assembly","seconds":0.000236,"children":null}]}]}
METAL_STREAM_LEAVES columns=139 log=21 tile_log=17 scratch_bytes=67108864 working_bytes=46137344 dispatches=32 overlap=true gpu_ms=4.882
METAL_STREAM_LEAVES columns=139 log=21 tile_log=17 scratch_bytes=67108864 working_bytes=46137344 dispatches=32 overlap=true gpu_ms=4.727
METAL_STREAM_LEAVES columns=654 log=21 tile_log=17 scratch_bytes=67108864 working_bytes=62914560 dispatches=176 overlap=true gpu_ms=22.061
METAL_FRAMEWORK_INTERACTION rows=1048576 batches=33 gpu_ms=37.5017499900423
METAL_FRAMEWORK_INTERACTION rows=262144 batches=4 gpu_ms=0.4710000066552311
METAL_FRAMEWORK_INTERACTION rows=262144 batches=1 gpu_ms=0.39562498568557203
METAL_FRAMEWORK_INTERACTION rows=131072 batches=2 gpu_ms=0.29024999821558595
METAL_FRAMEWORK_INTERACTION rows=1024 batches=2 gpu_ms=0.030958326533436775
METAL_FRAMEWORK_INTERACTION rows=4096 batches=1 gpu_ms=0.052499992307275534
METAL_FRAMEWORK_INTERACTION rows=4096 batches=2 gpu_ms=0.07145831477828324
METAL_FRAMEWORK_INTERACTION rows=8192 batches=1 gpu_ms=0.038416648749262094
METAL_STREAM_LEAVES columns=608 log=21 tile_log=17 scratch_bytes=67108864 working_bytes=62914560 dispatches=176 overlap=true gpu_ms=21.538
METAL_FRAMEWORK_COMPOSITION components=8 groups=6 gpu_ms=68.225
BLAKE3_EXECUTION_STAGE_PROFILE {"schema_version":1,"runtime":"native","example":"blake3-execution","stages":[{"id":"execution.fixed","label":"Admission and fixed commitment","seconds":0.108047,"children":null},{"id":"execution.main","label":"Main commitment","seconds":0.218077,"children":null},{"id":"execution.native_interaction","label":"Native interaction generation","seconds":0.09117,"children":null},{"id":"execution.hash_interaction","label":"Hash interaction generation","seconds":0.146371,"children":null},{"id":"execution.interaction_commit","label":"Interaction closure and commitment","seconds":0.233829,"children":null},{"id":"execution.core","label":"Core STARK proof","seconds":0.563866,"children":[{"id":"draw_random_coeff","label":"Draw random coefficient","seconds":0,"children":null},{"id":"composition_trace_extract","label":"Composition trace extract","seconds":0.000006,"children":null},{"id":"composition_evaluation","label":"Composition evaluation","seconds":0.252255,"children":null},{"id":"composition_interpolate_and_split","label":"Composition interpolate and split","seconds":0.005113,"children":null},{"id":"composition_commit","label":"Composition commit","seconds":0.006388,"children":null},{"id":"oods_point_and_mask_points","label":"OODS point and mask points","seconds":0.000272,"children":null},{"id":"sampled_value_evaluation","label":"Sampled-value evaluation","seconds":0.192963,"children":null},{"id":"sampled_value_channel_mix","label":"Sampled-value channel mix","seconds":0.000057,"children":null},{"id":"fri_quotient_build_and_commit","label":"FRI quotient build + commit (lazy)","seconds":0.087156,"children":null},{"id":"proof_of_work","label":"Proof of work","seconds":0.002016,"children":null},{"id":"fri_decommit","label":"FRI decommit","seconds":0.001969,"children":null},{"id":"trace_decommit","label":"Trace decommit","seconds":0.002049,"children":null},{"id":"constraint_check_and_assembly","label":"Constraint check and assembly","seconds":0.000231,"children":null}]}]}
