METAL_STREAM_LEAVES columns=137 log=21 tile_log=17 scratch_bytes=67108864 working_bytes=46137344 dispatches=32 overlap=true gpu_ms=5.286
METAL_STREAM_LEAVES columns=137 log=21 tile_log=17 scratch_bytes=67108864 working_bytes=46137344 dispatches=32 overlap=true gpu_ms=5.433
METAL_STREAM_LEAVES columns=619 log=21 tile_log=17 scratch_bytes=67108864 working_bytes=62914560 dispatches=160 overlap=true gpu_ms=27.957
METAL_FRAMEWORK_INTERACTION rows=1048576 batches=33 gpu_ms=36.88041665009223
METAL_FRAMEWORK_INTERACTION rows=262144 batches=4 gpu_ms=0.4591250035446137
METAL_FRAMEWORK_INTERACTION rows=262144 batches=1 gpu_ms=0.3609583363868296
METAL_FRAMEWORK_INTERACTION rows=131072 batches=2 gpu_ms=0.3581249911803752
METAL_FRAMEWORK_INTERACTION rows=1024 batches=2 gpu_ms=0.04129167064093053
METAL_FRAMEWORK_INTERACTION rows=4096 batches=1 gpu_ms=0.11837499914690852
METAL_FRAMEWORK_INTERACTION rows=4096 batches=2 gpu_ms=0.04004166112281382
METAL_FRAMEWORK_INTERACTION rows=4096 batches=1 gpu_ms=0.03462497261352837
METAL_STREAM_LEAVES columns=572 log=21 tile_log=17 scratch_bytes=67108864 working_bytes=62914560 dispatches=160 overlap=true gpu_ms=19.477
METAL_FRAMEWORK_COMPOSITION components=8 groups=5 gpu_ms=67.853
BLAKE3_EXECUTION_STAGE_PROFILE {"schema_version":1,"runtime":"native","example":"blake3-execution","stages":[{"id":"execution.fixed","label":"Admission and fixed commitment","seconds":0.089203,"children":null},{"id":"execution.main","label":"Main commitment","seconds":0.210053,"children":null},{"id":"execution.native_interaction","label":"Native interaction generation","seconds":0.019013,"children":null},{"id":"execution.hash_interaction","label":"Hash interaction generation","seconds":0.15057,"children":null},{"id":"execution.interaction_commit","label":"Interaction closure and commitment","seconds":0.219377,"children":null},{"id":"execution.core","label":"Core STARK proof","seconds":0.618338,"children":[{"id":"draw_random_coeff","label":"Draw random coefficient","seconds":0,"children":null},{"id":"composition_trace_extract","label":"Composition trace extract","seconds":0.000009,"children":null},{"id":"composition_evaluation","label":"Composition evaluation","seconds":0.291963,"children":null},{"id":"composition_interpolate_and_split","label":"Composition interpolate and split","seconds":0.004949,"children":null},{"id":"composition_commit","label":"Composition commit","seconds":0.006588,"children":null},{"id":"oods_point_and_mask_points","label":"OODS point and mask points","seconds":0.000248,"children":null},{"id":"sampled_value_evaluation","label":"Sampled-value evaluation","seconds":0.18847,"children":null},{"id":"sampled_value_channel_mix","label":"Sampled-value channel mix","seconds":0.000055,"children":null},{"id":"fri_quotient_build_and_commit","label":"FRI quotient build + commit (lazy)","seconds":0.086422,"children":null},{"id":"proof_of_work","label":"Proof of work","seconds":0.015856,"children":null},{"id":"fri_decommit","label":"FRI decommit","seconds":0.006588,"children":null},{"id":"trace_decommit","label":"Trace decommit","seconds":0.001729,"children":null},{"id":"constraint_check_and_assembly","label":"Constraint check and assembly","seconds":0.000242,"children":null}]}]}
METAL_STREAM_LEAVES columns=137 log=21 tile_log=17 scratch_bytes=67108864 working_bytes=46137344 dispatches=32 overlap=true gpu_ms=5.424
METAL_STREAM_LEAVES columns=137 log=21 tile_log=17 scratch_bytes=67108864 working_bytes=46137344 dispatches=32 overlap=true gpu_ms=4.137
METAL_STREAM_LEAVES columns=619 log=21 tile_log=17 scratch_bytes=67108864 working_bytes=62914560 dispatches=160 overlap=true gpu_ms=30.148
METAL_FRAMEWORK_INTERACTION rows=1048576 batches=33 gpu_ms=42.79620834859088
METAL_FRAMEWORK_INTERACTION rows=262144 batches=4 gpu_ms=0.447750004241243
METAL_FRAMEWORK_INTERACTION rows=262144 batches=1 gpu_ms=0.27995833079330623
METAL_FRAMEWORK_INTERACTION rows=131072 batches=2 gpu_ms=0.4542083479464054
METAL_FRAMEWORK_INTERACTION rows=1024 batches=2 gpu_ms=0.05212498945184052
METAL_FRAMEWORK_INTERACTION rows=4096 batches=1 gpu_ms=0.052083341870456934
METAL_FRAMEWORK_INTERACTION rows=4096 batches=2 gpu_ms=0.07112501771189272
METAL_FRAMEWORK_INTERACTION rows=4096 batches=1 gpu_ms=0.035250006476417184
METAL_STREAM_LEAVES columns=572 log=21 tile_log=17 scratch_bytes=67108864 working_bytes=62914560 dispatches=160 overlap=true gpu_ms=19.839
METAL_FRAMEWORK_COMPOSITION components=8 groups=5 gpu_ms=68.750
BLAKE3_EXECUTION_STAGE_PROFILE {"schema_version":1,"runtime":"native","example":"blake3-execution","stages":[{"id":"execution.fixed","label":"Admission and fixed commitment","seconds":0.090333,"children":null},{"id":"execution.main","label":"Main commitment","seconds":0.215024,"children":null},{"id":"execution.native_interaction","label":"Native interaction generation","seconds":0.019349,"children":null},{"id":"execution.hash_interaction","label":"Hash interaction generation","seconds":0.152516,"children":null},{"id":"execution.interaction_commit","label":"Interaction closure and commitment","seconds":0.223234,"children":null},{"id":"execution.core","label":"Core STARK proof","seconds":0.584272,"children":[{"id":"draw_random_coeff","label":"Draw random coefficient","seconds":0.000001,"children":null},{"id":"composition_trace_extract","label":"Composition trace extract","seconds":0.000006,"children":null},{"id":"composition_evaluation","label":"Composition evaluation","seconds":0.261592,"children":null},{"id":"composition_interpolate_and_split","label":"Composition interpolate and split","seconds":0.009301,"children":null},{"id":"composition_commit","label":"Composition commit","seconds":0.007268,"children":null},{"id":"oods_point_and_mask_points","label":"OODS point and mask points","seconds":0.00026,"children":null},{"id":"sampled_value_evaluation","label":"Sampled-value evaluation","seconds":0.183805,"children":null},{"id":"sampled_value_channel_mix","label":"Sampled-value channel mix","seconds":0.000056,"children":null},{"id":"fri_quotient_build_and_commit","label":"FRI quotient build + commit (lazy)","seconds":0.08301,"children":null},{"id":"proof_of_work","label":"Proof of work","seconds":0.015898,"children":null},{"id":"fri_decommit","label":"FRI decommit","seconds":0.006176,"children":null},{"id":"trace_decommit","label":"Trace decommit","seconds":0.001453,"children":null},{"id":"constraint_check_and_assembly","label":"Constraint check and assembly","seconds":0.000219,"children":null}]}]}
METAL_STREAM_LEAVES columns=137 log=21 tile_log=17 scratch_bytes=67108864 working_bytes=46137344 dispatches=32 overlap=true gpu_ms=4.680
METAL_STREAM_LEAVES columns=137 log=21 tile_log=17 scratch_bytes=67108864 working_bytes=46137344 dispatches=32 overlap=true gpu_ms=5.153
METAL_STREAM_LEAVES columns=619 log=21 tile_log=17 scratch_bytes=67108864 working_bytes=62914560 dispatches=160 overlap=true gpu_ms=25.548
METAL_FRAMEWORK_INTERACTION rows=1048576 batches=33 gpu_ms=34.39295833231881
METAL_FRAMEWORK_INTERACTION rows=262144 batches=4 gpu_ms=0.46254167682491243
METAL_FRAMEWORK_INTERACTION rows=262144 batches=1 gpu_ms=0.40862499736249447
METAL_FRAMEWORK_INTERACTION rows=131072 batches=2 gpu_ms=0.31674999627284706
METAL_FRAMEWORK_INTERACTION rows=1024 batches=2 gpu_ms=0.05549998604692519
METAL_FRAMEWORK_INTERACTION rows=4096 batches=1 gpu_ms=0.11687498772516847
METAL_FRAMEWORK_INTERACTION rows=4096 batches=2 gpu_ms=0.07191667100414634
METAL_FRAMEWORK_INTERACTION rows=4096 batches=1 gpu_ms=0.03504165215417743
METAL_STREAM_LEAVES columns=572 log=21 tile_log=17 scratch_bytes=67108864 working_bytes=62914560 dispatches=160 overlap=true gpu_ms=19.048
METAL_FRAMEWORK_COMPOSITION components=8 groups=5 gpu_ms=69.032
BLAKE3_EXECUTION_STAGE_PROFILE {"schema_version":1,"runtime":"native","example":"blake3-execution","stages":[{"id":"execution.fixed","label":"Admission and fixed commitment","seconds":0.094596,"children":null},{"id":"execution.main","label":"Main commitment","seconds":0.210145,"children":null},{"id":"execution.native_interaction","label":"Native interaction generation","seconds":0.018922,"children":null},{"id":"execution.hash_interaction","label":"Hash interaction generation","seconds":0.143449,"children":null},{"id":"execution.interaction_commit","label":"Interaction closure and commitment","seconds":0.218244,"children":null},{"id":"execution.core","label":"Core STARK proof","seconds":0.583365,"children":[{"id":"draw_random_coeff","label":"Draw random coefficient","seconds":0,"children":null},{"id":"composition_trace_extract","label":"Composition trace extract","seconds":0.000006,"children":null},{"id":"composition_evaluation","label":"Composition evaluation","seconds":0.259743,"children":null},{"id":"composition_interpolate_and_split","label":"Composition interpolate and split","seconds":0.005093,"children":null},{"id":"composition_commit","label":"Composition commit","seconds":0.006302,"children":null},{"id":"oods_point_and_mask_points","label":"OODS point and mask points","seconds":0.000271,"children":null},{"id":"sampled_value_evaluation","label":"Sampled-value evaluation","seconds":0.188792,"children":null},{"id":"sampled_value_channel_mix","label":"Sampled-value channel mix","seconds":0.000055,"children":null},{"id":"fri_quotient_build_and_commit","label":"FRI quotient build + commit (lazy)","seconds":0.083375,"children":null},{"id":"proof_of_work","label":"Proof of work","seconds":0.016374,"children":null},{"id":"fri_decommit","label":"FRI decommit","seconds":0.006392,"children":null},{"id":"trace_decommit","label":"Trace decommit","seconds":0.001364,"children":null},{"id":"constraint_check_and_assembly","label":"Constraint check and assembly","seconds":0.000218,"children":null}]}]}
