BLAKE3_WITNESS_STAGE_PROFILE {"schema_version":1,"runtime":"host","example":"blake3-ethereum-witness","stages":[{"id":"witness.precompile","label":"Preflight and precompile witness","seconds":0.010792,"children":null},{"id":"witness.memory","label":"Memory commitment plan","seconds":0.001851,"children":null},{"id":"witness.hashes","label":"Hash columns and witness","seconds":0.037295,"children":null},{"id":"witness.native","label":"Native execution columns","seconds":0.000929,"children":null},{"id":"witness.lookup_counts","label":"Shared lookup counts and statement","seconds":0.016422,"children":null}]}
full-width witness: steps=1828 hash_counts={ 63000, 18000, 21360, 11097, 848, 303, 303, 404 } hash_logs={ 16, 15, 15, 14, 10, 9, 9, 9 } live=81843592 peak=101015977
full-width shared-path geometry [program, initial, final]: { .{ .words = 404, .independent_compressions = 98576, .shared_compressions = 4894, .proved_compressions = 0, .leaves = 1616, .parents = 1639, .frontier = 24 }, .{ .words = 136, .independent_compressions = 8296, .shared_compressions = 516, .proved_compressions = 516, .leaves = 136, .parents = 190, .frontier = 55 }, .{ .words = 167, .independent_compressions = 10187, .shared_compressions = 609, .proved_compressions = 609, .leaves = 167, .parents = 221, .frontier = 55 } }
METAL_STREAM_LEAVES columns=213 log=19 tile_log=17 scratch_bytes=67108864 working_bytes=46137344 dispatches=4 overlap=true gpu_ms=6.503
full-width admission: live=82523716 peak=175685605
METAL_STREAM_LEAVES columns=213 log=19 tile_log=17 scratch_bytes=67108864 working_bytes=46137344 dispatches=4 overlap=true gpu_ms=6.520
METAL_STREAM_LEAVES columns=6781 log=19 tile_log=16 scratch_bytes=67108864 working_bytes=44040192 dispatches=224 overlap=true gpu_ms=28.349
METAL_FRAMEWORK_INTERACTION rows=65536 batches=31 gpu_ms=2.300499996636063
METAL_FRAMEWORK_INTERACTION rows=32768 batches=4 gpu_ms=0.10820833267644048
METAL_FRAMEWORK_INTERACTION rows=32768 batches=1 gpu_ms=0.04462499055080116
METAL_FRAMEWORK_INTERACTION rows=16384 batches=2 gpu_ms=0.05862500984221697
METAL_FRAMEWORK_INTERACTION rows=1024 batches=2 gpu_ms=0.028958340408280492
METAL_FRAMEWORK_INTERACTION rows=512 batches=1 gpu_ms=0.026583322323858738
METAL_FRAMEWORK_INTERACTION rows=512 batches=2 gpu_ms=0.03575001028366387
METAL_FRAMEWORK_INTERACTION rows=512 batches=1 gpu_ms=0.01650000922381878
METAL_STREAM_LEAVES columns=7224 log=19 tile_log=16 scratch_bytes=67108864 working_bytes=44040192 dispatches=240 overlap=true gpu_ms=19.700
METAL_FRAMEWORK_COMPOSITION components=8 groups=5 gpu_ms=3.778
BLAKE3_EXECUTION_STAGE_PROFILE {"schema_version":1,"runtime":"native","example":"blake3-extension","stages":[{"id":"execution.fixed","label":"Admission and fixed commitment","seconds":0.034119,"children":null},{"id":"execution.main","label":"Main commitment","seconds":0.091977,"children":null},{"id":"execution.native_interaction","label":"Native interaction generation","seconds":0.010998,"children":null},{"id":"execution.hash_interaction","label":"Hash interaction generation","seconds":0.016656,"children":null},{"id":"execution.extension_interaction","label":"Precompile interaction generation","seconds":0.016301,"children":null},{"id":"execution.interaction_commit","label":"Interaction closure and commitment","seconds":0.071331,"children":null},{"id":"execution.core","label":"Core STARK proof","seconds":0.234023,"children":[{"id":"draw_random_coeff","label":"Draw random coefficient","seconds":0.000001,"children":null},{"id":"composition_trace_extract","label":"Composition trace extract","seconds":0.000047,"children":null},{"id":"composition_evaluation","label":"Composition evaluation","seconds":0.064201,"children":null},{"id":"composition_interpolate_and_split","label":"Composition interpolate and split","seconds":0.001277,"children":null},{"id":"composition_commit","label":"Composition commit","seconds":0.001755,"children":null},{"id":"oods_point_and_mask_points","label":"OODS point and mask points","seconds":0.000682,"children":null},{"id":"sampled_value_evaluation","label":"Sampled-value evaluation","seconds":0.027889,"children":null},{"id":"sampled_value_channel_mix","label":"Sampled-value channel mix","seconds":0.000952,"children":null},{"id":"fri_quotient_build_and_commit","label":"FRI quotient build + commit (lazy)","seconds":0.087976,"children":null},{"id":"proof_of_work","label":"Proof of work","seconds":0.041929,"children":null},{"id":"fri_decommit","label":"FRI decommit","seconds":0.001857,"children":null},{"id":"trace_decommit","label":"Trace decommit","seconds":0.002484,"children":null},{"id":"constraint_check_and_assembly","label":"Constraint check and assembly","seconds":0.000821,"children":null}]}]}
BLAKE3_WITNESS_STAGE_PROFILE {"schema_version":1,"runtime":"host","example":"blake3-ethereum-witness","stages":[{"id":"witness.precompile","label":"Preflight and precompile witness","seconds":0.008724,"children":null},{"id":"witness.memory","label":"Memory commitment plan","seconds":0.001566,"children":null},{"id":"witness.hashes","label":"Hash columns and witness","seconds":0.03744,"children":null},{"id":"witness.native","label":"Native execution columns","seconds":0.000846,"children":null},{"id":"witness.lookup_counts","label":"Shared lookup counts and statement","seconds":0.016843,"children":null}]}
full-width witness: steps=1828 hash_counts={ 63000, 18000, 21360, 11097, 848, 303, 303, 404 } hash_logs={ 16, 15, 15, 14, 10, 9, 9, 9 } live=81843592 peak=586618403
full-width shared-path geometry [program, initial, final]: { .{ .words = 404, .independent_compressions = 98576, .shared_compressions = 4894, .proved_compressions = 0, .leaves = 1616, .parents = 1639, .frontier = 24 }, .{ .words = 136, .independent_compressions = 8296, .shared_compressions = 516, .proved_compressions = 516, .leaves = 136, .parents = 190, .frontier = 55 }, .{ .words = 167, .independent_compressions = 10187, .shared_compressions = 609, .proved_compressions = 609, .leaves = 167, .parents = 221, .frontier = 55 } }
METAL_STREAM_LEAVES columns=213 log=19 tile_log=17 scratch_bytes=67108864 working_bytes=46137344 dispatches=4 overlap=true gpu_ms=1.848
full-width admission: live=82523716 peak=586618403
METAL_STREAM_LEAVES columns=213 log=19 tile_log=17 scratch_bytes=67108864 working_bytes=46137344 dispatches=4 overlap=true gpu_ms=1.470
METAL_STREAM_LEAVES columns=6781 log=19 tile_log=16 scratch_bytes=67108864 working_bytes=44040192 dispatches=224 overlap=true gpu_ms=20.373
METAL_FRAMEWORK_INTERACTION rows=65536 batches=31 gpu_ms=2.3495000205002725
METAL_FRAMEWORK_INTERACTION rows=32768 batches=4 gpu_ms=0.13995834160596132
METAL_FRAMEWORK_INTERACTION rows=32768 batches=1 gpu_ms=0.046124972868710756
METAL_FRAMEWORK_INTERACTION rows=16384 batches=2 gpu_ms=0.060083315474912524
METAL_FRAMEWORK_INTERACTION rows=1024 batches=2 gpu_ms=0.029999995604157448
METAL_FRAMEWORK_INTERACTION rows=512 batches=1 gpu_ms=0.028541660867631435
METAL_FRAMEWORK_INTERACTION rows=512 batches=2 gpu_ms=0.03641666262410581
METAL_FRAMEWORK_INTERACTION rows=512 batches=1 gpu_ms=0.01737498678267002
METAL_STREAM_LEAVES columns=7224 log=19 tile_log=16 scratch_bytes=67108864 working_bytes=44040192 dispatches=240 overlap=true gpu_ms=19.829
METAL_FRAMEWORK_COMPOSITION components=8 groups=5 gpu_ms=3.816
BLAKE3_EXECUTION_STAGE_PROFILE {"schema_version":1,"runtime":"native","example":"blake3-extension","stages":[{"id":"execution.fixed","label":"Admission and fixed commitment","seconds":0.027359,"children":null},{"id":"execution.main","label":"Main commitment","seconds":0.063292,"children":null},{"id":"execution.native_interaction","label":"Native interaction generation","seconds":0.010362,"children":null},{"id":"execution.hash_interaction","label":"Hash interaction generation","seconds":0.011647,"children":null},{"id":"execution.extension_interaction","label":"Precompile interaction generation","seconds":0.016141,"children":null},{"id":"execution.interaction_commit","label":"Interaction closure and commitment","seconds":0.067318,"children":null},{"id":"execution.core","label":"Core STARK proof","seconds":0.234828,"children":[{"id":"draw_random_coeff","label":"Draw random coefficient","seconds":0.000001,"children":null},{"id":"composition_trace_extract","label":"Composition trace extract","seconds":0.000055,"children":null},{"id":"composition_evaluation","label":"Composition evaluation","seconds":0.063789,"children":null},{"id":"composition_interpolate_and_split","label":"Composition interpolate and split","seconds":0.000832,"children":null},{"id":"composition_commit","label":"Composition commit","seconds":0.001968,"children":null},{"id":"oods_point_and_mask_points","label":"OODS point and mask points","seconds":0.000554,"children":null},{"id":"sampled_value_evaluation","label":"Sampled-value evaluation","seconds":0.02882,"children":null},{"id":"sampled_value_channel_mix","label":"Sampled-value channel mix","seconds":0.000974,"children":null},{"id":"fri_quotient_build_and_commit","label":"FRI quotient build + commit (lazy)","seconds":0.085783,"children":null},{"id":"proof_of_work","label":"Proof of work","seconds":0.045414,"children":null},{"id":"fri_decommit","label":"FRI decommit","seconds":0.001682,"children":null},{"id":"trace_decommit","label":"Trace decommit","seconds":0.002019,"children":null},{"id":"constraint_check_and_assembly","label":"Constraint check and assembly","seconds":0.000647,"children":null}]}]}
BLAKE3_WITNESS_STAGE_PROFILE {"schema_version":1,"runtime":"host","example":"blake3-ethereum-witness","stages":[{"id":"witness.precompile","label":"Preflight and precompile witness","seconds":0.008668,"children":null},{"id":"witness.memory","label":"Memory commitment plan","seconds":0.001547,"children":null},{"id":"witness.hashes","label":"Hash columns and witness","seconds":0.03747,"children":null},{"id":"witness.native","label":"Native execution columns","seconds":0.000872,"children":null},{"id":"witness.lookup_counts","label":"Shared lookup counts and statement","seconds":0.016055,"children":null}]}
full-width witness: steps=1828 hash_counts={ 63000, 18000, 21360, 11097, 848, 303, 303, 404 } hash_logs={ 16, 15, 15, 14, 10, 9, 9, 9 } live=81843592 peak=586618403
full-width shared-path geometry [program, initial, final]: { .{ .words = 404, .independent_compressions = 98576, .shared_compressions = 4894, .proved_compressions = 0, .leaves = 1616, .parents = 1639, .frontier = 24 }, .{ .words = 136, .independent_compressions = 8296, .shared_compressions = 516, .proved_compressions = 516, .leaves = 136, .parents = 190, .frontier = 55 }, .{ .words = 167, .independent_compressions = 10187, .shared_compressions = 609, .proved_compressions = 609, .leaves = 167, .parents = 221, .frontier = 55 } }
METAL_STREAM_LEAVES columns=213 log=19 tile_log=17 scratch_bytes=67108864 working_bytes=46137344 dispatches=4 overlap=true gpu_ms=2.528
full-width admission: live=82523716 peak=586618403
METAL_STREAM_LEAVES columns=213 log=19 tile_log=17 scratch_bytes=67108864 working_bytes=46137344 dispatches=4 overlap=true gpu_ms=2.122
METAL_STREAM_LEAVES columns=6781 log=19 tile_log=16 scratch_bytes=67108864 working_bytes=44040192 dispatches=224 overlap=true gpu_ms=20.417
METAL_FRAMEWORK_INTERACTION rows=65536 batches=31 gpu_ms=2.4038749979808927
METAL_FRAMEWORK_INTERACTION rows=32768 batches=4 gpu_ms=0.10145833948627114
METAL_FRAMEWORK_INTERACTION rows=32768 batches=1 gpu_ms=0.04562499816529453
METAL_FRAMEWORK_INTERACTION rows=16384 batches=2 gpu_ms=0.06004166789352894
METAL_FRAMEWORK_INTERACTION rows=1024 batches=2 gpu_ms=0.02912498894147575
METAL_FRAMEWORK_INTERACTION rows=512 batches=1 gpu_ms=0.02824998227879405
METAL_FRAMEWORK_INTERACTION rows=512 batches=2 gpu_ms=0.03587501123547554
METAL_FRAMEWORK_INTERACTION rows=512 batches=1 gpu_ms=0.017333339201286435
METAL_STREAM_LEAVES columns=7224 log=19 tile_log=16 scratch_bytes=67108864 working_bytes=44040192 dispatches=240 overlap=true gpu_ms=19.738
METAL_FRAMEWORK_COMPOSITION components=8 groups=5 gpu_ms=3.857
BLAKE3_EXECUTION_STAGE_PROFILE {"schema_version":1,"runtime":"native","example":"blake3-extension","stages":[{"id":"execution.fixed","label":"Admission and fixed commitment","seconds":0.028561,"children":null},{"id":"execution.main","label":"Main commitment","seconds":0.061741,"children":null},{"id":"execution.native_interaction","label":"Native interaction generation","seconds":0.010234,"children":null},{"id":"execution.hash_interaction","label":"Hash interaction generation","seconds":0.011641,"children":null},{"id":"execution.extension_interaction","label":"Precompile interaction generation","seconds":0.01601,"children":null},{"id":"execution.interaction_commit","label":"Interaction closure and commitment","seconds":0.068844,"children":null},{"id":"execution.core","label":"Core STARK proof","seconds":0.24803,"children":[{"id":"draw_random_coeff","label":"Draw random coefficient","seconds":0,"children":null},{"id":"composition_trace_extract","label":"Composition trace extract","seconds":0.00005,"children":null},{"id":"composition_evaluation","label":"Composition evaluation","seconds":0.066096,"children":null},{"id":"composition_interpolate_and_split","label":"Composition interpolate and split","seconds":0.001493,"children":null},{"id":"composition_commit","label":"Composition commit","seconds":0.002739,"children":null},{"id":"oods_point_and_mask_points","label":"OODS point and mask points","seconds":0.000662,"children":null},{"id":"sampled_value_evaluation","label":"Sampled-value evaluation","seconds":0.033769,"children":null},{"id":"sampled_value_channel_mix","label":"Sampled-value channel mix","seconds":0.000978,"children":null},{"id":"fri_quotient_build_and_commit","label":"FRI quotient build + commit (lazy)","seconds":0.088945,"children":null},{"id":"proof_of_work","label":"Proof of work","seconds":0.046583,"children":null},{"id":"fri_decommit","label":"FRI decommit","seconds":0.001704,"children":null},{"id":"trace_decommit","label":"Trace decommit","seconds":0.002151,"children":null},{"id":"constraint_check_and_assembly","label":"Constraint check and assembly","seconds":0.000631,"children":null}]}]}
