
Build Summary: 4/4 steps succeeded; 5/5 tests passed
test-ethereum-vm-composition-program success
+- stwo_riscv_frontend test count floor success
   +- run test 5 passed 3s MaxRSS:81M
      +- compile test Debug native success 10s MaxRSS:1G

       17.64 real        15.79 user         2.39 sys
          1934000128  maximum resident set size
                   0  average shared memory size
                   0  average unshared data size
                   0  average unshared stack size
              186076  page reclaims
                 201  page faults
                   0  swaps
                   0  block input operations
                   0  block output operations
                   0  messages sent
                   0  messages received
                   0  signals received
                 473  voluntary context switches
                3540  involuntary context switches
           212034839  instructions retired
            79936748  cycles elapsed
             8831384  peak memory footprint
