cairo-cuda arena reservation bytes=32435887376 slots=193
cairo-cuda arena slot=3 kind=writer_inputs ordinal=0 bytes=304307304 offset=17063124992 lifetime=ingress..trace_generation
cairo-cuda arena slot=6 kind=writer_lookup_inputs ordinal=0 bytes=6638953216 offset=0 lifetime=trace_generation..trace_commit
cairo-cuda arena slot=7 kind=writer_scratch ordinal=0 bytes=1784399940 offset=15278724864 lifetime=trace_generation..trace_generation
cairo-cuda arena slot=16 kind=relation_base_inputs ordinal=0 bytes=146014208 offset=31993042432 lifetime=trace_commit..trace_commit
cairo-cuda arena slot=27 kind=eval_lde_tile ordinal=0 bytes=3825205248 offset=0 lifetime=constraint_evaluation..constraint_evaluation
cairo-cuda arena slot=32 kind=constraint_composition_accumulator ordinal=0 bytes=402635264 offset=5435817984 lifetime=constraint_evaluation..constraint_evaluation
cairo-cuda arena slot=33 kind=twiddles_forward ordinal=0 bytes=134217728 offset=32139056640 lifetime=ingress..fri_commit
cairo-cuda arena slot=34 kind=twiddles_inverse ordinal=0 bytes=134217728 offset=32273274368 lifetime=ingress..fri_commit
cairo-cuda arena slot=35 kind=trace_progressive_states ordinal=2 bytes=402653184 offset=31187736064 lifetime=trace_commit..trace_commit
cairo-cuda arena slot=36 kind=trace_progressive_states ordinal=3 bytes=402653184 offset=31590389248 lifetime=trace_commit..trace_commit
cairo-cuda arena slot=37 kind=trace_coefficients ordinal=0 bytes=2172402112 offset=23004808448 lifetime=ingress..oods
cairo-cuda arena slot=38 kind=trace_evaluations ordinal=0 bytes=4344804224 offset=6638953216 lifetime=ingress..decommit
cairo-cuda arena slot=41 kind=trace_merkle_hashes ordinal=0 bytes=4294967264 offset=10983757568 lifetime=ingress..decommit
cairo-cuda arena slot=44 kind=trace_coefficients ordinal=1 bytes=2128323584 offset=25177210624 lifetime=trace_generation..oods
cairo-cuda arena slot=45 kind=trace_evaluations ordinal=1 bytes=4256647168 offset=15278724864 lifetime=trace_commit..decommit
cairo-cuda arena slot=48 kind=trace_merkle_hashes ordinal=1 bytes=1073741792 offset=29040252416 lifetime=trace_commit..decommit
cairo-cuda arena slot=51 kind=trace_coefficients ordinal=2 bytes=1734718208 offset=27305534208 lifetime=trace_commit..oods
cairo-cuda arena slot=52 kind=trace_evaluations ordinal=2 bytes=3469436416 offset=19535372032 lifetime=trace_commit..decommit
cairo-cuda arena slot=55 kind=trace_merkle_hashes ordinal=2 bytes=1073741792 offset=3825205248 lifetime=trace_commit..decommit
cairo-cuda arena slot=58 kind=constraint_composition_output ordinal=3 bytes=268435456 offset=5838453248 lifetime=constraint_evaluation..decommit
cairo-cuda arena slot=59 kind=trace_evaluations ordinal=3 bytes=536870912 offset=4898947072 lifetime=constraint_evaluation..decommit
cairo-cuda arena slot=62 kind=trace_merkle_hashes ordinal=3 bytes=1073741792 offset=30113994240 lifetime=trace_commit..decommit
cairo-cuda arena slot=77 kind=oods_reduce_a ordinal=0 bytes=513277952 offset=0 lifetime=oods..oods
cairo-cuda arena slot=78 kind=oods_reduce_b ordinal=0 bytes=513277952 offset=513277952 lifetime=oods..oods
cairo-cuda arena slot=93 kind=quotient_partial_coordinates ordinal=0 bytes=335535360 offset=0 lifetime=quotient..quotient
cairo-cuda arena slot=94 kind=quotient_result_coordinates ordinal=0 bytes=268435456 offset=1610612736 lifetime=quotient..decommit
cairo-cuda arena slot=95 kind=quotient_subdomain_coordinates ordinal=0 bytes=134217728 offset=335535360 lifetime=quotient..quotient
cairo-cuda arena slot=99 kind=fri_merkle_hashes ordinal=0 bytes=1073741792 offset=0 lifetime=fri_commit..decommit
cairo-cuda arena slot=101 kind=fri_coordinates ordinal=1 bytes=134217728 offset=2147483648 lifetime=fri_commit..decommit
cairo-cuda arena slot=102 kind=fri_merkle_hashes ordinal=1 bytes=536870880 offset=1073741824 lifetime=fri_commit..decommit
cairo-cuda arena slot=104 kind=fri_coordinates ordinal=2 bytes=67108864 offset=2415919104 lifetime=fri_commit..decommit
cairo-cuda arena slot=105 kind=fri_merkle_hashes ordinal=2 bytes=268435424 offset=1879048192 lifetime=fri_commit..decommit
cairo-cuda arena slot=108 kind=fri_merkle_hashes ordinal=3 bytes=134217696 offset=2281701376 lifetime=fri_commit..decommit
cuda compact pool trim used_before=0 reserved_before=0 used_after=0 reserved_after=0
cuda prepared arena mode=managed bytes=32435887376
cairo-cuda static-phase initial_upload_ns=82812574 preprocessed_load_ns=589308429 materialize_ns=1305063 cached=false device_image_hit=false
cairo-cuda-memory-phase phase=proof_begin elapsed_ns=860
cairo-cuda-memory-phase phase=trace_generation_end elapsed_ns=1625653565
cairo-cuda-memory-phase phase=preprocessed_commit_end elapsed_ns=3190017854
cairo-cuda-memory-phase phase=main_commit_end elapsed_ns=3639601138
cairo-cuda-memory-phase phase=relation_end elapsed_ns=4060827991
cairo-cuda-memory-phase phase=interaction_commit_end elapsed_ns=4062019535
cairo-cuda-memory-phase phase=trace_commit_end elapsed_ns=4062046585
cairo-cuda-memory-phase phase=constraint_evaluation_end elapsed_ns=4902560832
cairo-cuda-memory-phase phase=composition_commit_end elapsed_ns=4902691342
cairo-cuda-memory-phase phase=constraint_stage_end elapsed_ns=4902750011
cairo-cuda-memory-phase phase=oods_end elapsed_ns=5023369626
cairo-cuda-memory-phase phase=quotient_end elapsed_ns=5052310684
cairo-cuda-memory-phase phase=fri_commit_end elapsed_ns=5062544990
cairo-cuda-memory-phase phase=decommit_end elapsed_ns=5097254588
cuda compact pool trim used_before=0 reserved_before=0 used_after=0 reserved_after=0
