DETACHED_PARENT_PCS_PHASE lane=1 selected_lane_only=true capture_ns=221872208 plans_ns=3338834 authority_ns=501311833 rows_ns=415304125
DETACHED_PARENT_CHILD_PHASE lane=1 prefix_ns=160250 transcript_ns=136375 pcs_ns=1141887041 boundary_ns=8145709 composition_ns=7026041
DETACHED_PARENT_CHILD lane=1 preparation_ns=1157390000
DETACHED_PARENT_PCS_PHASE lane=2 selected_lane_only=true capture_ns=218642958 plans_ns=3072333 authority_ns=503194250 rows_ns=418620042
DETACHED_PARENT_CHILD_PHASE lane=2 prefix_ns=135667 transcript_ns=64958 pcs_ns=1143569959 boundary_ns=8573333 composition_ns=6970208
DETACHED_PARENT_CHILD lane=2 preparation_ns=2316742166
riscv_detached_arithmetic_fusion lane=501 dot4_rows=395 multiply_add_rows=8779
riscv_detached_arithmetic_fusion lane=511 dot4_rows=2616 multiply_add_rows=3495
riscv_detached_arithmetic_fusion lane=412 dot4_rows=105869 multiply_add_rows=32356
riscv_detached_arithmetic_fusion lane=402 dot4_rows=5790 multiply_add_rows=103659
riscv_detached_arithmetic_fusion lane=502 dot4_rows=395 multiply_add_rows=8779
riscv_detached_arithmetic_fusion lane=512 dot4_rows=2616 multiply_add_rows=3495
riscv_detached_arithmetic_fusion lane=413 dot4_rows=105869 multiply_add_rows=32356
riscv_detached_arithmetic_fusion lane=403 dot4_rows=5790 multiply_add_rows=103659
riscv_detached_arithmetic_fusion lane=521 dot4_rows=2592 multiply_add_rows=2612
DETACHED_PARENT_ROW row=0 rows=6378 logical_bytes=306144
DETACHED_PARENT_ROW row=1 rows=2768 logical_bytes=531456
DETACHED_PARENT_ROW row=2 rows=2768 logical_bytes=409664
DETACHED_PARENT_ROW row=3 rows=206 logical_bytes=29664
DETACHED_PARENT_ROW row=4 rows=20496 logical_bytes=1557696
DETACHED_PARENT_ROW row=5 rows=18892 logical_bytes=1586928
DETACHED_PARENT_ROW row=6 rows=4 logical_bytes=1088
DETACHED_PARENT_ROW row=7 rows=4 logical_bytes=240
DETACHED_PARENT_ROW row=8 rows=94 logical_bytes=9400
DETACHED_PARENT_ROW row=9 rows=66 logical_bytes=8448
DETACHED_PARENT_ROW row=10 rows=8 logical_bytes=736
DETACHED_PARENT_ROW row=11 rows=61669 logical_bytes=5673548
DETACHED_PARENT_ROW row=12 rows=0 logical_bytes=0
DETACHED_PARENT_ROW row=13 rows=80125 logical_bytes=3205000
DETACHED_PARENT_ROW row=14 rows=231932 logical_bytes=50097312
DETACHED_PARENT_ROW row=20 rows=386 logical_bytes=114256
DETACHED_PARENT_ROW row=21 rows=6176 logical_bytes=2593920
DETACHED_PARENT_ROW row=22 rows=18 logical_bytes=1368
DETACHED_PARENT_ROW row=23 rows=94956 logical_bytes=33044688
DETACHED_PARENT_ROW row=24 rows=782056 logical_bytes=81333824
DETACHED_PARENT_ROW row=25 rows=23160 logical_bytes=8708160
DETACHED_PARENT_ROW row=26 rows=5790 logical_bytes=972720
DETACHED_PARENT_ROW row=27 rows=1930 logical_bytes=216160
DETACHED_PARENT_ROW row=28 rows=2702 logical_bytes=237776
DETACHED_PARENT_ROW row=29 rows=141326 logical_bytes=16959120
DETACHED_PARENT_ROW row=30 rows=678113 logical_bytes=73236204
DETACHED_PARENT_ROW row=31 rows=36030 logical_bytes=4611840
DETACHED_PARENT_ROW row=32 rows=217792 logical_bytes=44429568
DETACHED_PARENT_ROW row=33 rows=49794 logical_bytes=9162096
DETACHED_PARENT_PREPARATION rows_bytes=339039024 providers=176468 graph_ns=2653451791 snapshot_pending=true
PARENT_MAIN_FINALIZE preflight_ns=262792 main_fill_ns=213260083 source_projection_ns=1282983708 range_fill_ns=759542 closure_ns=187843958
PARENT_INTERACTION_FILL preflight_ns=919042 typed_ns=1192748125 poseidon_ns=10082417 range_ns=2268583
DETACHED_PARENT_STAGE_PROFILE {"schema_version":1,"runtime":"cpu","example":"detached-recursive-parent","stages":[{"id":"parent.fixed","label":"Fixed columns and key admission","seconds":0.949587,"children":null},{"id":"parent.main_fill","label":"Main column allocation","seconds":0.022487,"children":null},{"id":"parent.main_finalize","label":"Main filling, range construction and exact lookup closure","seconds":1.687519,"children":null},{"id":"parent.main_commit","label":"Main commitment","seconds":0.950962,"children":null},{"id":"parent.interaction_fill","label":"Transcript and interaction columns","seconds":1.217067,"children":null},{"id":"parent.interaction_commit","label":"Interaction commitment","seconds":0.610411,"children":null},{"id":"parent.components","label":"Typed component assembly","seconds":0.004151,"children":null},{"id":"draw_random_coeff","label":"Draw random coefficient","seconds":0.000001,"children":null},{"id":"composition_trace_extract","label":"Composition trace extract","seconds":0.00001,"children":null},{"id":"composition_evaluation","label":"Composition evaluation","seconds":0.68476,"children":null},{"id":"composition_interpolate_and_split","label":"Composition interpolate and split","seconds":0.004968,"children":null},{"id":"composition_commit","label":"Composition commit","seconds":0.112083,"children":null},{"id":"oods_point_and_mask_points","label":"OODS point and mask points","seconds":0.000104,"children":null},{"id":"sampled_value_evaluation","label":"Sampled-value evaluation","seconds":0.071003,"children":null},{"id":"sampled_value_channel_mix","label":"Sampled-value channel mix","seconds":0.000645,"children":null},{"id":"fri_quotient_build_and_commit","label":"FRI quotient build + commit (lazy)","seconds":0.282651,"children":null},{"id":"proof_of_work","label":"Proof of work","seconds":0.028273,"children":null},{"id":"fri_decommit","label":"FRI decommit","seconds":0.030644,"children":null},{"id":"trace_decommit","label":"Trace decommit","seconds":0.002746,"children":null},{"id":"constraint_check_and_assembly","label":"Constraint check and assembly","seconds":0.000301,"children":null},{"id":"parent.serialize","label":"Canonical proof serialization","seconds":0.004424,"children":null}]}
{"endpoint":"segment_v2_detached_two_child_parent_candidate_q193","profile":"tiny-parent-root-v2","publication_mode":"root","proof_profile":"recursive_q193_v1","status":"unverified_candidate","verified":false,"development_only":true,"child_owners_destroyed":true,"producer_destroyed":true,"reused_admitted_parent_key":true,"child_key_sha256":[[214,60,24,215,93,161,32,69,64,54,137,18,21,60,2,66,153,247,215,93,214,71,196,191,90,67,15,158,29,129,78,111],[52,101,122,252,71,235,220,44,62,42,22,241,149,244,116,88,217,46,134,5,126,45,114,83,188,229,65,201,61,128,30,25]],"artifacts":{"key_sha256":[43,54,70,56,122,217,160,216,106,50,230,24,28,117,174,240,148,190,170,244,129,176,88,11,208,6,252,73,206,8,110,12],"claims_sha256":[49,178,150,212,209,141,148,238,219,93,40,66,239,70,211,225,229,134,73,248,37,59,245,119,205,108,37,34,142,53,78,179],"proof_sha256":[146,45,152,84,36,75,24,7,249,118,40,193,15,14,143,169,78,251,221,88,53,171,159,248,209,106,237,27,129,185,188,187],"proof_bytes":2297319},"candidate_root_words_sha256":[189,249,149,127,224,29,110,114,200,174,151,175,231,135,81,130,99,197,157,73,129,224,15,210,38,249,188,185,180,245,88,172],"circuit_identity":[71,179,224,242,26,78,39,100,147,248,87,173,160,231,54,27,230,179,68,85,24,188,217,151,168,142,210,196,246,195,105,67],"preparation_ns":2820875333,"key_preparation_ns":949596417,"proof_ns":5749475417,"request_ns":9684574417}
