1/7 blake3_metal_qualification_test_root.test.Metal canonical four-leaf BLAKE3 aggregation tree...CANONICAL_PARENT_ALLOCATOR mode=smp
BLAKE3_NATIVE_QUERY_FUSION groups=7840 removed_scalars=31360
BLAKE3_NATIVE_FUSION dot4=15505 fma=56858 arithmetic_rows=160880
BLAKE3_NATIVE_QUERY_FUSION groups=7840 removed_scalars=31360
BLAKE3_NATIVE_FUSION dot4=15505 fma=56860 arithmetic_rows=160876
CANONICAL_TREE_LEAF_POOL workers=8
CANONICAL_TREE_PHASE phase=leaf_pair_proof_and_preparation ns=9675543833
METAL_FRAMEWORK_INTERACTION rows=8388608 batches=31 gpu_ms=256.2092916632537
METAL_FRAMEWORK_INTERACTION rows=2097152 batches=4 gpu_ms=4.858125001192093
METAL_FRAMEWORK_INTERACTION rows=2097152 batches=1 gpu_ms=3.0007500026840717
METAL_FRAMEWORK_INTERACTION rows=1048576 batches=2 gpu_ms=1.9546249823179096
METAL_FRAMEWORK_INTERACTION rows=524288 batches=2 gpu_ms=0.5247500084806234
CANONICAL_TREE_PHASE phase=aggregate_proof_and_checks height=1 ns=12814210208
BLAKE3_TREE_NODE verified=true height=1 artifact_bytes=918746 queries=70 pow_bits=26
BLAKE3_NATIVE_QUERY_FUSION groups=7560 removed_scalars=30240
BLAKE3_NATIVE_FUSION dot4=14350 fma=56672 arithmetic_rows=159015
BLAKE3_NATIVE_QUERY_FUSION groups=8820 removed_scalars=35280
BLAKE3_NATIVE_FUSION dot4=18459 fma=58931 arithmetic_rows=168994
CANONICAL_TREE_LEAF_POOL workers=8
CANONICAL_TREE_PHASE phase=leaf_pair_proof_and_preparation ns=9656143250
METAL_FRAMEWORK_INTERACTION rows=8388608 batches=31 gpu_ms=257.52399998600595
METAL_FRAMEWORK_INTERACTION rows=2097152 batches=4 gpu_ms=4.907666676444933
METAL_FRAMEWORK_INTERACTION rows=2097152 batches=1 gpu_ms=2.9927499999757856
METAL_FRAMEWORK_INTERACTION rows=1048576 batches=2 gpu_ms=1.947624987224117
METAL_FRAMEWORK_INTERACTION rows=524288 batches=2 gpu_ms=0.5269166722428054
CANONICAL_TREE_PHASE phase=aggregate_proof_and_checks height=1 ns=13160187542
BLAKE3_TREE_NODE verified=true height=1 artifact_bytes=911657 queries=70 pow_bits=26
BLAKE3_NATIVE_QUERY_FUSION groups=19390 removed_scalars=77560
BLAKE3_NATIVE_FUSION dot4=28602 fma=87565 arithmetic_rows=243970
BLAKE3_NATIVE_QUERY_FUSION groups=19390 removed_scalars=77560
BLAKE3_NATIVE_FUSION dot4=28530 fma=88069 arithmetic_rows=244817
CANONICAL_TREE_PHASE phase=root_preparation ns=12164124375
METAL_FRAMEWORK_INTERACTION rows=8388608 batches=31 gpu_ms=250.1511249865871
METAL_FRAMEWORK_INTERACTION rows=2097152 batches=4 gpu_ms=4.534999985480681
METAL_FRAMEWORK_INTERACTION rows=4194304 batches=1 gpu_ms=10.058000014396384
METAL_FRAMEWORK_INTERACTION rows=2097152 batches=2 gpu_ms=4.019999993033707
METAL_FRAMEWORK_INTERACTION rows=524288 batches=2 gpu_ms=0.5322499782778323
CANONICAL_TREE_PHASE phase=aggregate_proof_and_checks height=2 ns=14341611042
BLAKE3_TREE_NODE verified=true height=2 artifact_bytes=904156 queries=70 pow_bits=26
CANONICAL_TREE_BUDGET peak_bytes=30309734580 limit_bytes=51539607552
BLAKE3_TREE_PARAMETERS leaf_queries=70 leaf_pow_bits=26 parent_queries=70 parent_pow_bits=26 canonical=true
BLAKE3_TREE verified=true leaves=4 aggregate_levels=2 cycles=6 retained_root_rows=5110278888
OK
2/7 runner.mod.test_0...OK
3/7 runner.decode.test_0...OK
4/7 air.memory_commitment.poseidon2_air.test_0...OK
5/7 air.semantic_eval.test_0...OK
6/7 air.lookups.tables.source_ingest.test_0...OK
7/7 diagnostics.mod.test_0...OK
All 7 tests passed.
       72.17 real       106.07 user        15.23 sys
         42840145920  maximum resident set size
                   0  average shared memory size
                   0  average unshared data size
                   0  average unshared stack size
            15982372  page reclaims
                   0  page faults
                   0  swaps
                   0  block input operations
                   0  block output operations
                   0  messages sent
                   0  messages received
                   0  signals received
                   8  voluntary context switches
               61140  involuntary context switches
       1176316121376  instructions retired
        504055446996  cycles elapsed
         45152773464  peak memory footprint
