test-blake3-native-tree-aot
+- run test stderr
CANONICAL_PARENT_ALLOCATOR mode=smp
PARENT_PREPARATION phase=validate ns=381209 thread=3723101
PARENT_PREPARATION phase=composition ns=1328541 thread=3723101
PARENT_PREPARATION phase=deep ns=14601375 thread=3723101
PARENT_PREPARATION phase=fri ns=20055584 thread=3723101
PARENT_PREPARATION phase=transcript_plan ns=7672250 thread=3723101
PARENT_PREPARATION phase=payloads ns=3521625 thread=3723101
PARENT_PREPARATION phase=challenges ns=6095916 thread=3723101
PARENT_PREPARATION phase=terminal ns=4071709 thread=3723101
PARENT_PREPARATION phase=queries ns=6190041 thread=3723101
PARENT_PREPARATION phase=roots ns=1678459 thread=3723101
PARENT_PREPARATION phase=hash_columns ns=37928375 thread=3723101
PARENT_PREPARATION phase=transcript ns=29177666 thread=3723101
PARENT_PATH_PREPARATION openings=1540 other_ns=49468417 live_ns=1513078458 trusted_ns=57589372 append_ns=57729169 thread=3723101
PARENT_PREPARATION phase=paths ns=1677920167 thread=3723101
PARENT_PREPARATION phase=path_reads ns=2012792 thread=3723101
PARENT_PREPARATION phase=openings ns=5118125 thread=3723101
BLAKE3_NATIVE_QUERY_FUSION groups=7840 removed_scalars=31360
BLAKE3_NATIVE_FUSION dot4=15505 fma=56858 arithmetic_rows=160880
PARENT_PREPARATION phase=assemble ns=119407667 thread=3723101
PARENT_PREPARATION phase=teardown ns=3979708 thread=3723101
PARENT_PREPARATION phase=validate ns=366083 thread=3723101
PARENT_PREPARATION phase=composition ns=1219000 thread=3723101
PARENT_PREPARATION phase=deep ns=14562042 thread=3723101
PARENT_PREPARATION phase=fri ns=20190667 thread=3723101
PARENT_PREPARATION phase=transcript_plan ns=7497541 thread=3723101
PARENT_PREPARATION phase=payloads ns=3513250 thread=3723101
PARENT_PREPARATION phase=challenges ns=6158667 thread=3723101
PARENT_PREPARATION phase=terminal ns=4088250 thread=3723101
PARENT_PREPARATION phase=queries ns=6240167 thread=3723101
PARENT_PREPARATION phase=roots ns=1620500 thread=3723101
PARENT_PREPARATION phase=hash_columns ns=37182708 thread=3723101
PARENT_PREPARATION phase=transcript ns=30877667 thread=3723101
PARENT_PATH_PREPARATION openings=1540 other_ns=52752370 live_ns=1364229750 trusted_ns=57496683 append_ns=76033114 thread=3723101
PARENT_PREPARATION phase=paths ns=1550527750 thread=3723101
PARENT_PREPARATION phase=path_reads ns=2061958 thread=3723101
PARENT_PREPARATION phase=openings ns=5124375 thread=3723101
BLAKE3_NATIVE_QUERY_FUSION groups=7840 removed_scalars=31360
BLAKE3_NATIVE_FUSION dot4=15505 fma=56860 arithmetic_rows=160876
PARENT_PREPARATION phase=assemble ns=123247666 thread=3723101
PARENT_PREPARATION phase=teardown ns=4482042 thread=3723101
CANONICAL_TREE_LEAF_POOL workers=8
CANONICAL_TREE_PHASE phase=leaf_pair_proof_and_preparation ns=5698687916
METAL_FRAMEWORK_INTERACTION rows=4194304 batches=31 gpu_ms=122.25487502291799
METAL_FRAMEWORK_INTERACTION rows=2097152 batches=4 gpu_ms=11.854125012177974
METAL_FRAMEWORK_INTERACTION rows=2097152 batches=1 gpu_ms=3.7762499996460974
METAL_FRAMEWORK_INTERACTION rows=1048576 batches=2 gpu_ms=6.0320000047795475
METAL_FRAMEWORK_INTERACTION rows=262144 batches=2 gpu_ms=1.2237500050105155
CANONICAL_TREE_PHASE phase=aggregate_proof_and_checks height=1 ns=5963396708
BLAKE3_TREE_NODE verified=true height=1 artifact_bytes=853044 queries=70 pow_bits=26
PARENT_PREPARATION phase=validate ns=359292 thread=3723101
PARENT_PREPARATION phase=composition ns=1207708 thread=3723101
PARENT_PREPARATION phase=deep ns=14000834 thread=3723101
PARENT_PREPARATION phase=fri ns=19891541 thread=3723101
PARENT_PREPARATION phase=transcript_plan ns=7689209 thread=3723101
PARENT_PREPARATION phase=payloads ns=3428250 thread=3723101
PARENT_PREPARATION phase=challenges ns=6056250 thread=3723101
PARENT_PREPARATION phase=terminal ns=4093500 thread=3723101
PARENT_PREPARATION phase=queries ns=6086000 thread=3723101
PARENT_PREPARATION phase=roots ns=1652375 thread=3723101
PARENT_PREPARATION phase=hash_columns ns=39496375 thread=3723101
PARENT_PREPARATION phase=transcript ns=33171750 thread=3723101
PARENT_PATH_PREPARATION openings=1540 other_ns=35236208 live_ns=1528075032 trusted_ns=58161622 append_ns=68840846 thread=3723101
PARENT_PREPARATION phase=paths ns=1690330458 thread=3723101
PARENT_PREPARATION phase=path_reads ns=2320125 thread=3723101
PARENT_PREPARATION phase=openings ns=5601167 thread=3723101
BLAKE3_NATIVE_QUERY_FUSION groups=7560 removed_scalars=30240
BLAKE3_NATIVE_FUSION dot4=14350 fma=56672 arithmetic_rows=159015
PARENT_PREPARATION phase=assemble ns=120251917 thread=3723101
PARENT_PREPARATION phase=teardown ns=3945375 thread=3723101
PARENT_PREPARATION phase=validate ns=387167 thread=3723101
PARENT_PREPARATION phase=composition ns=1413333 thread=3723101
PARENT_PREPARATION phase=deep ns=17046250 thread=3723101
PARENT_PREPARATION phase=fri ns=20671084 thread=3723101
PARENT_PREPARATION phase=transcript_plan ns=7140083 thread=3723101
PARENT_PREPARATION phase=payloads ns=4247875 thread=3723101
PARENT_PREPARATION phase=challenges ns=6812833 thread=3723101
PARENT_PREPARATION phase=terminal ns=4320500 thread=3723101
PARENT_PREPARATION phase=queries ns=6874500 thread=3723101
PARENT_PREPARATION phase=roots ns=1863084 thread=3723101
PARENT_PREPARATION phase=hash_columns ns=71872958 thread=3723101
PARENT_PREPARATION phase=transcript ns=39281417 thread=3723101
PARENT_PATH_PREPARATION openings=1540 other_ns=41101848 live_ns=1379828185 trusted_ns=59062407 append_ns=97233060 thread=3723101
PARENT_PREPARATION phase=paths ns=1577242416 thread=3723101
PARENT_PREPARATION phase=path_reads ns=2538667 thread=3723101
PARENT_PREPARATION phase=openings ns=5741000 thread=3723101
BLAKE3_NATIVE_QUERY_FUSION groups=8820 removed_scalars=35280
BLAKE3_NATIVE_FUSION dot4=18459 fma=58931 arithmetic_rows=168994
PARENT_PREPARATION phase=assemble ns=132261333 thread=3723101
PARENT_PREPARATION phase=teardown ns=4571209 thread=3723101
CANONICAL_TREE_LEAF_POOL workers=8
CANONICAL_TREE_PHASE phase=leaf_pair_proof_and_preparation ns=6110647583
METAL_FRAMEWORK_INTERACTION rows=4194304 batches=31 gpu_ms=124.01674999273382
METAL_FRAMEWORK_INTERACTION rows=2097152 batches=4 gpu_ms=11.718041670974344
METAL_FRAMEWORK_INTERACTION rows=2097152 batches=1 gpu_ms=3.548333334038034
METAL_FRAMEWORK_INTERACTION rows=1048576 batches=2 gpu_ms=2.285249996930361
METAL_FRAMEWORK_INTERACTION rows=262144 batches=2 gpu_ms=0.36475001252256334
CANONICAL_TREE_PHASE phase=aggregate_proof_and_checks height=1 ns=6005185708
BLAKE3_TREE_NODE verified=true height=1 artifact_bytes=850623 queries=70 pow_bits=26
PARENT_PREPARATION phase=validate ns=548541 thread=3723101
PARENT_PREPARATION phase=validate ns=561084 thread=3723741
PARENT_PREPARATION phase=validate ns=553334 thread=3723101
PARENT_PREPARATION phase=validate ns=557584 thread=3723741
PARENT_PREPARATION phase=composition ns=2702208 thread=3723101
PARENT_PREPARATION phase=composition ns=2868958 thread=3723741
PARENT_PREPARATION phase=deep ns=28347750 thread=3723101
PARENT_PREPARATION phase=deep ns=28335042 thread=3723741
PARENT_PREPARATION phase=fri ns=31102458 thread=3723101
PARENT_PREPARATION phase=fri ns=30960125 thread=3723741
PARENT_PREPARATION phase=transcript_plan ns=14392708 thread=3723741
PARENT_PREPARATION phase=transcript_plan ns=14465667 thread=3723101
PARENT_PREPARATION phase=payloads ns=6253125 thread=3723101
PARENT_PREPARATION phase=payloads ns=6311833 thread=3723741
PARENT_PREPARATION phase=challenges ns=9764917 thread=3723741
PARENT_PREPARATION phase=challenges ns=9882208 thread=3723101
PARENT_PREPARATION phase=terminal ns=5532875 thread=3723101
PARENT_PREPARATION phase=terminal ns=5662333 thread=3723741
PARENT_PREPARATION phase=queries ns=9731084 thread=3723741
PARENT_PREPARATION phase=queries ns=9764250 thread=3723101
PARENT_PREPARATION phase=roots ns=2300333 thread=3723741
PARENT_PREPARATION phase=roots ns=2295417 thread=3723101
PARENT_PREPARATION phase=hash_columns ns=93476583 thread=3723741
PARENT_PREPARATION phase=hash_columns ns=93720083 thread=3723101
PARENT_PREPARATION phase=transcript ns=49200667 thread=3723101
PARENT_PREPARATION phase=transcript ns=51448250 thread=3723741
PARENT_PATH_PREPARATION openings=1820 other_ns=71527816 live_ns=2129307674 trusted_ns=98128005 append_ns=145801547 thread=3723101
PARENT_PREPARATION phase=paths ns=2444786458 thread=3723101
PARENT_PREPARATION phase=path_reads ns=4271959 thread=3723101
PARENT_PREPARATION phase=openings ns=8582583 thread=3723101
PARENT_PATH_PREPARATION openings=1820 other_ns=72207825 live_ns=2294347656 trusted_ns=98822212 append_ns=143315557 thread=3723741
PARENT_PREPARATION phase=paths ns=2608711625 thread=3723741
PARENT_PREPARATION phase=path_reads ns=4288125 thread=3723741
PARENT_PREPARATION phase=openings ns=8702834 thread=3723741
BLAKE3_NATIVE_QUERY_FUSION groups=19390 removed_scalars=77560
BLAKE3_NATIVE_FUSION dot4=28180 fma=82179 arithmetic_rows=232056
PARENT_PREPARATION phase=assemble ns=229593750 thread=3723101
PARENT_PREPARATION phase=teardown ns=10508666 thread=3723101
BLAKE3_NATIVE_QUERY_FUSION groups=19390 removed_scalars=77560
BLAKE3_NATIVE_FUSION dot4=28252 fma=81675 arithmetic_rows=231209
PARENT_PREPARATION phase=assemble ns=211342500 thread=3723741
PARENT_PREPARATION phase=teardown ns=7241292 thread=3723741
CANONICAL_TREE_CHILD_PREPARATION workers=2 reused_after_failure=true
CANONICAL_TREE_PHASE phase=root_preparation ns=4507385333
METAL_FRAMEWORK_INTERACTION rows=8388608 batches=31 gpu_ms=249.58120833616704
METAL_FRAMEWORK_INTERACTION rows=2097152 batches=4 gpu_ms=11.54116666293703
METAL_FRAMEWORK_INTERACTION rows=2097152 batches=1 gpu_ms=3.558541677193716
METAL_FRAMEWORK_INTERACTION rows=2097152 batches=2 gpu_ms=10.560624999925494
METAL_FRAMEWORK_INTERACTION rows=524288 batches=2 gpu_ms=0.881000014487654
CANONICAL_TREE_PHASE phase=aggregate_proof_and_checks height=2 ns=13208515667
BLAKE3_TREE_NODE verified=true height=2 artifact_bytes=903838 queries=70 pow_bits=26
CANONICAL_TREE_BUDGET peak_bytes=29486122073 limit_bytes=51539607552
BLAKE3_TREE_PARAMETERS leaf_queries=70 leaf_pow_bits=26 parent_queries=70 parent_pow_bits=26 canonical=true
BLAKE3_TREE verified=true leaves=4 aggregate_levels=2 cycles=6 retained_root_rows=4940200960

Build Summary: 3/3 steps succeeded; 7/7 tests passed
test-blake3-native-tree-aot success
+- run test 7 passed 42s MaxRSS:42G
   +- compile test ReleaseFast native success 1m MaxRSS:2G

