1/7 blake3_metal_qualification_test_root.test.Metal canonical four-leaf BLAKE3 aggregation tree...CANONICAL_PARENT_ALLOCATOR mode=smp
BLAKE3_NATIVE_QUERY_FUSION groups=7840 removed_scalars=31360
BLAKE3_NATIVE_FUSION dot4=15505 fma=56858 arithmetic_rows=160880
BLAKE3_NATIVE_QUERY_FUSION groups=7840 removed_scalars=31360
BLAKE3_NATIVE_FUSION dot4=15505 fma=56860 arithmetic_rows=160876
CANONICAL_TREE_LEAF_POOL workers=8
CANONICAL_TREE_PHASE phase=leaf_pair_proof_and_preparation ns=5813374167
METAL_FRAMEWORK_INTERACTION rows=4194304 batches=31 gpu_ms=123.18975001107901
METAL_FRAMEWORK_INTERACTION rows=2097152 batches=4 gpu_ms=11.662999982945621
METAL_FRAMEWORK_INTERACTION rows=2097152 batches=1 gpu_ms=3.126583353150636
METAL_FRAMEWORK_INTERACTION rows=1048576 batches=2 gpu_ms=5.926749989157543
METAL_FRAMEWORK_INTERACTION rows=262144 batches=2 gpu_ms=0.6052500102669001
CANONICAL_TREE_PHASE phase=aggregate_proof_and_checks height=1 ns=5980788084
BLAKE3_TREE_NODE verified=true height=1 artifact_bytes=853044 queries=70 pow_bits=26
BLAKE3_NATIVE_QUERY_FUSION groups=7560 removed_scalars=30240
BLAKE3_NATIVE_FUSION dot4=14350 fma=56672 arithmetic_rows=159015
BLAKE3_NATIVE_QUERY_FUSION groups=8820 removed_scalars=35280
BLAKE3_NATIVE_FUSION dot4=18459 fma=58931 arithmetic_rows=168994
CANONICAL_TREE_LEAF_POOL workers=8
CANONICAL_TREE_PHASE phase=leaf_pair_proof_and_preparation ns=6315244000
METAL_FRAMEWORK_INTERACTION rows=4194304 batches=31 gpu_ms=128.0421249975916
METAL_FRAMEWORK_INTERACTION rows=2097152 batches=4 gpu_ms=11.944249999942258
METAL_FRAMEWORK_INTERACTION rows=2097152 batches=1 gpu_ms=3.481041669147089
METAL_FRAMEWORK_INTERACTION rows=1048576 batches=2 gpu_ms=6.448875006753951
METAL_FRAMEWORK_INTERACTION rows=262144 batches=2 gpu_ms=1.2274583568796515
CANONICAL_TREE_PHASE phase=aggregate_proof_and_checks height=1 ns=6052221250
BLAKE3_TREE_NODE verified=true height=1 artifact_bytes=850623 queries=70 pow_bits=26
BLAKE3_NATIVE_QUERY_FUSION groups=19390 removed_scalars=77560
BLAKE3_NATIVE_FUSION dot4=28252 fma=81675 arithmetic_rows=231209
BLAKE3_NATIVE_QUERY_FUSION groups=19390 removed_scalars=77560
BLAKE3_NATIVE_FUSION dot4=28180 fma=82179 arithmetic_rows=232056
CANONICAL_TREE_PHASE phase=root_preparation ns=6991458125
METAL_FRAMEWORK_INTERACTION rows=8388608 batches=31 gpu_ms=253.8757500005886
METAL_FRAMEWORK_INTERACTION rows=2097152 batches=4 gpu_ms=11.524624977027997
METAL_FRAMEWORK_INTERACTION rows=2097152 batches=1 gpu_ms=3.518625017022714
METAL_FRAMEWORK_INTERACTION rows=2097152 batches=2 gpu_ms=10.296624997863546
METAL_FRAMEWORK_INTERACTION rows=524288 batches=2 gpu_ms=0.750333332689479
CANONICAL_TREE_PHASE phase=aggregate_proof_and_checks height=2 ns=13070715708
BLAKE3_TREE_NODE verified=true height=2 artifact_bytes=903838 queries=70 pow_bits=26
CANONICAL_TREE_BUDGET peak_bytes=29486122073 limit_bytes=51539607552
BLAKE3_TREE_PARAMETERS leaf_queries=70 leaf_pow_bits=26 parent_queries=70 parent_pow_bits=26 canonical=true
BLAKE3_TREE verified=true leaves=4 aggregate_levels=2 cycles=6 retained_root_rows=4940200960
OK
2/7 runner.mod.test_0...OK
3/7 runner.decode.test_0...OK
4/7 air.memory_commitment.poseidon2_air.test_0...OK
5/7 air.semantic_eval.test_0...OK
6/7 air.lookups.tables.source_ingest.test_0...OK
7/7 diagnostics.mod.test_0...OK
All 7 tests passed.
       44.56 real        77.06 user        11.06 sys
         42238312448  maximum resident set size
                   0  average shared memory size
                   0  average unshared data size
                   0  average unshared stack size
            11365081  page reclaims
                   0  page faults
                   0  swaps
                   0  block input operations
                   0  block output operations
                   0  messages sent
                   0  messages received
                   0  signals received
                   5  voluntary context switches
               44773  involuntary context switches
        934088372546  instructions retired
        381206937785  cycles elapsed
         44450685840  peak memory footprint
