1/7 blake3_metal_qualification_test_root.test.Metal canonical four-leaf BLAKE3 aggregation tree...CANONICAL_PARENT_ALLOCATOR mode=smp
BLAKE3_NATIVE_QUERY_FUSION groups=7840 removed_scalars=31360
BLAKE3_NATIVE_FUSION dot4=15505 fma=56858 arithmetic_rows=160880
BLAKE3_NATIVE_QUERY_FUSION groups=7840 removed_scalars=31360
BLAKE3_NATIVE_FUSION dot4=15505 fma=56860 arithmetic_rows=160876
CANONICAL_TREE_LEAF_POOL workers=8
CANONICAL_TREE_PHASE phase=leaf_pair_proof_and_preparation ns=6344855042
METAL_FRAMEWORK_INTERACTION rows=4194304 batches=31 gpu_ms=128.4402500023134
METAL_FRAMEWORK_INTERACTION rows=2097152 batches=4 gpu_ms=11.76154168206267
METAL_FRAMEWORK_INTERACTION rows=2097152 batches=1 gpu_ms=3.595000016503036
METAL_FRAMEWORK_INTERACTION rows=1048576 batches=2 gpu_ms=6.509291677502915
METAL_FRAMEWORK_INTERACTION rows=262144 batches=2 gpu_ms=0.648291694233194
CANONICAL_TREE_PHASE phase=aggregate_proof_and_checks height=1 ns=6134100500
BLAKE3_TREE_NODE verified=true height=1 artifact_bytes=853044 queries=70 pow_bits=26
BLAKE3_NATIVE_QUERY_FUSION groups=7560 removed_scalars=30240
BLAKE3_NATIVE_FUSION dot4=14350 fma=56672 arithmetic_rows=159015
BLAKE3_NATIVE_QUERY_FUSION groups=8820 removed_scalars=35280
BLAKE3_NATIVE_FUSION dot4=18459 fma=58931 arithmetic_rows=168994
CANONICAL_TREE_LEAF_POOL workers=8
CANONICAL_TREE_PHASE phase=leaf_pair_proof_and_preparation ns=6537350125
METAL_FRAMEWORK_INTERACTION rows=4194304 batches=31 gpu_ms=122.10224999580532
METAL_FRAMEWORK_INTERACTION rows=2097152 batches=4 gpu_ms=11.629999993601814
METAL_FRAMEWORK_INTERACTION rows=2097152 batches=1 gpu_ms=3.426374983973801
METAL_FRAMEWORK_INTERACTION rows=1048576 batches=2 gpu_ms=5.989500001305714
METAL_FRAMEWORK_INTERACTION rows=262144 batches=2 gpu_ms=1.2275000044610351
CANONICAL_TREE_PHASE phase=aggregate_proof_and_checks height=1 ns=6119334958
BLAKE3_TREE_NODE verified=true height=1 artifact_bytes=850623 queries=70 pow_bits=26
BLAKE3_NATIVE_QUERY_FUSION groups=19390 removed_scalars=77560
BLAKE3_NATIVE_FUSION dot4=28252 fma=81675 arithmetic_rows=231209
BLAKE3_NATIVE_QUERY_FUSION groups=19390 removed_scalars=77560
BLAKE3_NATIVE_FUSION dot4=28180 fma=82179 arithmetic_rows=232056
CANONICAL_TREE_CHILD_PREPARATION workers=2 reused_after_failure=true
CANONICAL_TREE_PHASE phase=root_preparation ns=4681706208
METAL_FRAMEWORK_INTERACTION rows=8388608 batches=31 gpu_ms=249.67274998198263
METAL_FRAMEWORK_INTERACTION rows=2097152 batches=4 gpu_ms=11.429916659835726
METAL_FRAMEWORK_INTERACTION rows=2097152 batches=1 gpu_ms=3.6861250118818134
METAL_FRAMEWORK_INTERACTION rows=2097152 batches=2 gpu_ms=10.612499987473711
METAL_FRAMEWORK_INTERACTION rows=524288 batches=2 gpu_ms=0.5275833245832473
CANONICAL_TREE_PHASE phase=aggregate_proof_and_checks height=2 ns=13251219625
BLAKE3_TREE_NODE verified=true height=2 artifact_bytes=903838 queries=70 pow_bits=26
CANONICAL_TREE_BUDGET peak_bytes=29486122073 limit_bytes=51539607552
BLAKE3_TREE_PARAMETERS leaf_queries=70 leaf_pow_bits=26 parent_queries=70 parent_pow_bits=26 canonical=true
BLAKE3_TREE verified=true leaves=4 aggregate_levels=2 cycles=6 retained_root_rows=4940200960
OK
2/7 runner.mod.test_0...OK
3/7 runner.decode.test_0...OK
4/7 air.memory_commitment.poseidon2_air.test_0...OK
5/7 air.semantic_eval.test_0...OK
6/7 air.lookups.tables.source_ingest.test_0...OK
7/7 diagnostics.mod.test_0...OK
All 7 tests passed.
       43.41 real        79.60 user        11.43 sys
         42233020416  maximum resident set size
                   0  average shared memory size
                   0  average unshared data size
                   0  average unshared stack size
            11364576  page reclaims
                   0  page faults
                   0  swaps
                   0  block input operations
                   0  block output operations
                   0  messages sent
                   0  messages received
                   0  signals received
                   1  voluntary context switches
               47006  involuntary context switches
        934837592368  instructions retired
        382712427710  cycles elapsed
         44445491896  peak memory footprint
