test-recursive-fused-pcs-opening
+- Fused PCS opening guard
   +- run test stderr
NATIVE_PADDING air=0 live_events=52 implicit_columns_equal=false
NATIVE_PADDING air=1 live_events=0 implicit_columns_equal=true
NATIVE_PADDING air=2 live_events=0 implicit_columns_equal=true
NATIVE_PADDING air=3 live_events=0 implicit_columns_equal=true
NATIVE_PADDING air=4 live_events=0 implicit_columns_equal=true
NATIVE_PADDING air=5 live_events=0 implicit_columns_equal=true
NATIVE_PADDING air=6 live_events=0 implicit_columns_equal=true
NATIVE_PADDING air=7 live_events=0 implicit_columns_equal=true
NATIVE_PADDING air=8 live_events=0 implicit_columns_equal=true
NATIVE_PADDING air=9 live_events=0 implicit_columns_equal=true
NATIVE_PADDING air=10 live_events=0 implicit_columns_equal=true
NATIVE_PADDING air=11 live_events=0 implicit_columns_equal=true
NATIVE_PADDING air=12 live_events=0 implicit_columns_equal=true
NATIVE_PADDING air=13 live_events=0 implicit_columns_equal=true
NATIVE_PADDING air=14 live_events=0 implicit_columns_equal=true
NATIVE_PADDING air=15 live_events=0 implicit_columns_equal=true
NATIVE_PADDING air=16 live_events=0 implicit_columns_equal=true
NATIVE_PADDING air=17 live_events=0 implicit_columns_equal=true
NATIVE_PADDING air=18 live_events=0 implicit_columns_equal=true
NATIVE_PADDING air=19 live_events=0 implicit_columns_equal=true

Build Summary: 4/4 steps succeeded; 13/13 tests passed
test-recursive-fused-pcs-opening success
+- Fused PCS opening guard success
   +- run test 13 passed 607ms MaxRSS:136M
      +- compile test ReleaseSafe native success 16s MaxRSS:1G

