1/7 blake3_metal_qualification_test_root.test.Metal compact canonical native BLAKE3 parent matches CPU qualification...CANONICAL_PARENT_ALLOCATOR mode=smp
BLAKE3_EXECUTION_STAGE_PROFILE {"schema_version":1,"runtime":"native","example":"blake3-execution","stages":[{"id":"execution.fixed","label":"Admission and fixed commitment","seconds":0.030418,"children":null},{"id":"execution.main","label":"Main commitment","seconds":0.022847,"children":null},{"id":"execution.native_interaction","label":"Native interaction generation","seconds":0.009877,"children":null},{"id":"execution.hash_interaction","label":"Hash interaction generation","seconds":0.005855,"children":null},{"id":"execution.interaction_commit","label":"Interaction closure and commitment","seconds":0.031069,"children":null},{"id":"execution.core","label":"Core STARK proof","seconds":8.856573,"children":[{"id":"draw_random_coeff","label":"Draw random coefficient","seconds":0.000001,"children":null},{"id":"composition_trace_extract","label":"Composition trace extract","seconds":0.000001,"children":null},{"id":"composition_evaluation","label":"Composition evaluation","seconds":0.05256,"children":null},{"id":"composition_interpolate_and_split","label":"Composition interpolate and split","seconds":0.004094,"children":null},{"id":"composition_commit","label":"Composition commit","seconds":0.067307,"children":null},{"id":"oods_point_and_mask_points","label":"OODS point and mask points","seconds":0.000104,"children":null},{"id":"sampled_value_evaluation","label":"Sampled-value evaluation","seconds":0.0126,"children":null},{"id":"sampled_value_channel_mix","label":"Sampled-value channel mix","seconds":0.000022,"children":null},{"id":"fri_quotient_build_and_commit","label":"FRI quotient build + commit (lazy)","seconds":0.160032,"children":null},{"id":"proof_of_work","label":"Proof of work","seconds":8.554769,"children":null},{"id":"fri_decommit","label":"FRI decommit","seconds":0.001804,"children":null},{"id":"trace_decommit","label":"Trace decommit","seconds":0.000489,"children":null},{"id":"constraint_check_and_assembly","label":"Constraint check and assembly","seconds":0.000118,"children":null}]}]}
BLAKE3_EXTENSION_REPLAY composition=true deep=true transcript=true changed_claim_rejected=true
BLAKE3_HASH_METADATA g_rows=2105656 xor_rows=601616 full_row_bytes=936114496 compact_bytes=149200768 removed_bytes=786913728
BLAKE3_PATH_PLAN_REUSE openings=1540 graph_builds=6 retained_plans=2
BLAKE3_TRUSTED_PATH_METADATA full_row_bytes=919857408 compact_bytes=146609664 removed_bytes=773247744
BLAKE3_NATIVE_QUERY_FUSION groups=8610 removed_scalars=34440
BLAKE3_NATIVE_FUSION dot4=19037 fma=59337 arithmetic_rows=170472
BLAKE3_HASH_METADATA g_rows=2105656 xor_rows=601616 full_row_bytes=936114496 compact_bytes=149200768 removed_bytes=786913728
BLAKE3_PATH_PLAN_REUSE openings=1540 graph_builds=6 retained_plans=2
BLAKE3_TRUSTED_PATH_METADATA full_row_bytes=919857408 compact_bytes=146609664 removed_bytes=773247744
BLAKE3_NATIVE_QUERY_FUSION groups=8610 removed_scalars=34440
BLAKE3_NATIVE_FUSION dot4=19037 fma=59337 arithmetic_rows=170472
BLAKE3_HASH_METADATA g_rows=2105656 xor_rows=601616 full_row_bytes=936114496 compact_bytes=149200768 removed_bytes=786913728
METAL_STREAM_LEAVES columns=431 log=23 tile_log=17 scratch_bytes=67108864 working_bytes=54525952 dispatches=512 overlap=true gpu_ms=49.377
BLAKE3_PATH_PLAN_REUSE openings=1540 graph_builds=6 retained_plans=2
BLAKE3_TRUSTED_PATH_METADATA full_row_bytes=919857408 compact_bytes=146609664 removed_bytes=773247744
METAL_FRAMEWORK_INTERACTION rows=4194304 batches=28 gpu_ms=118.82737500127405
METAL_FRAMEWORK_INTERACTION rows=1048576 batches=4 gpu_ms=2.1600000036414713
BLAKE3_NATIVE_QUERY_FUSION groups=8610 removed_scalars=34440
BLAKE3_NATIVE_FUSION dot4=19037 fma=59337 arithmetic_rows=170472
METAL_FRAMEWORK_INTERACTION rows=1048576 batches=1 gpu_ms=1.432583318091929
METAL_FRAMEWORK_INTERACTION rows=524288 batches=2 gpu_ms=0.7893750153016299
METAL_FRAMEWORK_INTERACTION rows=131072 batches=2 gpu_ms=0.1875000016298145
METAL_STREAM_LEAVES columns=456 log=23 tile_log=17 scratch_bytes=67108864 working_bytes=54525952 dispatches=576 overlap=true gpu_ms=51.326
METAL_FRAMEWORK_COMPOSITION components=5 groups=4 gpu_ms=174.300
METAL_HOST_BARYCENTRIC staging_bytes=67108864 commands=178 columns=1251 points=24 gpu_ms=72.224
BLAKE3_PARENT_STAGE_PROFILE {"schema_version":1,"runtime":"native","example":"blake3-recursive-parent","stages":[{"id":"parent.validation","label":"Authenticated row validation","seconds":0.02305,"children":null},{"id":"parent.main_setup","label":"Main columns and lookup counts","seconds":0.37654,"children":null},{"id":"parent.main_commit","label":"Main commitment","seconds":0.926428,"children":null},{"id":"parent.interaction_generation","label":"Interaction generation","seconds":0.642609,"children":null},{"id":"parent.interaction_commit","label":"Interaction commitment","seconds":0.812354,"children":null},{"id":"parent.core","label":"Core STARK proof","seconds":1.328942,"children":[{"id":"draw_random_coeff","label":"Draw random coefficient","seconds":0.000001,"children":null},{"id":"composition_trace_extract","label":"Composition trace extract","seconds":0.000003,"children":null},{"id":"composition_evaluation","label":"Composition evaluation","seconds":0.608363,"children":null},{"id":"composition_interpolate_and_split","label":"Composition interpolate and split","seconds":0.01839,"children":null},{"id":"composition_commit","label":"Composition commit","seconds":0.04026,"children":null},{"id":"oods_point_and_mask_points","label":"OODS point and mask points","seconds":0.000066,"children":null},{"id":"sampled_value_evaluation","label":"Sampled-value evaluation","seconds":0.3048,"children":null},{"id":"sampled_value_channel_mix","label":"Sampled-value channel mix","seconds":0.000034,"children":null},{"id":"fri_quotient_build_and_commit","label":"FRI quotient build + commit (lazy)","seconds":0.251399,"children":null},{"id":"proof_of_work","label":"Proof of work","seconds":0.017639,"children":null},{"id":"fri_decommit","label":"FRI decommit","seconds":0.002975,"children":null},{"id":"trace_decommit","label":"Trace decommit","seconds":0.018982,"children":null},{"id":"constraint_check_and_assembly","label":"Constraint check and assembly","seconds":0.000083,"children":null}]}]}
METAL_STREAM_LEAVES columns=431 log=23 tile_log=17 scratch_bytes=67108864 working_bytes=54525952 dispatches=512 overlap=true gpu_ms=46.698
METAL_FRAMEWORK_INTERACTION rows=4194304 batches=28 gpu_ms=115.97958332276903
METAL_FRAMEWORK_INTERACTION rows=1048576 batches=4 gpu_ms=2.1533333347178996
METAL_FRAMEWORK_INTERACTION rows=1048576 batches=1 gpu_ms=1.4153333322610706
METAL_FRAMEWORK_INTERACTION rows=524288 batches=2 gpu_ms=0.7771666860207915
METAL_FRAMEWORK_INTERACTION rows=131072 batches=2 gpu_ms=0.17291665426455438
METAL_STREAM_LEAVES columns=456 log=23 tile_log=17 scratch_bytes=67108864 working_bytes=54525952 dispatches=576 overlap=true gpu_ms=52.088
METAL_FRAMEWORK_COMPOSITION components=5 groups=4 gpu_ms=174.313
METAL_HOST_BARYCENTRIC staging_bytes=67108864 commands=178 columns=1251 points=24 gpu_ms=67.743
BLAKE3_PARENT_STAGE_PROFILE {"schema_version":1,"runtime":"native","example":"blake3-recursive-parent","stages":[{"id":"parent.validation","label":"Authenticated row validation","seconds":0.018939,"children":null},{"id":"parent.main_setup","label":"Main columns and lookup counts","seconds":0.36274,"children":null},{"id":"parent.main_commit","label":"Main commitment","seconds":0.83799,"children":null},{"id":"parent.interaction_generation","label":"Interaction generation","seconds":0.598435,"children":null},{"id":"parent.interaction_commit","label":"Interaction commitment","seconds":0.816651,"children":null},{"id":"parent.core","label":"Core STARK proof","seconds":1.267617,"children":[{"id":"draw_random_coeff","label":"Draw random coefficient","seconds":0.000001,"children":null},{"id":"composition_trace_extract","label":"Composition trace extract","seconds":0.000003,"children":null},{"id":"composition_evaluation","label":"Composition evaluation","seconds":0.591813,"children":null},{"id":"composition_interpolate_and_split","label":"Composition interpolate and split","seconds":0.006639,"children":null},{"id":"composition_commit","label":"Composition commit","seconds":0.03375,"children":null},{"id":"oods_point_and_mask_points","label":"OODS point and mask points","seconds":0.000055,"children":null},{"id":"sampled_value_evaluation","label":"Sampled-value evaluation","seconds":0.283971,"children":null},{"id":"sampled_value_channel_mix","label":"Sampled-value channel mix","seconds":0.000035,"children":null},{"id":"fri_quotient_build_and_commit","label":"FRI quotient build + commit (lazy)","seconds":0.246542,"children":null},{"id":"proof_of_work","label":"Proof of work","seconds":0.01729,"children":null},{"id":"fri_decommit","label":"FRI decommit","seconds":0.002804,"children":null},{"id":"trace_decommit","label":"Trace decommit","seconds":0.019326,"children":null},{"id":"constraint_check_and_assembly","label":"Constraint check and assembly","seconds":0.000073,"children":null}]}]}
CANONICAL_PIPELINE_ARTIFACT index=0 sha256=33b85e0a6519962ca53511b4dc06cecc0f2f5d0e06f299f95a8868efd10744dd bytes=839853 independently_verified=true
CANONICAL_PIPELINE_ARTIFACT index=1 sha256=33b85e0a6519962ca53511b4dc06cecc0f2f5d0e06f299f95a8868efd10744dd bytes=839853 independently_verified=true
CANONICAL_EXECUTION_PIPELINE mode=overlapped jobs=2 workers=8 cpu_tokens=9 reserved_bytes=55661365064 wall_ns=9588340625 overlap_ns=1911848667 worker_peak_bytes=10470062405 worker_limit_bytes=25769803776 child_queries=70 child_pow_bits=26 parent_queries=70 parent_pow_bits=26 plan_reused=true outputs_outlive_worker=true independently_verified=true
CANONICAL_PIPELINE_SPAN run=0 index=0 prepare_start=11875 prepare_end=1558964083 prove_start=1558975708 prove_end=5668905292
CANONICAL_PIPELINE_SPAN run=0 index=1 prepare_start=1558967583 prepare_end=3470824375 prove_start=5677332500 prove_end=9579716000
COMPACT_RECURSIVE_PARENT child_queries=70 child_pow_bits=26 parent_queries=70 parent_pow_bits=26 independently_verified=true
COMPACT_BASE_PROOF queries=70 pow_bits=26 bytes=469544 independently_verified=true
OK
2/7 runner.mod.test_0...OK
3/7 runner.decode.test_0...OK
4/7 air.memory_commitment.poseidon2_air.test_0...OK
5/7 air.semantic_eval.test_0...OK
6/7 air.lookups.tables.source_ingest.test_0...OK
7/7 diagnostics.mod.test_0...OK
All 7 tests passed.
       20.91 real        28.50 user         4.71 sys
         21917499392  maximum resident set size
                   0  average shared memory size
                   0  average unshared data size
                   0  average unshared stack size
             4293876  page reclaims
                   0  page faults
                   0  swaps
                   0  block input operations
                   0  block output operations
                   0  messages sent
                   0  messages received
                   0  signals received
                   0  voluntary context switches
               18502  involuntary context switches
        504957425998  instructions retired
        144695915299  cycles elapsed
         28178168280  peak memory footprint
