1/7 blake3_metal_qualification_test_root.test.Metal compact canonical native BLAKE3 parent matches CPU qualification...CANONICAL_PARENT_ALLOCATOR mode=smp
BLAKE3_EXECUTION_STAGE_PROFILE {"schema_version":1,"runtime":"native","example":"blake3-execution","stages":[{"id":"execution.fixed","label":"Admission and fixed commitment","seconds":0.028717,"children":null},{"id":"execution.main","label":"Main commitment","seconds":0.022232,"children":null},{"id":"execution.native_interaction","label":"Native interaction generation","seconds":0.010831,"children":null},{"id":"execution.hash_interaction","label":"Hash interaction generation","seconds":0.00593,"children":null},{"id":"execution.interaction_commit","label":"Interaction closure and commitment","seconds":0.030778,"children":null},{"id":"execution.core","label":"Core STARK proof","seconds":8.940128,"children":[{"id":"draw_random_coeff","label":"Draw random coefficient","seconds":0,"children":null},{"id":"composition_trace_extract","label":"Composition trace extract","seconds":0.000002,"children":null},{"id":"composition_evaluation","label":"Composition evaluation","seconds":0.053665,"children":null},{"id":"composition_interpolate_and_split","label":"Composition interpolate and split","seconds":0.004113,"children":null},{"id":"composition_commit","label":"Composition commit","seconds":0.06716,"children":null},{"id":"oods_point_and_mask_points","label":"OODS point and mask points","seconds":0.000096,"children":null},{"id":"sampled_value_evaluation","label":"Sampled-value evaluation","seconds":0.01254,"children":null},{"id":"sampled_value_channel_mix","label":"Sampled-value channel mix","seconds":0.000024,"children":null},{"id":"fri_quotient_build_and_commit","label":"FRI quotient build + commit (lazy)","seconds":0.162029,"children":null},{"id":"proof_of_work","label":"Proof of work","seconds":8.636345,"children":null},{"id":"fri_decommit","label":"FRI decommit","seconds":0.001857,"children":null},{"id":"trace_decommit","label":"Trace decommit","seconds":0.000279,"children":null},{"id":"constraint_check_and_assembly","label":"Constraint check and assembly","seconds":0.000107,"children":null}]}]}
BLAKE3_EXTENSION_REPLAY composition=true deep=true transcript=true changed_claim_rejected=true
BLAKE3_HASH_METADATA g_rows=2105656 xor_rows=601616 full_row_bytes=936114496 compact_bytes=149200768 removed_bytes=786913728
BLAKE3_PATH_PLAN_REUSE openings=1540 graph_builds=6 retained_plans=2
BLAKE3_TRUSTED_PATH_METADATA full_row_bytes=919857408 compact_bytes=146609664 removed_bytes=773247744
BLAKE3_NATIVE_QUERY_FUSION groups=8610 removed_scalars=34440
BLAKE3_NATIVE_FUSION dot4=19037 fma=59337 arithmetic_rows=170472
BLAKE3_HASH_METADATA g_rows=2105656 xor_rows=601616 full_row_bytes=936114496 compact_bytes=149200768 removed_bytes=786913728
BLAKE3_PATH_PLAN_REUSE openings=1540 graph_builds=6 retained_plans=2
BLAKE3_TRUSTED_PATH_METADATA full_row_bytes=919857408 compact_bytes=146609664 removed_bytes=773247744
BLAKE3_NATIVE_QUERY_FUSION groups=8610 removed_scalars=34440
BLAKE3_NATIVE_FUSION dot4=19037 fma=59337 arithmetic_rows=170472
BLAKE3_HASH_METADATA g_rows=2105656 xor_rows=601616 full_row_bytes=936114496 compact_bytes=149200768 removed_bytes=786913728
METAL_STREAM_LEAVES columns=431 log=23 tile_log=17 scratch_bytes=67108864 working_bytes=54525952 dispatches=512 overlap=true gpu_ms=49.639
BLAKE3_PATH_PLAN_REUSE openings=1540 graph_builds=6 retained_plans=2
BLAKE3_TRUSTED_PATH_METADATA full_row_bytes=919857408 compact_bytes=146609664 removed_bytes=773247744
METAL_FRAMEWORK_INTERACTION rows=4194304 batches=28 gpu_ms=117.81020835042
BLAKE3_NATIVE_QUERY_FUSION groups=8610 removed_scalars=34440
BLAKE3_NATIVE_FUSION dot4=19037 fma=59337 arithmetic_rows=170472
METAL_FRAMEWORK_INTERACTION rows=1048576 batches=4 gpu_ms=2.1569166565313935
METAL_FRAMEWORK_INTERACTION rows=1048576 batches=1 gpu_ms=1.4248749939724803
METAL_FRAMEWORK_INTERACTION rows=524288 batches=2 gpu_ms=0.7822499901521951
METAL_FRAMEWORK_INTERACTION rows=131072 batches=2 gpu_ms=0.18812500638887286
METAL_STREAM_LEAVES columns=456 log=23 tile_log=17 scratch_bytes=67108864 working_bytes=54525952 dispatches=576 overlap=true gpu_ms=50.505
METAL_FRAMEWORK_COMPOSITION components=5 groups=4 gpu_ms=173.916
METAL_HOST_BARYCENTRIC staging_bytes=67108864 commands=178 columns=1251 points=24 gpu_ms=71.182
BLAKE3_PARENT_STAGE_PROFILE {"schema_version":1,"runtime":"native","example":"blake3-recursive-parent","stages":[{"id":"parent.validation","label":"Authenticated row validation","seconds":0.022816,"children":null},{"id":"parent.main_setup","label":"Main columns and lookup counts","seconds":0.376336,"children":null},{"id":"parent.main_commit","label":"Main commitment","seconds":0.943282,"children":null},{"id":"parent.interaction_generation","label":"Interaction generation","seconds":0.652235,"children":null},{"id":"parent.interaction_commit","label":"Interaction commitment","seconds":0.816103,"children":null},{"id":"parent.core","label":"Core STARK proof","seconds":1.314363,"children":[{"id":"draw_random_coeff","label":"Draw random coefficient","seconds":0,"children":null},{"id":"composition_trace_extract","label":"Composition trace extract","seconds":0.000004,"children":null},{"id":"composition_evaluation","label":"Composition evaluation","seconds":0.61371,"children":null},{"id":"composition_interpolate_and_split","label":"Composition interpolate and split","seconds":0.018262,"children":null},{"id":"composition_commit","label":"Composition commit","seconds":0.038836,"children":null},{"id":"oods_point_and_mask_points","label":"OODS point and mask points","seconds":0.000061,"children":null},{"id":"sampled_value_evaluation","label":"Sampled-value evaluation","seconds":0.304351,"children":null},{"id":"sampled_value_channel_mix","label":"Sampled-value channel mix","seconds":0.000035,"children":null},{"id":"fri_quotient_build_and_commit","label":"FRI quotient build + commit (lazy)","seconds":0.251749,"children":null},{"id":"proof_of_work","label":"Proof of work","seconds":0.017213,"children":null},{"id":"fri_decommit","label":"FRI decommit","seconds":0.011065,"children":null},{"id":"trace_decommit","label":"Trace decommit","seconds":0.004272,"children":null},{"id":"constraint_check_and_assembly","label":"Constraint check and assembly","seconds":0.000084,"children":null}]}]}
METAL_STREAM_LEAVES columns=431 log=23 tile_log=17 scratch_bytes=67108864 working_bytes=54525952 dispatches=512 overlap=true gpu_ms=47.084
METAL_FRAMEWORK_INTERACTION rows=4194304 batches=28 gpu_ms=116.26329165301286
METAL_FRAMEWORK_INTERACTION rows=1048576 batches=4 gpu_ms=2.156791655579582
METAL_FRAMEWORK_INTERACTION rows=1048576 batches=1 gpu_ms=1.408333337167278
METAL_FRAMEWORK_INTERACTION rows=524288 batches=2 gpu_ms=0.7895000162534416
METAL_FRAMEWORK_INTERACTION rows=131072 batches=2 gpu_ms=0.15425001038238406
METAL_STREAM_LEAVES columns=456 log=23 tile_log=17 scratch_bytes=67108864 working_bytes=54525952 dispatches=576 overlap=true gpu_ms=51.101
METAL_FRAMEWORK_COMPOSITION components=5 groups=4 gpu_ms=173.420
METAL_HOST_BARYCENTRIC staging_bytes=67108864 commands=178 columns=1251 points=24 gpu_ms=69.488
BLAKE3_PARENT_STAGE_PROFILE {"schema_version":1,"runtime":"native","example":"blake3-recursive-parent","stages":[{"id":"parent.validation","label":"Authenticated row validation","seconds":0.017718,"children":null},{"id":"parent.main_setup","label":"Main columns and lookup counts","seconds":0.346098,"children":null},{"id":"parent.main_commit","label":"Main commitment","seconds":0.842301,"children":null},{"id":"parent.interaction_generation","label":"Interaction generation","seconds":0.589642,"children":null},{"id":"parent.interaction_commit","label":"Interaction commitment","seconds":0.809055,"children":null},{"id":"parent.core","label":"Core STARK proof","seconds":1.294927,"children":[{"id":"draw_random_coeff","label":"Draw random coefficient","seconds":0,"children":null},{"id":"composition_trace_extract","label":"Composition trace extract","seconds":0.000014,"children":null},{"id":"composition_evaluation","label":"Composition evaluation","seconds":0.586376,"children":null},{"id":"composition_interpolate_and_split","label":"Composition interpolate and split","seconds":0.019902,"children":null},{"id":"composition_commit","label":"Composition commit","seconds":0.042095,"children":null},{"id":"oods_point_and_mask_points","label":"OODS point and mask points","seconds":0.000052,"children":null},{"id":"sampled_value_evaluation","label":"Sampled-value evaluation","seconds":0.297054,"children":null},{"id":"sampled_value_channel_mix","label":"Sampled-value channel mix","seconds":0.000035,"children":null},{"id":"fri_quotient_build_and_commit","label":"FRI quotient build + commit (lazy)","seconds":0.247234,"children":null},{"id":"proof_of_work","label":"Proof of work","seconds":0.016765,"children":null},{"id":"fri_decommit","label":"FRI decommit","seconds":0.002985,"children":null},{"id":"trace_decommit","label":"Trace decommit","seconds":0.018454,"children":null},{"id":"constraint_check_and_assembly","label":"Constraint check and assembly","seconds":0.000073,"children":null}]}]}
CANONICAL_PIPELINE_ARTIFACT index=0 sha256=33b85e0a6519962ca53511b4dc06cecc0f2f5d0e06f299f95a8868efd10744dd bytes=839853 independently_verified=true
CANONICAL_PIPELINE_ARTIFACT index=1 sha256=33b85e0a6519962ca53511b4dc06cecc0f2f5d0e06f299f95a8868efd10744dd bytes=839853 independently_verified=true
CANONICAL_EXECUTION_PIPELINE mode=overlapped jobs=2 workers=8 cpu_tokens=9 reserved_bytes=55661365064 wall_ns=9614394750 overlap_ns=1909710083 worker_peak_bytes=10470062405 worker_limit_bytes=25769803776 child_queries=70 child_pow_bits=26 parent_queries=70 parent_pow_bits=26 plan_reused=true outputs_outlive_worker=true independently_verified=true
CANONICAL_PIPELINE_SPAN run=0 index=0 prepare_start=13958 prepare_end=1572026917 prove_start=1572036375 prove_end=5697175583
CANONICAL_PIPELINE_SPAN run=0 index=1 prepare_start=1572030167 prepare_end=3481746458 prove_start=5705835083 prove_end=9605583125
COMPACT_RECURSIVE_PARENT child_queries=70 child_pow_bits=26 parent_queries=70 parent_pow_bits=26 independently_verified=true
COMPACT_BASE_PROOF queries=70 pow_bits=26 bytes=469544 independently_verified=true
OK
2/7 runner.mod.test_0...OK
3/7 runner.decode.test_0...OK
4/7 air.memory_commitment.poseidon2_air.test_0...OK
5/7 air.semantic_eval.test_0...OK
6/7 air.lookups.tables.source_ingest.test_0...OK
7/7 diagnostics.mod.test_0...OK
All 7 tests passed.
       21.02 real        28.62 user         4.60 sys
         21917696000  maximum resident set size
                   0  average shared memory size
                   0  average unshared data size
                   0  average unshared stack size
             4293550  page reclaims
                   0  page faults
                   0  swaps
                   0  block input operations
                   0  block output operations
                   0  messages sent
                   0  messages received
                   0  signals received
                   0  voluntary context switches
               18143  involuntary context switches
        504359189030  instructions retired
        144134357930  cycles elapsed
         28178414208  peak memory footprint
