test-riscv-statement-codecs
+- riscv test suite guard
   +- run test 3/4 passed, 1 failed
error: 'prover.blake3_commitment_components_test.test.BLAKE3 Span public program pins typed identity' failed: PUBLIC_PROGRAM_DIGEST=ce40e3b88fb0410ceef6580541d83e8b97e5d0379a3d26f5dd8431ef95146cac
slices differ. first difference occurs at index 0 (0x0)

============ expected this output: =============  len: 32 (0x20)

00 00 00 00 00 00 00 00  00 00 00 00 00 00 00 00  ................
00 00 00 00 00 00 00 00  00 00 00 00 00 00 00 00  ................

============= instead found this: ==============  len: 32 (0x20)

CE 40 E3 B8 8F B0 41 0C  EE F6 58 05 41 D8 3E 8B  .@....A...X.A.>.
97 E5 D0 37 9A 3D 26 F5  DD 84 31 EF 95 14 6C AC  ...7.=&...1...l.

================================================
error: while executing test 'air.memory_commitment.poseidon2_air.test_0', the following test command failed:
./.zig-cache/products/riscv_cpu/o/b8c08c00123a77b47d4f8120f2d013e3/test --cache-dir=./.zig-cache/products/riscv_cpu --seed=0xf83aba63 --listen=-

Build Summary: 1/4 steps succeeded; 1 failed; 3/4 tests passed; 1 failed
test-riscv-statement-codecs transitive failure
+- riscv test suite guard transitive failure
   +- run test 3/4 passed, 1 failed

error: the following build command failed with exit code 1:
.zig-cache/products/riscv_cpu/o/fa3f63267c4c1dbaa70c2853d35b1bd0/build /opt/homebrew/Cellar/zig@0.15/0.15.2/bin/zig /opt/homebrew/Cellar/zig@0.15/0.15.2/lib/zig /Users/theodorepender/code/cryptography/stwo-zig/build_support .zig-cache/products/riscv_cpu /Users/theodorepender/.cache/zig --seed 0xf83aba63 -Ze9e3cc41b816d206 test-riscv-statement-codecs -p /Users/theodorepender/code/cryptography/stwo-zig/zig-out -Drepository-root=/Users/theodorepender/code/cryptography/stwo-zig -Dproduct-scope=riscv_cpu -Doptimize=ReleaseFast --maxrss 25769803776 -j1 -Driscv-test-filter=BLAKE3 Span public program -Dimplementation-commit=1c6c81ecf98813ca3c91988888d9f2af6474763e -Dimplementation-dirty=true -Dimplementation-tree=8a77dd1fb15f570f432fdd3720e456411ae1bbdb -Dimplementation-dirty-content-sha256=5562884a6b2848019f5da95fe8f70a377071df0b0ffc2a924fd9f1100b58abc9
test-riscv-statement-codecs
+- run /opt/homebrew/Cellar/zig@0.15/0.15.2/bin/zig failure
error: the following command exited with error code 1:
/opt/homebrew/Cellar/zig@0.15/0.15.2/bin/zig build test-riscv-statement-codecs --build-file /Users/theodorepender/code/cryptography/stwo-zig/build_support/internal_build.zig --cache-dir .zig-cache/products/riscv_cpu -p /Users/theodorepender/code/cryptography/stwo-zig/zig-out -Drepository-root=/Users/theodorepender/code/cryptography/stwo-zig -Dproduct-scope=riscv_cpu -Doptimize=ReleaseFast --maxrss 25769803776 -j1 "-Driscv-test-filter=BLAKE3 Span public program" -Dimplementation-commit=1c6c81ecf98813ca3c91988888d9f2af6474763e -Dimplementation-dirty=true -Dimplementation-tree=8a77dd1fb15f570f432fdd3720e456411ae1bbdb -Dimplementation-dirty-content-sha256=5562884a6b2848019f5da95fe8f70a377071df0b0ffc2a924fd9f1100b58abc9

Build Summary: 0/2 steps succeeded; 1 failed
test-riscv-statement-codecs transitive failure
+- run /opt/homebrew/Cellar/zig@0.15/0.15.2/bin/zig failure

error: the following build command failed with exit code 1:
.zig-cache/o/2a527f83ef86cddd6590b96c12cdb237/build /opt/homebrew/Cellar/zig@0.15/0.15.2/bin/zig /opt/homebrew/Cellar/zig@0.15/0.15.2/lib/zig /Users/theodorepender/code/cryptography/stwo-zig .zig-cache /Users/theodorepender/.cache/zig --seed 0xaa494327 -Z3b786ad2730904c2 --maxrss 25769803776 -j1 test-riscv-statement-codecs -Doptimize=ReleaseFast -Driscv-test-filter=BLAKE3 Span public program --summary all

Build Summary: 2/2 steps succeeded
test-riscv-statement-codecs success
+- run /opt/homebrew/Cellar/zig@0.15/0.15.2/bin/zig success 6s MaxRSS:546M

