DETACHED_PARENT_CHILD_PHASE lane=1 prefix_ns=5117750 transcript_ns=149542 pcs_ns=1244033750 boundary_ns=40882458 composition_ns=11785875
DETACHED_PARENT_CHILD lane=1 preparation_ns=1302046542
DETACHED_PARENT_CHILD_PHASE lane=2 prefix_ns=5080209 transcript_ns=77125 pcs_ns=1233293541 boundary_ns=40767667 composition_ns=11812708
DETACHED_PARENT_CHILD lane=2 preparation_ns=2593114709
riscv_detached_arithmetic_fusion lane=501 dot4_rows=418 multiply_add_rows=9540
riscv_detached_arithmetic_fusion lane=511 dot4_rows=5440 multiply_add_rows=53629
riscv_detached_arithmetic_fusion lane=412 dot4_rows=117569 multiply_add_rows=33156
riscv_detached_arithmetic_fusion lane=402 dot4_rows=5404 multiply_add_rows=93044
riscv_detached_arithmetic_fusion lane=502 dot4_rows=418 multiply_add_rows=9540
riscv_detached_arithmetic_fusion lane=512 dot4_rows=5440 multiply_add_rows=53629
riscv_detached_arithmetic_fusion lane=413 dot4_rows=117569 multiply_add_rows=33156
riscv_detached_arithmetic_fusion lane=403 dot4_rows=5404 multiply_add_rows=93044
riscv_detached_arithmetic_fusion lane=521 dot4_rows=2746 multiply_add_rows=3708
DETACHED_PARENT_ROW row=0 rows=6382 logical_bytes=306336
DETACHED_PARENT_ROW row=1 rows=3006 logical_bytes=577152
DETACHED_PARENT_ROW row=2 rows=3006 logical_bytes=444888
DETACHED_PARENT_ROW row=3 rows=210 logical_bytes=30240
DETACHED_PARENT_ROW row=4 rows=22368 logical_bytes=1699968
DETACHED_PARENT_ROW row=5 rows=20748 logical_bytes=1742832
DETACHED_PARENT_ROW row=6 rows=4 logical_bytes=1088
DETACHED_PARENT_ROW row=7 rows=4 logical_bytes=240
DETACHED_PARENT_ROW row=8 rows=94 logical_bytes=9400
DETACHED_PARENT_ROW row=9 rows=66 logical_bytes=8448
DETACHED_PARENT_ROW row=10 rows=8 logical_bytes=736
DETACHED_PARENT_ROW row=11 rows=51169 logical_bytes=4707548
DETACHED_PARENT_ROW row=12 rows=1304 logical_bytes=516384
DETACHED_PARENT_ROW row=13 rows=125260 logical_bytes=5010400
DETACHED_PARENT_ROW row=14 rows=260408 logical_bytes=56248128
DETACHED_PARENT_ROW row=20 rows=386 logical_bytes=114256
DETACHED_PARENT_ROW row=21 rows=6176 logical_bytes=2593920
DETACHED_PARENT_ROW row=22 rows=18 logical_bytes=1368
DETACHED_PARENT_ROW row=23 rows=103834 logical_bytes=36134232
DETACHED_PARENT_ROW row=24 rows=853232 logical_bytes=88736128
DETACHED_PARENT_ROW row=25 rows=20844 logical_bytes=7837344
DETACHED_PARENT_ROW row=26 rows=5018 logical_bytes=843024
DETACHED_PARENT_ROW row=27 rows=1930 logical_bytes=216160
DETACHED_PARENT_ROW row=28 rows=2702 logical_bytes=237776
DETACHED_PARENT_ROW row=29 rows=128974 logical_bytes=15476880
DETACHED_PARENT_ROW row=30 rows=755849 logical_bytes=81631692
DETACHED_PARENT_ROW row=31 rows=67074 logical_bytes=8585472
DETACHED_PARENT_ROW row=32 rows=305528 logical_bytes=62327712
DETACHED_PARENT_ROW row=33 rows=46706 logical_bytes=8593904
DETACHED_PARENT_PREPARATION rows_bytes=384633656 providers=180712 graph_ns=3005913459 snapshot_pending=true
METAL_FRAMEWORK_INTERACTION rows=8192 batches=2 gpu_ms=0.05725000301026739
METAL_FRAMEWORK_INTERACTION rows=4096 batches=3 gpu_ms=0.10525000107008964
METAL_FRAMEWORK_INTERACTION rows=4096 batches=7 gpu_ms=0.12462499944376759
METAL_FRAMEWORK_INTERACTION rows=256 batches=6 gpu_ms=0.10237499736831523
METAL_FRAMEWORK_INTERACTION rows=32768 batches=1 gpu_ms=0.19437499940977432
METAL_FRAMEWORK_INTERACTION rows=32768 batches=1 gpu_ms=0.0808750010037329
METAL_FRAMEWORK_INTERACTION rows=16 batches=1 gpu_ms=0.04012499994132668
METAL_FRAMEWORK_INTERACTION rows=16 batches=1 gpu_ms=0.032583335269009694
METAL_FRAMEWORK_INTERACTION rows=128 batches=9 gpu_ms=0.12145833534304984
METAL_FRAMEWORK_INTERACTION rows=128 batches=5 gpu_ms=0.08133333176374435
METAL_FRAMEWORK_INTERACTION rows=16 batches=3 gpu_ms=0.05062499985797331
METAL_FRAMEWORK_INTERACTION rows=65536 batches=3 gpu_ms=0.23112499911803752
METAL_FRAMEWORK_INTERACTION rows=2048 batches=17 gpu_ms=0.2420833334326744
METAL_FRAMEWORK_INTERACTION rows=131072 batches=1 gpu_ms=0.1666249991103541
METAL_FRAMEWORK_INTERACTION rows=262144 batches=5 gpu_ms=0.9043749996635597
METAL_FRAMEWORK_INTERACTION rows=512 batches=17 gpu_ms=0.2242500013380777
METAL_FRAMEWORK_INTERACTION rows=8192 batches=1 gpu_ms=0.11254166383878328
METAL_FRAMEWORK_INTERACTION rows=32 batches=5 gpu_ms=0.14308333265944384
METAL_FRAMEWORK_INTERACTION rows=131072 batches=7 gpu_ms=1.3392500004556496
METAL_FRAMEWORK_INTERACTION rows=1048576 batches=4 gpu_ms=2.3493333319493104
METAL_FRAMEWORK_INTERACTION rows=32768 batches=7 gpu_ms=0.5544166670006234
METAL_FRAMEWORK_INTERACTION rows=8192 batches=3 gpu_ms=0.14487499720416963
METAL_FRAMEWORK_INTERACTION rows=2048 batches=3 gpu_ms=0.10066666436614469
METAL_FRAMEWORK_INTERACTION rows=4096 batches=2 gpu_ms=0.07370833191089332
METAL_FRAMEWORK_INTERACTION rows=131072 batches=5 gpu_ms=0.4262916663719807
METAL_FRAMEWORK_INTERACTION rows=1048576 batches=2 gpu_ms=1.7832083321991377
METAL_FRAMEWORK_INTERACTION rows=131072 batches=1 gpu_ms=0.21112499962328002
METAL_FRAMEWORK_INTERACTION rows=524288 batches=2 gpu_ms=0.7522083324147388
METAL_FRAMEWORK_INTERACTION rows=65536 batches=2 gpu_ms=0.15937499847495928
DETACHED_PARENT_TYPED_DEVICE_INTERACTION components=29 dispatches=116
info: resident framework composition: components=30 groups=14 gpu_ms=8.962
info: resident RISC-V semantic composition: 4 components, 4 kernels, 7.175 ms GPU
info: resident RISC-V lookup composition: 1 components, 1 kernels, 0.418 ms GPU
DETACHED_PARENT_METAL dispatches=238 poseidon_commits=9 cpu_fallbacks=0 host_composition_components=0 pow_dispatches=2 runtime_released=true manifest_sha256=d3c68ca5dcfdb83c885c4bb81c6ba86cdc5501f1b8b4e19ba6f51fc3aa049899 profile=recursive_framework_v1 framework_dispatches=30
{"endpoint":"segment_v2_detached_two_child_parent_candidate_q193","profile":"tiny-memory-continuation-span-v2","publication_mode":"intermediate","proof_profile":"recursive_q193_v1","status":"unverified_candidate","verified":false,"development_only":true,"child_owners_destroyed":true,"producer_destroyed":true,"reused_admitted_parent_key":true,"child_key_sha256":[[253,7,67,189,34,139,147,108,136,249,16,251,216,193,81,209,25,242,128,189,178,49,11,34,193,129,142,250,183,123,222,12],[233,211,181,217,244,41,199,123,244,149,117,245,233,124,107,249,151,108,55,86,121,243,153,179,202,127,157,226,17,242,157,229]],"artifacts":{"key_sha256":[131,104,22,109,199,64,212,236,189,88,23,76,120,66,17,69,125,172,173,251,45,52,235,144,229,99,26,38,15,16,67,229],"claims_sha256":[145,116,107,160,133,93,119,129,35,174,247,76,24,235,149,29,89,107,142,57,229,166,225,67,40,30,110,75,92,118,130,63],"proof_sha256":[181,211,30,117,201,99,14,184,157,205,63,183,163,69,212,239,138,112,17,21,182,210,208,52,145,167,155,0,94,194,112,240],"proof_bytes":2427635},"candidate_root_words_sha256":[231,106,147,8,177,192,61,242,210,21,157,179,224,72,168,111,228,222,214,124,69,39,176,28,20,22,225,111,164,147,109,253],"circuit_identity":[230,111,156,236,202,163,119,79,75,190,229,73,227,165,203,237,116,51,151,25,232,17,39,199,114,139,28,155,230,107,63,72],"preparation_ns":3213950792,"key_preparation_ns":569805583,"proof_ns":3485032417,"request_ns":7480630125}
