Native core metallib accepted: 166 exact kernel exports, zero function constants, AOT/JIT kernel parity
test-riscv-metal-recursive-resident
+- run test stderr
NATIVE_TABLE_AOT_INTERACTION kind=bitwise rows=262144 columns=4 native_parity=true claim_parity=true rejection_recovery=true gpu_ms=1.023
NATIVE_TABLE_AOT_INTERACTION kind=range_check_20 rows=1048576 columns=4 native_parity=true claim_parity=true rejection_recovery=true gpu_ms=4.838
NATIVE_TABLE_AOT_INTERACTION kind=range_check_8_11 rows=524288 columns=4 native_parity=true claim_parity=true rejection_recovery=true gpu_ms=0.835
NATIVE_TABLE_AOT_INTERACTION kind=range_check_8_8_4 rows=1048576 columns=4 native_parity=true claim_parity=true rejection_recovery=true gpu_ms=4.221
NATIVE_TABLE_AOT_INTERACTION kind=range_check_8_8 rows=65536 columns=4 native_parity=true claim_parity=true rejection_recovery=true gpu_ms=0.101
NATIVE_TABLE_AOT_INTERACTION kind=range_check_m31 rows=32768 columns=4 native_parity=true claim_parity=true rejection_recovery=true gpu_ms=0.055
FRAMEWORK_RESIDENT_AOT air=recursion.qm31_mul_add.v1 manifest=76c5e1036d5c53669f40de69f851b12002d24c2e14b649faae246db1e378dfd7 rows=16 dispatches=2 coordinates=64 negative_controls=6 gpu_ms=0.161
METAL_FRAMEWORK_INTERACTION rows=262144 batches=1 gpu_ms=1.0129999136552215
NATIVE_TABLE_DEVICE_INTERACTION kind=bitwise rows=262144
METAL_FRAMEWORK_INTERACTION rows=262144 batches=1 gpu_ms=1.027249963954091
NATIVE_TABLE_DEVICE_INTERACTION kind=bitwise rows=262144
METAL_FRAMEWORK_INTERACTION rows=1048576 batches=1 gpu_ms=4.387291730381548
NATIVE_TABLE_DEVICE_INTERACTION kind=range_check_20 rows=1048576
METAL_FRAMEWORK_INTERACTION rows=1048576 batches=1 gpu_ms=2.379583311267197
NATIVE_TABLE_DEVICE_INTERACTION kind=range_check_20 rows=1048576
METAL_FRAMEWORK_INTERACTION rows=524288 batches=1 gpu_ms=1.955999992787838
NATIVE_TABLE_DEVICE_INTERACTION kind=range_check_8_11 rows=524288
METAL_FRAMEWORK_INTERACTION rows=524288 batches=1 gpu_ms=1.2218332849442959
NATIVE_TABLE_DEVICE_INTERACTION kind=range_check_8_11 rows=524288
METAL_FRAMEWORK_INTERACTION rows=1048576 batches=1 gpu_ms=3.973583225160837
NATIVE_TABLE_DEVICE_INTERACTION kind=range_check_8_8_4 rows=1048576
METAL_FRAMEWORK_INTERACTION rows=1048576 batches=1 gpu_ms=2.0012500463053584
NATIVE_TABLE_DEVICE_INTERACTION kind=range_check_8_8_4 rows=1048576
METAL_FRAMEWORK_INTERACTION rows=65536 batches=1 gpu_ms=0.2900833496823907
NATIVE_TABLE_DEVICE_INTERACTION kind=range_check_8_8 rows=65536
METAL_FRAMEWORK_INTERACTION rows=65536 batches=1 gpu_ms=0.21558336447924376
NATIVE_TABLE_DEVICE_INTERACTION kind=range_check_8_8 rows=65536
METAL_FRAMEWORK_INTERACTION rows=32768 batches=1 gpu_ms=0.16683328431099653
NATIVE_TABLE_DEVICE_INTERACTION kind=range_check_m31 rows=32768
METAL_FRAMEWORK_INTERACTION rows=32768 batches=1 gpu_ms=0.14100002590566874
NATIVE_TABLE_DEVICE_INTERACTION kind=range_check_m31 rows=32768
METAL_FRAMEWORK_INTERACTION rows=512 batches=2 gpu_ms=0.1562499674037099
METAL_FRAMEWORK_INTERACTION rows=512 batches=2 gpu_ms=0.12162490747869015
PARENT_TYPED_INTERACTION_AOT row=0 rows=512 trace_rows=512 batches=2 parity=true recovery=true
METAL_FRAMEWORK_INTERACTION rows=512 batches=2 gpu_ms=0.10791665408760309
METAL_FRAMEWORK_INTERACTION rows=512 batches=2 gpu_ms=0.10312499944120646
PARENT_TYPED_INTERACTION_AOT row=0 rows=509 trace_rows=512 batches=2 parity=true recovery=true
METAL_FRAMEWORK_INTERACTION rows=512 batches=3 gpu_ms=0.3962500486522913
METAL_FRAMEWORK_INTERACTION rows=512 batches=3 gpu_ms=0.1783749321475625
PARENT_TYPED_INTERACTION_AOT row=1 rows=512 trace_rows=512 batches=3 parity=true recovery=true
METAL_FRAMEWORK_INTERACTION rows=512 batches=3 gpu_ms=0.17583335284143686
METAL_FRAMEWORK_INTERACTION rows=512 batches=3 gpu_ms=0.27187494561076164
PARENT_TYPED_INTERACTION_AOT row=1 rows=509 trace_rows=512 batches=3 parity=true recovery=true
METAL_FRAMEWORK_INTERACTION rows=512 batches=7 gpu_ms=0.2487916499376297
METAL_FRAMEWORK_INTERACTION rows=512 batches=7 gpu_ms=0.2547500189393759
PARENT_TYPED_INTERACTION_AOT row=2 rows=512 trace_rows=512 batches=7 parity=true recovery=true
METAL_FRAMEWORK_INTERACTION rows=512 batches=7 gpu_ms=0.26637502014636993
METAL_FRAMEWORK_INTERACTION rows=512 batches=7 gpu_ms=0.21487509366124868
PARENT_TYPED_INTERACTION_AOT row=2 rows=509 trace_rows=512 batches=7 parity=true recovery=true
METAL_FRAMEWORK_INTERACTION rows=512 batches=6 gpu_ms=0.18483330495655537
METAL_FRAMEWORK_INTERACTION rows=512 batches=6 gpu_ms=0.16745843458920717
PARENT_TYPED_INTERACTION_AOT row=3 rows=512 trace_rows=512 batches=6 parity=true recovery=true
METAL_FRAMEWORK_INTERACTION rows=512 batches=6 gpu_ms=0.16712502110749483
METAL_FRAMEWORK_INTERACTION rows=512 batches=6 gpu_ms=0.17312495037913322
PARENT_TYPED_INTERACTION_AOT row=3 rows=509 trace_rows=512 batches=6 parity=true recovery=true
METAL_FRAMEWORK_INTERACTION rows=512 batches=1 gpu_ms=0.09225006215274334
METAL_FRAMEWORK_INTERACTION rows=512 batches=1 gpu_ms=0.027583329938352108
PARENT_TYPED_INTERACTION_AOT row=4 rows=512 trace_rows=512 batches=1 parity=true recovery=true
METAL_FRAMEWORK_INTERACTION rows=512 batches=1 gpu_ms=0.027374946512281895
METAL_FRAMEWORK_INTERACTION rows=512 batches=1 gpu_ms=0.03987504169344902
PARENT_TYPED_INTERACTION_AOT row=4 rows=509 trace_rows=512 batches=1 parity=true recovery=true
METAL_FRAMEWORK_INTERACTION rows=512 batches=1 gpu_ms=0.0315000070258975
METAL_FRAMEWORK_INTERACTION rows=512 batches=1 gpu_ms=0.028583337552845478
PARENT_TYPED_INTERACTION_AOT row=5 rows=512 trace_rows=512 batches=1 parity=true recovery=true
METAL_FRAMEWORK_INTERACTION rows=512 batches=1 gpu_ms=0.02829160075634718
METAL_FRAMEWORK_INTERACTION rows=512 batches=1 gpu_ms=0.02745829988270998
PARENT_TYPED_INTERACTION_AOT row=5 rows=509 trace_rows=512 batches=1 parity=true recovery=true
METAL_FRAMEWORK_INTERACTION rows=512 batches=1 gpu_ms=0.04037492908537388
METAL_FRAMEWORK_INTERACTION rows=512 batches=1 gpu_ms=0.03800005652010441
PARENT_TYPED_INTERACTION_AOT row=6 rows=512 trace_rows=512 batches=1 parity=true recovery=true
METAL_FRAMEWORK_INTERACTION rows=512 batches=1 gpu_ms=0.03758328966796398
METAL_FRAMEWORK_INTERACTION rows=512 batches=1 gpu_ms=0.037375022657215595
PARENT_TYPED_INTERACTION_AOT row=6 rows=509 trace_rows=512 batches=1 parity=true recovery=true
METAL_FRAMEWORK_INTERACTION rows=512 batches=1 gpu_ms=0.03333331551402807
METAL_FRAMEWORK_INTERACTION rows=512 batches=1 gpu_ms=0.02862501423805952
PARENT_TYPED_INTERACTION_AOT row=7 rows=512 trace_rows=512 batches=1 parity=true recovery=true
METAL_FRAMEWORK_INTERACTION rows=512 batches=1 gpu_ms=0.027999980375170708
METAL_FRAMEWORK_INTERACTION rows=512 batches=1 gpu_ms=0.027374946512281895
PARENT_TYPED_INTERACTION_AOT row=7 rows=509 trace_rows=512 batches=1 parity=true recovery=true
METAL_FRAMEWORK_INTERACTION rows=512 batches=9 gpu_ms=0.12274994514882565
METAL_FRAMEWORK_INTERACTION rows=512 batches=9 gpu_ms=0.13679172843694687
PARENT_TYPED_INTERACTION_AOT row=8 rows=512 trace_rows=512 batches=9 parity=true recovery=true
METAL_FRAMEWORK_INTERACTION rows=512 batches=9 gpu_ms=0.10599999222904444
METAL_FRAMEWORK_INTERACTION rows=512 batches=9 gpu_ms=0.10537495836615562
PARENT_TYPED_INTERACTION_AOT row=8 rows=509 trace_rows=512 batches=9 parity=true recovery=true
METAL_FRAMEWORK_INTERACTION rows=512 batches=5 gpu_ms=0.08083332795649767
METAL_FRAMEWORK_INTERACTION rows=512 batches=5 gpu_ms=0.06724998820573092
PARENT_TYPED_INTERACTION_AOT row=9 rows=512 trace_rows=512 batches=5 parity=true recovery=true
METAL_FRAMEWORK_INTERACTION rows=512 batches=5 gpu_ms=0.0672084279358387
METAL_FRAMEWORK_INTERACTION rows=512 batches=5 gpu_ms=0.06712507456541061
PARENT_TYPED_INTERACTION_AOT row=9 rows=509 trace_rows=512 batches=5 parity=true recovery=true
METAL_FRAMEWORK_INTERACTION rows=512 batches=3 gpu_ms=0.05154160317033529
METAL_FRAMEWORK_INTERACTION rows=512 batches=3 gpu_ms=0.04412501584738493
PARENT_TYPED_INTERACTION_AOT row=10 rows=512 trace_rows=512 batches=3 parity=true recovery=true
METAL_FRAMEWORK_INTERACTION rows=512 batches=3 gpu_ms=0.04420825280249119
METAL_FRAMEWORK_INTERACTION rows=512 batches=3 gpu_ms=0.04366668872535229
PARENT_TYPED_INTERACTION_AOT row=10 rows=509 trace_rows=512 batches=3 parity=true recovery=true
METAL_FRAMEWORK_INTERACTION rows=512 batches=3 gpu_ms=0.052166637033224106
METAL_FRAMEWORK_INTERACTION rows=512 batches=3 gpu_ms=0.044749933294951916
PARENT_TYPED_INTERACTION_AOT row=11 rows=512 trace_rows=512 batches=3 parity=true recovery=true
METAL_FRAMEWORK_INTERACTION rows=512 batches=3 gpu_ms=0.04475004971027374
METAL_FRAMEWORK_INTERACTION rows=512 batches=3 gpu_ms=0.04495831672102213
PARENT_TYPED_INTERACTION_AOT row=11 rows=509 trace_rows=512 batches=3 parity=true recovery=true
METAL_FRAMEWORK_INTERACTION rows=512 batches=17 gpu_ms=0.24320825468748808
METAL_FRAMEWORK_INTERACTION rows=512 batches=17 gpu_ms=0.2068749163299799
PARENT_TYPED_INTERACTION_AOT row=12 rows=512 trace_rows=512 batches=17 parity=true recovery=true
METAL_FRAMEWORK_INTERACTION rows=512 batches=17 gpu_ms=0.20879169460386038
METAL_FRAMEWORK_INTERACTION rows=512 batches=17 gpu_ms=0.2079999540001154
PARENT_TYPED_INTERACTION_AOT row=12 rows=509 trace_rows=512 batches=17 parity=true recovery=true
METAL_FRAMEWORK_INTERACTION rows=512 batches=1 gpu_ms=0.026250025257468224
METAL_FRAMEWORK_INTERACTION rows=512 batches=1 gpu_ms=0.02433336339890957
PARENT_TYPED_INTERACTION_AOT row=13 rows=512 trace_rows=512 batches=1 parity=true recovery=true
METAL_FRAMEWORK_INTERACTION rows=512 batches=1 gpu_ms=0.023124972358345985
METAL_FRAMEWORK_INTERACTION rows=512 batches=1 gpu_ms=0.0237500062212348
PARENT_TYPED_INTERACTION_AOT row=13 rows=509 trace_rows=512 batches=1 parity=true recovery=true
METAL_FRAMEWORK_INTERACTION rows=512 batches=5 gpu_ms=0.10054162703454494
METAL_FRAMEWORK_INTERACTION rows=512 batches=5 gpu_ms=0.08425000123679638
PARENT_TYPED_INTERACTION_AOT row=14 rows=512 trace_rows=512 batches=5 parity=true recovery=true
METAL_FRAMEWORK_INTERACTION rows=512 batches=5 gpu_ms=0.08483335841447115
METAL_FRAMEWORK_INTERACTION rows=512 batches=5 gpu_ms=0.0825000461190939
PARENT_TYPED_INTERACTION_AOT row=14 rows=509 trace_rows=512 batches=5 parity=true recovery=true
METAL_FRAMEWORK_INTERACTION rows=512 batches=17 gpu_ms=0.23387500550597906
METAL_FRAMEWORK_INTERACTION rows=512 batches=17 gpu_ms=0.1916666515171528
PARENT_TYPED_INTERACTION_AOT row=20 rows=512 trace_rows=512 batches=17 parity=true recovery=true
METAL_FRAMEWORK_INTERACTION rows=512 batches=17 gpu_ms=0.42275001760572195
METAL_FRAMEWORK_INTERACTION rows=512 batches=17 gpu_ms=0.18983334302902222
PARENT_TYPED_INTERACTION_AOT row=20 rows=509 trace_rows=512 batches=17 parity=true recovery=true
METAL_FRAMEWORK_INTERACTION rows=512 batches=1 gpu_ms=0.07933331653475761
METAL_FRAMEWORK_INTERACTION rows=512 batches=1 gpu_ms=0.07012509740889072
PARENT_TYPED_INTERACTION_AOT row=21 rows=512 trace_rows=512 batches=1 parity=true recovery=true
METAL_FRAMEWORK_INTERACTION rows=512 batches=1 gpu_ms=0.0712500186637044
METAL_FRAMEWORK_INTERACTION rows=512 batches=1 gpu_ms=0.06966677028685808
PARENT_TYPED_INTERACTION_AOT row=21 rows=509 trace_rows=512 batches=1 parity=true recovery=true
METAL_FRAMEWORK_INTERACTION rows=512 batches=5 gpu_ms=0.07129169534891844
METAL_FRAMEWORK_INTERACTION rows=512 batches=5 gpu_ms=0.05925004370510578
PARENT_TYPED_INTERACTION_AOT row=22 rows=512 trace_rows=512 batches=5 parity=true recovery=true
METAL_FRAMEWORK_INTERACTION rows=512 batches=5 gpu_ms=0.058583333157002926
METAL_FRAMEWORK_INTERACTION rows=512 batches=5 gpu_ms=0.060125021263957024
PARENT_TYPED_INTERACTION_AOT row=22 rows=509 trace_rows=512 batches=5 parity=true recovery=true
METAL_FRAMEWORK_INTERACTION rows=512 batches=7 gpu_ms=0.17758342437446117
METAL_FRAMEWORK_INTERACTION rows=512 batches=7 gpu_ms=0.14766666572540998
PARENT_TYPED_INTERACTION_AOT row=23 rows=512 trace_rows=512 batches=7 parity=true recovery=true
METAL_FRAMEWORK_INTERACTION rows=512 batches=7 gpu_ms=0.1486249966546893
METAL_FRAMEWORK_INTERACTION rows=512 batches=7 gpu_ms=0.14566665049642324
PARENT_TYPED_INTERACTION_AOT row=23 rows=509 trace_rows=512 batches=7 parity=true recovery=true
METAL_FRAMEWORK_INTERACTION rows=512 batches=4 gpu_ms=0.06358325481414795
METAL_FRAMEWORK_INTERACTION rows=512 batches=4 gpu_ms=0.05224999040365219
PARENT_TYPED_INTERACTION_AOT row=24 rows=512 trace_rows=512 batches=4 parity=true recovery=true
METAL_FRAMEWORK_INTERACTION rows=512 batches=4 gpu_ms=0.05212507676333189
METAL_FRAMEWORK_INTERACTION rows=512 batches=4 gpu_ms=0.052749994210898876
PARENT_TYPED_INTERACTION_AOT row=24 rows=509 trace_rows=512 batches=4 parity=true recovery=true
METAL_FRAMEWORK_INTERACTION rows=512 batches=7 gpu_ms=0.18829165492206812
METAL_FRAMEWORK_INTERACTION rows=512 batches=7 gpu_ms=0.16137491911649704
PARENT_TYPED_INTERACTION_AOT row=25 rows=512 trace_rows=512 batches=7 parity=true recovery=true
METAL_FRAMEWORK_INTERACTION rows=512 batches=7 gpu_ms=0.1627500168979168
METAL_FRAMEWORK_INTERACTION rows=512 batches=7 gpu_ms=0.1573750050738454
PARENT_TYPED_INTERACTION_AOT row=25 rows=509 trace_rows=512 batches=7 parity=true recovery=true
METAL_FRAMEWORK_INTERACTION rows=512 batches=3 gpu_ms=0.08099991828203201
METAL_FRAMEWORK_INTERACTION rows=512 batches=3 gpu_ms=0.0713749323040247
PARENT_TYPED_INTERACTION_AOT row=26 rows=512 trace_rows=512 batches=3 parity=true recovery=true
METAL_FRAMEWORK_INTERACTION rows=512 batches=3 gpu_ms=0.06966665387153625
METAL_FRAMEWORK_INTERACTION rows=512 batches=3 gpu_ms=0.07091672159731388
PARENT_TYPED_INTERACTION_AOT row=26 rows=509 trace_rows=512 batches=3 parity=true recovery=true
METAL_FRAMEWORK_INTERACTION rows=512 batches=3 gpu_ms=0.053999945521354675
METAL_FRAMEWORK_INTERACTION rows=512 batches=3 gpu_ms=0.04650000482797623
PARENT_TYPED_INTERACTION_AOT row=27 rows=512 trace_rows=512 batches=3 parity=true recovery=true
METAL_FRAMEWORK_INTERACTION rows=512 batches=3 gpu_ms=0.046166591346263885
METAL_FRAMEWORK_INTERACTION rows=512 batches=3 gpu_ms=0.04687509499490261
PARENT_TYPED_INTERACTION_AOT row=27 rows=509 trace_rows=512 batches=3 parity=true recovery=true
METAL_FRAMEWORK_INTERACTION rows=512 batches=2 gpu_ms=0.04520826041698456
METAL_FRAMEWORK_INTERACTION rows=512 batches=2 gpu_ms=0.039041624404489994
PARENT_TYPED_INTERACTION_AOT row=28 rows=512 trace_rows=512 batches=2 parity=true recovery=true
METAL_FRAMEWORK_INTERACTION rows=512 batches=2 gpu_ms=0.03845838364213705
METAL_FRAMEWORK_INTERACTION rows=512 batches=2 gpu_ms=0.038125086575746536
PARENT_TYPED_INTERACTION_AOT row=28 rows=509 trace_rows=512 batches=2 parity=true recovery=true
METAL_FRAMEWORK_INTERACTION rows=512 batches=5 gpu_ms=0.07299997378140688
METAL_FRAMEWORK_INTERACTION rows=512 batches=5 gpu_ms=0.060666585341095924
PARENT_TYPED_INTERACTION_AOT row=29 rows=512 trace_rows=512 batches=5 parity=true recovery=true
METAL_FRAMEWORK_INTERACTION rows=512 batches=5 gpu_ms=0.0601249048486352
METAL_FRAMEWORK_INTERACTION rows=512 batches=5 gpu_ms=0.059999991208314896
PARENT_TYPED_INTERACTION_AOT row=29 rows=509 trace_rows=512 batches=5 parity=true recovery=true
METAL_FRAMEWORK_INTERACTION rows=512 batches=2 gpu_ms=0.04737498238682747
METAL_FRAMEWORK_INTERACTION rows=512 batches=2 gpu_ms=0.041541759856045246
PARENT_TYPED_INTERACTION_AOT row=30 rows=512 trace_rows=512 batches=2 parity=true recovery=true
METAL_FRAMEWORK_INTERACTION rows=512 batches=2 gpu_ms=0.04066666588187218
METAL_FRAMEWORK_INTERACTION rows=512 batches=2 gpu_ms=0.04208332393318415
PARENT_TYPED_INTERACTION_AOT row=30 rows=509 trace_rows=512 batches=2 parity=true recovery=true
METAL_FRAMEWORK_INTERACTION rows=512 batches=1 gpu_ms=0.03333331551402807
METAL_FRAMEWORK_INTERACTION rows=512 batches=1 gpu_ms=0.030250055715441704
PARENT_TYPED_INTERACTION_AOT row=31 rows=512 trace_rows=512 batches=1 parity=true recovery=true
METAL_FRAMEWORK_INTERACTION rows=512 batches=1 gpu_ms=0.03104167990386486
METAL_FRAMEWORK_INTERACTION rows=512 batches=1 gpu_ms=0.030249939300119877
PARENT_TYPED_INTERACTION_AOT row=31 rows=509 trace_rows=512 batches=1 parity=true recovery=true
METAL_FRAMEWORK_INTERACTION rows=512 batches=2 gpu_ms=0.04900002386420965
METAL_FRAMEWORK_INTERACTION rows=512 batches=2 gpu_ms=0.042791711166501045
PARENT_TYPED_INTERACTION_AOT row=32 rows=512 trace_rows=512 batches=2 parity=true recovery=true
METAL_FRAMEWORK_INTERACTION rows=512 batches=2 gpu_ms=0.04212500061839819
METAL_FRAMEWORK_INTERACTION rows=512 batches=2 gpu_ms=0.04479160998016596
PARENT_TYPED_INTERACTION_AOT row=32 rows=509 trace_rows=512 batches=2 parity=true recovery=true
METAL_FRAMEWORK_INTERACTION rows=512 batches=2 gpu_ms=0.06674998439848423
METAL_FRAMEWORK_INTERACTION rows=512 batches=2 gpu_ms=0.054833246394991875
PARENT_TYPED_INTERACTION_AOT row=33 rows=512 trace_rows=512 batches=2 parity=true recovery=true
METAL_FRAMEWORK_INTERACTION rows=512 batches=2 gpu_ms=0.054999953135848045
METAL_FRAMEWORK_INTERACTION rows=512 batches=2 gpu_ms=0.054708332754671574
PARENT_TYPED_INTERACTION_AOT row=33 rows=509 trace_rows=512 batches=2 parity=true recovery=true
METAL_FRAMEWORK_INTERACTION rows=512 batches=2 gpu_ms=0.0338749960064888
METAL_FRAMEWORK_INTERACTION rows=512 batches=2 gpu_ms=0.029125018045306206
METAL_FRAMEWORK_INTERACTION rows=512 batches=2 gpu_ms=0.028541660867631435
LEAF_GENERATOR_AUDIT_FAILURE gpu_completed=true destination_unchanged=true retry=true alias_rejected=true
METAL_FRAMEWORK_INTERACTION rows=512 batches=2 gpu_ms=0.029250048100948334
LEAF_TYPED_INTERACTION_AOT row=0 rows=512 trace_rows=512 batches=2 parity=true recovery=true
METAL_FRAMEWORK_INTERACTION rows=512 batches=2 gpu_ms=0.026999972760677338
METAL_FRAMEWORK_INTERACTION rows=512 batches=2 gpu_ms=0.04166667349636555
LEAF_TYPED_INTERACTION_AOT row=0 rows=509 trace_rows=512 batches=2 parity=true recovery=true
METAL_FRAMEWORK_INTERACTION rows=512 batches=3 gpu_ms=0.2542500151321292
METAL_FRAMEWORK_INTERACTION rows=512 batches=3 gpu_ms=0.33887510653585196
LEAF_TYPED_INTERACTION_AOT row=1 rows=512 trace_rows=512 batches=3 parity=true recovery=true
METAL_FRAMEWORK_INTERACTION rows=512 batches=3 gpu_ms=0.6092916009947658
METAL_FRAMEWORK_INTERACTION rows=512 batches=3 gpu_ms=0.36800000816583633
LEAF_TYPED_INTERACTION_AOT row=1 rows=509 trace_rows=512 batches=3 parity=true recovery=true
METAL_FRAMEWORK_INTERACTION rows=512 batches=7 gpu_ms=0.5044999998062849
METAL_FRAMEWORK_INTERACTION rows=512 batches=7 gpu_ms=0.40675001218914986
LEAF_TYPED_INTERACTION_AOT row=2 rows=512 trace_rows=512 batches=7 parity=true recovery=true
METAL_FRAMEWORK_INTERACTION rows=512 batches=7 gpu_ms=0.4216250963509083
METAL_FRAMEWORK_INTERACTION rows=512 batches=7 gpu_ms=0.42237492743879557
LEAF_TYPED_INTERACTION_AOT row=2 rows=509 trace_rows=512 batches=7 parity=true recovery=true
METAL_FRAMEWORK_INTERACTION rows=512 batches=6 gpu_ms=0.12274994514882565
METAL_FRAMEWORK_INTERACTION rows=512 batches=6 gpu_ms=0.10499998461455107
LEAF_TYPED_INTERACTION_AOT row=3 rows=512 trace_rows=512 batches=6 parity=true recovery=true
METAL_FRAMEWORK_INTERACTION rows=512 batches=6 gpu_ms=0.10583328548818827
METAL_FRAMEWORK_INTERACTION rows=512 batches=6 gpu_ms=0.1051250146701932
LEAF_TYPED_INTERACTION_AOT row=3 rows=509 trace_rows=512 batches=6 parity=true recovery=true
METAL_FRAMEWORK_INTERACTION rows=512 batches=1 gpu_ms=0.03825000021606684
METAL_FRAMEWORK_INTERACTION rows=512 batches=1 gpu_ms=0.03374996595084667
LEAF_TYPED_INTERACTION_AOT row=4 rows=512 trace_rows=512 batches=1 parity=true recovery=true
METAL_FRAMEWORK_INTERACTION rows=512 batches=1 gpu_ms=0.033708405680954456
METAL_FRAMEWORK_INTERACTION rows=512 batches=1 gpu_ms=0.0322083942592144
LEAF_TYPED_INTERACTION_AOT row=4 rows=509 trace_rows=512 batches=1 parity=true recovery=true
METAL_FRAMEWORK_INTERACTION rows=512 batches=1 gpu_ms=0.03712496254593134
METAL_FRAMEWORK_INTERACTION rows=512 batches=1 gpu_ms=0.03474997356534004
LEAF_TYPED_INTERACTION_AOT row=5 rows=512 trace_rows=512 batches=1 parity=true recovery=true
METAL_FRAMEWORK_INTERACTION rows=512 batches=1 gpu_ms=0.03441667649894953
METAL_FRAMEWORK_INTERACTION rows=512 batches=1 gpu_ms=0.03391667269170284
LEAF_TYPED_INTERACTION_AOT row=5 rows=509 trace_rows=512 batches=1 parity=true recovery=true
METAL_FRAMEWORK_INTERACTION rows=512 batches=1 gpu_ms=0.05070841871201992
METAL_FRAMEWORK_INTERACTION rows=512 batches=1 gpu_ms=0.04920829087495804
LEAF_TYPED_INTERACTION_AOT row=6 rows=512 trace_rows=512 batches=1 parity=true recovery=true
METAL_FRAMEWORK_INTERACTION rows=512 batches=1 gpu_ms=0.04612503107637167
METAL_FRAMEWORK_INTERACTION rows=512 batches=1 gpu_ms=0.04666659515351057
LEAF_TYPED_INTERACTION_AOT row=6 rows=509 trace_rows=512 batches=1 parity=true recovery=true
METAL_FRAMEWORK_INTERACTION rows=512 batches=1 gpu_ms=0.04012498538941145
METAL_FRAMEWORK_INTERACTION rows=512 batches=1 gpu_ms=0.03558327443897724
LEAF_TYPED_INTERACTION_AOT row=7 rows=512 trace_rows=512 batches=1 parity=true recovery=true
METAL_FRAMEWORK_INTERACTION rows=512 batches=1 gpu_ms=0.035624951124191284
METAL_FRAMEWORK_INTERACTION rows=512 batches=1 gpu_ms=0.033708405680954456
LEAF_TYPED_INTERACTION_AOT row=7 rows=509 trace_rows=512 batches=1 parity=true recovery=true
METAL_FRAMEWORK_INTERACTION rows=512 batches=9 gpu_ms=0.14262506738305092
METAL_FRAMEWORK_INTERACTION rows=512 batches=9 gpu_ms=0.10262499563395977
LEAF_TYPED_INTERACTION_AOT row=8 rows=512 trace_rows=512 batches=9 parity=true recovery=true
METAL_FRAMEWORK_INTERACTION rows=512 batches=9 gpu_ms=0.1031666761264205
METAL_FRAMEWORK_INTERACTION rows=512 batches=9 gpu_ms=0.10237505193799734
LEAF_TYPED_INTERACTION_AOT row=8 rows=509 trace_rows=512 batches=9 parity=true recovery=true
METAL_FRAMEWORK_INTERACTION rows=512 batches=5 gpu_ms=0.07874995935708284
METAL_FRAMEWORK_INTERACTION rows=512 batches=5 gpu_ms=0.06616674363613129
LEAF_TYPED_INTERACTION_AOT row=9 rows=512 trace_rows=512 batches=5 parity=true recovery=true
METAL_FRAMEWORK_INTERACTION rows=512 batches=5 gpu_ms=0.06683322135359049
METAL_FRAMEWORK_INTERACTION rows=512 batches=5 gpu_ms=0.0665000407025218
LEAF_TYPED_INTERACTION_AOT row=9 rows=509 trace_rows=512 batches=5 parity=true recovery=true
METAL_FRAMEWORK_INTERACTION rows=512 batches=2 gpu_ms=0.036375015042722225
METAL_FRAMEWORK_INTERACTION rows=512 batches=2 gpu_ms=0.029999995604157448
LEAF_TYPED_INTERACTION_AOT row=10 rows=512 trace_rows=512 batches=2 parity=true recovery=true
METAL_FRAMEWORK_INTERACTION rows=512 batches=2 gpu_ms=0.030333292670547962
METAL_FRAMEWORK_INTERACTION rows=512 batches=2 gpu_ms=0.029999995604157448
LEAF_TYPED_INTERACTION_AOT row=10 rows=509 trace_rows=512 batches=2 parity=true recovery=true
METAL_FRAMEWORK_INTERACTION rows=512 batches=6 gpu_ms=0.07650000043213367
METAL_FRAMEWORK_INTERACTION rows=512 batches=6 gpu_ms=0.06374996155500412
LEAF_TYPED_INTERACTION_AOT row=11 rows=512 trace_rows=512 batches=6 parity=true recovery=true
METAL_FRAMEWORK_INTERACTION rows=512 batches=6 gpu_ms=0.06408337503671646
METAL_FRAMEWORK_INTERACTION rows=512 batches=6 gpu_ms=0.06441667210310698
LEAF_TYPED_INTERACTION_AOT row=11 rows=509 trace_rows=512 batches=6 parity=true recovery=true
METAL_FRAMEWORK_INTERACTION rows=512 batches=2 gpu_ms=0.03691669553518295
METAL_FRAMEWORK_INTERACTION rows=512 batches=2 gpu_ms=0.03224995452910662
LEAF_TYPED_INTERACTION_AOT row=12 rows=512 trace_rows=512 batches=2 parity=true recovery=true
METAL_FRAMEWORK_INTERACTION rows=512 batches=2 gpu_ms=0.032083247788250446
METAL_FRAMEWORK_INTERACTION rows=512 batches=2 gpu_ms=0.0319166574627161
LEAF_TYPED_INTERACTION_AOT row=12 rows=509 trace_rows=512 batches=2 parity=true recovery=true
METAL_FRAMEWORK_INTERACTION rows=512 batches=7 gpu_ms=0.1433748984709382
METAL_FRAMEWORK_INTERACTION rows=512 batches=7 gpu_ms=0.12374995276331902
LEAF_TYPED_INTERACTION_AOT row=13 rows=512 trace_rows=512 batches=7 parity=true recovery=true
METAL_FRAMEWORK_INTERACTION rows=512 batches=7 gpu_ms=0.12370827607810497
METAL_FRAMEWORK_INTERACTION rows=512 batches=7 gpu_ms=0.12674997560679913
LEAF_TYPED_INTERACTION_AOT row=13 rows=509 trace_rows=512 batches=7 parity=true recovery=true
METAL_FRAMEWORK_INTERACTION rows=512 batches=2 gpu_ms=0.033208285458385944
METAL_FRAMEWORK_INTERACTION rows=512 batches=2 gpu_ms=0.032250070944428444
LEAF_TYPED_INTERACTION_AOT row=14 rows=512 trace_rows=512 batches=2 parity=true recovery=true
METAL_FRAMEWORK_INTERACTION rows=512 batches=2 gpu_ms=0.0319166574627161
METAL_FRAMEWORK_INTERACTION rows=512 batches=2 gpu_ms=0.03270828165113926
LEAF_TYPED_INTERACTION_AOT row=14 rows=509 trace_rows=512 batches=2 parity=true recovery=true
METAL_FRAMEWORK_INTERACTION rows=512 batches=2 gpu_ms=0.031374976970255375
METAL_FRAMEWORK_INTERACTION rows=512 batches=2 gpu_ms=0.03158336039632559
LEAF_TYPED_INTERACTION_AOT row=15 rows=512 trace_rows=512 batches=2 parity=true recovery=true
METAL_FRAMEWORK_INTERACTION rows=512 batches=2 gpu_ms=0.03162503708153963
METAL_FRAMEWORK_INTERACTION rows=512 batches=2 gpu_ms=0.031291740015149117
LEAF_TYPED_INTERACTION_AOT row=15 rows=509 trace_rows=512 batches=2 parity=true recovery=true
METAL_FRAMEWORK_INTERACTION rows=512 batches=2 gpu_ms=0.03504171036183834
METAL_FRAMEWORK_INTERACTION rows=512 batches=2 gpu_ms=0.031208270229399204
LEAF_TYPED_INTERACTION_AOT row=16 rows=512 trace_rows=512 batches=2 parity=true recovery=true
METAL_FRAMEWORK_INTERACTION rows=512 batches=2 gpu_ms=0.03341666888445616
METAL_FRAMEWORK_INTERACTION rows=512 batches=2 gpu_ms=0.0337500823661685
LEAF_TYPED_INTERACTION_AOT row=16 rows=509 trace_rows=512 batches=2 parity=true recovery=true
METAL_FRAMEWORK_INTERACTION rows=512 batches=1 gpu_ms=0.026833382435142994
METAL_FRAMEWORK_INTERACTION rows=512 batches=1 gpu_ms=0.024708337150514126
LEAF_TYPED_INTERACTION_AOT row=17 rows=512 trace_rows=512 batches=1 parity=true recovery=true
METAL_FRAMEWORK_INTERACTION rows=512 batches=1 gpu_ms=0.08425000123679638
METAL_FRAMEWORK_INTERACTION rows=512 batches=1 gpu_ms=0.02687494270503521
LEAF_TYPED_INTERACTION_AOT row=17 rows=509 trace_rows=512 batches=1 parity=true recovery=true
METAL_FRAMEWORK_INTERACTION rows=512 batches=5 gpu_ms=0.08045823778957129
METAL_FRAMEWORK_INTERACTION rows=512 batches=5 gpu_ms=0.06866664625704288
LEAF_TYPED_INTERACTION_AOT row=18 rows=512 trace_rows=512 batches=5 parity=true recovery=true
METAL_FRAMEWORK_INTERACTION rows=512 batches=5 gpu_ms=0.06908329669386148
METAL_FRAMEWORK_INTERACTION rows=512 batches=5 gpu_ms=0.06950006354600191
LEAF_TYPED_INTERACTION_AOT row=18 rows=509 trace_rows=512 batches=5 parity=true recovery=true
METAL_FRAMEWORK_INTERACTION rows=512 batches=1 gpu_ms=0.025374931283295155
METAL_FRAMEWORK_INTERACTION rows=512 batches=1 gpu_ms=0.022124964743852615
LEAF_TYPED_INTERACTION_AOT row=19 rows=512 trace_rows=512 batches=1 parity=true recovery=true
METAL_FRAMEWORK_INTERACTION rows=512 batches=1 gpu_ms=0.021875021047890186
METAL_FRAMEWORK_INTERACTION rows=512 batches=1 gpu_ms=0.022708321921527386
LEAF_TYPED_INTERACTION_AOT row=19 rows=509 trace_rows=512 batches=1 parity=true recovery=true
METAL_FRAMEWORK_INTERACTION rows=512 batches=17 gpu_ms=0.2797499764710665
METAL_FRAMEWORK_INTERACTION rows=512 batches=17 gpu_ms=0.22775004617869854
LEAF_TYPED_INTERACTION_AOT row=20 rows=512 trace_rows=512 batches=17 parity=true recovery=true
METAL_FRAMEWORK_INTERACTION rows=512 batches=17 gpu_ms=0.42200007010251284
METAL_FRAMEWORK_INTERACTION rows=512 batches=17 gpu_ms=0.22787507623434067
LEAF_TYPED_INTERACTION_AOT row=20 rows=509 trace_rows=512 batches=17 parity=true recovery=true
METAL_FRAMEWORK_INTERACTION rows=512 batches=1 gpu_ms=0.0879999715834856
METAL_FRAMEWORK_INTERACTION rows=512 batches=1 gpu_ms=0.08016661740839481
LEAF_TYPED_INTERACTION_AOT row=21 rows=512 trace_rows=512 batches=1 parity=true recovery=true
METAL_FRAMEWORK_INTERACTION rows=512 batches=1 gpu_ms=0.08287501987069845
METAL_FRAMEWORK_INTERACTION rows=512 batches=1 gpu_ms=0.08199992589652538
LEAF_TYPED_INTERACTION_AOT row=21 rows=509 trace_rows=512 batches=1 parity=true recovery=true
METAL_FRAMEWORK_INTERACTION rows=512 batches=5 gpu_ms=0.08425000123679638
METAL_FRAMEWORK_INTERACTION rows=512 batches=5 gpu_ms=0.06912508979439735
LEAF_TYPED_INTERACTION_AOT row=22 rows=512 trace_rows=512 batches=5 parity=true recovery=true
METAL_FRAMEWORK_INTERACTION rows=512 batches=5 gpu_ms=0.0689999433234334
METAL_FRAMEWORK_INTERACTION rows=512 batches=5 gpu_ms=0.06904162000864744
LEAF_TYPED_INTERACTION_AOT row=22 rows=509 trace_rows=512 batches=5 parity=true recovery=true
METAL_FRAMEWORK_INTERACTION rows=512 batches=7 gpu_ms=0.20124996080994606
METAL_FRAMEWORK_INTERACTION rows=512 batches=7 gpu_ms=0.18245831597596407
LEAF_TYPED_INTERACTION_AOT row=23 rows=512 trace_rows=512 batches=7 parity=true recovery=true
METAL_FRAMEWORK_INTERACTION rows=512 batches=7 gpu_ms=0.17475010827183723
METAL_FRAMEWORK_INTERACTION rows=512 batches=7 gpu_ms=0.17387501429766417
LEAF_TYPED_INTERACTION_AOT row=23 rows=509 trace_rows=512 batches=7 parity=true recovery=true
METAL_FRAMEWORK_INTERACTION rows=512 batches=4 gpu_ms=0.07012509740889072
METAL_FRAMEWORK_INTERACTION rows=512 batches=4 gpu_ms=0.061708386056125164
LEAF_TYPED_INTERACTION_AOT row=24 rows=512 trace_rows=512 batches=4 parity=true recovery=true
METAL_FRAMEWORK_INTERACTION rows=512 batches=4 gpu_ms=0.06104167550802231
METAL_FRAMEWORK_INTERACTION rows=512 batches=4 gpu_ms=0.0576250022277236
LEAF_TYPED_INTERACTION_AOT row=24 rows=509 trace_rows=512 batches=4 parity=true recovery=true
METAL_FRAMEWORK_INTERACTION rows=512 batches=7 gpu_ms=0.20654161926358938
METAL_FRAMEWORK_INTERACTION rows=512 batches=7 gpu_ms=0.1771249808371067
LEAF_TYPED_INTERACTION_AOT row=25 rows=512 trace_rows=512 batches=7 parity=true recovery=true
METAL_FRAMEWORK_INTERACTION rows=512 batches=7 gpu_ms=0.18637499306350946
METAL_FRAMEWORK_INTERACTION rows=512 batches=7 gpu_ms=0.17799995839595795
LEAF_TYPED_INTERACTION_AOT row=25 rows=509 trace_rows=512 batches=7 parity=true recovery=true
METAL_FRAMEWORK_INTERACTION rows=512 batches=3 gpu_ms=0.08937506936490536
METAL_FRAMEWORK_INTERACTION rows=512 batches=3 gpu_ms=0.07724994793534279
LEAF_TYPED_INTERACTION_AOT row=26 rows=512 trace_rows=512 batches=3 parity=true recovery=true
METAL_FRAMEWORK_INTERACTION rows=512 batches=3 gpu_ms=0.0754999928176403
METAL_FRAMEWORK_INTERACTION rows=512 batches=3 gpu_ms=0.07562502287328243
LEAF_TYPED_INTERACTION_AOT row=26 rows=509 trace_rows=512 batches=3 parity=true recovery=true
METAL_FRAMEWORK_INTERACTION rows=512 batches=3 gpu_ms=0.05937507376074791
METAL_FRAMEWORK_INTERACTION rows=512 batches=3 gpu_ms=0.05154160317033529
LEAF_TYPED_INTERACTION_AOT row=27 rows=512 trace_rows=512 batches=3 parity=true recovery=true
METAL_FRAMEWORK_INTERACTION rows=512 batches=3 gpu_ms=0.05100003909319639
METAL_FRAMEWORK_INTERACTION rows=512 batches=3 gpu_ms=0.05104159936308861
LEAF_TYPED_INTERACTION_AOT row=27 rows=509 trace_rows=512 batches=3 parity=true recovery=true
METAL_FRAMEWORK_INTERACTION rows=512 batches=2 gpu_ms=0.04912493750452995
METAL_FRAMEWORK_INTERACTION rows=512 batches=2 gpu_ms=0.042625004425644875
LEAF_TYPED_INTERACTION_AOT row=28 rows=512 trace_rows=512 batches=2 parity=true recovery=true
METAL_FRAMEWORK_INTERACTION rows=512 batches=2 gpu_ms=0.042625004425644875
METAL_FRAMEWORK_INTERACTION rows=512 batches=2 gpu_ms=0.04354165866971016
LEAF_TYPED_INTERACTION_AOT row=28 rows=509 trace_rows=512 batches=2 parity=true recovery=true
METAL_FRAMEWORK_INTERACTION rows=512 batches=5 gpu_ms=0.07712503429502249
METAL_FRAMEWORK_INTERACTION rows=512 batches=5 gpu_ms=0.06687501445412636
LEAF_TYPED_INTERACTION_AOT row=29 rows=512 trace_rows=512 batches=5 parity=true recovery=true
METAL_FRAMEWORK_INTERACTION rows=512 batches=5 gpu_ms=0.06737501826137304
METAL_FRAMEWORK_INTERACTION rows=512 batches=5 gpu_ms=0.0665000407025218
LEAF_TYPED_INTERACTION_AOT row=29 rows=509 trace_rows=512 batches=5 parity=true recovery=true
METAL_FRAMEWORK_INTERACTION rows=512 batches=2 gpu_ms=0.04850002005696297
METAL_FRAMEWORK_INTERACTION rows=512 batches=2 gpu_ms=0.04249997437000275
LEAF_TYPED_INTERACTION_AOT row=30 rows=512 trace_rows=512 batches=2 parity=true recovery=true
METAL_FRAMEWORK_INTERACTION rows=512 batches=2 gpu_ms=0.0438750721514225
METAL_FRAMEWORK_INTERACTION rows=512 batches=2 gpu_ms=0.04337495192885399
LEAF_TYPED_INTERACTION_AOT row=30 rows=509 trace_rows=512 batches=2 parity=true recovery=true
METAL_FRAMEWORK_INTERACTION rows=512 batches=1 gpu_ms=0.03841659054160118
METAL_FRAMEWORK_INTERACTION rows=512 batches=1 gpu_ms=0.03404170274734497
LEAF_TYPED_INTERACTION_AOT row=31 rows=512 trace_rows=512 batches=1 parity=true recovery=true
METAL_FRAMEWORK_INTERACTION rows=512 batches=1 gpu_ms=0.0341667328029871
METAL_FRAMEWORK_INTERACTION rows=512 batches=1 gpu_ms=0.03412493970245123
LEAF_TYPED_INTERACTION_AOT row=31 rows=509 trace_rows=512 batches=1 parity=true recovery=true
METAL_FRAMEWORK_INTERACTION rows=512 batches=2 gpu_ms=0.05425000563263893
METAL_FRAMEWORK_INTERACTION rows=512 batches=2 gpu_ms=0.04312500823289156
LEAF_TYPED_INTERACTION_AOT row=32 rows=512 trace_rows=512 batches=2 parity=true recovery=true
METAL_FRAMEWORK_INTERACTION rows=512 batches=2 gpu_ms=0.043500098399817944
METAL_FRAMEWORK_INTERACTION rows=512 batches=2 gpu_ms=0.042749918065965176
LEAF_TYPED_INTERACTION_AOT row=32 rows=509 trace_rows=512 batches=2 parity=true recovery=true
METAL_FRAMEWORK_INTERACTION rows=512 batches=2 gpu_ms=0.06779166869819164
METAL_FRAMEWORK_INTERACTION rows=512 batches=2 gpu_ms=0.055708340369164944
LEAF_TYPED_INTERACTION_AOT row=33 rows=512 trace_rows=512 batches=2 parity=true recovery=true
METAL_FRAMEWORK_INTERACTION rows=512 batches=2 gpu_ms=0.05700008478015661
METAL_FRAMEWORK_INTERACTION rows=512 batches=2 gpu_ms=0.056708347983658314
LEAF_TYPED_INTERACTION_AOT row=33 rows=509 trace_rows=512 batches=2 parity=true recovery=true
METAL_FRAMEWORK_INTERACTION rows=512 batches=1 gpu_ms=0.016125035472214222
METAL_FRAMEWORK_INTERACTION rows=512 batches=1 gpu_ms=0.01520826481282711
LEAF_TYPED_INTERACTION_AOT row=36 rows=512 trace_rows=512 batches=1 parity=true recovery=true
METAL_FRAMEWORK_INTERACTION rows=512 batches=1 gpu_ms=0.014958321116864681
METAL_FRAMEWORK_INTERACTION rows=512 batches=1 gpu_ms=0.014708377420902252
LEAF_TYPED_INTERACTION_AOT row=36 rows=509 trace_rows=512 batches=1 parity=true recovery=true
METAL_FRAMEWORK_INTERACTION rows=512 batches=1 gpu_ms=0.02162496093660593
METAL_FRAMEWORK_INTERACTION rows=512 batches=1 gpu_ms=0.018874998204410076
LEAF_TYPED_INTERACTION_AOT row=37 rows=512 trace_rows=512 batches=1 parity=true recovery=true
METAL_FRAMEWORK_INTERACTION rows=512 batches=1 gpu_ms=0.018999911844730377
METAL_FRAMEWORK_INTERACTION rows=512 batches=1 gpu_ms=0.018750084564089775
LEAF_TYPED_INTERACTION_AOT row=37 rows=509 trace_rows=512 batches=1 parity=true recovery=true
METAL_FRAMEWORK_INTERACTION rows=512 batches=1 gpu_ms=0.01754169352352619
METAL_FRAMEWORK_INTERACTION rows=512 batches=1 gpu_ms=0.016083242371678352
LEAF_TYPED_INTERACTION_AOT row=38 rows=512 trace_rows=512 batches=1 parity=true recovery=true
METAL_FRAMEWORK_INTERACTION rows=512 batches=1 gpu_ms=0.015500001609325409
METAL_FRAMEWORK_INTERACTION rows=512 batches=1 gpu_ms=0.01608335878700018
LEAF_TYPED_INTERACTION_AOT row=38 rows=509 trace_rows=512 batches=1 parity=true recovery=true

Build Summary: 3/3 steps succeeded
test-riscv-metal-recursive-resident success
+- run /opt/homebrew/Cellar/zig@0.15/0.15.2/bin/zig success 53s MaxRSS:2G
   +- run /opt/homebrew/Cellar/zig@0.15/0.15.2/bin/zig success 1s MaxRSS:41M

