SEGMENT_V2_LADDER mode=narrow_complete_proof requested_steps=16 native_backend=cpu memory_addresses=0
SEGMENT_V2_LADDER_EXECUTION segment_cycles=16 cumulative_cycles=16 retired_addi=11 retired_bne=5 exit_pc=1004 counter=59 accumulator=5
SEGMENT_V2_LADDER_EXECUTION segment_cycles=16 cumulative_cycles=32 retired_addi=11 retired_bne=5 exit_pc=1008 counter=54 accumulator=11
info: Columns: opcode=65 infra=481 total tree1=546 interaction=120
info: Poseidon2 Merkle: 184 exact sparse-node calls, poseidon_log_size=8, merkle_log_size=8
SEGMENT_V2_NATIVE_MEMORY backend=cpu scope=caller_allocator_payload excludes=size_routed_mmap_and_device producer_peak_bytes=458184048 producer_live_bytes_after_destroy=0 canonical_proof_bytes=27032

SEGMENT_V2_LADDER_NATIVE requested_steps=16 retired_cycles=16 continuation_cycles=16 trace_rows=16 native_backend=cpu native_queries=1 outer_queries=3 native_pcs_pow_bits=0 outer_pcs_pow_bits=0 program=finite_addi_bne_counter_loop memory_addresses=0 native_prove_ms=2388.609 native_verify_ms=408.241 recursive_prepare_ms=140.379 native_proof_bytes=27032 native_tree_heights={ 21, 21, 21, 21 }

SEGMENT_V2_OUTER_PHASES role=producer scope=body_before_cleanup setup_ns=23750 tree0_prepare_ns=29432792 tree0_commit_ns=35254625 tree1_prepare_ns=29934541 tree1_commit_ns=46313334 transcript_prefix_ns=54065958 interaction_generate_ns=213390542 interaction_admit_closure_ns=84109625 transcript_tree2_commit_ns=58459500 components_ns=87799708 diagnostic_ns=42 stark_ns=360721833 phase_sum_ns=999506250

SEGMENT_V2_OUTER_ARTIFACT_REJECTIONS truncated=true trailing=true

SEGMENT_V2_OUTER_PHASES role=verifier scope=body_before_cleanup preflight_ns=18916 preprocessed_root_ns=66812500 transcript_prefix_ns=54029375 interaction_regenerate_ns=184183667 interaction_validate_claims_ns=27241958 closure_ns=57288917 transcript_after_ns=29478625 components_ns=87441542 publication_authority_ns=27407583 stark_ns=5692625 publication_total_ns=33973792 phase_sum_ns=573569500

SEGMENT_V2_OUTER status=verified rows=39 domains=47 proof_size_estimate_bytes=78828 canonical_proof_bytes=92201 canonicalize_ms=4.226 prove_ms=999.570 verify_ms=573.631 publication_ms=4.395 producer_prepare_ms=319.017 producer_destroy_ms=1.590 verifier_prepare_ms=318.036 decode_ms=0.319 stark_verify_ms=5.693 transaction_ms=2218.408 artifact_rejections_ms=0.679 producer_peak_bytes=94980508 producer_live_bytes_after_destroy=0 serialization_passes=1 retained_canonical_bytes=92201 verification=native_assisted_fresh_decode draws=1 cols=595/974/508 workers=1

SEGMENT_V2_LADDER_OUTER rows=39 domains=47 component_logs={ 9, 11, 11, 8, 13, 13, 4, 4, 4, 4, 4, 10, 5, 4, 4, 10, 5, 7, 12, 8, 4, 7, 6, 9, 14, 7, 4, 5, 6, 10, 14, 8, 14, 8, 11, 16, 10, 6, 8 } min_component_log=4 max_component_log=16 provider_log=11 samples=2245 queries=3 canonical_proof_bytes=92201 producer_live_bytes_after_destroy=0
SEGMENT_V2_LADDER status=verified requested_steps=16 native_backend=cpu memory_addresses=0 owners_destroyed=true
        5.17 real        28.34 user         0.34 sys
          1038811136  maximum resident set size
                   0  average shared memory size
                   0  average unshared data size
                   0  average unshared stack size
              158089  page reclaims
                   0  page faults
                   0  swaps
                   0  block input operations
                   0  block output operations
                   0  messages sent
                   0  messages received
                   0  signals received
                   0  voluntary context switches
               23011  involuntary context switches
        348250051080  instructions retired
        104162817065  cycles elapsed
          1036420368  peak memory footprint
