DETACHED_PARENT_CHILD_PHASE lane=1 prefix_ns=185000 transcript_ns=169917 pcs_ns=1443634833 boundary_ns=9996333 composition_ns=7818167
DETACHED_PARENT_CHILD lane=1 preparation_ns=1461870000
DETACHED_PARENT_CHILD_PHASE lane=2 prefix_ns=148750 transcript_ns=68833 pcs_ns=1420877333 boundary_ns=9584459 composition_ns=7206208
DETACHED_PARENT_CHILD lane=2 preparation_ns=2899792041
riscv_detached_arithmetic_fusion lane=501 dot4_rows=395 multiply_add_rows=8781
riscv_detached_arithmetic_fusion lane=511 dot4_rows=2616 multiply_add_rows=3495
riscv_detached_arithmetic_fusion lane=412 dot4_rows=105867 multiply_add_rows=32946
riscv_detached_arithmetic_fusion lane=402 dot4_rows=5790 multiply_add_rows=103659
riscv_detached_arithmetic_fusion lane=502 dot4_rows=395 multiply_add_rows=8781
riscv_detached_arithmetic_fusion lane=512 dot4_rows=2616 multiply_add_rows=3495
riscv_detached_arithmetic_fusion lane=413 dot4_rows=105867 multiply_add_rows=32946
riscv_detached_arithmetic_fusion lane=403 dot4_rows=5790 multiply_add_rows=103659
riscv_detached_arithmetic_fusion lane=521 dot4_rows=2592 multiply_add_rows=2612
DETACHED_PARENT_ROW row=0 rows=6378 logical_bytes=306144
DETACHED_PARENT_ROW row=1 rows=2768 logical_bytes=531456
DETACHED_PARENT_ROW row=2 rows=2768 logical_bytes=409664
DETACHED_PARENT_ROW row=3 rows=206 logical_bytes=29664
DETACHED_PARENT_ROW row=4 rows=20496 logical_bytes=1557696
DETACHED_PARENT_ROW row=5 rows=18892 logical_bytes=1586928
DETACHED_PARENT_ROW row=6 rows=4 logical_bytes=1088
DETACHED_PARENT_ROW row=7 rows=4 logical_bytes=240
DETACHED_PARENT_ROW row=8 rows=94 logical_bytes=9400
DETACHED_PARENT_ROW row=9 rows=66 logical_bytes=8448
DETACHED_PARENT_ROW row=10 rows=8 logical_bytes=736
DETACHED_PARENT_ROW row=11 rows=61669 logical_bytes=5673548
DETACHED_PARENT_ROW row=12 rows=0 logical_bytes=0
DETACHED_PARENT_ROW row=13 rows=80133 logical_bytes=3205320
DETACHED_PARENT_ROW row=14 rows=231928 logical_bytes=50096448
DETACHED_PARENT_ROW row=20 rows=386 logical_bytes=114256
DETACHED_PARENT_ROW row=21 rows=6176 logical_bytes=2593920
DETACHED_PARENT_ROW row=22 rows=18 logical_bytes=1368
DETACHED_PARENT_ROW row=23 rows=94956 logical_bytes=33044688
DETACHED_PARENT_ROW row=24 rows=782056 logical_bytes=81333824
DETACHED_PARENT_ROW row=25 rows=23160 logical_bytes=8708160
DETACHED_PARENT_ROW row=26 rows=5790 logical_bytes=972720
DETACHED_PARENT_ROW row=27 rows=1930 logical_bytes=216160
DETACHED_PARENT_ROW row=28 rows=2702 logical_bytes=237776
DETACHED_PARENT_ROW row=29 rows=141326 logical_bytes=16959120
DETACHED_PARENT_ROW row=30 rows=680119 logical_bytes=73452852
DETACHED_PARENT_ROW row=31 rows=36418 logical_bytes=4661504
DETACHED_PARENT_ROW row=32 rows=218612 logical_bytes=44596848
DETACHED_PARENT_ROW row=33 rows=49794 logical_bytes=9162096
DETACHED_PARENT_PREPARATION rows_bytes=339472072 providers=176468 graph_ns=3321739125 snapshot_pending=true
info: metal composition resource: phase=host_launch_or_inline elapsed_ns=3454750 process_current_phys_bytes=4723445672 process_lifetime_peak_phys_bytes=4822536080
info: metal composition resource: phase=device_preparation elapsed_ns=3781959 process_current_phys_bytes=4723478440 process_lifetime_peak_phys_bytes=4822536080
info: metal composition resource: phase=semantic_dispatch elapsed_ns=7767625 process_current_phys_bytes=4783804352 process_lifetime_peak_phys_bytes=4822536080
info: metal composition resource: phase=lookup_dispatch elapsed_ns=7813167 process_current_phys_bytes=4783804352 process_lifetime_peak_phys_bytes=4822536080
info: metal composition resource: phase=framework_dispatch elapsed_ns=7821542 process_current_phys_bytes=4783804352 process_lifetime_peak_phys_bytes=4822536080
info: resident framework composition: components=29 groups=13 gpu_ms=11.367
info: metal composition resource: phase=scratch_release elapsed_ns=133748584 process_current_phys_bytes=5142564848 process_lifetime_peak_phys_bytes=5150986224
info: metal composition resource: phase=host_wait elapsed_ns=133767084 process_current_phys_bytes=5142564848 process_lifetime_peak_phys_bytes=5150986224
info: metal composition resource: phase=partition_parity elapsed_ns=2212171375 process_current_phys_bytes=4646604736 process_lifetime_peak_phys_bytes=5150986224
info: metal composition resource: phase=device_merge elapsed_ns=2212240000 process_current_phys_bytes=4646604736 process_lifetime_peak_phys_bytes=5150986224
info: metal composition resource: phase=work_receipt elapsed_ns=2212251459 process_current_phys_bytes=4646604736 process_lifetime_peak_phys_bytes=5150986224
info: metal composition resource: phase=accumulation elapsed_ns=2212255375 process_current_phys_bytes=4646604736 process_lifetime_peak_phys_bytes=5150986224
info: metal composition resource: phase=full_parity elapsed_ns=2280055834 process_current_phys_bytes=4680175576 process_lifetime_peak_phys_bytes=5150986224
info: metal composition resource: phase=publication elapsed_ns=2280098959 process_current_phys_bytes=4680175576 process_lifetime_peak_phys_bytes=5150986224
info: metal composition resource: phase=cleanup elapsed_ns=2280105459 process_current_phys_bytes=4680175576 process_lifetime_peak_phys_bytes=5150986224
info: metal composition host: component_index=29 constraints=290 eval_log=19 evaluator=0x102bda850 mode=legacy start_ns=3795250 end_ns=2212145667 wall_ns=2208350417 failed=false
info: metal composition host: component_index=30 constraints=1 eval_log=17 evaluator=0x102bdc8a0 mode=legacy start_ns=3795209 end_ns=16990584 wall_ns=13195375 failed=false
info: metal composition phase: phase=preparation start_ns=0 end_ns=3454750 wall_ns=3454750
info: metal composition phase: phase=host_launch_or_inline start_ns=3454750 end_ns=3781959 wall_ns=327209
info: metal composition phase: phase=device_preparation start_ns=3781959 end_ns=7767625 wall_ns=3985666
info: metal composition phase: phase=semantic_dispatch start_ns=7767625 end_ns=7813167 wall_ns=45542
info: metal composition phase: phase=lookup_dispatch start_ns=7813167 end_ns=7821542 wall_ns=8375
info: metal composition phase: phase=framework_dispatch start_ns=7821542 end_ns=133748584 wall_ns=125927042
info: metal composition phase: phase=scratch_release start_ns=133748584 end_ns=133767084 wall_ns=18500
info: metal composition phase: phase=host_wait start_ns=133767084 end_ns=2212171375 wall_ns=2078404291
info: metal composition phase: phase=partition_parity start_ns=2212171375 end_ns=2212240000 wall_ns=68625
info: metal composition phase: phase=device_merge start_ns=2212240000 end_ns=2212251459 wall_ns=11459
info: metal composition phase: phase=work_receipt start_ns=2212251459 end_ns=2212255375 wall_ns=3916
info: metal composition phase: phase=accumulation start_ns=2212255375 end_ns=2280055834 wall_ns=67800459
info: metal composition phase: phase=full_parity start_ns=2280055834 end_ns=2280098959 wall_ns=43125
info: metal composition phase: phase=publication start_ns=2280098959 end_ns=2280105459 wall_ns=6500
info: metal composition phase: phase=cleanup start_ns=2280105459 end_ns=2281746667 wall_ns=1641208
info: metal composition wall: completed=true scheduler=pool wall_ns=2281746667 phase_sum_ns=2281746667 host_spans_overlap=true device_ms_separate=true
DETACHED_PARENT_STAGE_PROFILE {"schema_version":1,"runtime":"device","example":"detached-recursive-parent","stages":[{"id":"parent.fixed","label":"Fixed columns and key admission","seconds":0.585439,"children":null},{"id":"parent.main_fill","label":"Main column allocation","seconds":0.03763,"children":null},{"id":"parent.main_finalize","label":"Main filling, range construction and exact lookup closure","seconds":2.463901,"children":null},{"id":"parent.main_commit","label":"Main commitment","seconds":0.692844,"children":null},{"id":"parent.interaction_fill","label":"Transcript and interaction columns","seconds":1.603297,"children":null},{"id":"parent.interaction_commit","label":"Interaction commitment","seconds":0.358433,"children":null},{"id":"parent.components","label":"Typed component assembly","seconds":0.003317,"children":null},{"id":"draw_random_coeff","label":"Draw random coefficient","seconds":0.000002,"children":null},{"id":"composition_trace_extract","label":"Composition trace extract","seconds":0.00001,"children":null},{"id":"composition_evaluation","label":"Composition evaluation","seconds":2.281791,"children":null},{"id":"composition_interpolate_and_split","label":"Composition interpolate and split","seconds":0.01249,"children":null},{"id":"composition_commit","label":"Composition commit","seconds":0.035675,"children":null},{"id":"oods_point_and_mask_points","label":"OODS point and mask points","seconds":0.00013,"children":null},{"id":"sampled_value_evaluation","label":"Sampled-value evaluation","seconds":0.065352,"children":null},{"id":"sampled_value_channel_mix","label":"Sampled-value channel mix","seconds":0.000771,"children":null},{"id":"fri_quotient_build_and_commit","label":"FRI quotient build + commit (lazy)","seconds":0.152614,"children":null},{"id":"proof_of_work","label":"Proof of work","seconds":0.005386,"children":null},{"id":"fri_decommit","label":"FRI decommit","seconds":0.005085,"children":null},{"id":"trace_decommit","label":"Trace decommit","seconds":0.008226,"children":null},{"id":"constraint_check_and_assembly","label":"Constraint check and assembly","seconds":0.00034,"children":null},{"id":"parent.serialize","label":"Canonical proof serialization","seconds":0.009903,"children":null}]}
DETACHED_PARENT_METAL dispatches=116 poseidon_commits=9 cpu_fallbacks=0 host_composition_components=2 pow_dispatches=2 runtime_released=true manifest_sha256=0e8b67dc70c8d699ba155f16a6fedcd8541c4615326796c7c120c62a64646403 profile=recursive_framework_v1
{"endpoint":"segment_v2_detached_two_child_parent_candidate_q193","profile":"tiny-parent-root-v2","publication_mode":"root","proof_profile":"recursive_q193_v1","status":"unverified_candidate","verified":false,"development_only":true,"child_owners_destroyed":true,"producer_destroyed":true,"reused_admitted_parent_key":true,"child_key_sha256":[[166,105,156,14,235,193,137,236,55,46,141,247,128,85,138,114,118,27,37,135,64,75,157,52,87,146,214,108,174,25,246,3],[39,79,215,178,184,217,245,95,237,242,114,209,115,137,221,134,243,51,251,20,135,95,250,125,192,88,211,250,41,166,93,84]],"artifacts":{"key_sha256":[145,37,248,241,64,193,199,202,205,77,71,112,173,177,36,99,237,124,207,39,236,20,160,192,121,0,204,102,126,174,204,249],"claims_sha256":[206,85,56,170,212,13,9,105,87,74,211,84,230,68,183,42,77,175,204,187,97,190,102,1,94,0,76,59,76,35,141,138],"proof_sha256":[248,234,86,102,10,237,154,122,192,160,156,22,66,72,71,43,162,156,208,67,110,47,214,206,187,108,109,14,63,25,193,125],"proof_bytes":2304719},"candidate_root_words_sha256":[178,123,13,42,208,24,172,29,17,139,247,236,92,174,136,216,170,1,74,23,70,42,6,213,159,238,199,204,117,214,124,63],"circuit_identity":[131,27,169,67,149,214,149,80,97,176,125,10,230,14,39,156,8,67,160,245,1,106,67,227,4,61,21,13,96,194,131,168],"preparation_ns":3524790625,"key_preparation_ns":585453083,"proof_ns":7899032667,"request_ns":12220026792}
