SEGMENT_V2_LADDER mode=narrow_complete_proof requested_steps=64 native_backend=cpu memory_addresses=1 initial_register7=0
SEGMENT_V2_MEMORY_EXECUTION address_count=1 initial_word=13 segment_cycles=64 cumulative_cycles=64 loads=21 stores=20 distinct_accessed=1 stride_bytes=128 entry_nonzero_words=1 exit_nonzero_words=1 exit_pc=1100
SEGMENT_V2_MEMORY_EXECUTION address_count=1 initial_word=13 segment_cycles=64 cumulative_cycles=128 loads=21 stores=22 distinct_accessed=1 stride_bytes=128 entry_nonzero_words=1 exit_nonzero_words=1 exit_pc=1200
SEGMENT_V2_MEMORY_EXECUTION address_count=1 initial_word=13 segment_cycles=64 cumulative_cycles=192 loads=22 stores=21 distinct_accessed=1 stride_bytes=128 entry_nonzero_words=1 exit_nonzero_words=1 exit_pc=1300
SEGMENT_V2_MEMORY_EXECUTION address_count=1 initial_word=13 segment_cycles=64 cumulative_cycles=256 loads=21 stores=21 distinct_accessed=1 stride_bytes=128 entry_nonzero_words=1 exit_nonzero_words=1 exit_pc=1400
SEGMENT_V2_MEMORY_EXECUTION address_count=1 initial_word=13 segment_cycles=64 cumulative_cycles=320 loads=21 stores=22 distinct_accessed=1 stride_bytes=128 entry_nonzero_words=1 exit_nonzero_words=1 exit_pc=1500
SEGMENT_V2_MEMORY_EXECUTION address_count=1 initial_word=13 segment_cycles=64 cumulative_cycles=384 loads=22 stores=21 distinct_accessed=1 stride_bytes=128 entry_nonzero_words=1 exit_nonzero_words=1 exit_pc=1600
SEGMENT_V2_MEMORY_EXECUTION address_count=1 initial_word=13 segment_cycles=64 cumulative_cycles=448 loads=21 stores=21 distinct_accessed=1 stride_bytes=128 entry_nonzero_words=1 exit_nonzero_words=1 exit_pc=1700
SEGMENT_V2_MEMORY_EXECUTION address_count=1 initial_word=13 segment_cycles=34 cumulative_cycles=482 loads=11 stores=12 distinct_accessed=1 stride_bytes=128 entry_nonzero_words=1 exit_nonzero_words=1 exit_pc=1788
info: Columns: opcode=103 infra=481 total tree1=584 interaction=152
info: Poseidon2 Merkle: 2014 exact sparse-node calls, poseidon_log_size=11, merkle_log_size=11
SEGMENT_V2_NATIVE_MEMORY path=temporal segment=0 backend=cpu scope=caller_allocator_payload excludes=size_routed_mmap_and_device producer_peak_bytes=469062660 producer_live_bytes_after_destroy=0 canonical_proof_bytes=29059 before_fresh_decode=true
SEGMENT_V2_NATIVE_PROFILE profile=development_q1 segment=0 queries=1 fold_step=2 pcs_pow_bits=0 interaction_pow_bits=10 prove_ns=2062229167 transport_ns=1342167 verify_ns=418017666 recursive_prepare_ns=129335250 proof_bytes=29059 transcript_calls=1141 verifier_core_calls=315 outer_proof_created=false
SEGMENT_V2_DETACHED_GEOMETRY profile=development_q3_v1 cohort_ns=324255042 poseidon_calls=1472 tree0_evaluation_bytes=9101504 tree1_evaluation_bytes=9084864 tree2_evaluation_bytes=5395712 excludes=pcs_expansion_commitments_and_metadata before_tree_allocation=true
SEGMENT_V2_TWO_CHILD_CANDIDATE segment=0 first_cycle=0 retired_cycles=64 completed=false directory=/Users/theodorepender/Coding/stark-proving-engineering/stwo-zig/vectors/reports/riscv-proving-stack-reset-20260908/small-detached-recursion-v1/complete-tree-development-cpu-8-direct-interaction/leaves/child-0 native_backend=cpu recursive_backend=cpu proof_bytes=93348 native_ingress_ns=2611011333 outer_prepare_ns=400376417 outer_prove_ns=596752541 transaction_ns=3611393209 producer_peak_bytes=137592531 producer_live_bytes_after_destroy=0 status=unverified_candidate parent_proof_created=false
info: Columns: opcode=85 infra=481 total tree1=566 interaction=136
info: Poseidon2 Merkle: 2014 exact sparse-node calls, poseidon_log_size=11, merkle_log_size=11
SEGMENT_V2_NATIVE_MEMORY path=temporal segment=1 backend=cpu scope=caller_allocator_payload excludes=size_routed_mmap_and_device producer_peak_bytes=469050852 producer_live_bytes_after_destroy=0 canonical_proof_bytes=28039 before_fresh_decode=true
SEGMENT_V2_NATIVE_PROFILE profile=development_q1 segment=1 queries=1 fold_step=2 pcs_pow_bits=0 interaction_pow_bits=10 prove_ns=1986294167 transport_ns=1179208 verify_ns=413163084 recursive_prepare_ns=133526958 proof_bytes=28039 transcript_calls=1081 verifier_core_calls=310 outer_proof_created=false
SEGMENT_V2_DETACHED_GEOMETRY profile=development_q3_v1 cohort_ns=307900833 poseidon_calls=1406 tree0_evaluation_bytes=9101504 tree1_evaluation_bytes=9084864 tree2_evaluation_bytes=5395712 excludes=pcs_expansion_commitments_and_metadata before_tree_allocation=true
SEGMENT_V2_TWO_CHILD_CANDIDATE segment=1 first_cycle=64 retired_cycles=64 completed=false directory=/Users/theodorepender/Coding/stark-proving-engineering/stwo-zig/vectors/reports/riscv-proving-stack-reset-20260908/small-detached-recursion-v1/complete-tree-development-cpu-8-direct-interaction/leaves/child-1 native_backend=cpu recursive_backend=cpu proof_bytes=91801 native_ingress_ns=2534274792 outer_prepare_ns=390394583 outer_prove_ns=607223958 transaction_ns=3535026459 producer_peak_bytes=136650766 producer_live_bytes_after_destroy=0 status=unverified_candidate parent_proof_created=false
info: Columns: opcode=85 infra=481 total tree1=566 interaction=136
info: Poseidon2 Merkle: 2014 exact sparse-node calls, poseidon_log_size=11, merkle_log_size=11
SEGMENT_V2_NATIVE_MEMORY path=temporal segment=2 backend=cpu scope=caller_allocator_payload excludes=size_routed_mmap_and_device producer_peak_bytes=469050852 producer_live_bytes_after_destroy=0 canonical_proof_bytes=28052 before_fresh_decode=true
SEGMENT_V2_NATIVE_PROFILE profile=development_q1 segment=2 queries=1 fold_step=2 pcs_pow_bits=0 interaction_pow_bits=10 prove_ns=2076758417 transport_ns=1219583 verify_ns=418701084 recursive_prepare_ns=132238375 proof_bytes=28052 transcript_calls=1081 verifier_core_calls=310 outer_proof_created=false
SEGMENT_V2_DETACHED_GEOMETRY profile=development_q3_v1 cohort_ns=301671084 poseidon_calls=1406 tree0_evaluation_bytes=9101504 tree1_evaluation_bytes=9084864 tree2_evaluation_bytes=5395712 excludes=pcs_expansion_commitments_and_metadata before_tree_allocation=true
SEGMENT_V2_TWO_CHILD_CANDIDATE segment=2 first_cycle=128 retired_cycles=64 completed=false directory=/Users/theodorepender/Coding/stark-proving-engineering/stwo-zig/vectors/reports/riscv-proving-stack-reset-20260908/small-detached-recursion-v1/complete-tree-development-cpu-8-direct-interaction/leaves/child-2 native_backend=cpu recursive_backend=cpu proof_bytes=91707 native_ingress_ns=2629021833 outer_prepare_ns=380250917 outer_prove_ns=578763250 transaction_ns=3591142584 producer_peak_bytes=136650755 producer_live_bytes_after_destroy=0 status=unverified_candidate parent_proof_created=false
info: Columns: opcode=85 infra=481 total tree1=566 interaction=136
info: Poseidon2 Merkle: 2014 exact sparse-node calls, poseidon_log_size=11, merkle_log_size=11
SEGMENT_V2_NATIVE_MEMORY path=temporal segment=3 backend=cpu scope=caller_allocator_payload excludes=size_routed_mmap_and_device producer_peak_bytes=469050852 producer_live_bytes_after_destroy=0 canonical_proof_bytes=28049 before_fresh_decode=true
SEGMENT_V2_NATIVE_PROFILE profile=development_q1 segment=3 queries=1 fold_step=2 pcs_pow_bits=0 interaction_pow_bits=10 prove_ns=1994929542 transport_ns=1166667 verify_ns=419404166 recursive_prepare_ns=131459792 proof_bytes=28049 transcript_calls=1081 verifier_core_calls=310 outer_proof_created=false
SEGMENT_V2_DETACHED_GEOMETRY profile=development_q3_v1 cohort_ns=309419375 poseidon_calls=1406 tree0_evaluation_bytes=9101504 tree1_evaluation_bytes=9084864 tree2_evaluation_bytes=5395712 excludes=pcs_expansion_commitments_and_metadata before_tree_allocation=true
SEGMENT_V2_TWO_CHILD_CANDIDATE segment=3 first_cycle=192 retired_cycles=64 completed=false directory=/Users/theodorepender/Coding/stark-proving-engineering/stwo-zig/vectors/reports/riscv-proving-stack-reset-20260908/small-detached-recursion-v1/complete-tree-development-cpu-8-direct-interaction/leaves/child-3 native_backend=cpu recursive_backend=cpu proof_bytes=93911 native_ingress_ns=2547113250 outer_prepare_ns=388462917 outer_prove_ns=575860833 transaction_ns=3514626125 producer_peak_bytes=136650758 producer_live_bytes_after_destroy=0 status=unverified_candidate parent_proof_created=false
info: Columns: opcode=85 infra=481 total tree1=566 interaction=136
info: Poseidon2 Merkle: 2014 exact sparse-node calls, poseidon_log_size=11, merkle_log_size=11
SEGMENT_V2_NATIVE_MEMORY path=temporal segment=4 backend=cpu scope=caller_allocator_payload excludes=size_routed_mmap_and_device producer_peak_bytes=469050852 producer_live_bytes_after_destroy=0 canonical_proof_bytes=27999 before_fresh_decode=true
SEGMENT_V2_NATIVE_PROFILE profile=development_q1 segment=4 queries=1 fold_step=2 pcs_pow_bits=0 interaction_pow_bits=10 prove_ns=1985226125 transport_ns=1243250 verify_ns=423673042 recursive_prepare_ns=131712833 proof_bytes=27999 transcript_calls=1081 verifier_core_calls=310 outer_proof_created=false
SEGMENT_V2_DETACHED_GEOMETRY profile=development_q3_v1 cohort_ns=308786916 poseidon_calls=1406 tree0_evaluation_bytes=9101504 tree1_evaluation_bytes=9084864 tree2_evaluation_bytes=5395712 excludes=pcs_expansion_commitments_and_metadata before_tree_allocation=true
SEGMENT_V2_TWO_CHILD_CANDIDATE segment=4 first_cycle=256 retired_cycles=64 completed=false directory=/Users/theodorepender/Coding/stark-proving-engineering/stwo-zig/vectors/reports/riscv-proving-stack-reset-20260908/small-detached-recursion-v1/complete-tree-development-cpu-8-direct-interaction/leaves/child-4 native_backend=cpu recursive_backend=cpu proof_bytes=90654 native_ingress_ns=2541942583 outer_prepare_ns=386353250 outer_prove_ns=583490666 transaction_ns=3514827834 producer_peak_bytes=136650761 producer_live_bytes_after_destroy=0 status=unverified_candidate parent_proof_created=false
info: Columns: opcode=85 infra=481 total tree1=566 interaction=136
info: Poseidon2 Merkle: 2014 exact sparse-node calls, poseidon_log_size=11, merkle_log_size=11
SEGMENT_V2_NATIVE_MEMORY path=temporal segment=5 backend=cpu scope=caller_allocator_payload excludes=size_routed_mmap_and_device producer_peak_bytes=469050852 producer_live_bytes_after_destroy=0 canonical_proof_bytes=28020 before_fresh_decode=true
SEGMENT_V2_NATIVE_PROFILE profile=development_q1 segment=5 queries=1 fold_step=2 pcs_pow_bits=0 interaction_pow_bits=10 prove_ns=1955139542 transport_ns=1168625 verify_ns=420020333 recursive_prepare_ns=131298042 proof_bytes=28020 transcript_calls=1081 verifier_core_calls=310 outer_proof_created=false
SEGMENT_V2_DETACHED_GEOMETRY profile=development_q3_v1 cohort_ns=314638500 poseidon_calls=1406 tree0_evaluation_bytes=9101504 tree1_evaluation_bytes=9084864 tree2_evaluation_bytes=5395712 excludes=pcs_expansion_commitments_and_metadata before_tree_allocation=true
SEGMENT_V2_TWO_CHILD_CANDIDATE segment=5 first_cycle=320 retired_cycles=64 completed=false directory=/Users/theodorepender/Coding/stark-proving-engineering/stwo-zig/vectors/reports/riscv-proving-stack-reset-20260908/small-detached-recursion-v1/complete-tree-development-cpu-8-direct-interaction/leaves/child-5 native_backend=cpu recursive_backend=cpu proof_bytes=93493 native_ingress_ns=2507732166 outer_prepare_ns=392929666 outer_prove_ns=590000834 transaction_ns=3494108416 producer_peak_bytes=136650768 producer_live_bytes_after_destroy=0 status=unverified_candidate parent_proof_created=false
info: Columns: opcode=85 infra=481 total tree1=566 interaction=136
info: Poseidon2 Merkle: 2014 exact sparse-node calls, poseidon_log_size=11, merkle_log_size=11
SEGMENT_V2_NATIVE_MEMORY path=temporal segment=6 backend=cpu scope=caller_allocator_payload excludes=size_routed_mmap_and_device producer_peak_bytes=469050852 producer_live_bytes_after_destroy=0 canonical_proof_bytes=28028 before_fresh_decode=true
SEGMENT_V2_NATIVE_PROFILE profile=development_q1 segment=6 queries=1 fold_step=2 pcs_pow_bits=0 interaction_pow_bits=10 prove_ns=2209396916 transport_ns=1177875 verify_ns=431732750 recursive_prepare_ns=132567292 proof_bytes=28028 transcript_calls=1081 verifier_core_calls=310 outer_proof_created=false
SEGMENT_V2_DETACHED_GEOMETRY profile=development_q3_v1 cohort_ns=312086333 poseidon_calls=1406 tree0_evaluation_bytes=9101504 tree1_evaluation_bytes=9084864 tree2_evaluation_bytes=5395712 excludes=pcs_expansion_commitments_and_metadata before_tree_allocation=true
SEGMENT_V2_TWO_CHILD_CANDIDATE segment=6 first_cycle=384 retired_cycles=64 completed=false directory=/Users/theodorepender/Coding/stark-proving-engineering/stwo-zig/vectors/reports/riscv-proving-stack-reset-20260908/small-detached-recursion-v1/complete-tree-development-cpu-8-direct-interaction/leaves/child-6 native_backend=cpu recursive_backend=cpu proof_bytes=91625 native_ingress_ns=2774961375 outer_prepare_ns=393903583 outer_prove_ns=600429500 transaction_ns=3772865209 producer_peak_bytes=136650764 producer_live_bytes_after_destroy=0 status=unverified_candidate parent_proof_created=false
info: Columns: opcode=85 infra=481 total tree1=566 interaction=136
info: Poseidon2 Merkle: 2014 exact sparse-node calls, poseidon_log_size=11, merkle_log_size=11
SEGMENT_V2_NATIVE_MEMORY path=temporal segment=7 backend=cpu scope=caller_allocator_payload excludes=size_routed_mmap_and_device producer_peak_bytes=468994660 producer_live_bytes_after_destroy=0 canonical_proof_bytes=28023 before_fresh_decode=true
SEGMENT_V2_NATIVE_PROFILE profile=development_q1 segment=7 queries=1 fold_step=2 pcs_pow_bits=0 interaction_pow_bits=10 prove_ns=1938129167 transport_ns=1192416 verify_ns=435275292 recursive_prepare_ns=130945542 proof_bytes=28023 transcript_calls=1081 verifier_core_calls=310 outer_proof_created=false
SEGMENT_V2_DETACHED_GEOMETRY profile=development_q3_v1 cohort_ns=300673959 poseidon_calls=1406 tree0_evaluation_bytes=9101504 tree1_evaluation_bytes=9084864 tree2_evaluation_bytes=5395712 excludes=pcs_expansion_commitments_and_metadata before_tree_allocation=true
SEGMENT_V2_TWO_CHILD_CANDIDATE segment=7 first_cycle=448 retired_cycles=34 completed=true directory=/Users/theodorepender/Coding/stark-proving-engineering/stwo-zig/vectors/reports/riscv-proving-stack-reset-20260908/small-detached-recursion-v1/complete-tree-development-cpu-8-direct-interaction/leaves/child-7 native_backend=cpu recursive_backend=cpu proof_bytes=92110 native_ingress_ns=2505626750 outer_prepare_ns=381739042 outer_prove_ns=586444667 transaction_ns=3477010292 producer_peak_bytes=136639677 producer_live_bytes_after_destroy=0 status=unverified_candidate parent_proof_created=false
SEGMENT_V2_TWO_CHILD_PRODUCER status=unverified_candidates native_backend=cpu recursive_backend=cpu owners_destroyed=true parent_proof_created=false
