DETACHED_PARENT_PCS_PHASE lane=1 selected_lane_only=true capture_ns=225551541 plans_ns=3298500 authority_ns=473916375 rows_ns=319369167
DETACHED_PARENT_CHILD_PHASE lane=1 prefix_ns=167292 transcript_ns=138083 pcs_ns=1022169500 boundary_ns=7850917 composition_ns=7094333
DETACHED_PARENT_CHILD lane=1 preparation_ns=1037442375
DETACHED_PARENT_PCS_PHASE lane=2 selected_lane_only=true capture_ns=225232542 plans_ns=3335333 authority_ns=474198167 rows_ns=319733875
DETACHED_PARENT_CHILD_PHASE lane=2 prefix_ns=142209 transcript_ns=69125 pcs_ns=1022523541 boundary_ns=7869625 composition_ns=7044459
DETACHED_PARENT_CHILD lane=2 preparation_ns=2075116167
riscv_detached_arithmetic_fusion lane=501 dot4_rows=395 multiply_add_rows=8781
riscv_detached_arithmetic_fusion lane=511 dot4_rows=2616 multiply_add_rows=3495
riscv_detached_arithmetic_fusion lane=412 dot4_rows=105867 multiply_add_rows=32940
riscv_detached_arithmetic_fusion lane=402 dot4_rows=5790 multiply_add_rows=103659
riscv_detached_arithmetic_fusion lane=502 dot4_rows=395 multiply_add_rows=8781
riscv_detached_arithmetic_fusion lane=512 dot4_rows=2616 multiply_add_rows=3495
riscv_detached_arithmetic_fusion lane=413 dot4_rows=105867 multiply_add_rows=32940
riscv_detached_arithmetic_fusion lane=403 dot4_rows=5790 multiply_add_rows=103659
riscv_detached_arithmetic_fusion lane=521 dot4_rows=2592 multiply_add_rows=2612
DETACHED_PARENT_ROW row=0 rows=6378 logical_bytes=306144
DETACHED_PARENT_ROW row=1 rows=2768 logical_bytes=531456
DETACHED_PARENT_ROW row=2 rows=2768 logical_bytes=409664
DETACHED_PARENT_ROW row=3 rows=206 logical_bytes=29664
DETACHED_PARENT_ROW row=4 rows=20496 logical_bytes=1557696
DETACHED_PARENT_ROW row=5 rows=18892 logical_bytes=1586928
DETACHED_PARENT_ROW row=6 rows=4 logical_bytes=1088
DETACHED_PARENT_ROW row=7 rows=4 logical_bytes=240
DETACHED_PARENT_ROW row=8 rows=94 logical_bytes=9400
DETACHED_PARENT_ROW row=9 rows=66 logical_bytes=8448
DETACHED_PARENT_ROW row=10 rows=8 logical_bytes=736
DETACHED_PARENT_ROW row=11 rows=61669 logical_bytes=5673548
DETACHED_PARENT_ROW row=12 rows=0 logical_bytes=0
DETACHED_PARENT_ROW row=13 rows=79927 logical_bytes=3197080
DETACHED_PARENT_ROW row=14 rows=231928 logical_bytes=50096448
DETACHED_PARENT_ROW row=20 rows=386 logical_bytes=114256
DETACHED_PARENT_ROW row=21 rows=6176 logical_bytes=2593920
DETACHED_PARENT_ROW row=22 rows=18 logical_bytes=1368
DETACHED_PARENT_ROW row=23 rows=94956 logical_bytes=33044688
DETACHED_PARENT_ROW row=24 rows=782056 logical_bytes=81333824
DETACHED_PARENT_ROW row=25 rows=23160 logical_bytes=8708160
DETACHED_PARENT_ROW row=26 rows=5790 logical_bytes=972720
DETACHED_PARENT_ROW row=27 rows=1930 logical_bytes=216160
DETACHED_PARENT_ROW row=28 rows=2702 logical_bytes=237776
DETACHED_PARENT_ROW row=29 rows=141326 logical_bytes=16959120
DETACHED_PARENT_ROW row=30 rows=680117 logical_bytes=73452636
DETACHED_PARENT_ROW row=31 rows=36418 logical_bytes=4661504
DETACHED_PARENT_ROW row=32 rows=218638 logical_bytes=44602152
DETACHED_PARENT_ROW row=33 rows=49794 logical_bytes=9162096
DETACHED_PARENT_PREPARATION rows_bytes=339468920 providers=176468 graph_ns=2387795792 snapshot_pending=true
PARENT_MAIN_FINALIZE preflight_ns=267292 main_fill_ns=148412208 source_projection_ns=907887500 range_fill_ns=734042 closure_ns=196869542
METAL_FRAMEWORK_INTERACTION rows=8192 batches=2 gpu_ms=0.036124998587183654
METAL_FRAMEWORK_INTERACTION rows=4096 batches=3 gpu_ms=0.10720833597588353
METAL_FRAMEWORK_INTERACTION rows=4096 batches=7 gpu_ms=0.12304166739340872
METAL_FRAMEWORK_INTERACTION rows=256 batches=6 gpu_ms=0.10045833550975658
METAL_FRAMEWORK_INTERACTION rows=32768 batches=1 gpu_ms=0.05379166759666987
METAL_FRAMEWORK_INTERACTION rows=32768 batches=1 gpu_ms=0.05458333544083871
METAL_FRAMEWORK_INTERACTION rows=16 batches=1 gpu_ms=0.038666665204800665
METAL_FRAMEWORK_INTERACTION rows=16 batches=1 gpu_ms=0.0318750026053749
METAL_FRAMEWORK_INTERACTION rows=128 batches=9 gpu_ms=0.12187500033178367
METAL_FRAMEWORK_INTERACTION rows=128 batches=5 gpu_ms=0.08004166738828644
METAL_FRAMEWORK_INTERACTION rows=16 batches=3 gpu_ms=0.0525833347637672
METAL_FRAMEWORK_INTERACTION rows=65536 batches=3 gpu_ms=0.13304166714078747
METAL_FRAMEWORK_INTERACTION rows=16 batches=17 gpu_ms=0.21637499958160333
METAL_FRAMEWORK_INTERACTION rows=131072 batches=1 gpu_ms=0.13908333130530082
METAL_FRAMEWORK_INTERACTION rows=262144 batches=5 gpu_ms=0.9097916663449723
METAL_FRAMEWORK_INTERACTION rows=512 batches=17 gpu_ms=0.22525000167661346
METAL_FRAMEWORK_INTERACTION rows=8192 batches=1 gpu_ms=0.0754583343223203
METAL_FRAMEWORK_INTERACTION rows=32 batches=5 gpu_ms=0.07670833292650059
METAL_FRAMEWORK_INTERACTION rows=131072 batches=7 gpu_ms=1.1329166663927026
METAL_FRAMEWORK_INTERACTION rows=1048576 batches=4 gpu_ms=2.358625002671033
METAL_FRAMEWORK_INTERACTION rows=32768 batches=7 gpu_ms=0.3867083323711995
METAL_FRAMEWORK_INTERACTION rows=8192 batches=3 gpu_ms=0.08308333417517133
METAL_FRAMEWORK_INTERACTION rows=2048 batches=3 gpu_ms=0.054624997574137524
METAL_FRAMEWORK_INTERACTION rows=4096 batches=2 gpu_ms=0.0709583327989094
METAL_FRAMEWORK_INTERACTION rows=262144 batches=5 gpu_ms=0.6236250010260846
METAL_FRAMEWORK_INTERACTION rows=1048576 batches=2 gpu_ms=1.7880833329400048
METAL_FRAMEWORK_INTERACTION rows=65536 batches=1 gpu_ms=0.11654166883090511
METAL_FRAMEWORK_INTERACTION rows=262144 batches=2 gpu_ms=0.40662500032340176
METAL_FRAMEWORK_INTERACTION rows=65536 batches=2 gpu_ms=0.16650000179652125
PARENT_INTERACTION_FILL preflight_ns=878750 typed_ns=200849000 poseidon_ns=10895583 range_ns=2379375
DETACHED_PARENT_TYPED_DEVICE_INTERACTION components=29 dispatches=116
info: resident framework composition: components=30 groups=13 gpu_ms=13.735
info: resident RISC-V semantic composition: 4 components, 4 kernels, 44.898 ms GPU
info: resident RISC-V lookup composition: 1 components, 1 kernels, 6.907 ms GPU
DETACHED_PARENT_STAGE_PROFILE {"schema_version":1,"runtime":"device","example":"detached-recursive-parent","stages":[{"id":"parent.fixed","label":"Fixed columns and key admission","seconds":0.56347,"children":null},{"id":"parent.main_fill","label":"Main column allocation","seconds":0.024567,"children":null},{"id":"parent.main_finalize","label":"Main filling, range construction and exact lookup closure","seconds":1.257115,"children":null},{"id":"parent.main_commit","label":"Main commitment","seconds":0.824431,"children":null},{"id":"parent.interaction_fill","label":"Transcript and interaction columns","seconds":0.22969,"children":null},{"id":"parent.interaction_commit","label":"Interaction commitment","seconds":0.367341,"children":null},{"id":"parent.components","label":"Typed component assembly","seconds":0.004024,"children":null},{"id":"draw_random_coeff","label":"Draw random coefficient","seconds":0.000002,"children":null},{"id":"composition_trace_extract","label":"Composition trace extract","seconds":0.00001,"children":null},{"id":"composition_evaluation","label":"Composition evaluation","seconds":0.152763,"children":null},{"id":"composition_interpolate_and_split","label":"Composition interpolate and split","seconds":0.001877,"children":null},{"id":"composition_commit","label":"Composition commit","seconds":0.017953,"children":null},{"id":"oods_point_and_mask_points","label":"OODS point and mask points","seconds":0.000095,"children":null},{"id":"sampled_value_evaluation","label":"Sampled-value evaluation","seconds":0.031409,"children":null},{"id":"sampled_value_channel_mix","label":"Sampled-value channel mix","seconds":0.000674,"children":null},{"id":"fri_quotient_build_and_commit","label":"FRI quotient build + commit (lazy)","seconds":0.078338,"children":null},{"id":"proof_of_work","label":"Proof of work","seconds":0.003941,"children":null},{"id":"fri_decommit","label":"FRI decommit","seconds":0.003516,"children":null},{"id":"trace_decommit","label":"Trace decommit","seconds":0.005625,"children":null},{"id":"constraint_check_and_assembly","label":"Constraint check and assembly","seconds":0.00033,"children":null},{"id":"parent.serialize","label":"Canonical proof serialization","seconds":0.008504,"children":null}]}
DETACHED_PARENT_METAL dispatches=235 poseidon_commits=9 cpu_fallbacks=0 host_composition_components=0 pow_dispatches=2 runtime_released=true manifest_sha256=d3c68ca5dcfdb83c885c4bb81c6ba86cdc5501f1b8b4e19ba6f51fc3aa049899 profile=recursive_framework_v1 framework_dispatches=30
{"endpoint":"segment_v2_detached_two_child_parent_candidate_q193","profile":"tiny-parent-span-v2","publication_mode":"intermediate","proof_profile":"recursive_q193_v1","status":"unverified_candidate","verified":false,"development_only":true,"child_owners_destroyed":true,"producer_destroyed":true,"reused_admitted_parent_key":true,"child_key_sha256":[[10,109,179,104,142,245,240,178,181,247,129,191,176,20,70,65,36,21,176,149,44,72,112,226,243,35,247,33,209,166,129,151],[131,104,22,109,199,64,212,236,189,88,23,76,120,66,17,69,125,172,173,251,45,52,235,144,229,99,26,38,15,16,67,229]],"artifacts":{"key_sha256":[214,60,24,215,93,161,32,69,64,54,137,18,21,60,2,66,153,247,215,93,214,71,196,191,90,67,15,158,29,129,78,111],"claims_sha256":[145,143,51,242,119,71,76,39,63,164,145,237,11,137,138,228,35,159,47,193,188,140,136,237,199,176,236,40,181,145,112,244],"proof_sha256":[238,51,220,177,211,249,199,196,142,97,184,101,183,84,249,47,194,181,121,88,211,35,224,169,225,10,130,181,143,183,32,77],"proof_bytes":2288135},"candidate_root_words_sha256":[133,77,233,101,11,232,217,137,86,227,135,255,245,27,163,43,48,70,251,105,90,98,180,39,127,190,85,219,56,68,51,184],"circuit_identity":[156,79,232,205,220,45,168,88,77,28,91,32,196,93,197,248,24,236,19,255,109,137,76,104,182,88,214,151,26,31,119,87],"preparation_ns":2571648250,"key_preparation_ns":563464334,"proof_ns":3057873583,"request_ns":6365289458}
        6.43 real         5.05 user         0.46 sys
          4393533440  maximum resident set size
                   0  average shared memory size
                   0  average unshared data size
                   0  average unshared stack size
              600175  page reclaims
                   0  page faults
                   0  swaps
                   0  block input operations
                   0  block output operations
                   0  messages sent
                   0  messages received
                   0  signals received
                   0  voluntary context switches
                1390  involuntary context switches
         89166837747  instructions retired
         23746302306  cycles elapsed
          5515186184  peak memory footprint
