DETACHED_PARENT_PCS_PHASE lane=1 selected_lane_only=true capture_ns=217627500 plans_ns=3255167 authority_ns=469945458 rows_ns=266285458
DETACHED_PARENT_CHILD_PHASE lane=1 prefix_ns=162708 transcript_ns=134792 pcs_ns=957172875 boundary_ns=8496083 composition_ns=7396167
DETACHED_PARENT_CHILD lane=1 preparation_ns=973385125
DETACHED_PARENT_PCS_PHASE lane=2 selected_lane_only=true capture_ns=220039166 plans_ns=3234000 authority_ns=470373334 rows_ns=267732041
DETACHED_PARENT_CHILD_PHASE lane=2 prefix_ns=145416 transcript_ns=112292 pcs_ns=961412417 boundary_ns=8582583 composition_ns=7485042
DETACHED_PARENT_CHILD lane=2 preparation_ns=1951148750
riscv_detached_arithmetic_fusion lane=501 dot4_rows=395 multiply_add_rows=8779
riscv_detached_arithmetic_fusion lane=511 dot4_rows=2616 multiply_add_rows=3495
riscv_detached_arithmetic_fusion lane=412 dot4_rows=105869 multiply_add_rows=32356
riscv_detached_arithmetic_fusion lane=402 dot4_rows=5790 multiply_add_rows=103659
riscv_detached_arithmetic_fusion lane=502 dot4_rows=395 multiply_add_rows=8779
riscv_detached_arithmetic_fusion lane=512 dot4_rows=2616 multiply_add_rows=3495
riscv_detached_arithmetic_fusion lane=413 dot4_rows=105869 multiply_add_rows=32356
riscv_detached_arithmetic_fusion lane=403 dot4_rows=5790 multiply_add_rows=103659
riscv_detached_arithmetic_fusion lane=521 dot4_rows=2592 multiply_add_rows=2612
DETACHED_PARENT_ROW row=0 rows=6378 logical_bytes=306144
DETACHED_PARENT_ROW row=1 rows=2768 logical_bytes=531456
DETACHED_PARENT_ROW row=2 rows=2768 logical_bytes=409664
DETACHED_PARENT_ROW row=3 rows=206 logical_bytes=29664
DETACHED_PARENT_ROW row=4 rows=20496 logical_bytes=1557696
DETACHED_PARENT_ROW row=5 rows=18892 logical_bytes=1586928
DETACHED_PARENT_ROW row=6 rows=4 logical_bytes=1088
DETACHED_PARENT_ROW row=7 rows=4 logical_bytes=240
DETACHED_PARENT_ROW row=8 rows=94 logical_bytes=9400
DETACHED_PARENT_ROW row=9 rows=66 logical_bytes=8448
DETACHED_PARENT_ROW row=10 rows=8 logical_bytes=736
DETACHED_PARENT_ROW row=11 rows=61669 logical_bytes=5673548
DETACHED_PARENT_ROW row=12 rows=0 logical_bytes=0
DETACHED_PARENT_ROW row=13 rows=80125 logical_bytes=3205000
DETACHED_PARENT_ROW row=14 rows=231932 logical_bytes=50097312
DETACHED_PARENT_ROW row=20 rows=386 logical_bytes=114256
DETACHED_PARENT_ROW row=21 rows=6176 logical_bytes=2593920
DETACHED_PARENT_ROW row=22 rows=18 logical_bytes=1368
DETACHED_PARENT_ROW row=23 rows=94956 logical_bytes=33044688
DETACHED_PARENT_ROW row=24 rows=782056 logical_bytes=81333824
DETACHED_PARENT_ROW row=25 rows=23160 logical_bytes=8708160
DETACHED_PARENT_ROW row=26 rows=5790 logical_bytes=972720
DETACHED_PARENT_ROW row=27 rows=1930 logical_bytes=216160
DETACHED_PARENT_ROW row=28 rows=2702 logical_bytes=237776
DETACHED_PARENT_ROW row=29 rows=141326 logical_bytes=16959120
DETACHED_PARENT_ROW row=30 rows=678113 logical_bytes=73236204
DETACHED_PARENT_ROW row=31 rows=36030 logical_bytes=4611840
DETACHED_PARENT_ROW row=32 rows=217792 logical_bytes=44429568
DETACHED_PARENT_ROW row=33 rows=49794 logical_bytes=9162096
DETACHED_PARENT_PREPARATION rows_bytes=339039024 providers=176468 graph_ns=2264749750 snapshot_pending=true
PARENT_MAIN_FINALIZE preflight_ns=338458 main_fill_ns=109256375 source_projection_ns=862144792 range_fill_ns=733458 closure_ns=192381625
METAL_FRAMEWORK_INTERACTION rows=8192 batches=2 gpu_ms=0.22958333283895627
METAL_FRAMEWORK_INTERACTION rows=4096 batches=3 gpu_ms=0.10462499631103128
METAL_FRAMEWORK_INTERACTION rows=4096 batches=7 gpu_ms=0.1228333348990418
METAL_FRAMEWORK_INTERACTION rows=256 batches=6 gpu_ms=0.10137500066775829
METAL_FRAMEWORK_INTERACTION rows=32768 batches=1 gpu_ms=0.054291667765937746
METAL_FRAMEWORK_INTERACTION rows=32768 batches=1 gpu_ms=0.05695833533536643
METAL_FRAMEWORK_INTERACTION rows=16 batches=1 gpu_ms=0.03925000055460259
METAL_FRAMEWORK_INTERACTION rows=16 batches=1 gpu_ms=0.0322499981848523
METAL_FRAMEWORK_INTERACTION rows=128 batches=9 gpu_ms=0.11983333388343453
METAL_FRAMEWORK_INTERACTION rows=128 batches=5 gpu_ms=0.08083333523245528
METAL_FRAMEWORK_INTERACTION rows=16 batches=3 gpu_ms=0.04975000047124922
METAL_FRAMEWORK_INTERACTION rows=65536 batches=3 gpu_ms=0.3272499961894937
METAL_FRAMEWORK_INTERACTION rows=16 batches=17 gpu_ms=0.23237500136019662
METAL_FRAMEWORK_INTERACTION rows=131072 batches=1 gpu_ms=0.1413749996572733
METAL_FRAMEWORK_INTERACTION rows=262144 batches=5 gpu_ms=1.0421666665934026
METAL_FRAMEWORK_INTERACTION rows=512 batches=17 gpu_ms=0.22562500089406967
METAL_FRAMEWORK_INTERACTION rows=8192 batches=1 gpu_ms=0.077458331361413
METAL_FRAMEWORK_INTERACTION rows=32 batches=5 gpu_ms=0.06904167094035074
METAL_FRAMEWORK_INTERACTION rows=131072 batches=7 gpu_ms=1.0846666627912782
METAL_FRAMEWORK_INTERACTION rows=1048576 batches=4 gpu_ms=2.3612500008312054
METAL_FRAMEWORK_INTERACTION rows=32768 batches=7 gpu_ms=0.3757500016945414
METAL_FRAMEWORK_INTERACTION rows=8192 batches=3 gpu_ms=0.11962500138906762
METAL_FRAMEWORK_INTERACTION rows=2048 batches=3 gpu_ms=0.08691666880622506
METAL_FRAMEWORK_INTERACTION rows=4096 batches=2 gpu_ms=0.0857499981066212
METAL_FRAMEWORK_INTERACTION rows=262144 batches=5 gpu_ms=0.6554999999934807
METAL_FRAMEWORK_INTERACTION rows=1048576 batches=2 gpu_ms=1.805666666768957
METAL_FRAMEWORK_INTERACTION rows=65536 batches=1 gpu_ms=0.10566667333478108
METAL_FRAMEWORK_INTERACTION rows=262144 batches=2 gpu_ms=0.48729166155681014
METAL_FRAMEWORK_INTERACTION rows=65536 batches=2 gpu_ms=0.20662500173784792
PARENT_INTERACTION_FILL preflight_ns=877292 typed_ns=187740625 poseidon_ns=10523375 range_ns=2336458
DETACHED_PARENT_TYPED_DEVICE_INTERACTION components=29 dispatches=116
info: resident framework composition: components=30 groups=13 gpu_ms=8.425
info: resident RISC-V semantic composition: 4 components, 4 kernels, 7.398 ms GPU
info: resident RISC-V lookup composition: 1 components, 1 kernels, 0.415 ms GPU
DETACHED_PARENT_STAGE_PROFILE {"schema_version":1,"runtime":"device","example":"detached-recursive-parent","stages":[{"id":"parent.fixed","label":"Fixed columns and key admission","seconds":0.369934,"children":null},{"id":"parent.main_fill","label":"Main column allocation","seconds":0.028828,"children":null},{"id":"parent.main_finalize","label":"Main filling, range construction and exact lookup closure","seconds":1.16853,"children":null},{"id":"parent.main_commit","label":"Main commitment","seconds":0.485322,"children":null},{"id":"parent.interaction_fill","label":"Transcript and interaction columns","seconds":0.216538,"children":null},{"id":"parent.interaction_commit","label":"Interaction commitment","seconds":0.248933,"children":null},{"id":"parent.components","label":"Typed component assembly","seconds":0.004315,"children":null},{"id":"draw_random_coeff","label":"Draw random coefficient","seconds":0.000003,"children":null},{"id":"composition_trace_extract","label":"Composition trace extract","seconds":0.00002,"children":null},{"id":"composition_evaluation","label":"Composition evaluation","seconds":0.10849,"children":null},{"id":"composition_interpolate_and_split","label":"Composition interpolate and split","seconds":0.002167,"children":null},{"id":"composition_commit","label":"Composition commit","seconds":0.017988,"children":null},{"id":"oods_point_and_mask_points","label":"OODS point and mask points","seconds":0.000099,"children":null},{"id":"sampled_value_evaluation","label":"Sampled-value evaluation","seconds":0.027351,"children":null},{"id":"sampled_value_channel_mix","label":"Sampled-value channel mix","seconds":0.000666,"children":null},{"id":"fri_quotient_build_and_commit","label":"FRI quotient build + commit (lazy)","seconds":0.081981,"children":null},{"id":"proof_of_work","label":"Proof of work","seconds":0.003948,"children":null},{"id":"fri_decommit","label":"FRI decommit","seconds":0.003083,"children":null},{"id":"trace_decommit","label":"Trace decommit","seconds":0.006327,"children":null},{"id":"constraint_check_and_assembly","label":"Constraint check and assembly","seconds":0.00031,"children":null},{"id":"parent.serialize","label":"Canonical proof serialization","seconds":0.008301,"children":null}]}
DETACHED_PARENT_METAL dispatches=235 poseidon_commits=9 cpu_fallbacks=0 host_composition_components=0 pow_dispatches=2 runtime_released=true manifest_sha256=d3c68ca5dcfdb83c885c4bb81c6ba86cdc5501f1b8b4e19ba6f51fc3aa049899 profile=recursive_framework_v1 framework_dispatches=30
{"endpoint":"segment_v2_detached_two_child_parent_candidate_q193","profile":"tiny-parent-root-v2","publication_mode":"root","proof_profile":"recursive_q193_v1","status":"unverified_candidate","verified":false,"development_only":true,"child_owners_destroyed":true,"producer_destroyed":true,"reused_admitted_parent_key":true,"child_key_sha256":[[214,60,24,215,93,161,32,69,64,54,137,18,21,60,2,66,153,247,215,93,214,71,196,191,90,67,15,158,29,129,78,111],[52,101,122,252,71,235,220,44,62,42,22,241,149,244,116,88,217,46,134,5,126,45,114,83,188,229,65,201,61,128,30,25]],"artifacts":{"key_sha256":[43,54,70,56,122,217,160,216,106,50,230,24,28,117,174,240,148,190,170,244,129,176,88,11,208,6,252,73,206,8,110,12],"claims_sha256":[49,178,150,212,209,141,148,238,219,93,40,66,239,70,211,225,229,134,73,248,37,59,245,119,205,108,37,34,142,53,78,179],"proof_sha256":[146,45,152,84,36,75,24,7,249,118,40,193,15,14,143,169,78,251,221,88,53,171,159,248,209,106,237,27,129,185,188,187],"proof_bytes":2297319},"candidate_root_words_sha256":[189,249,149,127,224,29,110,114,200,174,151,175,231,135,81,130,99,197,157,73,129,224,15,210,38,249,188,185,180,245,88,172],"circuit_identity":[71,179,224,242,26,78,39,100,147,248,87,173,160,231,54,27,230,179,68,85,24,188,217,151,168,142,210,196,246,195,105,67],"preparation_ns":2453668333,"key_preparation_ns":369929375,"proof_ns":2470374167,"request_ns":5470364000}
        5.53 real         4.90 user         0.51 sys
          4392222720  maximum resident set size
                   0  average shared memory size
                   0  average unshared data size
                   0  average unshared stack size
              600077  page reclaims
                   0  page faults
                   0  swaps
                   0  block input operations
                   0  block output operations
                   0  messages sent
                   0  messages received
                   0  signals received
                   0  voluntary context switches
                1623  involuntary context switches
         87948225618  instructions retired
         23405643031  cycles elapsed
          5513449456  peak memory footprint
