test-ethereum-complete-proof
+- Ethereum complete proof lifecycle guard
   +- run test failure
ETHEREUM_BASE_BOUND_PROGRAM sha256=ecfd324f8088f9c985210b728d91851fb1144254f0bb6d52aa3d7ed0e3625f55 bytes=1048 path=/Users/theodorepender/Coding/stark-proving-engineering/stwo-zig/.git/local-ethereum/real-wrapper-segment2-devex-v3/corpus/base-bound-v3/program.elf
  claim semantic output[13497] node=42044 value=939440486/0/0/0
ETHEREUM_ROLE0_SAVED_WRAPPER_REPLAY excludes_stage101_proving=true
ETHEREUM_REAL_REPLAY materialization_pinned=true first_segment=2 leaf_count=2 whole_elf_pinned=true
ETHEREUM_COMPLETION_OPENING admitted_version=1 whole_elf_pinned=true
ETHEREUM_NATIVE_VERIFICATION workers=1 captures=2 scope=joined
ETHEREUM_INCREMENTAL_ROLE0_PHASE phase=cold_open source=darwin_proc_pid_rusage_v6 wall_ns=59919971167 process_cpu_ns=59735293083 parallelism_milli=996 peak_footprint_bytes=1708803896 energy_nj=280777704959 instructions=1286007945989 cycles=237040723875 workers=1 host_byte_budget=17179869184
ETHEREUM_INCREMENTAL_ROLE0_PHASE phase=campaign source=darwin_proc_pid_rusage_v6 wall_ns=67293609041 process_cpu_ns=67267259333 parallelism_milli=999 peak_footprint_bytes=1708803896 energy_nj=250799874116 instructions=487371514842 cycles=267763484675 workers=1 host_byte_budget=17179869184
ETHEREUM_WRAPPER_SELECTED pair_slot=0 global_segment=2
ETHEREUM_INCREMENTAL_ROLE0_PHASE phase=materialize source=darwin_proc_pid_rusage_v6 wall_ns=60109712042 process_cpu_ns=60075839333 parallelism_milli=999 peak_footprint_bytes=3002617096 energy_nj=237706902479 instructions=559465735341 cycles=239279002277 workers=1 host_byte_budget=17179869184
ETHEREUM_INCREMENTAL_ROLE0_MATERIALIZE input_ns=285254417 public_ns=14458414875 transcript_ns=5304989750 profile_ns=101583 program_ns=77460042 prepare_ns=75416917 fri_ns=3957077583 seal_ns=289656708 total_ns=24448375084 nodes=618754 node_bytes=12375080 output_bytes=176 binding_bytes=2815408 schedule_bytes=9177376 evaluation_bytes=9900064 input_bytes=703852 claim_bytes=33712 schedule_compiles=1 graph_copies=0 workers=1
ETHEREUM_INCREMENTAL_ROLE0_ALLOCATOR phase=materialized-live allocations=61 bytes=1247365590 peak=2275994661 allocated=3630785880 freed=2383420290 untracked=0
ETHEREUM_WRAPPER_PREPARATION workers=1 phase=cohort-admission tree0_backend=cpu proof_backend=cpu
ETHEREUM_GEOMETRY_PREPARATION phase=begin
ETHEREUM_GEOMETRY_PREPARATION phase=materialized-admission ns=3912530375
ETHEREUM_GEOMETRY_PREPARATION phase=plans-prefix ns=2590088125
ETHEREUM_GEOMETRY_PREPARATION phase=program ns=31911176292
ETHEREUM_GEOMETRY_PREPARATION phase=transcript-rows ns=11392294958
ETHEREUM_GEOMETRY_PREPARATION phase=suffix ns=99687692958
ETHEREUM_GEOMETRY_PREPARATION phase=manifest-projection ns=16448298667
ETHEREUM_GEOMETRY_PREPARATION phase=local-finalization ns=6156941208
ETHEREUM_COHORT_RESOURCES phase=begin wall_ns=708 source=darwin_proc_pid_rusage_v6 lifetime_peak_footprint_bytes=30506081128 ledger_present=false ledger_mode=compact ledger_len=0 ledger_live_entries=0 ledger_peak_entries=0 ledger_capacity_entries=0 ledger_source_range_contributions=0 ledger_retained_bytes_estimate=0 sampling_unavailable=none
ETHEREUM_COHORT_RESOURCES phase=geometry-ready wall_ns=26240353000 source=darwin_proc_pid_rusage_v6 lifetime_peak_footprint_bytes=30506081128 ledger_present=false ledger_mode=compact ledger_len=0 ledger_live_entries=0 ledger_peak_entries=0 ledger_capacity_entries=0 ledger_source_range_contributions=0 ledger_retained_bytes_estimate=0 sampling_unavailable=none
ETHEREUM_COHORT_RESOURCES phase=prefix-rows wall_ns=13562489417 source=darwin_proc_pid_rusage_v6 lifetime_peak_footprint_bytes=31425207840 ledger_present=false ledger_mode=compact ledger_len=0 ledger_live_entries=0 ledger_peak_entries=0 ledger_capacity_entries=0 ledger_source_range_contributions=0 ledger_retained_bytes_estimate=0 sampling_unavailable=none
ETHEREUM_COHORT_RESOURCES phase=suffix-rows wall_ns=1949364500 source=darwin_proc_pid_rusage_v6 lifetime_peak_footprint_bytes=31860023128 ledger_present=false ledger_mode=compact ledger_len=0 ledger_live_entries=0 ledger_peak_entries=0 ledger_capacity_entries=0 ledger_source_range_contributions=0 ledger_retained_bytes_estimate=0 sampling_unavailable=none
ETHEREUM_COHORT_RESOURCES phase=provider-main wall_ns=22707885750 source=darwin_proc_pid_rusage_v6 lifetime_peak_footprint_bytes=31893708680 ledger_present=false ledger_mode=compact ledger_len=0 ledger_live_entries=0 ledger_peak_entries=0 ledger_capacity_entries=0 ledger_source_range_contributions=0 ledger_retained_bytes_estimate=0 sampling_unavailable=none
ETHEREUM_COHORT_RESOURCES phase=ledger-begin wall_ns=963166 source=darwin_proc_pid_rusage_v6 lifetime_peak_footprint_bytes=31893708680 ledger_present=true ledger_mode=compact ledger_len=0 ledger_live_entries=0 ledger_peak_entries=0 ledger_capacity_entries=0 ledger_source_range_contributions=0 ledger_retained_bytes_estimate=524288 sampling_unavailable=none
ETHEREUM_COHORT_RESOURCES phase=ledger-prefix wall_ns=27481426542 source=darwin_proc_pid_rusage_v6 lifetime_peak_footprint_bytes=35049122024 ledger_present=true ledger_mode=compact ledger_len=68953678 ledger_live_entries=13188208 ledger_peak_entries=13223307 ledger_capacity_entries=56903072 ledger_source_range_contributions=0 ledger_retained_bytes_estimate=2788774816 sampling_unavailable=none
ETHEREUM_COHORT_RESOURCES phase=ledger-suffix wall_ns=6457769958 source=darwin_proc_pid_rusage_v6 lifetime_peak_footprint_bytes=35049122024 ledger_present=true ledger_mode=compact ledger_len=84963552 ledger_live_entries=3177115 ledger_peak_entries=13223307 ledger_capacity_entries=59149536 ledger_source_range_contributions=9443 ledger_retained_bytes_estimate=2898851552 sampling_unavailable=none
ETHEREUM_COHORT_RESOURCES phase=ledger-native wall_ns=41786559542 source=darwin_proc_pid_rusage_v6 lifetime_peak_footprint_bytes=38002389432 ledger_present=true ledger_mode=compact ledger_len=166400087 ledger_live_entries=450 ledger_peak_entries=14331501 ledger_capacity_entries=80154096 ledger_source_range_contributions=9443 ledger_retained_bytes_estimate=3928074992 sampling_unavailable=none
ETHEREUM_COHORT_RESOURCES phase=range-provider wall_ns=2415417 source=darwin_proc_pid_rusage_v6 lifetime_peak_footprint_bytes=38002389432 ledger_present=true ledger_mode=compact ledger_len=166400537 ledger_live_entries=0 ledger_peak_entries=14331501 ledger_capacity_entries=80154096 ledger_source_range_contributions=9443 ledger_retained_bytes_estimate=3928074992 sampling_unavailable=none
ETHEREUM_COHORT_RESOURCES phase=ledger-range wall_ns=2886708 source=darwin_proc_pid_rusage_v6 lifetime_peak_footprint_bytes=38002389432 ledger_present=true ledger_mode=compact ledger_len=166400671 ledger_live_entries=0 ledger_peak_entries=14331501 ledger_capacity_entries=80154096 ledger_source_range_contributions=9443 ledger_retained_bytes_estimate=3928074992 sampling_unavailable=none
ETHEREUM_COHORT_RESOURCES phase=ledger-classified wall_ns=54542 source=darwin_proc_pid_rusage_v6 lifetime_peak_footprint_bytes=38002389432 ledger_present=true ledger_mode=compact ledger_len=166400671 ledger_live_entries=0 ledger_peak_entries=14331501 ledger_capacity_entries=80154096 ledger_source_range_contributions=9443 ledger_retained_bytes_estimate=3928074992 sampling_unavailable=none
ETHEREUM_COHORT_RESOURCES phase=ledger-released wall_ns=5297583166 source=darwin_proc_pid_rusage_v6 lifetime_peak_footprint_bytes=38002389432 ledger_present=false ledger_mode=compact ledger_len=0 ledger_live_entries=0 ledger_peak_entries=0 ledger_capacity_entries=0 ledger_source_range_contributions=0 ledger_retained_bytes_estimate=0 sampling_unavailable=none
ETHEREUM_WRAPPER_PCS_STORAGE backing=file total_mapped_bytes=15264661504 remaining_mapped_bytes=0
ETHEREUM_WRAPPER_RESOURCES phase=tree0.cpu-pcs.commit wall_ns=485292588708 lifetime_peak_footprint_bytes=40051685088 current_footprint_bytes=31865233480 source=darwin_proc_pid_rusage_v6
ETHEREUM_WRAPPER_RESOURCES phase=tree0.cpu-pcs wall_ns=536313936167 lifetime_peak_footprint_bytes=40051685088 current_footprint_bytes=31865233480 source=darwin_proc_pid_rusage_v6
ETHEREUM_WRAPPER_COMPONENT_PLAN row=0 log_size=14 preprocessed_columns=10 main_columns=0 interaction_columns=8 source_bytes=1179648 pcs_minimum_resident_bytes=2359296
ETHEREUM_WRAPPER_COMPONENT_PLAN row=1 log_size=21 preprocessed_columns=0 main_columns=48 interaction_columns=12 source_bytes=503316480 pcs_minimum_resident_bytes=1006632960
ETHEREUM_WRAPPER_COMPONENT_PLAN row=2 log_size=21 preprocessed_columns=18 main_columns=17 interaction_columns=28 source_bytes=528482304 pcs_minimum_resident_bytes=1056964608
ETHEREUM_WRAPPER_COMPONENT_PLAN row=3 log_size=12 preprocessed_columns=18 main_columns=17 interaction_columns=40 source_bytes=1228800 pcs_minimum_resident_bytes=2457600
ETHEREUM_WRAPPER_COMPONENT_PLAN row=4 log_size=24 preprocessed_columns=15 main_columns=2 interaction_columns=4 source_bytes=1409286144 pcs_minimum_resident_bytes=2818572288
ETHEREUM_WRAPPER_COMPONENT_PLAN row=5 log_size=24 preprocessed_columns=23 main_columns=2 interaction_columns=12 source_bytes=2483027968 pcs_minimum_resident_bytes=4966055936
ETHEREUM_WRAPPER_COMPONENT_PLAN row=6 log_size=4 preprocessed_columns=0 main_columns=68 interaction_columns=4 source_bytes=4608 pcs_minimum_resident_bytes=9216
ETHEREUM_WRAPPER_COMPONENT_PLAN row=7 log_size=4 preprocessed_columns=0 main_columns=15 interaction_columns=4 source_bytes=1216 pcs_minimum_resident_bytes=2432
ETHEREUM_WRAPPER_COMPONENT_PLAN row=8 log_size=7 preprocessed_columns=12 main_columns=9 interaction_columns=36 source_bytes=29184 pcs_minimum_resident_bytes=58368
ETHEREUM_WRAPPER_COMPONENT_PLAN row=9 log_size=7 preprocessed_columns=21 main_columns=9 interaction_columns=20 source_bytes=25600 pcs_minimum_resident_bytes=51200
ETHEREUM_WRAPPER_COMPONENT_PLAN row=10 log_size=11 preprocessed_columns=8 main_columns=2 interaction_columns=8 source_bytes=147456 pcs_minimum_resident_bytes=294912
ETHEREUM_WRAPPER_COMPONENT_PLAN row=11 log_size=12 preprocessed_columns=17 main_columns=4 interaction_columns=12 source_bytes=540672 pcs_minimum_resident_bytes=1081344
ETHEREUM_WRAPPER_COMPONENT_PLAN row=12 log_size=14 preprocessed_columns=13 main_columns=4 interaction_columns=16 source_bytes=2162688 pcs_minimum_resident_bytes=4325376
ETHEREUM_WRAPPER_COMPONENT_PLAN row=13 log_size=21 preprocessed_columns=32 main_columns=41 interaction_columns=40 source_bytes=947912704 pcs_minimum_resident_bytes=1895825408
ETHEREUM_WRAPPER_COMPONENT_PLAN row=14 log_size=11 preprocessed_columns=30 main_columns=41 interaction_columns=40 source_bytes=909312 pcs_minimum_resident_bytes=1818624
ETHEREUM_WRAPPER_COMPONENT_PLAN row=15 log_size=17 preprocessed_columns=11 main_columns=2 interaction_columns=8 source_bytes=11010048 pcs_minimum_resident_bytes=22020096
ETHEREUM_WRAPPER_COMPONENT_PLAN row=16 log_size=12 preprocessed_columns=17 main_columns=2 interaction_columns=16 source_bytes=573440 pcs_minimum_resident_bytes=1146880
ETHEREUM_WRAPPER_COMPONENT_PLAN row=17 log_size=11 preprocessed_columns=33 main_columns=10 interaction_columns=28 source_bytes=581632 pcs_minimum_resident_bytes=1163264
ETHEREUM_WRAPPER_COMPONENT_PLAN row=18 log_size=18 preprocessed_columns=22 main_columns=2 interaction_columns=20 source_bytes=46137344 pcs_minimum_resident_bytes=92274688
ETHEREUM_WRAPPER_COMPONENT_PLAN row=19 log_size=8 preprocessed_columns=9 main_columns=0 interaction_columns=4 source_bytes=13312 pcs_minimum_resident_bytes=26624
ETHEREUM_WRAPPER_COMPONENT_PLAN row=20 log_size=10 preprocessed_columns=6 main_columns=34 interaction_columns=68 source_bytes=442368 pcs_minimum_resident_bytes=884736
ETHEREUM_WRAPPER_COMPONENT_PLAN row=21 log_size=14 preprocessed_columns=69 main_columns=34 interaction_columns=4 source_bytes=7012352 pcs_minimum_resident_bytes=14024704
ETHEREUM_WRAPPER_COMPONENT_PLAN row=22 log_size=5 preprocessed_columns=8 main_columns=9 interaction_columns=20 source_bytes=4736 pcs_minimum_resident_bytes=9472
ETHEREUM_WRAPPER_COMPONENT_PLAN row=23 log_size=21 preprocessed_columns=41 main_columns=42 interaction_columns=28 source_bytes=931135488 pcs_minimum_resident_bytes=1862270976
ETHEREUM_WRAPPER_COMPONENT_PLAN row=24 log_size=24 preprocessed_columns=18 main_columns=2 interaction_columns=16 source_bytes=2415919104 pcs_minimum_resident_bytes=4831838208
ETHEREUM_WRAPPER_COMPONENT_PLAN row=25 log_size=16 preprocessed_columns=48 main_columns=43 interaction_columns=28 source_bytes=31195136 pcs_minimum_resident_bytes=62390272
ETHEREUM_WRAPPER_COMPONENT_PLAN row=26 log_size=14 preprocessed_columns=6 main_columns=34 interaction_columns=12 source_bytes=3407872 pcs_minimum_resident_bytes=6815744
ETHEREUM_WRAPPER_COMPONENT_PLAN row=27 log_size=12 preprocessed_columns=15 main_columns=10 interaction_columns=12 source_bytes=606208 pcs_minimum_resident_bytes=1212416
ETHEREUM_WRAPPER_COMPONENT_PLAN row=28 log_size=13 preprocessed_columns=15 main_columns=3 interaction_columns=8 source_bytes=851968 pcs_minimum_resident_bytes=1703936
ETHEREUM_WRAPPER_COMPONENT_PLAN row=29 log_size=18 preprocessed_columns=20 main_columns=2 interaction_columns=20 source_bytes=44040192 pcs_minimum_resident_bytes=88080384
ETHEREUM_WRAPPER_COMPONENT_PLAN row=30 log_size=24 preprocessed_columns=18 main_columns=19 interaction_columns=8 source_bytes=3019898880 pcs_minimum_resident_bytes=6039797760
ETHEREUM_WRAPPER_COMPONENT_PLAN row=31 log_size=15 preprocessed_columns=15 main_columns=14 interaction_columns=4 source_bytes=4325376 pcs_minimum_resident_bytes=8650752
ETHEREUM_WRAPPER_COMPONENT_PLAN row=32 log_size=24 preprocessed_columns=27 main_columns=21 interaction_columns=8 source_bytes=3758096384 pcs_minimum_resident_bytes=7516192768
ETHEREUM_WRAPPER_COMPONENT_PLAN row=33 log_size=15 preprocessed_columns=0 main_columns=46 interaction_columns=8 source_bytes=7077888 pcs_minimum_resident_bytes=14155776
ETHEREUM_WRAPPER_COMPONENT_PLAN row=34 log_size=22 preprocessed_columns=1 main_columns=445 interaction_columns=8 source_bytes=7616856064 pcs_minimum_resident_bytes=15233712128
ETHEREUM_WRAPPER_COMPONENT_PLAN row=35 log_size=16 preprocessed_columns=3 main_columns=1 interaction_columns=4 source_bytes=2097152 pcs_minimum_resident_bytes=4194304
ETHEREUM_WRAPPER_MEMORY_PLAN tree=0 columns=619 source_bytes=7631923712 pcs_minimum_resident_bytes=15263847424 blowup_log=1 coefficient_retention=never
ETHEREUM_WRAPPER_MEMORY_PLAN tree=1 columns=1054 source_bytes=11824971072 pcs_minimum_resident_bytes=23649942144 blowup_log=1 coefficient_retention=never
ETHEREUM_WRAPPER_MEMORY_PLAN tree=2 columns=616 source_bytes=4322642944 pcs_minimum_resident_bytes=8645285888 blowup_log=1 coefficient_retention=never
ETHEREUM_WRAPPER_MEMORY_PLAN total_pcs_minimum_resident_bytes=47559075456 excludes_merkle_witness_composition=true
ETHEREUM_WRAPPER_RESOURCES phase=preprocessed wall_ns=193164773708 lifetime_peak_footprint_bytes=40051685088 current_footprint_bytes=34288325160 source=darwin_proc_pid_rusage_v6
ETHEREUM_WRAPPER_RESOURCES phase=main.allocate wall_ns=27865593500 lifetime_peak_footprint_bytes=40051685088 current_footprint_bytes=34294100776 source=darwin_proc_pid_rusage_v6
ETHEREUM_WRAPPER_RESOURCES phase=main.fill wall_ns=107617635375 lifetime_peak_footprint_bytes=40051685088 current_footprint_bytes=34294149928 source=darwin_proc_pid_rusage_v6
ETHEREUM_WRAPPER_RESOURCES phase=main.commit wall_ns=188760824875 lifetime_peak_footprint_bytes=40051685088 current_footprint_bytes=36448966728 source=darwin_proc_pid_rusage_v6
ETHEREUM_WRAPPER_RESOURCES phase=main wall_ns=324245253583 lifetime_peak_footprint_bytes=40051685088 current_footprint_bytes=36448966728 source=darwin_proc_pid_rusage_v6
ETHEREUM_WRAPPER_RESOURCES phase=interaction wall_ns=265852074375 lifetime_peak_footprint_bytes=42620401128 current_footprint_bytes=38601930096 source=darwin_proc_pid_rusage_v6
error: while executing test 'recursive_common_ethereum_incremental_leaf_universal_proof_v4_genuine_test.test.role0 saved Stage101 pair replays recursive wrapper', the following command terminated with signal 9 (expected exited with code 0):
./.zig-cache/o/b14b904f14379b67a2beee655dad9e88/test --cache-dir=./.zig-cache --seed=0x93475018 --listen=-

Build Summary: 1/4 steps succeeded; 1 failed; 3/3 tests passed
test-ethereum-complete-proof transitive failure
+- Ethereum complete proof lifecycle guard transitive failure
   +- run test failure
      +- compile test ReleaseSafe native success 2m MaxRSS:5G

error: the following build command failed with exit code 1:
.zig-cache/o/5e738d041697ebf76ee8a6d6f3086544/build /opt/homebrew/Cellar/zig/0.15.2/bin/zig /opt/homebrew/Cellar/zig/0.15.2/lib/zig /Users/theodorepender/Coding/stark-proving-engineering/stwo-zig/.git/local-ethereum/devex-validation-source-v11/source/src/integrations/riscv_cpu .zig-cache /Users/theodorepender/.cache/zig --seed 0x93475018 -Zd894f09d75717f3e --maxrss 25769803776 -j1 test-ethereum-complete-proof -Dethereum-proof-strip=true -Doptimize=ReleaseSafe --summary all
