DETACHED_PARENT_PCS_PHASE lane=1 selected_lane_only=true capture_ns=214638375 plans_ns=3171167 authority_ns=451013583 rows_ns=304950250
DETACHED_PARENT_CHILD_PHASE lane=1 prefix_ns=178458 transcript_ns=133334 pcs_ns=973851916 boundary_ns=7608125 composition_ns=6945042
DETACHED_PARENT_CHILD lane=1 preparation_ns=988746958
DETACHED_PARENT_PCS_PHASE lane=2 selected_lane_only=true capture_ns=210133792 plans_ns=3117375 authority_ns=452025666 rows_ns=304603667
DETACHED_PARENT_CHILD_PHASE lane=2 prefix_ns=135500 transcript_ns=66083 pcs_ns=969918625 boundary_ns=7395667 composition_ns=6828792
DETACHED_PARENT_CHILD lane=2 preparation_ns=1973121833
riscv_detached_arithmetic_fusion lane=501 dot4_rows=395 multiply_add_rows=8779
riscv_detached_arithmetic_fusion lane=511 dot4_rows=2616 multiply_add_rows=3495
riscv_detached_arithmetic_fusion lane=412 dot4_rows=105869 multiply_add_rows=32356
riscv_detached_arithmetic_fusion lane=402 dot4_rows=5790 multiply_add_rows=103659
riscv_detached_arithmetic_fusion lane=502 dot4_rows=395 multiply_add_rows=8779
riscv_detached_arithmetic_fusion lane=512 dot4_rows=2616 multiply_add_rows=3495
riscv_detached_arithmetic_fusion lane=413 dot4_rows=105869 multiply_add_rows=32356
riscv_detached_arithmetic_fusion lane=403 dot4_rows=5790 multiply_add_rows=103659
riscv_detached_arithmetic_fusion lane=521 dot4_rows=2592 multiply_add_rows=2612
DETACHED_PARENT_ROW row=0 rows=6378 logical_bytes=306144
DETACHED_PARENT_ROW row=1 rows=2768 logical_bytes=531456
DETACHED_PARENT_ROW row=2 rows=2768 logical_bytes=409664
DETACHED_PARENT_ROW row=3 rows=206 logical_bytes=29664
DETACHED_PARENT_ROW row=4 rows=20496 logical_bytes=1557696
DETACHED_PARENT_ROW row=5 rows=18892 logical_bytes=1586928
DETACHED_PARENT_ROW row=6 rows=4 logical_bytes=1088
DETACHED_PARENT_ROW row=7 rows=4 logical_bytes=240
DETACHED_PARENT_ROW row=8 rows=94 logical_bytes=9400
DETACHED_PARENT_ROW row=9 rows=66 logical_bytes=8448
DETACHED_PARENT_ROW row=10 rows=8 logical_bytes=736
DETACHED_PARENT_ROW row=11 rows=61669 logical_bytes=5673548
DETACHED_PARENT_ROW row=12 rows=0 logical_bytes=0
DETACHED_PARENT_ROW row=13 rows=80125 logical_bytes=3205000
DETACHED_PARENT_ROW row=14 rows=231932 logical_bytes=50097312
DETACHED_PARENT_ROW row=20 rows=386 logical_bytes=114256
DETACHED_PARENT_ROW row=21 rows=6176 logical_bytes=2593920
DETACHED_PARENT_ROW row=22 rows=18 logical_bytes=1368
DETACHED_PARENT_ROW row=23 rows=94956 logical_bytes=33044688
DETACHED_PARENT_ROW row=24 rows=782056 logical_bytes=81333824
DETACHED_PARENT_ROW row=25 rows=23160 logical_bytes=8708160
DETACHED_PARENT_ROW row=26 rows=5790 logical_bytes=972720
DETACHED_PARENT_ROW row=27 rows=1930 logical_bytes=216160
DETACHED_PARENT_ROW row=28 rows=2702 logical_bytes=237776
DETACHED_PARENT_ROW row=29 rows=141326 logical_bytes=16959120
DETACHED_PARENT_ROW row=30 rows=678113 logical_bytes=73236204
DETACHED_PARENT_ROW row=31 rows=36030 logical_bytes=4611840
DETACHED_PARENT_ROW row=32 rows=217792 logical_bytes=44429568
DETACHED_PARENT_ROW row=33 rows=49794 logical_bytes=9162096
DETACHED_PARENT_PREPARATION rows_bytes=339039024 providers=176468 graph_ns=2255010208 snapshot_pending=true
PARENT_MAIN_FINALIZE preflight_ns=249667 main_fill_ns=95717166 source_projection_ns=808860834 range_fill_ns=671416 closure_ns=179581209
METAL_FRAMEWORK_INTERACTION rows=8192 batches=2 gpu_ms=0.0635833348496817
METAL_FRAMEWORK_INTERACTION rows=4096 batches=3 gpu_ms=0.10562499664956704
METAL_FRAMEWORK_INTERACTION rows=4096 batches=7 gpu_ms=0.12558333401102573
METAL_FRAMEWORK_INTERACTION rows=256 batches=6 gpu_ms=0.10124999971594661
METAL_FRAMEWORK_INTERACTION rows=32768 batches=1 gpu_ms=0.05341666837921366
METAL_FRAMEWORK_INTERACTION rows=32768 batches=1 gpu_ms=0.055999997130129486
METAL_FRAMEWORK_INTERACTION rows=16 batches=1 gpu_ms=0.039916667446959764
METAL_FRAMEWORK_INTERACTION rows=16 batches=1 gpu_ms=0.0322499981848523
METAL_FRAMEWORK_INTERACTION rows=128 batches=9 gpu_ms=0.1192499985336326
METAL_FRAMEWORK_INTERACTION rows=128 batches=5 gpu_ms=0.08195833652280271
METAL_FRAMEWORK_INTERACTION rows=16 batches=3 gpu_ms=0.05100000271340832
METAL_FRAMEWORK_INTERACTION rows=65536 batches=3 gpu_ms=0.17295833094976842
METAL_FRAMEWORK_INTERACTION rows=16 batches=17 gpu_ms=0.229833327466622
METAL_FRAMEWORK_INTERACTION rows=131072 batches=1 gpu_ms=0.13737499830313027
METAL_FRAMEWORK_INTERACTION rows=262144 batches=5 gpu_ms=0.9232083320966922
METAL_FRAMEWORK_INTERACTION rows=512 batches=17 gpu_ms=0.22437499865191057
METAL_FRAMEWORK_INTERACTION rows=8192 batches=1 gpu_ms=0.07616666698595509
METAL_FRAMEWORK_INTERACTION rows=32 batches=5 gpu_ms=0.07037500472506508
METAL_FRAMEWORK_INTERACTION rows=131072 batches=7 gpu_ms=1.0901249988819472
METAL_FRAMEWORK_INTERACTION rows=1048576 batches=4 gpu_ms=2.350791670323815
METAL_FRAMEWORK_INTERACTION rows=32768 batches=7 gpu_ms=0.4792499967152253
METAL_FRAMEWORK_INTERACTION rows=8192 batches=3 gpu_ms=0.1484166641603224
METAL_FRAMEWORK_INTERACTION rows=2048 batches=3 gpu_ms=0.05424999835668132
METAL_FRAMEWORK_INTERACTION rows=4096 batches=2 gpu_ms=0.09000000136438757
METAL_FRAMEWORK_INTERACTION rows=262144 batches=5 gpu_ms=0.642291663098149
METAL_FRAMEWORK_INTERACTION rows=1048576 batches=2 gpu_ms=1.7735000001266599
METAL_FRAMEWORK_INTERACTION rows=65536 batches=1 gpu_ms=0.0956250005401671
METAL_FRAMEWORK_INTERACTION rows=262144 batches=2 gpu_ms=0.38587499875575304
METAL_FRAMEWORK_INTERACTION rows=65536 batches=2 gpu_ms=0.1525416664662771
PARENT_INTERACTION_FILL preflight_ns=785083 typed_ns=177923959 poseidon_ns=10454916 range_ns=2567917
DETACHED_PARENT_TYPED_DEVICE_INTERACTION components=29 dispatches=116
info: resident framework composition: components=30 groups=13 gpu_ms=8.072
info: resident RISC-V semantic composition: 4 components, 4 kernels, 6.846 ms GPU
info: resident RISC-V lookup composition: 1 components, 1 kernels, 0.424 ms GPU
DETACHED_PARENT_STAGE_PROFILE {"schema_version":1,"runtime":"device","example":"detached-recursive-parent","stages":[{"id":"parent.fixed","label":"Fixed columns and key admission","seconds":0.338388,"children":null},{"id":"parent.main_fill","label":"Main column allocation","seconds":0.022427,"children":null},{"id":"parent.main_finalize","label":"Main filling, range construction and exact lookup closure","seconds":1.087789,"children":null},{"id":"parent.main_commit","label":"Main commitment","seconds":0.464675,"children":null},{"id":"parent.interaction_fill","label":"Transcript and interaction columns","seconds":0.206225,"children":null},{"id":"parent.interaction_commit","label":"Interaction commitment","seconds":0.247929,"children":null},{"id":"parent.components","label":"Typed component assembly","seconds":0.003924,"children":null},{"id":"draw_random_coeff","label":"Draw random coefficient","seconds":0.000002,"children":null},{"id":"composition_trace_extract","label":"Composition trace extract","seconds":0.000006,"children":null},{"id":"composition_evaluation","label":"Composition evaluation","seconds":0.099885,"children":null},{"id":"composition_interpolate_and_split","label":"Composition interpolate and split","seconds":0.003367,"children":null},{"id":"composition_commit","label":"Composition commit","seconds":0.025378,"children":null},{"id":"oods_point_and_mask_points","label":"OODS point and mask points","seconds":0.000095,"children":null},{"id":"sampled_value_evaluation","label":"Sampled-value evaluation","seconds":0.025962,"children":null},{"id":"sampled_value_channel_mix","label":"Sampled-value channel mix","seconds":0.00063,"children":null},{"id":"fri_quotient_build_and_commit","label":"FRI quotient build + commit (lazy)","seconds":0.085262,"children":null},{"id":"proof_of_work","label":"Proof of work","seconds":0.003947,"children":null},{"id":"fri_decommit","label":"FRI decommit","seconds":0.003159,"children":null},{"id":"trace_decommit","label":"Trace decommit","seconds":0.005207,"children":null},{"id":"constraint_check_and_assembly","label":"Constraint check and assembly","seconds":0.000289,"children":null},{"id":"parent.serialize","label":"Canonical proof serialization","seconds":0.008067,"children":null}]}
DETACHED_PARENT_PCS_PHASE lane=1 selected_lane_only=true capture_ns=215359416 plans_ns=3202792 authority_ns=453695208 rows_ns=317294459
DETACHED_PARENT_CHILD_PHASE lane=1 prefix_ns=158916 transcript_ns=160875 pcs_ns=989591792 boundary_ns=7807667 composition_ns=6848916
DETACHED_PARENT_CHILD lane=1 preparation_ns=1004579917
DETACHED_PARENT_PCS_PHASE lane=2 selected_lane_only=true capture_ns=213992000 plans_ns=3249083 authority_ns=452227417 rows_ns=307294708
DETACHED_PARENT_CHILD_PHASE lane=2 prefix_ns=135917 transcript_ns=64833 pcs_ns=976794625 boundary_ns=7764834 composition_ns=7012375
DETACHED_PARENT_CHILD lane=2 preparation_ns=1996376542
riscv_detached_arithmetic_fusion lane=501 dot4_rows=395 multiply_add_rows=8779
riscv_detached_arithmetic_fusion lane=511 dot4_rows=2616 multiply_add_rows=3495
riscv_detached_arithmetic_fusion lane=412 dot4_rows=105869 multiply_add_rows=32356
riscv_detached_arithmetic_fusion lane=402 dot4_rows=5790 multiply_add_rows=103659
riscv_detached_arithmetic_fusion lane=502 dot4_rows=395 multiply_add_rows=8779
riscv_detached_arithmetic_fusion lane=512 dot4_rows=2616 multiply_add_rows=3495
riscv_detached_arithmetic_fusion lane=413 dot4_rows=105869 multiply_add_rows=32356
riscv_detached_arithmetic_fusion lane=403 dot4_rows=5790 multiply_add_rows=103659
riscv_detached_arithmetic_fusion lane=521 dot4_rows=2592 multiply_add_rows=2612
DETACHED_PARENT_ROW row=0 rows=6378 logical_bytes=306144
DETACHED_PARENT_ROW row=1 rows=2768 logical_bytes=531456
DETACHED_PARENT_ROW row=2 rows=2768 logical_bytes=409664
DETACHED_PARENT_ROW row=3 rows=206 logical_bytes=29664
DETACHED_PARENT_ROW row=4 rows=20496 logical_bytes=1557696
DETACHED_PARENT_ROW row=5 rows=18892 logical_bytes=1586928
DETACHED_PARENT_ROW row=6 rows=4 logical_bytes=1088
DETACHED_PARENT_ROW row=7 rows=4 logical_bytes=240
DETACHED_PARENT_ROW row=8 rows=94 logical_bytes=9400
DETACHED_PARENT_ROW row=9 rows=66 logical_bytes=8448
DETACHED_PARENT_ROW row=10 rows=8 logical_bytes=736
DETACHED_PARENT_ROW row=11 rows=61669 logical_bytes=5673548
DETACHED_PARENT_ROW row=12 rows=0 logical_bytes=0
DETACHED_PARENT_ROW row=13 rows=80125 logical_bytes=3205000
DETACHED_PARENT_ROW row=14 rows=231932 logical_bytes=50097312
DETACHED_PARENT_ROW row=20 rows=386 logical_bytes=114256
DETACHED_PARENT_ROW row=21 rows=6176 logical_bytes=2593920
DETACHED_PARENT_ROW row=22 rows=18 logical_bytes=1368
DETACHED_PARENT_ROW row=23 rows=94956 logical_bytes=33044688
DETACHED_PARENT_ROW row=24 rows=782056 logical_bytes=81333824
DETACHED_PARENT_ROW row=25 rows=23160 logical_bytes=8708160
DETACHED_PARENT_ROW row=26 rows=5790 logical_bytes=972720
DETACHED_PARENT_ROW row=27 rows=1930 logical_bytes=216160
DETACHED_PARENT_ROW row=28 rows=2702 logical_bytes=237776
DETACHED_PARENT_ROW row=29 rows=141326 logical_bytes=16959120
DETACHED_PARENT_ROW row=30 rows=678113 logical_bytes=73236204
DETACHED_PARENT_ROW row=31 rows=36030 logical_bytes=4611840
DETACHED_PARENT_ROW row=32 rows=217792 logical_bytes=44429568
DETACHED_PARENT_ROW row=33 rows=49794 logical_bytes=9162096
DETACHED_PARENT_PREPARATION rows_bytes=339039024 providers=176468 graph_ns=2279168625 snapshot_pending=true
PARENT_MAIN_FINALIZE preflight_ns=240167 main_fill_ns=98210833 source_projection_ns=816891459 range_fill_ns=673000 closure_ns=183889083
METAL_FRAMEWORK_INTERACTION rows=8192 batches=2 gpu_ms=0.05900000542169437
METAL_FRAMEWORK_INTERACTION rows=4096 batches=3 gpu_ms=0.1064583266270347
METAL_FRAMEWORK_INTERACTION rows=4096 batches=7 gpu_ms=0.1253750015166588
METAL_FRAMEWORK_INTERACTION rows=256 batches=6 gpu_ms=0.10441667109262198
METAL_FRAMEWORK_INTERACTION rows=32768 batches=1 gpu_ms=0.0540416658623144
METAL_FRAMEWORK_INTERACTION rows=32768 batches=1 gpu_ms=0.05570833309320733
METAL_FRAMEWORK_INTERACTION rows=16 batches=1 gpu_ms=0.04050000279676169
METAL_FRAMEWORK_INTERACTION rows=16 batches=1 gpu_ms=0.03212499723304063
METAL_FRAMEWORK_INTERACTION rows=128 batches=9 gpu_ms=0.1208749963552691
METAL_FRAMEWORK_INTERACTION rows=128 batches=5 gpu_ms=0.08275000436697155
METAL_FRAMEWORK_INTERACTION rows=16 batches=3 gpu_ms=0.051541661377996206
METAL_FRAMEWORK_INTERACTION rows=65536 batches=3 gpu_ms=0.17949999892152846
METAL_FRAMEWORK_INTERACTION rows=16 batches=17 gpu_ms=0.23050000163493678
METAL_FRAMEWORK_INTERACTION rows=131072 batches=1 gpu_ms=0.13966666301712394
METAL_FRAMEWORK_INTERACTION rows=262144 batches=5 gpu_ms=0.898375001270324
METAL_FRAMEWORK_INTERACTION rows=512 batches=17 gpu_ms=0.22449999960372224
METAL_FRAMEWORK_INTERACTION rows=8192 batches=1 gpu_ms=0.07700000423938036
METAL_FRAMEWORK_INTERACTION rows=32 batches=5 gpu_ms=0.07066666876198724
METAL_FRAMEWORK_INTERACTION rows=131072 batches=7 gpu_ms=1.073999999789521
METAL_FRAMEWORK_INTERACTION rows=1048576 batches=4 gpu_ms=2.3618333361810073
METAL_FRAMEWORK_INTERACTION rows=32768 batches=7 gpu_ms=0.4328333379817195
METAL_FRAMEWORK_INTERACTION rows=8192 batches=3 gpu_ms=0.16825000056996942
METAL_FRAMEWORK_INTERACTION rows=2048 batches=3 gpu_ms=0.08437500218860805
METAL_FRAMEWORK_INTERACTION rows=4096 batches=2 gpu_ms=0.07874999573687091
METAL_FRAMEWORK_INTERACTION rows=262144 batches=5 gpu_ms=0.6635416648350656
METAL_FRAMEWORK_INTERACTION rows=1048576 batches=2 gpu_ms=1.7813750018831342
METAL_FRAMEWORK_INTERACTION rows=65536 batches=1 gpu_ms=0.09712499740999192
METAL_FRAMEWORK_INTERACTION rows=262144 batches=2 gpu_ms=0.6635000027017668
METAL_FRAMEWORK_INTERACTION rows=65536 batches=2 gpu_ms=0.1540000012028031
PARENT_INTERACTION_FILL preflight_ns=816458 typed_ns=175800083 poseidon_ns=10564334 range_ns=2616458
DETACHED_PARENT_TYPED_DEVICE_INTERACTION components=29 dispatches=116
info: resident framework composition: components=30 groups=13 gpu_ms=8.124
info: resident RISC-V semantic composition: 4 components, 4 kernels, 7.116 ms GPU
info: resident RISC-V lookup composition: 1 components, 1 kernels, 0.443 ms GPU
DETACHED_PARENT_STAGE_PROFILE {"schema_version":1,"runtime":"device","example":"detached-recursive-parent","stages":[{"id":"parent.fixed","label":"Fixed columns and key admission","seconds":0.331493,"children":null},{"id":"parent.main_fill","label":"Main column allocation","seconds":0.022141,"children":null},{"id":"parent.main_finalize","label":"Main filling, range construction and exact lookup closure","seconds":1.102868,"children":null},{"id":"parent.main_commit","label":"Main commitment","seconds":0.468169,"children":null},{"id":"parent.interaction_fill","label":"Transcript and interaction columns","seconds":0.20398,"children":null},{"id":"parent.interaction_commit","label":"Interaction commitment","seconds":0.244906,"children":null},{"id":"parent.components","label":"Typed component assembly","seconds":0.003913,"children":null},{"id":"draw_random_coeff","label":"Draw random coefficient","seconds":0.000002,"children":null},{"id":"composition_trace_extract","label":"Composition trace extract","seconds":0.000007,"children":null},{"id":"composition_evaluation","label":"Composition evaluation","seconds":0.101928,"children":null},{"id":"composition_interpolate_and_split","label":"Composition interpolate and split","seconds":0.003226,"children":null},{"id":"composition_commit","label":"Composition commit","seconds":0.026504,"children":null},{"id":"oods_point_and_mask_points","label":"OODS point and mask points","seconds":0.000086,"children":null},{"id":"sampled_value_evaluation","label":"Sampled-value evaluation","seconds":0.026346,"children":null},{"id":"sampled_value_channel_mix","label":"Sampled-value channel mix","seconds":0.000646,"children":null},{"id":"fri_quotient_build_and_commit","label":"FRI quotient build + commit (lazy)","seconds":0.079565,"children":null},{"id":"proof_of_work","label":"Proof of work","seconds":0.003963,"children":null},{"id":"fri_decommit","label":"FRI decommit","seconds":0.002411,"children":null},{"id":"trace_decommit","label":"Trace decommit","seconds":0.005129,"children":null},{"id":"constraint_check_and_assembly","label":"Constraint check and assembly","seconds":0.000319,"children":null},{"id":"parent.serialize","label":"Canonical proof serialization","seconds":0.00816,"children":null}]}
DETACHED_PARENT_METAL dispatches=470 poseidon_commits=18 cpu_fallbacks=0 host_composition_components=0 pow_dispatches=4 runtime_released=true manifest_sha256=d3c68ca5dcfdb83c885c4bb81c6ba86cdc5501f1b8b4e19ba6f51fc3aa049899 profile=recursive_framework_v1 framework_dispatches=60
{"endpoint":"detached_parent_batch","reports":[{"endpoint":"segment_v2_detached_two_child_parent_candidate_q193","profile":"tiny-parent-root-v2","publication_mode":"root","proof_profile":"recursive_q193_v1","status":"unverified_candidate","verified":false,"development_only":true,"child_owners_destroyed":true,"producer_destroyed":true,"reused_admitted_parent_key":true,"child_key_sha256":[[214,60,24,215,93,161,32,69,64,54,137,18,21,60,2,66,153,247,215,93,214,71,196,191,90,67,15,158,29,129,78,111],[52,101,122,252,71,235,220,44,62,42,22,241,149,244,116,88,217,46,134,5,126,45,114,83,188,229,65,201,61,128,30,25]],"artifacts":{"key_sha256":[43,54,70,56,122,217,160,216,106,50,230,24,28,117,174,240,148,190,170,244,129,176,88,11,208,6,252,73,206,8,110,12],"claims_sha256":[49,178,150,212,209,141,148,238,219,93,40,66,239,70,211,225,229,134,73,248,37,59,245,119,205,108,37,34,142,53,78,179],"proof_sha256":[146,45,152,84,36,75,24,7,249,118,40,193,15,14,143,169,78,251,221,88,53,171,159,248,209,106,237,27,129,185,188,187],"proof_bytes":2297319},"candidate_root_words_sha256":[189,249,149,127,224,29,110,114,200,174,151,175,231,135,81,130,99,197,157,73,129,224,15,210,38,249,188,185,180,245,88,172],"circuit_identity":[71,179,224,242,26,78,39,100,147,248,87,173,160,231,54,27,230,179,68,85,24,188,217,151,168,142,210,196,246,195,105,67],"preparation_ns":2418246167,"key_preparation_ns":338400375,"proof_ns":2335748709,"request_ns":5258895375},{"endpoint":"segment_v2_detached_two_child_parent_candidate_q193","profile":"tiny-parent-root-v2","publication_mode":"root","proof_profile":"recursive_q193_v1","status":"unverified_candidate","verified":false,"development_only":true,"child_owners_destroyed":true,"producer_destroyed":true,"reused_admitted_parent_key":true,"child_key_sha256":[[214,60,24,215,93,161,32,69,64,54,137,18,21,60,2,66,153,247,215,93,214,71,196,191,90,67,15,158,29,129,78,111],[52,101,122,252,71,235,220,44,62,42,22,241,149,244,116,88,217,46,134,5,126,45,114,83,188,229,65,201,61,128,30,25]],"artifacts":{"key_sha256":[43,54,70,56,122,217,160,216,106,50,230,24,28,117,174,240,148,190,170,244,129,176,88,11,208,6,252,73,206,8,110,12],"claims_sha256":[49,178,150,212,209,141,148,238,219,93,40,66,239,70,211,225,229,134,73,248,37,59,245,119,205,108,37,34,142,53,78,179],"proof_sha256":[146,45,152,84,36,75,24,7,249,118,40,193,15,14,143,169,78,251,221,88,53,171,159,248,209,106,237,27,129,185,188,187],"proof_bytes":2297319},"candidate_root_words_sha256":[189,249,149,127,224,29,110,114,200,174,151,175,231,135,81,130,99,197,157,73,129,224,15,210,38,249,188,185,180,245,88,172],"circuit_identity":[71,179,224,242,26,78,39,100,147,248,87,173,160,231,54,27,230,179,68,85,24,188,217,151,168,142,210,196,246,195,105,67],"preparation_ns":2443345375,"key_preparation_ns":331488666,"proof_ns":2346745834,"request_ns":5285216917}],"plan_builds":1,"pcs_plan_builds":4,"pcs_plan_hits":0,"pcs_plan_retained_bytes":0,"requests":2,"retained_scratch_bytes":0,"elapsed_ns":10544116042}
       11.35 real         9.40 user         0.83 sys
          4393009152  maximum resident set size
                   0  average shared memory size
                   0  average unshared data size
                   0  average unshared stack size
             1193961  page reclaims
                   0  page faults
                   0  swaps
                   0  block input operations
                   0  block output operations
                   0  messages sent
                   0  messages received
                   0  signals received
                   6  voluntary context switches
                2686  involuntary context switches
        176651157941  instructions retired
         45635575127  cycles elapsed
          5516808320  peak memory footprint
