1/2 recursive_segment_v2_detached_parent_prepare.test.detached parent prepares two genuine children with one exact routing plan...DETACHED_PARENT_CHILD_PHASE lane=1 prefix_ns=1249291 transcript_ns=145417 pcs_ns=32446625 boundary_ns=8750083 composition_ns=8049125
DETACHED_PARENT_CHILD lane=1 preparation_ns=50704583
DETACHED_PARENT_CHILD_PHASE lane=2 prefix_ns=1185459 transcript_ns=155291 pcs_ns=32103292 boundary_ns=8583083 composition_ns=7796875
DETACHED_PARENT_CHILD lane=2 preparation_ns=100559833
riscv_detached_arithmetic_fusion dot4_rows=11286 multiply_add_rows=52074
DETACHED_PARENT_ROW row=0 rows=428 logical_bytes=20544
DETACHED_PARENT_ROW row=1 rows=2951 logical_bytes=566592
DETACHED_PARENT_ROW row=2 rows=2951 logical_bytes=436748
DETACHED_PARENT_ROW row=3 rows=202 logical_bytes=29088
DETACHED_PARENT_ROW row=4 rows=21992 logical_bytes=1671392
DETACHED_PARENT_ROW row=5 rows=20440 logical_bytes=1716960
DETACHED_PARENT_ROW row=6 rows=2 logical_bytes=544
DETACHED_PARENT_ROW row=7 rows=2 logical_bytes=120
DETACHED_PARENT_ROW row=8 rows=94 logical_bytes=9400
DETACHED_PARENT_ROW row=9 rows=40 logical_bytes=5120
DETACHED_PARENT_ROW row=10 rows=4 logical_bytes=368
DETACHED_PARENT_ROW row=11 rows=42701 logical_bytes=3928492
DETACHED_PARENT_ROW row=12 rows=644 logical_bytes=255024
DETACHED_PARENT_ROW row=13 rows=44115 logical_bytes=1764600
DETACHED_PARENT_ROW row=14 rows=11286 logical_bytes=2437776
DETACHED_PARENT_ROW row=20 rows=6 logical_bytes=1776
DETACHED_PARENT_ROW row=21 rows=228 logical_bytes=95760
DETACHED_PARENT_ROW row=22 rows=40 logical_bytes=3040
DETACHED_PARENT_ROW row=23 rows=1614 logical_bytes=561672
DETACHED_PARENT_ROW row=24 rows=31292 logical_bytes=3254368
DETACHED_PARENT_ROW row=25 rows=192 logical_bytes=72192
DETACHED_PARENT_ROW row=26 rows=96 logical_bytes=16128
DETACHED_PARENT_ROW row=27 rows=96 logical_bytes=10752
DETACHED_PARENT_ROW row=28 rows=108 logical_bytes=9504
DETACHED_PARENT_ROW row=29 rows=1314 logical_bytes=157680
DETACHED_PARENT_ROW row=30 rows=114608 logical_bytes=12377664
DETACHED_PARENT_ROW row=31 rows=3221 logical_bytes=412288
DETACHED_PARENT_ROW row=32 rows=83737 logical_bytes=17082348
DETACHED_PARENT_ROW row=33 rows=1224 logical_bytes=225216
DETACHED_PARENT_PREPARATION rows_bytes=47123156 providers=6721 graph_ns=148088750 snapshot_pending=true
DETACHED_PARENT_EXACT_CLOSURE .{ .contribution_count = 1121856, .unmatched_tuple_count = 0, .unmatched_by_domain = { 0, 0, 0, 0, 0, 0, 0, 0, 0, 0, 0, 0, 0, 0, 0, 0, 0, 0, 0, 0, 0, 0, 0, 0, 0, 0, 0, 0, 0, 0, 0, 0, 0, 0, 0, 0, 0, 0, 0, 0, 0, 0, 0, 0, 0, 0, 0 } }
TUPLE_UNMATCHED domain=recursion_statement_word key=03000000030000009c0100008936e33700000000000000000000000000000000 residual={ .{ .v = 1 }, .{ .v = 0 }, .{ .v = 0 }, .{ .v = 0 } } compact=true namespace=packed_maps
TUPLE_UNMATCHED domain=recursion_statement_word key=03000000030000009c0100008836e33700000000000000000000000000000000 residual={ .{ .v = 2147483646 }, .{ .v = 0 }, .{ .v = 0 }, .{ .v = 0 } } compact=true namespace=packed_maps
DETACHED_PARENT_MAIN_FINALIZATION cold_columns_equal=true exact_closure_equal=true failed_columns_zeroed=true failed_state_unpublished=true retry_closed=true
DETACHED_PARENT_ACTUAL_PREPARE preparation_ns=188224916 child_owners_destroyed=true root_words=436 proof_verified=false
OK
2/2 recursive_segment_v2_detached_parent_prepared_test.test.detached parent snapshots typed rows and rejects mutable ingress and inactive claims...OK
All 2 tests passed.
