cuda arena search initial_bytes=33148566480 lower_bound_bytes=32630878188 best_bytes=33148566448 slots=185
cuda arena search initial_bytes=44229177920 lower_bound_bytes=43711489616 best_bytes=44229177888 slots=193
cairo-cuda arena reservation bytes=44229177888 slots=193
cairo-cuda arena slot=1 bytes=131481176 offset=16178736896 lifetime=ingress..trace_generation
cairo-cuda arena slot=3 bytes=748060700 offset=15430675968 lifetime=ingress..trace_generation
cairo-cuda arena slot=6 bytes=11638008064 offset=0 lifetime=trace_generation..trace_commit
cairo-cuda arena slot=7 bytes=3792667716 offset=11638008064 lifetime=trace_generation..trace_generation
cairo-cuda arena slot=16 bytes=224919552 offset=43706166528 lifetime=trace_commit..trace_commit
cairo-cuda arena slot=27 bytes=3825205248 offset=0 lifetime=constraint_evaluation..constraint_evaluation
cairo-cuda arena slot=32 bytes=536869376 offset=10812374528 lifetime=constraint_evaluation..constraint_evaluation
cairo-cuda arena slot=33 bytes=134217728 offset=43931086080 lifetime=ingress..proof_assembly
cairo-cuda arena slot=34 bytes=134217728 offset=44065303808 lifetime=ingress..proof_assembly
cairo-cuda arena slot=35 bytes=402653184 offset=43303513344 lifetime=trace_commit..trace_commit
cairo-cuda arena slot=36 bytes=402653184 offset=41827118336 lifetime=trace_commit..trace_commit
cairo-cuda arena slot=37 bytes=2172402112 offset=25140057856 lifetime=ingress..proof_assembly
cairo-cuda arena slot=38 bytes=4344804224 offset=20795253504 lifetime=ingress..proof_assembly
cairo-cuda arena slot=41 bytes=4294967264 offset=31891082752 lifetime=ingress..proof_assembly
cairo-cuda arena slot=44 bytes=4578622720 offset=27312460032 lifetime=trace_generation..oods
cairo-cuda arena slot=45 bytes=9157245440 offset=11638008064 lifetime=trace_commit..decommit
cairo-cuda arena slot=48 bytes=1073741792 offset=40753376512 lifetime=trace_commit..decommit
cairo-cuda arena slot=51 bytes=3493584640 offset=36186050048 lifetime=trace_commit..oods
cairo-cuda arena slot=52 bytes=6987169280 offset=3825205248 lifetime=trace_commit..decommit
cairo-cuda arena slot=55 bytes=1073741792 offset=42229771520 lifetime=trace_commit..decommit
cairo-cuda arena slot=58 bytes=268435456 offset=11349243904 lifetime=constraint_evaluation..decommit
cairo-cuda arena slot=59 bytes=536870912 offset=43303513344 lifetime=constraint_evaluation..decommit
cairo-cuda arena slot=62 bytes=1073741792 offset=39679634688 lifetime=trace_commit..decommit
cairo-cuda arena slot=77 bytes=513409024 offset=0 lifetime=oods..oods
cairo-cuda arena slot=78 bytes=513409024 offset=513409024 lifetime=oods..oods
cairo-cuda arena slot=93 bytes=402652416 offset=0 lifetime=quotient..quotient
cairo-cuda arena slot=94 bytes=268435456 offset=2248146944 lifetime=quotient..decommit
cairo-cuda arena slot=95 bytes=134217728 offset=402652416 lifetime=quotient..quotient
cairo-cuda arena slot=99 bytes=1073741792 offset=268435456 lifetime=fri_commit..decommit
cairo-cuda arena slot=101 bytes=134217728 offset=2013265920 lifetime=fri_commit..decommit
cairo-cuda arena slot=102 bytes=536870880 offset=1342177280 lifetime=fri_commit..decommit
cairo-cuda arena slot=104 bytes=67108864 offset=2618660608 lifetime=fri_commit..decommit
cairo-cuda arena slot=105 bytes=268435424 offset=0 lifetime=fri_commit..decommit
cairo-cuda arena slot=108 bytes=134217696 offset=1879048192 lifetime=fri_commit..decommit
cairo-cuda phase=allocate_arena failed: InsufficientDeviceMemory
error: InsufficientDeviceMemory
