test-riscv-cpu-product
+- riscv test suite guard failure
error: -Driscv-test-filter='report' matched no test name in any suite of this step.
  The compiler dropped every named test, leaving only unnamed aggregation
  blocks, so the suite exits 0 without proving anything. Correct the filter
  text, or drop the flag to run the step's own pinned scope.
aggregate coverage gate failed: production AIR program for add is not canonically bound to the current source tree
test-riscv-cpu-product
+- run python3 failure
error: the following command exited with error code 1:
python3 scripts/riscv_opcode_coverage.py check
test-riscv-cpu-product
+- riscv test suite guard
   +- run test
      +- compile test ReleaseSafe native 1 errors
src/integrations/riscv_cpu/proof_adapter/benchmark_report.zig:142:25: error: expected ',' after field
    blake3: bool = false;
                        ^
src/integrations/riscv_cpu/proof_adapter/benchmark_report.zig:142:5: note: use 'var' or 'const' to declare variable
    blake3: bool = false;
    ^~~~~~
error: the following command failed with 1 compilation errors:
/opt/homebrew/Cellar/zig@0.15/0.15.2/bin/zig test -OReleaseSafe --dep stwo_core --dep stwo_backend_contracts --dep stwo_prover_api --dep stwo_prover_engine --dep stwo --dep riscv_cpu_capabilities --dep build_identity -Mroot=/Users/theodorepender/code/cryptography/stwo-zig/src/integrations/riscv_cpu/proof_adapter.zig -OReleaseSafe -Mstwo_core=/Users/theodorepender/code/cryptography/stwo-zig/src/core/mod.zig -OReleaseSafe --dep stwo_core -Mstwo_backend_contracts=/Users/theodorepender/code/cryptography/stwo-zig/src/backend/mod.zig -OReleaseSafe --dep stwo_core -Mstwo_prover_api=/Users/theodorepender/code/cryptography/stwo-zig/src/prover_api/mod.zig -OReleaseSafe --dep stwo_core --dep stwo_backend_contracts --dep stwo_prover_api -Mstwo_prover_engine=/Users/theodorepender/code/cryptography/stwo-zig/src/prover/mod.zig -OReleaseSafe --dep stwo_core --dep stwo_backend_contracts --dep stwo_prover_api --dep stwo_prover_engine --dep stwo_proof_wire --dep stwo_cpu_backend --dep stwo_riscv_frontend --dep interop_postcard --dep stwo_riscv_cpu_integration -Mstwo=/Users/theodorepender/code/cryptography/stwo-zig/src/stwo_riscv_cpu.zig -OReleaseSafe -Mriscv_cpu_capabilities=/Users/theodorepender/code/cryptography/stwo-zig/src/products/riscv_cpu/capabilities.zig -Mbuild_identity=.zig-cache/products/riscv_cpu/c/817fe174139a894c87c9ff3e8781905b/options.zig -OReleaseSafe --dep stwo_core -Mstwo_proof_wire=/Users/theodorepender/code/cryptography/stwo-zig/src/interop/proof_wire/mod.zig -OReleaseSafe --dep stwo_core --dep stwo_backend_contracts --dep stwo_prover_api --dep stwo_prover_engine -Mstwo_cpu_backend=/Users/theodorepender/code/cryptography/stwo-zig/src/backends/cpu_scalar/mod.zig -OReleaseSafe --dep stwo_core --dep stwo_backend_contracts --dep stwo_prover_api --dep stwo_prover_engine --dep interop_postcard -Mstwo_riscv_frontend=/Users/theodorepender/code/cryptography/stwo-zig/src/frontends/riscv/mod.zig -OReleaseSafe --dep stwo_core --dep stwo_proof_wire -Minterop_postcard=/Users/theodorepender/code/cryptography/stwo-zig/src/interop/postcard.zig -OReleaseSafe --dep stwo_core --dep stwo_prover_api --dep stwo_prover_engine --dep stwo_cpu_backend --dep stwo_riscv_frontend --dep interop_postcard -Mstwo_riscv_cpu_integration=/Users/theodorepender/code/cryptography/stwo-zig/src/integrations/riscv_cpu/mod.zig --test-filter report --cache-dir .zig-cache/products/riscv_cpu --global-cache-dir /Users/theodorepender/.cache/zig --name test --zig-lib-dir /opt/homebrew/Cellar/zig@0.15/0.15.2/lib/zig/ --listen=-
test-riscv-cpu-product
+- riscv test suite guard
   +- run test
      +- compile test ReleaseSafe native 1 errors
src/integrations/riscv_cpu/proof_adapter/benchmark_report.zig:142:25: error: expected ',' after field
    blake3: bool = false;
                        ^
src/integrations/riscv_cpu/proof_adapter/benchmark_report.zig:142:5: note: use 'var' or 'const' to declare variable
    blake3: bool = false;
    ^~~~~~
error: the following command failed with 1 compilation errors:
/opt/homebrew/Cellar/zig@0.15/0.15.2/bin/zig test -OReleaseSafe --dep stwo_core --dep stwo_backend_contracts --dep stwo_prover_api --dep stwo_prover_engine --dep stwo_cpu_backend --dep stwo_riscv_frontend --dep interop_postcard --dep stwo_riscv_cpu_integration --dep stwo --dep stwo_riscv_cpu=stwo --dep riscv_adapter --dep riscv_cpu_capabilities --dep riscv_shared_app --dep riscv_shared_cli --dep riscv_shared_registry --dep output_transaction --dep build_identity --dep product_identity -Mroot=/Users/theodorepender/code/cryptography/stwo-zig/src/products/riscv_cpu/main.zig -OReleaseSafe -Mstwo_core=/Users/theodorepender/code/cryptography/stwo-zig/src/core/mod.zig -OReleaseSafe --dep stwo_core -Mstwo_backend_contracts=/Users/theodorepender/code/cryptography/stwo-zig/src/backend/mod.zig -OReleaseSafe --dep stwo_core -Mstwo_prover_api=/Users/theodorepender/code/cryptography/stwo-zig/src/prover_api/mod.zig -OReleaseSafe --dep stwo_core --dep stwo_backend_contracts --dep stwo_prover_api -Mstwo_prover_engine=/Users/theodorepender/code/cryptography/stwo-zig/src/prover/mod.zig -OReleaseSafe --dep stwo_core --dep stwo_backend_contracts --dep stwo_prover_api --dep stwo_prover_engine -Mstwo_cpu_backend=/Users/theodorepender/code/cryptography/stwo-zig/src/backends/cpu_scalar/mod.zig -OReleaseSafe --dep stwo_core --dep stwo_backend_contracts --dep stwo_prover_api --dep stwo_prover_engine --dep interop_postcard -Mstwo_riscv_frontend=/Users/theodorepender/code/cryptography/stwo-zig/src/frontends/riscv/mod.zig -OReleaseSafe --dep stwo_core --dep stwo_proof_wire -Minterop_postcard=/Users/theodorepender/code/cryptography/stwo-zig/src/interop/postcard.zig -OReleaseSafe --dep stwo_core --dep stwo_prover_api --dep stwo_prover_engine --dep stwo_cpu_backend --dep stwo_riscv_frontend --dep interop_postcard -Mstwo_riscv_cpu_integration=/Users/theodorepender/code/cryptography/stwo-zig/src/integrations/riscv_cpu/mod.zig -OReleaseSafe --dep stwo_core --dep stwo_backend_contracts --dep stwo_prover_api --dep stwo_prover_engine --dep stwo_proof_wire=stwo_proof_wire0 --dep stwo_cpu_backend=stwo_cpu_backend0 --dep stwo_riscv_frontend=stwo_riscv_frontend0 --dep interop_postcard=interop_postcard0 --dep stwo_riscv_cpu_integration=stwo_riscv_cpu_integration0 -Mstwo=/Users/theodorepender/code/cryptography/stwo-zig/src/stwo_riscv_cpu.zig -OReleaseSafe --dep stwo_core --dep stwo_backend_contracts --dep stwo_prover_api --dep stwo_prover_engine --dep stwo --dep riscv_cpu_capabilities --dep build_identity=build_identity0 -Mriscv_adapter=/Users/theodorepender/code/cryptography/stwo-zig/src/integrations/riscv_cpu/proof_adapter.zig -OReleaseSafe -Mriscv_cpu_capabilities=/Users/theodorepender/code/cryptography/stwo-zig/src/products/riscv_cpu/capabilities.zig -OReleaseSafe -Mriscv_shared_app=/Users/theodorepender/code/cryptography/stwo-zig/src/products/riscv_shared/app.zig -OReleaseSafe -Mriscv_shared_cli=/Users/theodorepender/code/cryptography/stwo-zig/src/products/riscv_shared/cli.zig -OReleaseSafe -Mriscv_shared_registry=/Users/theodorepender/code/cryptography/stwo-zig/src/products/riscv_shared/registry.zig -OReleaseSafe -Moutput_transaction=/Users/theodorepender/code/cryptography/stwo-zig/src/interop/output_transaction.zig -Mbuild_identity=.zig-cache/products/riscv_cpu/c/817fe174139a894c87c9ff3e8781905b/options.zig -Mproduct_identity=.zig-cache/products/riscv_cpu/c/0b1e6101d78dc6cbdeeb5884883d599b/options.zig -OReleaseSafe --dep stwo_core -Mstwo_proof_wire=/Users/theodorepender/code/cryptography/stwo-zig/src/interop/proof_wire/mod.zig -OReleaseSafe --dep stwo_core -Mstwo_proof_wire0=/Users/theodorepender/code/cryptography/stwo-zig/src/interop/proof_wire/mod.zig -OReleaseSafe --dep stwo_core --dep stwo_backend_contracts --dep stwo_prover_api --dep stwo_prover_engine -Mstwo_cpu_backend0=/Users/theodorepender/code/cryptography/stwo-zig/src/backends/cpu_scalar/mod.zig -OReleaseSafe --dep stwo_core --dep stwo_backend_contracts --dep stwo_prover_api --dep stwo_prover_engine --dep interop_postcard=interop_postcard0 -Mstwo_riscv_frontend0=/Users/theodorepender/code/cryptography/stwo-zig/src/frontends/riscv/mod.zig -OReleaseSafe --dep stwo_core --dep stwo_proof_wire=stwo_proof_wire0 -Minterop_postcard0=/Users/theodorepender/code/cryptography/stwo-zig/src/interop/postcard.zig -OReleaseSafe --dep stwo_core --dep stwo_prover_api --dep stwo_prover_engine --dep stwo_cpu_backend=stwo_cpu_backend0 --dep stwo_riscv_frontend=stwo_riscv_frontend0 --dep interop_postcard=interop_postcard0 -Mstwo_riscv_cpu_integration0=/Users/theodorepender/code/cryptography/stwo-zig/src/integrations/riscv_cpu/mod.zig -Mbuild_identity0=.zig-cache/products/riscv_cpu/c/817fe174139a894c87c9ff3e8781905b/options.zig --cache-dir .zig-cache/products/riscv_cpu --global-cache-dir /Users/theodorepender/.cache/zig --name test --zig-lib-dir /opt/homebrew/Cellar/zig@0.15/0.15.2/lib/zig/ --listen=-
test-riscv-cpu-product
+- riscv test suite guard
   +- run test stderr
minimal-capture-benchmark cycles=65532 rom_bytes=3350000 capture_ns=1354209 capture_cycles_per_second=48391349 replay_ns=4567625 replay_cycles_per_second=14347062
minimal-parallel-replay-benchmark leaves=256 cycles=16776192 workers=1 wall_ns=591170042 cycles_per_second=28377947 efficiency=1.000000
minimal-parallel-replay-benchmark leaves=256 cycles=16776192 workers=2 wall_ns=316217084 cycles_per_second=53052769 efficiency=0.934753
minimal-parallel-replay-benchmark leaves=256 cycles=16776192 workers=4 wall_ns=171859750 cycles_per_second=97615596 efficiency=0.859960
minimal-parallel-replay-benchmark leaves=256 cycles=16776192 workers=8 wall_ns=108776792 cycles_per_second=154225839 efficiency=0.679338
minimal-parallel-replay-benchmark leaves=256 cycles=16776192 workers=12 wall_ns=85365292 cycles_per_second=196522399 efficiency=0.577098
minimal-parallel-replay-benchmark leaves=256 cycles=16776192 workers=16 wall_ns=73332708 cycles_per_second=228768205 efficiency=0.503842
test-riscv-cpu-product
+- run python3
   +- compile exe stwo-zig-riscv-cpu-x86_64-linux-musl ReleaseFast x86_64-linux-musl 1 errors
src/integrations/riscv_cpu/proof_adapter/benchmark_report.zig:142:25: error: expected ',' after field
    blake3: bool = false;
                        ^
src/integrations/riscv_cpu/proof_adapter/benchmark_report.zig:142:5: note: use 'var' or 'const' to declare variable
    blake3: bool = false;
    ^~~~~~
error: the following command failed with 1 compilation errors:
/opt/homebrew/Cellar/zig@0.15/0.15.2/bin/zig build-exe -OReleaseFast -target x86_64-linux-musl -mcpu baseline --dep stwo_core --dep stwo_backend_contracts --dep stwo_prover_api --dep stwo_prover_engine --dep stwo --dep stwo_riscv_cpu=stwo --dep riscv_adapter --dep riscv_cpu_capabilities --dep riscv_shared_app --dep riscv_shared_cli --dep riscv_shared_registry --dep output_transaction --dep build_identity --dep product_identity -Mroot=/Users/theodorepender/code/cryptography/stwo-zig/src/products/riscv_cpu/main.zig -OReleaseFast -target x86_64-linux-musl -mcpu baseline -Mstwo_core=/Users/theodorepender/code/cryptography/stwo-zig/src/core/mod.zig -OReleaseFast -target x86_64-linux-musl -mcpu baseline --dep stwo_core -Mstwo_backend_contracts=/Users/theodorepender/code/cryptography/stwo-zig/src/backend/mod.zig -OReleaseFast -target x86_64-linux-musl -mcpu baseline --dep stwo_core -Mstwo_prover_api=/Users/theodorepender/code/cryptography/stwo-zig/src/prover_api/mod.zig -OReleaseFast -target x86_64-linux-musl -mcpu baseline --dep stwo_core --dep stwo_backend_contracts --dep stwo_prover_api -Mstwo_prover_engine=/Users/theodorepender/code/cryptography/stwo-zig/src/prover/mod.zig -OReleaseFast -target x86_64-linux-musl -mcpu baseline --dep stwo_core --dep stwo_backend_contracts --dep stwo_prover_api --dep stwo_prover_engine --dep stwo_proof_wire --dep stwo_cpu_backend --dep stwo_riscv_frontend --dep interop_postcard --dep stwo_riscv_cpu_integration -Mstwo=/Users/theodorepender/code/cryptography/stwo-zig/src/stwo_riscv_cpu.zig -OReleaseFast -target x86_64-linux-musl -mcpu baseline --dep stwo_core --dep stwo_backend_contracts --dep stwo_prover_api --dep stwo_prover_engine --dep stwo --dep riscv_cpu_capabilities --dep build_identity=build_identity0 -Mriscv_adapter=/Users/theodorepender/code/cryptography/stwo-zig/src/integrations/riscv_cpu/proof_adapter.zig -OReleaseFast -target x86_64-linux-musl -mcpu baseline -Mriscv_cpu_capabilities=/Users/theodorepender/code/cryptography/stwo-zig/src/products/riscv_cpu/capabilities.zig -OReleaseFast -target x86_64-linux-musl -mcpu baseline -Mriscv_shared_app=/Users/theodorepender/code/cryptography/stwo-zig/src/products/riscv_shared/app.zig -OReleaseFast -target x86_64-linux-musl -mcpu baseline -Mriscv_shared_cli=/Users/theodorepender/code/cryptography/stwo-zig/src/products/riscv_shared/cli.zig -OReleaseFast -target x86_64-linux-musl -mcpu baseline -Mriscv_shared_registry=/Users/theodorepender/code/cryptography/stwo-zig/src/products/riscv_shared/registry.zig -OReleaseFast -target x86_64-linux-musl -mcpu baseline -Moutput_transaction=/Users/theodorepender/code/cryptography/stwo-zig/src/interop/output_transaction.zig -Mbuild_identity=.zig-cache/products/riscv_cpu/c/817fe174139a894c87c9ff3e8781905b/options.zig -Mproduct_identity=.zig-cache/products/riscv_cpu/c/42c9651a547de6bba0ce2c863e99e6f9/options.zig -OReleaseFast -target x86_64-linux-musl -mcpu baseline --dep stwo_core -Mstwo_proof_wire=/Users/theodorepender/code/cryptography/stwo-zig/src/interop/proof_wire/mod.zig -OReleaseFast -target x86_64-linux-musl -mcpu baseline --dep stwo_core --dep stwo_backend_contracts --dep stwo_prover_api --dep stwo_prover_engine -Mstwo_cpu_backend=/Users/theodorepender/code/cryptography/stwo-zig/src/backends/cpu_scalar/mod.zig -OReleaseFast -target x86_64-linux-musl -mcpu baseline --dep stwo_core --dep stwo_backend_contracts --dep stwo_prover_api --dep stwo_prover_engine --dep interop_postcard -Mstwo_riscv_frontend=/Users/theodorepender/code/cryptography/stwo-zig/src/frontends/riscv/mod.zig -OReleaseFast -target x86_64-linux-musl -mcpu baseline --dep stwo_core --dep stwo_proof_wire -Minterop_postcard=/Users/theodorepender/code/cryptography/stwo-zig/src/interop/postcard.zig -OReleaseFast -target x86_64-linux-musl -mcpu baseline --dep stwo_core --dep stwo_prover_api --dep stwo_prover_engine --dep stwo_cpu_backend --dep stwo_riscv_frontend --dep interop_postcard -Mstwo_riscv_cpu_integration=/Users/theodorepender/code/cryptography/stwo-zig/src/integrations/riscv_cpu/mod.zig -Mbuild_identity0=.zig-cache/products/riscv_cpu/c/817fe174139a894c87c9ff3e8781905b/options.zig --cache-dir .zig-cache/products/riscv_cpu --global-cache-dir /Users/theodorepender/.cache/zig --name stwo-zig-riscv-cpu-x86_64-linux-musl -static --zig-lib-dir /opt/homebrew/Cellar/zig@0.15/0.15.2/lib/zig/ --listen=-
test-riscv-cpu-product
+- run python3
   +- compile exe stwo-zig-riscv-cpu ReleaseSafe native 1 errors
src/integrations/riscv_cpu/proof_adapter/benchmark_report.zig:142:25: error: expected ',' after field
    blake3: bool = false;
                        ^
src/integrations/riscv_cpu/proof_adapter/benchmark_report.zig:142:5: note: use 'var' or 'const' to declare variable
    blake3: bool = false;
    ^~~~~~
error: the following command failed with 1 compilation errors:
/opt/homebrew/Cellar/zig@0.15/0.15.2/bin/zig build-exe -OReleaseSafe --dep stwo_core --dep stwo_backend_contracts --dep stwo_prover_api --dep stwo_prover_engine --dep stwo --dep stwo_riscv_cpu=stwo --dep riscv_adapter --dep riscv_cpu_capabilities --dep riscv_shared_app --dep riscv_shared_cli --dep riscv_shared_registry --dep output_transaction --dep build_identity --dep product_identity -Mroot=/Users/theodorepender/code/cryptography/stwo-zig/src/products/riscv_cpu/main.zig -OReleaseSafe -Mstwo_core=/Users/theodorepender/code/cryptography/stwo-zig/src/core/mod.zig -OReleaseSafe --dep stwo_core -Mstwo_backend_contracts=/Users/theodorepender/code/cryptography/stwo-zig/src/backend/mod.zig -OReleaseSafe --dep stwo_core -Mstwo_prover_api=/Users/theodorepender/code/cryptography/stwo-zig/src/prover_api/mod.zig -OReleaseSafe --dep stwo_core --dep stwo_backend_contracts --dep stwo_prover_api -Mstwo_prover_engine=/Users/theodorepender/code/cryptography/stwo-zig/src/prover/mod.zig -OReleaseSafe --dep stwo_core --dep stwo_backend_contracts --dep stwo_prover_api --dep stwo_prover_engine --dep stwo_proof_wire --dep stwo_cpu_backend --dep stwo_riscv_frontend --dep interop_postcard --dep stwo_riscv_cpu_integration -Mstwo=/Users/theodorepender/code/cryptography/stwo-zig/src/stwo_riscv_cpu.zig -OReleaseSafe --dep stwo_core --dep stwo_backend_contracts --dep stwo_prover_api --dep stwo_prover_engine --dep stwo --dep riscv_cpu_capabilities --dep build_identity=build_identity0 -Mriscv_adapter=/Users/theodorepender/code/cryptography/stwo-zig/src/integrations/riscv_cpu/proof_adapter.zig -OReleaseSafe -Mriscv_cpu_capabilities=/Users/theodorepender/code/cryptography/stwo-zig/src/products/riscv_cpu/capabilities.zig -OReleaseSafe -Mriscv_shared_app=/Users/theodorepender/code/cryptography/stwo-zig/src/products/riscv_shared/app.zig -OReleaseSafe -Mriscv_shared_cli=/Users/theodorepender/code/cryptography/stwo-zig/src/products/riscv_shared/cli.zig -OReleaseSafe -Mriscv_shared_registry=/Users/theodorepender/code/cryptography/stwo-zig/src/products/riscv_shared/registry.zig -OReleaseSafe -Moutput_transaction=/Users/theodorepender/code/cryptography/stwo-zig/src/interop/output_transaction.zig -Mbuild_identity=.zig-cache/products/riscv_cpu/c/817fe174139a894c87c9ff3e8781905b/options.zig -Mproduct_identity=.zig-cache/products/riscv_cpu/c/4b870aceb2fb18a7f29c779280716ea1/options.zig -OReleaseSafe --dep stwo_core -Mstwo_proof_wire=/Users/theodorepender/code/cryptography/stwo-zig/src/interop/proof_wire/mod.zig -OReleaseSafe --dep stwo_core --dep stwo_backend_contracts --dep stwo_prover_api --dep stwo_prover_engine -Mstwo_cpu_backend=/Users/theodorepender/code/cryptography/stwo-zig/src/backends/cpu_scalar/mod.zig -OReleaseSafe --dep stwo_core --dep stwo_backend_contracts --dep stwo_prover_api --dep stwo_prover_engine --dep interop_postcard -Mstwo_riscv_frontend=/Users/theodorepender/code/cryptography/stwo-zig/src/frontends/riscv/mod.zig -OReleaseSafe --dep stwo_core --dep stwo_proof_wire -Minterop_postcard=/Users/theodorepender/code/cryptography/stwo-zig/src/interop/postcard.zig -OReleaseSafe --dep stwo_core --dep stwo_prover_api --dep stwo_prover_engine --dep stwo_cpu_backend --dep stwo_riscv_frontend --dep interop_postcard -Mstwo_riscv_cpu_integration=/Users/theodorepender/code/cryptography/stwo-zig/src/integrations/riscv_cpu/mod.zig -Mbuild_identity0=.zig-cache/products/riscv_cpu/c/817fe174139a894c87c9ff3e8781905b/options.zig --cache-dir .zig-cache/products/riscv_cpu --global-cache-dir /Users/theodorepender/.cache/zig --name stwo-zig-riscv-cpu --zig-lib-dir /opt/homebrew/Cellar/zig@0.15/0.15.2/lib/zig/ --listen=-
focused product does not use logical product ID stwo-riscv-cpu
test-riscv-cpu-product
+- run python3 failure
error: the following command exited with error code 1:
python3 scripts/check_riscv_cpu_product.py

Build Summary: 16/28 steps succeeded; 7 failed; 123/123 tests passed
test-riscv-cpu-product transitive failure
+- riscv test suite guard transitive failure
|  +- run test transitive failure
|  |  +- compile test ReleaseSafe native 1 errors
|  +- run test transitive failure
|     +- compile test ReleaseSafe native 1 errors
+- riscv test suite guard failure
+- run python3 failure
+- run python3 transitive failure
|  +- compile exe stwo-zig-riscv-cpu ReleaseSafe native 1 errors
|  +- compile exe stwo-zig-riscv-cpu-x86_64-linux-musl ReleaseFast x86_64-linux-musl 1 errors
+- run python3 failure

error: the following build command failed with exit code 1:
.zig-cache/products/riscv_cpu/o/9c8bc0da98e7fc7b1e7f7bf641b50c17/build /opt/homebrew/Cellar/zig@0.15/0.15.2/bin/zig /opt/homebrew/Cellar/zig@0.15/0.15.2/lib/zig /Users/theodorepender/code/cryptography/stwo-zig/build_support .zig-cache/products/riscv_cpu /Users/theodorepender/.cache/zig --seed 0x10da55ac -Zbe2ee3e810aad8d8 test-riscv-cpu-product -p /Users/theodorepender/code/cryptography/stwo-zig/zig-out -Drepository-root=/Users/theodorepender/code/cryptography/stwo-zig -Dproduct-scope=riscv_cpu -Doptimize=ReleaseSafe --maxrss 25769803776 -j1 -Driscv-test-filter=report -Dimplementation-commit=1c6c81ecf98813ca3c91988888d9f2af6474763e -Dimplementation-dirty=true -Dimplementation-tree=8a77dd1fb15f570f432fdd3720e456411ae1bbdb -Dimplementation-dirty-content-sha256=c6b318da0a91207ce94b6681c4c8b57aa67b03deeb278303abcff03d799787c6
test-riscv-cpu-product
+- run /opt/homebrew/Cellar/zig@0.15/0.15.2/bin/zig failure
error: the following command exited with error code 1:
/opt/homebrew/Cellar/zig@0.15/0.15.2/bin/zig build test-riscv-cpu-product --build-file /Users/theodorepender/code/cryptography/stwo-zig/build_support/internal_build.zig --cache-dir .zig-cache/products/riscv_cpu -p /Users/theodorepender/code/cryptography/stwo-zig/zig-out -Drepository-root=/Users/theodorepender/code/cryptography/stwo-zig -Dproduct-scope=riscv_cpu -Doptimize=ReleaseSafe --maxrss 25769803776 -j1 -Driscv-test-filter=report -Dimplementation-commit=1c6c81ecf98813ca3c91988888d9f2af6474763e -Dimplementation-dirty=true -Dimplementation-tree=8a77dd1fb15f570f432fdd3720e456411ae1bbdb -Dimplementation-dirty-content-sha256=c6b318da0a91207ce94b6681c4c8b57aa67b03deeb278303abcff03d799787c6

Build Summary: 0/2 steps succeeded; 1 failed
test-riscv-cpu-product transitive failure
+- run /opt/homebrew/Cellar/zig@0.15/0.15.2/bin/zig failure

error: the following build command failed with exit code 1:
.zig-cache/o/4b953a98f8a34eccb3e170f2f682e01b/build /opt/homebrew/Cellar/zig@0.15/0.15.2/bin/zig /opt/homebrew/Cellar/zig@0.15/0.15.2/lib/zig /Users/theodorepender/code/cryptography/stwo-zig .zig-cache /Users/theodorepender/.cache/zig --seed 0xc126c03 -Z1d593dcbaf494723 --maxrss 25769803776 -j1 test-riscv-cpu-product -Driscv-test-filter=report -Doptimize=ReleaseSafe --summary all
