SEGMENT_V2_LADDER mode=narrow_complete_proof requested_steps=64 native_backend=cpu memory_addresses=16
SEGMENT_V2_MEMORY_EXECUTION address_count=16 segment_cycles=64 cumulative_cycles=64 loads=21 stores=20 distinct_accessed=16 stride_bytes=128 entry_nonzero_words=0 exit_nonzero_words=16 exit_pc=1100
SEGMENT_V2_MEMORY_EXECUTION address_count=16 segment_cycles=16 cumulative_cycles=80 loads=5 stores=6 distinct_accessed=6 stride_bytes=128 entry_nonzero_words=16 exit_nonzero_words=16 exit_pc=1140
info: Columns: opcode=103 infra=481 total tree1=584 interaction=152
info: Poseidon2 Merkle: 569 exact sparse-node calls, poseidon_log_size=10, merkle_log_size=10
SEGMENT_V2_NATIVE_MEMORY backend=cpu scope=caller_allocator_payload excludes=size_routed_mmap_and_device producer_peak_bytes=462787676 producer_live_bytes_after_destroy=0 canonical_proof_bytes=29033

SEGMENT_V2_LADDER_NATIVE requested_steps=64 retired_cycles=64 continuation_cycles=16 trace_rows=64 native_backend=cpu native_queries=1 outer_queries=3 native_pcs_pow_bits=0 outer_pcs_pow_bits=0 program=lw_addi_sw_updates memory_addresses=16 native_prove_ms=2022.855 native_verify_ms=419.498 recursive_prepare_ms=141.648 native_proof_bytes=29033 native_tree_heights={ 21, 21, 21, 21 }

SEGMENT_V2_OUTER_PHASES role=producer scope=body_before_cleanup setup_ns=22708 tree0_prepare_ns=31560334 tree0_commit_ns=43526833 tree1_prepare_ns=32206542 tree1_commit_ns=48776208 transcript_prefix_ns=57691000 interaction_generate_ns=227342542 interaction_admit_closure_ns=88702958 transcript_tree2_commit_ns=63471667 components_ns=92752333 diagnostic_ns=42 stark_ns=464193750 phase_sum_ns=1150246917

SEGMENT_V2_OUTER_ARTIFACT_REJECTIONS truncated=true trailing=true

SEGMENT_V2_OUTER_PHASES role=verifier scope=body_before_cleanup preflight_ns=14334 preprocessed_root_ns=76302041 transcript_prefix_ns=58041542 interaction_regenerate_ns=197170792 interaction_validate_claims_ns=28784500 closure_ns=59777750 transcript_after_ns=31614666 components_ns=94257750 publication_authority_ns=29960959 stark_ns=6240000 publication_total_ns=36520416 phase_sum_ns=618684750

SEGMENT_V2_OUTER status=verified rows=39 domains=47 proof_size_estimate_bytes=78828 canonical_proof_bytes=92041 canonicalize_ms=4.232 prove_ms=1150.310 verify_ms=618.744 publication_ms=4.407 producer_prepare_ms=327.167 producer_destroy_ms=3.288 verifier_prepare_ms=332.494 decode_ms=0.312 stark_verify_ms=6.240 transaction_ms=2439.985 artifact_rejections_ms=0.674 producer_peak_bytes=112863784 producer_live_bytes_after_destroy=0 serialization_passes=1 retained_canonical_bytes=92041 verification=native_assisted_fresh_decode draws=1 cols=595/974/508 workers=1

SEGMENT_V2_LADDER_OUTER rows=39 domains=47 component_logs={ 9, 11, 11, 9, 13, 13, 4, 4, 4, 4, 4, 10, 5, 4, 4, 10, 5, 7, 13, 8, 4, 7, 6, 9, 14, 7, 4, 5, 6, 10, 14, 8, 15, 8, 11, 16, 10, 6, 8 } min_component_log=4 max_component_log=16 provider_log=11 samples=2245 queries=3 canonical_proof_bytes=92041 producer_live_bytes_after_destroy=0
SEGMENT_V2_LADDER status=verified requested_steps=64 native_backend=cpu memory_addresses=16 owners_destroyed=true
        5.04 real        24.83 user         0.34 sys
          1060913152  maximum resident set size
                   0  average shared memory size
                   0  average unshared data size
                   0  average unshared stack size
              173925  page reclaims
                   0  page faults
                   0  swaps
                   0  block input operations
                   0  block output operations
                   0  messages sent
                   0  messages received
                   0  signals received
                   0  voluntary context switches
               16172  involuntary context switches
        346577954218  instructions retired
         91494735144  cycles elapsed
          1058620784  peak memory footprint
