SEGMENT_V2_LADDER mode=narrow_complete_proof requested_steps=64 native_backend=cpu memory_addresses=4
SEGMENT_V2_MEMORY_EXECUTION address_count=4 segment_cycles=64 cumulative_cycles=64 loads=21 stores=20 distinct_accessed=4 stride_bytes=128 entry_nonzero_words=0 exit_nonzero_words=4 exit_pc=1100
SEGMENT_V2_MEMORY_EXECUTION address_count=4 segment_cycles=16 cumulative_cycles=80 loads=5 stores=6 distinct_accessed=4 stride_bytes=128 entry_nonzero_words=4 exit_nonzero_words=4 exit_pc=1140
info: Columns: opcode=103 infra=481 total tree1=584 interaction=152
info: Poseidon2 Merkle: 473 exact sparse-node calls, poseidon_log_size=9, merkle_log_size=9
SEGMENT_V2_NATIVE_MEMORY backend=cpu scope=caller_allocator_payload excludes=size_routed_mmap_and_device producer_peak_bytes=459835388 producer_live_bytes_after_destroy=0 canonical_proof_bytes=29085

SEGMENT_V2_LADDER_NATIVE requested_steps=64 retired_cycles=64 continuation_cycles=16 trace_rows=64 native_backend=cpu native_queries=1 outer_queries=3 native_pcs_pow_bits=0 outer_pcs_pow_bits=0 program=lw_addi_sw_updates memory_addresses=4 native_prove_ms=2016.348 native_verify_ms=407.255 recursive_prepare_ms=135.388 native_proof_bytes=29085 native_tree_heights={ 21, 21, 21, 21 }

SEGMENT_V2_OUTER_PHASES role=producer scope=body_before_cleanup setup_ns=22417 tree0_prepare_ns=28731417 tree0_commit_ns=44301958 tree1_prepare_ns=29182125 tree1_commit_ns=48612917 transcript_prefix_ns=51378416 interaction_generate_ns=208950209 interaction_admit_closure_ns=79522875 transcript_tree2_commit_ns=60218500 components_ns=82763875 diagnostic_ns=41 stark_ns=465676625 phase_sum_ns=1099361375

SEGMENT_V2_OUTER_ARTIFACT_REJECTIONS truncated=true trailing=true

SEGMENT_V2_OUTER_PHASES role=verifier scope=body_before_cleanup preflight_ns=14459 preprocessed_root_ns=75362041 transcript_prefix_ns=51059250 interaction_regenerate_ns=182199459 interaction_validate_claims_ns=25469000 closure_ns=53886416 transcript_after_ns=28226542 components_ns=83040167 publication_authority_ns=25458041 stark_ns=5677625 publication_total_ns=32337167 phase_sum_ns=562730167

SEGMENT_V2_OUTER status=verified rows=39 domains=47 proof_size_estimate_bytes=76636 canonical_proof_bytes=89467 canonicalize_ms=4.150 prove_ms=1099.424 verify_ms=562.780 publication_ms=4.415 producer_prepare_ms=308.623 producer_destroy_ms=1.622 verifier_prepare_ms=308.592 decode_ms=0.298 stark_verify_ms=5.678 transaction_ms=2287.610 artifact_rejections_ms=0.644 producer_peak_bytes=112573544 producer_live_bytes_after_destroy=0 serialization_passes=1 retained_canonical_bytes=89467 verification=native_assisted_fresh_decode draws=1 cols=595/974/508 workers=1

SEGMENT_V2_LADDER_OUTER rows=39 domains=47 component_logs={ 9, 11, 11, 9, 13, 13, 4, 4, 4, 4, 4, 10, 5, 4, 4, 10, 5, 7, 13, 8, 4, 7, 6, 9, 14, 7, 4, 5, 6, 10, 14, 8, 15, 8, 11, 16, 10, 6, 8 } min_component_log=4 max_component_log=16 provider_log=11 samples=2245 queries=3 canonical_proof_bytes=89467 producer_live_bytes_after_destroy=0
SEGMENT_V2_LADDER status=verified requested_steps=64 native_backend=cpu memory_addresses=4 owners_destroyed=true
        4.86 real        24.57 user         0.32 sys
          1058177024  maximum resident set size
                   0  average shared memory size
                   0  average unshared data size
                   0  average unshared stack size
              173749  page reclaims
                   0  page faults
                   0  swaps
                   0  block input operations
                   0  block output operations
                   0  messages sent
                   0  messages received
                   0  signals received
                   0  voluntary context switches
               14688  involuntary context switches
        342402599295  instructions retired
         90566695059  cycles elapsed
          1055835432  peak memory footprint
