1/7 blake3_metal_qualification_test_root.test.Metal canonical four-leaf BLAKE3 aggregation tree...BLAKE3_NATIVE_HASH_DEVICE covered=8/8
CANONICAL_PARENT_ALLOCATOR mode=smp
BLAKE3_NATIVE_QUERY_FUSION groups=7280 removed_scalars=29120
BLAKE3_NATIVE_FUSION dot4=14929 fma=56644 arithmetic_rows=159724
BLAKE3_NATIVE_QUERY_FUSION groups=7280 removed_scalars=29120
BLAKE3_NATIVE_FUSION dot4=14929 fma=56646 arithmetic_rows=159720
CANONICAL_TREE_LEAF_POOL workers=8
CANONICAL_TREE_PHASE phase=leaf_pair_proof_and_preparation ns=4917563541
METAL_FRAMEWORK_INTERACTION rows=4194304 batches=28 gpu_ms=116.13475001649931
METAL_FRAMEWORK_INTERACTION rows=2097152 batches=4 gpu_ms=4.422124999109656
METAL_FRAMEWORK_INTERACTION rows=2097152 batches=1 gpu_ms=3.020499978447333
METAL_FRAMEWORK_INTERACTION rows=1048576 batches=2 gpu_ms=1.9506666576489806
METAL_FRAMEWORK_INTERACTION rows=262144 batches=2 gpu_ms=0.3376666863914579
CANONICAL_TREE_PHASE phase=aggregate_proof_and_checks height=1 ns=5451172208
BLAKE3_TREE_NODE verified=true height=1 artifact_bytes=845993 queries=70 pow_bits=26
BLAKE3_NATIVE_QUERY_FUSION groups=7420 removed_scalars=29680
BLAKE3_NATIVE_FUSION dot4=13774 fma=56458 arithmetic_rows=157859
BLAKE3_NATIVE_QUERY_FUSION groups=8260 removed_scalars=33040
BLAKE3_NATIVE_FUSION dot4=17883 fma=58717 arithmetic_rows=167838
CANONICAL_TREE_LEAF_POOL workers=8
CANONICAL_TREE_PHASE phase=leaf_pair_proof_and_preparation ns=5269080666
METAL_FRAMEWORK_INTERACTION rows=4194304 batches=28 gpu_ms=116.84320835047401
METAL_FRAMEWORK_INTERACTION rows=2097152 batches=4 gpu_ms=4.474375018617138
METAL_FRAMEWORK_INTERACTION rows=2097152 batches=1 gpu_ms=3.1475416617468
METAL_FRAMEWORK_INTERACTION rows=1048576 batches=2 gpu_ms=1.9598749931901693
METAL_FRAMEWORK_INTERACTION rows=262144 batches=2 gpu_ms=0.2732499851845205
CANONICAL_TREE_PHASE phase=aggregate_proof_and_checks height=1 ns=5464356208
BLAKE3_TREE_NODE verified=true height=1 artifact_bytes=849496 queries=70 pow_bits=26
BLAKE3_NATIVE_QUERY_FUSION groups=17570 removed_scalars=70280
BLAKE3_NATIVE_FUSION dot4=27604 fma=81749 arithmetic_rows=230269
BLAKE3_NATIVE_QUERY_FUSION groups=17570 removed_scalars=70280
BLAKE3_NATIVE_FUSION dot4=27604 fma=81749 arithmetic_rows=230269
CANONICAL_TREE_CHILD_PREPARATION workers=2 reused_after_failure=true
CANONICAL_TREE_PHASE phase=root_preparation ns=3820005292
METAL_FRAMEWORK_INTERACTION rows=8388608 batches=28 gpu_ms=233.02987500210293
METAL_FRAMEWORK_INTERACTION rows=2097152 batches=4 gpu_ms=4.9211666628252715
METAL_FRAMEWORK_INTERACTION rows=2097152 batches=1 gpu_ms=3.0103333410806954
METAL_FRAMEWORK_INTERACTION rows=2097152 batches=2 gpu_ms=3.941583330743015
METAL_FRAMEWORK_INTERACTION rows=524288 batches=2 gpu_ms=0.5414166662376374
CANONICAL_TREE_PHASE phase=aggregate_proof_and_checks height=2 ns=12307372250
BLAKE3_TREE_NODE verified=true height=2 artifact_bytes=889364 queries=70 pow_bits=26
CANONICAL_TREE_BUDGET peak_bytes=26459992736 limit_bytes=51539607552
BLAKE3_TREE_PARAMETERS leaf_queries=70 leaf_pow_bits=26 parent_queries=70 parent_pow_bits=26 canonical=true
BLAKE3_TREE verified=true leaves=4 aggregate_levels=2 cycles=6 retained_root_rows=4199425192
OK
2/7 runner.mod.test_0...OK
3/7 runner.decode.test_0...OK
4/7 air.memory_commitment.poseidon2_air.test_0...OK
5/7 air.semantic_eval.test_0...OK
6/7 air.lookups.tables.source_ingest.test_0...OK
7/7 diagnostics.mod.test_0...OK
All 7 tests passed.
       38.62 real        65.73 user         9.92 sys
         37118443520  maximum resident set size
                   0  average shared memory size
                   0  average unshared data size
                   0  average unshared stack size
            10155915  page reclaims
                   0  page faults
                   0  swaps
                   0  block input operations
                   0  block output operations
                   0  messages sent
                   0  messages received
                   0  signals received
                   0  voluntary context switches
               39832  involuntary context switches
        843667965055  instructions retired
        319429617430  cycles elapsed
         39162388384  peak memory footprint
