BLAKE3_WITNESS_STAGE_PROFILE {"schema_version":1,"runtime":"host","example":"blake3-ethereum-witness","stages":[{"id":"witness.precompile","label":"Preflight and precompile witness","seconds":0.010397,"children":null},{"id":"witness.memory","label":"Memory commitment plan","seconds":0.001844,"children":null},{"id":"witness.hashes","label":"Hash columns and witness","seconds":0.037649,"children":null},{"id":"witness.native","label":"Native execution columns","seconds":0.000884,"children":null},{"id":"witness.lookup_counts","label":"Shared lookup counts and statement","seconds":0.015954,"children":null}]}
full-width witness: steps=1828 hash_counts={ 63000, 18000, 21360, 11097, 848, 303, 303, 404 } hash_logs={ 16, 15, 15, 14, 10, 9, 9, 9 } live=81843432 peak=101015817
full-width shared-path geometry [program, initial, final]: { .{ .words = 404, .independent_compressions = 98576, .shared_compressions = 4894, .proved_compressions = 0, .leaves = 1616, .parents = 1639, .frontier = 24 }, .{ .words = 136, .independent_compressions = 8296, .shared_compressions = 516, .proved_compressions = 516, .leaves = 136, .parents = 190, .frontier = 55 }, .{ .words = 167, .independent_compressions = 10187, .shared_compressions = 609, .proved_compressions = 609, .leaves = 167, .parents = 221, .frontier = 55 } }
METAL_STREAM_LEAVES columns=213 log=19 tile_log=17 scratch_bytes=67108864 working_bytes=46137344 dispatches=4 overlap=true gpu_ms=6.513
full-width admission: live=82523556 peak=175685445
METAL_STREAM_LEAVES columns=213 log=19 tile_log=17 scratch_bytes=67108864 working_bytes=46137344 dispatches=4 overlap=true gpu_ms=6.477
METAL_STREAM_LEAVES columns=6781 log=19 tile_log=16 scratch_bytes=67108864 working_bytes=44040192 dispatches=224 overlap=true gpu_ms=27.267
METAL_FRAMEWORK_INTERACTION rows=65536 batches=31 gpu_ms=2.281499997479841
METAL_FRAMEWORK_INTERACTION rows=32768 batches=4 gpu_ms=0.1387916854582727
METAL_FRAMEWORK_INTERACTION rows=32768 batches=1 gpu_ms=0.04212500061839819
METAL_FRAMEWORK_INTERACTION rows=16384 batches=2 gpu_ms=0.060375023167580366
METAL_FRAMEWORK_INTERACTION rows=1024 batches=2 gpu_ms=0.028624985134229064
METAL_FRAMEWORK_INTERACTION rows=512 batches=1 gpu_ms=0.027666654204949737
METAL_FRAMEWORK_INTERACTION rows=512 batches=2 gpu_ms=0.035375007428228855
METAL_FRAMEWORK_INTERACTION rows=512 batches=1 gpu_ms=0.015999976312741637
METAL_STREAM_LEAVES columns=7224 log=19 tile_log=16 scratch_bytes=67108864 working_bytes=44040192 dispatches=240 overlap=true gpu_ms=19.867
METAL_FRAMEWORK_COMPOSITION components=8 groups=5 gpu_ms=3.787
SAMPLED_DISPATCH backend=commit_backend.MetalCommitBackend coefficient=true barycentric=true mixed=true
SAMPLED_TREE index=0 coefficients=true columns=213 max_log=19
SAMPLED_TREE index=1 coefficients=true columns=6781 max_log=19
SAMPLED_TREE index=2 coefficients=true columns=7224 max_log=19
SAMPLED_TREE index=3 coefficients=true columns=8 max_log=19
BLAKE3_EXECUTION_STAGE_PROFILE {"schema_version":1,"runtime":"native","example":"blake3-extension","stages":[{"id":"execution.fixed","label":"Admission and fixed commitment","seconds":0.036304,"children":null},{"id":"execution.main","label":"Main commitment","seconds":0.085904,"children":null},{"id":"execution.native_interaction","label":"Native interaction generation","seconds":0.012906,"children":null},{"id":"execution.hash_interaction","label":"Hash interaction generation","seconds":0.016622,"children":null},{"id":"execution.extension_interaction","label":"Precompile interaction generation","seconds":0.016315,"children":null},{"id":"execution.interaction_commit","label":"Interaction closure and commitment","seconds":0.071095,"children":null},{"id":"execution.core","label":"Core STARK proof","seconds":0.244674,"children":[{"id":"draw_random_coeff","label":"Draw random coefficient","seconds":0,"children":null},{"id":"composition_trace_extract","label":"Composition trace extract","seconds":0.000057,"children":null},{"id":"composition_evaluation","label":"Composition evaluation","seconds":0.063794,"children":null},{"id":"composition_interpolate_and_split","label":"Composition interpolate and split","seconds":0.001354,"children":null},{"id":"composition_commit","label":"Composition commit","seconds":0.001741,"children":null},{"id":"oods_point_and_mask_points","label":"OODS point and mask points","seconds":0.000708,"children":null},{"id":"sampled_value_evaluation","label":"Sampled-value evaluation","seconds":0.02893,"children":null},{"id":"sampled_value_channel_mix","label":"Sampled-value channel mix","seconds":0.000944,"children":null},{"id":"fri_quotient_build_and_commit","label":"FRI quotient build + commit (lazy)","seconds":0.089812,"children":null},{"id":"proof_of_work","label":"Proof of work","seconds":0.049557,"children":null},{"id":"fri_decommit","label":"FRI decommit","seconds":0.001813,"children":null},{"id":"trace_decommit","label":"Trace decommit","seconds":0.002832,"children":null},{"id":"constraint_check_and_assembly","label":"Constraint check and assembly","seconds":0.000833,"children":null}]}]}
