METAL_STREAM_LEAVES columns=137 log=21 tile_log=17 scratch_bytes=67108864 working_bytes=46137344 dispatches=32 overlap=true gpu_ms=6.416
METAL_STREAM_LEAVES columns=137 log=21 tile_log=17 scratch_bytes=67108864 working_bytes=46137344 dispatches=32 overlap=true gpu_ms=6.369
METAL_STREAM_LEAVES columns=607 log=21 tile_log=17 scratch_bytes=67108864 working_bytes=62914560 dispatches=144 overlap=true gpu_ms=23.881
METAL_FRAMEWORK_INTERACTION rows=1048576 batches=31 gpu_ms=33.744624990504235
METAL_FRAMEWORK_INTERACTION rows=262144 batches=4 gpu_ms=0.44533333857543766
METAL_FRAMEWORK_INTERACTION rows=262144 batches=1 gpu_ms=0.26179166161455214
METAL_FRAMEWORK_INTERACTION rows=131072 batches=2 gpu_ms=0.36104166065342724
METAL_FRAMEWORK_INTERACTION rows=1024 batches=2 gpu_ms=0.051666691433638334
METAL_FRAMEWORK_INTERACTION rows=4096 batches=1 gpu_ms=0.03125000512227416
METAL_FRAMEWORK_INTERACTION rows=4096 batches=2 gpu_ms=0.07091666338965297
METAL_FRAMEWORK_INTERACTION rows=4096 batches=1 gpu_ms=0.036708341212943196
METAL_STREAM_LEAVES columns=564 log=21 tile_log=17 scratch_bytes=67108864 working_bytes=62914560 dispatches=160 overlap=true gpu_ms=18.565
METAL_FRAMEWORK_COMPOSITION components=8 groups=5 gpu_ms=55.712
SAMPLED_DISPATCH backend=commit_backend.MetalCommitBackend coefficient=true barycentric=true mixed=true
SAMPLED_TREE index=0 coefficients=true columns=137 max_log=21
SAMPLED_TREE index=1 coefficients=true columns=607 max_log=21
SAMPLED_TREE index=2 coefficients=false columns=564 max_log=21
SAMPLED_TREE index=3 coefficients=true columns=8 max_log=21
METAL_HOST_BARYCENTRIC staging_bytes=67108864 commands=55 columns=984 points=28 gpu_ms=7.640
BLAKE3_EXECUTION_STAGE_PROFILE {"schema_version":1,"runtime":"native","example":"blake3-execution","stages":[{"id":"execution.fixed","label":"Admission and fixed commitment","seconds":0.091632,"children":null},{"id":"execution.main","label":"Main commitment","seconds":0.194011,"children":null},{"id":"execution.native_interaction","label":"Native interaction generation","seconds":0.021297,"children":null},{"id":"execution.hash_interaction","label":"Hash interaction generation","seconds":0.140854,"children":null},{"id":"execution.interaction_commit","label":"Interaction closure and commitment","seconds":0.203302,"children":null},{"id":"execution.core","label":"Core STARK proof","seconds":0.475835,"children":[{"id":"draw_random_coeff","label":"Draw random coefficient","seconds":0,"children":null},{"id":"composition_trace_extract","label":"Composition trace extract","seconds":0.000007,"children":null},{"id":"composition_evaluation","label":"Composition evaluation","seconds":0.254041,"children":null},{"id":"composition_interpolate_and_split","label":"Composition interpolate and split","seconds":0.013946,"children":null},{"id":"composition_commit","label":"Composition commit","seconds":0.006578,"children":null},{"id":"oods_point_and_mask_points","label":"OODS point and mask points","seconds":0.000259,"children":null},{"id":"sampled_value_evaluation","label":"Sampled-value evaluation","seconds":0.068246,"children":null},{"id":"sampled_value_channel_mix","label":"Sampled-value channel mix","seconds":0.000048,"children":null},{"id":"fri_quotient_build_and_commit","label":"FRI quotient build + commit (lazy)","seconds":0.078201,"children":null},{"id":"proof_of_work","label":"Proof of work","seconds":0.037941,"children":null},{"id":"fri_decommit","label":"FRI decommit","seconds":0.002071,"children":null},{"id":"trace_decommit","label":"Trace decommit","seconds":0.001761,"children":null},{"id":"constraint_check_and_assembly","label":"Constraint check and assembly","seconds":0.000226,"children":null}]}]}
METAL_STREAM_LEAVES columns=137 log=21 tile_log=17 scratch_bytes=67108864 working_bytes=46137344 dispatches=32 overlap=true gpu_ms=5.453
METAL_STREAM_LEAVES columns=137 log=21 tile_log=17 scratch_bytes=67108864 working_bytes=46137344 dispatches=32 overlap=true gpu_ms=6.932
METAL_STREAM_LEAVES columns=607 log=21 tile_log=17 scratch_bytes=67108864 working_bytes=62914560 dispatches=144 overlap=true gpu_ms=24.870
METAL_FRAMEWORK_INTERACTION rows=1048576 batches=31 gpu_ms=36.13737499108538
METAL_FRAMEWORK_INTERACTION rows=262144 batches=4 gpu_ms=0.4609166644513607
METAL_FRAMEWORK_INTERACTION rows=262144 batches=1 gpu_ms=0.29858332709409297
METAL_FRAMEWORK_INTERACTION rows=131072 batches=2 gpu_ms=0.3367500030435622
METAL_FRAMEWORK_INTERACTION rows=1024 batches=2 gpu_ms=0.05316667375154793
METAL_FRAMEWORK_INTERACTION rows=4096 batches=1 gpu_ms=0.05212498945184052
METAL_FRAMEWORK_INTERACTION rows=4096 batches=2 gpu_ms=0.03987498348578811
METAL_FRAMEWORK_INTERACTION rows=4096 batches=1 gpu_ms=0.021624990040436387
METAL_STREAM_LEAVES columns=564 log=21 tile_log=17 scratch_bytes=67108864 working_bytes=62914560 dispatches=160 overlap=true gpu_ms=18.632
METAL_FRAMEWORK_COMPOSITION components=8 groups=5 gpu_ms=56.775
SAMPLED_DISPATCH backend=commit_backend.MetalCommitBackend coefficient=true barycentric=true mixed=true
SAMPLED_TREE index=0 coefficients=true columns=137 max_log=21
SAMPLED_TREE index=1 coefficients=true columns=607 max_log=21
SAMPLED_TREE index=2 coefficients=false columns=564 max_log=21
SAMPLED_TREE index=3 coefficients=true columns=8 max_log=21
METAL_HOST_BARYCENTRIC staging_bytes=67108864 commands=55 columns=984 points=28 gpu_ms=7.514
BLAKE3_EXECUTION_STAGE_PROFILE {"schema_version":1,"runtime":"native","example":"blake3-execution","stages":[{"id":"execution.fixed","label":"Admission and fixed commitment","seconds":0.093365,"children":null},{"id":"execution.main","label":"Main commitment","seconds":0.191854,"children":null},{"id":"execution.native_interaction","label":"Native interaction generation","seconds":0.018643,"children":null},{"id":"execution.hash_interaction","label":"Hash interaction generation","seconds":0.134885,"children":null},{"id":"execution.interaction_commit","label":"Interaction closure and commitment","seconds":0.201691,"children":null},{"id":"execution.core","label":"Core STARK proof","seconds":0.441247,"children":[{"id":"draw_random_coeff","label":"Draw random coefficient","seconds":0,"children":null},{"id":"composition_trace_extract","label":"Composition trace extract","seconds":0.000005,"children":null},{"id":"composition_evaluation","label":"Composition evaluation","seconds":0.222379,"children":null},{"id":"composition_interpolate_and_split","label":"Composition interpolate and split","seconds":0.008794,"children":null},{"id":"composition_commit","label":"Composition commit","seconds":0.006137,"children":null},{"id":"oods_point_and_mask_points","label":"OODS point and mask points","seconds":0.000222,"children":null},{"id":"sampled_value_evaluation","label":"Sampled-value evaluation","seconds":0.072417,"children":null},{"id":"sampled_value_channel_mix","label":"Sampled-value channel mix","seconds":0.000049,"children":null},{"id":"fri_quotient_build_and_commit","label":"FRI quotient build + commit (lazy)","seconds":0.077814,"children":null},{"id":"proof_of_work","label":"Proof of work","seconds":0.036875,"children":null},{"id":"fri_decommit","label":"FRI decommit","seconds":0.001902,"children":null},{"id":"trace_decommit","label":"Trace decommit","seconds":0.001988,"children":null},{"id":"constraint_check_and_assembly","label":"Constraint check and assembly","seconds":0.000208,"children":null}]}]}
METAL_STREAM_LEAVES columns=137 log=21 tile_log=17 scratch_bytes=67108864 working_bytes=46137344 dispatches=32 overlap=true gpu_ms=5.326
METAL_STREAM_LEAVES columns=137 log=21 tile_log=17 scratch_bytes=67108864 working_bytes=46137344 dispatches=32 overlap=true gpu_ms=4.887
METAL_STREAM_LEAVES columns=607 log=21 tile_log=17 scratch_bytes=67108864 working_bytes=62914560 dispatches=144 overlap=true gpu_ms=24.858
METAL_FRAMEWORK_INTERACTION rows=1048576 batches=31 gpu_ms=34.37087498605251
METAL_FRAMEWORK_INTERACTION rows=262144 batches=4 gpu_ms=0.4597916849888861
METAL_FRAMEWORK_INTERACTION rows=262144 batches=1 gpu_ms=0.24612498236820102
METAL_FRAMEWORK_INTERACTION rows=131072 batches=2 gpu_ms=0.37054167478345335
METAL_FRAMEWORK_INTERACTION rows=1024 batches=2 gpu_ms=0.04983332473784685
METAL_FRAMEWORK_INTERACTION rows=4096 batches=1 gpu_ms=0.053833326091989875
METAL_FRAMEWORK_INTERACTION rows=4096 batches=2 gpu_ms=0.07220834959298372
METAL_FRAMEWORK_INTERACTION rows=4096 batches=1 gpu_ms=0.021083338651806116
METAL_STREAM_LEAVES columns=564 log=21 tile_log=17 scratch_bytes=67108864 working_bytes=62914560 dispatches=160 overlap=true gpu_ms=18.518
METAL_FRAMEWORK_COMPOSITION components=8 groups=5 gpu_ms=56.630
SAMPLED_DISPATCH backend=commit_backend.MetalCommitBackend coefficient=true barycentric=true mixed=true
SAMPLED_TREE index=0 coefficients=true columns=137 max_log=21
SAMPLED_TREE index=1 coefficients=true columns=607 max_log=21
SAMPLED_TREE index=2 coefficients=false columns=564 max_log=21
SAMPLED_TREE index=3 coefficients=true columns=8 max_log=21
METAL_HOST_BARYCENTRIC staging_bytes=67108864 commands=55 columns=984 points=28 gpu_ms=8.241
BLAKE3_EXECUTION_STAGE_PROFILE {"schema_version":1,"runtime":"native","example":"blake3-execution","stages":[{"id":"execution.fixed","label":"Admission and fixed commitment","seconds":0.088566,"children":null},{"id":"execution.main","label":"Main commitment","seconds":0.192174,"children":null},{"id":"execution.native_interaction","label":"Native interaction generation","seconds":0.018786,"children":null},{"id":"execution.hash_interaction","label":"Hash interaction generation","seconds":0.134598,"children":null},{"id":"execution.interaction_commit","label":"Interaction closure and commitment","seconds":0.202675,"children":null},{"id":"execution.core","label":"Core STARK proof","seconds":0.44167,"children":[{"id":"draw_random_coeff","label":"Draw random coefficient","seconds":0,"children":null},{"id":"composition_trace_extract","label":"Composition trace extract","seconds":0.000012,"children":null},{"id":"composition_evaluation","label":"Composition evaluation","seconds":0.223101,"children":null},{"id":"composition_interpolate_and_split","label":"Composition interpolate and split","seconds":0.004689,"children":null},{"id":"composition_commit","label":"Composition commit","seconds":0.006141,"children":null},{"id":"oods_point_and_mask_points","label":"OODS point and mask points","seconds":0.000234,"children":null},{"id":"sampled_value_evaluation","label":"Sampled-value evaluation","seconds":0.073449,"children":null},{"id":"sampled_value_channel_mix","label":"Sampled-value channel mix","seconds":0.000047,"children":null},{"id":"fri_quotient_build_and_commit","label":"FRI quotient build + commit (lazy)","seconds":0.078436,"children":null},{"id":"proof_of_work","label":"Proof of work","seconds":0.038572,"children":null},{"id":"fri_decommit","label":"FRI decommit","seconds":0.001913,"children":null},{"id":"trace_decommit","label":"Trace decommit","seconds":0.002079,"children":null},{"id":"constraint_check_and_assembly","label":"Constraint check and assembly","seconds":0.000215,"children":null}]}]}
