METAL_STREAM_LEAVES columns=137 log=21 tile_log=17 scratch_bytes=67108864 working_bytes=46137344 dispatches=32 overlap=true gpu_ms=6.809
METAL_STREAM_LEAVES columns=137 log=21 tile_log=17 scratch_bytes=67108864 working_bytes=46137344 dispatches=32 overlap=true gpu_ms=6.249
METAL_STREAM_LEAVES columns=607 log=21 tile_log=17 scratch_bytes=67108864 working_bytes=62914560 dispatches=144 overlap=true gpu_ms=24.410
METAL_FRAMEWORK_INTERACTION rows=1048576 batches=31 gpu_ms=33.75766667886637
METAL_FRAMEWORK_INTERACTION rows=262144 batches=4 gpu_ms=0.4606249858625233
METAL_FRAMEWORK_INTERACTION rows=262144 batches=1 gpu_ms=0.2652500115800649
METAL_FRAMEWORK_INTERACTION rows=131072 batches=2 gpu_ms=0.33870834158733487
METAL_FRAMEWORK_INTERACTION rows=1024 batches=2 gpu_ms=0.04949999856762588
METAL_FRAMEWORK_INTERACTION rows=4096 batches=1 gpu_ms=0.0317083322443068
METAL_FRAMEWORK_INTERACTION rows=4096 batches=2 gpu_ms=0.03958333400078118
METAL_FRAMEWORK_INTERACTION rows=4096 batches=1 gpu_ms=0.021833315258845687
METAL_STREAM_LEAVES columns=564 log=21 tile_log=17 scratch_bytes=67108864 working_bytes=62914560 dispatches=160 overlap=true gpu_ms=18.469
METAL_FRAMEWORK_COMPOSITION components=8 groups=5 gpu_ms=56.546
SAMPLED_DISPATCH backend=commit_backend.MetalCommitBackend coefficient=true barycentric=true mixed=true
SAMPLED_TREE index=0 coefficients=true columns=137 max_log=21
SAMPLED_TREE index=1 coefficients=true columns=607 max_log=21
SAMPLED_TREE index=2 coefficients=false columns=564 max_log=21
SAMPLED_TREE index=3 coefficients=true columns=8 max_log=21
METAL_HOST_BARYCENTRIC staging_bytes=67108864 commands=55 columns=984 points=28 gpu_ms=7.658
BLAKE3_EXECUTION_STAGE_PROFILE {"schema_version":1,"runtime":"native","example":"blake3-execution","stages":[{"id":"execution.fixed","label":"Admission and fixed commitment","seconds":0.08772,"children":null},{"id":"execution.main","label":"Main commitment","seconds":0.189265,"children":null},{"id":"execution.native_interaction","label":"Native interaction generation","seconds":0.023081,"children":null},{"id":"execution.hash_interaction","label":"Hash interaction generation","seconds":0.134783,"children":null},{"id":"execution.interaction_commit","label":"Interaction closure and commitment","seconds":0.200922,"children":null},{"id":"execution.core","label":"Core STARK proof","seconds":0.477063,"children":[{"id":"draw_random_coeff","label":"Draw random coefficient","seconds":0,"children":null},{"id":"composition_trace_extract","label":"Composition trace extract","seconds":0.000015,"children":null},{"id":"composition_evaluation","label":"Composition evaluation","seconds":0.253871,"children":null},{"id":"composition_interpolate_and_split","label":"Composition interpolate and split","seconds":0.004538,"children":null},{"id":"composition_commit","label":"Composition commit","seconds":0.00647,"children":null},{"id":"oods_point_and_mask_points","label":"OODS point and mask points","seconds":0.000233,"children":null},{"id":"sampled_value_evaluation","label":"Sampled-value evaluation","seconds":0.080873,"children":null},{"id":"sampled_value_channel_mix","label":"Sampled-value channel mix","seconds":0.000048,"children":null},{"id":"fri_quotient_build_and_commit","label":"FRI quotient build + commit (lazy)","seconds":0.076041,"children":null},{"id":"proof_of_work","label":"Proof of work","seconds":0.039019,"children":null},{"id":"fri_decommit","label":"FRI decommit","seconds":0.001898,"children":null},{"id":"trace_decommit","label":"Trace decommit","seconds":0.00172,"children":null},{"id":"constraint_check_and_assembly","label":"Constraint check and assembly","seconds":0.000247,"children":null}]}]}
