DETACHED_PARENT_PCS_PHASE lane=1 selected_lane_only=true capture_ns=218441500 plans_ns=3299042 authority_ns=467077958 rows_ns=316871500
DETACHED_PARENT_CHILD_PHASE lane=1 prefix_ns=162958 transcript_ns=138167 pcs_ns=1005773042 boundary_ns=7823000 composition_ns=7037583
DETACHED_PARENT_CHILD lane=1 preparation_ns=1020959125
DETACHED_PARENT_PCS_PHASE lane=2 selected_lane_only=true capture_ns=218966209 plans_ns=3318375 authority_ns=467448125 rows_ns=315732916
DETACHED_PARENT_CHILD_PHASE lane=2 prefix_ns=143125 transcript_ns=68917 pcs_ns=1005494458 boundary_ns=7813584 composition_ns=7064583
DETACHED_PARENT_CHILD lane=2 preparation_ns=2041572875
riscv_detached_arithmetic_fusion lane=501 dot4_rows=395 multiply_add_rows=8779
riscv_detached_arithmetic_fusion lane=511 dot4_rows=2616 multiply_add_rows=3495
riscv_detached_arithmetic_fusion lane=412 dot4_rows=105869 multiply_add_rows=32356
riscv_detached_arithmetic_fusion lane=402 dot4_rows=5790 multiply_add_rows=103659
riscv_detached_arithmetic_fusion lane=502 dot4_rows=395 multiply_add_rows=8779
riscv_detached_arithmetic_fusion lane=512 dot4_rows=2616 multiply_add_rows=3495
riscv_detached_arithmetic_fusion lane=413 dot4_rows=105869 multiply_add_rows=32356
riscv_detached_arithmetic_fusion lane=403 dot4_rows=5790 multiply_add_rows=103659
riscv_detached_arithmetic_fusion lane=521 dot4_rows=2592 multiply_add_rows=2612
DETACHED_PARENT_ROW row=0 rows=6378 logical_bytes=306144
DETACHED_PARENT_ROW row=1 rows=2768 logical_bytes=531456
DETACHED_PARENT_ROW row=2 rows=2768 logical_bytes=409664
DETACHED_PARENT_ROW row=3 rows=206 logical_bytes=29664
DETACHED_PARENT_ROW row=4 rows=20496 logical_bytes=1557696
DETACHED_PARENT_ROW row=5 rows=18892 logical_bytes=1586928
DETACHED_PARENT_ROW row=6 rows=4 logical_bytes=1088
DETACHED_PARENT_ROW row=7 rows=4 logical_bytes=240
DETACHED_PARENT_ROW row=8 rows=94 logical_bytes=9400
DETACHED_PARENT_ROW row=9 rows=66 logical_bytes=8448
DETACHED_PARENT_ROW row=10 rows=8 logical_bytes=736
DETACHED_PARENT_ROW row=11 rows=61669 logical_bytes=5673548
DETACHED_PARENT_ROW row=12 rows=0 logical_bytes=0
DETACHED_PARENT_ROW row=13 rows=80125 logical_bytes=3205000
DETACHED_PARENT_ROW row=14 rows=231932 logical_bytes=50097312
DETACHED_PARENT_ROW row=20 rows=386 logical_bytes=114256
DETACHED_PARENT_ROW row=21 rows=6176 logical_bytes=2593920
DETACHED_PARENT_ROW row=22 rows=18 logical_bytes=1368
DETACHED_PARENT_ROW row=23 rows=94956 logical_bytes=33044688
DETACHED_PARENT_ROW row=24 rows=782056 logical_bytes=81333824
DETACHED_PARENT_ROW row=25 rows=23160 logical_bytes=8708160
DETACHED_PARENT_ROW row=26 rows=5790 logical_bytes=972720
DETACHED_PARENT_ROW row=27 rows=1930 logical_bytes=216160
DETACHED_PARENT_ROW row=28 rows=2702 logical_bytes=237776
DETACHED_PARENT_ROW row=29 rows=141326 logical_bytes=16959120
DETACHED_PARENT_ROW row=30 rows=678113 logical_bytes=73236204
DETACHED_PARENT_ROW row=31 rows=36030 logical_bytes=4611840
DETACHED_PARENT_ROW row=32 rows=217792 logical_bytes=44429568
DETACHED_PARENT_ROW row=33 rows=49794 logical_bytes=9162096
DETACHED_PARENT_PREPARATION rows_bytes=339039024 providers=176468 graph_ns=2329425333 snapshot_pending=true
PARENT_MAIN_FINALIZE preflight_ns=257209 main_fill_ns=96810666 source_projection_ns=859321167 range_fill_ns=705958 closure_ns=182348167
METAL_FRAMEWORK_INTERACTION rows=8192 batches=2 gpu_ms=0.057791665312834084
METAL_FRAMEWORK_INTERACTION rows=4096 batches=3 gpu_ms=0.10454166840645485
METAL_FRAMEWORK_INTERACTION rows=4096 batches=7 gpu_ms=0.12462499944376759
METAL_FRAMEWORK_INTERACTION rows=256 batches=6 gpu_ms=0.10124999971594661
METAL_FRAMEWORK_INTERACTION rows=32768 batches=1 gpu_ms=0.05470833639265038
METAL_FRAMEWORK_INTERACTION rows=32768 batches=1 gpu_ms=0.056125001719919965
METAL_FRAMEWORK_INTERACTION rows=16 batches=1 gpu_ms=0.03987500167568214
METAL_FRAMEWORK_INTERACTION rows=16 batches=1 gpu_ms=0.032583335269009694
METAL_FRAMEWORK_INTERACTION rows=128 batches=9 gpu_ms=0.12083333058399148
METAL_FRAMEWORK_INTERACTION rows=128 batches=5 gpu_ms=0.08125000022118911
METAL_FRAMEWORK_INTERACTION rows=16 batches=3 gpu_ms=0.05100000271340832
METAL_FRAMEWORK_INTERACTION rows=65536 batches=3 gpu_ms=0.31654166741645895
METAL_FRAMEWORK_INTERACTION rows=16 batches=17 gpu_ms=0.2267500021844171
METAL_FRAMEWORK_INTERACTION rows=131072 batches=1 gpu_ms=0.13937499898020178
METAL_FRAMEWORK_INTERACTION rows=262144 batches=5 gpu_ms=1.1295000003883615
METAL_FRAMEWORK_INTERACTION rows=512 batches=17 gpu_ms=0.2264166651002597
METAL_FRAMEWORK_INTERACTION rows=8192 batches=1 gpu_ms=0.07695833119214512
METAL_FRAMEWORK_INTERACTION rows=32 batches=5 gpu_ms=0.0698750009178184
METAL_FRAMEWORK_INTERACTION rows=131072 batches=7 gpu_ms=1.3509166674339212
METAL_FRAMEWORK_INTERACTION rows=1048576 batches=4 gpu_ms=2.348791666008765
METAL_FRAMEWORK_INTERACTION rows=32768 batches=7 gpu_ms=0.6624999987252522
METAL_FRAMEWORK_INTERACTION rows=8192 batches=3 gpu_ms=0.10850000035134144
METAL_FRAMEWORK_INTERACTION rows=2048 batches=3 gpu_ms=0.11283333151368424
METAL_FRAMEWORK_INTERACTION rows=4096 batches=2 gpu_ms=0.04708333290182054
METAL_FRAMEWORK_INTERACTION rows=262144 batches=5 gpu_ms=0.653125000098953
METAL_FRAMEWORK_INTERACTION rows=1048576 batches=2 gpu_ms=1.7763750001904555
METAL_FRAMEWORK_INTERACTION rows=65536 batches=1 gpu_ms=0.11554166849236935
METAL_FRAMEWORK_INTERACTION rows=262144 batches=2 gpu_ms=0.7667500030947849
METAL_FRAMEWORK_INTERACTION rows=65536 batches=2 gpu_ms=0.17983333236770704
PARENT_INTERACTION_FILL preflight_ns=838000 typed_ns=170207500 poseidon_ns=10143583 range_ns=2671625
DETACHED_PARENT_TYPED_DEVICE_INTERACTION components=29 dispatches=116
info: resident framework composition: components=30 groups=13 gpu_ms=8.133
info: resident RISC-V semantic composition: 4 components, 4 kernels, 6.956 ms GPU
info: resident RISC-V lookup composition: 1 components, 1 kernels, 0.414 ms GPU
DETACHED_PARENT_STAGE_PROFILE {"schema_version":1,"runtime":"device","example":"detached-recursive-parent","stages":[{"id":"parent.fixed","label":"Fixed columns and key admission","seconds":0.351907,"children":null},{"id":"parent.main_fill","label":"Main column allocation","seconds":0.023709,"children":null},{"id":"parent.main_finalize","label":"Main filling, range construction and exact lookup closure","seconds":1.142415,"children":null},{"id":"parent.main_commit","label":"Main commitment","seconds":0.46117,"children":null},{"id":"parent.interaction_fill","label":"Transcript and interaction columns","seconds":0.197141,"children":null},{"id":"parent.interaction_commit","label":"Interaction commitment","seconds":0.244154,"children":null},{"id":"parent.components","label":"Typed component assembly","seconds":0.004115,"children":null},{"id":"draw_random_coeff","label":"Draw random coefficient","seconds":0.000002,"children":null},{"id":"composition_trace_extract","label":"Composition trace extract","seconds":0.000013,"children":null},{"id":"composition_evaluation","label":"Composition evaluation","seconds":0.102627,"children":null},{"id":"composition_interpolate_and_split","label":"Composition interpolate and split","seconds":0.002027,"children":null},{"id":"composition_commit","label":"Composition commit","seconds":0.017884,"children":null},{"id":"oods_point_and_mask_points","label":"OODS point and mask points","seconds":0.000082,"children":null},{"id":"sampled_value_evaluation","label":"Sampled-value evaluation","seconds":0.025018,"children":null},{"id":"sampled_value_channel_mix","label":"Sampled-value channel mix","seconds":0.000628,"children":null},{"id":"fri_quotient_build_and_commit","label":"FRI quotient build + commit (lazy)","seconds":0.081518,"children":null},{"id":"proof_of_work","label":"Proof of work","seconds":0.004071,"children":null},{"id":"fri_decommit","label":"FRI decommit","seconds":0.002464,"children":null},{"id":"trace_decommit","label":"Trace decommit","seconds":0.005336,"children":null},{"id":"constraint_check_and_assembly","label":"Constraint check and assembly","seconds":0.000303,"children":null},{"id":"parent.serialize","label":"Canonical proof serialization","seconds":0.008234,"children":null}]}
DETACHED_PARENT_METAL dispatches=235 poseidon_commits=9 cpu_fallbacks=0 host_composition_components=0 pow_dispatches=2 runtime_released=true manifest_sha256=d3c68ca5dcfdb83c885c4bb81c6ba86cdc5501f1b8b4e19ba6f51fc3aa049899 profile=recursive_framework_v1 framework_dispatches=30
{"endpoint":"segment_v2_detached_two_child_parent_candidate_q193","profile":"tiny-parent-root-v2","publication_mode":"root","proof_profile":"recursive_q193_v1","status":"unverified_candidate","verified":false,"development_only":true,"child_owners_destroyed":true,"producer_destroyed":true,"reused_admitted_parent_key":true,"child_key_sha256":[[214,60,24,215,93,161,32,69,64,54,137,18,21,60,2,66,153,247,215,93,214,71,196,191,90,67,15,158,29,129,78,111],[52,101,122,252,71,235,220,44,62,42,22,241,149,244,116,88,217,46,134,5,126,45,114,83,188,229,65,201,61,128,30,25]],"artifacts":{"key_sha256":[43,54,70,56,122,217,160,216,106,50,230,24,28,117,174,240,148,190,170,244,129,176,88,11,208,6,252,73,206,8,110,12],"claims_sha256":[49,178,150,212,209,141,148,238,219,93,40,66,239,70,211,225,229,134,73,248,37,59,245,119,205,108,37,34,142,53,78,179],"proof_sha256":[146,45,152,84,36,75,24,7,249,118,40,193,15,14,143,169,78,251,221,88,53,171,159,248,209,106,237,27,129,185,188,187],"proof_bytes":2297319},"candidate_root_words_sha256":[189,249,149,127,224,29,110,114,200,174,151,175,231,135,81,130,99,197,157,73,129,224,15,210,38,249,188,185,180,245,88,172],"circuit_identity":[71,179,224,242,26,78,39,100,147,248,87,173,160,231,54,27,230,179,68,85,24,188,217,151,168,142,210,196,246,195,105,67],"preparation_ns":2492796250,"key_preparation_ns":351905792,"proof_ns":2352809291,"request_ns":5365200167}
        5.42 real         4.84 user         0.38 sys
          4392271872  maximum resident set size
                   0  average shared memory size
                   0  average unshared data size
                   0  average unshared stack size
              600096  page reclaims
                   0  page faults
                   0  swaps
                   0  block input operations
                   0  block output operations
                   0  messages sent
                   0  messages received
                   0  signals received
                   0  voluntary context switches
                1335  involuntary context switches
         88173969750  instructions retired
         22743756577  cycles elapsed
          5513613320  peak memory footprint
