1/7 blake3_metal_qualification_test_root.test.Metal compact canonical native BLAKE3 parent matches CPU qualification...CANONICAL_PARENT_ALLOCATOR mode=smp
BLAKE3_EXECUTION_STAGE_PROFILE {"schema_version":1,"runtime":"native","example":"blake3-execution","stages":[{"id":"execution.fixed","label":"Admission and fixed commitment","seconds":0.026436,"children":null},{"id":"execution.main","label":"Main commitment","seconds":0.023545,"children":null},{"id":"execution.native_interaction","label":"Native interaction generation","seconds":0.010215,"children":null},{"id":"execution.hash_interaction","label":"Hash interaction generation","seconds":0.006374,"children":null},{"id":"execution.interaction_commit","label":"Interaction closure and commitment","seconds":0.032169,"children":null},{"id":"execution.core","label":"Core STARK proof","seconds":6.023039,"children":[{"id":"draw_random_coeff","label":"Draw random coefficient","seconds":0,"children":null},{"id":"composition_trace_extract","label":"Composition trace extract","seconds":0.000005,"children":null},{"id":"composition_evaluation","label":"Composition evaluation","seconds":0.052465,"children":null},{"id":"composition_interpolate_and_split","label":"Composition interpolate and split","seconds":0.004067,"children":null},{"id":"composition_commit","label":"Composition commit","seconds":0.065046,"children":null},{"id":"oods_point_and_mask_points","label":"OODS point and mask points","seconds":0.000092,"children":null},{"id":"sampled_value_evaluation","label":"Sampled-value evaluation","seconds":0.012795,"children":null},{"id":"sampled_value_channel_mix","label":"Sampled-value channel mix","seconds":0.000023,"children":null},{"id":"fri_quotient_build_and_commit","label":"FRI quotient build + commit (lazy)","seconds":0.156347,"children":null},{"id":"proof_of_work","label":"Proof of work","seconds":5.728501,"children":null},{"id":"fri_decommit","label":"FRI decommit","seconds":0.001329,"children":null},{"id":"trace_decommit","label":"Trace decommit","seconds":0.00029,"children":null},{"id":"constraint_check_and_assembly","label":"Constraint check and assembly","seconds":0.00018,"children":null}]}]}
BLAKE3_EXTENSION_REPLAY composition=true deep=true transcript=true changed_claim_rejected=true
BLAKE3_HASH_METADATA g_rows=2444008 xor_rows=698288 full_row_bytes=1301608832 compact_bytes=173175424 removed_bytes=1128433408
BLAKE3_PATH_PLAN_REUSE openings=1540 graph_builds=6 retained_plans=2
BLAKE3_TRUSTED_PATH_METADATA full_row_bytes=1281835520 compact_bytes=170544640 removed_bytes=1111290880
BLAKE3_NATIVE_QUERY_FUSION groups=9170 removed_scalars=36680
BLAKE3_NATIVE_FUSION dot4=19613 fma=59551 arithmetic_rows=171628
BLAKE3_HASH_METADATA g_rows=2444008 xor_rows=698288 full_row_bytes=1301608832 compact_bytes=173175424 removed_bytes=1128433408
BLAKE3_PATH_PLAN_REUSE openings=1540 graph_builds=6 retained_plans=2
BLAKE3_TRUSTED_PATH_METADATA full_row_bytes=1281835520 compact_bytes=170544640 removed_bytes=1111290880
BLAKE3_NATIVE_QUERY_FUSION groups=9170 removed_scalars=36680
BLAKE3_NATIVE_FUSION dot4=19613 fma=59551 arithmetic_rows=171628
METAL_STREAM_LEAVES columns=453 log=23 tile_log=17 scratch_bytes=67108864 working_bytes=54525952 dispatches=576 overlap=true gpu_ms=60.378
METAL_FRAMEWORK_INTERACTION rows=4194304 batches=31 gpu_ms=127.31295832782052
METAL_FRAMEWORK_INTERACTION rows=1048576 batches=4 gpu_ms=2.152500004740432
METAL_FRAMEWORK_INTERACTION rows=1048576 batches=1 gpu_ms=1.4100416738074273
METAL_FRAMEWORK_INTERACTION rows=1048576 batches=2 gpu_ms=1.9807500066235662
METAL_FRAMEWORK_INTERACTION rows=262144 batches=2 gpu_ms=0.2712499990593642
METAL_STREAM_LEAVES columns=468 log=23 tile_log=17 scratch_bytes=67108864 working_bytes=54525952 dispatches=640 overlap=true gpu_ms=55.553
METAL_FRAMEWORK_COMPOSITION components=5 groups=3 gpu_ms=237.694
METAL_HOST_BARYCENTRIC staging_bytes=67108864 commands=198 columns=1285 points=22 gpu_ms=80.323
BLAKE3_PARENT_STAGE_PROFILE {"schema_version":1,"runtime":"native","example":"blake3-recursive-parent","stages":[{"id":"parent.validation","label":"Authenticated row validation","seconds":0.016659,"children":null},{"id":"parent.main_setup","label":"Main columns and lookup counts","seconds":0.471969,"children":null},{"id":"parent.main_commit","label":"Main commitment","seconds":0.978626,"children":null},{"id":"parent.interaction_generation","label":"Interaction generation","seconds":0.677463,"children":null},{"id":"parent.interaction_commit","label":"Interaction commitment","seconds":0.861575,"children":null},{"id":"parent.core","label":"Core STARK proof","seconds":1.476841,"children":[{"id":"draw_random_coeff","label":"Draw random coefficient","seconds":0,"children":null},{"id":"composition_trace_extract","label":"Composition trace extract","seconds":0.000003,"children":null},{"id":"composition_evaluation","label":"Composition evaluation","seconds":0.67362,"children":null},{"id":"composition_interpolate_and_split","label":"Composition interpolate and split","seconds":0.041421,"children":null},{"id":"composition_commit","label":"Composition commit","seconds":0.038153,"children":null},{"id":"oods_point_and_mask_points","label":"OODS point and mask points","seconds":0.000062,"children":null},{"id":"sampled_value_evaluation","label":"Sampled-value evaluation","seconds":0.339548,"children":null},{"id":"sampled_value_channel_mix","label":"Sampled-value channel mix","seconds":0.000035,"children":null},{"id":"fri_quotient_build_and_commit","label":"FRI quotient build + commit (lazy)","seconds":0.290451,"children":null},{"id":"proof_of_work","label":"Proof of work","seconds":0.012736,"children":null},{"id":"fri_decommit","label":"FRI decommit","seconds":0.003055,"children":null},{"id":"trace_decommit","label":"Trace decommit","seconds":0.020662,"children":null},{"id":"constraint_check_and_assembly","label":"Constraint check and assembly","seconds":0.00011,"children":null}]}]}
BLAKE3_HASH_METADATA g_rows=2444008 xor_rows=698288 full_row_bytes=1301608832 compact_bytes=173175424 removed_bytes=1128433408
BLAKE3_PATH_PLAN_REUSE openings=1540 graph_builds=6 retained_plans=2
BLAKE3_TRUSTED_PATH_METADATA full_row_bytes=1281835520 compact_bytes=170544640 removed_bytes=1111290880
BLAKE3_NATIVE_QUERY_FUSION groups=9170 removed_scalars=36680
BLAKE3_NATIVE_FUSION dot4=19613 fma=59551 arithmetic_rows=171628
METAL_STREAM_LEAVES columns=453 log=23 tile_log=17 scratch_bytes=67108864 working_bytes=54525952 dispatches=576 overlap=true gpu_ms=60.886
METAL_FRAMEWORK_INTERACTION rows=4194304 batches=31 gpu_ms=127.1755000052508
METAL_FRAMEWORK_INTERACTION rows=1048576 batches=4 gpu_ms=2.15087499236688
METAL_FRAMEWORK_INTERACTION rows=1048576 batches=1 gpu_ms=1.4194166578818113
METAL_FRAMEWORK_INTERACTION rows=1048576 batches=2 gpu_ms=1.9389999797567725
METAL_FRAMEWORK_INTERACTION rows=262144 batches=2 gpu_ms=0.2918750105891377
METAL_STREAM_LEAVES columns=468 log=23 tile_log=17 scratch_bytes=67108864 working_bytes=54525952 dispatches=640 overlap=true gpu_ms=56.306
METAL_FRAMEWORK_COMPOSITION components=5 groups=3 gpu_ms=235.888
METAL_HOST_BARYCENTRIC staging_bytes=67108864 commands=198 columns=1285 points=22 gpu_ms=75.888
BLAKE3_PARENT_STAGE_PROFILE {"schema_version":1,"runtime":"native","example":"blake3-recursive-parent","stages":[{"id":"parent.validation","label":"Authenticated row validation","seconds":0.015744,"children":null},{"id":"parent.main_setup","label":"Main columns and lookup counts","seconds":0.48148,"children":null},{"id":"parent.main_commit","label":"Main commitment","seconds":0.990803,"children":null},{"id":"parent.interaction_generation","label":"Interaction generation","seconds":0.677218,"children":null},{"id":"parent.interaction_commit","label":"Interaction commitment","seconds":0.870189,"children":null},{"id":"parent.core","label":"Core STARK proof","seconds":1.399199,"children":[{"id":"draw_random_coeff","label":"Draw random coefficient","seconds":0,"children":null},{"id":"composition_trace_extract","label":"Composition trace extract","seconds":0.00001,"children":null},{"id":"composition_evaluation","label":"Composition evaluation","seconds":0.660836,"children":null},{"id":"composition_interpolate_and_split","label":"Composition interpolate and split","seconds":0.02023,"children":null},{"id":"composition_commit","label":"Composition commit","seconds":0.03531,"children":null},{"id":"oods_point_and_mask_points","label":"OODS point and mask points","seconds":0.000057,"children":null},{"id":"sampled_value_evaluation","label":"Sampled-value evaluation","seconds":0.304978,"children":null},{"id":"sampled_value_channel_mix","label":"Sampled-value channel mix","seconds":0.000034,"children":null},{"id":"fri_quotient_build_and_commit","label":"FRI quotient build + commit (lazy)","seconds":0.286849,"children":null},{"id":"proof_of_work","label":"Proof of work","seconds":0.012451,"children":null},{"id":"fri_decommit","label":"FRI decommit","seconds":0.002949,"children":null},{"id":"trace_decommit","label":"Trace decommit","seconds":0.019943,"children":null},{"id":"constraint_check_and_assembly","label":"Constraint check and assembly","seconds":0.000075,"children":null}]}]}
CANONICAL_PIPELINE_ARTIFACT index=0 sha256=87eacb69ec7dcf9d5aad70f4f36ff5ac8839bf78366fb11e7ac20da38755ce7b bytes=857591 independently_verified=true
CANONICAL_PIPELINE_ARTIFACT index=1 sha256=87eacb69ec7dcf9d5aad70f4f36ff5ac8839bf78366fb11e7ac20da38755ce7b bytes=857591 independently_verified=true
CANONICAL_EXECUTION_PIPELINE mode=serial jobs=2 workers=8 cpu_tokens=9 reserved_bytes=56523834304 wall_ns=16941366209 overlap_ns=0 worker_peak_bytes=11994253102 worker_limit_bytes=25769803776 child_queries=70 child_pow_bits=26 parent_queries=70 parent_pow_bits=26 plan_reused=true outputs_outlive_worker=true independently_verified=true
CANONICAL_PIPELINE_SPAN run=0 index=0 prepare_start=15291 prepare_end=3976015041 prove_start=3976024333 prove_end=8459252083
CANONICAL_PIPELINE_SPAN run=1 index=0 prepare_start=28458 prepare_end=4026054292 prove_start=4026066542 prove_end=8460767708
COMPACT_RECURSIVE_PARENT child_queries=70 child_pow_bits=26 parent_queries=70 parent_pow_bits=26 independently_verified=true
COMPACT_BASE_PROOF queries=70 pow_bits=26 bytes=483375 independently_verified=true
OK
2/7 runner.mod.test_0...OK
3/7 runner.decode.test_0...OK
4/7 air.memory_commitment.poseidon2_air.test_0...OK
5/7 air.semantic_eval.test_0...OK
6/7 air.lookups.tables.source_ingest.test_0...OK
7/7 diagnostics.mod.test_0...OK
All 7 tests passed.
       27.46 real        33.73 user         4.94 sys
         24322686976  maximum resident set size
                   0  average shared memory size
                   0  average unshared data size
                   0  average unshared stack size
             4935408  page reclaims
                   0  page faults
                   0  swaps
                   0  block input operations
                   0  block output operations
                   0  messages sent
                   0  messages received
                   0  signals received
                   0  voluntary context switches
               20832  involuntary context switches
        467134238017  instructions retired
        171107849517  cycles elapsed
         30144003240  peak memory footprint
