[zig_serial_build] another build holds /tmp/stwo-zig-build.lock; waiting
[zig_serial_build] acquired after 110s
test-pcs-retained-columns
+- run test 12/13 passed, 1 failed
error: 'pcs.retained_column_storage_test.test.PCS retained column storage packed source cleans every failed ownership transfer' failed: [gpa] (err): Double free detected. Allocation: 
/Users/theodorepender/Coding/stark-proving-engineering/stwo-zig/.git/local-ethereum/native-root-file-backed-source-v5/source/src/prover/pcs/columns/preparation.zig:140:66: 0x1000afeff in addColumnsOwnedIndexed (test)
    return prepareColumnsForCommitOwnedForBackendWithWorkRecorder(
                                                                 ^
/Users/theodorepender/Coding/stark-proving-engineering/stwo-zig/.git/local-ethereum/native-root-file-backed-source-v5/source/src/prover/pcs/tree_builders.zig:130:42: 0x1000ba817 in commitStreamingWithBacking__anon_22242 (test)
    return builder.addColumnsOwnedIndexed(owned_columns, original_indices, recorder);
                                         ^
/Users/theodorepender/Coding/stark-proving-engineering/stwo-zig/.git/local-ethereum/native-root-file-backed-source-v5/source/src/prover/pcs/commit_ops.zig:146:50: 0x1000bb917 in commitOwnedWithRecorderAndBacking__anon_22164 (test)
                return commitStreamingWithBacking(self, allocator, owned_columns, backing_buffers, false, streaming_batch_size, recorder, channel);
                                                 ^
/Users/theodorepender/Coding/stark-proving-engineering/stwo-zig/.git/local-ethereum/native-root-file-backed-source-v5/source/src/prover/pcs/retained_column_storage_test.zig:274:49: 0x100125ebb in packedCommitAllocationCase (test)
    try scheme.commitOwnedWithRecorderAndBacking(allocator, input, backing, null, &channel);
                                                ^
/opt/homebrew/Cellar/zig/0.15.2/lib/zig/std/testing.zig:1146:9: 0x100126093 in test.PCS retained column storage packed source cleans every failed ownership transfer (test)
        if (@call(.auto, test_fn, args)) |_| {
        ^
/opt/homebrew/Cellar/zig/0.15.2/lib/zig/compiler/test_runner.zig:130:29: 0x1000683d7 in mainServer (test)
                test_fn.func() catch |err| switch (err) {
                            ^
/opt/homebrew/Cellar/zig/0.15.2/lib/zig/compiler/test_runner.zig:64:26: 0x100066ea3 in main (test)
        return mainServer() catch @panic("internal test runner failure");
                         ^
/opt/homebrew/Cellar/zig/0.15.2/lib/zig/std/start.zig:618:22: 0x10006489b in main (test)
            root.main();
                     ^
???:?:?: 0x19bcdc273 in ??? (???)
???:?:?: 0x7e56ffffffffffff in ??? (???)
 First free: 
/Users/theodorepender/Coding/stark-proving-engineering/stwo-zig/.git/local-ethereum/native-root-file-backed-source-v5/source/src/prover/pcs/columns/circle_transforms.zig:196:23: 0x1000a8727 in prepareColumnsForCommitOwnedForBackendWithWorkRecorder__anon_22497 (test)
        allocator.free(out);
                      ^
/Users/theodorepender/Coding/stark-proving-engineering/stwo-zig/.git/local-ethereum/native-root-file-backed-source-v5/source/src/prover/pcs/columns/preparation.zig:140:66: 0x1000afeff in addColumnsOwnedIndexed (test)
    return prepareColumnsForCommitOwnedForBackendWithWorkRecorder(
                                                                 ^
/Users/theodorepender/Coding/stark-proving-engineering/stwo-zig/.git/local-ethereum/native-root-file-backed-source-v5/source/src/prover/pcs/tree_builders.zig:130:42: 0x1000ba817 in commitStreamingWithBacking__anon_22242 (test)
    return builder.addColumnsOwnedIndexed(owned_columns, original_indices, recorder);
                                         ^
/Users/theodorepender/Coding/stark-proving-engineering/stwo-zig/.git/local-ethereum/native-root-file-backed-source-v5/source/src/prover/pcs/commit_ops.zig:146:50: 0x1000bb917 in commitOwnedWithRecorderAndBacking__anon_22164 (test)
                return commitStreamingWithBacking(self, allocator, owned_columns, backing_buffers, false, streaming_batch_size, recorder, channel);
                                                 ^
/Users/theodorepender/Coding/stark-proving-engineering/stwo-zig/.git/local-ethereum/native-root-file-backed-source-v5/source/src/prover/pcs/retained_column_storage_test.zig:274:49: 0x100125ebb in packedCommitAllocationCase (test)
    try scheme.commitOwnedWithRecorderAndBacking(allocator, input, backing, null, &channel);
                                                ^
/opt/homebrew/Cellar/zig/0.15.2/lib/zig/std/testing.zig:1146:9: 0x100126093 in test.PCS retained column storage packed source cleans every failed ownership transfer (test)
        if (@call(.auto, test_fn, args)) |_| {
        ^
/opt/homebrew/Cellar/zig/0.15.2/lib/zig/compiler/test_runner.zig:130:29: 0x1000683d7 in mainServer (test)
                test_fn.func() catch |err| switch (err) {
                            ^
/opt/homebrew/Cellar/zig/0.15.2/lib/zig/compiler/test_runner.zig:64:26: 0x100066ea3 in main (test)
        return mainServer() catch @panic("internal test runner failure");
                         ^
/opt/homebrew/Cellar/zig/0.15.2/lib/zig/std/start.zig:618:22: 0x10006489b in main (test)
            root.main();
                     ^
???:?:?: 0x19bcdc273 in ??? (???)
 Second free: 
/Users/theodorepender/Coding/stark-proving-engineering/stwo-zig/.git/local-ethereum/native-root-file-backed-source-v5/source/src/prover/pcs/columns/circle_transforms.zig:190:28: 0x1000a8747 in prepareColumnsForCommitOwnedForBackendWithWorkRecorder__anon_22497 (test)
    errdefer allocator.free(out);
                           ^
/Users/theodorepender/Coding/stark-proving-engineering/stwo-zig/.git/local-ethereum/native-root-file-backed-source-v5/source/src/prover/pcs/columns/preparation.zig:140:66: 0x1000afeff in addColumnsOwnedIndexed (test)
    return prepareColumnsForCommitOwnedForBackendWithWorkRecorder(
                                                                 ^
/Users/theodorepender/Coding/stark-proving-engineering/stwo-zig/.git/local-ethereum/native-root-file-backed-source-v5/source/src/prover/pcs/tree_builders.zig:130:42: 0x1000ba817 in commitStreamingWithBacking__anon_22242 (test)
    return builder.addColumnsOwnedIndexed(owned_columns, original_indices, recorder);
                                         ^
/Users/theodorepender/Coding/stark-proving-engineering/stwo-zig/.git/local-ethereum/native-root-file-backed-source-v5/source/src/prover/pcs/commit_ops.zig:146:50: 0x1000bb917 in commitOwnedWithRecorderAndBacking__anon_22164 (test)
                return commitStreamingWithBacking(self, allocator, owned_columns, backing_buffers, false, streaming_batch_size, recorder, channel);
                                                 ^
/Users/theodorepender/Coding/stark-proving-engineering/stwo-zig/.git/local-ethereum/native-root-file-backed-source-v5/source/src/prover/pcs/retained_column_storage_test.zig:274:49: 0x100125ebb in packedCommitAllocationCase (test)
    try scheme.commitOwnedWithRecorderAndBacking(allocator, input, backing, null, &channel);
                                                ^
/opt/homebrew/Cellar/zig/0.15.2/lib/zig/std/testing.zig:1146:9: 0x100126093 in test.PCS retained column storage packed source cleans every failed ownership transfer (test)
        if (@call(.auto, test_fn, args)) |_| {
        ^
/opt/homebrew/Cellar/zig/0.15.2/lib/zig/compiler/test_runner.zig:130:29: 0x1000683d7 in mainServer (test)
                test_fn.func() catch |err| switch (err) {
                            ^
/opt/homebrew/Cellar/zig/0.15.2/lib/zig/compiler/test_runner.zig:64:26: 0x100066ea3 in main (test)
        return mainServer() catch @panic("internal test runner failure");
                         ^
/opt/homebrew/Cellar/zig/0.15.2/lib/zig/std/start.zig:618:22: 0x10006489b in main (test)
            root.main();
                     ^
???:?:?: 0x19bcdc273 in ??? (???)


fail_index: 18/71
allocated bytes: 1644
freed bytes: 1788
allocations: 18
deallocations: 19
allocation that was made to fail: 
/Users/theodorepender/Coding/stark-proving-engineering/stwo-zig/.git/local-ethereum/native-root-file-backed-source-v5/source/src/prover/pcs/columns/circle_transforms.zig:670:36: 0x1000a5d8b in prepareColumnsForCommitOwnedForBackendWithWorkRecorder__anon_22497 (test)
        try appendLogSizeGroupIndex(allocator, &groups, column.log_size, idx);
                                   ^
/Users/theodorepender/Coding/stark-proving-engineering/stwo-zig/.git/local-ethereum/native-root-file-backed-source-v5/source/src/prover/pcs/columns/preparation.zig:140:66: 0x1000afeff in addColumnsOwnedIndexed (test)
    return prepareColumnsForCommitOwnedForBackendWithWorkRecorder(
                                                                 ^
/Users/theodorepender/Coding/stark-proving-engineering/stwo-zig/.git/local-ethereum/native-root-file-backed-source-v5/source/src/prover/pcs/tree_builders.zig:130:42: 0x1000ba817 in commitStreamingWithBacking__anon_22242 (test)
    return builder.addColumnsOwnedIndexed(owned_columns, original_indices, recorder);
                                         ^
/Users/theodorepender/Coding/stark-proving-engineering/stwo-zig/.git/local-ethereum/native-root-file-backed-source-v5/source/src/prover/pcs/commit_ops.zig:146:50: 0x1000bb917 in commitOwnedWithRecorderAndBacking__anon_22164 (test)
                return commitStreamingWithBacking(self, allocator, owned_columns, backing_buffers, false, streaming_batch_size, recorder, channel);
                                                 ^
/Users/theodorepender/Coding/stark-proving-engineering/stwo-zig/.git/local-ethereum/native-root-file-backed-source-v5/source/src/prover/pcs/retained_column_storage_test.zig:274:49: 0x100125ebb in packedCommitAllocationCase (test)
    try scheme.commitOwnedWithRecorderAndBacking(allocator, input, backing, null, &channel);
                                                ^
/opt/homebrew/Cellar/zig/0.15.2/lib/zig/std/testing.zig:1146:9: 0x100126093 in test.PCS retained column storage packed source cleans every failed ownership transfer (test)
        if (@call(.auto, test_fn, args)) |_| {
        ^
/opt/homebrew/Cellar/zig/0.15.2/lib/zig/compiler/test_runner.zig:130:29: 0x1000683d7 in mainServer (test)
                test_fn.func() catch |err| switch (err) {
                            ^
/opt/homebrew/Cellar/zig/0.15.2/lib/zig/compiler/test_runner.zig:64:26: 0x100066ea3 in main (test)
        return mainServer() catch @panic("internal test runner failure");
                         ^
/opt/homebrew/Cellar/zig/0.15.2/lib/zig/std/start.zig:618:22: 0x10006489b in main (test)
            root.main();
                     ^
???:?:?: 0x19bcdc273 in ??? (???)
???:?:?: 0x7e56ffffffffffff in ??? (???)
error: while executing test 'file_backed_allocator.test.file backed columns realloc preserves values and releases old mapping', the following test command failed:
./.zig-cache/o/499ecf538c698c5a098164889ee56776/test --cache-dir=./.zig-cache --seed=0x81c2af23 --listen=-

Build Summary: 1/3 steps succeeded; 1 failed; 12/13 tests passed; 1 failed
test-pcs-retained-columns transitive failure
+- run test 12/13 passed, 1 failed
   +- compile test ReleaseSafe native success 13s MaxRSS:861M

error: the following build command failed with exit code 1:
.zig-cache/o/0eec9429c2a36d771d424a8e659d569f/build /opt/homebrew/Cellar/zig/0.15.2/bin/zig /opt/homebrew/Cellar/zig/0.15.2/lib/zig /Users/theodorepender/Coding/stark-proving-engineering/stwo-zig/.git/local-ethereum/native-root-file-backed-source-v5/source/src/prover .zig-cache /Users/theodorepender/.cache/zig --seed 0x81c2af23 -Z85e62c4352c937ca --maxrss 25769803776 -j1 test-pcs-retained-columns -Doptimize=ReleaseSafe --summary all
