ETHEREUM_INCREMENTAL_ROLE0_PHASE phase=cold_open source=darwin_proc_pid_rusage_v6 wall_ns=99995461000 process_cpu_ns=99972272833 parallelism_milli=999 peak_footprint_bytes=1708803920 energy_nj=421890936119 instructions=1541279400233 cycles=397197531663 workers=1 host_byte_budget=17179869184
ETHEREUM_INCREMENTAL_ROLE0_PHASE phase=campaign source=darwin_proc_pid_rusage_v6 wall_ns=152528967833 process_cpu_ns=152488545542 parallelism_milli=999 peak_footprint_bytes=1708803920 energy_nj=549619705897 instructions=1026258522287 cycles=605562155775 workers=1 host_byte_budget=17179869184
ETHEREUM_INCREMENTAL_ROLE0_PHASE phase=materialize source=darwin_proc_pid_rusage_v6 wall_ns=134731663458 process_cpu_ns=134698235833 parallelism_milli=999 peak_footprint_bytes=3002649912 energy_nj=497547295425 instructions=1029183716449 cycles=534716466715 workers=1 host_byte_budget=17179869184
ETHEREUM_COHORT_RESOURCES phase=begin wall_ns=208 source=darwin_proc_pid_rusage_v6 lifetime_peak_footprint_bytes=30506048432 ledger_present=false ledger_len=0 ledger_capacity=0 tuple_record_bytes=136 ledger_used_bytes=0 ledger_capacity_bytes=0 ledger_bytes_overflow=false sampling_unavailable=none
ETHEREUM_COHORT_RESOURCES phase=geometry-ready wall_ns=307773046417 source=darwin_proc_pid_rusage_v6 lifetime_peak_footprint_bytes=30506048432 ledger_present=false ledger_len=0 ledger_capacity=0 tuple_record_bytes=136 ledger_used_bytes=0 ledger_capacity_bytes=0 ledger_bytes_overflow=false sampling_unavailable=none
ETHEREUM_COHORT_RESOURCES phase=prefix-components wall_ns=44261680875 source=darwin_proc_pid_rusage_v6 lifetime_peak_footprint_bytes=30506048432 ledger_present=false ledger_len=0 ledger_capacity=0 tuple_record_bytes=136 ledger_used_bytes=0 ledger_capacity_bytes=0 ledger_bytes_overflow=false sampling_unavailable=none
ETHEREUM_COHORT_RESOURCES phase=prefix-rows wall_ns=74443674958 source=darwin_proc_pid_rusage_v6 lifetime_peak_footprint_bytes=31979528312 ledger_present=false ledger_len=0 ledger_capacity=0 tuple_record_bytes=136 ledger_used_bytes=0 ledger_capacity_bytes=0 ledger_bytes_overflow=false sampling_unavailable=none
ETHEREUM_COHORT_RESOURCES phase=suffix-rows wall_ns=233830409792 source=darwin_proc_pid_rusage_v6 lifetime_peak_footprint_bytes=31979528312 ledger_present=false ledger_len=0 ledger_capacity=0 tuple_record_bytes=136 ledger_used_bytes=0 ledger_capacity_bytes=0 ledger_bytes_overflow=false sampling_unavailable=none
ETHEREUM_COHORT_RESOURCES phase=provider-main wall_ns=41897483958 source=darwin_proc_pid_rusage_v6 lifetime_peak_footprint_bytes=31979528312 ledger_present=false ledger_len=0 ledger_capacity=0 tuple_record_bytes=136 ledger_used_bytes=0 ledger_capacity_bytes=0 ledger_bytes_overflow=false sampling_unavailable=none
ETHEREUM_COHORT_RESOURCES phase=ledger-begin wall_ns=934625 source=darwin_proc_pid_rusage_v6 lifetime_peak_footprint_bytes=31979528312 ledger_present=true ledger_len=0 ledger_capacity=0 tuple_record_bytes=136 ledger_used_bytes=0 ledger_capacity_bytes=0 ledger_bytes_overflow=false sampling_unavailable=none
ETHEREUM_COHORT_RESOURCES phase=ledger-reserved wall_ns=645042 source=darwin_proc_pid_rusage_v6 lifetime_peak_footprint_bytes=31979528312 ledger_present=true ledger_len=0 ledger_capacity=316974724 tuple_record_bytes=136 ledger_used_bytes=0 ledger_capacity_bytes=43108562464 ledger_bytes_overflow=false sampling_unavailable=none
ETHEREUM_COHORT_RESOURCES phase=ledger-prefix wall_ns=65287710000 source=darwin_proc_pid_rusage_v6 lifetime_peak_footprint_bytes=41242557088 ledger_present=true ledger_len=68953678 ledger_capacity=316974724 tuple_record_bytes=136 ledger_used_bytes=9377700208 ledger_capacity_bytes=43108562464 ledger_bytes_overflow=false sampling_unavailable=none
ETHEREUM_COHORT_RESOURCES phase=ledger-suffix wall_ns=4867597833 source=darwin_proc_pid_rusage_v6 lifetime_peak_footprint_bytes=43420958904 ledger_present=true ledger_len=84963552 ledger_capacity=316974724 tuple_record_bytes=136 ledger_used_bytes=11555043072 ledger_capacity_bytes=43108562464 ledger_bytes_overflow=false sampling_unavailable=none
ETHEREUM_COHORT_RESOURCES phase=ledger-native wall_ns=55996582334 source=darwin_proc_pid_rusage_v6 lifetime_peak_footprint_bytes=56226604168 ledger_present=true ledger_len=166400087 ledger_capacity=316974724 tuple_record_bytes=136 ledger_used_bytes=22630411832 ledger_capacity_bytes=43108562464 ledger_bytes_overflow=false sampling_unavailable=none
ETHEREUM_COHORT_RESOURCES phase=range-provider wall_ns=5354457291 source=darwin_proc_pid_rusage_v6 lifetime_peak_footprint_bytes=56226604168 ledger_present=true ledger_len=166400537 ledger_capacity=316974724 tuple_record_bytes=136 ledger_used_bytes=22630473032 ledger_capacity_bytes=43108562464 ledger_bytes_overflow=false sampling_unavailable=none
ETHEREUM_COHORT_RESOURCES phase=ledger-range wall_ns=3069459 source=darwin_proc_pid_rusage_v6 lifetime_peak_footprint_bytes=56226604168 ledger_present=true ledger_len=166400671 ledger_capacity=316974724 tuple_record_bytes=136 ledger_used_bytes=22630491256 ledger_capacity_bytes=43108562464 ledger_bytes_overflow=false sampling_unavailable=none
ETHEREUM_COHORT_RESOURCES phase=ledger-classified wall_ns=210505019541 source=darwin_proc_pid_rusage_v6 lifetime_peak_footprint_bytes=56226604168 ledger_present=true ledger_len=166400671 ledger_capacity=316974724 tuple_record_bytes=136 ledger_used_bytes=22630491256 ledger_capacity_bytes=43108562464 ledger_bytes_overflow=false sampling_unavailable=none
ETHEREUM_COHORT_RESOURCES phase=ledger-released wall_ns=101123417125 source=darwin_proc_pid_rusage_v6 lifetime_peak_footprint_bytes=56226604168 ledger_present=false ledger_len=0 ledger_capacity=0 tuple_record_bytes=136 ledger_used_bytes=0 ledger_capacity_bytes=0 ledger_bytes_overflow=false sampling_unavailable=none
ETHEREUM_WRAPPER_PCS_STORAGE backing=file total_mapped_bytes=15264661504 remaining_mapped_bytes=0
ETHEREUM_WRAPPER_RESOURCES phase=tree0.cpu-pcs.commit wall_ns=467220663542 lifetime_peak_footprint_bytes=56226604168 current_footprint_bytes=31866708328 source=darwin_proc_pid_rusage_v6
ETHEREUM_WRAPPER_RESOURCES phase=tree0.cpu-pcs wall_ns=650347103167 lifetime_peak_footprint_bytes=56226604168 current_footprint_bytes=31866708328 source=darwin_proc_pid_rusage_v6
