BLAKE3_WITNESS_STAGE_PROFILE {"schema_version":1,"runtime":"host","example":"blake3-ethereum-witness","stages":[{"id":"witness.precompile","label":"Preflight and precompile witness","seconds":0.009022,"children":null},{"id":"witness.memory","label":"Memory commitment plan","seconds":0.001621,"children":null},{"id":"witness.hashes","label":"Hash columns and witness","seconds":0.036517,"children":null},{"id":"witness.native","label":"Native execution columns","seconds":0.00091,"children":null},{"id":"witness.lookup_counts","label":"Shared lookup counts and statement","seconds":0.017364,"children":null}]}
full-width witness: steps=1828 hash_counts={ 63000, 18000, 21360, 11097, 848, 303, 303, 404 } hash_logs={ 16, 15, 15, 14, 10, 9, 9, 9 } live=81843592 peak=101015977
full-width shared-path geometry [program, initial, final]: { .{ .words = 404, .independent_compressions = 98576, .shared_compressions = 4894, .proved_compressions = 0, .leaves = 1616, .parents = 1639, .frontier = 24 }, .{ .words = 136, .independent_compressions = 8296, .shared_compressions = 516, .proved_compressions = 516, .leaves = 136, .parents = 190, .frontier = 55 }, .{ .words = 167, .independent_compressions = 10187, .shared_compressions = 609, .proved_compressions = 609, .leaves = 167, .parents = 221, .frontier = 55 } }
METAL_STREAM_LEAVES columns=213 log=19 tile_log=17 scratch_bytes=67108864 working_bytes=46137344 dispatches=4 overlap=true gpu_ms=3.275
full-width admission: live=82523716 peak=175685605
METAL_STREAM_LEAVES columns=213 log=19 tile_log=17 scratch_bytes=67108864 working_bytes=46137344 dispatches=4 overlap=true gpu_ms=1.795
METAL_STREAM_LEAVES columns=6781 log=19 tile_log=16 scratch_bytes=67108864 working_bytes=44040192 dispatches=224 overlap=true gpu_ms=20.315
METAL_FRAMEWORK_INTERACTION rows=65536 batches=31 gpu_ms=2.316500002052635
METAL_FRAMEWORK_INTERACTION rows=32768 batches=4 gpu_ms=0.21237501641735435
METAL_FRAMEWORK_INTERACTION rows=32768 batches=1 gpu_ms=0.044750020606443286
METAL_FRAMEWORK_INTERACTION rows=16384 batches=2 gpu_ms=0.06125000072643161
METAL_FRAMEWORK_INTERACTION rows=1024 batches=2 gpu_ms=0.028458336601033807
METAL_FRAMEWORK_INTERACTION rows=512 batches=1 gpu_ms=0.027250003768131137
METAL_FRAMEWORK_INTERACTION rows=512 batches=2 gpu_ms=0.035666656913235784
METAL_FRAMEWORK_INTERACTION rows=512 batches=1 gpu_ms=0.016875012079253793
METAL_STREAM_LEAVES columns=7224 log=19 tile_log=16 scratch_bytes=67108864 working_bytes=44040192 dispatches=240 overlap=true gpu_ms=19.772
METAL_FRAMEWORK_COMPOSITION components=8 groups=5 gpu_ms=3.838
BLAKE3_EXECUTION_STAGE_PROFILE {"schema_version":1,"runtime":"native","example":"blake3-extension","stages":[{"id":"execution.fixed","label":"Admission and fixed commitment","seconds":0.028233,"children":null},{"id":"execution.main","label":"Main commitment","seconds":0.066174,"children":null},{"id":"execution.native_interaction","label":"Native interaction generation","seconds":0.010965,"children":null},{"id":"execution.hash_interaction","label":"Hash interaction generation","seconds":0.016823,"children":null},{"id":"execution.extension_interaction","label":"Precompile interaction generation","seconds":0.016887,"children":null},{"id":"execution.interaction_commit","label":"Interaction closure and commitment","seconds":0.072516,"children":null},{"id":"execution.core","label":"Core STARK proof","seconds":0.242068,"children":[{"id":"draw_random_coeff","label":"Draw random coefficient","seconds":0,"children":null},{"id":"composition_trace_extract","label":"Composition trace extract","seconds":0.000052,"children":null},{"id":"composition_evaluation","label":"Composition evaluation","seconds":0.06648,"children":null},{"id":"composition_interpolate_and_split","label":"Composition interpolate and split","seconds":0.001376,"children":null},{"id":"composition_commit","label":"Composition commit","seconds":0.001909,"children":null},{"id":"oods_point_and_mask_points","label":"OODS point and mask points","seconds":0.00071,"children":null},{"id":"sampled_value_evaluation","label":"Sampled-value evaluation","seconds":0.029944,"children":null},{"id":"sampled_value_channel_mix","label":"Sampled-value channel mix","seconds":0.001004,"children":null},{"id":"fri_quotient_build_and_commit","label":"FRI quotient build + commit (lazy)","seconds":0.088721,"children":null},{"id":"proof_of_work","label":"Proof of work","seconds":0.044169,"children":null},{"id":"fri_decommit","label":"FRI decommit","seconds":0.001723,"children":null},{"id":"trace_decommit","label":"Trace decommit","seconds":0.002601,"children":null},{"id":"constraint_check_and_assembly","label":"Constraint check and assembly","seconds":0.000701,"children":null}]}]}
BLAKE3_WITNESS_STAGE_PROFILE {"schema_version":1,"runtime":"host","example":"blake3-ethereum-witness","stages":[{"id":"witness.precompile","label":"Preflight and precompile witness","seconds":0.009017,"children":null},{"id":"witness.memory","label":"Memory commitment plan","seconds":0.001585,"children":null},{"id":"witness.hashes","label":"Hash columns and witness","seconds":0.037352,"children":null},{"id":"witness.native","label":"Native execution columns","seconds":0.000899,"children":null},{"id":"witness.lookup_counts","label":"Shared lookup counts and statement","seconds":0.018135,"children":null}]}
full-width witness: steps=1828 hash_counts={ 63000, 18000, 21360, 11097, 848, 303, 303, 404 } hash_logs={ 16, 15, 15, 14, 10, 9, 9, 9 } live=81843592 peak=586618403
full-width shared-path geometry [program, initial, final]: { .{ .words = 404, .independent_compressions = 98576, .shared_compressions = 4894, .proved_compressions = 0, .leaves = 1616, .parents = 1639, .frontier = 24 }, .{ .words = 136, .independent_compressions = 8296, .shared_compressions = 516, .proved_compressions = 516, .leaves = 136, .parents = 190, .frontier = 55 }, .{ .words = 167, .independent_compressions = 10187, .shared_compressions = 609, .proved_compressions = 609, .leaves = 167, .parents = 221, .frontier = 55 } }
METAL_STREAM_LEAVES columns=213 log=19 tile_log=17 scratch_bytes=67108864 working_bytes=46137344 dispatches=4 overlap=true gpu_ms=2.609
full-width admission: live=82523716 peak=586618403
METAL_STREAM_LEAVES columns=213 log=19 tile_log=17 scratch_bytes=67108864 working_bytes=46137344 dispatches=4 overlap=true gpu_ms=1.505
METAL_STREAM_LEAVES columns=6781 log=19 tile_log=16 scratch_bytes=67108864 working_bytes=44040192 dispatches=224 overlap=true gpu_ms=20.342
METAL_FRAMEWORK_INTERACTION rows=65536 batches=31 gpu_ms=2.437499992083758
METAL_FRAMEWORK_INTERACTION rows=32768 batches=4 gpu_ms=0.2655416610650718
METAL_FRAMEWORK_INTERACTION rows=32768 batches=1 gpu_ms=0.04562499816529453
METAL_FRAMEWORK_INTERACTION rows=16384 batches=2 gpu_ms=0.06195832975208759
METAL_FRAMEWORK_INTERACTION rows=1024 batches=2 gpu_ms=0.029416667530313134
METAL_FRAMEWORK_INTERACTION rows=512 batches=1 gpu_ms=0.027250003768131137
METAL_FRAMEWORK_INTERACTION rows=512 batches=2 gpu_ms=0.035999983083456755
METAL_FRAMEWORK_INTERACTION rows=512 batches=1 gpu_ms=0.01750001683831215
METAL_STREAM_LEAVES columns=7224 log=19 tile_log=16 scratch_bytes=67108864 working_bytes=44040192 dispatches=240 overlap=true gpu_ms=19.842
METAL_FRAMEWORK_COMPOSITION components=8 groups=5 gpu_ms=3.796
BLAKE3_EXECUTION_STAGE_PROFILE {"schema_version":1,"runtime":"native","example":"blake3-extension","stages":[{"id":"execution.fixed","label":"Admission and fixed commitment","seconds":0.028159,"children":null},{"id":"execution.main","label":"Main commitment","seconds":0.064632,"children":null},{"id":"execution.native_interaction","label":"Native interaction generation","seconds":0.010903,"children":null},{"id":"execution.hash_interaction","label":"Hash interaction generation","seconds":0.011849,"children":null},{"id":"execution.extension_interaction","label":"Precompile interaction generation","seconds":0.016753,"children":null},{"id":"execution.interaction_commit","label":"Interaction closure and commitment","seconds":0.071301,"children":null},{"id":"execution.core","label":"Core STARK proof","seconds":0.244789,"children":[{"id":"draw_random_coeff","label":"Draw random coefficient","seconds":0,"children":null},{"id":"composition_trace_extract","label":"Composition trace extract","seconds":0.000047,"children":null},{"id":"composition_evaluation","label":"Composition evaluation","seconds":0.066566,"children":null},{"id":"composition_interpolate_and_split","label":"Composition interpolate and split","seconds":0.00146,"children":null},{"id":"composition_commit","label":"Composition commit","seconds":0.00211,"children":null},{"id":"oods_point_and_mask_points","label":"OODS point and mask points","seconds":0.000654,"children":null},{"id":"sampled_value_evaluation","label":"Sampled-value evaluation","seconds":0.031472,"children":null},{"id":"sampled_value_channel_mix","label":"Sampled-value channel mix","seconds":0.001011,"children":null},{"id":"fri_quotient_build_and_commit","label":"FRI quotient build + commit (lazy)","seconds":0.092197,"children":null},{"id":"proof_of_work","label":"Proof of work","seconds":0.042088,"children":null},{"id":"fri_decommit","label":"FRI decommit","seconds":0.00182,"children":null},{"id":"trace_decommit","label":"Trace decommit","seconds":0.00212,"children":null},{"id":"constraint_check_and_assembly","label":"Constraint check and assembly","seconds":0.000662,"children":null}]}]}
BLAKE3_WITNESS_STAGE_PROFILE {"schema_version":1,"runtime":"host","example":"blake3-ethereum-witness","stages":[{"id":"witness.precompile","label":"Preflight and precompile witness","seconds":0.009022,"children":null},{"id":"witness.memory","label":"Memory commitment plan","seconds":0.001627,"children":null},{"id":"witness.hashes","label":"Hash columns and witness","seconds":0.037365,"children":null},{"id":"witness.native","label":"Native execution columns","seconds":0.00084,"children":null},{"id":"witness.lookup_counts","label":"Shared lookup counts and statement","seconds":0.017836,"children":null}]}
full-width witness: steps=1828 hash_counts={ 63000, 18000, 21360, 11097, 848, 303, 303, 404 } hash_logs={ 16, 15, 15, 14, 10, 9, 9, 9 } live=81843592 peak=586618403
full-width shared-path geometry [program, initial, final]: { .{ .words = 404, .independent_compressions = 98576, .shared_compressions = 4894, .proved_compressions = 0, .leaves = 1616, .parents = 1639, .frontier = 24 }, .{ .words = 136, .independent_compressions = 8296, .shared_compressions = 516, .proved_compressions = 516, .leaves = 136, .parents = 190, .frontier = 55 }, .{ .words = 167, .independent_compressions = 10187, .shared_compressions = 609, .proved_compressions = 609, .leaves = 167, .parents = 221, .frontier = 55 } }
METAL_STREAM_LEAVES columns=213 log=19 tile_log=17 scratch_bytes=67108864 working_bytes=46137344 dispatches=4 overlap=true gpu_ms=3.365
full-width admission: live=82523716 peak=586618403
METAL_STREAM_LEAVES columns=213 log=19 tile_log=17 scratch_bytes=67108864 working_bytes=46137344 dispatches=4 overlap=true gpu_ms=1.829
METAL_STREAM_LEAVES columns=6781 log=19 tile_log=16 scratch_bytes=67108864 working_bytes=44040192 dispatches=224 overlap=true gpu_ms=20.404
METAL_FRAMEWORK_INTERACTION rows=65536 batches=31 gpu_ms=2.3247500066645443
METAL_FRAMEWORK_INTERACTION rows=32768 batches=4 gpu_ms=0.13237498933449388
METAL_FRAMEWORK_INTERACTION rows=32768 batches=1 gpu_ms=0.04708333290182054
METAL_FRAMEWORK_INTERACTION rows=16384 batches=2 gpu_ms=0.06204168312251568
METAL_FRAMEWORK_INTERACTION rows=1024 batches=2 gpu_ms=0.02937499084509909
METAL_FRAMEWORK_INTERACTION rows=512 batches=1 gpu_ms=0.02812498132698238
METAL_FRAMEWORK_INTERACTION rows=512 batches=2 gpu_ms=0.036708341212943196
METAL_FRAMEWORK_INTERACTION rows=512 batches=1 gpu_ms=0.017541664419695735
METAL_STREAM_LEAVES columns=7224 log=19 tile_log=16 scratch_bytes=67108864 working_bytes=44040192 dispatches=240 overlap=true gpu_ms=19.816
METAL_FRAMEWORK_COMPOSITION components=8 groups=5 gpu_ms=3.871
BLAKE3_EXECUTION_STAGE_PROFILE {"schema_version":1,"runtime":"native","example":"blake3-extension","stages":[{"id":"execution.fixed","label":"Admission and fixed commitment","seconds":0.033412,"children":null},{"id":"execution.main","label":"Main commitment","seconds":0.065456,"children":null},{"id":"execution.native_interaction","label":"Native interaction generation","seconds":0.011016,"children":null},{"id":"execution.hash_interaction","label":"Hash interaction generation","seconds":0.012006,"children":null},{"id":"execution.extension_interaction","label":"Precompile interaction generation","seconds":0.01672,"children":null},{"id":"execution.interaction_commit","label":"Interaction closure and commitment","seconds":0.072,"children":null},{"id":"execution.core","label":"Core STARK proof","seconds":0.253043,"children":[{"id":"draw_random_coeff","label":"Draw random coefficient","seconds":0,"children":null},{"id":"composition_trace_extract","label":"Composition trace extract","seconds":0.000048,"children":null},{"id":"composition_evaluation","label":"Composition evaluation","seconds":0.066181,"children":null},{"id":"composition_interpolate_and_split","label":"Composition interpolate and split","seconds":0.001392,"children":null},{"id":"composition_commit","label":"Composition commit","seconds":0.002548,"children":null},{"id":"oods_point_and_mask_points","label":"OODS point and mask points","seconds":0.000655,"children":null},{"id":"sampled_value_evaluation","label":"Sampled-value evaluation","seconds":0.034139,"children":null},{"id":"sampled_value_channel_mix","label":"Sampled-value channel mix","seconds":0.001036,"children":null},{"id":"fri_quotient_build_and_commit","label":"FRI quotient build + commit (lazy)","seconds":0.097719,"children":null},{"id":"proof_of_work","label":"Proof of work","seconds":0.042096,"children":null},{"id":"fri_decommit","label":"FRI decommit","seconds":0.00183,"children":null},{"id":"trace_decommit","label":"Trace decommit","seconds":0.00215,"children":null},{"id":"constraint_check_and_assembly","label":"Constraint check and assembly","seconds":0.000655,"children":null}]}]}
