BLAKE3_WITNESS_STAGE_PROFILE {"schema_version":1,"runtime":"host","example":"blake3-ethereum-witness","stages":[{"id":"witness.precompile","label":"Preflight and precompile witness","seconds":0.010812,"children":null},{"id":"witness.memory","label":"Memory commitment plan","seconds":0.001836,"children":null},{"id":"witness.hashes","label":"Hash columns and witness","seconds":0.037832,"children":null},{"id":"witness.native","label":"Native execution columns","seconds":0.000975,"children":null},{"id":"witness.lookup_counts","label":"Shared lookup counts and statement","seconds":0.017919,"children":null}]}
full-width witness: steps=1828 hash_counts={ 63000, 18000, 21360, 11097, 848, 303, 303, 404 } hash_logs={ 16, 15, 15, 14, 10, 9, 9, 9 } live=81843592 peak=101015977
full-width shared-path geometry [program, initial, final]: { .{ .words = 404, .independent_compressions = 98576, .shared_compressions = 4894, .proved_compressions = 0, .leaves = 1616, .parents = 1639, .frontier = 24 }, .{ .words = 136, .independent_compressions = 8296, .shared_compressions = 516, .proved_compressions = 516, .leaves = 136, .parents = 190, .frontier = 55 }, .{ .words = 167, .independent_compressions = 10187, .shared_compressions = 609, .proved_compressions = 609, .leaves = 167, .parents = 221, .frontier = 55 } }
METAL_STREAM_LEAVES columns=213 log=19 tile_log=17 scratch_bytes=67108864 working_bytes=46137344 dispatches=4 overlap=true gpu_ms=3.372
full-width admission: live=82523716 peak=175685605
METAL_STREAM_LEAVES columns=213 log=19 tile_log=17 scratch_bytes=67108864 working_bytes=46137344 dispatches=4 overlap=true gpu_ms=6.541
METAL_STREAM_LEAVES columns=6781 log=19 tile_log=16 scratch_bytes=67108864 working_bytes=44040192 dispatches=224 overlap=true gpu_ms=27.766
METAL_FRAMEWORK_INTERACTION rows=65536 batches=31 gpu_ms=2.308041643118486
METAL_FRAMEWORK_INTERACTION rows=32768 batches=4 gpu_ms=0.12416666140779853
METAL_FRAMEWORK_INTERACTION rows=32768 batches=1 gpu_ms=0.044625019654631615
METAL_FRAMEWORK_INTERACTION rows=16384 batches=2 gpu_ms=0.06137500167824328
METAL_FRAMEWORK_INTERACTION rows=1024 batches=2 gpu_ms=0.029125018045306206
METAL_FRAMEWORK_INTERACTION rows=512 batches=1 gpu_ms=0.027250003768131137
METAL_FRAMEWORK_INTERACTION rows=512 batches=2 gpu_ms=0.03587501123547554
METAL_FRAMEWORK_INTERACTION rows=512 batches=1 gpu_ms=0.01716666156426072
METAL_STREAM_LEAVES columns=7224 log=19 tile_log=16 scratch_bytes=67108864 working_bytes=44040192 dispatches=240 overlap=true gpu_ms=19.802
METAL_FRAMEWORK_COMPOSITION components=8 groups=5 gpu_ms=3.802
BLAKE3_EXECUTION_STAGE_PROFILE {"schema_version":1,"runtime":"native","example":"blake3-extension","stages":[{"id":"execution.fixed","label":"Admission and fixed commitment","seconds":0.037752,"children":null},{"id":"execution.main","label":"Main commitment","seconds":0.093195,"children":null},{"id":"execution.native_interaction","label":"Native interaction generation","seconds":0.010912,"children":null},{"id":"execution.hash_interaction","label":"Hash interaction generation","seconds":0.017111,"children":null},{"id":"execution.extension_interaction","label":"Precompile interaction generation","seconds":0.017002,"children":null},{"id":"execution.interaction_commit","label":"Interaction closure and commitment","seconds":0.072794,"children":null},{"id":"execution.core","label":"Core STARK proof","seconds":0.243163,"children":[{"id":"draw_random_coeff","label":"Draw random coefficient","seconds":0,"children":null},{"id":"composition_trace_extract","label":"Composition trace extract","seconds":0.000046,"children":null},{"id":"composition_evaluation","label":"Composition evaluation","seconds":0.066088,"children":null},{"id":"composition_interpolate_and_split","label":"Composition interpolate and split","seconds":0.001386,"children":null},{"id":"composition_commit","label":"Composition commit","seconds":0.001883,"children":null},{"id":"oods_point_and_mask_points","label":"OODS point and mask points","seconds":0.000732,"children":null},{"id":"sampled_value_evaluation","label":"Sampled-value evaluation","seconds":0.029791,"children":null},{"id":"sampled_value_channel_mix","label":"Sampled-value channel mix","seconds":0.001009,"children":null},{"id":"fri_quotient_build_and_commit","label":"FRI quotient build + commit (lazy)","seconds":0.090006,"children":null},{"id":"proof_of_work","label":"Proof of work","seconds":0.044246,"children":null},{"id":"fri_decommit","label":"FRI decommit","seconds":0.001818,"children":null},{"id":"trace_decommit","label":"Trace decommit","seconds":0.002537,"children":null},{"id":"constraint_check_and_assembly","label":"Constraint check and assembly","seconds":0.000828,"children":null}]}]}
BLAKE3_WITNESS_STAGE_PROFILE {"schema_version":1,"runtime":"host","example":"blake3-ethereum-witness","stages":[{"id":"witness.precompile","label":"Preflight and precompile witness","seconds":0.009144,"children":null},{"id":"witness.memory","label":"Memory commitment plan","seconds":0.001611,"children":null},{"id":"witness.hashes","label":"Hash columns and witness","seconds":0.037819,"children":null},{"id":"witness.native","label":"Native execution columns","seconds":0.000898,"children":null},{"id":"witness.lookup_counts","label":"Shared lookup counts and statement","seconds":0.017099,"children":null}]}
full-width witness: steps=1828 hash_counts={ 63000, 18000, 21360, 11097, 848, 303, 303, 404 } hash_logs={ 16, 15, 15, 14, 10, 9, 9, 9 } live=81843592 peak=586618403
full-width shared-path geometry [program, initial, final]: { .{ .words = 404, .independent_compressions = 98576, .shared_compressions = 4894, .proved_compressions = 0, .leaves = 1616, .parents = 1639, .frontier = 24 }, .{ .words = 136, .independent_compressions = 8296, .shared_compressions = 516, .proved_compressions = 516, .leaves = 136, .parents = 190, .frontier = 55 }, .{ .words = 167, .independent_compressions = 10187, .shared_compressions = 609, .proved_compressions = 609, .leaves = 167, .parents = 221, .frontier = 55 } }
METAL_STREAM_LEAVES columns=213 log=19 tile_log=17 scratch_bytes=67108864 working_bytes=46137344 dispatches=4 overlap=true gpu_ms=1.789
full-width admission: live=82523716 peak=586618403
METAL_STREAM_LEAVES columns=213 log=19 tile_log=17 scratch_bytes=67108864 working_bytes=46137344 dispatches=4 overlap=true gpu_ms=1.358
METAL_STREAM_LEAVES columns=6781 log=19 tile_log=16 scratch_bytes=67108864 working_bytes=44040192 dispatches=224 overlap=true gpu_ms=20.455
METAL_FRAMEWORK_INTERACTION rows=65536 batches=31 gpu_ms=2.497958339517936
METAL_FRAMEWORK_INTERACTION rows=32768 batches=4 gpu_ms=0.09975000284612179
METAL_FRAMEWORK_INTERACTION rows=32768 batches=1 gpu_ms=0.0444583420176059
METAL_FRAMEWORK_INTERACTION rows=16384 batches=2 gpu_ms=0.06137500167824328
METAL_FRAMEWORK_INTERACTION rows=1024 batches=2 gpu_ms=0.02924998989328742
METAL_FRAMEWORK_INTERACTION rows=512 batches=1 gpu_ms=0.02750000567175448
METAL_FRAMEWORK_INTERACTION rows=512 batches=2 gpu_ms=0.03554165596142411
METAL_FRAMEWORK_INTERACTION rows=512 batches=1 gpu_ms=0.01691665966063738
METAL_STREAM_LEAVES columns=7224 log=19 tile_log=16 scratch_bytes=67108864 working_bytes=44040192 dispatches=240 overlap=true gpu_ms=19.847
METAL_FRAMEWORK_COMPOSITION components=8 groups=5 gpu_ms=3.840
BLAKE3_EXECUTION_STAGE_PROFILE {"schema_version":1,"runtime":"native","example":"blake3-extension","stages":[{"id":"execution.fixed","label":"Admission and fixed commitment","seconds":0.029159,"children":null},{"id":"execution.main","label":"Main commitment","seconds":0.066198,"children":null},{"id":"execution.native_interaction","label":"Native interaction generation","seconds":0.011061,"children":null},{"id":"execution.hash_interaction","label":"Hash interaction generation","seconds":0.011552,"children":null},{"id":"execution.extension_interaction","label":"Precompile interaction generation","seconds":0.016835,"children":null},{"id":"execution.interaction_commit","label":"Interaction closure and commitment","seconds":0.070579,"children":null},{"id":"execution.core","label":"Core STARK proof","seconds":0.250638,"children":[{"id":"draw_random_coeff","label":"Draw random coefficient","seconds":0.000001,"children":null},{"id":"composition_trace_extract","label":"Composition trace extract","seconds":0.000053,"children":null},{"id":"composition_evaluation","label":"Composition evaluation","seconds":0.06544,"children":null},{"id":"composition_interpolate_and_split","label":"Composition interpolate and split","seconds":0.001331,"children":null},{"id":"composition_commit","label":"Composition commit","seconds":0.002854,"children":null},{"id":"oods_point_and_mask_points","label":"OODS point and mask points","seconds":0.000685,"children":null},{"id":"sampled_value_evaluation","label":"Sampled-value evaluation","seconds":0.034759,"children":null},{"id":"sampled_value_channel_mix","label":"Sampled-value channel mix","seconds":0.000989,"children":null},{"id":"fri_quotient_build_and_commit","label":"FRI quotient build + commit (lazy)","seconds":0.097328,"children":null},{"id":"proof_of_work","label":"Proof of work","seconds":0.039762,"children":null},{"id":"fri_decommit","label":"FRI decommit","seconds":0.001853,"children":null},{"id":"trace_decommit","label":"Trace decommit","seconds":0.002117,"children":null},{"id":"constraint_check_and_assembly","label":"Constraint check and assembly","seconds":0.000656,"children":null}]}]}
BLAKE3_WITNESS_STAGE_PROFILE {"schema_version":1,"runtime":"host","example":"blake3-ethereum-witness","stages":[{"id":"witness.precompile","label":"Preflight and precompile witness","seconds":0.009066,"children":null},{"id":"witness.memory","label":"Memory commitment plan","seconds":0.001613,"children":null},{"id":"witness.hashes","label":"Hash columns and witness","seconds":0.038775,"children":null},{"id":"witness.native","label":"Native execution columns","seconds":0.000881,"children":null},{"id":"witness.lookup_counts","label":"Shared lookup counts and statement","seconds":0.019535,"children":null}]}
full-width witness: steps=1828 hash_counts={ 63000, 18000, 21360, 11097, 848, 303, 303, 404 } hash_logs={ 16, 15, 15, 14, 10, 9, 9, 9 } live=81843592 peak=586618403
full-width shared-path geometry [program, initial, final]: { .{ .words = 404, .independent_compressions = 98576, .shared_compressions = 4894, .proved_compressions = 0, .leaves = 1616, .parents = 1639, .frontier = 24 }, .{ .words = 136, .independent_compressions = 8296, .shared_compressions = 516, .proved_compressions = 516, .leaves = 136, .parents = 190, .frontier = 55 }, .{ .words = 167, .independent_compressions = 10187, .shared_compressions = 609, .proved_compressions = 609, .leaves = 167, .parents = 221, .frontier = 55 } }
METAL_STREAM_LEAVES columns=213 log=19 tile_log=17 scratch_bytes=67108864 working_bytes=46137344 dispatches=4 overlap=true gpu_ms=1.965
full-width admission: live=82523716 peak=586618403
METAL_STREAM_LEAVES columns=213 log=19 tile_log=17 scratch_bytes=67108864 working_bytes=46137344 dispatches=4 overlap=true gpu_ms=1.955
METAL_STREAM_LEAVES columns=6781 log=19 tile_log=16 scratch_bytes=67108864 working_bytes=44040192 dispatches=224 overlap=true gpu_ms=20.436
METAL_FRAMEWORK_INTERACTION rows=65536 batches=31 gpu_ms=2.345000015338883
METAL_FRAMEWORK_INTERACTION rows=32768 batches=4 gpu_ms=0.09162499918602407
METAL_FRAMEWORK_INTERACTION rows=32768 batches=1 gpu_ms=0.04437501775100827
METAL_FRAMEWORK_INTERACTION rows=16384 batches=2 gpu_ms=0.06058331928215921
METAL_FRAMEWORK_INTERACTION rows=1024 batches=2 gpu_ms=0.028750015189871192
METAL_FRAMEWORK_INTERACTION rows=512 batches=1 gpu_ms=0.02737497561611235
METAL_FRAMEWORK_INTERACTION rows=512 batches=2 gpu_ms=0.036458339309319854
METAL_FRAMEWORK_INTERACTION rows=512 batches=1 gpu_ms=0.01662501017563045
METAL_STREAM_LEAVES columns=7224 log=19 tile_log=16 scratch_bytes=67108864 working_bytes=44040192 dispatches=240 overlap=true gpu_ms=19.867
METAL_FRAMEWORK_COMPOSITION components=8 groups=5 gpu_ms=3.810
BLAKE3_EXECUTION_STAGE_PROFILE {"schema_version":1,"runtime":"native","example":"blake3-extension","stages":[{"id":"execution.fixed","label":"Admission and fixed commitment","seconds":0.02528,"children":null},{"id":"execution.main","label":"Main commitment","seconds":0.063154,"children":null},{"id":"execution.native_interaction","label":"Native interaction generation","seconds":0.010893,"children":null},{"id":"execution.hash_interaction","label":"Hash interaction generation","seconds":0.010982,"children":null},{"id":"execution.extension_interaction","label":"Precompile interaction generation","seconds":0.016788,"children":null},{"id":"execution.interaction_commit","label":"Interaction closure and commitment","seconds":0.066531,"children":null},{"id":"execution.core","label":"Core STARK proof","seconds":0.239031,"children":[{"id":"draw_random_coeff","label":"Draw random coefficient","seconds":0.000001,"children":null},{"id":"composition_trace_extract","label":"Composition trace extract","seconds":0.000051,"children":null},{"id":"composition_evaluation","label":"Composition evaluation","seconds":0.065777,"children":null},{"id":"composition_interpolate_and_split","label":"Composition interpolate and split","seconds":0.001321,"children":null},{"id":"composition_commit","label":"Composition commit","seconds":0.002014,"children":null},{"id":"oods_point_and_mask_points","label":"OODS point and mask points","seconds":0.000611,"children":null},{"id":"sampled_value_evaluation","label":"Sampled-value evaluation","seconds":0.028352,"children":null},{"id":"sampled_value_channel_mix","label":"Sampled-value channel mix","seconds":0.001007,"children":null},{"id":"fri_quotient_build_and_commit","label":"FRI quotient build + commit (lazy)","seconds":0.088564,"children":null},{"id":"proof_of_work","label":"Proof of work","seconds":0.044158,"children":null},{"id":"fri_decommit","label":"FRI decommit","seconds":0.001756,"children":null},{"id":"trace_decommit","label":"Trace decommit","seconds":0.002048,"children":null},{"id":"constraint_check_and_assembly","label":"Constraint check and assembly","seconds":0.000659,"children":null}]}]}
