test-pcs-retained-columns
+- run test failure
thread 40599678 panic: index out of bounds: index 0, len 0
/Users/theodorepender/Coding/stark-proving-engineering/stwo-zig/.git/local-ethereum/devex-validation-source-v14/source/src/prover/pcs/retained_column_storage_test.zig:401:0: 0x1027ef483 in test.PCS retained column storage keeps quotient allocator selection explicit in borrowed traces (test)
        try std.testing.expect(trace.polys.items[0][0].values.ptr == scheme.trees.items[0].columns[0].values.ptr);

/opt/homebrew/Cellar/zig/0.15.2/lib/zig/compiler/test_runner.zig:130:29: 0x1027303d3 in mainServer (test)
                test_fn.func() catch |err| switch (err) {
                            ^
/opt/homebrew/Cellar/zig/0.15.2/lib/zig/compiler/test_runner.zig:64:26: 0x10272eea3 in main (test)
        return mainServer() catch @panic("internal test runner failure");
                         ^
/opt/homebrew/Cellar/zig/0.15.2/lib/zig/std/start.zig:618:22: 0x10272c89b in main (test)
            root.main();
                     ^
???:?:?: 0x19bcdc273 in ??? (???)
???:?:?: 0xca73ffffffffffff in ??? (???)
error: while executing test 'pcs.retained_column_storage_test.test.PCS retained column storage keeps quotient allocator selection explicit in borrowed traces', the following command terminated with signal 6 (expected exited with code 0):
./.zig-cache/o/ed6c2fbbfe026c95e18015f5c1c5dcf1/test --cache-dir=./.zig-cache --seed=0xd3e2b0b8 --listen=-

Build Summary: 1/3 steps succeeded; 1 failed; 14/14 tests passed
test-pcs-retained-columns transitive failure
+- run test failure
   +- compile test ReleaseSafe native success 13s MaxRSS:847M

error: the following build command failed with exit code 1:
.zig-cache/o/9cbe484cde86cf5bf8a4dafb40d81515/build /opt/homebrew/Cellar/zig/0.15.2/bin/zig /opt/homebrew/Cellar/zig/0.15.2/lib/zig /Users/theodorepender/Coding/stark-proving-engineering/stwo-zig/.git/local-ethereum/devex-validation-source-v14/source/src/prover .zig-cache /Users/theodorepender/.cache/zig --seed 0xd3e2b0b8 -Z62d15d866487e782 --maxrss 25769803776 -j1 test-pcs-retained-columns -Doptimize=ReleaseSafe --summary all
