SEGMENT_V2_LADDER mode=narrow_complete_proof requested_steps=64 native_backend=metal memory_addresses=1 initial_register7=0
SEGMENT_V2_NATIVE_METAL_AOT profile=core_v2 manifest_sha256=21332158b1e1202b9c4171b057d4fb3fbd43d96c22d50012267f55e45e2193e5 source_sha256=c2daaaf7dab998e6c542651dec73323973eafceee6ccf9d56fce6094ccac2786 metallib_sha256=9b1327752224ccd8837063f29c9e5112efac8f6746050f8ff5dc9c2fb23ce8a7 initialization_ns=83856500
SEGMENT_V2_MEMORY_EXECUTION address_count=1 initial_word=13 segment_cycles=64 cumulative_cycles=64 loads=21 stores=20 distinct_accessed=1 stride_bytes=128 entry_nonzero_words=1 exit_nonzero_words=1 exit_pc=1100
SEGMENT_V2_MEMORY_EXECUTION address_count=1 initial_word=13 segment_cycles=64 cumulative_cycles=128 loads=21 stores=22 distinct_accessed=1 stride_bytes=128 entry_nonzero_words=1 exit_nonzero_words=1 exit_pc=1200
SEGMENT_V2_MEMORY_EXECUTION address_count=1 initial_word=13 segment_cycles=64 cumulative_cycles=192 loads=22 stores=21 distinct_accessed=1 stride_bytes=128 entry_nonzero_words=1 exit_nonzero_words=1 exit_pc=1300
SEGMENT_V2_MEMORY_EXECUTION address_count=1 initial_word=13 segment_cycles=35 cumulative_cycles=227 loads=11 stores=12 distinct_accessed=1 stride_bytes=128 entry_nonzero_words=1 exit_nonzero_words=1 exit_pc=138c
info: Columns: opcode=103 infra=481 total tree1=584 interaction=152
info: Poseidon2 Merkle: 994 exact sparse-node calls, poseidon_log_size=10, merkle_log_size=10
info: resident RISC-V semantic composition: 3 components, 3 kernels, 0.096 ms GPU
info: resident RISC-V lookup composition: 3 components, 3 kernels, 0.247 ms GPU
SEGMENT_V2_NATIVE_MEMORY path=temporal segment=0 backend=metal scope=caller_allocator_payload excludes=size_routed_mmap_and_device producer_peak_bytes=467452572 producer_live_bytes_after_destroy=0 canonical_proof_bytes=1333079 before_fresh_decode=true
SEGMENT_V2_NATIVE_PROFILE profile=protocol_v1 segment=0 queries=193 fold_step=4 pcs_pow_bits=16 interaction_pow_bits=10 prove_ns=1024688167 transport_ns=8983500 verify_ns=436523958 recursive_prepare_ns=822035625 proof_bytes=1333079 transcript_calls=1164 verifier_core_calls=58865 outer_proof_created=false
SEGMENT_V2_TWO_CHILD_NATIVE_METAL segment=0 dispatches=79 poseidon_commits=9
SEGMENT_V2_DETACHED_GEOMETRY profile=recursive_q193_v1 cohort_ns=1644528875 poseidon_calls=60045 tree0_evaluation_bytes=187176192 tree1_evaluation_bytes=242896640 tree2_evaluation_bytes=110733312 excludes=pcs_expansion_commitments_and_metadata before_tree_allocation=true
SEGMENT_V2_TWO_CHILD_RECURSIVE_METAL segment=0 dispatches=92 poseidon_commits=9 composition_dispatches=0 fri_circle_dispatches=1 fri_line_dispatches=18 cpu_fallbacks=0
SEGMENT_V2_TWO_CHILD_CANDIDATE segment=0 first_cycle=0 retired_cycles=64 completed=false directory=/Users/theodorepender/Coding/stark-proving-engineering/stwo-zig/vectors/reports/riscv-proving-stack-reset-20260908/strict-metal-v1/complete-tree-metal-4/leaves/child-0 native_backend=metal recursive_backend=metal proof_bytes=2483410 native_ingress_ns=2293589833 outer_prepare_ns=2019864792 outer_prove_ns=3666277625 transaction_ns=8005401417 producer_peak_bytes=2241558326 producer_live_bytes_after_destroy=0 status=unverified_candidate parent_proof_created=false
info: Columns: opcode=85 infra=481 total tree1=566 interaction=136
info: Poseidon2 Merkle: 994 exact sparse-node calls, poseidon_log_size=10, merkle_log_size=10
info: resident RISC-V semantic composition: 2 components, 2 kernels, 0.075 ms GPU
info: resident RISC-V lookup composition: 2 components, 2 kernels, 0.231 ms GPU
SEGMENT_V2_NATIVE_MEMORY path=temporal segment=1 backend=metal scope=caller_allocator_payload excludes=size_routed_mmap_and_device producer_peak_bytes=467436028 producer_live_bytes_after_destroy=0 canonical_proof_bytes=1285640 before_fresh_decode=true
SEGMENT_V2_NATIVE_PROFILE profile=protocol_v1 segment=1 queries=193 fold_step=4 pcs_pow_bits=16 interaction_pow_bits=10 prove_ns=1001806625 transport_ns=8595208 verify_ns=433271333 recursive_prepare_ns=821614250 proof_bytes=1285640 transcript_calls=1104 verifier_core_calls=57900 outer_proof_created=false
SEGMENT_V2_TWO_CHILD_NATIVE_METAL segment=1 dispatches=79 poseidon_commits=9
SEGMENT_V2_DETACHED_GEOMETRY profile=recursive_q193_v1 cohort_ns=1628984500 poseidon_calls=59019 tree0_evaluation_bytes=187176192 tree1_evaluation_bytes=242896640 tree2_evaluation_bytes=110733312 excludes=pcs_expansion_commitments_and_metadata before_tree_allocation=true
SEGMENT_V2_TWO_CHILD_RECURSIVE_METAL segment=1 dispatches=92 poseidon_commits=9 composition_dispatches=0 fri_circle_dispatches=1 fri_line_dispatches=18 cpu_fallbacks=0
SEGMENT_V2_TWO_CHILD_CANDIDATE segment=1 first_cycle=64 retired_cycles=64 completed=false directory=/Users/theodorepender/Coding/stark-proving-engineering/stwo-zig/vectors/reports/riscv-proving-stack-reset-20260908/strict-metal-v1/complete-tree-metal-4/leaves/child-1 native_backend=metal recursive_backend=metal proof_bytes=2485445 native_ingress_ns=2266631042 outer_prepare_ns=2018868666 outer_prove_ns=3731819542 transaction_ns=8042859791 producer_peak_bytes=2232079480 producer_live_bytes_after_destroy=0 status=unverified_candidate parent_proof_created=false
info: Columns: opcode=85 infra=481 total tree1=566 interaction=136
info: Poseidon2 Merkle: 994 exact sparse-node calls, poseidon_log_size=10, merkle_log_size=10
info: resident RISC-V semantic composition: 2 components, 2 kernels, 0.076 ms GPU
info: resident RISC-V lookup composition: 2 components, 2 kernels, 0.228 ms GPU
SEGMENT_V2_NATIVE_MEMORY path=temporal segment=2 backend=metal scope=caller_allocator_payload excludes=size_routed_mmap_and_device producer_peak_bytes=467436028 producer_live_bytes_after_destroy=0 canonical_proof_bytes=1293574 before_fresh_decode=true
SEGMENT_V2_NATIVE_PROFILE profile=protocol_v1 segment=2 queries=193 fold_step=4 pcs_pow_bits=16 interaction_pow_bits=10 prove_ns=999256666 transport_ns=9052584 verify_ns=434185708 recursive_prepare_ns=827879000 proof_bytes=1293574 transcript_calls=1104 verifier_core_calls=57900 outer_proof_created=false
SEGMENT_V2_TWO_CHILD_NATIVE_METAL segment=2 dispatches=79 poseidon_commits=9
SEGMENT_V2_DETACHED_GEOMETRY profile=recursive_q193_v1 cohort_ns=1652644542 poseidon_calls=59019 tree0_evaluation_bytes=187176192 tree1_evaluation_bytes=242896640 tree2_evaluation_bytes=110733312 excludes=pcs_expansion_commitments_and_metadata before_tree_allocation=true
SEGMENT_V2_TWO_CHILD_RECURSIVE_METAL segment=2 dispatches=92 poseidon_commits=9 composition_dispatches=0 fri_circle_dispatches=1 fri_line_dispatches=18 cpu_fallbacks=0
SEGMENT_V2_TWO_CHILD_CANDIDATE segment=2 first_cycle=128 retired_cycles=64 completed=false directory=/Users/theodorepender/Coding/stark-proving-engineering/stwo-zig/vectors/reports/riscv-proving-stack-reset-20260908/strict-metal-v1/complete-tree-metal-4/leaves/child-2 native_backend=metal recursive_backend=metal proof_bytes=2490707 native_ingress_ns=2271686375 outer_prepare_ns=2051405875 outer_prove_ns=3747221792 transaction_ns=8096269958 producer_peak_bytes=2232079487 producer_live_bytes_after_destroy=0 status=unverified_candidate parent_proof_created=false
info: Columns: opcode=85 infra=481 total tree1=566 interaction=136
info: Poseidon2 Merkle: 994 exact sparse-node calls, poseidon_log_size=10, merkle_log_size=10
info: resident RISC-V semantic composition: 2 components, 2 kernels, 0.075 ms GPU
info: resident RISC-V lookup composition: 2 components, 2 kernels, 0.222 ms GPU
SEGMENT_V2_NATIVE_MEMORY path=temporal segment=3 backend=metal scope=caller_allocator_payload excludes=size_routed_mmap_and_device producer_peak_bytes=467321348 producer_live_bytes_after_destroy=0 canonical_proof_bytes=1287206 before_fresh_decode=true
SEGMENT_V2_NATIVE_PROFILE profile=protocol_v1 segment=3 queries=193 fold_step=4 pcs_pow_bits=16 interaction_pow_bits=10 prove_ns=989748542 transport_ns=9185208 verify_ns=433972833 recursive_prepare_ns=837131584 proof_bytes=1287206 transcript_calls=1104 verifier_core_calls=57900 outer_proof_created=false
SEGMENT_V2_TWO_CHILD_NATIVE_METAL segment=3 dispatches=76 poseidon_commits=9
SEGMENT_V2_DETACHED_GEOMETRY profile=recursive_q193_v1 cohort_ns=1674187875 poseidon_calls=59019 tree0_evaluation_bytes=187176192 tree1_evaluation_bytes=242896640 tree2_evaluation_bytes=110733312 excludes=pcs_expansion_commitments_and_metadata before_tree_allocation=true
SEGMENT_V2_TWO_CHILD_RECURSIVE_METAL segment=3 dispatches=92 poseidon_commits=9 composition_dispatches=0 fri_circle_dispatches=1 fri_line_dispatches=18 cpu_fallbacks=0
SEGMENT_V2_TWO_CHILD_CANDIDATE segment=3 first_cycle=192 retired_cycles=35 completed=true directory=/Users/theodorepender/Coding/stark-proving-engineering/stwo-zig/vectors/reports/riscv-proving-stack-reset-20260908/strict-metal-v1/complete-tree-metal-4/leaves/child-3 native_backend=metal recursive_backend=metal proof_bytes=2485993 native_ingress_ns=2271451375 outer_prepare_ns=2060893000 outer_prove_ns=3738916542 transaction_ns=8096389834 producer_peak_bytes=2231682858 producer_live_bytes_after_destroy=0 status=unverified_candidate parent_proof_created=false
SEGMENT_V2_TWO_CHILD_PRODUCER status=unverified_candidates native_backend=metal recursive_backend=metal owners_destroyed=true parent_proof_created=false
