test-recursion-opening-accumulation
+- run test stderr
DIRECT_EXECUTION_PRUNING row=0 canonical_nodes=7 executed_nodes=3
DIRECT_EXECUTION_PRUNING row=1 canonical_nodes=40 executed_nodes=29
DIRECT_EXECUTION_PRUNING row=2 canonical_nodes=49 executed_nodes=30
DIRECT_EXECUTION_PRUNING row=3 canonical_nodes=41 executed_nodes=30
DIRECT_EXECUTION_PRUNING row=4 canonical_nodes=12 executed_nodes=10
DIRECT_EXECUTION_PRUNING row=5 canonical_nodes=10 executed_nodes=9
DIRECT_EXECUTION_PRUNING row=6 canonical_nodes=314 executed_nodes=314
DIRECT_EXECUTION_PRUNING row=7 canonical_nodes=12 executed_nodes=8
DIRECT_EXECUTION_PRUNING row=8 canonical_nodes=23 executed_nodes=15
DIRECT_EXECUTION_PRUNING row=9 canonical_nodes=55 executed_nodes=15
DIRECT_EXECUTION_PRUNING row=10 canonical_nodes=41 executed_nodes=39
DIRECT_EXECUTION_PRUNING row=11 canonical_nodes=21 executed_nodes=21
DIRECT_EXECUTION_PRUNING row=12 canonical_nodes=36 executed_nodes=35
DIRECT_EXECUTION_PRUNING row=13 canonical_nodes=1 executed_nodes=1
DIRECT_EXECUTION_PRUNING row=20 canonical_nodes=289 executed_nodes=231
DIRECT_EXECUTION_PRUNING row=21 canonical_nodes=166 executed_nodes=166
DIRECT_EXECUTION_PRUNING row=22 canonical_nodes=22 executed_nodes=14
DIRECT_EXECUTION_PRUNING row=23 canonical_nodes=121 executed_nodes=99
DIRECT_EXECUTION_PRUNING row=24 canonical_nodes=20 executed_nodes=11
DIRECT_EXECUTION_PRUNING row=25 canonical_nodes=125 executed_nodes=102
DIRECT_EXECUTION_PRUNING row=26 canonical_nodes=46 executed_nodes=39
DIRECT_EXECUTION_PRUNING row=27 canonical_nodes=17 executed_nodes=15
DIRECT_EXECUTION_PRUNING row=28 canonical_nodes=16 executed_nodes=13
DIRECT_EXECUTION_PRUNING row=29 canonical_nodes=21 executed_nodes=11
DIRECT_EXECUTION_PRUNING row=30 canonical_nodes=84 executed_nodes=83
DIRECT_EXECUTION_PRUNING row=31 canonical_nodes=74 executed_nodes=73
DIRECT_EXECUTION_PRUNING row=32 canonical_nodes=106 executed_nodes=106
DIRECT_EXECUTION_PRUNING row=33 canonical_nodes=43 executed_nodes=39

  R-011 Poseidon2 parameters={ 1552978421, 1023370636, 374843654, 773724958, 693890342, 438823919, 709179351, 1509913758 }

  R-011 V1: protocol={ 369535897, 1353874838, 1147415759, 568299296, 1554543833, 1672540135, 1992443198, 914248870 } relation_domain={ 1306696982, 1726603315, 1397393048, 902790331, 1854055429, 843052026, 1890344447, 149606425 } configured_pcs_bits=209 target_bits=120

Build Summary: 3/3 steps succeeded; 89/89 tests passed
test-recursion-opening-accumulation success
+- run test 89 passed 880ms MaxRSS:5M
   +- compile test ReleaseSafe native success 19s MaxRSS:1G

