SEGMENT_V2_LADDER mode=narrow_complete_proof requested_steps=4 native_backend=cpu memory_addresses=0 initial_register7=1020304
SEGMENT_V2_LADDER_EXECUTION segment_cycles=4 cumulative_cycles=4 retired_addi=3 retired_bne=1 exit_pc=1004 counter=63 accumulator=1 initial_register7=1020304
SEGMENT_V2_LADDER_EXECUTION segment_cycles=16 cumulative_cycles=20 retired_addi=11 retired_bne=5 exit_pc=1008 counter=58 accumulator=7 initial_register7=1020304
info: Columns: opcode=65 infra=481 total tree1=546 interaction=120
info: Poseidon2 Merkle: 184 exact sparse-node calls, poseidon_log_size=8, merkle_log_size=8
SEGMENT_V2_NATIVE_MEMORY backend=cpu scope=caller_allocator_payload excludes=size_routed_mmap_and_device producer_peak_bytes=458184048 producer_live_bytes_after_destroy=0 canonical_proof_bytes=26525

SEGMENT_V2_LADDER_NATIVE requested_steps=4 retired_cycles=4 continuation_cycles=16 trace_rows=4 native_backend=cpu native_queries=1 outer_queries=3 native_pcs_pow_bits=0 outer_pcs_pow_bits=0 program=finite_addi_bne_counter_loop memory_addresses=0 native_prove_ms=2344.518 native_verify_ms=406.428 recursive_prepare_ms=137.360 native_proof_bytes=26525 native_tree_heights={ 21, 21, 21, 21 }
SEGMENT_V2_CIRCUIT_CENSUS phase=outer_tree0_filled invocation=0 prepared_sha256=c520fd5740c8cd306ad214d25175aa5a14d14e065133cec9cdaa3e69b58f8762 manifest_sha256=916644837dd6fac9407e1edda5da8b008201365cbfc91b30771f1b85af217f00
SEGMENT_V2_CIRCUIT_CENSUS phase=outer_tree0_filled invocation=0 row=0 log_size=9 columns=10 words=5120 values_sha256=7c0ed85ad47315fea7375b2785fb0e2df7cd756f3e278e12169fa2d3b8aeeb20
SEGMENT_V2_CIRCUIT_CENSUS phase=outer_tree0_filled invocation=0 row=1 log_size=11 columns=0 words=0 values_sha256=e3b0c44298fc1c149afbf4c8996fb92427ae41e4649b934ca495991b7852b855
SEGMENT_V2_CIRCUIT_CENSUS phase=outer_tree0_filled invocation=0 row=2 log_size=11 columns=18 words=36864 values_sha256=9fb7064904f460f5fd093d961038a2215fdeb28f463102ff03fe94155c057612
SEGMENT_V2_CIRCUIT_CENSUS phase=outer_tree0_filled invocation=0 row=3 log_size=8 columns=17 words=4352 values_sha256=025d0f9ce4903195041c25f2c413cdd8ab7ba8ea9427fc23a053d69641f2d432
SEGMENT_V2_CIRCUIT_CENSUS phase=outer_tree0_filled invocation=0 row=4 log_size=13 columns=15 words=122880 values_sha256=cacb454f2194dd2a3282fba0769fa57942983455954dfabcdea45c501035ed93
SEGMENT_V2_CIRCUIT_CENSUS phase=outer_tree0_filled invocation=0 row=5 log_size=13 columns=17 words=139264 values_sha256=e9e8b99d5ea1143f8130c117542afcd2d64021083399c0c62d14c31e0fa20e0b
SEGMENT_V2_CIRCUIT_CENSUS phase=outer_tree0_filled invocation=0 row=6 log_size=4 columns=0 words=0 values_sha256=e3b0c44298fc1c149afbf4c8996fb92427ae41e4649b934ca495991b7852b855
SEGMENT_V2_CIRCUIT_CENSUS phase=outer_tree0_filled invocation=0 row=7 log_size=4 columns=0 words=0 values_sha256=e3b0c44298fc1c149afbf4c8996fb92427ae41e4649b934ca495991b7852b855
SEGMENT_V2_CIRCUIT_CENSUS phase=outer_tree0_filled invocation=0 row=8 log_size=4 columns=12 words=192 values_sha256=a34ce34fa942a69c25706acf4f0897fa92131e2998ad01c7d4ac136a9141e2a6
SEGMENT_V2_CIRCUIT_CENSUS phase=outer_tree0_filled invocation=0 row=9 log_size=4 columns=21 words=336 values_sha256=55bb6dec9a046827033a1ff58f037f2fd93a67708b14d20b877c9132a5ab7912
SEGMENT_V2_CIRCUIT_CENSUS phase=outer_tree0_filled invocation=0 row=10 log_size=4 columns=7 words=112 values_sha256=6929baf28a0c0731da83564caf4900bfa62775bd170ca4594b8811a68e6dbff0
SEGMENT_V2_CIRCUIT_CENSUS phase=outer_tree0_filled invocation=0 row=11 log_size=10 columns=19 words=19456 values_sha256=5d51e98e6ff7d5de4b404386a74b73dcd13f21bbd9c4c9d42dbf31923fe2af52
SEGMENT_V2_CIRCUIT_CENSUS phase=outer_tree0_filled invocation=0 row=12 log_size=5 columns=14 words=448 values_sha256=3a82004feefb1c88a96e87dfed5401e5159187ce3463915ffa8767bbb30bc73c
SEGMENT_V2_CIRCUIT_CENSUS phase=outer_tree0_filled invocation=0 row=13 log_size=4 columns=47 words=752 values_sha256=2bebfc6565339504a7611afe2d553531e5d2e449d9a59ec75348903e6c9ca42a
SEGMENT_V2_CIRCUIT_CENSUS phase=outer_tree0_filled invocation=0 row=14 log_size=4 columns=14 words=224 values_sha256=555705797992ed26ccc2b5ba278660e564b2e2e1f38e7bfd136480aea8d83d2d
SEGMENT_V2_CIRCUIT_CENSUS phase=outer_tree0_filled invocation=0 row=15 log_size=11 columns=14 words=28672 values_sha256=d215ad6e54521c7c31a091dc573ee3fbba93f8520751754cca9cce8fb3528873
SEGMENT_V2_CIRCUIT_CENSUS phase=outer_tree0_filled invocation=0 row=16 log_size=5 columns=14 words=448 values_sha256=e3fc77565dea7e7ab30dbb428966b2f1842fc85451fef61e244c029497113f70
SEGMENT_V2_CIRCUIT_CENSUS phase=outer_tree0_filled invocation=0 row=17 log_size=7 columns=9 words=1152 values_sha256=3dba5591e67d3f96c34ed7354502e9036b999b6e48c30b9f17633a85b48dc952
SEGMENT_V2_CIRCUIT_CENSUS phase=outer_tree0_filled invocation=0 row=18 log_size=12 columns=22 words=90112 values_sha256=bf1427cf159cbc24b9bf231dbcbcd8d52d1e9c1b90e46a86541d00bc9c3699e7
SEGMENT_V2_CIRCUIT_CENSUS phase=outer_tree0_filled invocation=0 row=19 log_size=8 columns=9 words=2304 values_sha256=932bafd09e4bca30bcb454be0663015f20fc9fb2039dde03188d6959d7da6876
SEGMENT_V2_CIRCUIT_CENSUS phase=outer_tree0_filled invocation=0 row=20 log_size=4 columns=6 words=96 values_sha256=583a2b009d9badcebdc2b26a66bbcf2a76fe8b9117bf502f354b9a84160d5852
SEGMENT_V2_CIRCUIT_CENSUS phase=outer_tree0_filled invocation=0 row=21 log_size=7 columns=69 words=8832 values_sha256=5b26d58fbf005021b73c312db2ccafb2251dfec9e8222fd4ff0c4d370fe64e76
SEGMENT_V2_CIRCUIT_CENSUS phase=outer_tree0_filled invocation=0 row=22 log_size=6 columns=8 words=512 values_sha256=a8256e4f0e1a830536924bfb0bbf3317c3605d757ce44c1c09d0ab770d1a9b9d
SEGMENT_V2_CIRCUIT_CENSUS phase=outer_tree0_filled invocation=0 row=23 log_size=9 columns=41 words=20992 values_sha256=ed112955e576b0dbb9f5ee28aed567e103854a7b74e20a1de601ee62cb068027
SEGMENT_V2_CIRCUIT_CENSUS phase=outer_tree0_filled invocation=0 row=24 log_size=14 columns=18 words=294912 values_sha256=bd29d3a76a0bc5618ce953d433b86e6a4dd0464dc8b5215d319b2682768d2612
SEGMENT_V2_CIRCUIT_CENSUS phase=outer_tree0_filled invocation=0 row=25 log_size=7 columns=48 words=6144 values_sha256=dcaa5a333cddd7fd8569dd7a936c6dc5ac021d2255c418c35b5290ec626bc87c
SEGMENT_V2_CIRCUIT_CENSUS phase=outer_tree0_filled invocation=0 row=26 log_size=4 columns=6 words=96 values_sha256=0982b4412cacc3d1c19dfef27a88a39fbcf1c0f02c4741fa3893de5b14dc0939
SEGMENT_V2_CIRCUIT_CENSUS phase=outer_tree0_filled invocation=0 row=27 log_size=5 columns=15 words=480 values_sha256=5015b1072d7e93722ff84e02d1bab0a50250d06e13ac5fa753f227bd1e048536
SEGMENT_V2_CIRCUIT_CENSUS phase=outer_tree0_filled invocation=0 row=28 log_size=6 columns=15 words=960 values_sha256=877f746790ed3ee6ae11d7ba3abb0cec45dd2e6e44cafda3eeba34cb486fc0e4
SEGMENT_V2_CIRCUIT_CENSUS phase=outer_tree0_filled invocation=0 row=29 log_size=10 columns=20 words=20480 values_sha256=e0c445525816290ceaa662ad773f7e734f8e55361ea711a59b6966618f235685
SEGMENT_V2_CIRCUIT_CENSUS phase=outer_tree0_filled invocation=0 row=30 log_size=14 columns=18 words=294912 values_sha256=0f490b445b13f72d32bda69085d8cd2294acf3bc42e449e741ecc8b85bc1938d
SEGMENT_V2_CIRCUIT_CENSUS phase=outer_tree0_filled invocation=0 row=31 log_size=8 columns=15 words=3840 values_sha256=5482f09f6f87ba60883466193e8dcd83d200596cb1c54e03134996a0208fd88c
SEGMENT_V2_CIRCUIT_CENSUS phase=outer_tree0_filled invocation=0 row=32 log_size=14 columns=27 words=442368 values_sha256=2186e74a22596882acc0de896414fc39c75ea2fdbccfaac26b80fc4c78047274
SEGMENT_V2_CIRCUIT_CENSUS phase=outer_tree0_filled invocation=0 row=33 log_size=8 columns=0 words=0 values_sha256=e3b0c44298fc1c149afbf4c8996fb92427ae41e4649b934ca495991b7852b855
SEGMENT_V2_CIRCUIT_CENSUS phase=outer_tree0_filled invocation=0 row=34 log_size=11 columns=1 words=2048 values_sha256=2dd7f4056210734ee0d7841f5672d2917024cefcd82806439c2bc5c9d5c92f98
SEGMENT_V2_CIRCUIT_CENSUS phase=outer_tree0_filled invocation=0 row=35 log_size=16 columns=3 words=196608 values_sha256=72447854d4ba84f6eed889db85f0ee0d6c5529d2d1e80420f6e35f06e1173ffa
SEGMENT_V2_CIRCUIT_CENSUS phase=outer_tree0_filled invocation=0 row=36 log_size=10 columns=3 words=3072 values_sha256=5b8e133a8d0a35866e4525c0e830bed7e17b0898ba476ae7bdd6eeac49e93d71
SEGMENT_V2_CIRCUIT_CENSUS phase=outer_tree0_filled invocation=0 row=37 log_size=6 columns=2 words=128 values_sha256=c31f93a8fca7c0e971ba1e41d6391079624d4500ef601d89b1aa7750130aa1b7
SEGMENT_V2_CIRCUIT_CENSUS phase=outer_tree0_filled invocation=0 row=38 log_size=8 columns=4 words=1024 values_sha256=4cf47f9966784228a66dd5bf14c08f2850fa5fdfd6dca9f0ab2a2c5e297f830f
SEGMENT_V2_CIRCUIT_CENSUS phase=lowering_after_tree0 invocation=0 lane=0 circuit_id=1 mode=segment nodes=15810 inputs=3641 constants=204 outputs=29 public_terms=233 node_edges_sha256=038d53381f662ad8d851509ba65aebe9d69f8ae33875b3e049aa52a81704ff31 constant_values_sha256=810a1f084e087ccb350b2fb1dc928e2bc5055f30da5b05c059075a3fc0b30dc5 public_coordinates_sha256=2a8a9354725121dd0ecd2b7758699f2ac6fa5a5a2019f4995bb2f977e260956d public_values_sha256=1716fea982ef549dfdf0f52f8b41fcec8c8f2ba6afb876482c04f9e2f27ee19d graph_sha256=9b1ed04acb62812fcdba39442ef8611b9fda61d57c1e596c45c0b02753c45990
SEGMENT_V2_CIRCUIT_CENSUS phase=lowering_after_tree0 invocation=0 lane=1 circuit_id=42 mode=segment nodes=2638 inputs=1092 constants=37 outputs=5 public_terms=42 node_edges_sha256=908e94e61bd7ac102a0c84334fdf8c89c62da9fab38e213b50add2d1f623a344 constant_values_sha256=6a91d9f47ef779b8e273fbb7e86af66c185200473a6c0b87a516447968990bf1 public_coordinates_sha256=432da3d085557f789507a0c5f166579c842c65fc74db221f5c470cd17fd6a8a3 public_values_sha256=57968ff8567d066807a7949f0cda06fae3f778241d9748981e45d72979164e4e graph_sha256=a8f921cab6732595953055e2005081615ce691cfbbe880962aedbf273cf55d26
SEGMENT_V2_CIRCUIT_CENSUS phase=lowering_after_tree0 invocation=0 lane=2 circuit_id=201 mode=segment nodes=18826 inputs=4055 constants=81 outputs=34 public_terms=115 node_edges_sha256=4986cd8c6f074dc9563fb6dd1f563f1decd03976c013161d3d0dd27d9c85eb5b constant_values_sha256=7577fb0b16185e92292e129c1e1b53e2def6ed357193497ee5d45945af3445d8 public_coordinates_sha256=3b24bbfa05241397eef910f427d04dae91649cd82a20ab5a678d2317e19d58e8 public_values_sha256=53b1b65257fdcfaf06c73f1b2ad76bdc3f557c8b265b4fc670756a7de2138e28 graph_sha256=a40d5f4800caed9474a62ce15441d2bb95ca6b5c458dcc4651976586306bf05f
SEGMENT_V2_CIRCUIT_CENSUS phase=lowering_after_tree0 invocation=0 lane=3 circuit_id=301 mode=segment nodes=2495 inputs=261 constants=75 outputs=64 public_terms=139 node_edges_sha256=f4d4500024557744bf8bc03ea98edb8257876b732883242a20a51fcb375640f6 constant_values_sha256=16d84a492a0cff2b8f8c7fed277200b207bb99ed7f1f8dcfef4a41f034be5079 public_coordinates_sha256=28e0501fd8e82ca393dc4229632183636f5066fce8ce6866f32c81cf82533341 public_values_sha256=9a0fb821b65654bb751e7be6c785cba1cc469eb56004c3a46d5c8bc7c7414ec1 graph_sha256=c4961f5f5f160ad978a194198427c2ddd1a8fd78845696886a021e4d72d9b5c8
SEGMENT_V2_CIRCUIT_CENSUS phase=lowering_after_tree0 invocation=0 lane=4 circuit_id=2 mode=binary nodes=15810 inputs=3641 constants=204 outputs=29 public_terms=233 node_edges_sha256=038d53381f662ad8d851509ba65aebe9d69f8ae33875b3e049aa52a81704ff31 constant_values_sha256=810a1f084e087ccb350b2fb1dc928e2bc5055f30da5b05c059075a3fc0b30dc5 public_coordinates_sha256=e8863815f8140db03160c41a31364646359bbf2f94dbacb219a11b3cd3feb359 public_values_sha256=1716fea982ef549dfdf0f52f8b41fcec8c8f2ba6afb876482c04f9e2f27ee19d graph_sha256=9b1ed04acb62812fcdba39442ef8611b9fda61d57c1e596c45c0b02753c45990

SEGMENT_V2_OUTER_PHASES role=producer scope=body_before_cleanup setup_ns=32917 tree0_prepare_ns=38674500 tree0_commit_ns=36824958 tree1_prepare_ns=30106500 tree1_commit_ns=46167167 transcript_prefix_ns=54031292 interaction_generate_ns=217001625 interaction_admit_closure_ns=84016916 transcript_tree2_commit_ns=64386834 components_ns=88127291 diagnostic_ns=167 stark_ns=362784625 phase_sum_ns=1022154792

SEGMENT_V2_OUTER_ARTIFACT_REJECTIONS truncated=true trailing=true
SEGMENT_V2_CIRCUIT_CENSUS phase=outer_tree0_filled invocation=1 prepared_sha256=c520fd5740c8cd306ad214d25175aa5a14d14e065133cec9cdaa3e69b58f8762 manifest_sha256=916644837dd6fac9407e1edda5da8b008201365cbfc91b30771f1b85af217f00
SEGMENT_V2_CIRCUIT_CENSUS phase=outer_tree0_filled invocation=1 row=0 log_size=9 columns=10 words=5120 values_sha256=7c0ed85ad47315fea7375b2785fb0e2df7cd756f3e278e12169fa2d3b8aeeb20
SEGMENT_V2_CIRCUIT_CENSUS phase=outer_tree0_filled invocation=1 row=1 log_size=11 columns=0 words=0 values_sha256=e3b0c44298fc1c149afbf4c8996fb92427ae41e4649b934ca495991b7852b855
SEGMENT_V2_CIRCUIT_CENSUS phase=outer_tree0_filled invocation=1 row=2 log_size=11 columns=18 words=36864 values_sha256=9fb7064904f460f5fd093d961038a2215fdeb28f463102ff03fe94155c057612
SEGMENT_V2_CIRCUIT_CENSUS phase=outer_tree0_filled invocation=1 row=3 log_size=8 columns=17 words=4352 values_sha256=025d0f9ce4903195041c25f2c413cdd8ab7ba8ea9427fc23a053d69641f2d432
SEGMENT_V2_CIRCUIT_CENSUS phase=outer_tree0_filled invocation=1 row=4 log_size=13 columns=15 words=122880 values_sha256=cacb454f2194dd2a3282fba0769fa57942983455954dfabcdea45c501035ed93
SEGMENT_V2_CIRCUIT_CENSUS phase=outer_tree0_filled invocation=1 row=5 log_size=13 columns=17 words=139264 values_sha256=e9e8b99d5ea1143f8130c117542afcd2d64021083399c0c62d14c31e0fa20e0b
SEGMENT_V2_CIRCUIT_CENSUS phase=outer_tree0_filled invocation=1 row=6 log_size=4 columns=0 words=0 values_sha256=e3b0c44298fc1c149afbf4c8996fb92427ae41e4649b934ca495991b7852b855
SEGMENT_V2_CIRCUIT_CENSUS phase=outer_tree0_filled invocation=1 row=7 log_size=4 columns=0 words=0 values_sha256=e3b0c44298fc1c149afbf4c8996fb92427ae41e4649b934ca495991b7852b855
SEGMENT_V2_CIRCUIT_CENSUS phase=outer_tree0_filled invocation=1 row=8 log_size=4 columns=12 words=192 values_sha256=a34ce34fa942a69c25706acf4f0897fa92131e2998ad01c7d4ac136a9141e2a6
SEGMENT_V2_CIRCUIT_CENSUS phase=outer_tree0_filled invocation=1 row=9 log_size=4 columns=21 words=336 values_sha256=55bb6dec9a046827033a1ff58f037f2fd93a67708b14d20b877c9132a5ab7912
SEGMENT_V2_CIRCUIT_CENSUS phase=outer_tree0_filled invocation=1 row=10 log_size=4 columns=7 words=112 values_sha256=6929baf28a0c0731da83564caf4900bfa62775bd170ca4594b8811a68e6dbff0
SEGMENT_V2_CIRCUIT_CENSUS phase=outer_tree0_filled invocation=1 row=11 log_size=10 columns=19 words=19456 values_sha256=5d51e98e6ff7d5de4b404386a74b73dcd13f21bbd9c4c9d42dbf31923fe2af52
SEGMENT_V2_CIRCUIT_CENSUS phase=outer_tree0_filled invocation=1 row=12 log_size=5 columns=14 words=448 values_sha256=3a82004feefb1c88a96e87dfed5401e5159187ce3463915ffa8767bbb30bc73c
SEGMENT_V2_CIRCUIT_CENSUS phase=outer_tree0_filled invocation=1 row=13 log_size=4 columns=47 words=752 values_sha256=2bebfc6565339504a7611afe2d553531e5d2e449d9a59ec75348903e6c9ca42a
SEGMENT_V2_CIRCUIT_CENSUS phase=outer_tree0_filled invocation=1 row=14 log_size=4 columns=14 words=224 values_sha256=555705797992ed26ccc2b5ba278660e564b2e2e1f38e7bfd136480aea8d83d2d
SEGMENT_V2_CIRCUIT_CENSUS phase=outer_tree0_filled invocation=1 row=15 log_size=11 columns=14 words=28672 values_sha256=d215ad6e54521c7c31a091dc573ee3fbba93f8520751754cca9cce8fb3528873
SEGMENT_V2_CIRCUIT_CENSUS phase=outer_tree0_filled invocation=1 row=16 log_size=5 columns=14 words=448 values_sha256=e3fc77565dea7e7ab30dbb428966b2f1842fc85451fef61e244c029497113f70
SEGMENT_V2_CIRCUIT_CENSUS phase=outer_tree0_filled invocation=1 row=17 log_size=7 columns=9 words=1152 values_sha256=3dba5591e67d3f96c34ed7354502e9036b999b6e48c30b9f17633a85b48dc952
SEGMENT_V2_CIRCUIT_CENSUS phase=outer_tree0_filled invocation=1 row=18 log_size=12 columns=22 words=90112 values_sha256=bf1427cf159cbc24b9bf231dbcbcd8d52d1e9c1b90e46a86541d00bc9c3699e7
SEGMENT_V2_CIRCUIT_CENSUS phase=outer_tree0_filled invocation=1 row=19 log_size=8 columns=9 words=2304 values_sha256=932bafd09e4bca30bcb454be0663015f20fc9fb2039dde03188d6959d7da6876
SEGMENT_V2_CIRCUIT_CENSUS phase=outer_tree0_filled invocation=1 row=20 log_size=4 columns=6 words=96 values_sha256=583a2b009d9badcebdc2b26a66bbcf2a76fe8b9117bf502f354b9a84160d5852
SEGMENT_V2_CIRCUIT_CENSUS phase=outer_tree0_filled invocation=1 row=21 log_size=7 columns=69 words=8832 values_sha256=5b26d58fbf005021b73c312db2ccafb2251dfec9e8222fd4ff0c4d370fe64e76
SEGMENT_V2_CIRCUIT_CENSUS phase=outer_tree0_filled invocation=1 row=22 log_size=6 columns=8 words=512 values_sha256=a8256e4f0e1a830536924bfb0bbf3317c3605d757ce44c1c09d0ab770d1a9b9d
SEGMENT_V2_CIRCUIT_CENSUS phase=outer_tree0_filled invocation=1 row=23 log_size=9 columns=41 words=20992 values_sha256=ed112955e576b0dbb9f5ee28aed567e103854a7b74e20a1de601ee62cb068027
SEGMENT_V2_CIRCUIT_CENSUS phase=outer_tree0_filled invocation=1 row=24 log_size=14 columns=18 words=294912 values_sha256=bd29d3a76a0bc5618ce953d433b86e6a4dd0464dc8b5215d319b2682768d2612
SEGMENT_V2_CIRCUIT_CENSUS phase=outer_tree0_filled invocation=1 row=25 log_size=7 columns=48 words=6144 values_sha256=dcaa5a333cddd7fd8569dd7a936c6dc5ac021d2255c418c35b5290ec626bc87c
SEGMENT_V2_CIRCUIT_CENSUS phase=outer_tree0_filled invocation=1 row=26 log_size=4 columns=6 words=96 values_sha256=0982b4412cacc3d1c19dfef27a88a39fbcf1c0f02c4741fa3893de5b14dc0939
SEGMENT_V2_CIRCUIT_CENSUS phase=outer_tree0_filled invocation=1 row=27 log_size=5 columns=15 words=480 values_sha256=5015b1072d7e93722ff84e02d1bab0a50250d06e13ac5fa753f227bd1e048536
SEGMENT_V2_CIRCUIT_CENSUS phase=outer_tree0_filled invocation=1 row=28 log_size=6 columns=15 words=960 values_sha256=877f746790ed3ee6ae11d7ba3abb0cec45dd2e6e44cafda3eeba34cb486fc0e4
SEGMENT_V2_CIRCUIT_CENSUS phase=outer_tree0_filled invocation=1 row=29 log_size=10 columns=20 words=20480 values_sha256=e0c445525816290ceaa662ad773f7e734f8e55361ea711a59b6966618f235685
SEGMENT_V2_CIRCUIT_CENSUS phase=outer_tree0_filled invocation=1 row=30 log_size=14 columns=18 words=294912 values_sha256=0f490b445b13f72d32bda69085d8cd2294acf3bc42e449e741ecc8b85bc1938d
SEGMENT_V2_CIRCUIT_CENSUS phase=outer_tree0_filled invocation=1 row=31 log_size=8 columns=15 words=3840 values_sha256=5482f09f6f87ba60883466193e8dcd83d200596cb1c54e03134996a0208fd88c
SEGMENT_V2_CIRCUIT_CENSUS phase=outer_tree0_filled invocation=1 row=32 log_size=14 columns=27 words=442368 values_sha256=2186e74a22596882acc0de896414fc39c75ea2fdbccfaac26b80fc4c78047274
SEGMENT_V2_CIRCUIT_CENSUS phase=outer_tree0_filled invocation=1 row=33 log_size=8 columns=0 words=0 values_sha256=e3b0c44298fc1c149afbf4c8996fb92427ae41e4649b934ca495991b7852b855
SEGMENT_V2_CIRCUIT_CENSUS phase=outer_tree0_filled invocation=1 row=34 log_size=11 columns=1 words=2048 values_sha256=2dd7f4056210734ee0d7841f5672d2917024cefcd82806439c2bc5c9d5c92f98
SEGMENT_V2_CIRCUIT_CENSUS phase=outer_tree0_filled invocation=1 row=35 log_size=16 columns=3 words=196608 values_sha256=72447854d4ba84f6eed889db85f0ee0d6c5529d2d1e80420f6e35f06e1173ffa
SEGMENT_V2_CIRCUIT_CENSUS phase=outer_tree0_filled invocation=1 row=36 log_size=10 columns=3 words=3072 values_sha256=5b8e133a8d0a35866e4525c0e830bed7e17b0898ba476ae7bdd6eeac49e93d71
SEGMENT_V2_CIRCUIT_CENSUS phase=outer_tree0_filled invocation=1 row=37 log_size=6 columns=2 words=128 values_sha256=c31f93a8fca7c0e971ba1e41d6391079624d4500ef601d89b1aa7750130aa1b7
SEGMENT_V2_CIRCUIT_CENSUS phase=outer_tree0_filled invocation=1 row=38 log_size=8 columns=4 words=1024 values_sha256=4cf47f9966784228a66dd5bf14c08f2850fa5fdfd6dca9f0ab2a2c5e297f830f
SEGMENT_V2_CIRCUIT_CENSUS phase=lowering_after_tree0 invocation=1 lane=0 circuit_id=1 mode=segment nodes=15810 inputs=3641 constants=204 outputs=29 public_terms=233 node_edges_sha256=038d53381f662ad8d851509ba65aebe9d69f8ae33875b3e049aa52a81704ff31 constant_values_sha256=810a1f084e087ccb350b2fb1dc928e2bc5055f30da5b05c059075a3fc0b30dc5 public_coordinates_sha256=2a8a9354725121dd0ecd2b7758699f2ac6fa5a5a2019f4995bb2f977e260956d public_values_sha256=1716fea982ef549dfdf0f52f8b41fcec8c8f2ba6afb876482c04f9e2f27ee19d graph_sha256=9b1ed04acb62812fcdba39442ef8611b9fda61d57c1e596c45c0b02753c45990
SEGMENT_V2_CIRCUIT_CENSUS phase=lowering_after_tree0 invocation=1 lane=1 circuit_id=42 mode=segment nodes=2638 inputs=1092 constants=37 outputs=5 public_terms=42 node_edges_sha256=908e94e61bd7ac102a0c84334fdf8c89c62da9fab38e213b50add2d1f623a344 constant_values_sha256=6a91d9f47ef779b8e273fbb7e86af66c185200473a6c0b87a516447968990bf1 public_coordinates_sha256=432da3d085557f789507a0c5f166579c842c65fc74db221f5c470cd17fd6a8a3 public_values_sha256=57968ff8567d066807a7949f0cda06fae3f778241d9748981e45d72979164e4e graph_sha256=a8f921cab6732595953055e2005081615ce691cfbbe880962aedbf273cf55d26
SEGMENT_V2_CIRCUIT_CENSUS phase=lowering_after_tree0 invocation=1 lane=2 circuit_id=201 mode=segment nodes=18826 inputs=4055 constants=81 outputs=34 public_terms=115 node_edges_sha256=4986cd8c6f074dc9563fb6dd1f563f1decd03976c013161d3d0dd27d9c85eb5b constant_values_sha256=7577fb0b16185e92292e129c1e1b53e2def6ed357193497ee5d45945af3445d8 public_coordinates_sha256=3b24bbfa05241397eef910f427d04dae91649cd82a20ab5a678d2317e19d58e8 public_values_sha256=53b1b65257fdcfaf06c73f1b2ad76bdc3f557c8b265b4fc670756a7de2138e28 graph_sha256=a40d5f4800caed9474a62ce15441d2bb95ca6b5c458dcc4651976586306bf05f
SEGMENT_V2_CIRCUIT_CENSUS phase=lowering_after_tree0 invocation=1 lane=3 circuit_id=301 mode=segment nodes=2495 inputs=261 constants=75 outputs=64 public_terms=139 node_edges_sha256=f4d4500024557744bf8bc03ea98edb8257876b732883242a20a51fcb375640f6 constant_values_sha256=16d84a492a0cff2b8f8c7fed277200b207bb99ed7f1f8dcfef4a41f034be5079 public_coordinates_sha256=28e0501fd8e82ca393dc4229632183636f5066fce8ce6866f32c81cf82533341 public_values_sha256=9a0fb821b65654bb751e7be6c785cba1cc469eb56004c3a46d5c8bc7c7414ec1 graph_sha256=c4961f5f5f160ad978a194198427c2ddd1a8fd78845696886a021e4d72d9b5c8
SEGMENT_V2_CIRCUIT_CENSUS phase=lowering_after_tree0 invocation=1 lane=4 circuit_id=2 mode=binary nodes=15810 inputs=3641 constants=204 outputs=29 public_terms=233 node_edges_sha256=038d53381f662ad8d851509ba65aebe9d69f8ae33875b3e049aa52a81704ff31 constant_values_sha256=810a1f084e087ccb350b2fb1dc928e2bc5055f30da5b05c059075a3fc0b30dc5 public_coordinates_sha256=e8863815f8140db03160c41a31364646359bbf2f94dbacb219a11b3cd3feb359 public_values_sha256=1716fea982ef549dfdf0f52f8b41fcec8c8f2ba6afb876482c04f9e2f27ee19d graph_sha256=9b1ed04acb62812fcdba39442ef8611b9fda61d57c1e596c45c0b02753c45990

SEGMENT_V2_OUTER_PHASES role=verifier scope=body_before_cleanup preflight_ns=14375 preprocessed_root_ns=77424541 transcript_prefix_ns=54867875 interaction_regenerate_ns=188644292 interaction_validate_claims_ns=27348250 closure_ns=56977375 transcript_after_ns=29724333 components_ns=32079292 publication_authority_ns=27867292 stark_ns=6054791 publication_total_ns=34328167 phase_sum_ns=535330583

SEGMENT_V2_OUTER status=verified rows=39 domains=47 proof_size_estimate_bytes=79024 canonical_proof_bytes=92458 canonicalize_ms=4.268 prove_ms=1022.208 verify_ms=535.514 publication_ms=4.452 producer_prepare_ms=314.987 producer_destroy_ms=1.424 verifier_prepare_ms=318.100 decode_ms=0.315 stark_verify_ms=6.055 transaction_ms=2198.914 artifact_rejections_ms=0.727 producer_peak_bytes=95927166 producer_live_bytes_after_destroy=0 serialization_passes=1 retained_canonical_bytes=92458 verification=native_assisted_fresh_decode draws=1 cols=598/974/512 workers=1

SEGMENT_V2_LADDER_OUTER rows=39 domains=47 component_logs={ 9, 11, 11, 8, 13, 13, 4, 4, 4, 4, 4, 10, 5, 4, 4, 11, 5, 7, 12, 8, 4, 7, 6, 9, 14, 7, 4, 5, 6, 10, 14, 8, 14, 8, 11, 16, 10, 6, 8 } min_component_log=4 max_component_log=16 provider_log=11 samples=2252 queries=3 canonical_proof_bytes=92458 producer_live_bytes_after_destroy=0
SEGMENT_V2_CIRCUIT_CENSUS phase=outer_tree0_filled invocation=2 prepared_sha256=c520fd5740c8cd306ad214d25175aa5a14d14e065133cec9cdaa3e69b58f8762 manifest_sha256=916644837dd6fac9407e1edda5da8b008201365cbfc91b30771f1b85af217f00
SEGMENT_V2_CIRCUIT_CENSUS phase=outer_tree0_filled invocation=2 row=0 log_size=9 columns=10 words=5120 values_sha256=7c0ed85ad47315fea7375b2785fb0e2df7cd756f3e278e12169fa2d3b8aeeb20
SEGMENT_V2_CIRCUIT_CENSUS phase=outer_tree0_filled invocation=2 row=1 log_size=11 columns=0 words=0 values_sha256=e3b0c44298fc1c149afbf4c8996fb92427ae41e4649b934ca495991b7852b855
SEGMENT_V2_CIRCUIT_CENSUS phase=outer_tree0_filled invocation=2 row=2 log_size=11 columns=18 words=36864 values_sha256=9fb7064904f460f5fd093d961038a2215fdeb28f463102ff03fe94155c057612
SEGMENT_V2_CIRCUIT_CENSUS phase=outer_tree0_filled invocation=2 row=3 log_size=8 columns=17 words=4352 values_sha256=025d0f9ce4903195041c25f2c413cdd8ab7ba8ea9427fc23a053d69641f2d432
SEGMENT_V2_CIRCUIT_CENSUS phase=outer_tree0_filled invocation=2 row=4 log_size=13 columns=15 words=122880 values_sha256=cacb454f2194dd2a3282fba0769fa57942983455954dfabcdea45c501035ed93
SEGMENT_V2_CIRCUIT_CENSUS phase=outer_tree0_filled invocation=2 row=5 log_size=13 columns=17 words=139264 values_sha256=e9e8b99d5ea1143f8130c117542afcd2d64021083399c0c62d14c31e0fa20e0b
SEGMENT_V2_CIRCUIT_CENSUS phase=outer_tree0_filled invocation=2 row=6 log_size=4 columns=0 words=0 values_sha256=e3b0c44298fc1c149afbf4c8996fb92427ae41e4649b934ca495991b7852b855
SEGMENT_V2_CIRCUIT_CENSUS phase=outer_tree0_filled invocation=2 row=7 log_size=4 columns=0 words=0 values_sha256=e3b0c44298fc1c149afbf4c8996fb92427ae41e4649b934ca495991b7852b855
SEGMENT_V2_CIRCUIT_CENSUS phase=outer_tree0_filled invocation=2 row=8 log_size=4 columns=12 words=192 values_sha256=a34ce34fa942a69c25706acf4f0897fa92131e2998ad01c7d4ac136a9141e2a6
SEGMENT_V2_CIRCUIT_CENSUS phase=outer_tree0_filled invocation=2 row=9 log_size=4 columns=21 words=336 values_sha256=55bb6dec9a046827033a1ff58f037f2fd93a67708b14d20b877c9132a5ab7912
SEGMENT_V2_CIRCUIT_CENSUS phase=outer_tree0_filled invocation=2 row=10 log_size=4 columns=7 words=112 values_sha256=6929baf28a0c0731da83564caf4900bfa62775bd170ca4594b8811a68e6dbff0
SEGMENT_V2_CIRCUIT_CENSUS phase=outer_tree0_filled invocation=2 row=11 log_size=10 columns=19 words=19456 values_sha256=5d51e98e6ff7d5de4b404386a74b73dcd13f21bbd9c4c9d42dbf31923fe2af52
SEGMENT_V2_CIRCUIT_CENSUS phase=outer_tree0_filled invocation=2 row=12 log_size=5 columns=14 words=448 values_sha256=3a82004feefb1c88a96e87dfed5401e5159187ce3463915ffa8767bbb30bc73c
SEGMENT_V2_CIRCUIT_CENSUS phase=outer_tree0_filled invocation=2 row=13 log_size=4 columns=47 words=752 values_sha256=2bebfc6565339504a7611afe2d553531e5d2e449d9a59ec75348903e6c9ca42a
SEGMENT_V2_CIRCUIT_CENSUS phase=outer_tree0_filled invocation=2 row=14 log_size=4 columns=14 words=224 values_sha256=555705797992ed26ccc2b5ba278660e564b2e2e1f38e7bfd136480aea8d83d2d
SEGMENT_V2_CIRCUIT_CENSUS phase=outer_tree0_filled invocation=2 row=15 log_size=11 columns=14 words=28672 values_sha256=d215ad6e54521c7c31a091dc573ee3fbba93f8520751754cca9cce8fb3528873
SEGMENT_V2_CIRCUIT_CENSUS phase=outer_tree0_filled invocation=2 row=16 log_size=5 columns=14 words=448 values_sha256=e3fc77565dea7e7ab30dbb428966b2f1842fc85451fef61e244c029497113f70
SEGMENT_V2_CIRCUIT_CENSUS phase=outer_tree0_filled invocation=2 row=17 log_size=7 columns=9 words=1152 values_sha256=3dba5591e67d3f96c34ed7354502e9036b999b6e48c30b9f17633a85b48dc952
SEGMENT_V2_CIRCUIT_CENSUS phase=outer_tree0_filled invocation=2 row=18 log_size=12 columns=22 words=90112 values_sha256=bf1427cf159cbc24b9bf231dbcbcd8d52d1e9c1b90e46a86541d00bc9c3699e7
SEGMENT_V2_CIRCUIT_CENSUS phase=outer_tree0_filled invocation=2 row=19 log_size=8 columns=9 words=2304 values_sha256=932bafd09e4bca30bcb454be0663015f20fc9fb2039dde03188d6959d7da6876
SEGMENT_V2_CIRCUIT_CENSUS phase=outer_tree0_filled invocation=2 row=20 log_size=4 columns=6 words=96 values_sha256=583a2b009d9badcebdc2b26a66bbcf2a76fe8b9117bf502f354b9a84160d5852
SEGMENT_V2_CIRCUIT_CENSUS phase=outer_tree0_filled invocation=2 row=21 log_size=7 columns=69 words=8832 values_sha256=5b26d58fbf005021b73c312db2ccafb2251dfec9e8222fd4ff0c4d370fe64e76
SEGMENT_V2_CIRCUIT_CENSUS phase=outer_tree0_filled invocation=2 row=22 log_size=6 columns=8 words=512 values_sha256=a8256e4f0e1a830536924bfb0bbf3317c3605d757ce44c1c09d0ab770d1a9b9d
SEGMENT_V2_CIRCUIT_CENSUS phase=outer_tree0_filled invocation=2 row=23 log_size=9 columns=41 words=20992 values_sha256=ed112955e576b0dbb9f5ee28aed567e103854a7b74e20a1de601ee62cb068027
SEGMENT_V2_CIRCUIT_CENSUS phase=outer_tree0_filled invocation=2 row=24 log_size=14 columns=18 words=294912 values_sha256=bd29d3a76a0bc5618ce953d433b86e6a4dd0464dc8b5215d319b2682768d2612
SEGMENT_V2_CIRCUIT_CENSUS phase=outer_tree0_filled invocation=2 row=25 log_size=7 columns=48 words=6144 values_sha256=dcaa5a333cddd7fd8569dd7a936c6dc5ac021d2255c418c35b5290ec626bc87c
SEGMENT_V2_CIRCUIT_CENSUS phase=outer_tree0_filled invocation=2 row=26 log_size=4 columns=6 words=96 values_sha256=0982b4412cacc3d1c19dfef27a88a39fbcf1c0f02c4741fa3893de5b14dc0939
SEGMENT_V2_CIRCUIT_CENSUS phase=outer_tree0_filled invocation=2 row=27 log_size=5 columns=15 words=480 values_sha256=5015b1072d7e93722ff84e02d1bab0a50250d06e13ac5fa753f227bd1e048536
SEGMENT_V2_CIRCUIT_CENSUS phase=outer_tree0_filled invocation=2 row=28 log_size=6 columns=15 words=960 values_sha256=877f746790ed3ee6ae11d7ba3abb0cec45dd2e6e44cafda3eeba34cb486fc0e4
SEGMENT_V2_CIRCUIT_CENSUS phase=outer_tree0_filled invocation=2 row=29 log_size=10 columns=20 words=20480 values_sha256=e0c445525816290ceaa662ad773f7e734f8e55361ea711a59b6966618f235685
SEGMENT_V2_CIRCUIT_CENSUS phase=outer_tree0_filled invocation=2 row=30 log_size=14 columns=18 words=294912 values_sha256=0f490b445b13f72d32bda69085d8cd2294acf3bc42e449e741ecc8b85bc1938d
SEGMENT_V2_CIRCUIT_CENSUS phase=outer_tree0_filled invocation=2 row=31 log_size=8 columns=15 words=3840 values_sha256=5482f09f6f87ba60883466193e8dcd83d200596cb1c54e03134996a0208fd88c
SEGMENT_V2_CIRCUIT_CENSUS phase=outer_tree0_filled invocation=2 row=32 log_size=14 columns=27 words=442368 values_sha256=2186e74a22596882acc0de896414fc39c75ea2fdbccfaac26b80fc4c78047274
SEGMENT_V2_CIRCUIT_CENSUS phase=outer_tree0_filled invocation=2 row=33 log_size=8 columns=0 words=0 values_sha256=e3b0c44298fc1c149afbf4c8996fb92427ae41e4649b934ca495991b7852b855
SEGMENT_V2_CIRCUIT_CENSUS phase=outer_tree0_filled invocation=2 row=34 log_size=11 columns=1 words=2048 values_sha256=2dd7f4056210734ee0d7841f5672d2917024cefcd82806439c2bc5c9d5c92f98
SEGMENT_V2_CIRCUIT_CENSUS phase=outer_tree0_filled invocation=2 row=35 log_size=16 columns=3 words=196608 values_sha256=72447854d4ba84f6eed889db85f0ee0d6c5529d2d1e80420f6e35f06e1173ffa
SEGMENT_V2_CIRCUIT_CENSUS phase=outer_tree0_filled invocation=2 row=36 log_size=10 columns=3 words=3072 values_sha256=5b8e133a8d0a35866e4525c0e830bed7e17b0898ba476ae7bdd6eeac49e93d71
SEGMENT_V2_CIRCUIT_CENSUS phase=outer_tree0_filled invocation=2 row=37 log_size=6 columns=2 words=128 values_sha256=c31f93a8fca7c0e971ba1e41d6391079624d4500ef601d89b1aa7750130aa1b7
SEGMENT_V2_CIRCUIT_CENSUS phase=outer_tree0_filled invocation=2 row=38 log_size=8 columns=4 words=1024 values_sha256=4cf47f9966784228a66dd5bf14c08f2850fa5fdfd6dca9f0ab2a2c5e297f830f
SEGMENT_V2_CIRCUIT_CENSUS phase=lowering_after_tree0 invocation=2 lane=0 circuit_id=1 mode=segment nodes=15810 inputs=3641 constants=204 outputs=29 public_terms=233 node_edges_sha256=038d53381f662ad8d851509ba65aebe9d69f8ae33875b3e049aa52a81704ff31 constant_values_sha256=810a1f084e087ccb350b2fb1dc928e2bc5055f30da5b05c059075a3fc0b30dc5 public_coordinates_sha256=2a8a9354725121dd0ecd2b7758699f2ac6fa5a5a2019f4995bb2f977e260956d public_values_sha256=1716fea982ef549dfdf0f52f8b41fcec8c8f2ba6afb876482c04f9e2f27ee19d graph_sha256=9b1ed04acb62812fcdba39442ef8611b9fda61d57c1e596c45c0b02753c45990
SEGMENT_V2_CIRCUIT_CENSUS phase=lowering_after_tree0 invocation=2 lane=1 circuit_id=42 mode=segment nodes=2638 inputs=1092 constants=37 outputs=5 public_terms=42 node_edges_sha256=908e94e61bd7ac102a0c84334fdf8c89c62da9fab38e213b50add2d1f623a344 constant_values_sha256=6a91d9f47ef779b8e273fbb7e86af66c185200473a6c0b87a516447968990bf1 public_coordinates_sha256=432da3d085557f789507a0c5f166579c842c65fc74db221f5c470cd17fd6a8a3 public_values_sha256=57968ff8567d066807a7949f0cda06fae3f778241d9748981e45d72979164e4e graph_sha256=a8f921cab6732595953055e2005081615ce691cfbbe880962aedbf273cf55d26
SEGMENT_V2_CIRCUIT_CENSUS phase=lowering_after_tree0 invocation=2 lane=2 circuit_id=201 mode=segment nodes=18826 inputs=4055 constants=81 outputs=34 public_terms=115 node_edges_sha256=4986cd8c6f074dc9563fb6dd1f563f1decd03976c013161d3d0dd27d9c85eb5b constant_values_sha256=7577fb0b16185e92292e129c1e1b53e2def6ed357193497ee5d45945af3445d8 public_coordinates_sha256=3b24bbfa05241397eef910f427d04dae91649cd82a20ab5a678d2317e19d58e8 public_values_sha256=53b1b65257fdcfaf06c73f1b2ad76bdc3f557c8b265b4fc670756a7de2138e28 graph_sha256=a40d5f4800caed9474a62ce15441d2bb95ca6b5c458dcc4651976586306bf05f
SEGMENT_V2_CIRCUIT_CENSUS phase=lowering_after_tree0 invocation=2 lane=3 circuit_id=301 mode=segment nodes=2495 inputs=261 constants=75 outputs=64 public_terms=139 node_edges_sha256=f4d4500024557744bf8bc03ea98edb8257876b732883242a20a51fcb375640f6 constant_values_sha256=16d84a492a0cff2b8f8c7fed277200b207bb99ed7f1f8dcfef4a41f034be5079 public_coordinates_sha256=28e0501fd8e82ca393dc4229632183636f5066fce8ce6866f32c81cf82533341 public_values_sha256=9a0fb821b65654bb751e7be6c785cba1cc469eb56004c3a46d5c8bc7c7414ec1 graph_sha256=c4961f5f5f160ad978a194198427c2ddd1a8fd78845696886a021e4d72d9b5c8
SEGMENT_V2_CIRCUIT_CENSUS phase=lowering_after_tree0 invocation=2 lane=4 circuit_id=2 mode=binary nodes=15810 inputs=3641 constants=204 outputs=29 public_terms=233 node_edges_sha256=038d53381f662ad8d851509ba65aebe9d69f8ae33875b3e049aa52a81704ff31 constant_values_sha256=810a1f084e087ccb350b2fb1dc928e2bc5055f30da5b05c059075a3fc0b30dc5 public_coordinates_sha256=e8863815f8140db03160c41a31364646359bbf2f94dbacb219a11b3cd3feb359 public_values_sha256=1716fea982ef549dfdf0f52f8b41fcec8c8f2ba6afb876482c04f9e2f27ee19d graph_sha256=9b1ed04acb62812fcdba39442ef8611b9fda61d57c1e596c45c0b02753c45990
SEGMENT_V2_DETACHED_CANDIDATE directory=/Users/theodorepender/Coding/stark-proving-engineering/stwo-zig/vectors/reports/riscv-proving-stack-reset-20260908/small-detached-recursion-v1/candidate-x7-a circuit_identity=748d88f1acf5624395b0140bb8caed7094b4f53b6327a433a17a654ba9c0839c key_sha256=e7ee25fed8291b83c90e0ddac9ab79866ea063048af93951156f2ed671d5407f proof_sha256=7197d8c3bc456047d7c12ca8f6eef65733f3719f4c9105cf65023298e8180aa1 proof_bytes=91035 reused_admitted_key=false prepare_ns=403233000 prove_ns=863204125 status=unverified
SEGMENT_V2_LADDER status=verified requested_steps=4 native_backend=cpu memory_addresses=0 initial_register7=1020304 owners_destroyed=true
