build-recursive-segment-v2-concrete-outer-proof
+- install recursive-segment-v2-concrete-outer-proof
   +- compile exe recursive-segment-v2-concrete-outer-proof ReleaseSafe native 1 errors
/Users/theodorepender/Coding/stark-proving-engineering/stwo-zig/src/frontends/riscv/recursion/segment_public_outer_components_v2_fill_interaction_into.zig:501:57: error: root source file struct 'recursion.air.segment_public_outer_air_v2' has no member named 'vm_public_claim_hash_authority_v2'
        SumsFramework.INTERACTION_COLUMN_COUNT != air_v2.vm_public_claim_hash_authority_v2.INTERACTION_COLUMN_COUNT or
                                                  ~~~~~~^~~~~~~~~~~~~~~~~~~~~~~~~~~~~~~~~~
/Users/theodorepender/Coding/stark-proving-engineering/stwo-zig/src/frontends/riscv/recursion/air/segment_public_outer_air_v2.zig:1:1: note: struct declared here
//! Versioned typed AIR contracts for resumed-segment public rows 12--17.
^~~~~~~~~~~~~~~~~~~~~~~~~~~~~~~~~~~~~~~~~~~~~~~~~~~~~~~~~~~~~~~~~~~~~~~~~
referenced by:
    shard_3: /Users/theodorepender/Coding/stark-proving-engineering/stwo-zig/src/frontends/riscv/recursion/segment_public_outer_components_v2.zig:12:25
    fillPreprocessedInto: /Users/theodorepender/Coding/stark-proving-engineering/stwo-zig/src/frontends/riscv/recursion/segment_public_outer_components_v2.zig:32:34
    15 reference(s) hidden; use '-freference-trace=17' to see all references
error: the following command failed with 1 compilation errors:
/opt/homebrew/Cellar/zig/0.15.2/bin/zig build-exe -OReleaseSafe --dep stwo_core --dep stwo_cpu_backend --dep stwo_riscv_frontend --dep stwo_riscv_cpu_integration --dep stwo_prover_api --dep stwo_prover_engine --dep interop_postcard -Mroot=/Users/theodorepender/Coding/stark-proving-engineering/stwo-zig/src/integrations/riscv_cpu/recursive_segment_v2_concrete_outer_proof_runner.zig -OReleaseSafe -Mstwo_core=/Users/theodorepender/Coding/stark-proving-engineering/stwo-zig/src/core/mod.zig -OReleaseSafe --dep stwo_core --dep stwo_backend_contracts --dep stwo_prover_engine -Mstwo_cpu_backend=/Users/theodorepender/Coding/stark-proving-engineering/stwo-zig/src/backends/cpu_scalar/mod.zig -OReleaseSafe --dep stwo_core --dep stwo_prover_api --dep stwo_prover_engine --dep interop_postcard --dep typed_air_artifacts --dep typed_air_h009_artifacts --dep typed_air_h010_artifacts -Mstwo_riscv_frontend=/Users/theodorepender/Coding/stark-proving-engineering/stwo-zig/src/frontends/riscv/mod.zig -OReleaseSafe --dep stwo_artifact_store --dep stwo_core --dep stwo_prover_api --dep stwo_prover_engine --dep stwo_cpu_backend --dep stwo_riscv_frontend --dep interop_postcard -Mstwo_riscv_cpu_integration=/Users/theodorepender/Coding/stark-proving-engineering/stwo-zig/src/integrations/riscv_cpu/mod.zig -OReleaseSafe --dep stwo_core -Mstwo_prover_api=/Users/theodorepender/Coding/stark-proving-engineering/stwo-zig/src/prover_api/mod.zig -OReleaseSafe --dep stwo_core --dep stwo_backend_contracts --dep stwo_prover_api -Mstwo_prover_engine=/Users/theodorepender/Coding/stark-proving-engineering/stwo-zig/src/prover/mod.zig -OReleaseSafe --dep stwo_core --dep stwo_proof_wire -Minterop_postcard=/Users/theodorepender/Coding/stark-proving-engineering/stwo-zig/src/interop/postcard.zig -OReleaseSafe --dep stwo_core -Mstwo_backend_contracts=/Users/theodorepender/Coding/stark-proving-engineering/stwo-zig/src/backend/mod.zig -OReleaseSafe -Mtyped_air_artifacts=/Users/theodorepender/Coding/stark-proving-engineering/stwo-zig/design/typed-air/artifacts/embedded.zig -OReleaseSafe -Mtyped_air_h009_artifacts=/Users/theodorepender/Coding/stark-proving-engineering/stwo-zig/design/typed-air/artifacts/h009_embedded.zig -OReleaseSafe -Mtyped_air_h010_artifacts=/Users/theodorepender/Coding/stark-proving-engineering/stwo-zig/design/typed-air/artifacts/h010_embedded.zig -OReleaseSafe -Mstwo_artifact_store=/Users/theodorepender/Coding/stark-proving-engineering/stwo-zig/src/artifact_store/mod.zig -OReleaseSafe --dep stwo_core -Mstwo_proof_wire=/Users/theodorepender/Coding/stark-proving-engineering/stwo-zig/src/interop/proof_wire/mod.zig --cache-dir .zig-cache --global-cache-dir /Users/theodorepender/.cache/zig --name recursive-segment-v2-concrete-outer-proof --zig-lib-dir /opt/homebrew/Cellar/zig/0.15.2/lib/zig/ --listen=-

Build Summary: 0/5 steps succeeded; 1 failed
build-recursive-segment-v2-concrete-outer-proof transitive failure
+- install recursive-segment-v2-concrete-outer-proof transitive failure
   +- compile exe recursive-segment-v2-concrete-outer-proof ReleaseSafe native 1 errors
run-recursive-segment-v2-concrete-outer-proof transitive failure
+- run exe recursive-segment-v2-concrete-outer-proof transitive failure
   +- compile exe recursive-segment-v2-concrete-outer-proof ReleaseSafe native (reused)

error: the following build command failed with exit code 1:
.zig-cache/o/b3d69b634b57aaf68da2370c40e2eca1/build /opt/homebrew/Cellar/zig/0.15.2/bin/zig /opt/homebrew/Cellar/zig/0.15.2/lib/zig /Users/theodorepender/Coding/stark-proving-engineering/stwo-zig/src/integrations/riscv_cpu .zig-cache /Users/theodorepender/.cache/zig --seed 0xfeed77ec -Za2297e83f6cbdab5 --maxrss 25769803776 -j1 build-recursive-segment-v2-concrete-outer-proof run-recursive-segment-v2-concrete-outer-proof -Doptimize=ReleaseSafe --summary all -- --check-two-segment-workload
