test-recursive-segment-v2-detached-child
+- SegmentV2 detached child guard
   +- run test
      +- compile test ReleaseSafe native 2 errors
recursive_segment_v2_detached_prefix.zig:73:77: error: expected type 'u32', found 'usize'
        .partials => .{ .kind = .claimed_sum, .item = v3.POSEIDON_AUX_START + word / 4, .limb = word % 4, .uses = 1 },
                                                      ~~~~~~~~~~~~~~~~~~~~~~^~~~~~~~~~
recursive_segment_v2_detached_prefix.zig:73:77: note: unsigned 32-bit int cannot represent all possible unsigned 64-bit values
referenced by:
    init: recursive_segment_v2_detached_prefix.zig:190:55
    testFromVerifiedChild: recursive_segment_v2_detached_prefix.zig:332:35
    2 reference(s) hidden; use '-freference-trace=4' to see all references
recursive_segment_v2_detached_prefix.zig:192:576: error: expected type 'u32', found 'usize'
                    payload[payload_at] = .{ .preprocessing = .{ .row_mask = 1, .segment_mask = 0, .binary_mask = 1, .verifier_id = lane, .sequence = step.sequence, .tag = step.tag, .args = step.args, .payload_index = at, .source_kind = coordinate.kind, .item_index = coordinate.item, .limb_index = coordinate.limb, .constant_mask = @intFromBool(instruction.source.fixed()), .input_use_count = coordinate.uses, .constant_value = if (instruction.source.fixed()) instruction.constant_words[offset] else 0, .source_hash_id = @intCast(index), .source_word_index = recording.RATE + at }, .value = value };
                                                                                                                                                                                                                                                                                                                                                                                                                                                                                                                                                                                ~~~~~~~~~~~~~~~^~~~
recursive_segment_v2_detached_prefix.zig:192:576: note: unsigned 32-bit int cannot represent all possible unsigned 64-bit values
error: the following command failed with 2 compilation errors:
/opt/homebrew/Cellar/zig/0.15.2/bin/zig test -OReleaseSafe --dep stwo_core --dep stwo_cpu_backend --dep stwo_riscv_frontend --dep stwo_riscv_cpu_integration --dep stwo_prover_engine --dep stwo_prover_api --dep interop_postcard -Mroot=/Users/theodorepender/Coding/stark-proving-engineering/stwo-zig/src/integrations/riscv_cpu/recursive_segment_v2_verifier_components_test_root.zig -OReleaseSafe -Mstwo_core=/Users/theodorepender/Coding/stark-proving-engineering/stwo-zig/src/core/mod.zig -OReleaseSafe --dep stwo_core --dep stwo_backend_contracts --dep stwo_prover_engine -Mstwo_cpu_backend=/Users/theodorepender/Coding/stark-proving-engineering/stwo-zig/src/backends/cpu_scalar/mod.zig -OReleaseSafe --dep stwo_core --dep stwo_prover_api --dep stwo_prover_engine --dep interop_postcard --dep typed_air_artifacts --dep typed_air_h009_artifacts --dep typed_air_h010_artifacts -Mstwo_riscv_frontend=/Users/theodorepender/Coding/stark-proving-engineering/stwo-zig/src/frontends/riscv/mod.zig -OReleaseSafe --dep stwo_artifact_store --dep stwo_core --dep stwo_prover_api --dep stwo_prover_engine --dep stwo_cpu_backend --dep stwo_riscv_frontend --dep interop_postcard -Mstwo_riscv_cpu_integration=/Users/theodorepender/Coding/stark-proving-engineering/stwo-zig/src/integrations/riscv_cpu/mod.zig -OReleaseSafe --dep stwo_core --dep stwo_backend_contracts --dep stwo_prover_api -Mstwo_prover_engine=/Users/theodorepender/Coding/stark-proving-engineering/stwo-zig/src/prover/mod.zig -OReleaseSafe --dep stwo_core -Mstwo_prover_api=/Users/theodorepender/Coding/stark-proving-engineering/stwo-zig/src/prover_api/mod.zig -OReleaseSafe --dep stwo_core --dep stwo_proof_wire -Minterop_postcard=/Users/theodorepender/Coding/stark-proving-engineering/stwo-zig/src/interop/postcard.zig -OReleaseSafe --dep stwo_core -Mstwo_backend_contracts=/Users/theodorepender/Coding/stark-proving-engineering/stwo-zig/src/backend/mod.zig -OReleaseSafe -Mtyped_air_artifacts=/Users/theodorepender/Coding/stark-proving-engineering/stwo-zig/design/typed-air/artifacts/embedded.zig -OReleaseSafe -Mtyped_air_h009_artifacts=/Users/theodorepender/Coding/stark-proving-engineering/stwo-zig/design/typed-air/artifacts/h009_embedded.zig -OReleaseSafe -Mtyped_air_h010_artifacts=/Users/theodorepender/Coding/stark-proving-engineering/stwo-zig/design/typed-air/artifacts/h010_embedded.zig -OReleaseSafe -Mstwo_artifact_store=/Users/theodorepender/Coding/stark-proving-engineering/stwo-zig/src/artifact_store/mod.zig -OReleaseSafe --dep stwo_core -Mstwo_proof_wire=/Users/theodorepender/Coding/stark-proving-engineering/stwo-zig/src/interop/proof_wire/mod.zig --test-filter "SegmentV2 detached child owns genuine capture and exact recorded transcript" --cache-dir .zig-cache --global-cache-dir /Users/theodorepender/.cache/zig --name test --zig-lib-dir /opt/homebrew/Cellar/zig/0.15.2/lib/zig/ --listen=-

Build Summary: 0/4 steps succeeded; 1 failed
test-recursive-segment-v2-detached-child transitive failure
+- SegmentV2 detached child guard transitive failure
   +- run test transitive failure
      +- compile test ReleaseSafe native 2 errors

error: the following build command failed with exit code 1:
.zig-cache/o/34502e8447e05c37acd670c68b6613fc/build /opt/homebrew/Cellar/zig/0.15.2/bin/zig /opt/homebrew/Cellar/zig/0.15.2/lib/zig /Users/theodorepender/Coding/stark-proving-engineering/stwo-zig/src/integrations/riscv_cpu .zig-cache /Users/theodorepender/.cache/zig --seed 0x8fae22be -Z553b217de7fcc06b --maxrss 25769803776 -j1 test-recursive-segment-v2-detached-child -Doptimize=ReleaseSafe --summary all
