test-recursive-segment-v2-detached-parent-prepare
+- SegmentV2 detached parent preparation guard
   +- run test
      +- compile test ReleaseSafe native 1 errors
recursive_segment_v2_detached_parent_prepare.zig:126:55: error: expected 2 argument(s), found 1
    const claims = if (family == .segment) try command.decodeClaims(claims_bytes) else try Command.decodeClaims(a, claims_bytes);
                                               ~~~~~~~^~~~~~~~~~~~~
recursive_segment_v2_detached_command.zig:84:5: note: function declared here
pub fn decodeClaims(allocator: std.mem.Allocator, bytes: []const u8) !ClaimsFileV1 {
~~~~^~~~~~~~~~~~~~~~~~~~~~~~~~~~~~~~~~~~~~~~~~~~~~~~~~~~~~~~~~~~~~~~~~~~~~~~~~~~~~
referenced by:
    loadFixture__anon_79276: recursive_segment_v2_detached_parent_prepare.zig:107:24
    test.detached parent prepares two genuine children with one exact routing plan: recursive_segment_v2_detached_parent_prepare.zig:148:37
    1 reference(s) hidden; use '-freference-trace=3' to see all references
error: the following command failed with 1 compilation errors:
/opt/homebrew/Cellar/zig/0.15.2/bin/zig test -OReleaseSafe --dep stwo_core --dep stwo_cpu_backend --dep stwo_riscv_frontend --dep stwo_riscv_cpu_integration --dep stwo_prover_engine --dep stwo_prover_api --dep interop_postcard -Mroot=/Users/theodorepender/Coding/stark-proving-engineering/stwo-zig/src/integrations/riscv_cpu/recursive_segment_v2_verifier_components_test_root.zig -OReleaseSafe -Mstwo_core=/Users/theodorepender/Coding/stark-proving-engineering/stwo-zig/src/core/mod.zig -OReleaseSafe --dep stwo_core --dep stwo_backend_contracts --dep stwo_prover_engine -Mstwo_cpu_backend=/Users/theodorepender/Coding/stark-proving-engineering/stwo-zig/src/backends/cpu_scalar/mod.zig -OReleaseSafe --dep stwo_core --dep stwo_prover_api --dep stwo_prover_engine --dep interop_postcard --dep typed_air_artifacts --dep typed_air_h009_artifacts --dep typed_air_h010_artifacts -Mstwo_riscv_frontend=/Users/theodorepender/Coding/stark-proving-engineering/stwo-zig/src/frontends/riscv/mod.zig -OReleaseSafe --dep stwo_artifact_store --dep stwo_core --dep stwo_prover_api --dep stwo_prover_engine --dep stwo_cpu_backend --dep stwo_riscv_frontend --dep interop_postcard -Mstwo_riscv_cpu_integration=/Users/theodorepender/Coding/stark-proving-engineering/stwo-zig/src/integrations/riscv_cpu/mod.zig -OReleaseSafe --dep stwo_core --dep stwo_backend_contracts --dep stwo_prover_api -Mstwo_prover_engine=/Users/theodorepender/Coding/stark-proving-engineering/stwo-zig/src/prover/mod.zig -OReleaseSafe --dep stwo_core -Mstwo_prover_api=/Users/theodorepender/Coding/stark-proving-engineering/stwo-zig/src/prover_api/mod.zig -OReleaseSafe --dep stwo_core --dep stwo_proof_wire -Minterop_postcard=/Users/theodorepender/Coding/stark-proving-engineering/stwo-zig/src/interop/postcard.zig -OReleaseSafe --dep stwo_core -Mstwo_backend_contracts=/Users/theodorepender/Coding/stark-proving-engineering/stwo-zig/src/backend/mod.zig -OReleaseSafe -Mtyped_air_artifacts=/Users/theodorepender/Coding/stark-proving-engineering/stwo-zig/design/typed-air/artifacts/embedded.zig -OReleaseSafe -Mtyped_air_h009_artifacts=/Users/theodorepender/Coding/stark-proving-engineering/stwo-zig/design/typed-air/artifacts/h009_embedded.zig -OReleaseSafe -Mtyped_air_h010_artifacts=/Users/theodorepender/Coding/stark-proving-engineering/stwo-zig/design/typed-air/artifacts/h010_embedded.zig -OReleaseSafe -Mstwo_artifact_store=/Users/theodorepender/Coding/stark-proving-engineering/stwo-zig/src/artifact_store/mod.zig -OReleaseSafe --dep stwo_core -Mstwo_proof_wire=/Users/theodorepender/Coding/stark-proving-engineering/stwo-zig/src/interop/proof_wire/mod.zig --test-filter "detached parent prepares two genuine children with one exact routing plan" --test-filter "detached parent snapshots typed rows and rejects mutable ingress and inactive claims" --cache-dir .zig-cache --global-cache-dir /Users/theodorepender/.cache/zig --name test --zig-lib-dir /opt/homebrew/Cellar/zig/0.15.2/lib/zig/ --listen=-

Build Summary: 0/4 steps succeeded; 1 failed
test-recursive-segment-v2-detached-parent-prepare transitive failure
+- SegmentV2 detached parent preparation guard transitive failure
   +- run test transitive failure
      +- compile test ReleaseSafe native 1 errors

error: the following build command failed with exit code 1:
.zig-cache/o/ec74c8685ab6559a2434db206cd5ef81/build /opt/homebrew/Cellar/zig/0.15.2/bin/zig /opt/homebrew/Cellar/zig/0.15.2/lib/zig /Users/theodorepender/Coding/stark-proving-engineering/stwo-zig/src/integrations/riscv_cpu .zig-cache /Users/theodorepender/.cache/zig --seed 0xcbf1abb4 -Z997baa7f0390ace2 --maxrss 25769803776 -j1 test-recursive-segment-v2-detached-parent-prepare -Doptimize=ReleaseSafe --summary all
