test-recursion-direct-execution
+- stwo_riscv_frontend test count floor
   +- run test 4/5 passed, 1 failed
error: 'recursion.air.direct_constraint_program.test.R-012 direct execution pruning retains gates and the complete arena seal' failed: DIRECT_EXECUTION_PRUNING row=0 canonical_nodes=7 executed_nodes=3
DIRECT_EXECUTION_PRUNING row=1 canonical_nodes=40 executed_nodes=29
DIRECT_EXECUTION_PRUNING row=2 canonical_nodes=49 executed_nodes=30
DIRECT_EXECUTION_PRUNING row=3 canonical_nodes=41 executed_nodes=30
DIRECT_EXECUTION_PRUNING row=4 canonical_nodes=12 executed_nodes=10
DIRECT_EXECUTION_PRUNING row=5 canonical_nodes=10 executed_nodes=9
DIRECT_EXECUTION_PRUNING row=6 canonical_nodes=314 executed_nodes=314
DIRECT_EXECUTION_PRUNING row=7 canonical_nodes=12 executed_nodes=8
DIRECT_EXECUTION_PRUNING row=8 canonical_nodes=23 executed_nodes=15
DIRECT_EXECUTION_PRUNING row=9 canonical_nodes=55 executed_nodes=15
DIRECT_EXECUTION_PRUNING row=10 canonical_nodes=41 executed_nodes=39
DIRECT_EXECUTION_PRUNING row=11 canonical_nodes=21 executed_nodes=21
DIRECT_EXECUTION_PRUNING row=12 canonical_nodes=36 executed_nodes=35
DIRECT_EXECUTION_PRUNING row=13 canonical_nodes=1 executed_nodes=1
DIRECT_EXECUTION_PRUNING row=20 canonical_nodes=289 executed_nodes=231
DIRECT_EXECUTION_PRUNING row=21 canonical_nodes=166 executed_nodes=166
DIRECT_EXECUTION_PRUNING row=22 canonical_nodes=22 executed_nodes=14
DIRECT_EXECUTION_PRUNING row=23 canonical_nodes=121 executed_nodes=99
DIRECT_EXECUTION_PRUNING row=24 canonical_nodes=20 executed_nodes=11
DIRECT_EXECUTION_PRUNING row=25 canonical_nodes=125 executed_nodes=102
DIRECT_EXECUTION_PRUNING row=26 canonical_nodes=46 executed_nodes=39
DIRECT_EXECUTION_PRUNING row=27 canonical_nodes=17 executed_nodes=15
DIRECT_EXECUTION_PRUNING row=28 canonical_nodes=16 executed_nodes=13
DIRECT_EXECUTION_PRUNING row=29 canonical_nodes=21 executed_nodes=11
DIRECT_EXECUTION_PRUNING row=30 canonical_nodes=84 executed_nodes=83
DIRECT_EXECUTION_PRUNING row=31 canonical_nodes=74 executed_nodes=73
DIRECT_EXECUTION_PRUNING row=32 canonical_nodes=106 executed_nodes=106
DIRECT_EXECUTION_PRUNING row=33 canonical_nodes=43 executed_nodes=39
error: while executing test 'recursion.air.direct_constraint_program.test.R-012 direct execution pruning retains gates and the complete arena seal', the following test command failed:
./.zig-cache/o/2a8c3787b84a5e5757d5bae8618c169a/test --cache-dir=./.zig-cache --seed=0xe7a33793 --listen=-
test-recursion-structural-hashes
+- stwo_riscv_frontend test count floor failure
error: this package compiled 2 tests; its own step requires at least 3.
  Zig collects a test only from a file it analysed, so a file that fell out of
  test_inventory.zig is compiled by nothing and still reports green. Restore the
  import, or move `test_floor` in this build file deliberately.

Build Summary: 3/8 steps succeeded; 2 failed; 6/7 tests passed; 1 failed
test-recursion-direct-execution transitive failure
+- stwo_riscv_frontend test count floor transitive failure
   +- run test 4/5 passed, 1 failed
      +- compile test ReleaseSafe native success 11s MaxRSS:1G
test-recursion-structural-hashes transitive failure
+- stwo_riscv_frontend test count floor failure
   +- run test 2 passed 278ms MaxRSS:1M
      +- compile test ReleaseSafe native success 4s MaxRSS:442M

error: the following build command failed with exit code 1:
.zig-cache/o/5af88443c8f9847d7caef944cf333f9e/build /opt/homebrew/Cellar/zig/0.15.2/bin/zig /opt/homebrew/Cellar/zig/0.15.2/lib/zig /Users/theodorepender/Coding/stark-proving-engineering/stwo-zig/src/frontends/riscv .zig-cache /Users/theodorepender/.cache/zig --seed 0xe7a33793 -Z49c0277437c59039 --maxrss 25769803776 -j1 test-recursion-direct-execution test-recursion-structural-hashes -Doptimize=ReleaseSafe --summary all
