test-recursive-segment-v2-detached-parent-prepare
+- SegmentV2 detached parent preparation guard
   +- run test stderr
DETACHED_PARENT_CHILD lane=1 preparation_ns=1928931416
DETACHED_PARENT_CHILD lane=2 preparation_ns=3846762541
DETACHED_PARENT_ROW row=0 rows=6382 logical_bytes=306336
DETACHED_PARENT_ROW row=1 rows=2945 logical_bytes=565440
DETACHED_PARENT_ROW row=2 rows=2945 logical_bytes=435860
DETACHED_PARENT_ROW row=3 rows=210 logical_bytes=30240
DETACHED_PARENT_ROW row=4 rows=21880 logical_bytes=1662880
DETACHED_PARENT_ROW row=5 rows=20264 logical_bytes=1702176
DETACHED_PARENT_ROW row=6 rows=4 logical_bytes=1088
DETACHED_PARENT_ROW row=7 rows=4 logical_bytes=240
DETACHED_PARENT_ROW row=8 rows=94 logical_bytes=9400
DETACHED_PARENT_ROW row=9 rows=66 logical_bytes=8448
DETACHED_PARENT_ROW row=10 rows=8 logical_bytes=736
DETACHED_PARENT_ROW row=11 rows=42701 logical_bytes=3928492
DETACHED_PARENT_ROW row=12 rows=644 logical_bytes=255024
DETACHED_PARENT_ROW row=13 rows=105218 logical_bytes=4208720
DETACHED_PARENT_ROW row=20 rows=386 logical_bytes=114256
DETACHED_PARENT_ROW row=21 rows=6176 logical_bytes=2593920
DETACHED_PARENT_ROW row=22 rows=18 logical_bytes=1368
DETACHED_PARENT_ROW row=23 rows=103834 logical_bytes=36134232
DETACHED_PARENT_ROW row=24 rows=853232 logical_bytes=88736128
DETACHED_PARENT_ROW row=25 rows=20844 logical_bytes=7837344
DETACHED_PARENT_ROW row=26 rows=5018 logical_bytes=843024
DETACHED_PARENT_ROW row=27 rows=1930 logical_bytes=216160
DETACHED_PARENT_ROW row=28 rows=2702 logical_bytes=237776
DETACHED_PARENT_ROW row=29 rows=128974 logical_bytes=15476880
DETACHED_PARENT_ROW row=30 rows=1688698 logical_bytes=270191680
DETACHED_PARENT_ROW row=31 rows=66537 logical_bytes=8516736
DETACHED_PARENT_ROW row=32 rows=1610687 logical_bytes=328580148
DETACHED_PARENT_ROW row=33 rows=46706 logical_bytes=8593904
DETACHED_PARENT_PREPARATION rows_bytes=781188636 providers=179991 graph_ns=4420100708 snapshot_pending=true
DETACHED_PARENT_EXACT_CLOSURE .{ .contribution_count = 13981479, .unmatched_tuple_count = 0, .unmatched_by_domain = { 0, 0, 0, 0, 0, 0, 0, 0, 0, 0, 0, 0, 0, 0, 0, 0, 0, 0, 0, 0, 0, 0, 0, 0, 0, 0, 0, 0, 0, 0, 0, 0, 0, 0, 0, 0, 0, 0, 0, 0, 0, 0, 0, 0, 0, 0, 0 } }
DETACHED_PARENT_ACTUAL_PREPARE preparation_ns=5934596083 child_owners_destroyed=true root_words=436 proof_verified=false

Build Summary: 4/4 steps succeeded; 2/2 tests passed
test-recursive-segment-v2-detached-parent-prepare success
+- SegmentV2 detached parent preparation guard success
   +- run test 2 passed 13s MaxRSS:3G
      +- compile test ReleaseSafe native success 1m MaxRSS:3G

