SEGMENT_V2_LADDER mode=narrow_complete_proof requested_steps=64 native_backend=cpu memory_addresses=1 initial_register7=0
SEGMENT_V2_MEMORY_EXECUTION address_count=1 initial_word=13 segment_cycles=64 cumulative_cycles=64 loads=21 stores=20 distinct_accessed=1 stride_bytes=128 entry_nonzero_words=1 exit_nonzero_words=1 exit_pc=1100
SEGMENT_V2_MEMORY_EXECUTION address_count=1 initial_word=13 segment_cycles=64 cumulative_cycles=128 loads=21 stores=22 distinct_accessed=1 stride_bytes=128 entry_nonzero_words=1 exit_nonzero_words=1 exit_pc=1200
SEGMENT_V2_MEMORY_EXECUTION address_count=1 initial_word=13 segment_cycles=64 cumulative_cycles=192 loads=22 stores=21 distinct_accessed=1 stride_bytes=128 entry_nonzero_words=1 exit_nonzero_words=1 exit_pc=1300
SEGMENT_V2_MEMORY_EXECUTION address_count=1 initial_word=13 segment_cycles=64 cumulative_cycles=256 loads=21 stores=21 distinct_accessed=1 stride_bytes=128 entry_nonzero_words=1 exit_nonzero_words=1 exit_pc=1400
SEGMENT_V2_MEMORY_EXECUTION address_count=1 initial_word=13 segment_cycles=64 cumulative_cycles=320 loads=21 stores=22 distinct_accessed=1 stride_bytes=128 entry_nonzero_words=1 exit_nonzero_words=1 exit_pc=1500
SEGMENT_V2_MEMORY_EXECUTION address_count=1 initial_word=13 segment_cycles=64 cumulative_cycles=384 loads=22 stores=21 distinct_accessed=1 stride_bytes=128 entry_nonzero_words=1 exit_nonzero_words=1 exit_pc=1600
SEGMENT_V2_MEMORY_EXECUTION address_count=1 initial_word=13 segment_cycles=64 cumulative_cycles=448 loads=21 stores=21 distinct_accessed=1 stride_bytes=128 entry_nonzero_words=1 exit_nonzero_words=1 exit_pc=1700
SEGMENT_V2_MEMORY_EXECUTION address_count=1 initial_word=13 segment_cycles=34 cumulative_cycles=482 loads=11 stores=12 distinct_accessed=1 stride_bytes=128 entry_nonzero_words=1 exit_nonzero_words=1 exit_pc=1788
info: Columns: opcode=103 infra=481 total tree1=584 interaction=152
info: Poseidon2 Merkle: 2014 exact sparse-node calls, poseidon_log_size=11, merkle_log_size=11
SEGMENT_V2_NATIVE_MEMORY path=temporal segment=0 backend=cpu scope=caller_allocator_payload excludes=size_routed_mmap_and_device producer_peak_bytes=469062660 producer_live_bytes_after_destroy=0 canonical_proof_bytes=1325285 before_fresh_decode=true
SEGMENT_V2_NATIVE_PROFILE profile=protocol_v1 segment=0 queries=193 fold_step=4 pcs_pow_bits=16 interaction_pow_bits=10 prove_ns=2272739458 transport_ns=8916709 verify_ns=464800416 recursive_prepare_ns=981616917 proof_bytes=1325285 transcript_calls=1164 verifier_core_calls=58865 outer_proof_created=false
SEGMENT_V2_DETACHED_GEOMETRY profile=recursive_q193_v1 cohort_ns=1935759583 poseidon_calls=60045 tree0_evaluation_bytes=187176192 tree1_evaluation_bytes=242896640 tree2_evaluation_bytes=110733312 excludes=pcs_expansion_commitments_and_metadata before_tree_allocation=true
SEGMENT_V2_TWO_CHILD_CANDIDATE segment=0 first_cycle=0 retired_cycles=64 completed=false directory=/Users/theodorepender/Coding/stark-proving-engineering/stwo-zig/vectors/reports/riscv-proving-stack-reset-20260908/small-detached-recursion-v1/q193-ladder-8-cpu-bootstrap/child-0 native_backend=cpu recursive_backend=cpu proof_bytes=2489306 native_ingress_ns=3729603792 outer_prepare_ns=2601197166 outer_prove_ns=4948289459 transaction_ns=11304528125 producer_peak_bytes=2634972984 producer_live_bytes_after_destroy=0 status=unverified_candidate parent_proof_created=false
info: Columns: opcode=85 infra=481 total tree1=566 interaction=136
info: Poseidon2 Merkle: 2014 exact sparse-node calls, poseidon_log_size=11, merkle_log_size=11
SEGMENT_V2_NATIVE_MEMORY path=temporal segment=1 backend=cpu scope=caller_allocator_payload excludes=size_routed_mmap_and_device producer_peak_bytes=469050852 producer_live_bytes_after_destroy=0 canonical_proof_bytes=1289630 before_fresh_decode=true
SEGMENT_V2_NATIVE_PROFILE profile=protocol_v1 segment=1 queries=193 fold_step=4 pcs_pow_bits=16 interaction_pow_bits=10 prove_ns=1958857666 transport_ns=8695000 verify_ns=443275792 recursive_prepare_ns=972797750 proof_bytes=1289630 transcript_calls=1104 verifier_core_calls=57900 outer_proof_created=false
SEGMENT_V2_DETACHED_GEOMETRY profile=recursive_q193_v1 cohort_ns=1917290458 poseidon_calls=59019 tree0_evaluation_bytes=187176192 tree1_evaluation_bytes=242896640 tree2_evaluation_bytes=110733312 excludes=pcs_expansion_commitments_and_metadata before_tree_allocation=true
SEGMENT_V2_TWO_CHILD_CANDIDATE segment=1 first_cycle=64 retired_cycles=64 completed=false directory=/Users/theodorepender/Coding/stark-proving-engineering/stwo-zig/vectors/reports/riscv-proving-stack-reset-20260908/small-detached-recursion-v1/q193-ladder-8-cpu-bootstrap/child-1 native_backend=cpu recursive_backend=cpu proof_bytes=2488494 native_ingress_ns=3385407708 outer_prepare_ns=2540442458 outer_prove_ns=4977630417 transaction_ns=10928970208 producer_peak_bytes=2625494121 producer_live_bytes_after_destroy=0 status=unverified_candidate parent_proof_created=false
info: Columns: opcode=85 infra=481 total tree1=566 interaction=136
info: Poseidon2 Merkle: 2014 exact sparse-node calls, poseidon_log_size=11, merkle_log_size=11
SEGMENT_V2_NATIVE_MEMORY path=temporal segment=2 backend=cpu scope=caller_allocator_payload excludes=size_routed_mmap_and_device producer_peak_bytes=469050852 producer_live_bytes_after_destroy=0 canonical_proof_bytes=1293917 before_fresh_decode=true
SEGMENT_V2_NATIVE_PROFILE profile=protocol_v1 segment=2 queries=193 fold_step=4 pcs_pow_bits=16 interaction_pow_bits=10 prove_ns=1826492584 transport_ns=9014125 verify_ns=428954541 recursive_prepare_ns=962836625 proof_bytes=1293917 transcript_calls=1104 verifier_core_calls=57900 outer_proof_created=false
SEGMENT_V2_DETACHED_GEOMETRY profile=recursive_q193_v1 cohort_ns=1898676584 poseidon_calls=59019 tree0_evaluation_bytes=187176192 tree1_evaluation_bytes=242896640 tree2_evaluation_bytes=110733312 excludes=pcs_expansion_commitments_and_metadata before_tree_allocation=true
SEGMENT_V2_TWO_CHILD_CANDIDATE segment=2 first_cycle=128 retired_cycles=64 completed=false directory=/Users/theodorepender/Coding/stark-proving-engineering/stwo-zig/vectors/reports/riscv-proving-stack-reset-20260908/small-detached-recursion-v1/q193-ladder-8-cpu-bootstrap/child-2 native_backend=cpu recursive_backend=cpu proof_bytes=2488868 native_ingress_ns=3229231209 outer_prepare_ns=2535515167 outer_prove_ns=5017162083 transaction_ns=10820470708 producer_peak_bytes=2625494131 producer_live_bytes_after_destroy=0 status=unverified_candidate parent_proof_created=false
info: Columns: opcode=85 infra=481 total tree1=566 interaction=136
info: Poseidon2 Merkle: 2014 exact sparse-node calls, poseidon_log_size=11, merkle_log_size=11
SEGMENT_V2_NATIVE_MEMORY path=temporal segment=3 backend=cpu scope=caller_allocator_payload excludes=size_routed_mmap_and_device producer_peak_bytes=469050852 producer_live_bytes_after_destroy=0 canonical_proof_bytes=1282552 before_fresh_decode=true
SEGMENT_V2_NATIVE_PROFILE profile=protocol_v1 segment=3 queries=193 fold_step=4 pcs_pow_bits=16 interaction_pow_bits=10 prove_ns=1977197166 transport_ns=8475834 verify_ns=431881916 recursive_prepare_ns=959101959 proof_bytes=1282552 transcript_calls=1104 verifier_core_calls=57900 outer_proof_created=false
SEGMENT_V2_DETACHED_GEOMETRY profile=recursive_q193_v1 cohort_ns=1903926000 poseidon_calls=59019 tree0_evaluation_bytes=187176192 tree1_evaluation_bytes=242896640 tree2_evaluation_bytes=110733312 excludes=pcs_expansion_commitments_and_metadata before_tree_allocation=true
SEGMENT_V2_TWO_CHILD_CANDIDATE segment=3 first_cycle=192 retired_cycles=64 completed=false directory=/Users/theodorepender/Coding/stark-proving-engineering/stwo-zig/vectors/reports/riscv-proving-stack-reset-20260908/small-detached-recursion-v1/q193-ladder-8-cpu-bootstrap/child-3 native_backend=cpu recursive_backend=cpu proof_bytes=2497050 native_ingress_ns=3379046958 outer_prepare_ns=2522920791 outer_prove_ns=5360413417 transaction_ns=11288289834 producer_peak_bytes=2625494138 producer_live_bytes_after_destroy=0 status=unverified_candidate parent_proof_created=false
info: Columns: opcode=85 infra=481 total tree1=566 interaction=136
info: Poseidon2 Merkle: 2014 exact sparse-node calls, poseidon_log_size=11, merkle_log_size=11
SEGMENT_V2_NATIVE_MEMORY path=temporal segment=4 backend=cpu scope=caller_allocator_payload excludes=size_routed_mmap_and_device producer_peak_bytes=469050852 producer_live_bytes_after_destroy=0 canonical_proof_bytes=1280383 before_fresh_decode=true
SEGMENT_V2_NATIVE_PROFILE profile=protocol_v1 segment=4 queries=193 fold_step=4 pcs_pow_bits=16 interaction_pow_bits=10 prove_ns=2022560625 transport_ns=8497333 verify_ns=441209209 recursive_prepare_ns=962158500 proof_bytes=1280383 transcript_calls=1104 verifier_core_calls=57900 outer_proof_created=false
SEGMENT_V2_DETACHED_GEOMETRY profile=recursive_q193_v1 cohort_ns=1910183292 poseidon_calls=59019 tree0_evaluation_bytes=187176192 tree1_evaluation_bytes=242896640 tree2_evaluation_bytes=110733312 excludes=pcs_expansion_commitments_and_metadata before_tree_allocation=true
SEGMENT_V2_TWO_CHILD_CANDIDATE segment=4 first_cycle=256 retired_cycles=64 completed=false directory=/Users/theodorepender/Coding/stark-proving-engineering/stwo-zig/vectors/reports/riscv-proving-stack-reset-20260908/small-detached-recursion-v1/q193-ladder-8-cpu-bootstrap/child-4 native_backend=cpu recursive_backend=cpu proof_bytes=2486011 native_ingress_ns=3436057375 outer_prepare_ns=2527901334 outer_prove_ns=5242200416 transaction_ns=11231184875 producer_peak_bytes=2625494133 producer_live_bytes_after_destroy=0 status=unverified_candidate parent_proof_created=false
info: Columns: opcode=85 infra=481 total tree1=566 interaction=136
info: Poseidon2 Merkle: 2014 exact sparse-node calls, poseidon_log_size=11, merkle_log_size=11
SEGMENT_V2_NATIVE_MEMORY path=temporal segment=5 backend=cpu scope=caller_allocator_payload excludes=size_routed_mmap_and_device producer_peak_bytes=469050852 producer_live_bytes_after_destroy=0 canonical_proof_bytes=1286957 before_fresh_decode=true
SEGMENT_V2_NATIVE_PROFILE profile=protocol_v1 segment=5 queries=193 fold_step=4 pcs_pow_bits=16 interaction_pow_bits=10 prove_ns=1794081125 transport_ns=8611750 verify_ns=441317167 recursive_prepare_ns=968646625 proof_bytes=1286957 transcript_calls=1104 verifier_core_calls=57900 outer_proof_created=false
SEGMENT_V2_DETACHED_GEOMETRY profile=recursive_q193_v1 cohort_ns=1934522708 poseidon_calls=59019 tree0_evaluation_bytes=187176192 tree1_evaluation_bytes=242896640 tree2_evaluation_bytes=110733312 excludes=pcs_expansion_commitments_and_metadata before_tree_allocation=true
SEGMENT_V2_TWO_CHILD_CANDIDATE segment=5 first_cycle=320 retired_cycles=64 completed=false directory=/Users/theodorepender/Coding/stark-proving-engineering/stwo-zig/vectors/reports/riscv-proving-stack-reset-20260908/small-detached-recursion-v1/q193-ladder-8-cpu-bootstrap/child-5 native_backend=cpu recursive_backend=cpu proof_bytes=2490911 native_ingress_ns=3214107458 outer_prepare_ns=2560557417 outer_prove_ns=4831074833 transaction_ns=10631281417 producer_peak_bytes=2625494133 producer_live_bytes_after_destroy=0 status=unverified_candidate parent_proof_created=false
info: Columns: opcode=85 infra=481 total tree1=566 interaction=136
info: Poseidon2 Merkle: 2014 exact sparse-node calls, poseidon_log_size=11, merkle_log_size=11
SEGMENT_V2_NATIVE_MEMORY path=temporal segment=6 backend=cpu scope=caller_allocator_payload excludes=size_routed_mmap_and_device producer_peak_bytes=469050852 producer_live_bytes_after_destroy=0 canonical_proof_bytes=1288200 before_fresh_decode=true
SEGMENT_V2_NATIVE_PROFILE profile=protocol_v1 segment=6 queries=193 fold_step=4 pcs_pow_bits=16 interaction_pow_bits=10 prove_ns=3478721958 transport_ns=8653667 verify_ns=439916583 recursive_prepare_ns=963480167 proof_bytes=1288200 transcript_calls=1104 verifier_core_calls=57900 outer_proof_created=false
SEGMENT_V2_DETACHED_GEOMETRY profile=recursive_q193_v1 cohort_ns=1915921708 poseidon_calls=59019 tree0_evaluation_bytes=187176192 tree1_evaluation_bytes=242896640 tree2_evaluation_bytes=110733312 excludes=pcs_expansion_commitments_and_metadata before_tree_allocation=true
SEGMENT_V2_TWO_CHILD_CANDIDATE segment=6 first_cycle=384 retired_cycles=64 completed=false directory=/Users/theodorepender/Coding/stark-proving-engineering/stwo-zig/vectors/reports/riscv-proving-stack-reset-20260908/small-detached-recursion-v1/q193-ladder-8-cpu-bootstrap/child-6 native_backend=cpu recursive_backend=cpu proof_bytes=2485625 native_ingress_ns=4892221625 outer_prepare_ns=2539695541 outer_prove_ns=4839931542 transaction_ns=12298824375 producer_peak_bytes=2625494141 producer_live_bytes_after_destroy=0 status=unverified_candidate parent_proof_created=false
info: Columns: opcode=85 infra=481 total tree1=566 interaction=136
info: Poseidon2 Merkle: 2014 exact sparse-node calls, poseidon_log_size=11, merkle_log_size=11
SEGMENT_V2_NATIVE_MEMORY path=temporal segment=7 backend=cpu scope=caller_allocator_payload excludes=size_routed_mmap_and_device producer_peak_bytes=468994660 producer_live_bytes_after_destroy=0 canonical_proof_bytes=1282218 before_fresh_decode=true
SEGMENT_V2_NATIVE_PROFILE profile=protocol_v1 segment=7 queries=193 fold_step=4 pcs_pow_bits=16 interaction_pow_bits=10 prove_ns=1815070125 transport_ns=8504541 verify_ns=446038334 recursive_prepare_ns=952463750 proof_bytes=1282218 transcript_calls=1104 verifier_core_calls=57900 outer_proof_created=false
SEGMENT_V2_DETACHED_GEOMETRY profile=recursive_q193_v1 cohort_ns=1909261542 poseidon_calls=59019 tree0_evaluation_bytes=187176192 tree1_evaluation_bytes=242896640 tree2_evaluation_bytes=110733312 excludes=pcs_expansion_commitments_and_metadata before_tree_allocation=true
SEGMENT_V2_TWO_CHILD_CANDIDATE segment=7 first_cycle=448 retired_cycles=34 completed=true directory=/Users/theodorepender/Coding/stark-proving-engineering/stwo-zig/vectors/reports/riscv-proving-stack-reset-20260908/small-detached-recursion-v1/q193-ladder-8-cpu-bootstrap/child-7 native_backend=cpu recursive_backend=cpu proof_bytes=2489782 native_ingress_ns=3223538042 outer_prepare_ns=2522224458 outer_prove_ns=5038277167 transaction_ns=10812730583 producer_peak_bytes=2625097518 producer_live_bytes_after_destroy=0 status=unverified_candidate parent_proof_created=false
SEGMENT_V2_TWO_CHILD_PRODUCER status=unverified_candidates native_backend=cpu recursive_backend=cpu owners_destroyed=true parent_proof_created=false
