test-recursion-segment-statement-source-v2
+- stwo_riscv_frontend test count floor
   +- run test
      +- compile test ReleaseSafe native 1 errors
recursion/segment_statement_outer_source_v2_contract.zig:191:9: error: V2 statement-spine protocol geometry drifted
        @compileError("V2 statement-spine protocol geometry drifted");
        ^~~~~~~~~~~~~~~~~~~~~~~~~~~~~~~~~~~~~~~~~~~~~~~~~~~~~~~~~~~~~
referenced by:
    shard_0: recursion/segment_statement_outer_source_v2.zig:16:25
    AuthorityV2: recursion/segment_statement_outer_source_v2.zig:71:25
    2 reference(s) hidden; use '-freference-trace=4' to see all references
error: the following command failed with 1 compilation errors:
/opt/homebrew/Cellar/zig/0.15.2/bin/zig test -OReleaseSafe --dep stwo_core --dep stwo_prover_api --dep interop_postcard --dep stwo_prover_engine -Mroot=/Users/theodorepender/Coding/stark-proving-engineering/stwo-zig/src/frontends/riscv/segment_statement_outer_source_v2_test_root.zig -OReleaseSafe -Mstwo_core=/Users/theodorepender/Coding/stark-proving-engineering/stwo-zig/src/core/mod.zig -OReleaseSafe --dep stwo_core -Mstwo_prover_api=/Users/theodorepender/Coding/stark-proving-engineering/stwo-zig/src/prover_api/mod.zig -OReleaseSafe --dep stwo_core --dep stwo_proof_wire -Minterop_postcard=/Users/theodorepender/Coding/stark-proving-engineering/stwo-zig/src/interop/postcard.zig -OReleaseSafe --dep stwo_core --dep stwo_backend_contracts --dep stwo_prover_api -Mstwo_prover_engine=/Users/theodorepender/Coding/stark-proving-engineering/stwo-zig/src/prover/mod.zig -OReleaseSafe --dep stwo_core -Mstwo_proof_wire=/Users/theodorepender/Coding/stark-proving-engineering/stwo-zig/src/interop/proof_wire/mod.zig -OReleaseSafe --dep stwo_core -Mstwo_backend_contracts=/Users/theodorepender/Coding/stark-proving-engineering/stwo-zig/src/backend/mod.zig --test-filter "V2 row-11" --cache-dir .zig-cache --global-cache-dir /Users/theodorepender/.cache/zig --name test --zig-lib-dir /opt/homebrew/Cellar/zig/0.15.2/lib/zig/ --listen=-

Build Summary: 0/4 steps succeeded; 1 failed
test-recursion-segment-statement-source-v2 transitive failure
+- stwo_riscv_frontend test count floor transitive failure
   +- run test transitive failure
      +- compile test ReleaseSafe native 1 errors

error: the following build command failed with exit code 1:
.zig-cache/o/7c749f3fcc475c8a64bb8d45cbaecee9/build /opt/homebrew/Cellar/zig/0.15.2/bin/zig /opt/homebrew/Cellar/zig/0.15.2/lib/zig /Users/theodorepender/Coding/stark-proving-engineering/stwo-zig/src/frontends/riscv .zig-cache /Users/theodorepender/.cache/zig --seed 0x78f7487f -Z7aeaf589ac93aa64 --maxrss 25769803776 -j1 test-recursion-segment-statement-source-v2 -Doptimize=ReleaseSafe --summary all
