SEGMENT_V2_LADDER mode=narrow_complete_proof requested_steps=64 native_backend=cpu memory_addresses=1 initial_register7=0
SEGMENT_V2_MEMORY_EXECUTION address_count=1 initial_word=14 segment_cycles=64 cumulative_cycles=64 loads=21 stores=20 distinct_accessed=1 stride_bytes=128 entry_nonzero_words=1 exit_nonzero_words=1 exit_pc=1100
SEGMENT_V2_MEMORY_EXECUTION address_count=1 initial_word=14 segment_cycles=64 cumulative_cycles=128 loads=21 stores=22 distinct_accessed=1 stride_bytes=128 entry_nonzero_words=1 exit_nonzero_words=1 exit_pc=1200
SEGMENT_V2_MEMORY_EXECUTION address_count=1 initial_word=14 segment_cycles=64 cumulative_cycles=192 loads=22 stores=21 distinct_accessed=1 stride_bytes=128 entry_nonzero_words=1 exit_nonzero_words=1 exit_pc=1300
SEGMENT_V2_MEMORY_EXECUTION address_count=1 initial_word=14 segment_cycles=35 cumulative_cycles=227 loads=11 stores=12 distinct_accessed=1 stride_bytes=128 entry_nonzero_words=1 exit_nonzero_words=1 exit_pc=138c
info: Columns: opcode=103 infra=481 total tree1=584 interaction=152
info: Poseidon2 Merkle: 994 exact sparse-node calls, poseidon_log_size=10, merkle_log_size=10
SEGMENT_V2_NATIVE_MEMORY path=temporal segment=0 backend=cpu scope=caller_allocator_payload excludes=size_routed_mmap_and_device producer_peak_bytes=462890460 producer_live_bytes_after_destroy=0 canonical_proof_bytes=29022 before_fresh_decode=true
SEGMENT_V2_TWO_CHILD_CANDIDATE segment=0 first_cycle=0 retired_cycles=64 completed=false directory=/Users/theodorepender/Coding/stark-proving-engineering/stwo-zig/vectors/reports/riscv-proving-stack-reset-20260908/small-detached-recursion-v1/segment-ladder-cpu-4-seed14-reuse/child-0 native_backend=cpu proof_bytes=92911 native_ingress_ns=2637207167 outer_prepare_ns=397278583 outer_prove_ns=987092250 transaction_ns=4025742458 producer_peak_bytes=130693499 producer_live_bytes_after_destroy=0 status=unverified_candidate parent_proof_created=false
info: Columns: opcode=85 infra=481 total tree1=566 interaction=136
info: Poseidon2 Merkle: 994 exact sparse-node calls, poseidon_log_size=10, merkle_log_size=10
SEGMENT_V2_NATIVE_MEMORY path=temporal segment=1 backend=cpu scope=caller_allocator_payload excludes=size_routed_mmap_and_device producer_peak_bytes=462878652 producer_live_bytes_after_destroy=0 canonical_proof_bytes=28055 before_fresh_decode=true
SEGMENT_V2_TWO_CHILD_CANDIDATE segment=1 first_cycle=64 retired_cycles=64 completed=false directory=/Users/theodorepender/Coding/stark-proving-engineering/stwo-zig/vectors/reports/riscv-proving-stack-reset-20260908/small-detached-recursion-v1/segment-ladder-cpu-4-seed14-reuse/child-1 native_backend=cpu proof_bytes=93969 native_ingress_ns=2452557958 outer_prepare_ns=384076208 outer_prove_ns=962303667 transaction_ns=3802982583 producer_peak_bytes=130690363 producer_live_bytes_after_destroy=0 status=unverified_candidate parent_proof_created=false
info: Columns: opcode=85 infra=481 total tree1=566 interaction=136
info: Poseidon2 Merkle: 994 exact sparse-node calls, poseidon_log_size=10, merkle_log_size=10
SEGMENT_V2_NATIVE_MEMORY path=temporal segment=2 backend=cpu scope=caller_allocator_payload excludes=size_routed_mmap_and_device producer_peak_bytes=462878652 producer_live_bytes_after_destroy=0 canonical_proof_bytes=28042 before_fresh_decode=true
SEGMENT_V2_TWO_CHILD_CANDIDATE segment=2 first_cycle=128 retired_cycles=64 completed=false directory=/Users/theodorepender/Coding/stark-proving-engineering/stwo-zig/vectors/reports/riscv-proving-stack-reset-20260908/small-detached-recursion-v1/segment-ladder-cpu-4-seed14-reuse/child-2 native_backend=cpu proof_bytes=90201 native_ingress_ns=2447287792 outer_prepare_ns=387050209 outer_prove_ns=964617791 transaction_ns=3804143583 producer_peak_bytes=130690363 producer_live_bytes_after_destroy=0 status=unverified_candidate parent_proof_created=false
info: Columns: opcode=85 infra=481 total tree1=566 interaction=136
info: Poseidon2 Merkle: 994 exact sparse-node calls, poseidon_log_size=10, merkle_log_size=10
SEGMENT_V2_NATIVE_MEMORY path=temporal segment=3 backend=cpu scope=caller_allocator_payload excludes=size_routed_mmap_and_device producer_peak_bytes=462822460 producer_live_bytes_after_destroy=0 canonical_proof_bytes=28067 before_fresh_decode=true
SEGMENT_V2_TWO_CHILD_CANDIDATE segment=3 first_cycle=192 retired_cycles=35 completed=true directory=/Users/theodorepender/Coding/stark-proving-engineering/stwo-zig/vectors/reports/riscv-proving-stack-reset-20260908/small-detached-recursion-v1/segment-ladder-cpu-4-seed14-reuse/child-3 native_backend=cpu proof_bytes=92620 native_ingress_ns=2471346125 outer_prepare_ns=384193834 outer_prove_ns=959247041 transaction_ns=3817999375 producer_peak_bytes=130688699 producer_live_bytes_after_destroy=0 status=unverified_candidate parent_proof_created=false
SEGMENT_V2_TWO_CHILD_PRODUCER status=unverified_candidates native_backend=cpu owners_destroyed=true parent_proof_created=false
       15.47 real        87.42 user         1.38 sys
          1088634880  maximum resident set size
                   0  average shared memory size
                   0  average unshared data size
                   0  average unshared stack size
              626151  page reclaims
                 528  page faults
                   0  swaps
                   0  block input operations
                   0  block output operations
                   0  messages sent
                   0  messages received
                   0  signals received
                   1  voluntary context switches
               85884  involuntary context switches
       1182492986232  instructions retired
        323333275354  cycles elapsed
          1081740144  peak memory footprint
