SEGMENT_V2_LADDER mode=narrow_complete_proof requested_steps=64 native_backend=metal memory_addresses=1 initial_register7=0
SEGMENT_V2_NATIVE_METAL_AOT profile=core_v2 manifest_sha256=21332158b1e1202b9c4171b057d4fb3fbd43d96c22d50012267f55e45e2193e5 source_sha256=c2daaaf7dab998e6c542651dec73323973eafceee6ccf9d56fce6094ccac2786 metallib_sha256=9b1327752224ccd8837063f29c9e5112efac8f6746050f8ff5dc9c2fb23ce8a7 initialization_ns=60608875
SEGMENT_V2_MEMORY_EXECUTION address_count=1 initial_word=13 segment_cycles=64 cumulative_cycles=64 loads=21 stores=20 distinct_accessed=1 stride_bytes=128 entry_nonzero_words=1 exit_nonzero_words=1 exit_pc=1100
SEGMENT_V2_MEMORY_EXECUTION address_count=1 initial_word=13 segment_cycles=64 cumulative_cycles=128 loads=21 stores=22 distinct_accessed=1 stride_bytes=128 entry_nonzero_words=1 exit_nonzero_words=1 exit_pc=1200
SEGMENT_V2_MEMORY_EXECUTION address_count=1 initial_word=13 segment_cycles=64 cumulative_cycles=192 loads=22 stores=21 distinct_accessed=1 stride_bytes=128 entry_nonzero_words=1 exit_nonzero_words=1 exit_pc=1300
SEGMENT_V2_MEMORY_EXECUTION address_count=1 initial_word=13 segment_cycles=35 cumulative_cycles=227 loads=11 stores=12 distinct_accessed=1 stride_bytes=128 entry_nonzero_words=1 exit_nonzero_words=1 exit_pc=138c
info: Columns: opcode=103 infra=481 total tree1=584 interaction=152
info: Poseidon2 Merkle: 994 exact sparse-node calls, poseidon_log_size=10, merkle_log_size=10
info: resident RISC-V semantic composition: 3 components, 3 kernels, 0.082 ms GPU
info: resident RISC-V lookup composition: 3 components, 3 kernels, 0.234 ms GPU
SEGMENT_V2_NATIVE_MEMORY path=temporal segment=0 backend=metal scope=caller_allocator_payload excludes=size_routed_mmap_and_device producer_peak_bytes=476548844 producer_live_bytes_after_destroy=0 canonical_proof_bytes=29061 before_fresh_decode=true
SEGMENT_V2_TWO_CHILD_NATIVE_METAL segment=0 dispatches=93 poseidon_commits=14
SEGMENT_V2_TWO_CHILD_CANDIDATE segment=0 first_cycle=0 retired_cycles=64 completed=false directory=/Users/theodorepender/Coding/stark-proving-engineering/stwo-zig/vectors/reports/riscv-proving-stack-reset-20260908/small-detached-recursion-v1/segment-ladder-metal-4-seed13-first/child-0 native_backend=metal proof_bytes=93651 native_ingress_ns=1614503000 outer_prepare_ns=389307542 outer_prove_ns=981125875 transaction_ns=2988290833 producer_peak_bytes=130693499 producer_live_bytes_after_destroy=0 status=unverified_candidate parent_proof_created=false
info: Columns: opcode=85 infra=481 total tree1=566 interaction=136
info: Poseidon2 Merkle: 994 exact sparse-node calls, poseidon_log_size=10, merkle_log_size=10
info: resident RISC-V semantic composition: 2 components, 2 kernels, 0.073 ms GPU
info: resident RISC-V lookup composition: 2 components, 2 kernels, 0.215 ms GPU
SEGMENT_V2_NATIVE_MEMORY path=temporal segment=1 backend=metal scope=caller_allocator_payload excludes=size_routed_mmap_and_device producer_peak_bytes=476532300 producer_live_bytes_after_destroy=0 canonical_proof_bytes=28067 before_fresh_decode=true
SEGMENT_V2_TWO_CHILD_NATIVE_METAL segment=1 dispatches=93 poseidon_commits=14
SEGMENT_V2_TWO_CHILD_CANDIDATE segment=1 first_cycle=64 retired_cycles=64 completed=false directory=/Users/theodorepender/Coding/stark-proving-engineering/stwo-zig/vectors/reports/riscv-proving-stack-reset-20260908/small-detached-recursion-v1/segment-ladder-metal-4-seed13-first/child-1 native_backend=metal proof_bytes=93313 native_ingress_ns=1596356333 outer_prepare_ns=387146958 outer_prove_ns=987332583 transaction_ns=2974057000 producer_peak_bytes=130690363 producer_live_bytes_after_destroy=0 status=unverified_candidate parent_proof_created=false
info: Columns: opcode=85 infra=481 total tree1=566 interaction=136
info: Poseidon2 Merkle: 994 exact sparse-node calls, poseidon_log_size=10, merkle_log_size=10
info: resident RISC-V semantic composition: 2 components, 2 kernels, 0.076 ms GPU
info: resident RISC-V lookup composition: 2 components, 2 kernels, 0.209 ms GPU
SEGMENT_V2_NATIVE_MEMORY path=temporal segment=2 backend=metal scope=caller_allocator_payload excludes=size_routed_mmap_and_device producer_peak_bytes=476532300 producer_live_bytes_after_destroy=0 canonical_proof_bytes=28009 before_fresh_decode=true
SEGMENT_V2_TWO_CHILD_NATIVE_METAL segment=2 dispatches=93 poseidon_commits=14
SEGMENT_V2_TWO_CHILD_CANDIDATE segment=2 first_cycle=128 retired_cycles=64 completed=false directory=/Users/theodorepender/Coding/stark-proving-engineering/stwo-zig/vectors/reports/riscv-proving-stack-reset-20260908/small-detached-recursion-v1/segment-ladder-metal-4-seed13-first/child-2 native_backend=metal proof_bytes=93682 native_ingress_ns=1600156209 outer_prepare_ns=388101667 outer_prove_ns=969351791 transaction_ns=2960744250 producer_peak_bytes=130690363 producer_live_bytes_after_destroy=0 status=unverified_candidate parent_proof_created=false
info: Columns: opcode=85 infra=481 total tree1=566 interaction=136
info: Poseidon2 Merkle: 994 exact sparse-node calls, poseidon_log_size=10, merkle_log_size=10
info: resident RISC-V semantic composition: 2 components, 2 kernels, 0.072 ms GPU
info: resident RISC-V lookup composition: 2 components, 2 kernels, 0.210 ms GPU
SEGMENT_V2_NATIVE_MEMORY path=temporal segment=3 backend=metal scope=caller_allocator_payload excludes=size_routed_mmap_and_device producer_peak_bytes=476417620 producer_live_bytes_after_destroy=0 canonical_proof_bytes=28049 before_fresh_decode=true
SEGMENT_V2_TWO_CHILD_NATIVE_METAL segment=3 dispatches=90 poseidon_commits=14
SEGMENT_V2_TWO_CHILD_CANDIDATE segment=3 first_cycle=192 retired_cycles=35 completed=true directory=/Users/theodorepender/Coding/stark-proving-engineering/stwo-zig/vectors/reports/riscv-proving-stack-reset-20260908/small-detached-recursion-v1/segment-ladder-metal-4-seed13-first/child-3 native_backend=metal proof_bytes=91674 native_ingress_ns=1818519625 outer_prepare_ns=379028583 outer_prove_ns=965872125 transaction_ns=3166518792 producer_peak_bytes=130688699 producer_live_bytes_after_destroy=0 status=unverified_candidate parent_proof_created=false
SEGMENT_V2_TWO_CHILD_PRODUCER status=unverified_candidates native_backend=metal owners_destroyed=true parent_proof_created=false
       12.16 real        30.34 user         0.90 sys
           601260032  maximum resident set size
                   0  average shared memory size
                   0  average unshared data size
                   0  average unshared stack size
              422431  page reclaims
                   0  page faults
                   0  swaps
                   0  block input operations
                   0  block output operations
                   0  messages sent
                   0  messages received
                   0  signals received
                   4  voluntary context switches
               42247  involuntary context switches
        370542827881  instructions retired
        116390723926  cycles elapsed
          1427032200  peak memory footprint
