SEGMENT_V2_LADDER mode=narrow_complete_proof requested_steps=64 native_backend=metal memory_addresses=1 initial_register7=0
SEGMENT_V2_NATIVE_METAL_AOT profile=core_v2 manifest_sha256=21332158b1e1202b9c4171b057d4fb3fbd43d96c22d50012267f55e45e2193e5 source_sha256=c2daaaf7dab998e6c542651dec73323973eafceee6ccf9d56fce6094ccac2786 metallib_sha256=9b1327752224ccd8837063f29c9e5112efac8f6746050f8ff5dc9c2fb23ce8a7 initialization_ns=61146000
SEGMENT_V2_MEMORY_EXECUTION address_count=1 initial_word=13 segment_cycles=64 cumulative_cycles=64 loads=21 stores=20 distinct_accessed=1 stride_bytes=128 entry_nonzero_words=1 exit_nonzero_words=1 exit_pc=1100
SEGMENT_V2_MEMORY_EXECUTION address_count=1 initial_word=13 segment_cycles=64 cumulative_cycles=128 loads=21 stores=22 distinct_accessed=1 stride_bytes=128 entry_nonzero_words=1 exit_nonzero_words=1 exit_pc=1200
SEGMENT_V2_MEMORY_EXECUTION address_count=1 initial_word=13 segment_cycles=64 cumulative_cycles=192 loads=22 stores=21 distinct_accessed=1 stride_bytes=128 entry_nonzero_words=1 exit_nonzero_words=1 exit_pc=1300
SEGMENT_V2_MEMORY_EXECUTION address_count=1 initial_word=13 segment_cycles=64 cumulative_cycles=256 loads=21 stores=21 distinct_accessed=1 stride_bytes=128 entry_nonzero_words=1 exit_nonzero_words=1 exit_pc=1400
SEGMENT_V2_MEMORY_EXECUTION address_count=1 initial_word=13 segment_cycles=64 cumulative_cycles=320 loads=21 stores=22 distinct_accessed=1 stride_bytes=128 entry_nonzero_words=1 exit_nonzero_words=1 exit_pc=1500
SEGMENT_V2_MEMORY_EXECUTION address_count=1 initial_word=13 segment_cycles=64 cumulative_cycles=384 loads=22 stores=21 distinct_accessed=1 stride_bytes=128 entry_nonzero_words=1 exit_nonzero_words=1 exit_pc=1600
SEGMENT_V2_MEMORY_EXECUTION address_count=1 initial_word=13 segment_cycles=64 cumulative_cycles=448 loads=21 stores=21 distinct_accessed=1 stride_bytes=128 entry_nonzero_words=1 exit_nonzero_words=1 exit_pc=1700
SEGMENT_V2_MEMORY_EXECUTION address_count=1 initial_word=13 segment_cycles=34 cumulative_cycles=482 loads=11 stores=12 distinct_accessed=1 stride_bytes=128 entry_nonzero_words=1 exit_nonzero_words=1 exit_pc=1788
info: Columns: opcode=103 infra=481 total tree1=584 interaction=152
info: Poseidon2 Merkle: 2014 exact sparse-node calls, poseidon_log_size=11, merkle_log_size=11
info: resident RISC-V semantic composition: 3 components, 3 kernels, 0.082 ms GPU
info: resident RISC-V lookup composition: 3 components, 3 kernels, 0.236 ms GPU
SEGMENT_V2_NATIVE_MEMORY path=temporal segment=0 backend=metal scope=caller_allocator_payload excludes=size_routed_mmap_and_device producer_peak_bytes=482714900 producer_live_bytes_after_destroy=0 canonical_proof_bytes=29059 before_fresh_decode=true
SEGMENT_V2_TWO_CHILD_NATIVE_METAL segment=0 dispatches=93 poseidon_commits=14
SEGMENT_V2_TWO_CHILD_CANDIDATE segment=0 first_cycle=0 retired_cycles=64 completed=false directory=/Users/theodorepender/Coding/stark-proving-engineering/stwo-zig/vectors/reports/riscv-proving-stack-reset-20260908/small-detached-recursion-v1/segment-ladder-metal-8-seed13-first/child-0 native_backend=metal proof_bytes=93348 native_ingress_ns=1886268458 outer_prepare_ns=387048875 outer_prove_ns=982681084 transaction_ns=3259532458 producer_peak_bytes=130765387 producer_live_bytes_after_destroy=0 status=unverified_candidate parent_proof_created=false
info: Columns: opcode=85 infra=481 total tree1=566 interaction=136
info: Poseidon2 Merkle: 2014 exact sparse-node calls, poseidon_log_size=11, merkle_log_size=11
info: resident RISC-V semantic composition: 2 components, 2 kernels, 0.077 ms GPU
info: resident RISC-V lookup composition: 2 components, 2 kernels, 0.206 ms GPU
SEGMENT_V2_NATIVE_MEMORY path=temporal segment=1 backend=metal scope=caller_allocator_payload excludes=size_routed_mmap_and_device producer_peak_bytes=482698356 producer_live_bytes_after_destroy=0 canonical_proof_bytes=28039 before_fresh_decode=true
SEGMENT_V2_TWO_CHILD_NATIVE_METAL segment=1 dispatches=93 poseidon_commits=14
SEGMENT_V2_TWO_CHILD_CANDIDATE segment=1 first_cycle=64 retired_cycles=64 completed=false directory=/Users/theodorepender/Coding/stark-proving-engineering/stwo-zig/vectors/reports/riscv-proving-stack-reset-20260908/small-detached-recursion-v1/segment-ladder-metal-8-seed13-first/child-1 native_backend=metal proof_bytes=91801 native_ingress_ns=1781660833 outer_prepare_ns=377246833 outer_prove_ns=965912709 transaction_ns=3127928667 producer_peak_bytes=130762715 producer_live_bytes_after_destroy=0 status=unverified_candidate parent_proof_created=false
info: Columns: opcode=85 infra=481 total tree1=566 interaction=136
info: Poseidon2 Merkle: 2014 exact sparse-node calls, poseidon_log_size=11, merkle_log_size=11
info: resident RISC-V semantic composition: 2 components, 2 kernels, 0.075 ms GPU
info: resident RISC-V lookup composition: 2 components, 2 kernels, 0.214 ms GPU
SEGMENT_V2_NATIVE_MEMORY path=temporal segment=2 backend=metal scope=caller_allocator_payload excludes=size_routed_mmap_and_device producer_peak_bytes=482698356 producer_live_bytes_after_destroy=0 canonical_proof_bytes=28052 before_fresh_decode=true
SEGMENT_V2_TWO_CHILD_NATIVE_METAL segment=2 dispatches=93 poseidon_commits=14
SEGMENT_V2_TWO_CHILD_CANDIDATE segment=2 first_cycle=128 retired_cycles=64 completed=false directory=/Users/theodorepender/Coding/stark-proving-engineering/stwo-zig/vectors/reports/riscv-proving-stack-reset-20260908/small-detached-recursion-v1/segment-ladder-metal-8-seed13-first/child-2 native_backend=metal proof_bytes=91707 native_ingress_ns=1578479500 outer_prepare_ns=379286041 outer_prove_ns=971336125 transaction_ns=2932163625 producer_peak_bytes=130762715 producer_live_bytes_after_destroy=0 status=unverified_candidate parent_proof_created=false
info: Columns: opcode=85 infra=481 total tree1=566 interaction=136
info: Poseidon2 Merkle: 2014 exact sparse-node calls, poseidon_log_size=11, merkle_log_size=11
info: resident RISC-V semantic composition: 2 components, 2 kernels, 0.237 ms GPU
info: resident RISC-V lookup composition: 2 components, 2 kernels, 0.255 ms GPU
SEGMENT_V2_NATIVE_MEMORY path=temporal segment=3 backend=metal scope=caller_allocator_payload excludes=size_routed_mmap_and_device producer_peak_bytes=482698356 producer_live_bytes_after_destroy=0 canonical_proof_bytes=28049 before_fresh_decode=true
SEGMENT_V2_TWO_CHILD_NATIVE_METAL segment=3 dispatches=93 poseidon_commits=14
SEGMENT_V2_TWO_CHILD_CANDIDATE segment=3 first_cycle=192 retired_cycles=64 completed=false directory=/Users/theodorepender/Coding/stark-proving-engineering/stwo-zig/vectors/reports/riscv-proving-stack-reset-20260908/small-detached-recursion-v1/segment-ladder-metal-8-seed13-first/child-3 native_backend=metal proof_bytes=93911 native_ingress_ns=1738117458 outer_prepare_ns=395581917 outer_prove_ns=974552417 transaction_ns=3111309833 producer_peak_bytes=130762715 producer_live_bytes_after_destroy=0 status=unverified_candidate parent_proof_created=false
info: Columns: opcode=85 infra=481 total tree1=566 interaction=136
info: Poseidon2 Merkle: 2014 exact sparse-node calls, poseidon_log_size=11, merkle_log_size=11
info: resident RISC-V semantic composition: 2 components, 2 kernels, 0.073 ms GPU
info: resident RISC-V lookup composition: 2 components, 2 kernels, 0.209 ms GPU
SEGMENT_V2_NATIVE_MEMORY path=temporal segment=4 backend=metal scope=caller_allocator_payload excludes=size_routed_mmap_and_device producer_peak_bytes=482698356 producer_live_bytes_after_destroy=0 canonical_proof_bytes=27999 before_fresh_decode=true
SEGMENT_V2_TWO_CHILD_NATIVE_METAL segment=4 dispatches=93 poseidon_commits=14
SEGMENT_V2_TWO_CHILD_CANDIDATE segment=4 first_cycle=256 retired_cycles=64 completed=false directory=/Users/theodorepender/Coding/stark-proving-engineering/stwo-zig/vectors/reports/riscv-proving-stack-reset-20260908/small-detached-recursion-v1/segment-ladder-metal-8-seed13-first/child-4 native_backend=metal proof_bytes=90654 native_ingress_ns=1849412333 outer_prepare_ns=376479291 outer_prove_ns=968370167 transaction_ns=3197359875 producer_peak_bytes=130762715 producer_live_bytes_after_destroy=0 status=unverified_candidate parent_proof_created=false
info: Columns: opcode=85 infra=481 total tree1=566 interaction=136
info: Poseidon2 Merkle: 2014 exact sparse-node calls, poseidon_log_size=11, merkle_log_size=11
info: resident RISC-V semantic composition: 2 components, 2 kernels, 0.071 ms GPU
info: resident RISC-V lookup composition: 2 components, 2 kernels, 0.276 ms GPU
SEGMENT_V2_NATIVE_MEMORY path=temporal segment=5 backend=metal scope=caller_allocator_payload excludes=size_routed_mmap_and_device producer_peak_bytes=482698356 producer_live_bytes_after_destroy=0 canonical_proof_bytes=28020 before_fresh_decode=true
SEGMENT_V2_TWO_CHILD_NATIVE_METAL segment=5 dispatches=93 poseidon_commits=14
SEGMENT_V2_TWO_CHILD_CANDIDATE segment=5 first_cycle=320 retired_cycles=64 completed=false directory=/Users/theodorepender/Coding/stark-proving-engineering/stwo-zig/vectors/reports/riscv-proving-stack-reset-20260908/small-detached-recursion-v1/segment-ladder-metal-8-seed13-first/child-5 native_backend=metal proof_bytes=93493 native_ingress_ns=1867898875 outer_prepare_ns=394769625 outer_prove_ns=978631750 transaction_ns=3244384084 producer_peak_bytes=130762715 producer_live_bytes_after_destroy=0 status=unverified_candidate parent_proof_created=false
info: Columns: opcode=85 infra=481 total tree1=566 interaction=136
info: Poseidon2 Merkle: 2014 exact sparse-node calls, poseidon_log_size=11, merkle_log_size=11
info: resident RISC-V semantic composition: 2 components, 2 kernels, 0.075 ms GPU
info: resident RISC-V lookup composition: 2 components, 2 kernels, 0.208 ms GPU
SEGMENT_V2_NATIVE_MEMORY path=temporal segment=6 backend=metal scope=caller_allocator_payload excludes=size_routed_mmap_and_device producer_peak_bytes=482698356 producer_live_bytes_after_destroy=0 canonical_proof_bytes=28028 before_fresh_decode=true
SEGMENT_V2_TWO_CHILD_NATIVE_METAL segment=6 dispatches=93 poseidon_commits=14
SEGMENT_V2_TWO_CHILD_CANDIDATE segment=6 first_cycle=384 retired_cycles=64 completed=false directory=/Users/theodorepender/Coding/stark-proving-engineering/stwo-zig/vectors/reports/riscv-proving-stack-reset-20260908/small-detached-recursion-v1/segment-ladder-metal-8-seed13-first/child-6 native_backend=metal proof_bytes=91625 native_ingress_ns=1598270750 outer_prepare_ns=389326125 outer_prove_ns=981494583 transaction_ns=2972183958 producer_peak_bytes=130762715 producer_live_bytes_after_destroy=0 status=unverified_candidate parent_proof_created=false
info: Columns: opcode=85 infra=481 total tree1=566 interaction=136
info: Poseidon2 Merkle: 2014 exact sparse-node calls, poseidon_log_size=11, merkle_log_size=11
info: resident RISC-V semantic composition: 2 components, 2 kernels, 0.076 ms GPU
info: resident RISC-V lookup composition: 2 components, 2 kernels, 0.261 ms GPU
SEGMENT_V2_NATIVE_MEMORY path=temporal segment=7 backend=metal scope=caller_allocator_payload excludes=size_routed_mmap_and_device producer_peak_bytes=482583676 producer_live_bytes_after_destroy=0 canonical_proof_bytes=28023 before_fresh_decode=true
SEGMENT_V2_TWO_CHILD_NATIVE_METAL segment=7 dispatches=90 poseidon_commits=14
SEGMENT_V2_TWO_CHILD_CANDIDATE segment=7 first_cycle=448 retired_cycles=34 completed=true directory=/Users/theodorepender/Coding/stark-proving-engineering/stwo-zig/vectors/reports/riscv-proving-stack-reset-20260908/small-detached-recursion-v1/segment-ladder-metal-8-seed13-first/child-7 native_backend=metal proof_bytes=92110 native_ingress_ns=1622282208 outer_prepare_ns=385861542 outer_prove_ns=983530583 transaction_ns=2994809917 producer_peak_bytes=130760923 producer_live_bytes_after_destroy=0 status=unverified_candidate parent_proof_created=false
SEGMENT_V2_TWO_CHILD_PRODUCER status=unverified_candidates native_backend=metal owners_destroyed=true parent_proof_created=false
       24.92 real        60.65 user         1.74 sys
           625557504  maximum resident set size
                   0  average shared memory size
                   0  average unshared data size
                   0  average unshared stack size
              844068  page reclaims
                   0  page faults
                   0  swaps
                   0  block input operations
                   0  block output operations
                   0  messages sent
                   0  messages received
                   0  signals received
                   8  voluntary context switches
               72333  involuntary context switches
        741695553451  instructions retired
        232049292711  cycles elapsed
          1454591216  peak memory footprint
