test-blake3-native-tree-aot
+- run test stderr
BLAKE3_NATIVE_HASH_DEVICE covered=8/8
CANONICAL_PARENT_ALLOCATOR mode=smp
BLAKE3_NATIVE_QUERY_FUSION groups=7280 removed_scalars=29120
BLAKE3_NATIVE_FUSION dot4=14929 fma=56644 arithmetic_rows=159724
BLAKE3_NATIVE_QUERY_FUSION groups=7280 removed_scalars=29120
BLAKE3_NATIVE_FUSION dot4=14929 fma=56646 arithmetic_rows=159720
CANONICAL_TREE_LEAF_POOL workers=8
CANONICAL_TREE_PHASE phase=leaf_pair_proof_and_preparation ns=5150467500
METAL_FRAMEWORK_INTERACTION rows=4194304 batches=28 gpu_ms=113.335374975577
METAL_FRAMEWORK_INTERACTION rows=2097152 batches=4 gpu_ms=11.292999988654628
METAL_FRAMEWORK_INTERACTION rows=2097152 batches=1 gpu_ms=3.587624989449978
METAL_FRAMEWORK_INTERACTION rows=1048576 batches=2 gpu_ms=5.901500000618398
METAL_FRAMEWORK_INTERACTION rows=262144 batches=2 gpu_ms=1.217666664160788
CANONICAL_TREE_PHASE phase=aggregate_proof_and_checks height=1 ns=5507605834
BLAKE3_TREE_NODE verified=true height=1 artifact_bytes=845993 queries=70 pow_bits=26
BLAKE3_NATIVE_QUERY_FUSION groups=7420 removed_scalars=29680
BLAKE3_NATIVE_FUSION dot4=13774 fma=56458 arithmetic_rows=157859
BLAKE3_NATIVE_QUERY_FUSION groups=8260 removed_scalars=33040
BLAKE3_NATIVE_FUSION dot4=17883 fma=58717 arithmetic_rows=167838
CANONICAL_TREE_LEAF_POOL workers=8
CANONICAL_TREE_PHASE phase=leaf_pair_proof_and_preparation ns=5658861708
METAL_FRAMEWORK_INTERACTION rows=4194304 batches=28 gpu_ms=116.89033333095722
METAL_FRAMEWORK_INTERACTION rows=2097152 batches=4 gpu_ms=11.766750016249716
METAL_FRAMEWORK_INTERACTION rows=2097152 batches=1 gpu_ms=3.1639999942854047
METAL_FRAMEWORK_INTERACTION rows=1048576 batches=2 gpu_ms=2.0674999977927655
METAL_FRAMEWORK_INTERACTION rows=262144 batches=2 gpu_ms=0.3132499987259507
CANONICAL_TREE_PHASE phase=aggregate_proof_and_checks height=1 ns=5477894834
BLAKE3_TREE_NODE verified=true height=1 artifact_bytes=849496 queries=70 pow_bits=26
BLAKE3_NATIVE_QUERY_FUSION groups=17570 removed_scalars=70280
BLAKE3_NATIVE_QUERY_FUSION groups=17570 removed_scalars=70280
BLAKE3_NATIVE_FUSION dot4=27604 fma=81749 arithmetic_rows=230269
BLAKE3_NATIVE_FUSION dot4=27604 fma=81749 arithmetic_rows=230269
CANONICAL_TREE_CHILD_PREPARATION workers=2 reused_after_failure=true
CANONICAL_TREE_PHASE phase=root_preparation ns=3974810375
METAL_FRAMEWORK_INTERACTION rows=8388608 batches=28 gpu_ms=231.09908332116902
METAL_FRAMEWORK_INTERACTION rows=2097152 batches=4 gpu_ms=11.686833342537284
METAL_FRAMEWORK_INTERACTION rows=2097152 batches=1 gpu_ms=3.8512083410751075
METAL_FRAMEWORK_INTERACTION rows=2097152 batches=2 gpu_ms=5.3754166583530605
METAL_FRAMEWORK_INTERACTION rows=524288 batches=2 gpu_ms=1.0388749942649156
CANONICAL_TREE_PHASE phase=aggregate_proof_and_checks height=2 ns=10594385709
BLAKE3_TREE_NODE verified=true height=2 artifact_bytes=889364 queries=70 pow_bits=26
CANONICAL_TREE_BUDGET peak_bytes=26459992736 limit_bytes=51539607552
BLAKE3_TREE_PARAMETERS leaf_queries=70 leaf_pow_bits=26 parent_queries=70 parent_pow_bits=26 canonical=true
BLAKE3_TREE verified=true leaves=4 aggregate_levels=2 cycles=6 retained_root_rows=4199425192

Build Summary: 3/3 steps succeeded; 7/7 tests passed
test-blake3-native-tree-aot success
+- run test 7 passed 37s MaxRSS:37G
   +- compile test ReleaseFast native success 1m MaxRSS:2G

