test-blake3-native-parent-aot
+- run test 6/7 passed, 1 failed
error: 'blake3_metal_qualification_test_root.test.Metal compact canonical native BLAKE3 parent matches CPU qualification' failed: BLAKE3_EXECUTION_STAGE_PROFILE {"schema_version":1,"runtime":"native","example":"blake3-execution","stages":[{"id":"execution.fixed","label":"Admission and fixed commitment","seconds":0.028427,"children":null},{"id":"execution.main","label":"Main commitment","seconds":0.025787,"children":null},{"id":"execution.native_interaction","label":"Native interaction generation","seconds":0.009789,"children":null},{"id":"execution.hash_interaction","label":"Hash interaction generation","seconds":0.007257,"children":null},{"id":"execution.interaction_commit","label":"Interaction closure and commitment","seconds":0.036515,"children":null},{"id":"execution.core","label":"Core STARK proof","seconds":6.186697,"children":[{"id":"draw_random_coeff","label":"Draw random coefficient","seconds":0.000003,"children":null},{"id":"composition_trace_extract","label":"Composition trace extract","seconds":0.000017,"children":null},{"id":"composition_evaluation","label":"Composition evaluation","seconds":0.05459,"children":null},{"id":"composition_interpolate_and_split","label":"Composition interpolate and split","seconds":0.004099,"children":null},{"id":"composition_commit","label":"Composition commit","seconds":0.066365,"children":null},{"id":"oods_point_and_mask_points","label":"OODS point and mask points","seconds":0.007554,"children":null},{"id":"sampled_value_evaluation","label":"Sampled-value evaluation","seconds":0.017038,"children":null},{"id":"sampled_value_channel_mix","label":"Sampled-value channel mix","seconds":0.000039,"children":null},{"id":"fri_quotient_build_and_commit","label":"FRI quotient build + commit (lazy)","seconds":0.160914,"children":null},{"id":"proof_of_work","label":"Proof of work","seconds":5.843402,"children":null},{"id":"fri_decommit","label":"FRI decommit","seconds":0.014299,"children":null},{"id":"trace_decommit","label":"Trace decommit","seconds":0.01092,"children":null},{"id":"constraint_check_and_assembly","label":"Constraint check and assembly","seconds":0.000149,"children":null}]}]}
BLAKE3_EXTENSION_REPLAY composition=true deep=true transcript=true changed_claim_rejected=true
BLAKE3_HASH_METADATA g_rows=2444008 xor_rows=698288 full_row_bytes=1301608832 compact_bytes=173175424 removed_bytes=1128433408
BLAKE3_PATH_PLAN_REUSE openings=1540 graph_builds=6 retained_plans=2
BLAKE3_TRUSTED_PATH_METADATA full_row_bytes=1281835520 compact_bytes=170544640 removed_bytes=1111290880
BLAKE3_NATIVE_QUERY_FUSION groups=9170 removed_scalars=36680
BLAKE3_NATIVE_FUSION dot4=19613 fma=59551 arithmetic_rows=171628
BLAKE3_HASH_METADATA g_rows=2444008 xor_rows=698288 full_row_bytes=1301608832 compact_bytes=173175424 removed_bytes=1128433408
BLAKE3_PATH_PLAN_REUSE openings=1540 graph_builds=6 retained_plans=2
BLAKE3_TRUSTED_PATH_METADATA full_row_bytes=1281835520 compact_bytes=170544640 removed_bytes=1111290880
BLAKE3_NATIVE_QUERY_FUSION groups=9170 removed_scalars=36680
BLAKE3_NATIVE_FUSION dot4=19613 fma=59551 arithmetic_rows=171628
BLAKE3_HASH_METADATA g_rows=2444008 xor_rows=698288 full_row_bytes=1301608832 compact_bytes=173175424 removed_bytes=1128433408
METAL_STREAM_LEAVES columns=453 log=23 tile_log=17 scratch_bytes=67108864 working_bytes=54525952 dispatches=576 overlap=true gpu_ms=73.400
METAL_FRAMEWORK_INTERACTION rows=4194304 batches=31 gpu_ms=124.29974999395199
METAL_FRAMEWORK_INTERACTION rows=1048576 batches=4 gpu_ms=2.171750005800277
METAL_FRAMEWORK_INTERACTION rows=1048576 batches=1 gpu_ms=1.4222083264030516
METAL_FRAMEWORK_INTERACTION rows=1048576 batches=2 gpu_ms=1.9719583506230265
METAL_FRAMEWORK_INTERACTION rows=262144 batches=2 gpu_ms=0.2705416700337082
METAL_STREAM_LEAVES columns=468 log=23 tile_log=17 scratch_bytes=67108864 working_bytes=54525952 dispatches=640 overlap=true gpu_ms=56.289
METAL_FRAMEWORK_COMPOSITION components=5 groups=3 gpu_ms=243.635
METAL_HOST_BARYCENTRIC staging_bytes=67108864 commands=198 columns=1285 points=22 gpu_ms=76.113
BLAKE3_PARENT_STAGE_PROFILE {"schema_version":1,"runtime":"native","example":"blake3-recursive-parent","stages":[{"id":"parent.validation","label":"Authenticated row validation","seconds":0.018098,"children":null},{"id":"parent.main_setup","label":"Main columns and lookup counts","seconds":0.499919,"children":null},{"id":"parent.main_commit","label":"Main commitment","seconds":1.077782,"children":null},{"id":"parent.interaction_generation","label":"Interaction generation","seconds":0.71925,"children":null},{"id":"parent.interaction_commit","label":"Interaction commitment","seconds":0.927642,"children":null},{"id":"parent.core","label":"Core STARK proof","seconds":1.679586,"children":[{"id":"draw_random_coeff","label":"Draw random coefficient","seconds":0.000004,"children":null},{"id":"composition_trace_extract","label":"Composition trace extract","seconds":0.000021,"children":null},{"id":"composition_evaluation","label":"Composition evaluation","seconds":0.72057,"children":null},{"id":"composition_interpolate_and_split","label":"Composition interpolate and split","seconds":0.015149,"children":null},{"id":"composition_commit","label":"Composition commit","seconds":0.079236,"children":null},{"id":"oods_point_and_mask_points","label":"OODS point and mask points","seconds":0.018113,"children":null},{"id":"sampled_value_evaluation","label":"Sampled-value evaluation","seconds":0.3644,"children":null},{"id":"sampled_value_channel_mix","label":"Sampled-value channel mix","seconds":0.000051,"children":null},{"id":"fri_quotient_build_and_commit","label":"FRI quotient build + commit (lazy)","seconds":0.300412,"children":null},{"id":"proof_of_work","label":"Proof of work","seconds":0.012615,"children":null},{"id":"fri_decommit","label":"FRI decommit","seconds":0.041083,"children":null},{"id":"trace_decommit","label":"Trace decommit","seconds":0.048913,"children":null},{"id":"constraint_check_and_assembly","label":"Constraint check and assembly","seconds":0.000111,"children":null}]}]}
BLAKE3_PATH_PLAN_REUSE openings=1540 graph_builds=6 retained_plans=2
BLAKE3_TRUSTED_PATH_METADATA full_row_bytes=1281835520 compact_bytes=170544640 removed_bytes=1111290880
BLAKE3_NATIVE_QUERY_FUSION groups=9170 removed_scalars=36680
BLAKE3_NATIVE_FUSION dot4=19613 fma=59551 arithmetic_rows=171628
METAL_STREAM_LEAVES columns=453 log=23 tile_log=17 scratch_bytes=67108864 working_bytes=54525952 dispatches=576 overlap=true gpu_ms=53.400
METAL_FRAMEWORK_INTERACTION rows=4194304 batches=31 gpu_ms=126.79420833592303
METAL_FRAMEWORK_INTERACTION rows=1048576 batches=4 gpu_ms=2.1645833330694586
METAL_FRAMEWORK_INTERACTION rows=1048576 batches=1 gpu_ms=1.4198333374224603
METAL_FRAMEWORK_INTERACTION rows=1048576 batches=2 gpu_ms=1.9519166671670973
METAL_FRAMEWORK_INTERACTION rows=262144 batches=2 gpu_ms=0.27245833189226687
METAL_STREAM_LEAVES columns=468 log=23 tile_log=17 scratch_bytes=67108864 working_bytes=54525952 dispatches=640 overlap=true gpu_ms=54.847
METAL_FRAMEWORK_COMPOSITION components=5 groups=3 gpu_ms=235.132
METAL_HOST_BARYCENTRIC staging_bytes=67108864 commands=198 columns=1285 points=22 gpu_ms=74.304
BLAKE3_PARENT_STAGE_PROFILE {"schema_version":1,"runtime":"native","example":"blake3-recursive-parent","stages":[{"id":"parent.validation","label":"Authenticated row validation","seconds":0.013046,"children":null},{"id":"parent.main_setup","label":"Main columns and lookup counts","seconds":0.460811,"children":null},{"id":"parent.main_commit","label":"Main commitment","seconds":0.997613,"children":null},{"id":"parent.interaction_generation","label":"Interaction generation","seconds":0.667563,"children":null},{"id":"parent.interaction_commit","label":"Interaction commitment","seconds":0.868967,"children":null},{"id":"parent.core","label":"Core STARK proof","seconds":1.469044,"children":[{"id":"draw_random_coeff","label":"Draw random coefficient","seconds":0.000003,"children":null},{"id":"composition_trace_extract","label":"Composition trace extract","seconds":0.000025,"children":null},{"id":"composition_evaluation","label":"Composition evaluation","seconds":0.659198,"children":null},{"id":"composition_interpolate_and_split","label":"Composition interpolate and split","seconds":0.018614,"children":null},{"id":"composition_commit","label":"Composition commit","seconds":0.037315,"children":null},{"id":"oods_point_and_mask_points","label":"OODS point and mask points","seconds":0.015563,"children":null},{"id":"sampled_value_evaluation","label":"Sampled-value evaluation","seconds":0.295292,"children":null},{"id":"sampled_value_channel_mix","label":"Sampled-value channel mix","seconds":0.000052,"children":null},{"id":"fri_quotient_build_and_commit","label":"FRI quotient build + commit (lazy)","seconds":0.288702,"children":null},{"id":"proof_of_work","label":"Proof of work","seconds":0.013247,"children":null},{"id":"fri_decommit","label":"FRI decommit","seconds":0.031957,"children":null},{"id":"trace_decommit","label":"Trace decommit","seconds":0.042814,"children":null},{"id":"constraint_check_and_assembly","label":"Constraint check and assembly","seconds":0.000076,"children":null}]}]}
error: while executing test 'diagnostics.mod.test_0', the following test command failed:
./.zig-cache/o/5db38716c26377625690c7ee4c0f49f0/test --cache-dir=./.zig-cache --seed=0xc42c171d --listen=-

Build Summary: 1/3 steps succeeded; 1 failed; 6/7 tests passed; 1 failed
test-blake3-native-parent-aot transitive failure
+- run test 6/7 passed, 1 failed
   +- compile test ReleaseFast native success 1m MaxRSS:2G

error: the following build command failed with exit code 1:
.zig-cache/o/1eb90274f49c888aab243044b67585d7/build /opt/homebrew/Cellar/zig@0.15/0.15.2/bin/zig /opt/homebrew/Cellar/zig@0.15/0.15.2/lib/zig /Users/theodorepender/code/cryptography/stwo-zig/src/integrations/riscv_metal .zig-cache /Users/theodorepender/.cache/zig --seed 0xc42c171d -Z81a3f061a07a775d --maxrss 25769803776 -j1 test-blake3-native-parent-aot -Dmetal-core-aot-bundle=/Users/theodorepender/code/cryptography/stwo-zig/zig-out/share/stwo-zig/metal/core -Doptimize=ReleaseFast --summary all
