[zig_serial_build] another build holds /tmp/stwo-zig-build.lock; waiting
[zig_serial_build] acquired after 142s
test-ethereum-statement-root-cohort-replay
+- saved Ethereum complete root cohort guard
   +- run test stderr
ETHEREUM_ROLE0_SAVED_WRAPPER_REPLAY excludes_stage101_proving=true
ETHEREUM_COMPLETION_OPENING admitted_version=1 whole_elf_pinned=true
ETHEREUM_NATIVE_VERIFICATION workers=1 captures=2 scope=joined
ETHEREUM_INCREMENTAL_ROLE0_PHASE phase=cold_open source=darwin_proc_pid_rusage_v6 wall_ns=48133435917 process_cpu_ns=50669210375 parallelism_milli=1052 peak_footprint_bytes=288916224 energy_nj=233941800016 instructions=1127278690936 cycles=200885765515 workers=1 host_byte_budget=8589934592
ETHEREUM_INCREMENTAL_ROLE0_PHASE phase=campaign source=darwin_proc_pid_rusage_v6 wall_ns=414695125 process_cpu_ns=414639916 parallelism_milli=999 peak_footprint_bytes=288916224 energy_nj=2416343050 instructions=8633225992 cycles=1642381952 workers=1 host_byte_budget=8589934592
ETHEREUM_INCREMENTAL_ROLE0_PHASE phase=materialize source=darwin_proc_pid_rusage_v6 wall_ns=4359527667 process_cpu_ns=4358652709 parallelism_milli=999 peak_footprint_bytes=1957054744 energy_nj=21831926818 instructions=69191368789 cycles=17292636087 workers=1 host_byte_budget=8589934592
ETHEREUM_INCREMENTAL_ROLE0_MATERIALIZE input_ns=16287041 public_ns=100334834 transcript_ns=85826000 profile_ns=28458 program_ns=67399833 prepare_ns=67949000 fri_ns=3768955375 seal_ns=16576209 total_ns=4123359208 nodes=537513 node_bytes=10750260 output_bytes=176 binding_bytes=2459248 schedule_bytes=8019700 evaluation_bytes=8600208 input_bytes=614812 claim_bytes=27296 schedule_compiles=1 graph_copies=0 workers=1
ETHEREUM_INCREMENTAL_ROLE0_ALLOCATOR phase=materialized-live allocations=61 bytes=852020610 peak=1892601713 allocated=3173890364 freed=2321869754 untracked=0
ETHEREUM_ROOT_COHORT phase=prepare begin=true
ETHEREUM_COHORT_RESOURCES phase=begin wall_ns=42 source=darwin_proc_pid_rusage_v6 lifetime_peak_footprint_bytes=16611685096 ledger_present=false ledger_len=0 ledger_capacity=0 tuple_record_bytes=136 ledger_used_bytes=0 ledger_capacity_bytes=0 ledger_bytes_overflow=false sampling_unavailable=none
ETHEREUM_COHORT_RESOURCES phase=geometry-ready wall_ns=2533242458 source=darwin_proc_pid_rusage_v6 lifetime_peak_footprint_bytes=16611685096 ledger_present=false ledger_len=0 ledger_capacity=0 tuple_record_bytes=136 ledger_used_bytes=0 ledger_capacity_bytes=0 ledger_bytes_overflow=false sampling_unavailable=none
ETHEREUM_COHORT_RESOURCES phase=prefix-components wall_ns=680444709 source=darwin_proc_pid_rusage_v6 lifetime_peak_footprint_bytes=16611685096 ledger_present=false ledger_len=0 ledger_capacity=0 tuple_record_bytes=136 ledger_used_bytes=0 ledger_capacity_bytes=0 ledger_bytes_overflow=false sampling_unavailable=none
ETHEREUM_COHORT_RESOURCES phase=prefix-rows wall_ns=1312583458 source=darwin_proc_pid_rusage_v6 lifetime_peak_footprint_bytes=16611685096 ledger_present=false ledger_len=0 ledger_capacity=0 tuple_record_bytes=136 ledger_used_bytes=0 ledger_capacity_bytes=0 ledger_bytes_overflow=false sampling_unavailable=none
ETHEREUM_COHORT_RESOURCES phase=suffix-rows wall_ns=1259203042 source=darwin_proc_pid_rusage_v6 lifetime_peak_footprint_bytes=16611685096 ledger_present=false ledger_len=0 ledger_capacity=0 tuple_record_bytes=136 ledger_used_bytes=0 ledger_capacity_bytes=0 ledger_bytes_overflow=false sampling_unavailable=none
ETHEREUM_COHORT_RESOURCES phase=provider-main wall_ns=1736533166 source=darwin_proc_pid_rusage_v6 lifetime_peak_footprint_bytes=16611685096 ledger_present=false ledger_len=0 ledger_capacity=0 tuple_record_bytes=136 ledger_used_bytes=0 ledger_capacity_bytes=0 ledger_bytes_overflow=false sampling_unavailable=none
ETHEREUM_COHORT_RESOURCES phase=ledger-begin wall_ns=14959 source=darwin_proc_pid_rusage_v6 lifetime_peak_footprint_bytes=16611685096 ledger_present=true ledger_len=0 ledger_capacity=0 tuple_record_bytes=136 ledger_used_bytes=0 ledger_capacity_bytes=0 ledger_bytes_overflow=false sampling_unavailable=none
ETHEREUM_TUPLE_RESERVATION phase=before prefix_bound=4259098 suffix_bound=477545 native_bound=142000995 range_bound=65536 contribution_bound=146803624 bytes=19965292864
ETHEREUM_COHORT_RESOURCES phase=ledger-reserved wall_ns=118416 source=darwin_proc_pid_rusage_v6 lifetime_peak_footprint_bytes=16611685096 ledger_present=true ledger_len=0 ledger_capacity=146803624 tuple_record_bytes=136 ledger_used_bytes=0 ledger_capacity_bytes=19965292864 ledger_bytes_overflow=false sampling_unavailable=none
ETHEREUM_COHORT_RESOURCES phase=ledger-prefix wall_ns=1175598084 source=darwin_proc_pid_rusage_v6 lifetime_peak_footprint_bytes=16611685096 ledger_present=true ledger_len=940945 ledger_capacity=146803624 tuple_record_bytes=136 ledger_used_bytes=127968520 ledger_capacity_bytes=19965292864 ledger_bytes_overflow=false sampling_unavailable=none
ETHEREUM_COHORT_RESOURCES phase=ledger-suffix wall_ns=48990000 source=darwin_proc_pid_rusage_v6 lifetime_peak_footprint_bytes=16611685096 ledger_present=true ledger_len=1085756 ledger_capacity=146803624 tuple_record_bytes=136 ledger_used_bytes=147662816 ledger_capacity_bytes=19965292864 ledger_bytes_overflow=false sampling_unavailable=none
ETHEREUM_COHORT_RESOURCES phase=ledger-native wall_ns=17537818250 source=darwin_proc_pid_rusage_v6 lifetime_peak_footprint_bytes=26085461504 ledger_present=true ledger_len=68618592 ledger_capacity=146803624 tuple_record_bytes=136 ledger_used_bytes=9332128512 ledger_capacity_bytes=19965292864 ledger_bytes_overflow=false sampling_unavailable=none
ETHEREUM_COHORT_RESOURCES phase=range-provider wall_ns=1832599083 source=darwin_proc_pid_rusage_v6 lifetime_peak_footprint_bytes=26085461504 ledger_present=true ledger_len=68619042 ledger_capacity=146803624 tuple_record_bytes=136 ledger_used_bytes=9332189712 ledger_capacity_bytes=19965292864 ledger_bytes_overflow=false sampling_unavailable=none
ETHEREUM_COHORT_RESOURCES phase=ledger-range wall_ns=2874417 source=darwin_proc_pid_rusage_v6 lifetime_peak_footprint_bytes=26085461504 ledger_present=true ledger_len=68619086 ledger_capacity=146803624 tuple_record_bytes=136 ledger_used_bytes=9332195696 ledger_capacity_bytes=19965292864 ledger_bytes_overflow=false sampling_unavailable=none
ETHEREUM_TUPLE_RESERVATION phase=after contribution_bound=146803624 actual=68619086 unused=78184538 unused_bytes=10633097168 capacity=146803624
ETHEREUM_COHORT_RESOURCES phase=ledger-classified wall_ns=27672328916 source=darwin_proc_pid_rusage_v6 lifetime_peak_footprint_bytes=26085461504 ledger_present=true ledger_len=68619086 ledger_capacity=146803624 tuple_record_bytes=136 ledger_used_bytes=9332195696 ledger_capacity_bytes=19965292864 ledger_bytes_overflow=false sampling_unavailable=none
ETHEREUM_COHORT_RESOURCES phase=ledger-released wall_ns=1624828375 source=darwin_proc_pid_rusage_v6 lifetime_peak_footprint_bytes=26085461504 ledger_present=false ledger_len=0 ledger_capacity=0 tuple_record_bytes=136 ledger_used_bytes=0 ledger_capacity_bytes=0 ledger_bytes_overflow=false sampling_unavailable=none
ETHEREUM_WRAPPER_RESOURCES phase=tree0.cpu-pcs.commit wall_ns=240329129250 lifetime_peak_footprint_bytes=29179975328 source=darwin_proc_pid_rusage_v6
ETHEREUM_WRAPPER_RESOURCES phase=tree0.cpu-pcs wall_ns=244264697792 lifetime_peak_footprint_bytes=29179975328 source=darwin_proc_pid_rusage_v6
ETHEREUM_ROOT_COHORT phase=prepare ns=358312051500 components=36 preprocessed_columns=619 exact_tuple_closure=true contributions=68619086 wrapper_proof=false
ETHEREUM_INCREMENTAL_ROLE0_PHASE phase=total source=darwin_proc_pid_rusage_v6 wall_ns=412673072583 process_cpu_ns=414340494292 parallelism_milli=1004 peak_footprint_bytes=29179975328 energy_nj=1977227899530 instructions=8288832045285 cycles=1643335750477 workers=1 host_byte_budget=8589934592

Build Summary: 4/4 steps succeeded; 1/1 tests passed
test-ethereum-statement-root-cohort-replay success
+- saved Ethereum complete root cohort guard success
   +- run test 1 passed 6m MaxRSS:18G
      +- compile test ReleaseSafe native success 1m MaxRSS:3G

