[zig_serial_build] another build holds /tmp/stwo-zig-build.lock; waiting
[zig_serial_build] acquired after 6s
test-ethereum-air-preflight
+- Ethereum genuine AIR preflight guard
   +- run test stderr
ETHEREUM_ROLE0_SAVED_WRAPPER_REPLAY excludes_stage101_proving=true
ETHEREUM_NATIVE_VERIFICATION workers=1 captures=2 scope=joined
ETHEREUM_INCREMENTAL_ROLE0_PHASE phase=cold_open source=darwin_proc_pid_rusage_v6 wall_ns=48387034209 process_cpu_ns=50876728084 parallelism_milli=1051 peak_footprint_bytes=288785176 energy_nj=235605741824 instructions=1127409000535 cycles=201942203423 workers=1 host_byte_budget=8589934592
ETHEREUM_INCREMENTAL_ROLE0_PHASE phase=campaign source=darwin_proc_pid_rusage_v6 wall_ns=391155916 process_cpu_ns=390787416 parallelism_milli=999 peak_footprint_bytes=288785176 energy_nj=2368660244 instructions=8635679116 cycles=1551480080 workers=1 host_byte_budget=8589934592
ETHEREUM_INCREMENTAL_ROLE0_PHASE phase=materialize source=darwin_proc_pid_rusage_v6 wall_ns=4197731708 process_cpu_ns=4193042250 parallelism_milli=998 peak_footprint_bytes=1957136688 energy_nj=21852046419 instructions=69706217280 cycles=16664964535 workers=1 host_byte_budget=8589934592
ETHEREUM_INCREMENTAL_ROLE0_MATERIALIZE input_ns=16016584 public_ns=96201416 transcript_ns=84673167 profile_ns=37958 program_ns=68628500 prepare_ns=64542875 fri_ns=3622205334 seal_ns=15800916 total_ns=3968109166 nodes=537513 node_bytes=10750260 output_bytes=176 binding_bytes=2459248 schedule_bytes=8019700 evaluation_bytes=8600208 input_bytes=614812 claim_bytes=27296 schedule_compiles=1 graph_copies=0 workers=1
ETHEREUM_INCREMENTAL_ROLE0_ALLOCATOR phase=materialized-live allocations=74 bytes=852028682 peak=1892609785 allocated=3175099808 freed=2323071126 untracked=0
ETHEREUM_AIR_DEGREE component=control direct_bound=0 logup_bound=2 declared=3 candidate=false conservative=true
ETHEREUM_AIR_DEGREE component=transcript_air direct_bound=2 logup_bound=3 declared=3 candidate=false conservative=true
ETHEREUM_AIR_DEGREE component=transcript_binding direct_bound=2 logup_bound=3 declared=3 candidate=false conservative=true
ETHEREUM_AIR_DEGREE component=transcript_state direct_bound=3 logup_bound=3 declared=4 candidate=false conservative=true
ETHEREUM_AIR_DEGREE component=transcript_word direct_bound=3 logup_bound=3 declared=3 candidate=false conservative=true
ETHEREUM_AIR_DEGREE component=transcript_payload direct_bound=3 logup_bound=3 declared=4 candidate=false conservative=true
ETHEREUM_AIR_DEGREE component=pow_check direct_bound=2 logup_bound=2 declared=2 candidate=false conservative=true
ETHEREUM_AIR_DEGREE component=pow_frame direct_bound=3 logup_bound=3 declared=3 candidate=false conservative=true
ETHEREUM_AIR_DEGREE component=relation_challenge direct_bound=2 logup_bound=3 declared=3 candidate=false conservative=true
ETHEREUM_AIR_DEGREE component=verifier_randomness direct_bound=2 logup_bound=3 declared=3 candidate=false conservative=true
ETHEREUM_AIR_DEGREE component=statement_input direct_bound=2 logup_bound=3 declared=4 candidate=false conservative=true
ETHEREUM_AIR_DEGREE component=statement_semantics_input direct_bound=3 logup_bound=3 declared=4 candidate=false conservative=true
ETHEREUM_AIR_DEGREE component=vm_public_claim_input direct_bound=3 logup_bound=3 declared=4 candidate=false conservative=true
ETHEREUM_AIR_DEGREE component=vm_public_claim_hash direct_bound=2 logup_bound=3 declared=3 candidate=false conservative=true
ETHEREUM_AIR_DEGREE component=vm_public_io_hash direct_bound=2 logup_bound=3 declared=3 candidate=false conservative=true
ETHEREUM_AIR_DEGREE component=vm_public_claim_semantics_input direct_bound=2 logup_bound=3 declared=3 candidate=false conservative=true
ETHEREUM_AIR_DEGREE component=vm_public_logup_input direct_bound=2 logup_bound=3 declared=3 candidate=false conservative=true
ETHEREUM_AIR_DEGREE component=vm_public_logup_control direct_bound=3 logup_bound=3 declared=4 candidate=false conservative=true
ETHEREUM_NATIVE_AIR_PREFLIGHT component=18 committed_rows=262144 logical_rows=154225 begin=true
ETHEREUM_AIR_DEGREE component=vm_air_composition_input direct_bound=2 logup_bound=3 declared=3 candidate=false conservative=true
ETHEREUM_NATIVE_AIR_PREFLIGHT component=18 direct_roots=true padding=true
ETHEREUM_NATIVE_AIR_PREFLIGHT component=19 committed_rows=256 logical_rows=138 begin=true
ETHEREUM_AIR_DEGREE component=vm_air_composition_control direct_bound=0 logup_bound=2 declared=3 candidate=false conservative=true
ETHEREUM_NATIVE_AIR_PREFLIGHT component=19 direct_roots=true padding=true
ETHEREUM_NATIVE_AIR_PREFLIGHT component=20 committed_rows=1024 logical_rows=579 begin=true
ETHEREUM_AIR_DEGREE component=query_bits direct_bound=2 logup_bound=3 declared=3 candidate=false conservative=true
ETHEREUM_NATIVE_AIR_PREFLIGHT component=20 direct_roots=true padding=true
ETHEREUM_NATIVE_AIR_PREFLIGHT component=21 committed_rows=16384 logical_rows=9264 begin=true
ETHEREUM_AIR_DEGREE component=query_mapping direct_bound=2 logup_bound=3 declared=3 candidate=false conservative=true
ETHEREUM_NATIVE_AIR_PREFLIGHT component=21 direct_roots=true padding=true
ETHEREUM_NATIVE_AIR_PREFLIGHT component=22 committed_rows=32 logical_rows=27 begin=true
ETHEREUM_AIR_DEGREE component=merkle_root direct_bound=2 logup_bound=3 declared=3 candidate=false conservative=true
ETHEREUM_NATIVE_AIR_PREFLIGHT component=22 direct_roots=true padding=true
ETHEREUM_NATIVE_AIR_PREFLIGHT component=23 committed_rows=1048576 logical_rows=983721 begin=true
ETHEREUM_AIR_DEGREE component=trace_merkle direct_bound=3 logup_bound=3 declared=3 candidate=false conservative=true
ETHEREUM_NATIVE_AIR_PREFLIGHT component=23 direct_roots=true padding=true
ETHEREUM_NATIVE_AIR_PREFLIGHT component=24 committed_rows=8388608 logical_rows=8312214 begin=true
ETHEREUM_AIR_DEGREE component=pcs_deep_input direct_bound=3 logup_bound=3 declared=3 candidate=false conservative=true
ETHEREUM_NATIVE_AIR_PREFLIGHT component=24 direct_roots=true padding=true
ETHEREUM_NATIVE_AIR_PREFLIGHT component=25 committed_rows=65536 logical_rows=34740 begin=true
ETHEREUM_AIR_DEGREE component=fri_merkle_leaf direct_bound=3 logup_bound=3 declared=3 candidate=false conservative=true
ETHEREUM_NATIVE_AIR_PREFLIGHT component=25 direct_roots=true padding=true
ETHEREUM_NATIVE_AIR_PREFLIGHT component=26 committed_rows=16384 logical_rows=8685 begin=true
ETHEREUM_AIR_DEGREE component=fri_merkle_node direct_bound=2 logup_bound=3 declared=3 candidate=false conservative=true
ETHEREUM_NATIVE_AIR_PREFLIGHT component=26 direct_roots=true padding=true
ETHEREUM_NATIVE_AIR_PREFLIGHT component=27 committed_rows=4096 logical_rows=2895 begin=true
ETHEREUM_AIR_DEGREE component=fri_merkle_anchor direct_bound=2 logup_bound=3 declared=3 candidate=false conservative=true
ETHEREUM_NATIVE_AIR_PREFLIGHT component=27 direct_roots=true padding=true
ETHEREUM_NATIVE_AIR_PREFLIGHT component=28 committed_rows=4096 logical_rows=4053 begin=true
ETHEREUM_AIR_DEGREE component=fri_verifier_control direct_bound=2 logup_bound=3 declared=3 candidate=false conservative=true
ETHEREUM_NATIVE_AIR_PREFLIGHT component=28 direct_roots=true padding=true
ETHEREUM_NATIVE_AIR_PREFLIGHT component=29 committed_rows=262144 logical_rows=211989 begin=true
ETHEREUM_AIR_DEGREE component=fri_verifier_input direct_bound=3 logup_bound=3 declared=3 candidate=false conservative=true
ETHEREUM_NATIVE_AIR_PREFLIGHT component=29 direct_roots=true padding=true
ETHEREUM_NATIVE_AIR_PREFLIGHT component=30 committed_rows=16777216 logical_rows=9654998 begin=true
ETHEREUM_AIR_DEGREE component=qm31_mul direct_bound=2 logup_bound=3 declared=3 candidate=false conservative=true
ETHEREUM_NATIVE_AIR_PREFLIGHT component=30 direct_roots=true padding=true
ETHEREUM_NATIVE_AIR_PREFLIGHT component=31 committed_rows=32768 logical_rows=18038 begin=true
ETHEREUM_AIR_DEGREE component=qm31_inv direct_bound=2 logup_bound=3 declared=3 candidate=false conservative=true
ETHEREUM_NATIVE_AIR_PREFLIGHT component=31 direct_roots=true padding=true
ETHEREUM_NATIVE_AIR_PREFLIGHT component=32 committed_rows=16777216 logical_rows=9409028 begin=true
ETHEREUM_AIR_DEGREE component=linear_ops direct_bound=2 logup_bound=3 declared=3 candidate=false conservative=true
ETHEREUM_NATIVE_AIR_PREFLIGHT component=32 direct_roots=true padding=true
ETHEREUM_NATIVE_AIR_PREFLIGHT component=33 committed_rows=32768 logical_rows=24897 begin=true
ETHEREUM_AIR_DEGREE component=merkle_path direct_bound=2 logup_bound=3 declared=3 candidate=false conservative=true
ETHEREUM_NATIVE_AIR_PREFLIGHT component=33 direct_roots=true padding=true
ETHEREUM_AIR_PREFLIGHT checked_components=34 direct_roots=true adapter_parameters=true padding=true provider_rows_checked=false wrapper_verified=false
ETHEREUM_INCREMENTAL_ROLE0_PHASE phase=total source=darwin_proc_pid_rusage_v6 wall_ns=116033730542 process_cpu_ns=119166492125 parallelism_milli=1026 peak_footprint_bytes=16609932032 energy_nj=560715619895 instructions=2377441363372 cycles=473177638860 workers=1 host_byte_budget=8589934592

Build Summary: 4/4 steps succeeded; 1/1 tests passed
test-ethereum-air-preflight success
+- Ethereum genuine AIR preflight guard success
   +- run test 1 passed 1m MaxRSS:15G
      +- compile test ReleaseSafe native success 1m MaxRSS:3G

