INCREMENTAL_FULL_LEAF_RESOURCE_POLICY_V1 composition_allocation_budget_bytes=17179869184 pcs_retained_byte_budget_bytes=25769803776 host_admission_limit_bytes=34359738368 process_cap_enforced=false
INCREMENTAL_FULL_LEAF_INPUT_PHASES_V1 retained_open_ns=31832667 selection_ns=83 replay_program_ns=33946542 fixed_program_admission_ns=3379607291 capture_admission_ns=37779170459
INCREMENTAL_FIXED_PROGRAM_GEOMETRY_V1 profile=5 fixed_rows=729419 omitted_program_calls=2917696 program_calls=0 incremental_calls=478450 poseidon_calls=478450 fixed_pp_columns=6 poseidon_main_columns=287 elf_sha256=f81e30505c2ae1ab16e693933bef65f6fbae94ca6e04b4bc66688a068cddce16 table_sha256=99b797f52b7ce4d4d91052636705db4c6442ef36da80e4260453177c6105ab9d
INCREMENTAL_FULL_LEAF_PREFLIGHT_V1 retained_lde_lower_bound_bytes=5874223360 source_column_bytes=2937111680 columns=16742 blowup_log=1 budget_bytes=25769803776 excludes=merkle,fri,quotient,twiddles,witness,allocator
INCREMENTAL_FULL_LEAF_TREE1_PREFLIGHT_V1 retained_bytes=3231506176 columns=8300 budget_bytes=25769803776 retention=never
info: resident RISC-V semantic composition: 47 components, 21 kernels, 29.829 ms GPU
info: resident RISC-V lookup composition: 44 components, 18 kernels, 16.037 ms GPU
STAGE101_PROFILE depth=0 id=stage101_leaf_transaction seconds=70.290990000
STAGE101_PROFILE depth=1 id=stage101_input_admission seconds=2.284904000
STAGE101_PROFILE depth=1 id=stage101_compact_replay seconds=0.191888000
STAGE101_PROFILE depth=1 id=stage101_prepared_proof_transaction seconds=4.073102000
STAGE101_PROFILE depth=1 id=stage101_prove seconds=63.516609000
STAGE101_PROFILE depth=2 id=source_column_pack seconds=0.016401000
STAGE101_PROFILE depth=2 id=merkle_commit seconds=0.116666000
STAGE101_PROFILE depth=2 id=riscv_opcode_trace_generation seconds=1.835663000
STAGE101_PROFILE depth=3 id=riscv_infrastructure_trace_generation seconds=1.306221000
STAGE101_PROFILE depth=2 id=source_column_pack seconds=0.235567000
STAGE101_PROFILE depth=2 id=merkle_commit seconds=3.947468000
STAGE101_PROFILE depth=2 id=riscv_interaction_opcode seconds=2.475438000
STAGE101_PROFILE depth=2 id=riscv_interaction_program seconds=0.729283000
STAGE101_PROFILE depth=2 id=riscv_interaction_memory seconds=0.161989000
STAGE101_PROFILE depth=2 id=riscv_interaction_merkle seconds=0.235657000
STAGE101_PROFILE depth=2 id=riscv_interaction_poseidon seconds=0.117205000
STAGE101_PROFILE depth=2 id=riscv_interaction_clock seconds=0.376671000
STAGE101_PROFILE depth=2 id=riscv_interaction_tables seconds=0.119465000
STAGE101_PROFILE depth=2 id=source_column_pack seconds=0.196524000
STAGE101_PROFILE depth=2 id=merkle_commit seconds=3.886334000
STAGE101_PROFILE depth=2 id=draw_random_coeff seconds=0.000003000
STAGE101_PROFILE depth=2 id=composition_trace_extract seconds=0.000096000
STAGE101_PROFILE depth=2 id=composition_evaluation seconds=35.399126000
STAGE101_PROFILE depth=2 id=composition_interpolate_and_split seconds=0.002499000
STAGE101_PROFILE depth=2 id=composition_commit seconds=0.029078000
STAGE101_PROFILE depth=2 id=oods_point_and_mask_points seconds=0.001822000
STAGE101_PROFILE depth=2 id=sampled_value_evaluation seconds=0.196710000
STAGE101_PROFILE depth=2 id=sampled_value_channel_mix seconds=0.014198000
STAGE101_PROFILE depth=2 id=fri_quotient_build_and_commit seconds=0.374443000
STAGE101_PROFILE depth=2 id=proof_of_work seconds=0.005140000
STAGE101_PROFILE depth=2 id=fri_decommit seconds=0.004227000
STAGE101_PROFILE depth=2 id=trace_decommit seconds=0.135956000
STAGE101_PROFILE depth=2 id=constraint_check_and_assembly seconds=0.003962000
STAGE101_PROFILE depth=1 id=stage101_encode seconds=0.193401000
INCREMENTAL_FULL_LEAF_VERIFY_POLICY_V1 workers=1
INCREMENTAL_FULL_LEAF_VALIDATION_V2 producer_ns=70291244667 producer_auth_count=1 producer_auth_ns=1944360000 producer_reuses=272 cold_ns=33718498792 cold_auth_count=1 cold_auth_ns=1942344000 cold_reuses=276
INCREMENTAL_FULL_LEAF_CLAIM_ADMISSION schema=5 profile=fixed_program_narrow_v5
INCREMENTAL_FULL_LEAF_PHASES_V1 transaction_ns=70260146208 admission_ns=2284859750 replay_ns=191883625 witness_ns=1011395916 profile_ns=2696901083 prove_ns=63516979292 encode_ns=193398292
INCREMENTAL_FULL_LEAF_RESOURCES_V1 phase=producer wall_ns=70291417625 cpu_ns=63290856750 lifetime_peak_footprint_bytes=9873351080
INCREMENTAL_FULL_LEAF_RESOURCES_V1 phase=fresh_verifier wall_ns=33718573125 cpu_ns=33701813334 lifetime_peak_footprint_bytes=9873351080
STAGE101_METAL_ADMISSION_V2 claim_schema=5 reference_bytes=62271644 small_circle_host_placements=0
STAGE101_METAL_RECEIPT_V1 artifact_sha256=5c102cc46a993393409a9a0a9074f1c21817fb235402af6b94d38985aec3ce27 queries=193 manifest_sha256=320f1b944927e173c5d2972ab0cb69f68129d135f40838976c2cde653bf180c3 metallib_sha256=9a32b36496d66eb0d0889949ec7f6d06f95a25d9aa6bd16695ca4d9e2d1f171d platform_identity_sha256=5874db131967f4a8db8014e2c3a586fded2a10e2dcb3776c56ec64123e323d91 build_identity_sha256=9e675e02435d2bcc7a55500c5974e86a04105b172fd758e6ad967e7e6995ec50 runtime_init_ns=70007250 producer_ns=70291244667 cold_cpu_verify_ns=33718498792 transaction_ns=70260146208 admission_ns=2284859750 replay_ns=191883625 witness_ns=1011395916 profile_ns=2696901083 prove_ns=63516979292 encode_ns=193398292 budget_ns=5400000000000
STAGE101_METAL_KERNELS_V1 resident_merkle=9 poseidon_merkle=9 host_merkle=0 sampled=1 circle_transform=2 circle_lde=42 composition=0 quotient=1 fri_circle=1 fri_line=19 fri_epochs=0 qm31=4 relation=0 trace=0 base_eligible=47 base_dispatch=1 lookup_eligible=44 lookup_dispatch=1 cpu_fallback_total=0 small_interp=0 small_eval=0 small_lde=0 pipeline_hits=0 pipeline_misses=0 direct_compiles=0
STAGE101_HOST_PLACEMENTS_V1 trace_generation=cpu small_circle_interpolation=0 small_circle_evaluation=0 small_circle_lde=0 admitted_cpu_fallbacks=0
STAGE101_EXECUTION_RECEIPT_V1 workers=1 host_budget=17179869184 host_logical_cpus=14 host_limit=34359738368 producer_wall_ns=70291417625 producer_cpu_ns=63290856750 producer_parallelism_milli=900 producer_peak_footprint=9873351080 cold_wall_ns=33718573125 cold_cpu_ns=33701813334 cold_parallelism_milli=999 cold_peak_footprint=9873351080 prepared_validations=5 prepared_borrows=3 cold_rebuilds=1 statement_builds=1 ethereum_witness_builds=1 extension_builds=1 profile_cold_mints=1 profile_transport_mints=0
INCREMENTAL_FULL_LEAF_RESOURCES_V1 phase=complete_request wall_ns=145371994458 cpu_ns=138302206333 lifetime_peak_footprint_bytes=9873351080
      145.78 real       135.97 user         2.42 sys
          9460072448  maximum resident set size
                   0  average shared memory size
                   0  average unshared data size
                   0  average unshared stack size
             1467138  page reclaims
                 445  page faults
                   0  swaps
                   0  block input operations
                   0  block output operations
                   1  messages sent
                   0  messages received
                   0  signals received
                  37  voluntary context switches
               19628  involuntary context switches
       1935726909506  instructions retired
        550571536351  cycles elapsed
          9873351080  peak memory footprint
