INCREMENTAL_FULL_LEAF_RESOURCE_POLICY_V1 composition_allocation_budget_bytes=17179869184 pcs_retained_byte_budget_bytes=25769803776 host_admission_limit_bytes=34359738368 process_cap_enforced=false
INCREMENTAL_FULL_LEAF_INPUT_PHASES_V1 retained_open_ns=45920250 selection_ns=208 replay_program_ns=33354000 fixed_program_admission_ns=3345615334 capture_admission_ns=37490260708
INCREMENTAL_FIXED_PROGRAM_GEOMETRY_V1 profile=5 fixed_rows=729419 omitted_program_calls=2917696 program_calls=0 incremental_calls=478450 poseidon_calls=478450 fixed_pp_columns=6 poseidon_main_columns=287 elf_sha256=f81e30505c2ae1ab16e693933bef65f6fbae94ca6e04b4bc66688a068cddce16 table_sha256=99b797f52b7ce4d4d91052636705db4c6442ef36da80e4260453177c6105ab9d
INCREMENTAL_FULL_LEAF_PREFLIGHT_V1 retained_lde_lower_bound_bytes=5874223360 source_column_bytes=2937111680 columns=16742 blowup_log=1 budget_bytes=25769803776 excludes=merkle,fri,quotient,twiddles,witness,allocator
INCREMENTAL_FULL_LEAF_TREE1_PREFLIGHT_V1 retained_bytes=3231506176 columns=8300 budget_bytes=25769803776 retention=never
info: resident RISC-V semantic composition: 47 components, 21 kernels, 33.180 ms GPU
info: resident RISC-V lookup composition: 44 components, 18 kernels, 15.665 ms GPU
STAGE101_PROFILE depth=0 id=stage101_leaf_transaction seconds=70.397583000
STAGE101_PROFILE depth=1 id=stage101_input_admission seconds=2.282333000
STAGE101_PROFILE depth=1 id=stage101_compact_replay seconds=0.185474000
STAGE101_PROFILE depth=1 id=stage101_prepared_proof_transaction seconds=4.077007000
STAGE101_PROFILE depth=1 id=stage101_prove seconds=63.625204000
STAGE101_PROFILE depth=2 id=source_column_pack seconds=0.016396000
STAGE101_PROFILE depth=2 id=merkle_commit seconds=0.119167000
STAGE101_PROFILE depth=2 id=riscv_opcode_trace_generation seconds=1.822005000
STAGE101_PROFILE depth=3 id=riscv_infrastructure_trace_generation seconds=1.304883000
STAGE101_PROFILE depth=2 id=source_column_pack seconds=0.240879000
STAGE101_PROFILE depth=2 id=merkle_commit seconds=3.947079000
STAGE101_PROFILE depth=2 id=riscv_interaction_opcode seconds=2.483234000
STAGE101_PROFILE depth=2 id=riscv_interaction_program seconds=0.723607000
STAGE101_PROFILE depth=2 id=riscv_interaction_memory seconds=0.159885000
STAGE101_PROFILE depth=2 id=riscv_interaction_merkle seconds=0.230174000
STAGE101_PROFILE depth=2 id=riscv_interaction_poseidon seconds=0.120275000
STAGE101_PROFILE depth=2 id=riscv_interaction_clock seconds=0.377187000
STAGE101_PROFILE depth=2 id=riscv_interaction_tables seconds=0.119747000
STAGE101_PROFILE depth=2 id=source_column_pack seconds=0.177980000
STAGE101_PROFILE depth=2 id=merkle_commit seconds=3.904100000
STAGE101_PROFILE depth=2 id=draw_random_coeff seconds=0.000002000
STAGE101_PROFILE depth=2 id=composition_trace_extract seconds=0.000143000
STAGE101_PROFILE depth=2 id=composition_evaluation seconds=35.448293000
STAGE101_PROFILE depth=2 id=composition_interpolate_and_split seconds=0.002436000
STAGE101_PROFILE depth=2 id=composition_commit seconds=0.029003000
STAGE101_PROFILE depth=2 id=oods_point_and_mask_points seconds=0.001970000
STAGE101_PROFILE depth=2 id=sampled_value_evaluation seconds=0.204849000
STAGE101_PROFILE depth=2 id=sampled_value_channel_mix seconds=0.014301000
STAGE101_PROFILE depth=2 id=fri_quotient_build_and_commit seconds=0.371827000
STAGE101_PROFILE depth=2 id=proof_of_work seconds=0.005102000
STAGE101_PROFILE depth=2 id=fri_decommit seconds=0.004267000
STAGE101_PROFILE depth=2 id=trace_decommit seconds=0.135030000
STAGE101_PROFILE depth=2 id=constraint_check_and_assembly seconds=0.003921000
STAGE101_PROFILE depth=1 id=stage101_encode seconds=0.194346000
INCREMENTAL_FULL_LEAF_VERIFY_POLICY_V1 workers=1
INCREMENTAL_FULL_LEAF_VALIDATION_V2 producer_ns=70396025583 producer_auth_count=1 producer_auth_ns=1941146000 producer_reuses=272 cold_ns=33845255750 cold_auth_count=1 cold_auth_ns=1949188000 cold_reuses=276
INCREMENTAL_FULL_LEAF_CLAIM_ADMISSION schema=5 profile=fixed_program_narrow_v5
INCREMENTAL_FULL_LEAF_PHASES_V1 transaction_ns=70362812291 admission_ns=2282282292 replay_ns=185469500 witness_ns=1013633042 profile_ns=2701362000 prove_ns=63623783541 encode_ns=194342458
INCREMENTAL_FULL_LEAF_RESOURCES_V1 phase=producer wall_ns=70396204708 cpu_ns=63416798417 lifetime_peak_footprint_bytes=9873465816
INCREMENTAL_FULL_LEAF_RESOURCES_V1 phase=fresh_verifier wall_ns=33845310042 cpu_ns=33803263042 lifetime_peak_footprint_bytes=9873465816
error: Stage101PreparedExecutionReceiptMismatch
      146.83 real       135.71 user         2.54 sys
          9460154368  maximum resident set size
                   0  average shared memory size
                   0  average unshared data size
                   0  average unshared stack size
             1467176  page reclaims
                 445  page faults
                   0  swaps
                   0  block input operations
                   0  block output operations
                   1  messages sent
                   0  messages received
                   0  signals received
                 188  voluntary context switches
               25077  involuntary context switches
       1936665300522  instructions retired
        549656003869  cycles elapsed
          9873465816  peak memory footprint
