INCREMENTAL_FULL_LEAF_RESOURCE_POLICY_V1 composition_allocation_budget_bytes=17179869184 pcs_retained_byte_budget_bytes=25769803776 host_admission_limit_bytes=34359738368 process_cap_enforced=false
INCREMENTAL_FULL_LEAF_PREFLIGHT_V1 retained_lde_lower_bound_bytes=20550093056 source_column_bytes=10275046528 columns=16894 blowup_log=1 budget_bytes=25769803776 excludes=merkle,fri,quotient,twiddles,witness,allocator
INCREMENTAL_FULL_LEAF_TREE1_PREFLIGHT_V1 retained_bytes=17253064448 columns=8458 budget_bytes=25769803776 retention=never
info: resident RISC-V semantic composition: 47 components, 21 kernels, 361.109 ms GPU
info: resident RISC-V lookup composition: 44 components, 18 kernels, 28.538 ms GPU
STAGE101_PROFILE depth=0 id=stage101_leaf_transaction seconds=156.092369000
STAGE101_PROFILE depth=1 id=stage101_input_admission seconds=2.281506000
STAGE101_PROFILE depth=1 id=stage101_compact_replay seconds=0.202909000
STAGE101_PROFILE depth=1 id=stage101_prepared_proof_transaction seconds=5.833784000
STAGE101_PROFILE depth=1 id=stage101_prove seconds=147.071217000
STAGE101_PROFILE depth=2 id=source_column_pack seconds=0.016251000
STAGE101_PROFILE depth=2 id=merkle_commit seconds=0.420676000
STAGE101_PROFILE depth=2 id=riscv_opcode_trace_generation seconds=11.653194000
STAGE101_PROFILE depth=3 id=riscv_infrastructure_trace_generation seconds=11.604182000
STAGE101_PROFILE depth=2 id=source_column_pack seconds=3.308906000
STAGE101_PROFILE depth=2 id=merkle_commit seconds=16.337300000
STAGE101_PROFILE depth=2 id=riscv_interaction_opcode seconds=2.897152000
STAGE101_PROFILE depth=2 id=riscv_interaction_program seconds=0.949388000
STAGE101_PROFILE depth=2 id=riscv_interaction_memory seconds=0.167120000
STAGE101_PROFILE depth=2 id=riscv_interaction_merkle seconds=2.105899000
STAGE101_PROFILE depth=2 id=riscv_interaction_poseidon seconds=1.139135000
STAGE101_PROFILE depth=2 id=riscv_interaction_clock seconds=0.372128000
STAGE101_PROFILE depth=2 id=riscv_interaction_tables seconds=0.127236000
STAGE101_PROFILE depth=2 id=source_column_pack seconds=0.248535000
STAGE101_PROFILE depth=2 id=merkle_commit seconds=15.319801000
STAGE101_PROFILE depth=2 id=draw_random_coeff seconds=0.000002000
STAGE101_PROFILE depth=2 id=composition_trace_extract seconds=0.000090000
STAGE101_PROFILE depth=2 id=composition_evaluation seconds=46.420408000
STAGE101_PROFILE depth=2 id=composition_interpolate_and_split seconds=0.047507000
STAGE101_PROFILE depth=2 id=composition_commit seconds=0.131332000
STAGE101_PROFILE depth=2 id=oods_point_and_mask_points seconds=0.001908000
STAGE101_PROFILE depth=2 id=sampled_value_evaluation seconds=0.315071000
STAGE101_PROFILE depth=2 id=sampled_value_channel_mix seconds=0.014419000
STAGE101_PROFILE depth=2 id=fri_quotient_build_and_commit seconds=24.836980000
STAGE101_PROFILE depth=2 id=proof_of_work seconds=0.005582000
STAGE101_PROFILE depth=2 id=fri_decommit seconds=0.010421000
STAGE101_PROFILE depth=2 id=trace_decommit seconds=0.301386000
STAGE101_PROFILE depth=2 id=constraint_check_and_assembly seconds=0.007562000
STAGE101_PROFILE depth=1 id=stage101_encode seconds=0.210023000
INCREMENTAL_FULL_LEAF_VERIFY_POLICY_V1 workers=1
INCREMENTAL_FULL_LEAF_VALIDATION_V2 producer_ns=156090324125 producer_auth_count=1 producer_auth_ns=1942750000 producer_reuses=244 cold_ns=52258776833 cold_auth_count=1 cold_auth_ns=1996082000 cold_reuses=262
INCREMENTAL_FULL_LEAF_CLAIM_ADMISSION schema=4 profile=field_authority_v4
INCREMENTAL_FULL_LEAF_PHASES_V1 transaction_ns=155597379042 admission_ns=2281476042 replay_ns=202905750 witness_ns=2719988500 profile_ns=2750530958 prove_ns=147069265833 encode_ns=210020542
INCREMENTAL_FULL_LEAF_RESOURCES_V1 phase=producer wall_ns=156090485083 cpu_ns=94481684750 lifetime_peak_footprint_bytes=29375469072
INCREMENTAL_FULL_LEAF_RESOURCES_V1 phase=fresh_verifier wall_ns=52258842584 cpu_ns=52140671250 lifetime_peak_footprint_bytes=29375469072
STAGE101_METAL_ADMISSION_V2 claim_schema=4 reference_bytes=62552044 small_circle_host_placements=0
STAGE101_METAL_RECEIPT_V1 artifact_sha256=43aa15db272bfb6fdac201c5bf682dbc0887444ada440d9721afe5d099a2c2d8 queries=193 manifest_sha256=d51ffc6f4de6307c47604c67a352f724f3763d798f188ab86ab71c226013acba metallib_sha256=9b1327752224ccd8837063f29c9e5112efac8f6746050f8ff5dc9c2fb23ce8a7 platform_identity_sha256=5874db131967f4a8db8014e2c3a586fded2a10e2dcb3776c56ec64123e323d91 build_identity_sha256=9e675e02435d2bcc7a55500c5974e86a04105b172fd758e6ad967e7e6995ec50 runtime_init_ns=66773541 producer_ns=156090324125 cold_cpu_verify_ns=52258776833 transaction_ns=155597379042 admission_ns=2281476042 replay_ns=202905750 witness_ns=2719988500 profile_ns=2750530958 prove_ns=147069265833 encode_ns=210020542 budget_ns=5400000000000
STAGE101_METAL_KERNELS_V1 resident_merkle=10 poseidon_merkle=10 host_merkle=0 sampled=1 circle_transform=2 circle_lde=45 composition=0 quotient=1 fri_circle=1 fri_line=21 fri_epochs=0 qm31=5 relation=0 trace=0 base_eligible=47 base_dispatch=1 lookup_eligible=44 lookup_dispatch=1 cpu_fallback_total=0 small_interp=0 small_eval=0 small_lde=0 pipeline_hits=0 pipeline_misses=0 direct_compiles=0
STAGE101_HOST_PLACEMENTS_V1 trace_generation=cpu small_circle_interpolation=0 small_circle_evaluation=0 small_circle_lde=0 admitted_cpu_fallbacks=0
STAGE101_EXECUTION_RECEIPT_V1 workers=1 host_budget=17179869184 host_logical_cpus=14 host_limit=34359738368 producer_wall_ns=156090485083 producer_cpu_ns=94481684750 producer_parallelism_milli=605 producer_peak_footprint=29375469072 cold_wall_ns=52258842584 cold_cpu_ns=52140671250 cold_parallelism_milli=997 cold_peak_footprint=29375469072 prepared_validations=3 prepared_borrows=2 cold_rebuilds=1 statement_builds=1 ethereum_witness_builds=1 extension_builds=1 profile_cold_mints=1 profile_transport_mints=0
INCREMENTAL_FULL_LEAF_RESOURCES_V1 phase=complete_request wall_ns=246265661166 cpu_ns=184294265333 lifetime_peak_footprint_bytes=29375469072
      247.37 real       173.42 user        11.01 sys
         15755444224  maximum resident set size
                   0  average shared memory size
                   0  average unshared data size
                   0  average unshared stack size
             5131386  page reclaims
                  78  page faults
                   0  swaps
                   0  block input operations
                   0  block output operations
                   1  messages sent
                   0  messages received
                   0  signals received
               15464  voluntary context switches
               88572  involuntary context switches
       2587544189538  instructions retired
        731557086191  cycles elapsed
         29375469072  peak memory footprint
