waiting for shared build/proof lock
acquired shared build/proof lock
   Compiling version_check v0.9.5
   Compiling proc-macro2 v1.0.107
   Compiling unicode-ident v1.0.24
   Compiling quote v1.0.47
   Compiling typenum v1.20.1
   Compiling libc v0.2.189
   Compiling zeroize v1.9.0
   Compiling generic-array v0.14.9
   Compiling cfg-if v1.0.4
   Compiling subtle v2.6.1
   Compiling syn v2.0.119
   Compiling const-oid v0.9.6
   Compiling serde_core v1.0.229
   Compiling crypto-common v0.1.6
   Compiling block-buffer v0.10.4
   Compiling digest v0.10.7
   Compiling syn v3.0.5
   Compiling cpufeatures v0.2.17
   Compiling getrandom v0.2.17
   Compiling serde v1.0.229
   Compiling rand_core v0.6.4
   Compiling serde_derive v1.0.229
   Compiling der v0.7.10
   Compiling ff v0.13.1
   Compiling sha2 v0.10.9
   Compiling base16ct v0.2.0
   Compiling sec1 v0.7.3
   Compiling group v0.13.0
   Compiling bytes v1.12.1
   Compiling crypto-bigint v0.5.5
   Compiling hmac v0.12.1
   Compiling alloy-rlp-derive v0.3.16
   Compiling arrayvec v0.7.8
   Compiling paste v1.0.15
   Compiling unicode-segmentation v1.13.3
   Compiling convert_case v0.10.0
   Compiling alloy-rlp v0.3.16
   Compiling rfc6979 v0.4.0
   Compiling elliptic-curve v0.13.8
   Compiling spki v0.7.3
   Compiling signature v2.2.0
   Compiling unicode-xid v0.2.6
   Compiling ruint-macro v1.2.1
   Compiling ruint v1.20.0
   Compiling derive_more-impl v2.1.1
   Compiling ecdsa v0.16.9
   Compiling keccak v0.1.6
   Compiling foldhash v0.2.0
   Compiling itoa v1.0.18
   Compiling hashbrown v0.16.1
   Compiling sha3 v0.10.9
   Compiling k256 v0.13.4
   Compiling derive_more v2.1.1
   Compiling const-hex v1.19.1
   Compiling rustc-hash v2.1.3
   Compiling strsim v0.11.1
   Compiling ident_case v1.0.1
   Compiling darling_core v0.23.0
   Compiling alloy-primitives v1.5.6
   Compiling thiserror v2.0.20
   Compiling darling_macro v0.23.0
   Compiling thiserror-impl v2.0.20
   Compiling darling v0.23.0
   Compiling smallvec v1.16.0
   Compiling zmij v1.0.23
   Compiling once_cell v1.21.4
   Compiling serde_with_macros v3.22.0
   Compiling serde_json v1.0.151
   Compiling base64 v0.22.1
   Compiling serde_with v3.22.0
   Compiling crc-catalog v2.5.0
   Compiling memchr v2.8.3
   Compiling crc v3.4.0
   Compiling libssz-merkle v0.3.0
   Compiling tracing-core v0.1.36
   Compiling pin-project-lite v0.2.17
   Compiling tracing v0.1.44
   Compiling alloy-eip2124 v0.2.0
   Compiling alloy-serde v2.0.4
   Compiling alloy-eip7702 v0.6.3
   Compiling alloy-eip7928 v0.3.7
   Compiling nybbles v0.4.8
   Compiling libssz v0.3.0
   Compiling alloy-eip2930 v0.2.3
   Compiling either v1.18.0
   Compiling auto_impl v1.3.0
   Compiling alloy-eips v2.0.0
   Compiling alloy-trie v0.9.5
   Compiling virtue v0.0.18
   Compiling bincode_derive v2.0.1
   Compiling libssz-types v0.3.0
   Compiling alloy-tx-macros v2.4.1
   Compiling libssz-derive v0.3.0
   Compiling unty v0.0.4
   Compiling bincode v2.0.1
   Compiling stateless-validator-common v0.1.0 (https://github.com/paradigmxyz/stateless.git?rev=a134a621bad7229ff7f980e42dfca8e22d101491#a134a621)
   Compiling alloy-consensus v2.0.0
   Compiling alloy-genesis v2.0.0
   Compiling alloy-rpc-types-debug v2.0.0
   Compiling stwo-ethereum-input-projection v0.1.0 (/Users/theodorepender/Coding/stark-proving-engineering/stwo-zig/autoresearch/benchmarks/guest_runtime/projection)
    Finished `test` profile [unoptimized + debuginfo] target(s) in 31.58s
     Running unittests src/main.rs (target/debug/deps/stwo_ethereum_input_projection-a360c6badc39334e)

running 1 test
test tests::rejects_malformed_frames_and_changed_fixture ... ok

test result: ok. 1 passed; 0 failed; 0 ignored; 0 measured; 0 filtered out; finished in 0.00s

   Compiling stwo-ethereum-input-projection v0.1.0 (/Users/theodorepender/Coding/stark-proving-engineering/stwo-zig/autoresearch/benchmarks/guest_runtime/projection)
    Finished `dev` profile [unoptimized + debuginfo] target(s) in 0.77s
