cairo-cuda arena reservation bytes=39429769536 slots=199
cairo-cuda arena slot=3 bytes=131508332 offset=13830767872 lifetime=ingress..trace_generation
cairo-cuda arena slot=6 bytes=4326683008 offset=4344804352 lifetime=trace_generation..trace_commit
cairo-cuda arena slot=7 bytes=864312964 offset=12966454784 lifetime=trace_generation..trace_generation
cairo-cuda arena slot=16 bytes=110390464 offset=22361695744 lifetime=trace_commit..trace_commit
cairo-cuda arena slot=27 bytes=3825205248 offset=21556389376 lifetime=constraint_evaluation..constraint_evaluation
cairo-cuda arena slot=32 bytes=335511040 offset=25381594624 lifetime=constraint_evaluation..constraint_evaluation
cairo-cuda arena slot=33 bytes=134217728 offset=38696763392 lifetime=ingress..proof_assembly
cairo-cuda arena slot=34 bytes=134217728 offset=38830981120 lifetime=ingress..proof_assembly
cairo-cuda arena slot=35 bytes=402653184 offset=21556389376 lifetime=trace_commit..trace_commit
cairo-cuda arena slot=36 bytes=402653184 offset=21959042560 lifetime=trace_commit..trace_commit
cairo-cuda arena slot=37 bytes=2172402112 offset=26178512384 lifetime=ingress..proof_assembly
cairo-cuda arena slot=38 bytes=4344804224 offset=0 lifetime=ingress..proof_assembly
cairo-cuda arena slot=41 bytes=4294967264 offset=8671487488 lifetime=ingress..proof_assembly
cairo-cuda arena slot=44 bytes=1015342080 offset=28350914560 lifetime=trace_generation..oods
cairo-cuda arena slot=45 bytes=2030684160 offset=30498398208 lifetime=trace_commit..decommit
cairo-cuda arena slot=48 bytes=4294967264 offset=12966454784 lifetime=trace_commit..decommit
cairo-cuda arena slot=51 bytes=936356864 offset=29366256640 lifetime=trace_commit..oods
cairo-cuda arena slot=52 bytes=1872713728 offset=32529082368 lifetime=trace_commit..decommit
cairo-cuda arena slot=55 bytes=4294967264 offset=4344804352 lifetime=trace_commit..decommit
cairo-cuda arena slot=58 bytes=268435456 offset=38159892480 lifetime=constraint_evaluation..decommit
cairo-cuda arena slot=59 bytes=536870912 offset=36549279744 lifetime=constraint_evaluation..decommit
cairo-cuda arena slot=62 bytes=4294967264 offset=17261422080 lifetime=trace_commit..decommit
cairo-cuda arena slot=77 bytes=2311061504 offset=21556389344 lifetime=oods..oods
cairo-cuda arena slot=78 bytes=2311061504 offset=23867450848 lifetime=oods..oods
cairo-cuda arena slot=93 bytes=838844160 offset=21556389376 lifetime=quotient..quotient
cairo-cuda arena slot=94 bytes=1073741824 offset=34401796096 lifetime=quotient..decommit
cairo-cuda arena slot=95 bytes=536870912 offset=22395233536 lifetime=quotient..quotient
cairo-cuda arena slot=96 bytes=67108864 offset=30302613504 lifetime=ingress..quotient
cairo-cuda arena slot=99 bytes=4294967264 offset=21556389376 lifetime=fri_commit..decommit
cairo-cuda arena slot=101 bytes=536870912 offset=37086150656 lifetime=fri_commit..decommit
cairo-cuda arena slot=102 bytes=2147483616 offset=28350914560 lifetime=fri_commit..decommit
cairo-cuda arena slot=104 bytes=268435456 offset=25851356672 lifetime=fri_commit..decommit
cairo-cuda arena slot=105 bytes=1073741792 offset=35475537920 lifetime=fri_commit..decommit
cairo-cuda arena slot=107 bytes=134217728 offset=38965198848 lifetime=fri_commit..decommit
cairo-cuda arena slot=108 bytes=536870880 offset=37623021568 lifetime=fri_commit..decommit
cairo-cuda arena slot=110 bytes=67108864 offset=39233634304 lifetime=fri_commit..decommit
cairo-cuda arena slot=111 bytes=268435424 offset=38428327936 lifetime=fri_commit..decommit
cairo-cuda arena slot=114 bytes=134217696 offset=39099416576 lifetime=fri_commit..decommit
cuda compact pool trim used_before=0 reserved_before=0 used_after=0 reserved_after=0
cuda prepared arena mode=managed bytes=39429769536
cairo-cuda static-phase initial_upload_ns=78605559 preprocessed_load_ns=558578001 materialize_ns=1338344 cached=false device_image_hit=false
cairo-cuda-memory-phase phase=proof_begin elapsed_ns=1190
cairo-cuda compact main-coefficient host_percent=25 arena_bytes=39429769536
cairo-cuda-memory-phase phase=trace_generation_end elapsed_ns=983085849
cairo-cuda-memory-phase phase=preprocessed_commit_end elapsed_ns=2672065595
cairo-cuda-memory-phase phase=main_commit_end elapsed_ns=4373678859
cairo-cuda-memory-phase phase=relation_end elapsed_ns=6745548208
cairo-cuda-memory-phase phase=interaction_commit_end elapsed_ns=8022132906
cairo-cuda-memory-phase phase=trace_commit_end elapsed_ns=8022192286
cairo-cuda-memory-phase phase=constraint_evaluation_end elapsed_ns=10107052433
cairo-cuda-memory-phase phase=composition_commit_end elapsed_ns=10107147942
cairo-cuda-memory-phase phase=constraint_stage_end elapsed_ns=10107210292
cairo-cuda-memory-phase phase=oods_end elapsed_ns=10654838407
cairo-cuda-memory-phase phase=quotient_end elapsed_ns=10764503961
cairo-cuda-memory-phase phase=fri_commit_end elapsed_ns=12482019876
cairo-cuda-memory-phase phase=decommit_end elapsed_ns=12511920067
cuda compact pool trim used_before=0 reserved_before=0 used_after=0 reserved_after=0
cairo-cuda handoff prepared_arena_release_ns=1127218611
info(circuit_recursion): leaf topology c5b609ebdc4a3437b646a06b0f5e926071d4e8a7e4f4eb2e6848bc2096e1ff82: built, 44505598 variables
cuda compact pool trim used_before=0 reserved_before=0 used_after=0 reserved_after=0
cuda prepared arena mode=device bytes=28123853344
circuit-cuda resident-phase profile=internal arena_reused=false static_reused=false plan_ns=23139145 static_hash_ns=1650 ingress_ns=220364944 schedule_ns=209997905 finish_ns=82634708 decode_ns=2830266
circuit-cuda circuit-proof profile=internal resident_ns=546177612 verify_ns=4596747 convert_ns=423038 arena_bytes=28123853344 peak_device_bytes=28123853344 terminal_bytes=4018944
cairo-cuda source-lookahead prepare_ns=252108305 wait_ns=1740 input=/tmp/stwo-cuda-challenge/data/inputs/15627905-15627907.prover_input.cpi
cairo-cuda arena reservation bytes=39021070144 slots=199
cairo-cuda arena slot=3 bytes=108986924 offset=9457916928 lifetime=ingress..trace_generation
cairo-cuda arena slot=6 bytes=4023018048 offset=17229706240 lifetime=trace_generation..trace_commit
cairo-cuda arena slot=7 bytes=818145092 offset=8639771648 lifetime=trace_generation..trace_generation
cairo-cuda arena slot=16 bytes=106589376 offset=22329979904 lifetime=trace_commit..trace_commit
cairo-cuda arena slot=27 bytes=3825205248 offset=21524673536 lifetime=constraint_evaluation..constraint_evaluation
cairo-cuda arena slot=32 bytes=335511040 offset=25349878784 lifetime=constraint_evaluation..constraint_evaluation
cairo-cuda arena slot=33 bytes=134217728 offset=38256348416 lifetime=ingress..proof_assembly
cairo-cuda arena slot=34 bytes=134217728 offset=38390566144 lifetime=ingress..proof_assembly
cairo-cuda arena slot=35 bytes=402653184 offset=21524673536 lifetime=trace_commit..trace_commit
cairo-cuda arena slot=36 bytes=402653184 offset=21927326720 lifetime=trace_commit..trace_commit
cairo-cuda arena slot=37 bytes=2172402112 offset=26146796544 lifetime=ingress..proof_assembly
cairo-cuda arena slot=38 bytes=4344804224 offset=0 lifetime=ingress..proof_assembly
cairo-cuda arena slot=41 bytes=4294967264 offset=4344804352 lifetime=ingress..proof_assembly
cairo-cuda arena slot=44 bytes=874245184 offset=28319198720 lifetime=trace_generation..oods
cairo-cuda arena slot=45 bytes=1748490368 offset=30466682368 lifetime=trace_commit..decommit
cairo-cuda arena slot=48 bytes=4294967264 offset=8639771648 lifetime=trace_commit..decommit
cairo-cuda arena slot=51 bytes=873104128 offset=29193444096 lifetime=trace_commit..oods
cairo-cuda arena slot=52 bytes=1746208256 offset=32215172864 lifetime=trace_commit..decommit
cairo-cuda arena slot=55 bytes=4294967264 offset=17229706240 lifetime=trace_commit..decommit
cairo-cuda arena slot=58 bytes=268435456 offset=37719477504 lifetime=constraint_evaluation..decommit
cairo-cuda arena slot=59 bytes=536870912 offset=36108864768 lifetime=constraint_evaluation..decommit
cairo-cuda arena slot=62 bytes=4294967264 offset=12934738944 lifetime=trace_commit..decommit
cairo-cuda arena slot=77 bytes=2311061504 offset=21524673504 lifetime=oods..oods
cairo-cuda arena slot=78 bytes=2311061504 offset=23835735008 lifetime=oods..oods
cairo-cuda arena slot=93 bytes=838844160 offset=21524673536 lifetime=quotient..quotient
cairo-cuda arena slot=94 bytes=1073741824 offset=33961381120 lifetime=quotient..decommit
cairo-cuda arena slot=95 bytes=536870912 offset=22363517696 lifetime=quotient..quotient
cairo-cuda arena slot=96 bytes=67108864 offset=30066548224 lifetime=ingress..quotient
cairo-cuda arena slot=99 bytes=4294967264 offset=21524673536 lifetime=fri_commit..decommit
cairo-cuda arena slot=101 bytes=536870912 offset=36645735680 lifetime=fri_commit..decommit
cairo-cuda arena slot=102 bytes=2147483616 offset=28319198720 lifetime=fri_commit..decommit
cairo-cuda arena slot=104 bytes=268435456 offset=25819640832 lifetime=fri_commit..decommit
cairo-cuda arena slot=105 bytes=1073741792 offset=35035122944 lifetime=fri_commit..decommit
cairo-cuda arena slot=107 bytes=134217728 offset=38524783872 lifetime=fri_commit..decommit
cairo-cuda arena slot=108 bytes=536870880 offset=37182606592 lifetime=fri_commit..decommit
cairo-cuda arena slot=110 bytes=67108864 offset=38793219328 lifetime=fri_commit..decommit
cairo-cuda arena slot=111 bytes=268435424 offset=37987912960 lifetime=fri_commit..decommit
cairo-cuda arena slot=114 bytes=134217696 offset=38659001600 lifetime=fri_commit..decommit
cuda compact pool trim used_before=0 reserved_before=28152168448 used_after=0 reserved_after=0
cuda prepared arena mode=managed bytes=39021070144
cairo-cuda static-phase initial_upload_ns=68524269 preprocessed_load_ns=612477082 materialize_ns=277169 cached=false device_image_hit=false
cairo-cuda-memory-phase phase=proof_begin elapsed_ns=1450
cairo-cuda compact main-coefficient host_percent=25 arena_bytes=39021070144
cairo-cuda-memory-phase phase=trace_generation_end elapsed_ns=464860647
cairo-cuda-memory-phase phase=preprocessed_commit_end elapsed_ns=1699630704
cairo-cuda-memory-phase phase=main_commit_end elapsed_ns=4324884582
cairo-cuda-memory-phase phase=relation_end elapsed_ns=4325037801
cairo-cuda-memory-phase phase=interaction_commit_end elapsed_ns=7488542101
cairo-cuda-memory-phase phase=trace_commit_end elapsed_ns=7488602831
cairo-cuda-memory-phase phase=constraint_evaluation_end elapsed_ns=7490659371
cairo-cuda-memory-phase phase=composition_commit_end elapsed_ns=7490723960
cairo-cuda-memory-phase phase=constraint_stage_end elapsed_ns=7490783270
cairo-cuda-memory-phase phase=oods_end elapsed_ns=9954504782
cairo-cuda-memory-phase phase=quotient_end elapsed_ns=9955271818
cairo-cuda-memory-phase phase=fri_commit_end elapsed_ns=9956937220
cairo-cuda-memory-phase phase=decommit_end elapsed_ns=9958180553
cuda compact pool trim used_before=0 reserved_before=0 used_after=0 reserved_after=0
cairo-cuda handoff prepared_arena_release_ns=1119342841
info(circuit_recursion): leaf topology c5b609ebdc4a3437b646a06b0f5e926071d4e8a7e4f4eb2e6848bc2096e1ff82: cached, 44505598 variables
cuda compact pool trim used_before=0 reserved_before=0 used_after=0 reserved_after=0
cuda prepared arena mode=device bytes=28123853344
circuit-cuda resident-phase profile=internal arena_reused=false static_reused=false plan_ns=22811236 static_hash_ns=1630 ingress_ns=157709536 schedule_ns=35235394 finish_ns=231732327 decode_ns=2911596
circuit-cuda circuit-proof profile=internal resident_ns=456429459 verify_ns=4435708 convert_ns=420548 arena_bytes=28123853344 peak_device_bytes=28123853344 terminal_bytes=4018944
cairo-cuda source-lookahead prepare_ns=257335480 wait_ns=1620 input=/tmp/stwo-cuda-challenge/data/inputs/15627902-15627904.prover_input.cpi
cairo-cuda arena reservation bytes=39429769536 slots=199
cairo-cuda arena slot=3 bytes=131508332 offset=13830767872 lifetime=ingress..trace_generation
cairo-cuda arena slot=6 bytes=4326683008 offset=4344804352 lifetime=trace_generation..trace_commit
cairo-cuda arena slot=7 bytes=864312964 offset=12966454784 lifetime=trace_generation..trace_generation
cairo-cuda arena slot=16 bytes=110390464 offset=22361695744 lifetime=trace_commit..trace_commit
cairo-cuda arena slot=27 bytes=3825205248 offset=21556389376 lifetime=constraint_evaluation..constraint_evaluation
cairo-cuda arena slot=32 bytes=335511040 offset=25381594624 lifetime=constraint_evaluation..constraint_evaluation
cairo-cuda arena slot=33 bytes=134217728 offset=38696763392 lifetime=ingress..proof_assembly
cairo-cuda arena slot=34 bytes=134217728 offset=38830981120 lifetime=ingress..proof_assembly
cairo-cuda arena slot=35 bytes=402653184 offset=21556389376 lifetime=trace_commit..trace_commit
cairo-cuda arena slot=36 bytes=402653184 offset=21959042560 lifetime=trace_commit..trace_commit
cairo-cuda arena slot=37 bytes=2172402112 offset=26178512384 lifetime=ingress..proof_assembly
cairo-cuda arena slot=38 bytes=4344804224 offset=0 lifetime=ingress..proof_assembly
cairo-cuda arena slot=41 bytes=4294967264 offset=8671487488 lifetime=ingress..proof_assembly
cairo-cuda arena slot=44 bytes=1015342080 offset=28350914560 lifetime=trace_generation..oods
cairo-cuda arena slot=45 bytes=2030684160 offset=30498398208 lifetime=trace_commit..decommit
cairo-cuda arena slot=48 bytes=4294967264 offset=12966454784 lifetime=trace_commit..decommit
cairo-cuda arena slot=51 bytes=936356864 offset=29366256640 lifetime=trace_commit..oods
cairo-cuda arena slot=52 bytes=1872713728 offset=32529082368 lifetime=trace_commit..decommit
cairo-cuda arena slot=55 bytes=4294967264 offset=4344804352 lifetime=trace_commit..decommit
cairo-cuda arena slot=58 bytes=268435456 offset=38159892480 lifetime=constraint_evaluation..decommit
cairo-cuda arena slot=59 bytes=536870912 offset=36549279744 lifetime=constraint_evaluation..decommit
cairo-cuda arena slot=62 bytes=4294967264 offset=17261422080 lifetime=trace_commit..decommit
cairo-cuda arena slot=77 bytes=2311061504 offset=21556389344 lifetime=oods..oods
cairo-cuda arena slot=78 bytes=2311061504 offset=23867450848 lifetime=oods..oods
cairo-cuda arena slot=93 bytes=838844160 offset=21556389376 lifetime=quotient..quotient
cairo-cuda arena slot=94 bytes=1073741824 offset=34401796096 lifetime=quotient..decommit
cairo-cuda arena slot=95 bytes=536870912 offset=22395233536 lifetime=quotient..quotient
cairo-cuda arena slot=96 bytes=67108864 offset=30302613504 lifetime=ingress..quotient
cairo-cuda arena slot=99 bytes=4294967264 offset=21556389376 lifetime=fri_commit..decommit
cairo-cuda arena slot=101 bytes=536870912 offset=37086150656 lifetime=fri_commit..decommit
cairo-cuda arena slot=102 bytes=2147483616 offset=28350914560 lifetime=fri_commit..decommit
cairo-cuda arena slot=104 bytes=268435456 offset=25851356672 lifetime=fri_commit..decommit
cairo-cuda arena slot=105 bytes=1073741792 offset=35475537920 lifetime=fri_commit..decommit
cairo-cuda arena slot=107 bytes=134217728 offset=38965198848 lifetime=fri_commit..decommit
cairo-cuda arena slot=108 bytes=536870880 offset=37623021568 lifetime=fri_commit..decommit
cairo-cuda arena slot=110 bytes=67108864 offset=39233634304 lifetime=fri_commit..decommit
cairo-cuda arena slot=111 bytes=268435424 offset=38428327936 lifetime=fri_commit..decommit
cairo-cuda arena slot=114 bytes=134217696 offset=39099416576 lifetime=fri_commit..decommit
cuda compact pool trim used_before=0 reserved_before=28152168448 used_after=0 reserved_after=0
cuda prepared arena mode=managed bytes=39429769536
cairo-cuda static-phase initial_upload_ns=79263765 preprocessed_load_ns=571219468 materialize_ns=282569 cached=false device_image_hit=false
cairo-cuda-memory-phase phase=proof_begin elapsed_ns=1480
cairo-cuda compact main-coefficient host_percent=25 arena_bytes=39429769536
cairo-cuda-memory-phase phase=trace_generation_end elapsed_ns=543371487
cairo-cuda-memory-phase phase=preprocessed_commit_end elapsed_ns=1721980533
cairo-cuda-memory-phase phase=main_commit_end elapsed_ns=4316207405
cairo-cuda-memory-phase phase=relation_end elapsed_ns=4316360844
cairo-cuda-memory-phase phase=interaction_commit_end elapsed_ns=7957251139
cairo-cuda-memory-phase phase=trace_commit_end elapsed_ns=7957312619
cairo-cuda-memory-phase phase=constraint_evaluation_end elapsed_ns=7958243784
cairo-cuda-memory-phase phase=composition_commit_end elapsed_ns=7958308764
cairo-cuda-memory-phase phase=constraint_stage_end elapsed_ns=7958364984
cairo-cuda-memory-phase phase=oods_end elapsed_ns=10515840849
cairo-cuda-memory-phase phase=quotient_end elapsed_ns=10516554665
cairo-cuda-memory-phase phase=fri_commit_end elapsed_ns=10518231247
cairo-cuda-memory-phase phase=decommit_end elapsed_ns=10519457761
cuda compact pool trim used_before=0 reserved_before=0 used_after=0 reserved_after=0
cairo-cuda handoff prepared_arena_release_ns=1122548645
info(circuit_recursion): leaf topology c5b609ebdc4a3437b646a06b0f5e926071d4e8a7e4f4eb2e6848bc2096e1ff82: cached, 44505598 variables
cuda compact pool trim used_before=0 reserved_before=0 used_after=0 reserved_after=0
cuda prepared arena mode=device bytes=28123853344
circuit-cuda resident-phase profile=internal arena_reused=false static_reused=false plan_ns=22914776 static_hash_ns=1940 ingress_ns=164358662 schedule_ns=35239565 finish_ns=254764002 decode_ns=2710717
circuit-cuda circuit-proof profile=internal resident_ns=485844053 verify_ns=3898851 convert_ns=390598 arena_bytes=28123853344 peak_device_bytes=28123853344 terminal_bytes=4018944
cairo-cuda source-lookahead prepare_ns=242583283 wait_ns=1680 input=/tmp/stwo-cuda-challenge/data/inputs/15627905-15627907.prover_input.cpi
cairo-cuda arena reservation bytes=39021070144 slots=199
cairo-cuda arena slot=3 bytes=108986924 offset=9457916928 lifetime=ingress..trace_generation
cairo-cuda arena slot=6 bytes=4023018048 offset=17229706240 lifetime=trace_generation..trace_commit
cairo-cuda arena slot=7 bytes=818145092 offset=8639771648 lifetime=trace_generation..trace_generation
cairo-cuda arena slot=16 bytes=106589376 offset=22329979904 lifetime=trace_commit..trace_commit
cairo-cuda arena slot=27 bytes=3825205248 offset=21524673536 lifetime=constraint_evaluation..constraint_evaluation
cairo-cuda arena slot=32 bytes=335511040 offset=25349878784 lifetime=constraint_evaluation..constraint_evaluation
cairo-cuda arena slot=33 bytes=134217728 offset=38256348416 lifetime=ingress..proof_assembly
cairo-cuda arena slot=34 bytes=134217728 offset=38390566144 lifetime=ingress..proof_assembly
cairo-cuda arena slot=35 bytes=402653184 offset=21524673536 lifetime=trace_commit..trace_commit
cairo-cuda arena slot=36 bytes=402653184 offset=21927326720 lifetime=trace_commit..trace_commit
cairo-cuda arena slot=37 bytes=2172402112 offset=26146796544 lifetime=ingress..proof_assembly
cairo-cuda arena slot=38 bytes=4344804224 offset=0 lifetime=ingress..proof_assembly
cairo-cuda arena slot=41 bytes=4294967264 offset=4344804352 lifetime=ingress..proof_assembly
cairo-cuda arena slot=44 bytes=874245184 offset=28319198720 lifetime=trace_generation..oods
cairo-cuda arena slot=45 bytes=1748490368 offset=30466682368 lifetime=trace_commit..decommit
cairo-cuda arena slot=48 bytes=4294967264 offset=8639771648 lifetime=trace_commit..decommit
cairo-cuda arena slot=51 bytes=873104128 offset=29193444096 lifetime=trace_commit..oods
cairo-cuda arena slot=52 bytes=1746208256 offset=32215172864 lifetime=trace_commit..decommit
cairo-cuda arena slot=55 bytes=4294967264 offset=17229706240 lifetime=trace_commit..decommit
cairo-cuda arena slot=58 bytes=268435456 offset=37719477504 lifetime=constraint_evaluation..decommit
cairo-cuda arena slot=59 bytes=536870912 offset=36108864768 lifetime=constraint_evaluation..decommit
cairo-cuda arena slot=62 bytes=4294967264 offset=12934738944 lifetime=trace_commit..decommit
cairo-cuda arena slot=77 bytes=2311061504 offset=21524673504 lifetime=oods..oods
cairo-cuda arena slot=78 bytes=2311061504 offset=23835735008 lifetime=oods..oods
cairo-cuda arena slot=93 bytes=838844160 offset=21524673536 lifetime=quotient..quotient
cairo-cuda arena slot=94 bytes=1073741824 offset=33961381120 lifetime=quotient..decommit
cairo-cuda arena slot=95 bytes=536870912 offset=22363517696 lifetime=quotient..quotient
cairo-cuda arena slot=96 bytes=67108864 offset=30066548224 lifetime=ingress..quotient
cairo-cuda arena slot=99 bytes=4294967264 offset=21524673536 lifetime=fri_commit..decommit
cairo-cuda arena slot=101 bytes=536870912 offset=36645735680 lifetime=fri_commit..decommit
cairo-cuda arena slot=102 bytes=2147483616 offset=28319198720 lifetime=fri_commit..decommit
cairo-cuda arena slot=104 bytes=268435456 offset=25819640832 lifetime=fri_commit..decommit
cairo-cuda arena slot=105 bytes=1073741792 offset=35035122944 lifetime=fri_commit..decommit
cairo-cuda arena slot=107 bytes=134217728 offset=38524783872 lifetime=fri_commit..decommit
cairo-cuda arena slot=108 bytes=536870880 offset=37182606592 lifetime=fri_commit..decommit
cairo-cuda arena slot=110 bytes=67108864 offset=38793219328 lifetime=fri_commit..decommit
cairo-cuda arena slot=111 bytes=268435424 offset=37987912960 lifetime=fri_commit..decommit
cairo-cuda arena slot=114 bytes=134217696 offset=38659001600 lifetime=fri_commit..decommit
cuda compact pool trim used_before=0 reserved_before=28152168448 used_after=0 reserved_after=0
cuda prepared arena mode=managed bytes=39021070144
cairo-cuda static-phase initial_upload_ns=48063280 preprocessed_load_ns=579091889 materialize_ns=282589 cached=false device_image_hit=false
cairo-cuda-memory-phase phase=proof_begin elapsed_ns=1050
cairo-cuda compact main-coefficient host_percent=25 arena_bytes=39021070144
cairo-cuda-memory-phase phase=trace_generation_end elapsed_ns=465433444
cairo-cuda-memory-phase phase=preprocessed_commit_end elapsed_ns=1685235615
cairo-cuda-memory-phase phase=main_commit_end elapsed_ns=4271678046
cairo-cuda-memory-phase phase=relation_end elapsed_ns=4271830835
cairo-cuda-memory-phase phase=interaction_commit_end elapsed_ns=7324447297
cairo-cuda-memory-phase phase=trace_commit_end elapsed_ns=7324508347
cairo-cuda-memory-phase phase=constraint_evaluation_end elapsed_ns=7325443532
cairo-cuda-memory-phase phase=composition_commit_end elapsed_ns=7325503572
cairo-cuda-memory-phase phase=constraint_stage_end elapsed_ns=7325557552
cairo-cuda-memory-phase phase=oods_end elapsed_ns=9862886207
cairo-cuda-memory-phase phase=quotient_end elapsed_ns=9863652053
cairo-cuda-memory-phase phase=fri_commit_end elapsed_ns=9865313975
cairo-cuda-memory-phase phase=decommit_end elapsed_ns=9866567639
cuda compact pool trim used_before=0 reserved_before=0 used_after=0 reserved_after=0
cairo-cuda handoff prepared_arena_release_ns=1119997838
info(circuit_recursion): leaf topology c5b609ebdc4a3437b646a06b0f5e926071d4e8a7e4f4eb2e6848bc2096e1ff82: cached, 44505598 variables
cuda compact pool trim used_before=0 reserved_before=0 used_after=0 reserved_after=0
cuda prepared arena mode=device bytes=28123853344
circuit-cuda resident-phase profile=internal arena_reused=false static_reused=false plan_ns=27324414 static_hash_ns=1640 ingress_ns=166806990 schedule_ns=35297294 finish_ns=232003136 decode_ns=2901986
circuit-cuda circuit-proof profile=internal resident_ns=470117511 verify_ns=4438198 convert_ns=404518 arena_bytes=28123853344 peak_device_bytes=28123853344 terminal_bytes=4018944
circuit-cuda batch-leaf index=0 wrap_ns=2408444147 proof=/workspace/pipeline5090-four-synthetic/output/leaf-0.leaf_proof.json
circuit-cuda batch-leaf index=1 wrap_ns=1082829152 proof=/workspace/pipeline5090-four-synthetic/output/leaf-1.leaf_proof.json
circuit-cuda batch-leaf index=2 wrap_ns=1109249881 proof=/workspace/pipeline5090-four-synthetic/output/leaf-2.leaf_proof.json
circuit-cuda batch-leaf index=3 wrap_ns=1106962372 proof=/workspace/pipeline5090-four-synthetic/output/leaf-3.leaf_proof.json
circuit-cuda leaf-wrap-batch leaves=4 total_ns=66753361259
circuit-fold-stage setup_and_canonical_ns=1070371944 leaves=4
info(circuit_recursion): reducing layer 0 with 4 entries
cuda compact pool trim used_before=0 reserved_before=28152168448 used_after=0 reserved_after=0
cuda prepared arena mode=device bytes=28132569632
circuit-cuda resident-phase profile=internal arena_reused=false static_reused=false plan_ns=23282104 static_hash_ns=1820 ingress_ns=267256311 schedule_ns=43165585 finish_ns=257529058 decode_ns=2674407
circuit-cuda circuit-proof profile=internal resident_ns=599751456 verify_ns=3964711 convert_ns=396738 arena_bytes=28132569632 peak_device_bytes=28132569632 terminal_bytes=4018944
info(circuit_recursion): reduce layer 1 pair 0: build 439 ms, prove 604 ms
circuit-cuda resident-phase profile=internal arena_reused=true static_reused=true plan_ns=23168775 static_hash_ns=1730 ingress_ns=36064361 schedule_ns=43194475 finish_ns=258576243 decode_ns=2764137
circuit-cuda circuit-proof profile=internal resident_ns=364159418 verify_ns=4465728 convert_ns=391208 arena_bytes=28132569632 peak_device_bytes=28132569632 terminal_bytes=4018944
info(circuit_recursion): reduce layer 1 pair 1: build 444 ms, prove 369 ms
circuit-fold-layer index=0 pairs=2 elapsed_ns=1964502665
info(circuit_recursion): reducing layer 1 with 2 entries
circuit-cuda resident-phase profile=root arena_reused=true static_reused=true plan_ns=23208114 static_hash_ns=1780 ingress_ns=36450229 schedule_ns=43224075 finish_ns=231339919 decode_ns=2715316
circuit-cuda circuit-proof profile=root resident_ns=337302602 verify_ns=3950990 convert_ns=185959 arena_bytes=28132569632 peak_device_bytes=28132569632 terminal_bytes=4018944
info(circuit_recursion): reduce layer 2 pair 0 (root): build 441 ms, prove 341 ms
circuit-fold-layer index=1 pairs=1 elapsed_ns=835168725
circuit-fold-stage reductions_ns=2801047684 count=3
circuit-fold-stage render_ns=2446228
circuit-cuda integrated-fold leaves=4 reductions=3 fold_ns=3944320205 proof_bytes=1503433
circuit-cuda leaf-wrap-batch setup_ns=264190816 execution_ns=66753361259 cache_hits=3 cache_misses=1
cuda compact pool trim used_before=0 reserved_before=28152168448 used_after=0 reserved_after=0
