SEGMENT_V2_LADDER mode=narrow_complete_proof requested_steps=64 native_backend=metal memory_addresses=1
SEGMENT_V2_NATIVE_METAL_AOT profile=core_v2 manifest_sha256=21332158b1e1202b9c4171b057d4fb3fbd43d96c22d50012267f55e45e2193e5 source_sha256=c2daaaf7dab998e6c542651dec73323973eafceee6ccf9d56fce6094ccac2786 metallib_sha256=9b1327752224ccd8837063f29c9e5112efac8f6746050f8ff5dc9c2fb23ce8a7 initialization_ns=77955500
SEGMENT_V2_MEMORY_EXECUTION address_count=1 segment_cycles=64 cumulative_cycles=64 loads=21 stores=20 distinct_accessed=1 stride_bytes=128 entry_nonzero_words=0 exit_nonzero_words=1 exit_pc=1100
SEGMENT_V2_MEMORY_EXECUTION address_count=1 segment_cycles=16 cumulative_cycles=80 loads=5 stores=6 distinct_accessed=1 stride_bytes=128 entry_nonzero_words=1 exit_nonzero_words=1 exit_pc=1140
info: Columns: opcode=103 infra=481 total tree1=584 interaction=152
info: Poseidon2 Merkle: 450 exact sparse-node calls, poseidon_log_size=9, merkle_log_size=9
info: resident RISC-V semantic composition: 3 components, 3 kernels, 0.086 ms GPU
info: resident RISC-V lookup composition: 3 components, 3 kernels, 0.315 ms GPU
SEGMENT_V2_NATIVE_METAL device_dispatches=93 poseidon_commits=14 host_fallbacks=0 native_prove_ns=1366101708 resident_resources_before_shutdown=0
SEGMENT_V2_NATIVE_MEMORY backend=metal scope=caller_allocator_payload excludes=size_routed_mmap_and_device producer_peak_bytes=473469880 producer_live_bytes_after_destroy=0 canonical_proof_bytes=29034

SEGMENT_V2_LADDER_NATIVE requested_steps=64 retired_cycles=64 continuation_cycles=16 trace_rows=64 native_backend=metal native_queries=1 outer_queries=3 native_pcs_pow_bits=0 outer_pcs_pow_bits=0 program=lw_addi_sw_updates memory_addresses=1 native_prove_ms=1366.102 native_verify_ms=404.407 recursive_prepare_ms=134.795 native_proof_bytes=29034 native_tree_heights={ 21, 21, 21, 21 }

SEGMENT_V2_OUTER_PHASES role=producer scope=body_before_cleanup setup_ns=33584 tree0_prepare_ns=29739875 tree0_commit_ns=43131916 tree1_prepare_ns=30541334 tree1_commit_ns=49255208 transcript_prefix_ns=52856333 interaction_generate_ns=217179709 interaction_admit_closure_ns=80910166 transcript_tree2_commit_ns=60462542 components_ns=86319417 diagnostic_ns=41 stark_ns=479709709 phase_sum_ns=1130139834

SEGMENT_V2_OUTER_ARTIFACT_REJECTIONS truncated=true trailing=true

SEGMENT_V2_OUTER_PHASES role=verifier scope=body_before_cleanup preflight_ns=15416 preprocessed_root_ns=74269584 transcript_prefix_ns=51113541 interaction_regenerate_ns=185714042 interaction_validate_claims_ns=25814167 closure_ns=53819791 transcript_after_ns=28348250 components_ns=84351500 publication_authority_ns=25718459 stark_ns=5799375 publication_total_ns=32635166 phase_sum_ns=567599291

SEGMENT_V2_OUTER status=verified rows=39 domains=47 proof_size_estimate_bytes=78828 canonical_proof_bytes=92032 canonicalize_ms=4.418 prove_ms=1130.205 verify_ms=567.654 publication_ms=4.377 producer_prepare_ms=311.384 producer_destroy_ms=1.623 verifier_prepare_ms=307.603 decode_ms=0.315 stark_verify_ms=5.799 transaction_ms=2325.322 artifact_rejections_ms=0.684 producer_peak_bytes=112454180 producer_live_bytes_after_destroy=0 serialization_passes=1 retained_canonical_bytes=92032 verification=native_assisted_fresh_decode draws=1 cols=595/974/508 workers=1

SEGMENT_V2_LADDER_OUTER rows=39 domains=47 component_logs={ 9, 11, 11, 9, 13, 13, 4, 4, 4, 4, 4, 10, 5, 4, 4, 10, 5, 7, 13, 8, 4, 7, 6, 9, 14, 7, 4, 5, 6, 10, 14, 7, 15, 8, 11, 16, 10, 6, 8 } min_component_log=4 max_component_log=16 provider_log=11 samples=2245 queries=3 canonical_proof_bytes=92032 producer_live_bytes_after_destroy=0
SEGMENT_V2_LADDER status=verified requested_steps=64 native_backend=metal memory_addresses=1 owners_destroyed=true
        4.86 real         8.90 user         0.28 sys
           595836928  maximum resident set size
                   0  average shared memory size
                   0  average unshared data size
                   0  average unshared stack size
              124191  page reclaims
                 423  page faults
                   0  swaps
                   0  block input operations
                   0  block output operations
                   0  messages sent
                   0  messages received
                   0  signals received
                  30  voluntary context switches
                8172  involuntary context switches
        114394726236  instructions retired
         34427976873  cycles elapsed
          1396835816  peak memory footprint
