SEGMENT_V2_LADDER mode=narrow_complete_proof requested_steps=64 native_backend=cpu memory_addresses=1
SEGMENT_V2_MEMORY_EXECUTION address_count=1 segment_cycles=64 cumulative_cycles=64 loads=21 stores=20 distinct_accessed=1 exit_pc=1100
SEGMENT_V2_MEMORY_EXECUTION address_count=1 segment_cycles=16 cumulative_cycles=80 loads=5 stores=6 distinct_accessed=1 exit_pc=1140
info: Columns: opcode=103 infra=481 total tree1=584 interaction=152
info: Poseidon2 Merkle: 560 exact sparse-node calls, poseidon_log_size=10, merkle_log_size=10
SEGMENT_V2_NATIVE_MEMORY backend=cpu scope=caller_allocator_payload excludes=size_routed_mmap_and_device producer_peak_bytes=462787508 producer_live_bytes_after_destroy=0 canonical_proof_bytes=29023

SEGMENT_V2_LADDER_NATIVE requested_steps=64 retired_cycles=64 continuation_cycles=16 trace_rows=64 native_backend=cpu native_queries=1 outer_queries=3 native_pcs_pow_bits=0 outer_pcs_pow_bits=0 program=lw_addi_sw_updates memory_addresses=1 native_prove_ms=2034.073 native_verify_ms=407.190 recursive_prepare_ms=143.196 native_proof_bytes=29023 native_tree_heights={ 21, 21, 21, 21 }

SEGMENT_V2_OUTER_PHASES role=producer scope=body_before_cleanup setup_ns=24833 tree0_prepare_ns=31468333 tree0_commit_ns=43812417 tree1_prepare_ns=32283417 tree1_commit_ns=49516625 transcript_prefix_ns=57662250 interaction_generate_ns=231867916 interaction_admit_closure_ns=88788542 transcript_tree2_commit_ns=63199292 components_ns=92015125 diagnostic_ns=83 stark_ns=467795167 phase_sum_ns=1158434000

SEGMENT_V2_OUTER_ARTIFACT_REJECTIONS truncated=true trailing=true

SEGMENT_V2_OUTER_PHASES role=verifier scope=body_before_cleanup preflight_ns=14709 preprocessed_root_ns=77738250 transcript_prefix_ns=57914250 interaction_regenerate_ns=202221625 interaction_validate_claims_ns=28784291 closure_ns=59905667 transcript_after_ns=31400792 components_ns=91729166 publication_authority_ns=28928167 stark_ns=5512667 publication_total_ns=35832041 phase_sum_ns=619981625

SEGMENT_V2_OUTER status=verified rows=39 domains=47 proof_size_estimate_bytes=78268 canonical_proof_bytes=91820 canonicalize_ms=4.245 prove_ms=1158.494 verify_ms=620.036 publication_ms=4.388 producer_prepare_ms=335.166 producer_destroy_ms=1.550 verifier_prepare_ms=330.539 decode_ms=0.313 stark_verify_ms=5.513 transaction_ms=2452.692 artifact_rejections_ms=0.675 producer_peak_bytes=112874288 producer_live_bytes_after_destroy=0 serialization_passes=1 retained_canonical_bytes=91820 verification=native_assisted_fresh_decode draws=1 cols=595/974/508 workers=1

SEGMENT_V2_LADDER_OUTER rows=39 domains=47 component_logs={ 9, 11, 11, 9, 13, 13, 4, 4, 4, 4, 4, 10, 5, 4, 4, 10, 5, 7, 13, 8, 4, 7, 6, 9, 14, 7, 4, 5, 6, 10, 14, 8, 15, 8, 11, 16, 10, 6, 8 } min_component_log=4 max_component_log=16 provider_log=11 samples=2245 queries=3 canonical_proof_bytes=91820 producer_live_bytes_after_destroy=0
SEGMENT_V2_LADDER status=verified requested_steps=64 native_backend=cpu memory_addresses=1 owners_destroyed=true
        5.05 real        24.83 user         0.34 sys
          1060945920  maximum resident set size
                   0  average shared memory size
                   0  average unshared data size
                   0  average unshared stack size
              173913  page reclaims
                   0  page faults
                   0  swaps
                   0  block input operations
                   0  block output operations
                   0  messages sent
                   0  messages received
                   0  signals received
                   0  voluntary context switches
               19527  involuntary context switches
        346175387535  instructions retired
         91503200847  cycles elapsed
          1058637120  peak memory footprint
