SEGMENT_V2_LADDER mode=narrow_complete_proof requested_steps=64 native_backend=cpu memory_addresses=16
SEGMENT_V2_MEMORY_EXECUTION address_count=16 segment_cycles=64 cumulative_cycles=64 loads=21 stores=20 distinct_accessed=16 exit_pc=1100
SEGMENT_V2_MEMORY_EXECUTION address_count=16 segment_cycles=16 cumulative_cycles=80 loads=5 stores=6 distinct_accessed=6 exit_pc=1140
info: Columns: opcode=103 infra=481 total tree1=584 interaction=152
info: Poseidon2 Merkle: 560 exact sparse-node calls, poseidon_log_size=10, merkle_log_size=10
SEGMENT_V2_NATIVE_MEMORY backend=cpu scope=caller_allocator_payload excludes=size_routed_mmap_and_device producer_peak_bytes=462787508 producer_live_bytes_after_destroy=0 canonical_proof_bytes=29030

SEGMENT_V2_LADDER_NATIVE requested_steps=64 retired_cycles=64 continuation_cycles=16 trace_rows=64 native_backend=cpu native_queries=1 outer_queries=3 native_pcs_pow_bits=0 outer_pcs_pow_bits=0 program=lw_addi_sw_updates memory_addresses=16 native_prove_ms=1986.783 native_verify_ms=409.040 recursive_prepare_ms=141.797 native_proof_bytes=29030 native_tree_heights={ 21, 21, 21, 21 }

SEGMENT_V2_OUTER_PHASES role=producer scope=body_before_cleanup setup_ns=26292 tree0_prepare_ns=32205708 tree0_commit_ns=44337042 tree1_prepare_ns=32896417 tree1_commit_ns=47520625 transcript_prefix_ns=58385541 interaction_generate_ns=235273542 interaction_admit_closure_ns=90790458 transcript_tree2_commit_ns=64367334 components_ns=95645583 diagnostic_ns=83 stark_ns=466360834 phase_sum_ns=1167809459

SEGMENT_V2_OUTER_ARTIFACT_REJECTIONS truncated=true trailing=true

SEGMENT_V2_OUTER_PHASES role=verifier scope=body_before_cleanup preflight_ns=14708 preprocessed_root_ns=78022459 transcript_prefix_ns=58111166 interaction_regenerate_ns=201582917 interaction_validate_claims_ns=28942542 closure_ns=61128333 transcript_after_ns=31346083 components_ns=93256625 publication_authority_ns=29300375 stark_ns=5434084 publication_total_ns=36176791 phase_sum_ns=623316083

SEGMENT_V2_OUTER status=verified rows=39 domains=47 proof_size_estimate_bytes=77132 canonical_proof_bytes=89813 canonicalize_ms=4.120 prove_ms=1167.868 verify_ms=623.374 publication_ms=4.437 producer_prepare_ms=342.914 producer_destroy_ms=1.552 verifier_prepare_ms=330.304 decode_ms=0.301 stark_verify_ms=5.434 transaction_ms=2472.566 artifact_rejections_ms=0.650 producer_peak_bytes=113032808 producer_live_bytes_after_destroy=0 serialization_passes=1 retained_canonical_bytes=89813 verification=native_assisted_fresh_decode draws=1 cols=595/974/508 workers=1

SEGMENT_V2_LADDER_OUTER rows=39 domains=47 component_logs={ 9, 11, 11, 9, 13, 13, 4, 4, 4, 4, 4, 10, 5, 4, 4, 10, 5, 7, 13, 8, 4, 7, 6, 9, 14, 7, 4, 5, 6, 10, 14, 8, 15, 8, 11, 16, 10, 6, 8 } min_component_log=4 max_component_log=16 provider_log=11 samples=2245 queries=3 canonical_proof_bytes=89813 producer_live_bytes_after_destroy=0
SEGMENT_V2_LADDER status=verified requested_steps=64 native_backend=cpu memory_addresses=16 owners_destroyed=true
        5.02 real        24.87 user         0.30 sys
          1060913152  maximum resident set size
                   0  average shared memory size
                   0  average unshared data size
                   0  average unshared stack size
              173932  page reclaims
                   0  page faults
                   0  swaps
                   0  block input operations
                   0  block output operations
                   0  messages sent
                   0  messages received
                   0  signals received
                   0  voluntary context switches
               16497  involuntary context switches
        346634120353  instructions retired
         91589159133  cycles elapsed
          1058587944  peak memory footprint
