SEGMENT_V2_LADDER mode=narrow_complete_proof requested_steps=64 native_backend=cpu memory_addresses=16
SEGMENT_V2_MEMORY_EXECUTION address_count=16 segment_cycles=64 cumulative_cycles=64 loads=21 stores=20 distinct_accessed=16 exit_pc=1100
SEGMENT_V2_MEMORY_EXECUTION address_count=16 segment_cycles=16 cumulative_cycles=80 loads=5 stores=6 distinct_accessed=6 exit_pc=1140
info: Columns: opcode=103 infra=481 total tree1=584 interaction=152
info: Poseidon2 Merkle: 560 exact sparse-node calls, poseidon_log_size=10, merkle_log_size=10
SEGMENT_V2_NATIVE_MEMORY backend=cpu scope=caller_allocator_payload excludes=size_routed_mmap_and_device producer_peak_bytes=462787508 producer_live_bytes_after_destroy=0 canonical_proof_bytes=29030

SEGMENT_V2_LADDER_NATIVE requested_steps=64 retired_cycles=64 continuation_cycles=16 trace_rows=64 native_backend=cpu native_queries=1 outer_queries=3 native_pcs_pow_bits=0 outer_pcs_pow_bits=0 program=lw_addi_sw_updates memory_addresses=16 native_prove_ms=1986.995 native_verify_ms=413.772 recursive_prepare_ms=142.989 native_proof_bytes=29030 native_tree_heights={ 21, 21, 21, 21 }

SEGMENT_V2_OUTER_PHASES role=producer scope=body_before_cleanup setup_ns=24375 tree0_prepare_ns=32099209 tree0_commit_ns=44661291 tree1_prepare_ns=32617167 tree1_commit_ns=49957333 transcript_prefix_ns=58130500 interaction_generate_ns=233709500 interaction_admit_closure_ns=89620917 transcript_tree2_commit_ns=63773833 components_ns=93926417 diagnostic_ns=42 stark_ns=467025666 phase_sum_ns=1165546250

SEGMENT_V2_OUTER_ARTIFACT_REJECTIONS truncated=true trailing=true

SEGMENT_V2_OUTER_PHASES role=verifier scope=body_before_cleanup preflight_ns=15125 preprocessed_root_ns=77454083 transcript_prefix_ns=58402333 interaction_regenerate_ns=201303000 interaction_validate_claims_ns=29275709 closure_ns=60333208 transcript_after_ns=31343708 components_ns=93431792 publication_authority_ns=29610750 stark_ns=5314583 publication_total_ns=36266792 phase_sum_ns=622751083

SEGMENT_V2_OUTER status=verified rows=39 domains=47 proof_size_estimate_bytes=77132 canonical_proof_bytes=89813 canonicalize_ms=4.129 prove_ms=1165.602 verify_ms=622.803 publication_ms=4.409 producer_prepare_ms=336.213 producer_destroy_ms=1.539 verifier_prepare_ms=331.816 decode_ms=0.312 stark_verify_ms=5.315 transaction_ms=2464.590 artifact_rejections_ms=0.680 producer_peak_bytes=113032808 producer_live_bytes_after_destroy=0 serialization_passes=1 retained_canonical_bytes=89813 verification=native_assisted_fresh_decode draws=1 cols=595/974/508 workers=1

SEGMENT_V2_LADDER_OUTER rows=39 domains=47 component_logs={ 9, 11, 11, 9, 13, 13, 4, 4, 4, 4, 4, 10, 5, 4, 4, 10, 5, 7, 13, 8, 4, 7, 6, 9, 14, 7, 4, 5, 6, 10, 14, 8, 15, 8, 11, 16, 10, 6, 8 } min_component_log=4 max_component_log=16 provider_log=11 samples=2245 queries=3 canonical_proof_bytes=89813 producer_live_bytes_after_destroy=0
SEGMENT_V2_LADDER status=verified requested_steps=64 native_backend=cpu memory_addresses=16 owners_destroyed=true
        5.02 real        24.92 user         0.32 sys
          1060929536  maximum resident set size
                   0  average shared memory size
                   0  average unshared data size
                   0  average unshared stack size
              173935  page reclaims
                   0  page faults
                   0  swaps
                   0  block input operations
                   0  block output operations
                   0  messages sent
                   0  messages received
                   0  signals received
                   0  voluntary context switches
               14312  involuntary context switches
        346661981402  instructions retired
         91634046511  cycles elapsed
          1058604328  peak memory footprint
