SEGMENT_V2_LADDER mode=narrow_complete_proof requested_steps=64 native_backend=cpu memory_addresses=4
SEGMENT_V2_MEMORY_EXECUTION address_count=4 segment_cycles=64 cumulative_cycles=64 loads=21 stores=20 distinct_accessed=4 exit_pc=1100
SEGMENT_V2_MEMORY_EXECUTION address_count=4 segment_cycles=16 cumulative_cycles=80 loads=5 stores=6 distinct_accessed=4 exit_pc=1140
info: Columns: opcode=103 infra=481 total tree1=584 interaction=152
info: Poseidon2 Merkle: 560 exact sparse-node calls, poseidon_log_size=10, merkle_log_size=10
SEGMENT_V2_NATIVE_MEMORY backend=cpu scope=caller_allocator_payload excludes=size_routed_mmap_and_device producer_peak_bytes=462787508 producer_live_bytes_after_destroy=0 canonical_proof_bytes=29062

SEGMENT_V2_LADDER_NATIVE requested_steps=64 retired_cycles=64 continuation_cycles=16 trace_rows=64 native_backend=cpu native_queries=1 outer_queries=3 native_pcs_pow_bits=0 outer_pcs_pow_bits=0 program=lw_addi_sw_updates memory_addresses=4 native_prove_ms=2018.864 native_verify_ms=410.616 recursive_prepare_ms=139.906 native_proof_bytes=29062 native_tree_heights={ 21, 21, 21, 21 }

SEGMENT_V2_OUTER_PHASES role=producer scope=body_before_cleanup setup_ns=75625 tree0_prepare_ns=32180042 tree0_commit_ns=43022083 tree1_prepare_ns=32375042 tree1_commit_ns=49194708 transcript_prefix_ns=58722584 interaction_generate_ns=234532958 interaction_admit_closure_ns=90404417 transcript_tree2_commit_ns=63022916 components_ns=93825209 diagnostic_ns=166 stark_ns=474402459 phase_sum_ns=1171758209

SEGMENT_V2_OUTER_ARTIFACT_REJECTIONS truncated=true trailing=true

SEGMENT_V2_OUTER_PHASES role=verifier scope=body_before_cleanup preflight_ns=14500 preprocessed_root_ns=78049584 transcript_prefix_ns=58445208 interaction_regenerate_ns=202364625 interaction_validate_claims_ns=29016292 closure_ns=60167041 transcript_after_ns=31349292 components_ns=92214792 publication_authority_ns=29075041 stark_ns=5157500 publication_total_ns=36129084 phase_sum_ns=621982959

SEGMENT_V2_OUTER status=verified rows=39 domains=47 proof_size_estimate_bytes=78268 canonical_proof_bytes=91302 canonicalize_ms=4.261 prove_ms=1171.808 verify_ms=622.036 publication_ms=4.418 producer_prepare_ms=335.354 producer_destroy_ms=1.699 verifier_prepare_ms=334.313 decode_ms=0.333 stark_verify_ms=5.157 transaction_ms=2471.934 artifact_rejections_ms=0.675 producer_peak_bytes=112902576 producer_live_bytes_after_destroy=0 serialization_passes=1 retained_canonical_bytes=91302 verification=native_assisted_fresh_decode draws=1 cols=595/974/508 workers=1

SEGMENT_V2_LADDER_OUTER rows=39 domains=47 component_logs={ 9, 11, 11, 9, 13, 13, 4, 4, 4, 4, 4, 10, 5, 4, 4, 10, 5, 7, 13, 8, 4, 7, 6, 9, 14, 7, 4, 5, 6, 10, 14, 8, 15, 8, 11, 16, 10, 6, 8 } min_component_log=4 max_component_log=16 provider_log=11 samples=2245 queries=3 canonical_proof_bytes=91302 producer_live_bytes_after_destroy=0
SEGMENT_V2_LADDER status=verified requested_steps=64 native_backend=cpu memory_addresses=4 owners_destroyed=true
        5.05 real        24.86 user         0.34 sys
          1060978688  maximum resident set size
                   0  average shared memory size
                   0  average unshared data size
                   0  average unshared stack size
              173839  page reclaims
                   0  page faults
                   0  swaps
                   0  block input operations
                   0  block output operations
                   0  messages sent
                   0  messages received
                   0  signals received
                   0  voluntary context switches
               20596  involuntary context switches
        346382602497  instructions retired
         91616415147  cycles elapsed
          1058669888  peak memory footprint
