SEGMENT_V2_LADDER mode=narrow_complete_proof requested_steps=64 native_backend=cpu memory_addresses=4
SEGMENT_V2_MEMORY_EXECUTION address_count=4 segment_cycles=64 cumulative_cycles=64 loads=21 stores=20 distinct_accessed=4 exit_pc=1100
SEGMENT_V2_MEMORY_EXECUTION address_count=4 segment_cycles=16 cumulative_cycles=80 loads=5 stores=6 distinct_accessed=4 exit_pc=1140
info: Columns: opcode=103 infra=481 total tree1=584 interaction=152
info: Poseidon2 Merkle: 560 exact sparse-node calls, poseidon_log_size=10, merkle_log_size=10
SEGMENT_V2_NATIVE_MEMORY backend=cpu scope=caller_allocator_payload excludes=size_routed_mmap_and_device producer_peak_bytes=462787508 producer_live_bytes_after_destroy=0 canonical_proof_bytes=29062

SEGMENT_V2_LADDER_NATIVE requested_steps=64 retired_cycles=64 continuation_cycles=16 trace_rows=64 native_backend=cpu native_queries=1 outer_queries=3 native_pcs_pow_bits=0 outer_pcs_pow_bits=0 program=lw_addi_sw_updates memory_addresses=4 native_prove_ms=1998.048 native_verify_ms=415.663 recursive_prepare_ms=144.167 native_proof_bytes=29062 native_tree_heights={ 21, 21, 21, 21 }

SEGMENT_V2_OUTER_PHASES role=producer scope=body_before_cleanup setup_ns=23417 tree0_prepare_ns=31850541 tree0_commit_ns=43385792 tree1_prepare_ns=32259583 tree1_commit_ns=50082834 transcript_prefix_ns=58654416 interaction_generate_ns=234595542 interaction_admit_closure_ns=90093333 transcript_tree2_commit_ns=62993167 components_ns=92761125 diagnostic_ns=42 stark_ns=467616250 phase_sum_ns=1164316042

SEGMENT_V2_OUTER_ARTIFACT_REJECTIONS truncated=true trailing=true

SEGMENT_V2_OUTER_PHASES role=verifier scope=body_before_cleanup preflight_ns=14500 preprocessed_root_ns=77985625 transcript_prefix_ns=58061417 interaction_regenerate_ns=200608375 interaction_validate_claims_ns=28523792 closure_ns=60509458 transcript_after_ns=31433292 components_ns=92480041 publication_authority_ns=29129792 stark_ns=5532833 publication_total_ns=36034375 phase_sum_ns=620313500

SEGMENT_V2_OUTER status=verified rows=39 domains=47 proof_size_estimate_bytes=78268 canonical_proof_bytes=91302 canonicalize_ms=4.272 prove_ms=1164.380 verify_ms=620.360 publication_ms=4.402 producer_prepare_ms=331.647 producer_destroy_ms=1.545 verifier_prepare_ms=333.191 decode_ms=0.309 stark_verify_ms=5.533 transaction_ms=2457.866 artifact_rejections_ms=0.671 producer_peak_bytes=112902576 producer_live_bytes_after_destroy=0 serialization_passes=1 retained_canonical_bytes=91302 verification=native_assisted_fresh_decode draws=1 cols=595/974/508 workers=1

SEGMENT_V2_LADDER_OUTER rows=39 domains=47 component_logs={ 9, 11, 11, 9, 13, 13, 4, 4, 4, 4, 4, 10, 5, 4, 4, 10, 5, 7, 13, 8, 4, 7, 6, 9, 14, 7, 4, 5, 6, 10, 14, 8, 15, 8, 11, 16, 10, 6, 8 } min_component_log=4 max_component_log=16 provider_log=11 samples=2245 queries=3 canonical_proof_bytes=91302 producer_live_bytes_after_destroy=0
SEGMENT_V2_LADDER status=verified requested_steps=64 native_backend=cpu memory_addresses=4 owners_destroyed=true
        5.03 real        24.90 user         0.31 sys
          1060929536  maximum resident set size
                   0  average shared memory size
                   0  average unshared data size
                   0  average unshared stack size
              173870  page reclaims
                   0  page faults
                   0  swaps
                   0  block input operations
                   0  block output operations
                   0  messages sent
                   0  messages received
                   0  signals received
                   0  voluntary context switches
               17749  involuntary context switches
        346264322192  instructions retired
         91578797360  cycles elapsed
          1058620736  peak memory footprint
