test-ethereum-root-production
+- Ethereum root production lifecycle guard
   +- run test stderr
ETHEREUM_BASE_BOUND_PROGRAM sha256=ecfd324f8088f9c985210b728d91851fb1144254f0bb6d52aa3d7ed0e3625f55 bytes=1048 path=/Users/theodorepender/Coding/stark-proving-engineering/stwo-zig/.git/local-ethereum/real-wrapper-segment3-root-v1/corpus/base-bound-v3/program.elf
ETHEREUM_ROLE0_SAVED_WRAPPER_REPLAY excludes_stage101_proving=true
ETHEREUM_REAL_REPLAY materialization_pinned=true first_segment=3 leaf_count=2 whole_elf_pinned=true
ETHEREUM_COMPLETION_OPENING admitted_version=1 whole_elf_pinned=true
ETHEREUM_NATIVE_VERIFICATION workers=1 captures=2 scope=joined
ETHEREUM_INCREMENTAL_ROLE0_PHASE phase=cold_open source=darwin_proc_pid_rusage_v6 wall_ns=39388447375 process_cpu_ns=39177907000 parallelism_milli=994 peak_footprint_bytes=1121404536 energy_nj=185263953071 instructions=863884423003 cycles=155867534384 workers=1 host_byte_budget=17179869184
ETHEREUM_INCREMENTAL_ROLE0_PHASE phase=campaign source=darwin_proc_pid_rusage_v6 wall_ns=70561816208 process_cpu_ns=70250682792 parallelism_milli=995 peak_footprint_bytes=1121404536 energy_nj=262391812919 instructions=509674904887 cycles=280113729341 workers=1 host_byte_budget=17179869184
ETHEREUM_WRAPPER_SELECTED pair_slot=0 global_segment=3
ETHEREUM_INCREMENTAL_ROLE0_PHASE phase=materialize source=darwin_proc_pid_rusage_v6 wall_ns=65628642375 process_cpu_ns=65536671583 parallelism_milli=998 peak_footprint_bytes=2934230112 energy_nj=253119364792 instructions=584479250491 cycles=260012518670 workers=1 host_byte_budget=17179869184
ETHEREUM_INCREMENTAL_ROLE0_MATERIALIZE input_ns=303628042 public_ns=15938924458 transcript_ns=5156690667 profile_ns=80916 program_ns=80414209 prepare_ns=77482125 fri_ns=4511106083 seal_ns=307628125 total_ns=26375957250 nodes=610022 node_bytes=12200440 output_bytes=176 binding_bytes=2772848 schedule_bytes=9039056 evaluation_bytes=9760352 input_bytes=693212 claim_bytes=32896 schedule_compiles=1 graph_copies=0 workers=1
ETHEREUM_INCREMENTAL_ROLE0_ALLOCATOR phase=materialized-live allocations=33509 bytes=1336010114 peak=2303467191 allocated=5583245004 freed=4247234890 untracked=0
ETHEREUM_WRAPPER_PREPARATION workers=1 phase=cohort-admission tree0_backend=cpu proof_backend=cpu
ETHEREUM_GEOMETRY_PREPARATION phase=begin
ETHEREUM_GEOMETRY_PREPARATION phase=materialized-admission ns=4265750750
ETHEREUM_GEOMETRY_PREPARATION phase=plans-prefix ns=2488012917
ETHEREUM_GEOMETRY_PREPARATION phase=program ns=14141292625
ETHEREUM_GEOMETRY_PREPARATION phase=transcript-rows ns=11509519333
ETHEREUM_GEOMETRY_PREPARATION phase=suffix ns=95867466000
ETHEREUM_GEOMETRY_PREPARATION phase=manifest-projection ns=17243393667
ETHEREUM_GEOMETRY_PREPARATION phase=local-finalization ns=5676766292
ETHEREUM_COHORT_RESOURCES phase=begin wall_ns=1584 source=darwin_proc_pid_rusage_v6 lifetime_peak_footprint_bytes=30215313800 ledger_present=false ledger_mode=compact ledger_len=0 ledger_live_entries=0 ledger_peak_entries=0 ledger_capacity_entries=0 ledger_source_range_contributions=0 ledger_retained_bytes_estimate=0 sampling_unavailable=none
ETHEREUM_COHORT_RESOURCES phase=geometry-ready wall_ns=27553652750 source=darwin_proc_pid_rusage_v6 lifetime_peak_footprint_bytes=30215313800 ledger_present=false ledger_mode=compact ledger_len=0 ledger_live_entries=0 ledger_peak_entries=0 ledger_capacity_entries=0 ledger_source_range_contributions=0 ledger_retained_bytes_estimate=0 sampling_unavailable=none
ETHEREUM_COHORT_RESOURCES phase=prefix-rows wall_ns=13991989250 source=darwin_proc_pid_rusage_v6 lifetime_peak_footprint_bytes=31003810856 ledger_present=false ledger_mode=compact ledger_len=0 ledger_live_entries=0 ledger_peak_entries=0 ledger_capacity_entries=0 ledger_source_range_contributions=0 ledger_retained_bytes_estimate=0 sampling_unavailable=none
ETHEREUM_COHORT_RESOURCES phase=suffix-rows wall_ns=1967521208 source=darwin_proc_pid_rusage_v6 lifetime_peak_footprint_bytes=31417441608 ledger_present=false ledger_mode=compact ledger_len=0 ledger_live_entries=0 ledger_peak_entries=0 ledger_capacity_entries=0 ledger_source_range_contributions=0 ledger_retained_bytes_estimate=0 sampling_unavailable=none
ETHEREUM_COHORT_RESOURCES phase=provider-main wall_ns=22776067083 source=darwin_proc_pid_rusage_v6 lifetime_peak_footprint_bytes=31451061624 ledger_present=false ledger_mode=compact ledger_len=0 ledger_live_entries=0 ledger_peak_entries=0 ledger_capacity_entries=0 ledger_source_range_contributions=0 ledger_retained_bytes_estimate=0 sampling_unavailable=none
ETHEREUM_COHORT_RESOURCES phase=ledger-begin wall_ns=995417 source=darwin_proc_pid_rusage_v6 lifetime_peak_footprint_bytes=31451061624 ledger_present=true ledger_mode=compact ledger_len=0 ledger_live_entries=0 ledger_peak_entries=0 ledger_capacity_entries=0 ledger_source_range_contributions=0 ledger_retained_bytes_estimate=524288 sampling_unavailable=none
ETHEREUM_COHORT_RESOURCES phase=ledger-prefix wall_ns=27926065583 source=darwin_proc_pid_rusage_v6 lifetime_peak_footprint_bytes=34606360256 ledger_present=true ledger_mode=compact ledger_len=65573279 ledger_live_entries=12542643 ledger_peak_entries=12573911 ledger_capacity_entries=56903072 ledger_source_range_contributions=0 ledger_retained_bytes_estimate=2788774816 sampling_unavailable=none
ETHEREUM_COHORT_RESOURCES phase=ledger-suffix wall_ns=6154862292 source=darwin_proc_pid_rusage_v6 lifetime_peak_footprint_bytes=34606360256 ledger_present=true ledger_mode=compact ledger_len=80798577 ledger_live_entries=3030654 ledger_peak_entries=12573911 ledger_capacity_entries=59149536 ledger_source_range_contributions=9443 ledger_retained_bytes_estimate=2898851552 sampling_unavailable=none
ETHEREUM_COHORT_RESOURCES phase=ledger-native wall_ns=32861021542 source=darwin_proc_pid_rusage_v6 lifetime_peak_footprint_bytes=37521715040 ledger_present=true ledger_mode=compact ledger_len=160647289 ledger_live_entries=450 ledger_peak_entries=13931357 ledger_capacity_entries=80145904 ledger_source_range_contributions=9443 ledger_retained_bytes_estimate=3927673584 sampling_unavailable=none
ETHEREUM_COHORT_RESOURCES phase=range-provider wall_ns=2476875 source=darwin_proc_pid_rusage_v6 lifetime_peak_footprint_bytes=37521715040 ledger_present=true ledger_mode=compact ledger_len=160647739 ledger_live_entries=0 ledger_peak_entries=13931357 ledger_capacity_entries=80145904 ledger_source_range_contributions=9443 ledger_retained_bytes_estimate=3927673584 sampling_unavailable=none
ETHEREUM_COHORT_RESOURCES phase=ledger-range wall_ns=2904458 source=darwin_proc_pid_rusage_v6 lifetime_peak_footprint_bytes=37521715040 ledger_present=true ledger_mode=compact ledger_len=160647908 ledger_live_entries=0 ledger_peak_entries=13931357 ledger_capacity_entries=80145904 ledger_source_range_contributions=9443 ledger_retained_bytes_estimate=3927673584 sampling_unavailable=none
ETHEREUM_COHORT_RESOURCES phase=ledger-classified wall_ns=60042 source=darwin_proc_pid_rusage_v6 lifetime_peak_footprint_bytes=37521715040 ledger_present=true ledger_mode=compact ledger_len=160647908 ledger_live_entries=0 ledger_peak_entries=13931357 ledger_capacity_entries=80145904 ledger_source_range_contributions=9443 ledger_retained_bytes_estimate=3927673584 sampling_unavailable=none
ETHEREUM_COHORT_RESOURCES phase=ledger-released wall_ns=4898402208 source=darwin_proc_pid_rusage_v6 lifetime_peak_footprint_bytes=37521715040 ledger_present=false ledger_mode=compact ledger_len=0 ledger_live_entries=0 ledger_peak_entries=0 ledger_capacity_entries=0 ledger_source_range_contributions=0 ledger_retained_bytes_estimate=0 sampling_unavailable=none
ETHEREUM_WRAPPER_PCS_STORAGE backing=file total_mapped_bytes=15264169984 remaining_mapped_bytes=0
ETHEREUM_WRAPPER_RESOURCES phase=tree0.cpu-pcs.commit wall_ns=471427602583 lifetime_peak_footprint_bytes=39530618552 current_footprint_bytes=31422242264 source=darwin_proc_pid_rusage_v6
ETHEREUM_WRAPPER_RESOURCES phase=tree0.cpu-pcs wall_ns=508295909875 lifetime_peak_footprint_bytes=39530618552 current_footprint_bytes=31422242264 source=darwin_proc_pid_rusage_v6
ETHEREUM_WRAPPER_COMPONENT_PLAN row=0 log_size=14 preprocessed_columns=10 main_columns=0 interaction_columns=8 source_bytes=1179648 pcs_minimum_resident_bytes=2359296
ETHEREUM_WRAPPER_COMPONENT_PLAN row=1 log_size=21 preprocessed_columns=0 main_columns=48 interaction_columns=12 source_bytes=503316480 pcs_minimum_resident_bytes=1006632960
ETHEREUM_WRAPPER_COMPONENT_PLAN row=2 log_size=21 preprocessed_columns=18 main_columns=17 interaction_columns=28 source_bytes=528482304 pcs_minimum_resident_bytes=1056964608
ETHEREUM_WRAPPER_COMPONENT_PLAN row=3 log_size=12 preprocessed_columns=18 main_columns=17 interaction_columns=40 source_bytes=1228800 pcs_minimum_resident_bytes=2457600
ETHEREUM_WRAPPER_COMPONENT_PLAN row=4 log_size=24 preprocessed_columns=15 main_columns=2 interaction_columns=4 source_bytes=1409286144 pcs_minimum_resident_bytes=2818572288
ETHEREUM_WRAPPER_COMPONENT_PLAN row=5 log_size=24 preprocessed_columns=23 main_columns=2 interaction_columns=12 source_bytes=2483027968 pcs_minimum_resident_bytes=4966055936
ETHEREUM_WRAPPER_COMPONENT_PLAN row=6 log_size=4 preprocessed_columns=0 main_columns=68 interaction_columns=4 source_bytes=4608 pcs_minimum_resident_bytes=9216
ETHEREUM_WRAPPER_COMPONENT_PLAN row=7 log_size=4 preprocessed_columns=0 main_columns=15 interaction_columns=4 source_bytes=1216 pcs_minimum_resident_bytes=2432
ETHEREUM_WRAPPER_COMPONENT_PLAN row=8 log_size=7 preprocessed_columns=12 main_columns=9 interaction_columns=36 source_bytes=29184 pcs_minimum_resident_bytes=58368
ETHEREUM_WRAPPER_COMPONENT_PLAN row=9 log_size=7 preprocessed_columns=21 main_columns=9 interaction_columns=20 source_bytes=25600 pcs_minimum_resident_bytes=51200
ETHEREUM_WRAPPER_COMPONENT_PLAN row=10 log_size=11 preprocessed_columns=8 main_columns=2 interaction_columns=8 source_bytes=147456 pcs_minimum_resident_bytes=294912
ETHEREUM_WRAPPER_COMPONENT_PLAN row=11 log_size=12 preprocessed_columns=17 main_columns=4 interaction_columns=12 source_bytes=540672 pcs_minimum_resident_bytes=1081344
ETHEREUM_WRAPPER_COMPONENT_PLAN row=12 log_size=14 preprocessed_columns=13 main_columns=4 interaction_columns=16 source_bytes=2162688 pcs_minimum_resident_bytes=4325376
ETHEREUM_WRAPPER_COMPONENT_PLAN row=13 log_size=21 preprocessed_columns=32 main_columns=41 interaction_columns=40 source_bytes=947912704 pcs_minimum_resident_bytes=1895825408
ETHEREUM_WRAPPER_COMPONENT_PLAN row=14 log_size=11 preprocessed_columns=30 main_columns=41 interaction_columns=40 source_bytes=909312 pcs_minimum_resident_bytes=1818624
ETHEREUM_WRAPPER_COMPONENT_PLAN row=15 log_size=17 preprocessed_columns=11 main_columns=2 interaction_columns=8 source_bytes=11010048 pcs_minimum_resident_bytes=22020096
ETHEREUM_WRAPPER_COMPONENT_PLAN row=16 log_size=12 preprocessed_columns=17 main_columns=2 interaction_columns=16 source_bytes=573440 pcs_minimum_resident_bytes=1146880
ETHEREUM_WRAPPER_COMPONENT_PLAN row=17 log_size=11 preprocessed_columns=33 main_columns=10 interaction_columns=28 source_bytes=581632 pcs_minimum_resident_bytes=1163264
ETHEREUM_WRAPPER_COMPONENT_PLAN row=18 log_size=18 preprocessed_columns=22 main_columns=2 interaction_columns=20 source_bytes=46137344 pcs_minimum_resident_bytes=92274688
ETHEREUM_WRAPPER_COMPONENT_PLAN row=19 log_size=8 preprocessed_columns=9 main_columns=0 interaction_columns=4 source_bytes=13312 pcs_minimum_resident_bytes=26624
ETHEREUM_WRAPPER_COMPONENT_PLAN row=20 log_size=10 preprocessed_columns=6 main_columns=34 interaction_columns=68 source_bytes=442368 pcs_minimum_resident_bytes=884736
ETHEREUM_WRAPPER_COMPONENT_PLAN row=21 log_size=14 preprocessed_columns=69 main_columns=34 interaction_columns=4 source_bytes=7012352 pcs_minimum_resident_bytes=14024704
ETHEREUM_WRAPPER_COMPONENT_PLAN row=22 log_size=5 preprocessed_columns=8 main_columns=9 interaction_columns=20 source_bytes=4736 pcs_minimum_resident_bytes=9472
ETHEREUM_WRAPPER_COMPONENT_PLAN row=23 log_size=21 preprocessed_columns=41 main_columns=42 interaction_columns=28 source_bytes=931135488 pcs_minimum_resident_bytes=1862270976
ETHEREUM_WRAPPER_COMPONENT_PLAN row=24 log_size=24 preprocessed_columns=18 main_columns=2 interaction_columns=16 source_bytes=2415919104 pcs_minimum_resident_bytes=4831838208
ETHEREUM_WRAPPER_COMPONENT_PLAN row=25 log_size=16 preprocessed_columns=48 main_columns=43 interaction_columns=28 source_bytes=31195136 pcs_minimum_resident_bytes=62390272
ETHEREUM_WRAPPER_COMPONENT_PLAN row=26 log_size=14 preprocessed_columns=6 main_columns=34 interaction_columns=12 source_bytes=3407872 pcs_minimum_resident_bytes=6815744
ETHEREUM_WRAPPER_COMPONENT_PLAN row=27 log_size=12 preprocessed_columns=15 main_columns=10 interaction_columns=12 source_bytes=606208 pcs_minimum_resident_bytes=1212416
ETHEREUM_WRAPPER_COMPONENT_PLAN row=28 log_size=12 preprocessed_columns=15 main_columns=3 interaction_columns=8 source_bytes=425984 pcs_minimum_resident_bytes=851968
ETHEREUM_WRAPPER_COMPONENT_PLAN row=29 log_size=18 preprocessed_columns=20 main_columns=2 interaction_columns=20 source_bytes=44040192 pcs_minimum_resident_bytes=88080384
ETHEREUM_WRAPPER_COMPONENT_PLAN row=30 log_size=24 preprocessed_columns=18 main_columns=19 interaction_columns=8 source_bytes=3019898880 pcs_minimum_resident_bytes=6039797760
ETHEREUM_WRAPPER_COMPONENT_PLAN row=31 log_size=15 preprocessed_columns=15 main_columns=14 interaction_columns=4 source_bytes=4325376 pcs_minimum_resident_bytes=8650752
ETHEREUM_WRAPPER_COMPONENT_PLAN row=32 log_size=24 preprocessed_columns=27 main_columns=21 interaction_columns=8 source_bytes=3758096384 pcs_minimum_resident_bytes=7516192768
ETHEREUM_WRAPPER_COMPONENT_PLAN row=33 log_size=15 preprocessed_columns=0 main_columns=46 interaction_columns=8 source_bytes=7077888 pcs_minimum_resident_bytes=14155776
ETHEREUM_WRAPPER_COMPONENT_PLAN row=34 log_size=22 preprocessed_columns=1 main_columns=445 interaction_columns=8 source_bytes=7616856064 pcs_minimum_resident_bytes=15233712128
ETHEREUM_WRAPPER_COMPONENT_PLAN row=35 log_size=16 preprocessed_columns=3 main_columns=1 interaction_columns=4 source_bytes=2097152 pcs_minimum_resident_bytes=4194304
ETHEREUM_WRAPPER_MEMORY_PLAN tree=0 columns=619 source_bytes=7631677952 pcs_minimum_resident_bytes=15263355904 blowup_log=1 coefficient_retention=never
ETHEREUM_WRAPPER_MEMORY_PLAN tree=1 columns=1054 source_bytes=11824921920 pcs_minimum_resident_bytes=23649843840 blowup_log=1 coefficient_retention=never
ETHEREUM_WRAPPER_MEMORY_PLAN tree=2 columns=616 source_bytes=4322511872 pcs_minimum_resident_bytes=8645023744 blowup_log=1 coefficient_retention=never
ETHEREUM_WRAPPER_MEMORY_PLAN total_pcs_minimum_resident_bytes=47558223488 excludes_merkle_witness_composition=true
ETHEREUM_WRAPPER_RESOURCES phase=preprocessed wall_ns=145304601416 lifetime_peak_footprint_bytes=39530618552 current_footprint_bytes=33845497736 source=darwin_proc_pid_rusage_v6
ETHEREUM_WRAPPER_RESOURCES phase=main.allocate wall_ns=25790944916 lifetime_peak_footprint_bytes=39530618552 current_footprint_bytes=33851338888 source=darwin_proc_pid_rusage_v6
ETHEREUM_WRAPPER_RESOURCES phase=main.fill wall_ns=91649210625 lifetime_peak_footprint_bytes=39530618552 current_footprint_bytes=33851338888 source=darwin_proc_pid_rusage_v6
ETHEREUM_WRAPPER_RESOURCES phase=main.commit wall_ns=178050282792 lifetime_peak_footprint_bytes=39530618552 current_footprint_bytes=36006565216 source=darwin_proc_pid_rusage_v6
ETHEREUM_WRAPPER_RESOURCES phase=main wall_ns=295494773459 lifetime_peak_footprint_bytes=39530618552 current_footprint_bytes=36006565216 source=darwin_proc_pid_rusage_v6
ETHEREUM_WRAPPER_RESOURCES phase=interaction wall_ns=224002374583 lifetime_peak_footprint_bytes=42058478216 current_footprint_bytes=38160823184 source=darwin_proc_pid_rusage_v6
ETHEREUM_WRAPPER_RESOURCES phase=stark wall_ns=1034602076083 lifetime_peak_footprint_bytes=44456659856 current_footprint_bytes=31433514960 source=darwin_proc_pid_rusage_v6
ETHEREUM_WRAPPER_PCS_STORAGE backing=file total_mapped_bytes=83440386048 remaining_mapped_bytes=0
ETHEREUM_WRAPPER_CANDIDATE_RETAINED core_verified=true wrapper_admitted=false sha256=8c57893201b7b1229519c9dee8ad64ab3628afa7b671a3353c8eff95c7bbee27 bytes=3040911 directory=/Users/theodorepender/Coding/stark-proving-engineering/stwo-zig/.git/local-ethereum/real-wrapper-segment3-root-v1/corpus/wrapper-candidates
ETHEREUM_ROOT_CANDIDATE path=/Users/theodorepender/Coding/stark-proving-engineering/stwo-zig/.git/local-ethereum/real-wrapper-segment3-root-v1/corpus/root-candidates/41ea513a5217592438b3a9a9b2ac779952e5ac4bd8cd474df359f395235c0125 expected_key_sha256=61f8921ef5e26d08205cb9a5e40c332206d4f5a6e166450e655edf765474ba88 independently_verified=false
ETHEREUM_ROLE0_WRAPPER_REPLAY path=/Users/theodorepender/Coding/stark-proving-engineering/stwo-zig/.git/local-ethereum/real-wrapper-segment3-root-v1/corpus/wrapper-replays/73c5b0c2ccec85ff0cddb6cd27469a994042361ae83ecb18a33300ab58e34d66 bytes=3040911 independently_verified=false
ETHEREUM_INCREMENTAL_ROLE0_PHASE phase=role0_prove source=darwin_proc_pid_rusage_v6 wall_ns=3112018978208 process_cpu_ns=3800128260666 parallelism_milli=1221 peak_footprint_bytes=44456659856 energy_nj=15379865575262 instructions=59005402012199 cycles=14444863546516 workers=1 host_byte_budget=17179869184
ETHEREUM_INCREMENTAL_ROLE0_ALLOCATOR phase=producer-destroyed allocations=0 bytes=0 peak=38930993785 allocated=309341732078 freed=309341732078 untracked=0
ETHEREUM_ROOT_INDEPENDENT serialized=true producer_destroyed=true native_inputs_used=false verified=true request_ns=211282375 verify_ns=123569208 proof_bytes=3040223
ETHEREUM_ROOT_PRODUCTION profile=ordinary36 full_root_verified=true serialized=true producer_destroyed=true native_inputs_used=false legacy_capture_exercised=false
ETHEREUM_INCREMENTAL_ROLE0_PHASE phase=total source=darwin_proc_pid_rusage_v6 wall_ns=3293677477708 process_cpu_ns=3980216179750 parallelism_milli=1208 peak_footprint_bytes=44456659856 energy_nj=16106716057957 instructions=61048499951765 cycles=15161290231792 workers=1 host_byte_budget=17179869184

Build Summary: 4/4 steps succeeded; 3/3 tests passed
test-ethereum-root-production success
+- Ethereum root production lifecycle guard success
   +- run test 3 passed 55m MaxRSS:17G
      +- compile test ReleaseSafe native cached 61ms MaxRSS:38M

