INCREMENTAL_FULL_LEAF_RESOURCE_POLICY_V1 composition_allocation_budget_bytes=17179869184 pcs_retained_byte_budget_bytes=25769803776 host_admission_limit_bytes=34359738368 process_cap_enforced=false
SELECTED_ETHEREUM_LEAF_ADMISSION_V1 segment=12 campaign_segments=121 full_campaign_sealed=false
INCREMENTAL_FULL_LEAF_INPUT_PHASES_V1 retained_open_ns=50148083 selection_ns=167 replay_program_ns=34340125 fixed_program_admission_ns=3411586667 capture_admission_ns=79980092875
INCREMENTAL_FIXED_PROGRAM_GEOMETRY_V1 profile=5 fixed_rows=729419 omitted_program_calls=2917696 program_calls=0 incremental_calls=645224 poseidon_calls=645224 fixed_pp_columns=6 poseidon_main_columns=287 elf_sha256=f81e30505c2ae1ab16e693933bef65f6fbae94ca6e04b4bc66688a068cddce16 table_sha256=99b797f52b7ce4d4d91052636705db4c6442ef36da80e4260453177c6105ab9d
INCREMENTAL_FULL_LEAF_PREFLIGHT_V1 retained_lde_lower_bound_bytes=6398019824 source_column_bytes=3199009912 columns=16654 blowup_log=1 budget_bytes=25769803776 excludes=merkle,fri,quotient,twiddles,witness,allocator
INCREMENTAL_FULL_LEAF_TREE1_PREFLIGHT_V1 retained_bytes=3996750352 columns=8264 budget_bytes=25769803776 retention=never
info: resident RISC-V semantic composition: 46 components, 19 kernels, 45.803 ms GPU
info: resident RISC-V lookup composition: 43 components, 16 kernels, 16.102 ms GPU
STAGE101_PROFILE depth=0 id=stage101_leaf_transaction seconds=73.763841000
STAGE101_PROFILE depth=1 id=stage101_input_admission seconds=2.554006000
STAGE101_PROFILE depth=1 id=stage101_compact_replay seconds=0.206862000
STAGE101_PROFILE depth=1 id=stage101_prepared_proof_transaction seconds=6.660644000
STAGE101_PROFILE depth=1 id=stage101_prove seconds=64.106889000
STAGE101_PROFILE depth=2 id=source_column_pack seconds=0.016910000
STAGE101_PROFILE depth=2 id=merkle_commit seconds=0.116877000
STAGE101_PROFILE depth=2 id=riscv_opcode_trace_generation seconds=1.815966000
STAGE101_PROFILE depth=3 id=riscv_infrastructure_trace_generation seconds=1.792934000
STAGE101_PROFILE depth=2 id=source_column_pack seconds=0.273615000
STAGE101_PROFILE depth=2 id=merkle_commit seconds=4.068107000
STAGE101_PROFILE depth=2 id=riscv_interaction_opcode seconds=2.528100000
STAGE101_PROFILE depth=2 id=riscv_interaction_program seconds=0.726586000
STAGE101_PROFILE depth=2 id=riscv_interaction_memory seconds=0.276015000
STAGE101_PROFILE depth=2 id=riscv_interaction_merkle seconds=0.365576000
STAGE101_PROFILE depth=2 id=riscv_interaction_poseidon seconds=0.207153000
STAGE101_PROFILE depth=2 id=riscv_interaction_clock seconds=0.390865000
STAGE101_PROFILE depth=2 id=riscv_interaction_tables seconds=0.122525000
STAGE101_PROFILE depth=2 id=source_column_pack seconds=0.174342000
STAGE101_PROFILE depth=2 id=merkle_commit seconds=3.991930000
STAGE101_PROFILE depth=2 id=draw_random_coeff seconds=0.000002000
STAGE101_PROFILE depth=2 id=composition_trace_extract seconds=0.000079000
STAGE101_PROFILE depth=2 id=composition_evaluation seconds=34.042466000
STAGE101_PROFILE depth=2 id=composition_interpolate_and_split seconds=0.002608000
STAGE101_PROFILE depth=2 id=composition_commit seconds=0.028818000
STAGE101_PROFILE depth=2 id=oods_point_and_mask_points seconds=0.002599000
STAGE101_PROFILE depth=2 id=sampled_value_evaluation seconds=0.213817000
STAGE101_PROFILE depth=2 id=sampled_value_channel_mix seconds=0.014228000
STAGE101_PROFILE depth=2 id=fri_quotient_build_and_commit seconds=0.352624000
STAGE101_PROFILE depth=2 id=proof_of_work seconds=0.004966000
STAGE101_PROFILE depth=2 id=fri_decommit seconds=0.003752000
STAGE101_PROFILE depth=2 id=trace_decommit seconds=0.132120000
STAGE101_PROFILE depth=2 id=constraint_check_and_assembly seconds=0.004203000
STAGE101_PROFILE depth=1 id=stage101_encode seconds=0.190799000
INCREMENTAL_FULL_LEAF_VERIFY_POLICY_V1 workers=1
INCREMENTAL_FULL_LEAF_VALIDATION_V2 producer_ns=73763254666 producer_auth_count=1 producer_auth_ns=2093771000 producer_reuses=272 cold_ns=36262211083 cold_auth_count=1 cold_auth_ns=2095550000 cold_reuses=272
INCREMENTAL_FULL_LEAF_CLAIM_ADMISSION schema=5 profile=fixed_program_narrow_v5
INCREMENTAL_FULL_LEAF_PHASES_V1 transaction_ns=73718604667 admission_ns=2553972333 replay_ns=206859084 witness_ns=1401007792 profile_ns=4777356958 prove_ns=64106367542 encode_ns=190797791
INCREMENTAL_FULL_LEAF_RESOURCES_V1 phase=producer wall_ns=73763403084 cpu_ns=67028229958 lifetime_peak_footprint_bytes=9950109928
INCREMENTAL_FULL_LEAF_RESOURCES_V1 phase=fresh_verifier wall_ns=36262284500 cpu_ns=36251149625 lifetime_peak_footprint_bytes=9950109928
ETHEREUM_PREPARED_METAL_V1 claim_schema=5 aot_manifest_sha256=320f1b944927e173c5d2972ab0cb69f68129d135f40838976c2cde653bf180c3 initialization_ns=131562458 producer_ns=73763254666 cold_verify_ns=36262211083 device_dispatches=78 host_fallbacks=3 independently_cold_verified=true
INCREMENTAL_FULL_LEAF_RESOURCES_V1 phase=complete_request wall_ns=193534361625 cpu_ns=186717375125 lifetime_peak_footprint_bytes=9950109928
