INCREMENTAL_FULL_LEAF_RESOURCE_POLICY_V1 composition_allocation_budget_bytes=17179869184 pcs_retained_byte_budget_bytes=25769803776 host_admission_limit_bytes=34359738368 process_cap_enforced=false
SELECTED_ETHEREUM_LEAF_ADMISSION_V1 segment=16 campaign_segments=121 full_campaign_sealed=false
INCREMENTAL_FULL_LEAF_INPUT_PHASES_V1 retained_open_ns=30926917 selection_ns=83 replay_program_ns=33180042 fixed_program_admission_ns=3409450666 capture_admission_ns=85320475625
INCREMENTAL_FIXED_PROGRAM_GEOMETRY_V1 profile=5 fixed_rows=729419 omitted_program_calls=2917696 program_calls=0 incremental_calls=503697 poseidon_calls=503697 fixed_pp_columns=6 poseidon_main_columns=287 elf_sha256=f81e30505c2ae1ab16e693933bef65f6fbae94ca6e04b4bc66688a068cddce16 table_sha256=99b797f52b7ce4d4d91052636705db4c6442ef36da80e4260453177c6105ab9d
INCREMENTAL_FULL_LEAF_PREFLIGHT_V1 retained_lde_lower_bound_bytes=3307939312 source_column_bytes=1653969656 columns=16605 blowup_log=1 budget_bytes=25769803776 excludes=merkle,fri,quotient,twiddles,witness,allocator
INCREMENTAL_FULL_LEAF_TREE1_PREFLIGHT_V1 retained_bytes=2137741328 columns=8241 budget_bytes=25769803776 retention=never
info: resident RISC-V semantic composition: 46 components, 19 kernels, 24.174 ms GPU
info: resident RISC-V lookup composition: 43 components, 16 kernels, 15.305 ms GPU
STAGE101_PROFILE depth=0 id=stage101_leaf_transaction seconds=32.014690000
STAGE101_PROFILE depth=1 id=stage101_input_admission seconds=2.615360000
STAGE101_PROFILE depth=1 id=stage101_compact_replay seconds=0.170741000
STAGE101_PROFILE depth=1 id=stage101_prepared_proof_transaction seconds=1.566193000
STAGE101_PROFILE depth=1 id=stage101_prove seconds=27.472755000
STAGE101_PROFILE depth=2 id=source_column_pack seconds=0.015930000
STAGE101_PROFILE depth=2 id=merkle_commit seconds=0.120479000
STAGE101_PROFILE depth=2 id=riscv_opcode_trace_generation seconds=1.715167000
STAGE101_PROFILE depth=3 id=riscv_infrastructure_trace_generation seconds=1.385797000
STAGE101_PROFILE depth=2 id=source_column_pack seconds=0.143919000
STAGE101_PROFILE depth=2 id=merkle_commit seconds=4.043411000
STAGE101_PROFILE depth=2 id=riscv_interaction_opcode seconds=2.435888000
STAGE101_PROFILE depth=2 id=riscv_interaction_program seconds=0.736749000
STAGE101_PROFILE depth=2 id=riscv_interaction_memory seconds=0.192816000
STAGE101_PROFILE depth=2 id=riscv_interaction_merkle seconds=0.242984000
STAGE101_PROFILE depth=2 id=riscv_interaction_poseidon seconds=0.124215000
STAGE101_PROFILE depth=2 id=riscv_interaction_clock seconds=0.383021000
STAGE101_PROFILE depth=2 id=riscv_interaction_tables seconds=0.118768000
STAGE101_PROFILE depth=2 id=source_column_pack seconds=0.072683000
STAGE101_PROFILE depth=2 id=merkle_commit seconds=3.970939000
STAGE101_PROFILE depth=2 id=draw_random_coeff seconds=0.000002000
STAGE101_PROFILE depth=2 id=composition_trace_extract seconds=0.000086000
STAGE101_PROFILE depth=2 id=composition_evaluation seconds=4.416085000
STAGE101_PROFILE depth=2 id=composition_interpolate_and_split seconds=0.002564000
STAGE101_PROFILE depth=2 id=composition_commit seconds=0.028277000
STAGE101_PROFILE depth=2 id=oods_point_and_mask_points seconds=0.001780000
STAGE101_PROFILE depth=2 id=sampled_value_evaluation seconds=0.156279000
STAGE101_PROFILE depth=2 id=sampled_value_channel_mix seconds=0.014148000
STAGE101_PROFILE depth=2 id=fri_quotient_build_and_commit seconds=0.355049000
STAGE101_PROFILE depth=2 id=proof_of_work seconds=0.005332000
STAGE101_PROFILE depth=2 id=fri_decommit seconds=0.003599000
STAGE101_PROFILE depth=2 id=trace_decommit seconds=0.130908000
STAGE101_PROFILE depth=2 id=constraint_check_and_assembly seconds=0.002053000
STAGE101_PROFILE depth=1 id=stage101_encode seconds=0.170562000
INCREMENTAL_FULL_LEAF_VERIFY_POLICY_V1 workers=1
INCREMENTAL_FULL_LEAF_VALIDATION_V2 producer_ns=32014241458 producer_auth_count=1 producer_auth_ns=2255811000 producer_reuses=272 cold_ns=38245865833 cold_auth_count=1 cold_auth_ns=2257656000 cold_reuses=272
INCREMENTAL_FULL_LEAF_CLAIM_ADMISSION schema=5 profile=fixed_program_narrow_v5
INCREMENTAL_FULL_LEAF_PHASES_V1 transaction_ns=31995161834 admission_ns=2615310333 replay_ns=170738834 witness_ns=1078936084 profile_ns=98262500 prove_ns=27472365459 encode_ns=170560333
INCREMENTAL_FULL_LEAF_RESOURCES_V1 phase=producer wall_ns=32014390375 cpu_ns=25019983750 lifetime_peak_footprint_bytes=6161961952
INCREMENTAL_FULL_LEAF_RESOURCES_V1 phase=fresh_verifier wall_ns=38245931750 cpu_ns=38235568375 lifetime_peak_footprint_bytes=6161961952
ETHEREUM_PREPARED_METAL_V1 claim_schema=5 aot_manifest_sha256=320f1b944927e173c5d2972ab0cb69f68129d135f40838976c2cde653bf180c3 initialization_ns=57410916 producer_ns=32014241458 cold_verify_ns=38245865833 device_dispatches=81 host_fallbacks=3 independently_cold_verified=true
INCREMENTAL_FULL_LEAF_RESOURCES_V1 phase=complete_request wall_ns=159099869166 cpu_ns=152004248084 lifetime_peak_footprint_bytes=6161961952
