SEGMENT_V2_LADDER mode=narrow_complete_proof requested_steps=64 native_backend=metal memory_addresses=1 initial_register7=0
SEGMENT_V2_NATIVE_METAL_AOT profile=core_v2 manifest_sha256=21332158b1e1202b9c4171b057d4fb3fbd43d96c22d50012267f55e45e2193e5 source_sha256=c2daaaf7dab998e6c542651dec73323973eafceee6ccf9d56fce6094ccac2786 metallib_sha256=9b1327752224ccd8837063f29c9e5112efac8f6746050f8ff5dc9c2fb23ce8a7 initialization_ns=61183500
SEGMENT_V2_MEMORY_EXECUTION address_count=1 initial_word=13 segment_cycles=64 cumulative_cycles=64 loads=21 stores=20 distinct_accessed=1 stride_bytes=128 entry_nonzero_words=1 exit_nonzero_words=1 exit_pc=1100
SEGMENT_V2_MEMORY_EXECUTION address_count=1 initial_word=13 segment_cycles=34 cumulative_cycles=98 loads=11 stores=12 distinct_accessed=1 stride_bytes=128 entry_nonzero_words=1 exit_nonzero_words=1 exit_pc=1188
info: Columns: opcode=103 infra=481 total tree1=584 interaction=152
info: Poseidon2 Merkle: 480 exact sparse-node calls, poseidon_log_size=9, merkle_log_size=9
info: resident RISC-V semantic composition: 3 components, 3 kernels, 0.099 ms GPU
info: resident RISC-V lookup composition: 3 components, 3 kernels, 0.250 ms GPU
SEGMENT_V2_NATIVE_MEMORY path=temporal segment=0 backend=metal scope=caller_allocator_payload excludes=size_routed_mmap_and_device producer_peak_bytes=464392588 producer_live_bytes_after_destroy=0 canonical_proof_bytes=1323023 before_fresh_decode=true
SEGMENT_V2_NATIVE_PROFILE profile=protocol_v1 segment=0 queries=193 fold_step=4 pcs_pow_bits=16 interaction_pow_bits=10 prove_ns=1069272042 transport_ns=9308666 verify_ns=461153459 recursive_prepare_ns=997417500 proof_bytes=1323023 transcript_calls=1164 verifier_core_calls=58865 outer_proof_created=false
SEGMENT_V2_TWO_CHILD_NATIVE_METAL segment=0 dispatches=78 poseidon_commits=9
SEGMENT_V2_DETACHED_GEOMETRY profile=recursive_q193_v1 cohort_ns=1964523208 poseidon_calls=60045 tree0_evaluation_bytes=187176192 tree1_evaluation_bytes=242896640 tree2_evaluation_bytes=110733312 excludes=pcs_expansion_commitments_and_metadata before_tree_allocation=true
DETACHED_WRAPPER_STAGE_PROFILE {"schema_version":1,"runtime":"device","example":"detached-recursive-wrapper","stages":[{"id":"draw_random_coeff","label":"Draw random coefficient","seconds":0.000002,"children":null},{"id":"composition_trace_extract","label":"Composition trace extract","seconds":0.000019,"children":null},{"id":"composition_evaluation","label":"Composition evaluation","seconds":1.096327,"children":null},{"id":"composition_interpolate_and_split","label":"Composition interpolate and split","seconds":0.005845,"children":null},{"id":"composition_commit","label":"Composition commit","seconds":0.021708,"children":null},{"id":"oods_point_and_mask_points","label":"OODS point and mask points","seconds":0.000439,"children":null},{"id":"sampled_value_evaluation","label":"Sampled-value evaluation","seconds":0.034444,"children":null},{"id":"sampled_value_channel_mix","label":"Sampled-value channel mix","seconds":0.001086,"children":null},{"id":"fri_quotient_build_and_commit","label":"FRI quotient build + commit (lazy)","seconds":0.077921,"children":null},{"id":"proof_of_work","label":"Proof of work","seconds":0.005269,"children":null},{"id":"fri_decommit","label":"FRI decommit","seconds":0.002987,"children":null},{"id":"trace_decommit","label":"Trace decommit","seconds":0.007384,"children":null},{"id":"constraint_check_and_assembly","label":"Constraint check and assembly","seconds":0.000439,"children":null}]}
SEGMENT_V2_TWO_CHILD_RECURSIVE_METAL segment=0 dispatches=90 poseidon_commits=9 composition_dispatches=0 fri_circle_dispatches=1 fri_line_dispatches=18 cpu_fallbacks=0
SEGMENT_V2_TWO_CHILD_CANDIDATE segment=0 first_cycle=0 retired_cycles=64 completed=false directory=/Users/theodorepender/Coding/stark-proving-engineering/stwo-zig/vectors/reports/riscv-proving-stack-reset-20260908/small-detached-recursion-v1/wrapper-retention-ab/q193-metal-always-profile/child-0 native_backend=metal recursive_backend=metal proof_bytes=2487266 native_ingress_ns=2538666834 outer_prepare_ns=2353447958 outer_prove_ns=5227392292 transaction_ns=10146752625 producer_peak_bytes=3104136024 producer_live_bytes_after_destroy=0 status=unverified_candidate parent_proof_created=false
info: Columns: opcode=85 infra=481 total tree1=566 interaction=136
info: Poseidon2 Merkle: 480 exact sparse-node calls, poseidon_log_size=9, merkle_log_size=9
info: resident RISC-V semantic composition: 2 components, 2 kernels, 0.079 ms GPU
info: resident RISC-V lookup composition: 2 components, 2 kernels, 0.218 ms GPU
SEGMENT_V2_NATIVE_MEMORY path=temporal segment=1 backend=metal scope=caller_allocator_payload excludes=size_routed_mmap_and_device producer_peak_bytes=464261876 producer_live_bytes_after_destroy=0 canonical_proof_bytes=1291699 before_fresh_decode=true
SEGMENT_V2_NATIVE_PROFILE profile=protocol_v1 segment=1 queries=193 fold_step=4 pcs_pow_bits=16 interaction_pow_bits=10 prove_ns=1137719000 transport_ns=9314542 verify_ns=484527958 recursive_prepare_ns=948790250 proof_bytes=1291699 transcript_calls=1104 verifier_core_calls=57900 outer_proof_created=false
SEGMENT_V2_TWO_CHILD_NATIVE_METAL segment=1 dispatches=75 poseidon_commits=9
SEGMENT_V2_DETACHED_GEOMETRY profile=recursive_q193_v1 cohort_ns=1938199458 poseidon_calls=59019 tree0_evaluation_bytes=187176192 tree1_evaluation_bytes=242896640 tree2_evaluation_bytes=110733312 excludes=pcs_expansion_commitments_and_metadata before_tree_allocation=true
DETACHED_WRAPPER_STAGE_PROFILE {"schema_version":1,"runtime":"device","example":"detached-recursive-wrapper","stages":[{"id":"draw_random_coeff","label":"Draw random coefficient","seconds":0.000002,"children":null},{"id":"composition_trace_extract","label":"Composition trace extract","seconds":0.000022,"children":null},{"id":"composition_evaluation","label":"Composition evaluation","seconds":1.100934,"children":null},{"id":"composition_interpolate_and_split","label":"Composition interpolate and split","seconds":0.006142,"children":null},{"id":"composition_commit","label":"Composition commit","seconds":0.018409,"children":null},{"id":"oods_point_and_mask_points","label":"OODS point and mask points","seconds":0.000412,"children":null},{"id":"sampled_value_evaluation","label":"Sampled-value evaluation","seconds":0.030456,"children":null},{"id":"sampled_value_channel_mix","label":"Sampled-value channel mix","seconds":0.000818,"children":null},{"id":"fri_quotient_build_and_commit","label":"FRI quotient build + commit (lazy)","seconds":0.074491,"children":null},{"id":"proof_of_work","label":"Proof of work","seconds":0.005107,"children":null},{"id":"fri_decommit","label":"FRI decommit","seconds":0.002359,"children":null},{"id":"trace_decommit","label":"Trace decommit","seconds":0.007895,"children":null},{"id":"constraint_check_and_assembly","label":"Constraint check and assembly","seconds":0.000377,"children":null}]}
SEGMENT_V2_TWO_CHILD_RECURSIVE_METAL segment=1 dispatches=90 poseidon_commits=9 composition_dispatches=0 fri_circle_dispatches=1 fri_line_dispatches=18 cpu_fallbacks=0
SEGMENT_V2_TWO_CHILD_CANDIDATE segment=1 first_cycle=64 retired_cycles=34 completed=true directory=/Users/theodorepender/Coding/stark-proving-engineering/stwo-zig/vectors/reports/riscv-proving-stack-reset-20260908/small-detached-recursion-v1/wrapper-retention-ab/q193-metal-always-profile/child-1 native_backend=metal recursive_backend=metal proof_bytes=2491187 native_ingress_ns=2581753458 outer_prepare_ns=2331544666 outer_prove_ns=5143449500 transaction_ns=10081481291 producer_peak_bytes=3094260560 producer_live_bytes_after_destroy=0 status=unverified_candidate parent_proof_created=false
SEGMENT_V2_TWO_CHILD_PRODUCER status=unverified_candidates native_backend=metal recursive_backend=metal owners_destroyed=true parent_proof_created=false
