PARITY hashes=23 compression=1024 witness_outputs=128 passed
hash_le64 0 {'zisk': 65.49312663078308, 'stwo': 73.32996535301208}
hash_le64 1 {'zisk': 65.27333426475525, 'stwo': 75.87984204292297}
hash_le64 7 {'zisk': 65.9570894241333, 'stwo': 80.49751329421997}
hash_le64 8 {'zisk': 66.27723574638367, 'stwo': 79.53937816619873}
hash_le64 9 {'zisk': 129.24931383132935, 'stwo': 125.25091600418091}
hash_le64 16 {'zisk': 129.5095090866089, 'stwo': 125.98202657699585}
hash_le64 127 {'zisk': 1016.7845077514648, 'stwo': 807.6138496398926}
hash_le64 128 {'zisk': 1016.5816993713379, 'stwo': 806.0987815856934}
hash_le64 129 {'zisk': 1136.930305480957, 'stwo': 916.6378936767578}
hash_le64 512 {'zisk': 4234.303802490234, 'stwo': 3293.7412109375}
hash_le64 8192 {'zisk': 68443.6748046875, 'stwo': 52760.162353515625}
stream_xof 0 {'zisk': 65.07212901115417, 'stwo': 91.2708740234375}
stream_xof 8 {'zisk': 68.03654623031616, 'stwo': 100.35319137573242}
stream_xof 128 {'zisk': 1081.8970985412598, 'stwo': 896.1132354736328}
stream_xof 129 {'zisk': 1142.5414085388184, 'stwo': 945.9052085876465}
stream_xof 4096 {'zisk': 34492.10107421875, 'stwo': 27107.884765625}
permute8 8 {'zisk': 65.89368987083435, 'stwo': 96.35319328308105}
compress_xof 8 {'zisk': 58.1562020778656, 'stwo': 43.59746956825256}
compression_witness 8 {'zisk': 1108.6403541564941, 'stwo': 2153.2645225524902}
