1/7 blake3_metal_qualification_test_root.test.Metal compact canonical native BLAKE3 parent matches CPU qualification...BLAKE3_EXTENSION_REPLAY composition=true deep=true transcript=true changed_claim_rejected=true
BLAKE3_PATH_PLAN_REUSE openings=1540 graph_builds=6 retained_plans=2
BLAKE3_NATIVE_QUERY_FUSION groups=9170 removed_scalars=36680
BLAKE3_NATIVE_FUSION dot4=19613 fma=59551 arithmetic_rows=171628
METAL_FRAMEWORK_INTERACTION rows=4194304 batches=31 gpu_ms=124.35975001426414
METAL_FRAMEWORK_INTERACTION rows=1048576 batches=4 gpu_ms=2.1594166464637965
METAL_FRAMEWORK_INTERACTION rows=1048576 batches=1 gpu_ms=1.408291660482064
METAL_FRAMEWORK_INTERACTION rows=1048576 batches=2 gpu_ms=1.9523333467077464
METAL_FRAMEWORK_INTERACTION rows=262144 batches=2 gpu_ms=0.2723333309404552
BLAKE3_PARENT_STAGE_PROFILE {"schema_version":1,"runtime":"native","example":"blake3-recursive-parent","stages":[{"id":"parent.validation","label":"Authenticated row validation","seconds":0.013135,"children":null},{"id":"parent.main_setup","label":"Main columns and lookup counts","seconds":4.719283,"children":null},{"id":"parent.main_commit","label":"Main commitment","seconds":1.777337,"children":null},{"id":"parent.interaction_generation","label":"Interaction generation","seconds":0.713315,"children":null},{"id":"parent.interaction_commit","label":"Interaction commitment","seconds":1.672579,"children":null},{"id":"parent.core","label":"Core STARK proof","seconds":5.326134,"children":[{"id":"draw_random_coeff","label":"Draw random coefficient","seconds":0.000004,"children":null},{"id":"composition_trace_extract","label":"Composition trace extract","seconds":0.000024,"children":null},{"id":"composition_evaluation","label":"Composition evaluation","seconds":0.759894,"children":null},{"id":"composition_interpolate_and_split","label":"Composition interpolate and split","seconds":0.019868,"children":null},{"id":"composition_commit","label":"Composition commit","seconds":0.035288,"children":null},{"id":"oods_point_and_mask_points","label":"OODS point and mask points","seconds":0.015197,"children":null},{"id":"sampled_value_evaluation","label":"Sampled-value evaluation","seconds":4.039531,"children":null},{"id":"sampled_value_channel_mix","label":"Sampled-value channel mix","seconds":0.000062,"children":null},{"id":"fri_quotient_build_and_commit","label":"FRI quotient build + commit (lazy)","seconds":0.310547,"children":null},{"id":"proof_of_work","label":"Proof of work","seconds":0.011994,"children":null},{"id":"fri_decommit","label":"FRI decommit","seconds":0.051341,"children":null},{"id":"trace_decommit","label":"Trace decommit","seconds":0.028632,"children":null},{"id":"constraint_check_and_assembly","label":"Constraint check and assembly","seconds":0.00009,"children":null}]}]}
NATIVE_PARENT_DEVICE_WORK host_merkle_commits=2
NATIVE_PARENT_DEVICE_WORK resident_merkle_commits=23
NATIVE_PARENT_DEVICE_WORK metal_quotient_dispatches=1
NATIVE_PARENT_DEVICE_WORK metal_proof_of_work_dispatches=38
NATIVE_PARENT_DEVICE_WORK metal_framework_polynomial_dispatches=5
NATIVE_PARENT_DEVICE_WORK metal_streaming_leaf_dispatches=1216
NATIVE_PARENT_DEVICE_WORK metal_framework_interaction_dispatches=20
NATIVE_PARENT_DEVICE_WORK metal_circle_transform_dispatches=2
NATIVE_PARENT_DEVICE_WORK metal_circle_lde_dispatches=79
NATIVE_PARENT_DEVICE_WORK metal_fri_circle_fold_dispatches=1
NATIVE_PARENT_DEVICE_WORK metal_fri_fold_commit_epochs=1
NATIVE_PARENT_DEVICE_WORK cpu_streaming_merkle_commits=2
NATIVE_PARENT_DEVICE_WORK cpu_sampled_value_evaluations=1
NATIVE_PARENT_DEVICE_WORK cpu_composition_components=17
NATIVE_PARENT_DEVICE_WORK metal_commit_source_uploads=79
NATIVE_PARENT_METAL dispatches=1386 fallbacks=3
CANONICAL_PARENT_MEMORY peak_bytes=12412536622 limit_bytes=25769803776
BLAKE3_PARENT_ARTIFACT_SHA256 87eacb69ec7dcf9d5aad70f4f36ff5ac8839bf78366fb11e7ac20da38755ce7b
BLAKE3_PARENT_PROFILE verified=true queries=70 pow_bits=26 artifact_bytes=857591 successful_worker_rekey=true fixed_plan_reused=true outputs_outlive_worker=true transcript_replayed=true transcript_g_rows=40432 child_queries=70 child_pow_bits=26
COMPACT_RECURSIVE_PARENT child_queries=70 child_pow_bits=26 parent_queries=70 parent_pow_bits=26 independently_verified=true
COMPACT_BASE_PROOF queries=70 pow_bits=26 bytes=483375 independently_verified=true
OK
2/7 runner.mod.test_0...OK
3/7 runner.decode.test_0...OK
4/7 air.memory_commitment.poseidon2_air.test_0...OK
5/7 air.semantic_eval.test_0...OK
6/7 air.lookups.tables.source_ingest.test_0...OK
7/7 diagnostics.mod.test_0...OK
All 7 tests passed.
       26.94 real        33.11 user         3.19 sys
         20883505152  maximum resident set size
                   0  average shared memory size
                   0  average unshared data size
                   0  average unshared stack size
             3096891  page reclaims
                   0  page faults
                   0  swaps
                   0  block input operations
                   0  block output operations
                   0  messages sent
                   0  messages received
                   0  signals received
                   0  voluntary context switches
               10645  involuntary context switches
        574158369946  instructions retired
        158743691035  cycles elapsed
         27381756360  peak memory footprint
