METAL_STREAM_LEAVES columns=137 log=20 tile_log=17 scratch_bytes=67108864 working_bytes=46137344 dispatches=24 overlap=true gpu_ms=3.384
METAL_STREAM_LEAVES columns=137 log=20 tile_log=17 scratch_bytes=67108864 working_bytes=46137344 dispatches=24 overlap=true gpu_ms=2.846
METAL_STREAM_LEAVES columns=607 log=20 tile_log=17 scratch_bytes=67108864 working_bytes=62914560 dispatches=72 overlap=true gpu_ms=9.620
METAL_FRAMEWORK_INTERACTION rows=524288 batches=31 gpu_ms=21.72662498196587
METAL_FRAMEWORK_INTERACTION rows=131072 batches=4 gpu_ms=0.25491666747257113
METAL_FRAMEWORK_INTERACTION rows=262144 batches=1 gpu_ms=0.23729167878627777
METAL_FRAMEWORK_INTERACTION rows=131072 batches=2 gpu_ms=0.2962500147987157
METAL_FRAMEWORK_INTERACTION rows=1024 batches=2 gpu_ms=0.034041673643514514
METAL_FRAMEWORK_INTERACTION rows=4096 batches=1 gpu_ms=0.03125000512227416
METAL_FRAMEWORK_INTERACTION rows=4096 batches=2 gpu_ms=0.039333332097157836
METAL_FRAMEWORK_INTERACTION rows=8192 batches=1 gpu_ms=0.023500004317611456
METAL_STREAM_LEAVES columns=564 log=20 tile_log=17 scratch_bytes=67108864 working_bytes=62914560 dispatches=80 overlap=true gpu_ms=9.458
METAL_FRAMEWORK_COMPOSITION components=8 groups=6 gpu_ms=28.479
BLAKE3_EXECUTION_STAGE_PROFILE {"schema_version":1,"runtime":"native","example":"blake3-execution","stages":[{"id":"execution.fixed","label":"Admission and fixed commitment","seconds":0.063359,"children":null},{"id":"execution.main","label":"Main commitment","seconds":0.10286,"children":null},{"id":"execution.native_interaction","label":"Native interaction generation","seconds":0.015788,"children":null},{"id":"execution.hash_interaction","label":"Hash interaction generation","seconds":0.07996,"children":null},{"id":"execution.interaction_commit","label":"Interaction closure and commitment","seconds":0.110305,"children":null},{"id":"execution.core","label":"Core STARK proof","seconds":0.247414,"children":[{"id":"draw_random_coeff","label":"Draw random coefficient","seconds":0,"children":null},{"id":"composition_trace_extract","label":"Composition trace extract","seconds":0.000007,"children":null},{"id":"composition_evaluation","label":"Composition evaluation","seconds":0.133961,"children":null},{"id":"composition_interpolate_and_split","label":"Composition interpolate and split","seconds":0.002485,"children":null},{"id":"composition_commit","label":"Composition commit","seconds":0.003154,"children":null},{"id":"oods_point_and_mask_points","label":"OODS point and mask points","seconds":0.000237,"children":null},{"id":"sampled_value_evaluation","label":"Sampled-value evaluation","seconds":0.030135,"children":null},{"id":"sampled_value_channel_mix","label":"Sampled-value channel mix","seconds":0.00005,"children":null},{"id":"fri_quotient_build_and_commit","label":"FRI quotient build + commit (lazy)","seconds":0.047288,"children":null},{"id":"proof_of_work","label":"Proof of work","seconds":0.020699,"children":null},{"id":"fri_decommit","label":"FRI decommit","seconds":0.001453,"children":null},{"id":"trace_decommit","label":"Trace decommit","seconds":0.000912,"children":null},{"id":"constraint_check_and_assembly","label":"Constraint check and assembly","seconds":0.000233,"children":null}]}]}
METAL_STREAM_LEAVES columns=137 log=20 tile_log=17 scratch_bytes=67108864 working_bytes=46137344 dispatches=24 overlap=true gpu_ms=2.447
METAL_STREAM_LEAVES columns=137 log=20 tile_log=17 scratch_bytes=67108864 working_bytes=46137344 dispatches=24 overlap=true gpu_ms=3.010
METAL_STREAM_LEAVES columns=607 log=20 tile_log=17 scratch_bytes=67108864 working_bytes=62914560 dispatches=72 overlap=true gpu_ms=9.846
METAL_FRAMEWORK_INTERACTION rows=524288 batches=31 gpu_ms=20.9084999805782
METAL_FRAMEWORK_INTERACTION rows=131072 batches=4 gpu_ms=0.25087498943321407
METAL_FRAMEWORK_INTERACTION rows=262144 batches=1 gpu_ms=0.3788333269767463
METAL_FRAMEWORK_INTERACTION rows=131072 batches=2 gpu_ms=0.28016665601171553
METAL_FRAMEWORK_INTERACTION rows=1024 batches=2 gpu_ms=0.05420832894742489
METAL_FRAMEWORK_INTERACTION rows=4096 batches=1 gpu_ms=0.03749999450519681
METAL_FRAMEWORK_INTERACTION rows=4096 batches=2 gpu_ms=0.04687500768341124
METAL_FRAMEWORK_INTERACTION rows=8192 batches=1 gpu_ms=0.029333343263715506
METAL_STREAM_LEAVES columns=564 log=20 tile_log=17 scratch_bytes=67108864 working_bytes=62914560 dispatches=80 overlap=true gpu_ms=10.243
METAL_FRAMEWORK_COMPOSITION components=8 groups=6 gpu_ms=31.456
BLAKE3_EXECUTION_STAGE_PROFILE {"schema_version":1,"runtime":"native","example":"blake3-execution","stages":[{"id":"execution.fixed","label":"Admission and fixed commitment","seconds":0.06169,"children":null},{"id":"execution.main","label":"Main commitment","seconds":0.100834,"children":null},{"id":"execution.native_interaction","label":"Native interaction generation","seconds":0.018288,"children":null},{"id":"execution.hash_interaction","label":"Hash interaction generation","seconds":0.074127,"children":null},{"id":"execution.interaction_commit","label":"Interaction closure and commitment","seconds":0.109131,"children":null},{"id":"execution.core","label":"Core STARK proof","seconds":0.234121,"children":[{"id":"draw_random_coeff","label":"Draw random coefficient","seconds":0,"children":null},{"id":"composition_trace_extract","label":"Composition trace extract","seconds":0.000006,"children":null},{"id":"composition_evaluation","label":"Composition evaluation","seconds":0.121134,"children":null},{"id":"composition_interpolate_and_split","label":"Composition interpolate and split","seconds":0.002342,"children":null},{"id":"composition_commit","label":"Composition commit","seconds":0.003103,"children":null},{"id":"oods_point_and_mask_points","label":"OODS point and mask points","seconds":0.00023,"children":null},{"id":"sampled_value_evaluation","label":"Sampled-value evaluation","seconds":0.030233,"children":null},{"id":"sampled_value_channel_mix","label":"Sampled-value channel mix","seconds":0.000049,"children":null},{"id":"fri_quotient_build_and_commit","label":"FRI quotient build + commit (lazy)","seconds":0.046579,"children":null},{"id":"proof_of_work","label":"Proof of work","seconds":0.020563,"children":null},{"id":"fri_decommit","label":"FRI decommit","seconds":0.001362,"children":null},{"id":"trace_decommit","label":"Trace decommit","seconds":0.00164,"children":null},{"id":"constraint_check_and_assembly","label":"Constraint check and assembly","seconds":0.00022,"children":null}]}]}
METAL_STREAM_LEAVES columns=137 log=20 tile_log=17 scratch_bytes=67108864 working_bytes=46137344 dispatches=24 overlap=true gpu_ms=2.684
METAL_STREAM_LEAVES columns=137 log=20 tile_log=17 scratch_bytes=67108864 working_bytes=46137344 dispatches=24 overlap=true gpu_ms=2.774
METAL_STREAM_LEAVES columns=607 log=20 tile_log=17 scratch_bytes=67108864 working_bytes=62914560 dispatches=72 overlap=true gpu_ms=9.521
METAL_FRAMEWORK_INTERACTION rows=524288 batches=31 gpu_ms=23.461125005269423
METAL_FRAMEWORK_INTERACTION rows=131072 batches=4 gpu_ms=0.2507499884814024
METAL_FRAMEWORK_INTERACTION rows=262144 batches=1 gpu_ms=0.2680833567865193
METAL_FRAMEWORK_INTERACTION rows=131072 batches=2 gpu_ms=0.3319583192933351
METAL_FRAMEWORK_INTERACTION rows=1024 batches=2 gpu_ms=0.10658332030288875
METAL_FRAMEWORK_INTERACTION rows=4096 batches=1 gpu_ms=0.03083335468545556
METAL_FRAMEWORK_INTERACTION rows=4096 batches=2 gpu_ms=0.04041669308207929
METAL_FRAMEWORK_INTERACTION rows=8192 batches=1 gpu_ms=0.02358335768803954
METAL_STREAM_LEAVES columns=564 log=20 tile_log=17 scratch_bytes=67108864 working_bytes=62914560 dispatches=80 overlap=true gpu_ms=10.313
METAL_FRAMEWORK_COMPOSITION components=8 groups=6 gpu_ms=28.674
BLAKE3_EXECUTION_STAGE_PROFILE {"schema_version":1,"runtime":"native","example":"blake3-execution","stages":[{"id":"execution.fixed","label":"Admission and fixed commitment","seconds":0.060529,"children":null},{"id":"execution.main","label":"Main commitment","seconds":0.100953,"children":null},{"id":"execution.native_interaction","label":"Native interaction generation","seconds":0.021732,"children":null},{"id":"execution.hash_interaction","label":"Hash interaction generation","seconds":0.078753,"children":null},{"id":"execution.interaction_commit","label":"Interaction closure and commitment","seconds":0.110742,"children":null},{"id":"execution.core","label":"Core STARK proof","seconds":0.229203,"children":[{"id":"draw_random_coeff","label":"Draw random coefficient","seconds":0.000001,"children":null},{"id":"composition_trace_extract","label":"Composition trace extract","seconds":0.000005,"children":null},{"id":"composition_evaluation","label":"Composition evaluation","seconds":0.118597,"children":null},{"id":"composition_interpolate_and_split","label":"Composition interpolate and split","seconds":0.002432,"children":null},{"id":"composition_commit","label":"Composition commit","seconds":0.003137,"children":null},{"id":"oods_point_and_mask_points","label":"OODS point and mask points","seconds":0.000234,"children":null},{"id":"sampled_value_evaluation","label":"Sampled-value evaluation","seconds":0.028072,"children":null},{"id":"sampled_value_channel_mix","label":"Sampled-value channel mix","seconds":0.00005,"children":null},{"id":"fri_quotient_build_and_commit","label":"FRI quotient build + commit (lazy)","seconds":0.045838,"children":null},{"id":"proof_of_work","label":"Proof of work","seconds":0.02072,"children":null},{"id":"fri_decommit","label":"FRI decommit","seconds":0.001394,"children":null},{"id":"trace_decommit","label":"Trace decommit","seconds":0.001793,"children":null},{"id":"constraint_check_and_assembly","label":"Constraint check and assembly","seconds":0.000218,"children":null}]}]}
