METAL_STREAM_LEAVES columns=139 log=21 tile_log=17 scratch_bytes=67108864 working_bytes=46137344 dispatches=32 overlap=true gpu_ms=6.872
METAL_STREAM_LEAVES columns=139 log=21 tile_log=17 scratch_bytes=67108864 working_bytes=46137344 dispatches=32 overlap=true gpu_ms=7.162
METAL_STREAM_LEAVES columns=642 log=21 tile_log=17 scratch_bytes=67108864 working_bytes=62914560 dispatches=160 overlap=true gpu_ms=21.939
METAL_FRAMEWORK_INTERACTION rows=1048576 batches=31 gpu_ms=36.492499988526106
METAL_FRAMEWORK_INTERACTION rows=262144 batches=4 gpu_ms=0.44654167140834033
METAL_FRAMEWORK_INTERACTION rows=262144 batches=1 gpu_ms=0.2802916569635272
METAL_FRAMEWORK_INTERACTION rows=131072 batches=2 gpu_ms=0.29566665762104094
METAL_FRAMEWORK_INTERACTION rows=1024 batches=2 gpu_ms=0.053625000873580575
METAL_FRAMEWORK_INTERACTION rows=4096 batches=1 gpu_ms=0.05150001379661262
METAL_FRAMEWORK_INTERACTION rows=4096 batches=2 gpu_ms=0.041333347326144576
METAL_FRAMEWORK_INTERACTION rows=8192 batches=1 gpu_ms=0.035583332646638155
METAL_STREAM_LEAVES columns=600 log=21 tile_log=17 scratch_bytes=67108864 working_bytes=62914560 dispatches=160 overlap=true gpu_ms=19.177
METAL_FRAMEWORK_COMPOSITION components=8 groups=6 gpu_ms=56.967
BLAKE3_EXECUTION_STAGE_PROFILE {"schema_version":1,"runtime":"native","example":"blake3-execution","stages":[{"id":"execution.fixed","label":"Admission and fixed commitment","seconds":0.097559,"children":null},{"id":"execution.main","label":"Main commitment","seconds":0.196874,"children":null},{"id":"execution.native_interaction","label":"Native interaction generation","seconds":0.089439,"children":null},{"id":"execution.hash_interaction","label":"Hash interaction generation","seconds":0.143766,"children":null},{"id":"execution.interaction_commit","label":"Interaction closure and commitment","seconds":0.215453,"children":null},{"id":"execution.core","label":"Core STARK proof","seconds":0.555265,"children":[{"id":"draw_random_coeff","label":"Draw random coefficient","seconds":0.000001,"children":null},{"id":"composition_trace_extract","label":"Composition trace extract","seconds":0.000007,"children":null},{"id":"composition_evaluation","label":"Composition evaluation","seconds":0.243531,"children":null},{"id":"composition_interpolate_and_split","label":"Composition interpolate and split","seconds":0.004556,"children":null},{"id":"composition_commit","label":"Composition commit","seconds":0.006412,"children":null},{"id":"oods_point_and_mask_points","label":"OODS point and mask points","seconds":0.000245,"children":null},{"id":"sampled_value_evaluation","label":"Sampled-value evaluation","seconds":0.182035,"children":null},{"id":"sampled_value_channel_mix","label":"Sampled-value channel mix","seconds":0.000053,"children":null},{"id":"fri_quotient_build_and_commit","label":"FRI quotient build + commit (lazy)","seconds":0.081762,"children":null},{"id":"proof_of_work","label":"Proof of work","seconds":0.013666,"children":null},{"id":"fri_decommit","label":"FRI decommit","seconds":0.006265,"children":null},{"id":"trace_decommit","label":"Trace decommit","seconds":0.001623,"children":null},{"id":"constraint_check_and_assembly","label":"Constraint check and assembly","seconds":0.0003,"children":null}]}]}
METAL_STREAM_LEAVES columns=139 log=21 tile_log=17 scratch_bytes=67108864 working_bytes=46137344 dispatches=32 overlap=true gpu_ms=6.752
METAL_STREAM_LEAVES columns=139 log=21 tile_log=17 scratch_bytes=67108864 working_bytes=46137344 dispatches=32 overlap=true gpu_ms=4.390
METAL_STREAM_LEAVES columns=642 log=21 tile_log=17 scratch_bytes=67108864 working_bytes=62914560 dispatches=160 overlap=true gpu_ms=17.928
METAL_FRAMEWORK_INTERACTION rows=1048576 batches=31 gpu_ms=32.200624991673976
METAL_FRAMEWORK_INTERACTION rows=262144 batches=4 gpu_ms=0.4621249972842634
METAL_FRAMEWORK_INTERACTION rows=262144 batches=1 gpu_ms=0.24125000345520675
METAL_FRAMEWORK_INTERACTION rows=131072 batches=2 gpu_ms=0.24074999964796007
METAL_FRAMEWORK_INTERACTION rows=1024 batches=2 gpu_ms=0.052833318477496505
METAL_FRAMEWORK_INTERACTION rows=4096 batches=1 gpu_ms=0.05275002331472933
METAL_FRAMEWORK_INTERACTION rows=4096 batches=2 gpu_ms=0.040875020204111934
METAL_FRAMEWORK_INTERACTION rows=8192 batches=1 gpu_ms=0.03754167119041085
METAL_STREAM_LEAVES columns=600 log=21 tile_log=17 scratch_bytes=67108864 working_bytes=62914560 dispatches=160 overlap=true gpu_ms=19.539
METAL_FRAMEWORK_COMPOSITION components=8 groups=6 gpu_ms=56.590
BLAKE3_EXECUTION_STAGE_PROFILE {"schema_version":1,"runtime":"native","example":"blake3-execution","stages":[{"id":"execution.fixed","label":"Admission and fixed commitment","seconds":0.092892,"children":null},{"id":"execution.main","label":"Main commitment","seconds":0.194975,"children":null},{"id":"execution.native_interaction","label":"Native interaction generation","seconds":0.089974,"children":null},{"id":"execution.hash_interaction","label":"Hash interaction generation","seconds":0.13324,"children":null},{"id":"execution.interaction_commit","label":"Interaction closure and commitment","seconds":0.213208,"children":null},{"id":"execution.core","label":"Core STARK proof","seconds":0.530298,"children":[{"id":"draw_random_coeff","label":"Draw random coefficient","seconds":0,"children":null},{"id":"composition_trace_extract","label":"Composition trace extract","seconds":0.000006,"children":null},{"id":"composition_evaluation","label":"Composition evaluation","seconds":0.215506,"children":null},{"id":"composition_interpolate_and_split","label":"Composition interpolate and split","seconds":0.004698,"children":null},{"id":"composition_commit","label":"Composition commit","seconds":0.006306,"children":null},{"id":"oods_point_and_mask_points","label":"OODS point and mask points","seconds":0.000339,"children":null},{"id":"sampled_value_evaluation","label":"Sampled-value evaluation","seconds":0.184774,"children":null},{"id":"sampled_value_channel_mix","label":"Sampled-value channel mix","seconds":0.000067,"children":null},{"id":"fri_quotient_build_and_commit","label":"FRI quotient build + commit (lazy)","seconds":0.08226,"children":null},{"id":"proof_of_work","label":"Proof of work","seconds":0.01353,"children":null},{"id":"fri_decommit","label":"FRI decommit","seconds":0.00726,"children":null},{"id":"trace_decommit","label":"Trace decommit","seconds":0.001652,"children":null},{"id":"constraint_check_and_assembly","label":"Constraint check and assembly","seconds":0.000271,"children":null}]}]}
METAL_STREAM_LEAVES columns=139 log=21 tile_log=17 scratch_bytes=67108864 working_bytes=46137344 dispatches=32 overlap=true gpu_ms=5.526
METAL_STREAM_LEAVES columns=139 log=21 tile_log=17 scratch_bytes=67108864 working_bytes=46137344 dispatches=32 overlap=true gpu_ms=4.487
METAL_STREAM_LEAVES columns=642 log=21 tile_log=17 scratch_bytes=67108864 working_bytes=62914560 dispatches=160 overlap=true gpu_ms=21.234
METAL_FRAMEWORK_INTERACTION rows=1048576 batches=31 gpu_ms=35.406583338044584
METAL_FRAMEWORK_INTERACTION rows=262144 batches=4 gpu_ms=0.47362499753944576
METAL_FRAMEWORK_INTERACTION rows=262144 batches=1 gpu_ms=0.2945000014733523
METAL_FRAMEWORK_INTERACTION rows=131072 batches=2 gpu_ms=0.3346250159665942
METAL_FRAMEWORK_INTERACTION rows=1024 batches=2 gpu_ms=0.051000009989365935
METAL_FRAMEWORK_INTERACTION rows=4096 batches=1 gpu_ms=0.05137501284480095
METAL_FRAMEWORK_INTERACTION rows=4096 batches=2 gpu_ms=0.0703750120010227
METAL_FRAMEWORK_INTERACTION rows=8192 batches=1 gpu_ms=0.03200001083314419
METAL_STREAM_LEAVES columns=600 log=21 tile_log=17 scratch_bytes=67108864 working_bytes=62914560 dispatches=160 overlap=true gpu_ms=20.381
METAL_FRAMEWORK_COMPOSITION components=8 groups=6 gpu_ms=56.219
BLAKE3_EXECUTION_STAGE_PROFILE {"schema_version":1,"runtime":"native","example":"blake3-execution","stages":[{"id":"execution.fixed","label":"Admission and fixed commitment","seconds":0.091905,"children":null},{"id":"execution.main","label":"Main commitment","seconds":0.199623,"children":null},{"id":"execution.native_interaction","label":"Native interaction generation","seconds":0.090294,"children":null},{"id":"execution.hash_interaction","label":"Hash interaction generation","seconds":0.13706,"children":null},{"id":"execution.interaction_commit","label":"Interaction closure and commitment","seconds":0.219358,"children":null},{"id":"execution.core","label":"Core STARK proof","seconds":0.528115,"children":[{"id":"draw_random_coeff","label":"Draw random coefficient","seconds":0.000001,"children":null},{"id":"composition_trace_extract","label":"Composition trace extract","seconds":0.000006,"children":null},{"id":"composition_evaluation","label":"Composition evaluation","seconds":0.216304,"children":null},{"id":"composition_interpolate_and_split","label":"Composition interpolate and split","seconds":0.004578,"children":null},{"id":"composition_commit","label":"Composition commit","seconds":0.006435,"children":null},{"id":"oods_point_and_mask_points","label":"OODS point and mask points","seconds":0.00024,"children":null},{"id":"sampled_value_evaluation","label":"Sampled-value evaluation","seconds":0.183599,"children":null},{"id":"sampled_value_channel_mix","label":"Sampled-value channel mix","seconds":0.000067,"children":null},{"id":"fri_quotient_build_and_commit","label":"FRI quotient build + commit (lazy)","seconds":0.079968,"children":null},{"id":"proof_of_work","label":"Proof of work","seconds":0.013667,"children":null},{"id":"fri_decommit","label":"FRI decommit","seconds":0.006241,"children":null},{"id":"trace_decommit","label":"Trace decommit","seconds":0.001618,"children":null},{"id":"constraint_check_and_assembly","label":"Constraint check and assembly","seconds":0.000219,"children":null}]}]}
