METAL_STREAM_LEAVES columns=139 log=21 tile_log=17 scratch_bytes=67108864 working_bytes=46137344 dispatches=32 overlap=true gpu_ms=6.253
METAL_STREAM_LEAVES columns=139 log=21 tile_log=17 scratch_bytes=67108864 working_bytes=46137344 dispatches=32 overlap=true gpu_ms=6.008
METAL_STREAM_LEAVES columns=642 log=21 tile_log=17 scratch_bytes=67108864 working_bytes=62914560 dispatches=160 overlap=true gpu_ms=19.994
METAL_FRAMEWORK_INTERACTION rows=1048576 batches=31 gpu_ms=36.801541660679504
METAL_FRAMEWORK_INTERACTION rows=262144 batches=4 gpu_ms=0.4641250125132501
METAL_FRAMEWORK_INTERACTION rows=262144 batches=1 gpu_ms=0.23708332446403801
METAL_FRAMEWORK_INTERACTION rows=131072 batches=2 gpu_ms=0.3418749838601798
METAL_FRAMEWORK_INTERACTION rows=1024 batches=2 gpu_ms=0.05549998604692519
METAL_FRAMEWORK_INTERACTION rows=4096 batches=1 gpu_ms=0.05275002331472933
METAL_FRAMEWORK_INTERACTION rows=4096 batches=2 gpu_ms=0.049458350986242294
METAL_FRAMEWORK_INTERACTION rows=8192 batches=1 gpu_ms=0.023125001462176442
METAL_STREAM_LEAVES columns=600 log=21 tile_log=17 scratch_bytes=67108864 working_bytes=62914560 dispatches=160 overlap=true gpu_ms=19.615
METAL_FRAMEWORK_COMPOSITION components=8 groups=6 gpu_ms=56.853
BLAKE3_EXECUTION_STAGE_PROFILE {"schema_version":1,"runtime":"native","example":"blake3-execution","stages":[{"id":"execution.fixed","label":"Admission and fixed commitment","seconds":0.095038,"children":null},{"id":"execution.main","label":"Main commitment","seconds":0.194405,"children":null},{"id":"execution.native_interaction","label":"Native interaction generation","seconds":0.089561,"children":null},{"id":"execution.hash_interaction","label":"Hash interaction generation","seconds":0.139864,"children":null},{"id":"execution.interaction_commit","label":"Interaction closure and commitment","seconds":0.21722,"children":null},{"id":"execution.core","label":"Core STARK proof","seconds":0.57369,"children":[{"id":"draw_random_coeff","label":"Draw random coefficient","seconds":0,"children":null},{"id":"composition_trace_extract","label":"Composition trace extract","seconds":0.000007,"children":null},{"id":"composition_evaluation","label":"Composition evaluation","seconds":0.258529,"children":null},{"id":"composition_interpolate_and_split","label":"Composition interpolate and split","seconds":0.004836,"children":null},{"id":"composition_commit","label":"Composition commit","seconds":0.006751,"children":null},{"id":"oods_point_and_mask_points","label":"OODS point and mask points","seconds":0.00028,"children":null},{"id":"sampled_value_evaluation","label":"Sampled-value evaluation","seconds":0.182197,"children":null},{"id":"sampled_value_channel_mix","label":"Sampled-value channel mix","seconds":0.000054,"children":null},{"id":"fri_quotient_build_and_commit","label":"FRI quotient build + commit (lazy)","seconds":0.083916,"children":null},{"id":"proof_of_work","label":"Proof of work","seconds":0.013722,"children":null},{"id":"fri_decommit","label":"FRI decommit","seconds":0.006193,"children":null},{"id":"trace_decommit","label":"Trace decommit","seconds":0.001542,"children":null},{"id":"constraint_check_and_assembly","label":"Constraint check and assembly","seconds":0.00026,"children":null}]}]}
METAL_STREAM_LEAVES columns=139 log=21 tile_log=17 scratch_bytes=67108864 working_bytes=46137344 dispatches=32 overlap=true gpu_ms=5.485
METAL_STREAM_LEAVES columns=139 log=21 tile_log=17 scratch_bytes=67108864 working_bytes=46137344 dispatches=32 overlap=true gpu_ms=5.249
METAL_STREAM_LEAVES columns=642 log=21 tile_log=17 scratch_bytes=67108864 working_bytes=62914560 dispatches=160 overlap=true gpu_ms=23.870
METAL_FRAMEWORK_INTERACTION rows=1048576 batches=31 gpu_ms=37.17212501214817
METAL_FRAMEWORK_INTERACTION rows=262144 batches=4 gpu_ms=0.46587499673478305
METAL_FRAMEWORK_INTERACTION rows=262144 batches=1 gpu_ms=0.24887500330805779
METAL_FRAMEWORK_INTERACTION rows=131072 batches=2 gpu_ms=0.47825000365264714
METAL_FRAMEWORK_INTERACTION rows=1024 batches=2 gpu_ms=0.03441667649894953
METAL_FRAMEWORK_INTERACTION rows=4096 batches=1 gpu_ms=0.053291674703359604
METAL_FRAMEWORK_INTERACTION rows=4096 batches=2 gpu_ms=0.039749982533976436
METAL_FRAMEWORK_INTERACTION rows=8192 batches=1 gpu_ms=0.02641667379066348
METAL_STREAM_LEAVES columns=600 log=21 tile_log=17 scratch_bytes=67108864 working_bytes=62914560 dispatches=160 overlap=true gpu_ms=20.356
METAL_FRAMEWORK_COMPOSITION components=8 groups=6 gpu_ms=56.307
BLAKE3_EXECUTION_STAGE_PROFILE {"schema_version":1,"runtime":"native","example":"blake3-execution","stages":[{"id":"execution.fixed","label":"Admission and fixed commitment","seconds":0.094774,"children":null},{"id":"execution.main","label":"Main commitment","seconds":0.205407,"children":null},{"id":"execution.native_interaction","label":"Native interaction generation","seconds":0.093256,"children":null},{"id":"execution.hash_interaction","label":"Hash interaction generation","seconds":0.138283,"children":null},{"id":"execution.interaction_commit","label":"Interaction closure and commitment","seconds":0.222305,"children":null},{"id":"execution.core","label":"Core STARK proof","seconds":0.527653,"children":[{"id":"draw_random_coeff","label":"Draw random coefficient","seconds":0,"children":null},{"id":"composition_trace_extract","label":"Composition trace extract","seconds":0.000006,"children":null},{"id":"composition_evaluation","label":"Composition evaluation","seconds":0.214971,"children":null},{"id":"composition_interpolate_and_split","label":"Composition interpolate and split","seconds":0.004579,"children":null},{"id":"composition_commit","label":"Composition commit","seconds":0.006295,"children":null},{"id":"oods_point_and_mask_points","label":"OODS point and mask points","seconds":0.000254,"children":null},{"id":"sampled_value_evaluation","label":"Sampled-value evaluation","seconds":0.185124,"children":null},{"id":"sampled_value_channel_mix","label":"Sampled-value channel mix","seconds":0.000068,"children":null},{"id":"fri_quotient_build_and_commit","label":"FRI quotient build + commit (lazy)","seconds":0.080493,"children":null},{"id":"proof_of_work","label":"Proof of work","seconds":0.013354,"children":null},{"id":"fri_decommit","label":"FRI decommit","seconds":0.006815,"children":null},{"id":"trace_decommit","label":"Trace decommit","seconds":0.001536,"children":null},{"id":"constraint_check_and_assembly","label":"Constraint check and assembly","seconds":0.000225,"children":null}]}]}
METAL_STREAM_LEAVES columns=139 log=21 tile_log=17 scratch_bytes=67108864 working_bytes=46137344 dispatches=32 overlap=true gpu_ms=5.788
METAL_STREAM_LEAVES columns=139 log=21 tile_log=17 scratch_bytes=67108864 working_bytes=46137344 dispatches=32 overlap=true gpu_ms=7.113
METAL_STREAM_LEAVES columns=642 log=21 tile_log=17 scratch_bytes=67108864 working_bytes=62914560 dispatches=160 overlap=true gpu_ms=28.189
METAL_FRAMEWORK_INTERACTION rows=1048576 batches=31 gpu_ms=35.961874993517995
METAL_FRAMEWORK_INTERACTION rows=262144 batches=4 gpu_ms=0.4492499865591526
METAL_FRAMEWORK_INTERACTION rows=262144 batches=1 gpu_ms=0.2772499865386635
METAL_FRAMEWORK_INTERACTION rows=131072 batches=2 gpu_ms=0.2589999930933118
METAL_FRAMEWORK_INTERACTION rows=1024 batches=2 gpu_ms=0.05304167279973626
METAL_FRAMEWORK_INTERACTION rows=4096 batches=1 gpu_ms=0.030541676096618176
METAL_FRAMEWORK_INTERACTION rows=4096 batches=2 gpu_ms=0.12458334094844759
METAL_FRAMEWORK_INTERACTION rows=8192 batches=1 gpu_ms=0.026166671887040138
METAL_STREAM_LEAVES columns=600 log=21 tile_log=17 scratch_bytes=67108864 working_bytes=62914560 dispatches=160 overlap=true gpu_ms=19.584
METAL_FRAMEWORK_COMPOSITION components=8 groups=6 gpu_ms=56.937
BLAKE3_EXECUTION_STAGE_PROFILE {"schema_version":1,"runtime":"native","example":"blake3-execution","stages":[{"id":"execution.fixed","label":"Admission and fixed commitment","seconds":0.103581,"children":null},{"id":"execution.main","label":"Main commitment","seconds":0.201186,"children":null},{"id":"execution.native_interaction","label":"Native interaction generation","seconds":0.095608,"children":null},{"id":"execution.hash_interaction","label":"Hash interaction generation","seconds":0.136316,"children":null},{"id":"execution.interaction_commit","label":"Interaction closure and commitment","seconds":0.215505,"children":null},{"id":"execution.core","label":"Core STARK proof","seconds":0.533393,"children":[{"id":"draw_random_coeff","label":"Draw random coefficient","seconds":0.000001,"children":null},{"id":"composition_trace_extract","label":"Composition trace extract","seconds":0.000008,"children":null},{"id":"composition_evaluation","label":"Composition evaluation","seconds":0.220084,"children":null},{"id":"composition_interpolate_and_split","label":"Composition interpolate and split","seconds":0.004895,"children":null},{"id":"composition_commit","label":"Composition commit","seconds":0.006418,"children":null},{"id":"oods_point_and_mask_points","label":"OODS point and mask points","seconds":0.000289,"children":null},{"id":"sampled_value_evaluation","label":"Sampled-value evaluation","seconds":0.181896,"children":null},{"id":"sampled_value_channel_mix","label":"Sampled-value channel mix","seconds":0.000054,"children":null},{"id":"fri_quotient_build_and_commit","label":"FRI quotient build + commit (lazy)","seconds":0.083155,"children":null},{"id":"proof_of_work","label":"Proof of work","seconds":0.013568,"children":null},{"id":"fri_decommit","label":"FRI decommit","seconds":0.006924,"children":null},{"id":"trace_decommit","label":"Trace decommit","seconds":0.001176,"children":null},{"id":"constraint_check_and_assembly","label":"Constraint check and assembly","seconds":0.000249,"children":null}]}]}
