METAL_STREAM_LEAVES columns=137 log=20 tile_log=17 scratch_bytes=67108864 working_bytes=46137344 dispatches=24 overlap=true gpu_ms=2.434
METAL_STREAM_LEAVES columns=137 log=20 tile_log=17 scratch_bytes=67108864 working_bytes=46137344 dispatches=24 overlap=true gpu_ms=2.480
METAL_STREAM_LEAVES columns=607 log=20 tile_log=17 scratch_bytes=67108864 working_bytes=62914560 dispatches=72 overlap=true gpu_ms=10.450
METAL_FRAMEWORK_INTERACTION rows=524288 batches=31 gpu_ms=17.460875009419397
METAL_FRAMEWORK_INTERACTION rows=131072 batches=4 gpu_ms=0.26037500356324017
METAL_FRAMEWORK_INTERACTION rows=262144 batches=1 gpu_ms=0.2624999906402081
METAL_FRAMEWORK_INTERACTION rows=131072 batches=2 gpu_ms=0.3701249952428043
METAL_FRAMEWORK_INTERACTION rows=1024 batches=2 gpu_ms=0.03391667269170284
METAL_FRAMEWORK_INTERACTION rows=4096 batches=1 gpu_ms=0.036583340261131525
METAL_FRAMEWORK_INTERACTION rows=4096 batches=2 gpu_ms=0.046791654312983155
METAL_FRAMEWORK_INTERACTION rows=8192 batches=1 gpu_ms=0.02762500662356615
METAL_STREAM_LEAVES columns=564 log=20 tile_log=17 scratch_bytes=67108864 working_bytes=62914560 dispatches=80 overlap=true gpu_ms=9.894
METAL_FRAMEWORK_COMPOSITION components=8 groups=6 gpu_ms=29.167
BLAKE3_EXECUTION_STAGE_PROFILE {"schema_version":1,"runtime":"native","example":"blake3-execution","stages":[{"id":"execution.fixed","label":"Admission and fixed commitment","seconds":0.059086,"children":null},{"id":"execution.main","label":"Main commitment","seconds":0.097919,"children":null},{"id":"execution.native_interaction","label":"Native interaction generation","seconds":0.015726,"children":null},{"id":"execution.hash_interaction","label":"Hash interaction generation","seconds":0.075328,"children":null},{"id":"execution.interaction_commit","label":"Interaction closure and commitment","seconds":0.108578,"children":null},{"id":"execution.core","label":"Core STARK proof","seconds":0.246571,"children":[{"id":"draw_random_coeff","label":"Draw random coefficient","seconds":0,"children":null},{"id":"composition_trace_extract","label":"Composition trace extract","seconds":0.000008,"children":null},{"id":"composition_evaluation","label":"Composition evaluation","seconds":0.134291,"children":null},{"id":"composition_interpolate_and_split","label":"Composition interpolate and split","seconds":0.002386,"children":null},{"id":"composition_commit","label":"Composition commit","seconds":0.003139,"children":null},{"id":"oods_point_and_mask_points","label":"OODS point and mask points","seconds":0.00024,"children":null},{"id":"sampled_value_evaluation","label":"Sampled-value evaluation","seconds":0.027881,"children":null},{"id":"sampled_value_channel_mix","label":"Sampled-value channel mix","seconds":0.000051,"children":null},{"id":"fri_quotient_build_and_commit","label":"FRI quotient build + commit (lazy)","seconds":0.046415,"children":null},{"id":"proof_of_work","label":"Proof of work","seconds":0.02232,"children":null},{"id":"fri_decommit","label":"FRI decommit","seconds":0.001442,"children":null},{"id":"trace_decommit","label":"Trace decommit","seconds":0.001417,"children":null},{"id":"constraint_check_and_assembly","label":"Constraint check and assembly","seconds":0.000236,"children":null}]}]}
METAL_STREAM_LEAVES columns=137 log=20 tile_log=17 scratch_bytes=67108864 working_bytes=46137344 dispatches=24 overlap=true gpu_ms=2.938
METAL_STREAM_LEAVES columns=137 log=20 tile_log=17 scratch_bytes=67108864 working_bytes=46137344 dispatches=24 overlap=true gpu_ms=4.386
METAL_STREAM_LEAVES columns=607 log=20 tile_log=17 scratch_bytes=67108864 working_bytes=62914560 dispatches=72 overlap=true gpu_ms=9.576
METAL_FRAMEWORK_INTERACTION rows=524288 batches=31 gpu_ms=19.263124995632097
METAL_FRAMEWORK_INTERACTION rows=131072 batches=4 gpu_ms=0.36104166065342724
METAL_FRAMEWORK_INTERACTION rows=262144 batches=1 gpu_ms=0.3534166608005762
METAL_FRAMEWORK_INTERACTION rows=131072 batches=2 gpu_ms=0.2955000090878457
METAL_FRAMEWORK_INTERACTION rows=1024 batches=2 gpu_ms=0.05345832323655486
METAL_FRAMEWORK_INTERACTION rows=4096 batches=1 gpu_ms=0.06987497908994555
METAL_FRAMEWORK_INTERACTION rows=4096 batches=2 gpu_ms=0.054500007536262274
METAL_FRAMEWORK_INTERACTION rows=8192 batches=1 gpu_ms=0.03320834366604686
METAL_STREAM_LEAVES columns=564 log=20 tile_log=17 scratch_bytes=67108864 working_bytes=62914560 dispatches=80 overlap=true gpu_ms=10.229
METAL_FRAMEWORK_COMPOSITION components=8 groups=6 gpu_ms=30.180
BLAKE3_EXECUTION_STAGE_PROFILE {"schema_version":1,"runtime":"native","example":"blake3-execution","stages":[{"id":"execution.fixed","label":"Admission and fixed commitment","seconds":0.061205,"children":null},{"id":"execution.main","label":"Main commitment","seconds":0.099823,"children":null},{"id":"execution.native_interaction","label":"Native interaction generation","seconds":0.015645,"children":null},{"id":"execution.hash_interaction","label":"Hash interaction generation","seconds":0.07254,"children":null},{"id":"execution.interaction_commit","label":"Interaction closure and commitment","seconds":0.109669,"children":null},{"id":"execution.core","label":"Core STARK proof","seconds":0.235001,"children":[{"id":"draw_random_coeff","label":"Draw random coefficient","seconds":0,"children":null},{"id":"composition_trace_extract","label":"Composition trace extract","seconds":0.000006,"children":null},{"id":"composition_evaluation","label":"Composition evaluation","seconds":0.12066,"children":null},{"id":"composition_interpolate_and_split","label":"Composition interpolate and split","seconds":0.002366,"children":null},{"id":"composition_commit","label":"Composition commit","seconds":0.003105,"children":null},{"id":"oods_point_and_mask_points","label":"OODS point and mask points","seconds":0.000248,"children":null},{"id":"sampled_value_evaluation","label":"Sampled-value evaluation","seconds":0.030107,"children":null},{"id":"sampled_value_channel_mix","label":"Sampled-value channel mix","seconds":0.000052,"children":null},{"id":"fri_quotient_build_and_commit","label":"FRI quotient build + commit (lazy)","seconds":0.046942,"children":null},{"id":"proof_of_work","label":"Proof of work","seconds":0.02185,"children":null},{"id":"fri_decommit","label":"FRI decommit","seconds":0.001341,"children":null},{"id":"trace_decommit","label":"Trace decommit","seconds":0.001397,"children":null},{"id":"constraint_check_and_assembly","label":"Constraint check and assembly","seconds":0.000205,"children":null}]}]}
METAL_STREAM_LEAVES columns=137 log=20 tile_log=17 scratch_bytes=67108864 working_bytes=46137344 dispatches=24 overlap=true gpu_ms=2.633
METAL_STREAM_LEAVES columns=137 log=20 tile_log=17 scratch_bytes=67108864 working_bytes=46137344 dispatches=24 overlap=true gpu_ms=3.285
METAL_STREAM_LEAVES columns=607 log=20 tile_log=17 scratch_bytes=67108864 working_bytes=62914560 dispatches=72 overlap=true gpu_ms=10.320
METAL_FRAMEWORK_INTERACTION rows=524288 batches=31 gpu_ms=21.745374979218468
METAL_FRAMEWORK_INTERACTION rows=131072 batches=4 gpu_ms=0.25025001377798617
METAL_FRAMEWORK_INTERACTION rows=262144 batches=1 gpu_ms=0.2624166663736105
METAL_FRAMEWORK_INTERACTION rows=131072 batches=2 gpu_ms=0.31512498389929533
METAL_FRAMEWORK_INTERACTION rows=1024 batches=2 gpu_ms=0.028958340408280492
METAL_FRAMEWORK_INTERACTION rows=4096 batches=1 gpu_ms=0.031166680855676532
METAL_FRAMEWORK_INTERACTION rows=4096 batches=2 gpu_ms=0.040333339711651206
METAL_FRAMEWORK_INTERACTION rows=8192 batches=1 gpu_ms=0.02400000812485814
METAL_STREAM_LEAVES columns=564 log=20 tile_log=17 scratch_bytes=67108864 working_bytes=62914560 dispatches=80 overlap=true gpu_ms=9.691
METAL_FRAMEWORK_COMPOSITION components=8 groups=6 gpu_ms=28.563
BLAKE3_EXECUTION_STAGE_PROFILE {"schema_version":1,"runtime":"native","example":"blake3-execution","stages":[{"id":"execution.fixed","label":"Admission and fixed commitment","seconds":0.058807,"children":null},{"id":"execution.main","label":"Main commitment","seconds":0.100822,"children":null},{"id":"execution.native_interaction","label":"Native interaction generation","seconds":0.015824,"children":null},{"id":"execution.hash_interaction","label":"Hash interaction generation","seconds":0.074208,"children":null},{"id":"execution.interaction_commit","label":"Interaction closure and commitment","seconds":0.108848,"children":null},{"id":"execution.core","label":"Core STARK proof","seconds":0.233527,"children":[{"id":"draw_random_coeff","label":"Draw random coefficient","seconds":0.000001,"children":null},{"id":"composition_trace_extract","label":"Composition trace extract","seconds":0.000005,"children":null},{"id":"composition_evaluation","label":"Composition evaluation","seconds":0.120253,"children":null},{"id":"composition_interpolate_and_split","label":"Composition interpolate and split","seconds":0.00245,"children":null},{"id":"composition_commit","label":"Composition commit","seconds":0.003229,"children":null},{"id":"oods_point_and_mask_points","label":"OODS point and mask points","seconds":0.000233,"children":null},{"id":"sampled_value_evaluation","label":"Sampled-value evaluation","seconds":0.028884,"children":null},{"id":"sampled_value_channel_mix","label":"Sampled-value channel mix","seconds":0.000049,"children":null},{"id":"fri_quotient_build_and_commit","label":"FRI quotient build + commit (lazy)","seconds":0.045952,"children":null},{"id":"proof_of_work","label":"Proof of work","seconds":0.022109,"children":null},{"id":"fri_decommit","label":"FRI decommit","seconds":0.001369,"children":null},{"id":"trace_decommit","label":"Trace decommit","seconds":0.00186,"children":null},{"id":"constraint_check_and_assembly","label":"Constraint check and assembly","seconds":0.000216,"children":null}]}]}
