METAL_STREAM_LEAVES columns=139 log=21 tile_log=17 scratch_bytes=67108864 working_bytes=46137344 dispatches=32 overlap=true gpu_ms=5.004
METAL_STREAM_LEAVES columns=139 log=21 tile_log=17 scratch_bytes=67108864 working_bytes=46137344 dispatches=32 overlap=true gpu_ms=5.952
METAL_STREAM_LEAVES columns=642 log=21 tile_log=17 scratch_bytes=67108864 working_bytes=62914560 dispatches=160 overlap=true gpu_ms=16.368
METAL_FRAMEWORK_INTERACTION rows=1048576 batches=31 gpu_ms=31.41600001254119
METAL_FRAMEWORK_INTERACTION rows=262144 batches=4 gpu_ms=0.4816250002477318
METAL_FRAMEWORK_INTERACTION rows=262144 batches=1 gpu_ms=0.2748749975580722
METAL_FRAMEWORK_INTERACTION rows=131072 batches=2 gpu_ms=0.4037500184495002
METAL_FRAMEWORK_INTERACTION rows=1024 batches=2 gpu_ms=0.054958334658294916
METAL_FRAMEWORK_INTERACTION rows=4096 batches=1 gpu_ms=0.12004165910184383
METAL_FRAMEWORK_INTERACTION rows=4096 batches=2 gpu_ms=0.039666687371209264
METAL_FRAMEWORK_INTERACTION rows=8192 batches=1 gpu_ms=0.037375022657215595
METAL_STREAM_LEAVES columns=600 log=21 tile_log=17 scratch_bytes=67108864 working_bytes=62914560 dispatches=160 overlap=true gpu_ms=20.133
METAL_FRAMEWORK_COMPOSITION components=8 groups=6 gpu_ms=56.553
BLAKE3_EXECUTION_STAGE_PROFILE {"schema_version":1,"runtime":"native","example":"blake3-execution","stages":[{"id":"execution.fixed","label":"Admission and fixed commitment","seconds":0.09414,"children":null},{"id":"execution.main","label":"Main commitment","seconds":0.193604,"children":null},{"id":"execution.native_interaction","label":"Native interaction generation","seconds":0.099024,"children":null},{"id":"execution.hash_interaction","label":"Hash interaction generation","seconds":0.138511,"children":null},{"id":"execution.interaction_commit","label":"Interaction closure and commitment","seconds":0.219212,"children":null},{"id":"execution.core","label":"Core STARK proof","seconds":0.564592,"children":[{"id":"draw_random_coeff","label":"Draw random coefficient","seconds":0.000001,"children":null},{"id":"composition_trace_extract","label":"Composition trace extract","seconds":0.000007,"children":null},{"id":"composition_evaluation","label":"Composition evaluation","seconds":0.247376,"children":null},{"id":"composition_interpolate_and_split","label":"Composition interpolate and split","seconds":0.004771,"children":null},{"id":"composition_commit","label":"Composition commit","seconds":0.006292,"children":null},{"id":"oods_point_and_mask_points","label":"OODS point and mask points","seconds":0.000253,"children":null},{"id":"sampled_value_evaluation","label":"Sampled-value evaluation","seconds":0.184552,"children":null},{"id":"sampled_value_channel_mix","label":"Sampled-value channel mix","seconds":0.000053,"children":null},{"id":"fri_quotient_build_and_commit","label":"FRI quotient build + commit (lazy)","seconds":0.082901,"children":null},{"id":"proof_of_work","label":"Proof of work","seconds":0.014384,"children":null},{"id":"fri_decommit","label":"FRI decommit","seconds":0.006396,"children":null},{"id":"trace_decommit","label":"Trace decommit","seconds":0.0017,"children":null},{"id":"constraint_check_and_assembly","label":"Constraint check and assembly","seconds":0.000258,"children":null}]}]}
METAL_STREAM_LEAVES columns=139 log=21 tile_log=17 scratch_bytes=67108864 working_bytes=46137344 dispatches=32 overlap=true gpu_ms=4.806
METAL_STREAM_LEAVES columns=139 log=21 tile_log=17 scratch_bytes=67108864 working_bytes=46137344 dispatches=32 overlap=true gpu_ms=5.358
METAL_STREAM_LEAVES columns=642 log=21 tile_log=17 scratch_bytes=67108864 working_bytes=62914560 dispatches=160 overlap=true gpu_ms=15.238
METAL_FRAMEWORK_INTERACTION rows=1048576 batches=31 gpu_ms=30.715500004589558
METAL_FRAMEWORK_INTERACTION rows=262144 batches=4 gpu_ms=0.45862499973736703
METAL_FRAMEWORK_INTERACTION rows=262144 batches=1 gpu_ms=0.3323333221487701
METAL_FRAMEWORK_INTERACTION rows=131072 batches=2 gpu_ms=0.278375024208799
METAL_FRAMEWORK_INTERACTION rows=1024 batches=2 gpu_ms=0.045374996261671185
METAL_FRAMEWORK_INTERACTION rows=4096 batches=1 gpu_ms=0.11850000009872019
METAL_FRAMEWORK_INTERACTION rows=4096 batches=2 gpu_ms=0.04849999095313251
METAL_FRAMEWORK_INTERACTION rows=8192 batches=1 gpu_ms=0.036500015994533896
METAL_STREAM_LEAVES columns=600 log=21 tile_log=17 scratch_bytes=67108864 working_bytes=62914560 dispatches=160 overlap=true gpu_ms=19.495
METAL_FRAMEWORK_COMPOSITION components=8 groups=6 gpu_ms=56.222
BLAKE3_EXECUTION_STAGE_PROFILE {"schema_version":1,"runtime":"native","example":"blake3-execution","stages":[{"id":"execution.fixed","label":"Admission and fixed commitment","seconds":0.093098,"children":null},{"id":"execution.main","label":"Main commitment","seconds":0.193932,"children":null},{"id":"execution.native_interaction","label":"Native interaction generation","seconds":0.098106,"children":null},{"id":"execution.hash_interaction","label":"Hash interaction generation","seconds":0.129898,"children":null},{"id":"execution.interaction_commit","label":"Interaction closure and commitment","seconds":0.218289,"children":null},{"id":"execution.core","label":"Core STARK proof","seconds":0.535218,"children":[{"id":"draw_random_coeff","label":"Draw random coefficient","seconds":0,"children":null},{"id":"composition_trace_extract","label":"Composition trace extract","seconds":0.000008,"children":null},{"id":"composition_evaluation","label":"Composition evaluation","seconds":0.217693,"children":null},{"id":"composition_interpolate_and_split","label":"Composition interpolate and split","seconds":0.004698,"children":null},{"id":"composition_commit","label":"Composition commit","seconds":0.006245,"children":null},{"id":"oods_point_and_mask_points","label":"OODS point and mask points","seconds":0.00026,"children":null},{"id":"sampled_value_evaluation","label":"Sampled-value evaluation","seconds":0.187203,"children":null},{"id":"sampled_value_channel_mix","label":"Sampled-value channel mix","seconds":0.000055,"children":null},{"id":"fri_quotient_build_and_commit","label":"FRI quotient build + commit (lazy)","seconds":0.082248,"children":null},{"id":"proof_of_work","label":"Proof of work","seconds":0.013364,"children":null},{"id":"fri_decommit","label":"FRI decommit","seconds":0.006199,"children":null},{"id":"trace_decommit","label":"Trace decommit","seconds":0.001635,"children":null},{"id":"constraint_check_and_assembly","label":"Constraint check and assembly","seconds":0.000232,"children":null}]}]}
METAL_STREAM_LEAVES columns=139 log=21 tile_log=17 scratch_bytes=67108864 working_bytes=46137344 dispatches=32 overlap=true gpu_ms=4.917
METAL_STREAM_LEAVES columns=139 log=21 tile_log=17 scratch_bytes=67108864 working_bytes=46137344 dispatches=32 overlap=true gpu_ms=6.085
METAL_STREAM_LEAVES columns=642 log=21 tile_log=17 scratch_bytes=67108864 working_bytes=62914560 dispatches=160 overlap=true gpu_ms=20.350
METAL_FRAMEWORK_INTERACTION rows=1048576 batches=31 gpu_ms=40.44575002626516
METAL_FRAMEWORK_INTERACTION rows=262144 batches=4 gpu_ms=0.4595416830852628
METAL_FRAMEWORK_INTERACTION rows=262144 batches=1 gpu_ms=0.25337497936561704
METAL_FRAMEWORK_INTERACTION rows=131072 batches=2 gpu_ms=0.35795834264717996
METAL_FRAMEWORK_INTERACTION rows=1024 batches=2 gpu_ms=0.028874987037852407
METAL_FRAMEWORK_INTERACTION rows=4096 batches=1 gpu_ms=0.11779167107306421
METAL_FRAMEWORK_INTERACTION rows=4096 batches=2 gpu_ms=0.045249995309859514
METAL_FRAMEWORK_INTERACTION rows=8192 batches=1 gpu_ms=0.03749999450519681
METAL_STREAM_LEAVES columns=600 log=21 tile_log=17 scratch_bytes=67108864 working_bytes=62914560 dispatches=160 overlap=true gpu_ms=19.654
METAL_FRAMEWORK_COMPOSITION components=8 groups=6 gpu_ms=56.812
BLAKE3_EXECUTION_STAGE_PROFILE {"schema_version":1,"runtime":"native","example":"blake3-execution","stages":[{"id":"execution.fixed","label":"Admission and fixed commitment","seconds":0.097414,"children":null},{"id":"execution.main","label":"Main commitment","seconds":0.19866,"children":null},{"id":"execution.native_interaction","label":"Native interaction generation","seconds":0.09975,"children":null},{"id":"execution.hash_interaction","label":"Hash interaction generation","seconds":0.140928,"children":null},{"id":"execution.interaction_commit","label":"Interaction closure and commitment","seconds":0.215765,"children":null},{"id":"execution.core","label":"Core STARK proof","seconds":0.533577,"children":[{"id":"draw_random_coeff","label":"Draw random coefficient","seconds":0,"children":null},{"id":"composition_trace_extract","label":"Composition trace extract","seconds":0.000011,"children":null},{"id":"composition_evaluation","label":"Composition evaluation","seconds":0.219864,"children":null},{"id":"composition_interpolate_and_split","label":"Composition interpolate and split","seconds":0.002191,"children":null},{"id":"composition_commit","label":"Composition commit","seconds":0.006494,"children":null},{"id":"oods_point_and_mask_points","label":"OODS point and mask points","seconds":0.000267,"children":null},{"id":"sampled_value_evaluation","label":"Sampled-value evaluation","seconds":0.186373,"children":null},{"id":"sampled_value_channel_mix","label":"Sampled-value channel mix","seconds":0.000059,"children":null},{"id":"fri_quotient_build_and_commit","label":"FRI quotient build + commit (lazy)","seconds":0.081159,"children":null},{"id":"proof_of_work","label":"Proof of work","seconds":0.013389,"children":null},{"id":"fri_decommit","label":"FRI decommit","seconds":0.006567,"children":null},{"id":"trace_decommit","label":"Trace decommit","seconds":0.001602,"children":null},{"id":"constraint_check_and_assembly","label":"Constraint check and assembly","seconds":0.000226,"children":null}]}]}
