1/15 recursion.air.blake3_two_level_frontier_test.test.two level BLAKE3 frontier constrains queried activity with fixed topology...FAIL (InvalidBlake3PathSelect)
2/15 recursion.air.blake3_shared_root_test.test.shared BLAKE3 root preserves every query input and exact multiplicity...OK
3/15 recursion.air.native_padding_test.test.native typed padding census compares complete interaction columns...NATIVE_PADDING air=0 live_events=52 implicit_columns_equal=false
NATIVE_PADDING air=1 live_events=0 implicit_columns_equal=true
NATIVE_PADDING air=2 live_events=0 implicit_columns_equal=true
NATIVE_PADDING air=3 live_events=0 implicit_columns_equal=true
NATIVE_PADDING air=4 live_events=0 implicit_columns_equal=true
NATIVE_PADDING air=5 live_events=0 implicit_columns_equal=true
NATIVE_PADDING air=6 live_events=0 implicit_columns_equal=true
NATIVE_PADDING air=7 live_events=0 implicit_columns_equal=true
NATIVE_PADDING air=8 live_events=0 implicit_columns_equal=true
NATIVE_PADDING air=9 live_events=0 implicit_columns_equal=true
NATIVE_PADDING air=10 live_events=0 implicit_columns_equal=true
NATIVE_PADDING air=11 live_events=0 implicit_columns_equal=true
NATIVE_PADDING air=12 live_events=0 implicit_columns_equal=true
NATIVE_PADDING air=13 live_events=0 implicit_columns_equal=true
NATIVE_PADDING air=14 live_events=0 implicit_columns_equal=true
NATIVE_PADDING air=15 live_events=0 implicit_columns_equal=true
NATIVE_PADDING air=16 live_events=0 implicit_columns_equal=true
NATIVE_PADDING air=17 live_events=0 implicit_columns_equal=true
NATIVE_PADDING air=18 live_events=0 implicit_columns_equal=true
NATIVE_PADDING air=19 live_events=0 implicit_columns_equal=true
OK
4/15 recursion.air.native_pcs_fusion_rows.test.native query fusion admission rejects altered missing and duplicate sources...OK
5/15 recursion.air.native_pcs_opening4_test.test.native PCS opening preserves both external authentication consumers...OK
6/15 recursion.air.native_pcs_opening4_test.test.native PCS opening rejects main mutations and admits inert padding...OK
7/15 recursion.air.detached_pcs_opening_closure_test.test.fused PCS opening preserves the exact signed external lookup multiset...OK
8/15 recursion.air.detached_pcs_opening_plan_test.test.fused PCS matcher preserves query sources and refuses shared or exported inputs...OK
9/15 recursion.air.detached_pcs_opening4_v1_test.test.fused PCS opening pins degree-two semantics and exact query-wire relations...OK
10/15 recursion.air.detached_pcs_opening4_v1_test.test.fused PCS opening rejects every main-coordinate mutation and admits inert padding...OK
11/15 recursion.air.detached_pcs_opening4_v1_test.test.fused PCS opening binds every schedule coordinate and handles zero and field-edge values...OK
12/15 recursion.air.arithmetic_fusion_census.test.residual arithmetic census respects shared and exported intermediates...OK
13/15 recursion.air.blake3_path_sharing_census.test.PCS fusion path census separates heights and counts duplicate groups...OK
14/15 recursion.air.framework_interaction.test.R-012 framework interaction is source-exact, two-allocation, and failure atomic...OK
15/15 recursion.air.framework_interaction.test.R-012 framework workspace is equivalent, zero-allocation, fail-atomic, and alias-safe...OK
14 passed; 0 skipped; 1 failed.
