SEGMENT_V2_LADDER mode=narrow_complete_proof requested_steps=64 native_backend=cpu memory_addresses=1 initial_register7=0
SEGMENT_V2_MEMORY_EXECUTION address_count=1 initial_word=13 segment_cycles=64 cumulative_cycles=64 loads=21 stores=20 distinct_accessed=1 stride_bytes=128 entry_nonzero_words=1 exit_nonzero_words=1 exit_pc=1100
SEGMENT_V2_MEMORY_EXECUTION address_count=1 initial_word=13 segment_cycles=64 cumulative_cycles=128 loads=21 stores=22 distinct_accessed=1 stride_bytes=128 entry_nonzero_words=1 exit_nonzero_words=1 exit_pc=1200
SEGMENT_V2_MEMORY_EXECUTION address_count=1 initial_word=13 segment_cycles=64 cumulative_cycles=192 loads=22 stores=21 distinct_accessed=1 stride_bytes=128 entry_nonzero_words=1 exit_nonzero_words=1 exit_pc=1300
SEGMENT_V2_MEMORY_EXECUTION address_count=1 initial_word=13 segment_cycles=35 cumulative_cycles=227 loads=11 stores=12 distinct_accessed=1 stride_bytes=128 entry_nonzero_words=1 exit_nonzero_words=1 exit_pc=138c
info: Columns: opcode=103 infra=481 total tree1=584 interaction=152
info: Poseidon2 Merkle: 994 exact sparse-node calls, poseidon_log_size=10, merkle_log_size=10
SEGMENT_V2_NATIVE_MEMORY path=temporal segment=0 backend=cpu scope=caller_allocator_payload excludes=size_routed_mmap_and_device producer_peak_bytes=462890460 producer_live_bytes_after_destroy=0 canonical_proof_bytes=29061 before_fresh_decode=true
SEGMENT_V2_NATIVE_PROFILE profile=development_q1 segment=0 queries=1 fold_step=2 pcs_pow_bits=0 interaction_pow_bits=10 prove_ns=2073793917 transport_ns=1199542 verify_ns=407696500 recursive_prepare_ns=133325958 proof_bytes=29061 transcript_calls=1141 verifier_core_calls=315 outer_proof_created=false
SEGMENT_V2_DETACHED_GEOMETRY profile=development_q3_v1 cohort_ns=310999542 poseidon_calls=1472 tree0_evaluation_bytes=9101504 tree1_evaluation_bytes=9084864 tree2_evaluation_bytes=5395712 excludes=pcs_expansion_commitments_and_metadata before_tree_allocation=true
SEGMENT_V2_TWO_CHILD_CANDIDATE segment=0 first_cycle=0 retired_cycles=64 completed=false directory=/Users/theodorepender/Coding/stark-proving-engineering/stwo-zig/vectors/reports/riscv-proving-stack-reset-20260908/small-detached-recursion-v1/complete-tree-development-cpu-4-retention/leaves/child-0 native_backend=cpu recursive_backend=cpu proof_bytes=93651 native_ingress_ns=2616075917 outer_prepare_ns=387494000 outer_prove_ns=611655625 transaction_ns=3618270041 producer_peak_bytes=137591481 producer_live_bytes_after_destroy=0 status=unverified_candidate parent_proof_created=false
info: Columns: opcode=85 infra=481 total tree1=566 interaction=136
info: Poseidon2 Merkle: 994 exact sparse-node calls, poseidon_log_size=10, merkle_log_size=10
SEGMENT_V2_NATIVE_MEMORY path=temporal segment=1 backend=cpu scope=caller_allocator_payload excludes=size_routed_mmap_and_device producer_peak_bytes=462878652 producer_live_bytes_after_destroy=0 canonical_proof_bytes=28067 before_fresh_decode=true
SEGMENT_V2_NATIVE_PROFILE profile=development_q1 segment=1 queries=1 fold_step=2 pcs_pow_bits=0 interaction_pow_bits=10 prove_ns=1921051750 transport_ns=1178167 verify_ns=414781417 recursive_prepare_ns=127667458 proof_bytes=28067 transcript_calls=1081 verifier_core_calls=310 outer_proof_created=false
SEGMENT_V2_DETACHED_GEOMETRY profile=development_q3_v1 cohort_ns=302807875 poseidon_calls=1406 tree0_evaluation_bytes=9101504 tree1_evaluation_bytes=9084864 tree2_evaluation_bytes=5395712 excludes=pcs_expansion_commitments_and_metadata before_tree_allocation=true
SEGMENT_V2_TWO_CHILD_CANDIDATE segment=1 first_cycle=64 retired_cycles=64 completed=false directory=/Users/theodorepender/Coding/stark-proving-engineering/stwo-zig/vectors/reports/riscv-proving-stack-reset-20260908/small-detached-recursion-v1/complete-tree-development-cpu-4-retention/leaves/child-1 native_backend=cpu recursive_backend=cpu proof_bytes=93313 native_ingress_ns=2464755750 outer_prepare_ns=378667333 outer_prove_ns=599770458 transaction_ns=3446235750 producer_peak_bytes=136649725 producer_live_bytes_after_destroy=0 status=unverified_candidate parent_proof_created=false
info: Columns: opcode=85 infra=481 total tree1=566 interaction=136
info: Poseidon2 Merkle: 994 exact sparse-node calls, poseidon_log_size=10, merkle_log_size=10
SEGMENT_V2_NATIVE_MEMORY path=temporal segment=2 backend=cpu scope=caller_allocator_payload excludes=size_routed_mmap_and_device producer_peak_bytes=462878652 producer_live_bytes_after_destroy=0 canonical_proof_bytes=28009 before_fresh_decode=true
SEGMENT_V2_NATIVE_PROFILE profile=development_q1 segment=2 queries=1 fold_step=2 pcs_pow_bits=0 interaction_pow_bits=10 prove_ns=1877312875 transport_ns=1169958 verify_ns=410528209 recursive_prepare_ns=129715166 proof_bytes=28009 transcript_calls=1081 verifier_core_calls=310 outer_proof_created=false
SEGMENT_V2_DETACHED_GEOMETRY profile=development_q3_v1 cohort_ns=299934208 poseidon_calls=1406 tree0_evaluation_bytes=9101504 tree1_evaluation_bytes=9084864 tree2_evaluation_bytes=5395712 excludes=pcs_expansion_commitments_and_metadata before_tree_allocation=true
SEGMENT_V2_TWO_CHILD_CANDIDATE segment=2 first_cycle=128 retired_cycles=64 completed=false directory=/Users/theodorepender/Coding/stark-proving-engineering/stwo-zig/vectors/reports/riscv-proving-stack-reset-20260908/small-detached-recursion-v1/complete-tree-development-cpu-4-retention/leaves/child-2 native_backend=cpu recursive_backend=cpu proof_bytes=93682 native_ingress_ns=2418801125 outer_prepare_ns=376123000 outer_prove_ns=595297625 transaction_ns=3393225833 producer_peak_bytes=136649719 producer_live_bytes_after_destroy=0 status=unverified_candidate parent_proof_created=false
info: Columns: opcode=85 infra=481 total tree1=566 interaction=136
info: Poseidon2 Merkle: 994 exact sparse-node calls, poseidon_log_size=10, merkle_log_size=10
SEGMENT_V2_NATIVE_MEMORY path=temporal segment=3 backend=cpu scope=caller_allocator_payload excludes=size_routed_mmap_and_device producer_peak_bytes=462822460 producer_live_bytes_after_destroy=0 canonical_proof_bytes=28049 before_fresh_decode=true
SEGMENT_V2_NATIVE_PROFILE profile=development_q1 segment=3 queries=1 fold_step=2 pcs_pow_bits=0 interaction_pow_bits=10 prove_ns=1869840875 transport_ns=1153875 verify_ns=402049916 recursive_prepare_ns=125119209 proof_bytes=28049 transcript_calls=1081 verifier_core_calls=310 outer_proof_created=false
SEGMENT_V2_DETACHED_GEOMETRY profile=development_q3_v1 cohort_ns=297416583 poseidon_calls=1406 tree0_evaluation_bytes=9101504 tree1_evaluation_bytes=9084864 tree2_evaluation_bytes=5395712 excludes=pcs_expansion_commitments_and_metadata before_tree_allocation=true
SEGMENT_V2_TWO_CHILD_CANDIDATE segment=3 first_cycle=192 retired_cycles=35 completed=true directory=/Users/theodorepender/Coding/stark-proving-engineering/stwo-zig/vectors/reports/riscv-proving-stack-reset-20260908/small-detached-recursion-v1/complete-tree-development-cpu-4-retention/leaves/child-3 native_backend=cpu recursive_backend=cpu proof_bytes=91674 native_ingress_ns=2398232625 outer_prepare_ns=373265333 outer_prove_ns=596234542 transaction_ns=3370786625 producer_peak_bytes=136638642 producer_live_bytes_after_destroy=0 status=unverified_candidate parent_proof_created=false
SEGMENT_V2_TWO_CHILD_PRODUCER status=unverified_candidates native_backend=cpu recursive_backend=cpu owners_destroyed=true parent_proof_created=false
