info: Columns: opcode=18 infra=481 total tree1=499 interaction=84
info: Poseidon2 Merkle: 179 exact sparse-node calls, poseidon_log_size=8, merkle_log_size=8

V2_NATIVE_CORE_STAGE stage=core_init elapsed_ms=93.925
V2_NATIVE_CORE_STAGE stage=provider elapsed_ms=27.157
V2_NATIVE_CORE_STAGE stage=interaction elapsed_ms=35.953
V2_NATIVE_CORE_STAGE stage=independent elapsed_ms=162.053

V2_NONCORE_OWNER_REAL rows=22 init_ms=93.032 publish_01_ms=0.573 interaction_ms=64.719 publish_2_ms=0.251 cached_validate_ns=97897584 cached_validate_iterations=4 hot_allocations=0/0/0 cold_independent_audit_replays=1

SEGMENT_V2_OUTER_PHASES role=producer scope=body_before_cleanup setup_ns=18625 tree0_prepare_ns=27594708 tree0_commit_ns=85035125 tree1_prepare_ns=28447000 tree1_commit_ns=108374834 transcript_prefix_ns=50456583 interaction_generate_ns=187338208 interaction_admit_closure_ns=78502292 transcript_tree2_commit_ns=91230875 components_ns=80930917 diagnostic_ns=83 stark_ns=419756167 phase_sum_ns=1157685417

SEGMENT_V2_OUTER_ARTIFACT_REJECTIONS truncated=true trailing=true

SEGMENT_V2_OUTER_PHASES role=verifier scope=body_before_cleanup preflight_ns=14375 preprocessed_root_ns=110591208 transcript_prefix_ns=52023833 interaction_regenerate_ns=159838500 interaction_validate_claims_ns=25229375 closure_ns=51940209 transcript_after_ns=27213500 components_ns=80894666 publication_authority_ns=25147667 stark_ns=7176167 publication_total_ns=31449500 phase_sum_ns=571519000

SEGMENT_V2_OUTER status=verified rows=39 domains=47 proof_size_estimate_bytes=77244 canonical_proof_bytes=90173 canonicalize_ms=4.260 prove_ms=1157.765 verify_ms=571.568 publication_ms=4.329 producer_prepare_ms=297.855 producer_destroy_ms=2.752 verifier_prepare_ms=298.862 decode_ms=0.314 stark_verify_ms=7.176 transaction_ms=2335.580 artifact_rejections_ms=0.661 producer_peak_bytes=90592036 producer_live_bytes_after_destroy=0 serialization_passes=1 retained_canonical_bytes=90173 verification=native_assisted_fresh_decode draws=1 cols=595/974/508 workers=1

SEGMENT_V2_OUTER_DIMENSIONS commitments=4 claims=39 samples=2245 queried_values=6255 trace_paths=12 fri_layers=16 queries=3 max_fold=2 last_layer_coefficients=1 max_merkle_depth=17

V3_ROW18_DIFFERENTIAL sum39={ .{ .v = 393862946 }, .{ .v = 515546977 }, .{ .v = 479976075 }, .{ .v = 1394125232 } } statement_public={ .{ .v = 992661794 }, .{ .v = 798641778 }, .{ .v = 342368279 }, .{ .v = 1885531433 } } wire_boundary={ .{ .v = 1753620701 }, .{ .v = 1631936670 }, .{ .v = 1667507572 }, .{ .v = 753358415 } } legacy_residual={ .{ .v = 1386524740 }, .{ .v = 1314188755 }, .{ .v = 822344354 }, .{ .v = 1132173018 } } segment_residual={ .{ .v = 0 }, .{ .v = 0 }, .{ .v = 0 }, .{ .v = 0 } }

V2_POSEIDON_RECURSIVE_INGRESS cycles=1 prove_ms=4322.036 verify_ms=880.959 transcript_calls=900 authority_calls=14 core_calls=294 proof_bytes=24255 core_cols=338/760/276 core_constraints=862 complete_provider_calls=1208 complete_provider_log=11 core_init_ms=93.925 provider_ms=27.157 interaction_ms=35.953 independent_ms=162.053
       11.71 real        59.37 user         0.48 sys
          1054998528  maximum resident set size
                   0  average shared memory size
                   0  average unshared data size
                   0  average unshared stack size
              213625  page reclaims
                   0  page faults
                   0  swaps
                   0  block input operations
                   0  block output operations
                   0  messages sent
                   0  messages received
                   0  signals received
                   0  voluntary context switches
               35193  involuntary context switches
       1132636048318  instructions retired
        219550905953  cycles elapsed
          1052787984  peak memory footprint
