info: Columns: opcode=18 infra=481 total tree1=499 interaction=84
info: Poseidon2 Merkle: 179 exact sparse-node calls, poseidon_log_size=8, merkle_log_size=8

V2_NATIVE_CORE_STAGE stage=core_init elapsed_ms=98.024
V2_NATIVE_CORE_STAGE stage=provider elapsed_ms=26.868
V2_NATIVE_CORE_STAGE stage=interaction elapsed_ms=36.346
V2_NATIVE_CORE_STAGE stage=independent elapsed_ms=157.697

V2_NONCORE_OWNER_REAL rows=22 init_ms=94.222 publish_01_ms=0.618 interaction_ms=65.297 publish_2_ms=0.269 cached_validate_ns=97190250 cached_validate_iterations=4 hot_allocations=0/0/0 cold_independent_audit_replays=1

SEGMENT_V2_OUTER_PHASES role=producer scope=body_before_cleanup setup_ns=24875 tree0_prepare_ns=27271792 tree0_commit_ns=84711833 tree1_prepare_ns=27928875 tree1_commit_ns=108300083 transcript_prefix_ns=50440792 interaction_generate_ns=188074833 interaction_admit_closure_ns=77446459 transcript_tree2_commit_ns=91222000 components_ns=80757416 diagnostic_ns=42 stark_ns=415394375 phase_sum_ns=1151573375

SEGMENT_V2_OUTER_ARTIFACT_REJECTIONS truncated=true trailing=true

SEGMENT_V2_OUTER_PHASES role=verifier scope=body_before_cleanup preflight_ns=14833 preprocessed_root_ns=113522500 transcript_prefix_ns=50043125 interaction_regenerate_ns=160097292 interaction_validate_claims_ns=25248750 closure_ns=53029292 transcript_after_ns=27677375 components_ns=81080666 publication_authority_ns=26184209 stark_ns=6864750 publication_total_ns=32052291 phase_sum_ns=575815083

SEGMENT_V2_OUTER status=verified rows=39 domains=47 proof_size_estimate_bytes=77244 canonical_proof_bytes=90173 canonicalize_ms=4.281 prove_ms=1151.653 verify_ms=575.869 publication_ms=4.377 producer_prepare_ms=303.324 producer_destroy_ms=1.317 verifier_prepare_ms=301.843 decode_ms=0.308 stark_verify_ms=6.865 transaction_ms=2340.554 artifact_rejections_ms=0.651 producer_peak_bytes=90592036 producer_live_bytes_after_destroy=0 serialization_passes=1 retained_canonical_bytes=90173 verification=native_assisted_fresh_decode draws=1 cols=595/974/508 workers=1

SEGMENT_V2_OUTER_DIMENSIONS commitments=4 claims=39 samples=2245 queried_values=6255 trace_paths=12 fri_layers=16 queries=3 max_fold=2 last_layer_coefficients=1 max_merkle_depth=17

V3_ROW18_DIFFERENTIAL sum39={ .{ .v = 393862946 }, .{ .v = 515546977 }, .{ .v = 479976075 }, .{ .v = 1394125232 } } statement_public={ .{ .v = 992661794 }, .{ .v = 798641778 }, .{ .v = 342368279 }, .{ .v = 1885531433 } } wire_boundary={ .{ .v = 1753620701 }, .{ .v = 1631936670 }, .{ .v = 1667507572 }, .{ .v = 753358415 } } legacy_residual={ .{ .v = 1386524740 }, .{ .v = 1314188755 }, .{ .v = 822344354 }, .{ .v = 1132173018 } } segment_residual={ .{ .v = 0 }, .{ .v = 0 }, .{ .v = 0 }, .{ .v = 0 } }

V2_POSEIDON_RECURSIVE_INGRESS cycles=1 prove_ms=4600.019 verify_ms=881.544 transcript_calls=900 authority_calls=14 core_calls=294 proof_bytes=24255 core_cols=338/760/276 core_constraints=862 complete_provider_calls=1208 complete_provider_log=11 core_init_ms=98.024 provider_ms=26.868 interaction_ms=36.346 independent_ms=157.697

Build Summary: 3/3 steps succeeded
run-recursive-segment-v2-concrete-outer-proof success
+- run exe recursive-segment-v2-concrete-outer-proof success 12s MaxRSS:1G
   +- compile exe recursive-segment-v2-concrete-outer-proof ReleaseSafe native success 2m MaxRSS:8G

      179.93 real       221.78 user         4.77 sys
          8942895104  maximum resident set size
                   0  average shared memory size
                   0  average unshared data size
                   0  average unshared stack size
              850509  page reclaims
                 250  page faults
                   0  swaps
                   0  block input operations
                   0  block output operations
                   0  messages sent
                   0  messages received
                   0  signals received
                6668  voluntary context switches
               79373  involuntary context switches
           220872275  instructions retired
            84139202  cycles elapsed
             8978864  peak memory footprint
