SEGMENT_V2_LADDER mode=narrow_complete_proof requested_steps=1
SEGMENT_V2_LADDER_EXECUTION segment_cycles=1 cumulative_cycles=1 retired_addi=1 retired_bne=0 exit_pc=1004 counter=64 accumulator=0
SEGMENT_V2_LADDER_EXECUTION segment_cycles=16 cumulative_cycles=17 retired_addi=11 retired_bne=5 exit_pc=1008 counter=59 accumulator=6
info: Columns: opcode=35 infra=481 total tree1=516 interaction=100
info: Poseidon2 Merkle: 184 exact sparse-node calls, poseidon_log_size=8, merkle_log_size=8

SEGMENT_V2_LADDER_NATIVE requested_steps=1 retired_cycles=1 continuation_cycles=16 trace_rows=1 native_queries=1 outer_queries=3 native_pcs_pow_bits=0 outer_pcs_pow_bits=0 program=finite_addi_bne_counter_loop native_prove_ms=4633.631 native_verify_ms=889.371 recursive_prepare_ms=135.239 native_proof_bytes=24790 native_tree_heights={ 21, 21, 21, 21 }

SEGMENT_V2_OUTER_PHASES role=producer scope=body_before_cleanup setup_ns=19750 tree0_prepare_ns=29931000 tree0_commit_ns=83785667 tree1_prepare_ns=30537292 tree1_commit_ns=107219333 transcript_prefix_ns=55300083 interaction_generate_ns=207447834 interaction_admit_closure_ns=85188083 transcript_tree2_commit_ns=94348583 components_ns=88644209 diagnostic_ns=41 stark_ns=422138042 phase_sum_ns=1204559917

SEGMENT_V2_OUTER_ARTIFACT_REJECTIONS truncated=true trailing=true

SEGMENT_V2_OUTER_PHASES role=verifier scope=body_before_cleanup preflight_ns=15041 preprocessed_root_ns=112380625 transcript_prefix_ns=56053209 interaction_regenerate_ns=176823750 interaction_validate_claims_ns=27217791 closure_ns=57183459 transcript_after_ns=29750958 components_ns=88075500 publication_authority_ns=27365625 stark_ns=5433708 publication_total_ns=34270042 phase_sum_ns=614569708

SEGMENT_V2_OUTER status=verified rows=39 domains=47 proof_size_estimate_bytes=76780 canonical_proof_bytes=89462 canonicalize_ms=4.250 prove_ms=1204.641 verify_ms=614.623 publication_ms=4.373 producer_prepare_ms=313.512 producer_destroy_ms=1.428 verifier_prepare_ms=316.249 decode_ms=0.322 stark_verify_ms=5.434 transaction_ms=2458.075 artifact_rejections_ms=0.668 producer_peak_bytes=91372784 producer_live_bytes_after_destroy=0 serialization_passes=1 retained_canonical_bytes=89462 verification=native_assisted_fresh_decode draws=1 cols=595/974/508 workers=1

SEGMENT_V2_LADDER_OUTER rows=39 domains=47 component_logs={ 9, 10, 10, 8, 13, 13, 4, 4, 4, 4, 4, 10, 5, 4, 4, 10, 5, 7, 12, 8, 4, 7, 6, 8, 14, 7, 4, 5, 6, 10, 14, 8, 14, 8, 11, 16, 10, 6, 8 } min_component_log=4 max_component_log=16 provider_log=11 samples=2245 queries=3 canonical_proof_bytes=89462 producer_live_bytes_after_destroy=0
SEGMENT_V2_LADDER status=verified requested_steps=1 owners_destroyed=true
        8.13 real        59.08 user         0.42 sys
          1038221312  maximum resident set size
                   0  average shared memory size
                   0  average unshared data size
                   0  average unshared stack size
              159267  page reclaims
                   0  page faults
                   0  swaps
                   0  block input operations
                   0  block output operations
                   0  messages sent
                   0  messages received
                   0  signals received
                   0  voluntary context switches
               38286  involuntary context switches
       1115325893983  instructions retired
        215698803546  cycles elapsed
          1036043536  peak memory footprint
