SEGMENT_V2_LADDER mode=narrow_complete_proof requested_steps=64
SEGMENT_V2_LADDER_EXECUTION segment_cycles=64 cumulative_cycles=64 retired_addi=43 retired_bne=21 exit_pc=1004 counter=43 accumulator=21
SEGMENT_V2_LADDER_EXECUTION segment_cycles=16 cumulative_cycles=80 retired_addi=11 retired_bne=5 exit_pc=1008 counter=38 accumulator=27
info: Columns: opcode=65 infra=481 total tree1=546 interaction=120
info: Poseidon2 Merkle: 184 exact sparse-node calls, poseidon_log_size=8, merkle_log_size=8

SEGMENT_V2_LADDER_NATIVE requested_steps=64 retired_cycles=64 continuation_cycles=16 trace_rows=64 native_queries=1 outer_queries=3 native_pcs_pow_bits=0 outer_pcs_pow_bits=0 program=finite_addi_bne_counter_loop native_prove_ms=5266.062 native_verify_ms=1022.213 recursive_prepare_ms=137.265 native_proof_bytes=27068 native_tree_heights={ 21, 21, 21, 21 }

SEGMENT_V2_OUTER_PHASES role=producer scope=body_before_cleanup setup_ns=23459 tree0_prepare_ns=30735708 tree0_commit_ns=84435708 tree1_prepare_ns=31507209 tree1_commit_ns=109940333 transcript_prefix_ns=56839542 interaction_generate_ns=218185791 interaction_admit_closure_ns=88090584 transcript_tree2_commit_ns=95396291 components_ns=91204000 diagnostic_ns=125 stark_ns=420613292 phase_sum_ns=1226972042

SEGMENT_V2_OUTER_ARTIFACT_REJECTIONS truncated=true trailing=true

SEGMENT_V2_OUTER_PHASES role=verifier scope=body_before_cleanup preflight_ns=15417 preprocessed_root_ns=116017042 transcript_prefix_ns=57744208 interaction_regenerate_ns=189680542 interaction_validate_claims_ns=28649208 closure_ns=59210750 transcript_after_ns=31170083 components_ns=91147459 publication_authority_ns=28505708 stark_ns=5570542 publication_total_ns=36829541 phase_sum_ns=644540500

SEGMENT_V2_OUTER status=verified rows=39 domains=47 proof_size_estimate_bytes=74780 canonical_proof_bytes=87283 canonicalize_ms=4.113 prove_ms=1227.032 verify_ms=644.590 publication_ms=4.375 producer_prepare_ms=330.173 producer_destroy_ms=1.350 verifier_prepare_ms=324.415 decode_ms=0.307 stark_verify_ms=5.570 transaction_ms=2534.032 artifact_rejections_ms=0.641 producer_peak_bytes=94997776 producer_live_bytes_after_destroy=0 serialization_passes=1 retained_canonical_bytes=87283 verification=native_assisted_fresh_decode draws=1 cols=595/974/508 workers=1

SEGMENT_V2_LADDER_OUTER rows=39 domains=47 component_logs={ 9, 11, 11, 8, 13, 13, 4, 4, 4, 4, 4, 10, 5, 4, 4, 10, 5, 7, 12, 8, 4, 7, 6, 9, 14, 7, 4, 5, 6, 10, 14, 8, 14, 8, 11, 16, 10, 6, 8 } min_component_log=4 max_component_log=16 provider_log=11 samples=2245 queries=3 canonical_proof_bytes=87283 producer_live_bytes_after_destroy=0
SEGMENT_V2_LADDER status=verified requested_steps=64 owners_destroyed=true
        8.98 real        68.23 user         0.40 sys
          1038647296  maximum resident set size
                   0  average shared memory size
                   0  average unshared data size
                   0  average unshared stack size
              160466  page reclaims
                   0  page faults
                   0  swaps
                   0  block input operations
                   0  block output operations
                   0  messages sent
                   0  messages received
                   0  signals received
                   0  voluntary context switches
               40104  involuntary context switches
       1295190946037  instructions retired
        249633438221  cycles elapsed
          1036387624  peak memory footprint
