SEGMENT_V2_LADDER mode=narrow_complete_proof requested_steps=4
SEGMENT_V2_LADDER_EXECUTION segment_cycles=4 cumulative_cycles=4 retired_addi=3 retired_bne=1 exit_pc=1004 counter=63 accumulator=1
SEGMENT_V2_LADDER_EXECUTION segment_cycles=16 cumulative_cycles=20 retired_addi=11 retired_bne=5 exit_pc=1008 counter=58 accumulator=7
info: Columns: opcode=65 infra=481 total tree1=546 interaction=120
info: Poseidon2 Merkle: 184 exact sparse-node calls, poseidon_log_size=8, merkle_log_size=8

SEGMENT_V2_LADDER_NATIVE requested_steps=4 retired_cycles=4 continuation_cycles=16 trace_rows=4 native_queries=1 outer_queries=3 native_pcs_pow_bits=0 outer_pcs_pow_bits=0 program=finite_addi_bne_counter_loop native_prove_ms=5210.516 native_verify_ms=1011.479 recursive_prepare_ms=139.039 native_proof_bytes=26555 native_tree_heights={ 21, 21, 21, 21 }

SEGMENT_V2_OUTER_PHASES role=producer scope=body_before_cleanup setup_ns=24375 tree0_prepare_ns=31015208 tree0_commit_ns=86134584 tree1_prepare_ns=31640916 tree1_commit_ns=109453917 transcript_prefix_ns=57184125 interaction_generate_ns=221842625 interaction_admit_closure_ns=87499583 transcript_tree2_commit_ns=96612959 components_ns=91663708 diagnostic_ns=42 stark_ns=421354208 phase_sum_ns=1234426250

SEGMENT_V2_OUTER_ARTIFACT_REJECTIONS truncated=true trailing=true

SEGMENT_V2_OUTER_PHASES role=verifier scope=body_before_cleanup preflight_ns=15167 preprocessed_root_ns=117757041 transcript_prefix_ns=57191917 interaction_regenerate_ns=191935375 interaction_validate_claims_ns=28363375 closure_ns=59528250 transcript_after_ns=31149833 components_ns=91062375 publication_authority_ns=28755667 stark_ns=5369792 publication_total_ns=35050666 phase_sum_ns=646179458

SEGMENT_V2_OUTER status=verified rows=39 domains=47 proof_size_estimate_bytes=77660 canonical_proof_bytes=90878 canonicalize_ms=4.262 prove_ms=1234.498 verify_ms=646.236 publication_ms=4.353 producer_prepare_ms=322.051 producer_destroy_ms=1.370 verifier_prepare_ms=324.325 decode_ms=0.310 stark_verify_ms=5.370 transaction_ms=2535.019 artifact_rejections_ms=0.667 producer_peak_bytes=94980508 producer_live_bytes_after_destroy=0 serialization_passes=1 retained_canonical_bytes=90878 verification=native_assisted_fresh_decode draws=1 cols=595/974/508 workers=1

SEGMENT_V2_LADDER_OUTER rows=39 domains=47 component_logs={ 9, 11, 11, 8, 13, 13, 4, 4, 4, 4, 4, 10, 5, 4, 4, 10, 5, 7, 12, 8, 4, 7, 6, 9, 14, 7, 4, 5, 6, 10, 14, 8, 14, 8, 11, 16, 10, 6, 8 } min_component_log=4 max_component_log=16 provider_log=11 samples=2245 queries=3 canonical_proof_bytes=90878 producer_live_bytes_after_destroy=0
SEGMENT_V2_LADDER status=verified requested_steps=4 owners_destroyed=true
        8.91 real        68.16 user         0.42 sys
          1038434304  maximum resident set size
                   0  average shared memory size
                   0  average unshared data size
                   0  average unshared stack size
              160325  page reclaims
                   0  page faults
                   0  swaps
                   0  block input operations
                   0  block output operations
                   0  messages sent
                   0  messages received
                   0  signals received
                   0  voluntary context switches
               39950  involuntary context switches
       1294163347628  instructions retired
        249656833467  cycles elapsed
          1036174632  peak memory footprint
