SEGMENT_V2_LADDER mode=narrow_complete_proof requested_steps=64
SEGMENT_V2_LADDER_EXECUTION segment_cycles=64 cumulative_cycles=64 retired_addi=43 retired_bne=21 exit_pc=1004 counter=43 accumulator=21
SEGMENT_V2_LADDER_EXECUTION segment_cycles=16 cumulative_cycles=80 retired_addi=11 retired_bne=5 exit_pc=1008 counter=38 accumulator=27
info: Columns: opcode=65 infra=481 total tree1=546 interaction=120
info: Poseidon2 Merkle: 184 exact sparse-node calls, poseidon_log_size=8, merkle_log_size=8

SEGMENT_V2_LADDER_NATIVE requested_steps=64 retired_cycles=64 continuation_cycles=16 trace_rows=64 native_queries=1 outer_queries=3 native_pcs_pow_bits=0 outer_pcs_pow_bits=0 program=finite_addi_bne_counter_loop native_prove_ms=5243.598 native_verify_ms=1023.157 recursive_prepare_ms=138.400 native_proof_bytes=27068 native_tree_heights={ 21, 21, 21, 21 }

SEGMENT_V2_OUTER_PHASES role=producer scope=body_before_cleanup setup_ns=18750 tree0_prepare_ns=31393459 tree0_commit_ns=84777333 tree1_prepare_ns=31511667 tree1_commit_ns=110286208 transcript_prefix_ns=57857625 interaction_generate_ns=219302708 interaction_admit_closure_ns=91383834 transcript_tree2_commit_ns=97977375 components_ns=93701750 diagnostic_ns=41 stark_ns=416796792 phase_sum_ns=1235007542

SEGMENT_V2_OUTER_ARTIFACT_REJECTIONS truncated=true trailing=true

SEGMENT_V2_OUTER_PHASES role=verifier scope=body_before_cleanup preflight_ns=15375 preprocessed_root_ns=117450208 transcript_prefix_ns=58259375 interaction_regenerate_ns=190648000 interaction_validate_claims_ns=29112958 closure_ns=60907417 transcript_after_ns=31182708 components_ns=91687459 publication_authority_ns=28891166 stark_ns=5443792 publication_total_ns=35761083 phase_sum_ns=649359541

SEGMENT_V2_OUTER status=verified rows=39 domains=47 proof_size_estimate_bytes=74780 canonical_proof_bytes=87283 canonicalize_ms=4.030 prove_ms=1235.077 verify_ms=649.409 publication_ms=4.373 producer_prepare_ms=329.864 producer_destroy_ms=1.405 verifier_prepare_ms=326.036 decode_ms=0.291 stark_verify_ms=5.444 transaction_ms=2548.005 artifact_rejections_ms=0.619 producer_peak_bytes=94997776 producer_live_bytes_after_destroy=0 serialization_passes=1 retained_canonical_bytes=87283 verification=native_assisted_fresh_decode draws=1 cols=595/974/508 workers=1

SEGMENT_V2_LADDER_OUTER rows=39 domains=47 component_logs={ 9, 11, 11, 8, 13, 13, 4, 4, 4, 4, 4, 10, 5, 4, 4, 10, 5, 7, 12, 8, 4, 7, 6, 9, 14, 7, 4, 5, 6, 10, 14, 8, 14, 8, 11, 16, 10, 6, 8 } min_component_log=4 max_component_log=16 provider_log=11 samples=2245 queries=3 canonical_proof_bytes=87283 producer_live_bytes_after_destroy=0
SEGMENT_V2_LADDER status=verified requested_steps=64 owners_destroyed=true
        8.98 real        68.36 user         0.43 sys
          1038680064  maximum resident set size
                   0  average shared memory size
                   0  average unshared data size
                   0  average unshared stack size
              160459  page reclaims
                   0  page faults
                   0  swaps
                   0  block input operations
                   0  block output operations
                   0  messages sent
                   0  messages received
                   0  signals received
                   0  voluntary context switches
               41738  involuntary context switches
       1295284708207  instructions retired
        250201059781  cycles elapsed
          1036403984  peak memory footprint
