info: Columns: opcode=18 infra=481 total tree1=499 interaction=84
info: Poseidon2 Merkle: 179 exact sparse-node calls, poseidon_log_size=8, merkle_log_size=8

V2_NATIVE_CORE_STAGE stage=core_init elapsed_ms=94.943
V2_NATIVE_CORE_STAGE stage=provider elapsed_ms=26.853
V2_NATIVE_CORE_STAGE stage=interaction elapsed_ms=36.468
V2_NATIVE_CORE_STAGE stage=independent elapsed_ms=166.620

V2_NONCORE_OWNER_REAL rows=22 init_ms=97.476 publish_01_ms=0.532 interaction_ms=69.348 publish_2_ms=0.243 cached_validate_ns=101705083 cached_validate_iterations=4 hot_allocations=0/0/0 cold_independent_audit_replays=1

SEGMENT_V2_OUTER_PHASES role=producer scope=body_before_cleanup setup_ns=28792 tree0_prepare_ns=29102000 tree0_commit_ns=82744166 tree1_prepare_ns=29506834 tree1_commit_ns=104825208 transcript_prefix_ns=53141708 interaction_generate_ns=194911417 interaction_admit_closure_ns=81919042 transcript_tree2_commit_ns=92047500 components_ns=85615833 diagnostic_ns=42 stark_ns=416121208 phase_sum_ns=1169963750

SEGMENT_V2_OUTER_ARTIFACT_REJECTIONS truncated=true trailing=true

SEGMENT_V2_OUTER_PHASES role=verifier scope=body_before_cleanup preflight_ns=15792 preprocessed_root_ns=112931125 transcript_prefix_ns=53406167 interaction_regenerate_ns=166375125 interaction_validate_claims_ns=26606500 closure_ns=54546333 transcript_after_ns=29776750 components_ns=87127375 publication_authority_ns=27496250 stark_ns=6623958 publication_total_ns=33781375 phase_sum_ns=598686750

SEGMENT_V2_OUTER status=verified rows=39 domains=47 proof_size_estimate_bytes=77244 canonical_proof_bytes=90173 canonicalize_ms=4.293 prove_ms=1170.049 verify_ms=598.749 publication_ms=4.386 producer_prepare_ms=307.633 producer_destroy_ms=1.328 verifier_prepare_ms=307.156 decode_ms=0.317 stark_verify_ms=6.624 transaction_ms=2392.598 artifact_rejections_ms=0.661 producer_peak_bytes=90592036 producer_live_bytes_after_destroy=0 serialization_passes=1 retained_canonical_bytes=90173 verification=native_assisted_fresh_decode draws=1 cols=595/974/508 workers=1

SEGMENT_V2_OUTER_DIMENSIONS commitments=4 claims=39 samples=2245 queried_values=6255 trace_paths=12 fri_layers=16 queries=3 max_fold=2 last_layer_coefficients=1 max_merkle_depth=17

V3_ROW18_DIFFERENTIAL sum39={ .{ .v = 393862946 }, .{ .v = 515546977 }, .{ .v = 479976075 }, .{ .v = 1394125232 } } statement_public={ .{ .v = 992661794 }, .{ .v = 798641778 }, .{ .v = 342368279 }, .{ .v = 1885531433 } } wire_boundary={ .{ .v = 1753620701 }, .{ .v = 1631936670 }, .{ .v = 1667507572 }, .{ .v = 753358415 } } legacy_residual={ .{ .v = 1386524740 }, .{ .v = 1314188755 }, .{ .v = 822344354 }, .{ .v = 1132173018 } } segment_residual={ .{ .v = 0 }, .{ .v = 0 }, .{ .v = 0 }, .{ .v = 0 } }

V2_POSEIDON_RECURSIVE_INGRESS cycles=1 prove_ms=4372.377 verify_ms=867.425 transcript_calls=900 authority_calls=14 core_calls=294 proof_bytes=24255 core_cols=338/760/276 core_constraints=862 complete_provider_calls=1208 complete_provider_log=11 core_init_ms=94.943 provider_ms=26.853 interaction_ms=36.468 independent_ms=166.620
       11.86 real        59.45 user         0.44 sys
          1054982144  maximum resident set size
                   0  average shared memory size
                   0  average unshared data size
                   0  average unshared stack size
              213638  page reclaims
                   0  page faults
                   0  swaps
                   0  block input operations
                   0  block output operations
                   0  messages sent
                   0  messages received
                   0  signals received
                   0  voluntary context switches
               34215  involuntary context switches
       1132516279852  instructions retired
        220149062374  cycles elapsed
          1052853568  peak memory footprint
