SEGMENT_V2_LADDER mode=narrow_complete_proof requested_steps=16
SEGMENT_V2_LADDER_EXECUTION segment_cycles=16 cumulative_cycles=16 retired_addi=11 retired_bne=5 exit_pc=1004 counter=59 accumulator=5
SEGMENT_V2_LADDER_EXECUTION segment_cycles=16 cumulative_cycles=32 retired_addi=11 retired_bne=5 exit_pc=1008 counter=54 accumulator=11
info: Columns: opcode=65 infra=481 total tree1=546 interaction=120
info: Poseidon2 Merkle: 184 exact sparse-node calls, poseidon_log_size=8, merkle_log_size=8

SEGMENT_V2_LADDER_NATIVE requested_steps=16 retired_cycles=16 continuation_cycles=16 trace_rows=16 native_queries=1 outer_queries=3 native_pcs_pow_bits=0 outer_pcs_pow_bits=0 program=finite_addi_bne_counter_loop native_prove_ms=5280.086 native_verify_ms=1033.400 recursive_prepare_ms=141.590 native_proof_bytes=27032 native_tree_heights={ 21, 21, 21, 21 }

SEGMENT_V2_OUTER_PHASES role=producer scope=body_before_cleanup setup_ns=20042 tree0_prepare_ns=31273916 tree0_commit_ns=86918167 tree1_prepare_ns=31980167 tree1_commit_ns=110545708 transcript_prefix_ns=57126167 interaction_generate_ns=222268875 interaction_admit_closure_ns=87124583 transcript_tree2_commit_ns=96897333 components_ns=92069000 diagnostic_ns=84 stark_ns=418142166 phase_sum_ns=1234366208

SEGMENT_V2_OUTER_ARTIFACT_REJECTIONS truncated=true trailing=true

SEGMENT_V2_OUTER_PHASES role=verifier scope=body_before_cleanup preflight_ns=15500 preprocessed_root_ns=119221417 transcript_prefix_ns=56816000 interaction_regenerate_ns=191478750 interaction_validate_claims_ns=28960375 closure_ns=60315333 transcript_after_ns=31035375 components_ns=93322375 publication_authority_ns=28821708 stark_ns=5567334 publication_total_ns=35201625 phase_sum_ns=650755792

SEGMENT_V2_OUTER status=verified rows=39 domains=47 proof_size_estimate_bytes=78828 canonical_proof_bytes=92201 canonicalize_ms=4.351 prove_ms=1234.433 verify_ms=650.808 publication_ms=4.353 producer_prepare_ms=327.428 producer_destroy_ms=1.411 verifier_prepare_ms=323.007 decode_ms=0.319 stark_verify_ms=5.567 transaction_ms=2543.843 artifact_rejections_ms=0.721 producer_peak_bytes=94980508 producer_live_bytes_after_destroy=0 serialization_passes=1 retained_canonical_bytes=92201 verification=native_assisted_fresh_decode draws=1 cols=595/974/508 workers=1

SEGMENT_V2_LADDER_OUTER rows=39 domains=47 component_logs={ 9, 11, 11, 8, 13, 13, 4, 4, 4, 4, 4, 10, 5, 4, 4, 10, 5, 7, 12, 8, 4, 7, 6, 9, 14, 7, 4, 5, 6, 10, 14, 8, 14, 8, 11, 16, 10, 6, 8 } min_component_log=4 max_component_log=16 provider_log=11 samples=2245 queries=3 canonical_proof_bytes=92201 producer_live_bytes_after_destroy=0
SEGMENT_V2_LADDER status=verified requested_steps=16 owners_destroyed=true
        9.02 real        68.49 user         0.43 sys
          1038417920  maximum resident set size
                   0  average shared memory size
                   0  average unshared data size
                   0  average unshared stack size
              160370  page reclaims
                   0  page faults
                   0  swaps
                   0  block input operations
                   0  block output operations
                   0  messages sent
                   0  messages received
                   0  signals received
                   0  voluntary context switches
               41596  involuntary context switches
       1294402892338  instructions retired
        249792080293  cycles elapsed
          1036125432  peak memory footprint
