SEGMENT_V2_LADDER mode=narrow_complete_proof requested_steps=16
SEGMENT_V2_LADDER_EXECUTION segment_cycles=16 cumulative_cycles=16 retired_addi=11 retired_bne=5 exit_pc=1004 counter=59 accumulator=5
SEGMENT_V2_LADDER_EXECUTION segment_cycles=16 cumulative_cycles=32 retired_addi=11 retired_bne=5 exit_pc=1008 counter=54 accumulator=11
info: Columns: opcode=65 infra=481 total tree1=546 interaction=120
info: Poseidon2 Merkle: 184 exact sparse-node calls, poseidon_log_size=8, merkle_log_size=8

SEGMENT_V2_LADDER_NATIVE requested_steps=16 retired_cycles=16 continuation_cycles=16 trace_rows=16 native_queries=1 outer_queries=3 native_pcs_pow_bits=0 outer_pcs_pow_bits=0 program=finite_addi_bne_counter_loop native_prove_ms=5221.408 native_verify_ms=1018.466 recursive_prepare_ms=141.546 native_proof_bytes=27032 native_tree_heights={ 21, 21, 21, 21 }

SEGMENT_V2_OUTER_PHASES role=producer scope=body_before_cleanup setup_ns=20000 tree0_prepare_ns=31457667 tree0_commit_ns=86074542 tree1_prepare_ns=31755000 tree1_commit_ns=110868250 transcript_prefix_ns=57847041 interaction_generate_ns=224016334 interaction_admit_closure_ns=88001166 transcript_tree2_commit_ns=95530000 components_ns=91549459 diagnostic_ns=0 stark_ns=421016875 phase_sum_ns=1238136334

SEGMENT_V2_OUTER_ARTIFACT_REJECTIONS truncated=true trailing=true

SEGMENT_V2_OUTER_PHASES role=verifier scope=body_before_cleanup preflight_ns=15083 preprocessed_root_ns=121511708 transcript_prefix_ns=56603250 interaction_regenerate_ns=191488417 interaction_validate_claims_ns=28421667 closure_ns=59420458 transcript_after_ns=30936708 components_ns=93048834 publication_authority_ns=28465125 stark_ns=5328291 publication_total_ns=35367167 phase_sum_ns=650606708

SEGMENT_V2_OUTER status=verified rows=39 domains=47 proof_size_estimate_bytes=78828 canonical_proof_bytes=92201 canonicalize_ms=4.367 prove_ms=1238.208 verify_ms=650.671 publication_ms=4.457 producer_prepare_ms=326.837 producer_destroy_ms=1.443 verifier_prepare_ms=323.650 decode_ms=0.321 stark_verify_ms=5.328 transaction_ms=2547.918 artifact_rejections_ms=0.667 producer_peak_bytes=94980508 producer_live_bytes_after_destroy=0 serialization_passes=1 retained_canonical_bytes=92201 verification=native_assisted_fresh_decode draws=1 cols=595/974/508 workers=1

SEGMENT_V2_LADDER_OUTER rows=39 domains=47 component_logs={ 9, 11, 11, 8, 13, 13, 4, 4, 4, 4, 4, 10, 5, 4, 4, 10, 5, 7, 12, 8, 4, 7, 6, 9, 14, 7, 4, 5, 6, 10, 14, 8, 14, 8, 11, 16, 10, 6, 8 } min_component_log=4 max_component_log=16 provider_log=11 samples=2245 queries=3 canonical_proof_bytes=92201 producer_live_bytes_after_destroy=0
SEGMENT_V2_LADDER status=verified requested_steps=16 owners_destroyed=true
        8.94 real        68.32 user         0.42 sys
          1038434304  maximum resident set size
                   0  average shared memory size
                   0  average unshared data size
                   0  average unshared stack size
              160368  page reclaims
                   0  page faults
                   0  swaps
                   0  block input operations
                   0  block output operations
                   0  messages sent
                   0  messages received
                   0  signals received
                   0  voluntary context switches
               42423  involuntary context switches
       1294347447996  instructions retired
        250015843169  cycles elapsed
          1036141816  peak memory footprint
