SEGMENT_V2_LADDER mode=narrow_complete_proof requested_steps=1
SEGMENT_V2_LADDER_EXECUTION segment_cycles=1 cumulative_cycles=1 retired_addi=1 retired_bne=0 exit_pc=1004 counter=64 accumulator=0
SEGMENT_V2_LADDER_EXECUTION segment_cycles=16 cumulative_cycles=17 retired_addi=11 retired_bne=5 exit_pc=1008 counter=59 accumulator=6
info: Columns: opcode=35 infra=481 total tree1=516 interaction=100
info: Poseidon2 Merkle: 184 exact sparse-node calls, poseidon_log_size=8, merkle_log_size=8

SEGMENT_V2_LADDER_NATIVE requested_steps=1 retired_cycles=1 continuation_cycles=16 trace_rows=1 native_queries=1 outer_queries=3 native_pcs_pow_bits=0 outer_pcs_pow_bits=0 program=finite_addi_bne_counter_loop native_prove_ms=4664.329 native_verify_ms=888.695 recursive_prepare_ms=135.127 native_proof_bytes=24790 native_tree_heights={ 21, 21, 21, 21 }

SEGMENT_V2_OUTER_PHASES role=producer scope=body_before_cleanup setup_ns=20083 tree0_prepare_ns=33578833 tree0_commit_ns=83026417 tree1_prepare_ns=30376167 tree1_commit_ns=105882875 transcript_prefix_ns=54628625 interaction_generate_ns=205704083 interaction_admit_closure_ns=84315125 transcript_tree2_commit_ns=95363042 components_ns=89479916 diagnostic_ns=84 stark_ns=416688166 phase_sum_ns=1199063416

SEGMENT_V2_OUTER_ARTIFACT_REJECTIONS truncated=true trailing=true

SEGMENT_V2_OUTER_PHASES role=verifier scope=body_before_cleanup preflight_ns=15250 preprocessed_root_ns=114207417 transcript_prefix_ns=54827917 interaction_regenerate_ns=176868458 interaction_validate_claims_ns=27434125 closure_ns=57034333 transcript_after_ns=29796542 components_ns=87828417 publication_authority_ns=27495875 stark_ns=5179916 publication_total_ns=33903375 phase_sum_ns=614591625

SEGMENT_V2_OUTER status=verified rows=39 domains=47 proof_size_estimate_bytes=76780 canonical_proof_bytes=89462 canonicalize_ms=4.226 prove_ms=1199.135 verify_ms=614.638 publication_ms=4.379 producer_prepare_ms=315.471 producer_destroy_ms=1.365 verifier_prepare_ms=312.458 decode_ms=0.329 stark_verify_ms=5.180 transaction_ms=2450.290 artifact_rejections_ms=0.675 producer_peak_bytes=91372784 producer_live_bytes_after_destroy=0 serialization_passes=1 retained_canonical_bytes=89462 verification=native_assisted_fresh_decode draws=1 cols=595/974/508 workers=1

SEGMENT_V2_LADDER_OUTER rows=39 domains=47 component_logs={ 9, 10, 10, 8, 13, 13, 4, 4, 4, 4, 4, 10, 5, 4, 4, 10, 5, 7, 12, 8, 4, 7, 6, 8, 14, 7, 4, 5, 6, 10, 14, 8, 14, 8, 11, 16, 10, 6, 8 } min_component_log=4 max_component_log=16 provider_log=11 samples=2245 queries=3 canonical_proof_bytes=89462 producer_live_bytes_after_destroy=0
SEGMENT_V2_LADDER status=verified requested_steps=1 owners_destroyed=true
        8.15 real        58.69 user         0.40 sys
          1038172160  maximum resident set size
                   0  average shared memory size
                   0  average unshared data size
                   0  average unshared stack size
              159275  page reclaims
                   0  page faults
                   0  swaps
                   0  block input operations
                   0  block output operations
                   0  messages sent
                   0  messages received
                   0  signals received
                   0  voluntary context switches
               39527  involuntary context switches
       1115291522036  instructions retired
        214925483340  cycles elapsed
          1036010792  peak memory footprint
