SEGMENT_V2_LADDER mode=narrow_complete_proof requested_steps=1
info: Columns: opcode=18 infra=481 total tree1=499 interaction=84
info: Poseidon2 Merkle: 179 exact sparse-node calls, poseidon_log_size=8, merkle_log_size=8

SEGMENT_V2_LADDER_NATIVE requested_steps=1 retired_cycles=1 continuation_cycles=2 trace_rows=1 native_queries=1 outer_queries=3 native_pcs_pow_bits=0 outer_pcs_pow_bits=0 program=lui_addi_nop_jal_self_loop native_prove_ms=4269.125 native_verify_ms=863.359 recursive_prepare_ms=137.018 native_proof_bytes=24255 native_tree_heights={ 21, 21, 21, 21 }

SEGMENT_V2_OUTER_PHASES role=producer scope=body_before_cleanup setup_ns=18084 tree0_prepare_ns=27923541 tree0_commit_ns=81068000 tree1_prepare_ns=27968834 tree1_commit_ns=106197166 transcript_prefix_ns=50257834 interaction_generate_ns=189248083 interaction_admit_closure_ns=77301250 transcript_tree2_commit_ns=91475875 components_ns=80781542 diagnostic_ns=83 stark_ns=410798708 phase_sum_ns=1143039000

SEGMENT_V2_OUTER_ARTIFACT_REJECTIONS truncated=true trailing=true

SEGMENT_V2_OUTER_PHASES role=verifier scope=body_before_cleanup preflight_ns=14542 preprocessed_root_ns=113761291 transcript_prefix_ns=50852834 interaction_regenerate_ns=160248583 interaction_validate_claims_ns=25169333 closure_ns=52309250 transcript_after_ns=27578417 components_ns=80642542 publication_authority_ns=25792750 stark_ns=5333958 publication_total_ns=31809500 phase_sum_ns=573513000

SEGMENT_V2_OUTER status=verified rows=39 domains=47 proof_size_estimate_bytes=77244 canonical_proof_bytes=90173 canonicalize_ms=4.340 prove_ms=1143.110 verify_ms=573.572 publication_ms=4.339 producer_prepare_ms=301.483 producer_destroy_ms=1.432 verifier_prepare_ms=300.981 decode_ms=0.305 stark_verify_ms=5.334 transaction_ms=2327.165 artifact_rejections_ms=0.684 producer_peak_bytes=90592036 producer_live_bytes_after_destroy=0 serialization_passes=1 retained_canonical_bytes=90173 verification=native_assisted_fresh_decode draws=1 cols=595/974/508 workers=1

SEGMENT_V2_LADDER_OUTER rows=39 domains=47 component_logs={ 9, 10, 10, 8, 13, 13, 4, 4, 4, 4, 4, 10, 5, 4, 4, 10, 5, 7, 12, 8, 4, 7, 6, 8, 14, 7, 4, 5, 6, 10, 14, 8, 14, 8, 11, 16, 10, 6, 8 } min_component_log=4 max_component_log=16 provider_log=11 samples=2245 queries=3 canonical_proof_bytes=90173 producer_live_bytes_after_destroy=0
SEGMENT_V2_LADDER status=verified requested_steps=1 owners_destroyed=true
        7.61 real        55.66 user         0.38 sys
          1054932992  maximum resident set size
                   0  average shared memory size
                   0  average unshared data size
                   0  average unshared stack size
              160175  page reclaims
                   0  page faults
                   0  swaps
                   0  block input operations
                   0  block output operations
                   0  messages sent
                   0  messages received
                   0  signals received
                   0  voluntary context switches
               35766  involuntary context switches
       1055125181815  instructions retired
        203973098676  cycles elapsed
          1052706040  peak memory footprint
