SEGMENT_V2_LADDER_EXECUTION segment_cycles=1 cumulative_cycles=1 retired_addi=1 retired_bne=0 exit_pc=1004 counter=64 accumulator=0
SEGMENT_V2_LADDER_EXECUTION segment_cycles=16 cumulative_cycles=17 retired_addi=11 retired_bne=5 exit_pc=1008 counter=59 accumulator=6
SEGMENT_V2_LADDER_EXECUTION segment_cycles=4 cumulative_cycles=4 retired_addi=3 retired_bne=1 exit_pc=1004 counter=63 accumulator=1
SEGMENT_V2_LADDER_EXECUTION segment_cycles=16 cumulative_cycles=20 retired_addi=11 retired_bne=5 exit_pc=1008 counter=58 accumulator=7
SEGMENT_V2_LADDER_EXECUTION segment_cycles=16 cumulative_cycles=16 retired_addi=11 retired_bne=5 exit_pc=1004 counter=59 accumulator=5
SEGMENT_V2_LADDER_EXECUTION segment_cycles=16 cumulative_cycles=32 retired_addi=11 retired_bne=5 exit_pc=1008 counter=54 accumulator=11
SEGMENT_V2_LADDER_EXECUTION segment_cycles=64 cumulative_cycles=64 retired_addi=43 retired_bne=21 exit_pc=1004 counter=43 accumulator=21
SEGMENT_V2_LADDER_EXECUTION segment_cycles=16 cumulative_cycles=80 retired_addi=11 retired_bne=5 exit_pc=1008 counter=38 accumulator=27
SEGMENT_V2_LADDER_EXECUTION status=passed sizes=1,4,16,64 continuation_steps=16

Build Summary: 3/3 steps succeeded
run-recursive-segment-v2-concrete-outer-proof success
+- run exe recursive-segment-v2-concrete-outer-proof success 676ms MaxRSS:3M
   +- compile exe recursive-segment-v2-concrete-outer-proof ReleaseSafe native success 2m MaxRSS:8G

      159.71 real       155.36 user         3.44 sys
          8754659328  maximum resident set size
                   0  average shared memory size
                   0  average unshared data size
                   0  average unshared stack size
              593315  page reclaims
                 257  page faults
                   0  swaps
                   0  block input operations
                   0  block output operations
                   0  messages sent
                   0  messages received
                   0  signals received
                6972  voluntary context switches
               17589  involuntary context switches
           220781016  instructions retired
            85149776  cycles elapsed
             8946096  peak memory footprint
