[negative] ecdsa_secp256k1_bad_signature: execute and reject
[1/16] sha256/128: execute, prove, verify
  prove=0.754s verify=0.124s proof=816.9KiB rss=1.30GiB
[2/16] sha256/256: execute, prove, verify
  prove=0.670s verify=0.128s proof=825.9KiB rss=1.29GiB
[3/16] sha256/512: execute, prove, verify
  prove=0.582s verify=0.134s proof=820.1KiB rss=1.32GiB
[4/16] sha256/1024: execute, prove, verify
  prove=0.668s verify=0.137s proof=818.2KiB rss=1.36GiB
[5/16] sha256/2048: execute, prove, verify
  prove=0.640s verify=0.139s proof=836.4KiB rss=1.43GiB
[6/16] keccak/128: execute, prove, verify
  prove=0.523s verify=0.134s proof=820.0KiB rss=1.29GiB
[7/16] keccak/256: execute, prove, verify
  prove=0.594s verify=0.143s proof=820.4KiB rss=1.31GiB
[8/16] keccak/512: execute, prove, verify
  prove=0.574s verify=0.138s proof=822.2KiB rss=1.33GiB
[9/16] keccak/1024: execute, prove, verify
  prove=0.614s verify=0.144s proof=818.4KiB rss=1.42GiB
[10/16] keccak/2048: execute, prove, verify
  prove=0.779s verify=0.152s proof=871.9KiB rss=1.64GiB
[11/16] poseidon2_m31/2: execute, prove, verify
  prove=0.602s verify=0.145s proof=849.6KiB rss=1.32GiB
[12/16] poseidon2_m31/4: execute, prove, verify
  prove=0.660s verify=0.148s proof=870.8KiB rss=1.39GiB
[13/16] poseidon2_m31/8: execute, prove, verify
  prove=0.921s verify=0.144s proof=910.6KiB rss=1.61GiB
[14/16] poseidon2_m31/12: execute, prove, verify
  prove=0.778s verify=0.162s proof=982.1KiB rss=1.69GiB
[15/16] poseidon2_m31/16: execute, prove, verify
  prove=1.217s verify=0.156s proof=1068.8KiB rss=1.90GiB
[16/16] ecdsa_secp256k1/32: execute, prove, verify
  prove=3.737s verify=0.205s proof=3282.4KiB rss=8.59GiB
report: /private/tmp/pr198-csp-clean-evidence-v1/cpu.json
