1/24 block_v5_recursive_pcs_source_columns_test_root.test_0...OK
2/24 recursion.air.blake3_pcs_source_columns_test.test.PCS direct source columns preserve answer query fanout and opening inventory...OK
3/24 recursion.air.blake3_pcs_source_columns_test.test.PCS direct source columns release every failed constructor and fanout allocation...OK
4/24 recursion.air.blake3_pcs_source_columns_test.test.PCS direct source columns reject changed missing duplicate and wrong lane openings...OK
5/24 recursion.air.blake3_pcs_source_columns_test.test.PCS direct source columns reject transcript query swap and fanout overflow atomically...OK
6/24 recursion.air.blake3_pcs_source_columns_test.test.PCS direct source columns canonical captured FRI and opening bodies compile...OK
7/24 block_v5_recursive_upstream_columns_test_root.test_0...OK
8/24 recursion.air.blake3_upstream_source_columns_test.test.upstream direct source columns preserve native execution claim challenge and terminal schedules...OK
9/24 recursion.air.blake3_upstream_source_columns_test.test.upstream direct source columns release every failed preparer allocation...OK
10/24 recursion.air.blake3_upstream_source_columns_test.test.upstream direct source columns reject duplicate missing out of bounds and late indexed emission...OK
11/24 recursion.air.blake3_upstream_source_columns_test.test.upstream direct source columns reject changed native claim sample and transcript exports...OK
12/24 recursion.air.blake3_upstream_source_columns_test.test.upstream direct source columns reject changed execution claim challenge terminal and mixed source mode...OK
13/24 block_v5_recursive_scalar_columns_test_root.test_0...OK
14/24 recursion.air.blake3_execution_sample_columns_test.test.direct recursive scalar upstream sample columns preserve exact source and pack schedules...OK
15/24 recursion.air.blake3_execution_sample_columns_test.test.direct recursive scalar upstream sample owners release every allocation failure...OK
16/24 recursion.air.blake3_execution_sample_columns_test.test.direct recursive scalar upstream samples reject duplicate missing and changed secure inputs...OK
17/24 recursion.air.blake3_execution_sample_columns_test.test.direct recursive scalar canonical payload preparation body codegen...OK
18/24 recursion.air.blake3_direct_source_columns_test.test.direct PCS public source cohorts match legacy scattered columns and transfer ownership...OK
19/24 recursion.air.blake3_direct_source_columns_test.test.direct source columns preserve fixed admission and fail incomplete geometry before transfer...OK
20/24 recursion.air.blake3_recursive_column_inventory_test.test.direct recursive inventory matches legacy rows and rejects source custody mutations without leaks...OK
21/24 recursion.air.blake3_recursive_column_inventory_test.test.direct recursive inventory cleans up every failing allocation...OK
22/24 recursion.air.native_pcs_fusion_rows.test.native query fusion admission rejects altered missing and duplicate sources...OK
23/24 block_v5_recursive_parent_codegen_test_root.test.direct recursive assembled parent bodies compile with bounded phase scratch...OK
24/24 air.memory_commitment.poseidon2_air.test_0...OK
All 24 tests passed.
