1/44 block_v5_input_request_forest_test_root_v1.test_0...OK
2/44 block_v5_input_request_forest_test_root_v1.test.input request forest: retain real bounded run stage receiver and attachment bodies without invocation...OK
3/44 prover.block_v5_input_request_forest_test_v1.test.input request forest: prefix retains exact original canonical and extended packed config words...OK
4/44 prover.block_v5_input_request_forest_test_v1.test.input request forest: uneven 17 leaves exact once with one common carrier...OK
5/44 prover.block_v5_input_request_forest_test_v1.test.input request forest: every topology allocation failure releases all geometry...OK
6/44 prover.block_v5_input_request_forest_test_v1.test.input request forest: missing repeated reordered rounded or oversized ranges reject...OK
7/44 prover.block_v5_input_request_forest_test_v1.test.input request forest: true u64 adjacency prefix frontier and census equations...OK
8/44 prover.block_v5_input_request_forest_test_v1.test.input request forest: graph recording allocation rollback preserves original errors...OK
9/44 prover.block_v5_input_request_forest_test_v1.test.input request forest: independent source mutations violate actual equations...OK
10/44 prover.block_v5_input_request_forest_test_v1.test.input request forest: ordinary selection is explicit and missing authority rejects...OK
11/44 prover.block_v5_input_request_forest_test_v1.test.input request forest: durable pins have no proof authority and strict failure cleanup...OK
12/44 prover.block_v5_input_request_forest_test_v1.test.input request forest: geometry heap owner can release only after its lease...OK
13/44 prover.block_v5_input_request_forest_test_v1.test.input request forest: actual artifact teardown retains heap after original budget release...OK
14/44 block_v5_tail_linked_public_test_root_v2.test_0...OK
15/44 block_v5_tail_linked_public_test_root_v2.test.tail linked public: retain genuine default selected and ancestor production bodies without calls...OK
16/44 air.semantic_eval.test_0...OK
17/44 air.memory_commitment.poseidon2_air.test_0...OK
18/44 air.lookups.tables.mod.test_0...OK
19/44 prover.block_v5_tail_linked_public_test_v2.test.tail linked public: one provider exact byte source mapping feeds three consumers...OK
20/44 prover.block_v5_tail_linked_public_test_v2.test.tail linked public: graph construction propagates every original allocation failure...OK
21/44 prover.block_v5_tail_linked_public_test_v2.test.tail linked public: mismatched provider length prefix or CV byte fails equations...OK
22/44 prover.block_v5_tail_linked_public_test_v2.test.tail linked public: exact virtual word mapping preserves original raw ordinals...OK
23/44 prover.block_v5_tail_linked_public_test_v2.test.tail linked public: large original input has bounded new grammar and distinct protocol...OK
24/44 prover.block_v5_wide_public_windows_test_v1.test.wide public windows: independent native oracle matches full-width compensation and count equations...OK
25/44 prover.block_v5_wide_public_windows_test_v1.test.wide public windows: high clock carry x0 and count faults reject...OK
26/44 prover.block_v5_wide_public_windows_test_v1.test.wide public windows: actual symbolic equation graph rejects original high-byte mutation...OK
27/44 prover.block_v5_wide_public_windows_test_v1.test.wide public windows: symbolic graph construction rolls back exhaustive OOM...OK
28/44 prover.block_v5_wide_public_windows_test_v1.test.wide public windows: layout keeps million-word input lengths out of bounded lower frame extents...OK
29/44 prover.block_v5_wide_public_windows_test_v1.test.wide public windows: u64 adjacency gap wrap and register endpoint mutations reject...OK
30/44 prover.block_v5_wide_public_windows_test_v1.test.wide public windows: expected input root has exact length word order and high byte framing...OK
31/44 prover.block_v5_wide_public_windows_test_v1.test.wide public windows: retained input root rejects cache mutation against independent expectation...OK
32/44 prover.block_v5_wide_public_windows_test_v1.test.wide public windows: input owner retain construction and file custody exhaustively roll back OOM...OK
33/44 prover.block_v5_wide_public_windows_test_v1.test.wide public windows: independent contiguous fan-in rejects rounding gaps overflow and oversized roots...OK
34/44 prover.block_v5_input_tail_test_v1.test.input tail provider: exact original CV call selection covers unbalanced and partial final chunks...OK
35/44 prover.block_v5_input_tail_test_v1.test.input tail provider: bounded consumer original scalar parity exact fixed routes and byte multiset...OK
36/44 prover.block_v5_input_tail_test_v1.test.input tail provider: public owner mutation exact leases and exhaustive allocation rollback...OK
37/44 prover.block_v5_input_tail_test_v1.test.input tail provider: durable expected owner and alias survive original shared budget release...OK
38/44 prover.block_v5_input_tail_test_v1.test.input tail provider: actual original hash and private word AIR has exact public export sinks...OK
39/44 prover.block_v5_input_tail_test_v1.test.input tail provider: source normalization key identity and cap rejects are metadata only...OK
40/44 prover.block_v5_input_tail_test_v1.test.input tail provider: original B5PD chain uses bounded input hash calls and unchanged final digest...OK
41/44 prover.block_v5_input_tail_test_v1.test.input tail provider: bounded consumer exhaustive failure cleanup and large mathematical extent...OK
42/44 prover.block_v5_input_tail_test_v1.test.input tail provider: durable original and consumer columns retain backing budget after owner release...OK
43/44 prover.block_v5_input_tail_test_v1.test.input tail provider: frontier public export adds exactly one read to original seven-round CV use...OK
44/44 air.lookups.tables.source_ingest.test_0...OK
All 44 tests passed.
