1/19 block_v5_input_request_forest_test_root_v1.test_0...OK
2/19 block_v5_input_request_forest_test_root_v1.test.input request forest: retain real bounded run stage receiver and attachment bodies without invocation...OK
3/19 prover.block_v5_input_request_forest_test_v1.test.input request forest: prefix retains exact original canonical and extended packed config words...OK
4/19 prover.block_v5_input_request_forest_test_v1.test.input request forest: uneven 17 leaves exact once with one common carrier...OK
5/19 prover.block_v5_input_request_forest_test_v1.test.input request forest: every topology allocation failure releases all geometry...OK
6/19 prover.block_v5_input_request_forest_test_v1.test.input request forest: carry short remainders to attain minimum exact merge count...OK
7/19 prover.block_v5_input_request_forest_test_v1.test.input request forest: missing repeated reordered rounded or oversized ranges reject...OK
8/19 prover.block_v5_input_request_forest_test_v1.test.input request forest: true u64 adjacency prefix frontier and census equations...OK
9/19 prover.block_v5_input_request_forest_test_v1.test.input request forest: graph recording allocation rollback preserves original errors...OK
10/19 prover.block_v5_input_request_forest_test_v1.test.input request forest: independent source mutations violate actual equations...OK
11/19 prover.block_v5_input_request_forest_test_v1.test.input request forest: ordinary selection is explicit and missing authority rejects...OK
12/19 prover.block_v5_input_request_forest_test_v1.test.input request forest: durable pins have no proof authority and strict failure cleanup...OK
13/19 prover.block_v5_input_request_forest_test_v1.test.input request forest: geometry heap owner can release only after its lease...OK
14/19 prover.block_v5_input_request_forest_test_v1.test.input request forest: actual artifact teardown retains heap after original budget release...OK
15/19 block_v5_tail_linked_public_test_root_v2.test_0...OK
16/19 air.semantic_eval.test_0...OK
17/19 air.memory_commitment.poseidon2_air.test_0...OK
18/19 air.lookups.tables.mod.test_0...OK
19/19 air.lookups.tables.source_ingest.test_0...OK
All 19 tests passed.
