1/1 metal_fri_budget_test_root.test.FRI budget: ephemeral inverse failure and cancellation release only after terminal work...Segmentation fault at address 0x0
/Users/theodorepender/code/cryptography/stwo-zig/src/metal_fri_budget_test_root.zig:14:30: 0x102df3fa4 in deinit (root)
        std.debug.assert(self.terminal.*);
                             ^
/Users/theodorepender/code/cryptography/stwo-zig/src/backends/metal/runtime/fri_inverse_transient_v1.zig:14:37: 0x102de2fdf in deinit (root)
                self.resource.deinit();
                                    ^
/Users/theodorepender/code/cryptography/stwo-zig/src/backends/metal/runtime/fri_inverse_transient_v1.zig:90:29: 0x102dde9ff in abort (root)
                value.deinit();
                            ^
/Users/theodorepender/code/cryptography/stwo-zig/src/backends/metal/runtime/fri_inverse_transient_v1.zig:39:34: 0x102dde727 in init__anon_1937 (root)
            errdefer result.abort();
                                 ^
/Users/theodorepender/code/cryptography/stwo-zig/src/metal_fri_budget_test_root.zig:527:75: 0x102ddf313 in test.FRI budget: ephemeral inverse failure and cancellation release only after terminal work (root)
    try std.testing.expectError(error.InverseFactoryFailed, Transient.init(std.testing.allocator, .{ circle(4), line(8, 2) }, Factory{ .created = &created, .destroyed = &destroyed, .terminal = &terminal, .fail_at = 2 }));
                                                                          ^
/opt/homebrew/Cellar/zig@0.15/0.15.2/lib/zig/compiler/test_runner.zig:218:25: 0x102e8dc77 in mainTerminal (root)
        if (test_fn.func()) |_| {
                        ^
/opt/homebrew/Cellar/zig@0.15/0.15.2/lib/zig/compiler/test_runner.zig:66:28: 0x102e8a0db in main (root)
        return mainTerminal();
                           ^
/opt/homebrew/Cellar/zig@0.15/0.15.2/lib/zig/std/start.zig:618:22: 0x102e89af3 in main (root)
            root.main();
                     ^
???:?:?: 0x1865684e3 in ??? (???)
???:?:?: 0x0 in ??? (???)
error: the following test command crashed:
.zig-cache/o/8ab7fd1f1cbeaaed0b0288456ef9f890/root --seed=0x1745763e
Traceback (most recent call last):
  File "/Users/theodorepender/code/cryptography/stwo-zig/autoresearch/notes/2026-09-24-ethereum-block-delivery/test_sha_memory_proof.py", line 15, in <module>
    subprocess.run([z,'test',*filter_args,'-O' + args.optimize,'-lc','-mcpu=native','--dep','stwo_core','--dep','stwo_prover_engine','--dep','stwo_cpu_backend','--dep','interop_postcard','--dep','stwo_prover_api','--dep','stwo_backend_contracts','-Mroot=' + args.root,'-Mstwo_core=src/core/mod.zig','--dep','stwo_core','--dep','stwo_backend_contracts','--dep','stwo_prover_api','-Mstwo_prover_engine=src/prover/mod.zig','--dep','stwo_core','-Mstwo_backend_contracts=src/backend/mod.zig','--dep','stwo_core','-Mstwo_prover_api=src/prover_api/mod.zig','--dep','stwo_core','--dep','stwo_prover_engine','--dep','stwo_backend_contracts','-Mstwo_cpu_backend=src/backends/cpu_scalar/mod.zig','--dep','stwo_core','--dep','stwo_proof_wire','-Minterop_postcard=src/interop/postcard.zig','--dep','stwo_core','-Mstwo_proof_wire=src/interop/proof_wire/mod.zig'],check=True,cwd=R)
    ~~~~~~~~~~~~~~^^^^^^^^^^^^^^^^^^^^^^^^^^^^^^^^^^^^^^^^^^^^^^^^^^^^^^^^^^^^^^^^^^^^^^^^^^^^^^^^^^^^^^^^^^^^^^^^^^^^^^^^^^^^^^^^^^^^^^^^^^^^^^^^^^^^^^^^^^^^^^^^^^^^^^^^^^^^^^^^^^^^^^^^^^^^^^^^^^^^^^^^^^^^^^^^^^^^^^^^^^^^^^^^^^^^^^^^^^^^^^^^^^^^^^^^^^^^^^^^^^^^^^^^^^^^^^^^^^^^^^^^^^^^^^^^^^^^^^^^^^^^^^^^^^^^^^^^^^^^^^^^^^^^^^^^^^^^^^^^^^^^^^^^^^^^^^^^^^^^^^^^^^^^^^^^^^^^^^^^^^^^^^^^^^^^^^^^^^^^^^^^^^^^^^^^^^^^^^^^^^^^^^^^^^^^^^^^^^^^^^^^^^^^^^^^^^^^^^^^^^^^^^^^^^^^^^^^^^^^^^^^^^^^^^^^^^^^^^^^^^^^^^^^^^^^^^^^^^^^^^^^^^^^^^^^^^^^^^^^^^^^^^^^^^^^^^^^^^^^^^^^^^^^^^^^^^^^^^^^^^^^^^^^^^^^^^^^^^^^^^^^^^^^^^^^^^^^^^^^^^^^^^^^^^^^^^^^^^^^^^^^^^^^^^^^^^^^^^^^^^^^^^^^^^^^^^^^^^^^^^^^^^^^^^^^^^^^^^^^^^^^^^^^^^^^^^^^^^^^^^^^^^^^^^^^^^^^^^^^^^^^^^^^^^^^^^^^^^^^^^^^^^^^^^^^^^^^^^^^^^^^^^^^^^^^^^^^^^^^^^^^^^^^^^^^^^^^^^^^^^^^^^^^^^^^^^^^^^^^^^^^^^^^^^^^^^^^^^^^^^^^^^^^
  File "/opt/homebrew/Cellar/python@3.14/3.14.6/Frameworks/Python.framework/Versions/3.14/lib/python3.14/subprocess.py", line 578, in run
    raise CalledProcessError(retcode, process.args,
                             output=stdout, stderr=stderr)
subprocess.CalledProcessError: Command '['/opt/homebrew/opt/zig@0.15/bin/zig', 'test', '--test-filter', 'FRI budget: ephemeral inverse failure', '-ODebug', '-lc', '-mcpu=native', '--dep', 'stwo_core', '--dep', 'stwo_prover_engine', '--dep', 'stwo_cpu_backend', '--dep', 'interop_postcard', '--dep', 'stwo_prover_api', '--dep', 'stwo_backend_contracts', '-Mroot=src/metal_fri_budget_test_root.zig', '-Mstwo_core=src/core/mod.zig', '--dep', 'stwo_core', '--dep', 'stwo_backend_contracts', '--dep', 'stwo_prover_api', '-Mstwo_prover_engine=src/prover/mod.zig', '--dep', 'stwo_core', '-Mstwo_backend_contracts=src/backend/mod.zig', '--dep', 'stwo_core', '-Mstwo_prover_api=src/prover_api/mod.zig', '--dep', 'stwo_core', '--dep', 'stwo_prover_engine', '--dep', 'stwo_backend_contracts', '-Mstwo_cpu_backend=src/backends/cpu_scalar/mod.zig', '--dep', 'stwo_core', '--dep', 'stwo_proof_wire', '-Minterop_postcard=src/interop/postcard.zig', '--dep', 'stwo_core', '-Mstwo_proof_wire=src/interop/proof_wire/mod.zig']' returned non-zero exit status 1.
