1/13 block_v5_native_capacity_unit_test_root.test_0...OK
2/13 prover.block_v5_native_capacity_unit_test.test.native capacity prefix counts powers tails and catches holes last count and nonboolean selectors...FAIL (TestUnexpectedResult)
3/13 prover.block_v5_native_capacity_unit_test.test.native capacity template reuses same bucket binds exact instance and rejects legacy protocol and shape mutations...OK
4/13 prover.block_v5_native_capacity_unit_test.test.native capacity fixed rows are count invariant and column generation cleans every allocation failure...OK
5/13 prover.block_v5_native_capacity_unit_test.test.native capacity combined masks clean every allocation failure without double owning aliases...OK
6/13 prover.block_v5_native_capacity_unit_test.test.native capacity preserves original point equations masks and binds the appended selector...OK
7/13 prover.block_v5_native_capacity_unit_test.test.native capacity each activity equation degree bound is explicit at three...OK
8/13 prover.block_v5_native_capacity_unit_test.test.native capacity legal empty ordinary path retains genuine typed frame and exact instance count...OK
9/13 prover.block_v5_native_capacity_unit_test.test.native capacity transcript binds seal roots ordinal instance and rejects protocol downgrade...OK
10/13 prover.block_v5_native_capacity_unit_test.test.native capacity mixed bucket domain preserves native quotients and shifted count equations...OK
11/13 prover.block_v5_native_capacity_unit_test.test.native capacity real CPU first round prove and fresh receive bodies compile without executing...OK
12/13 air.semantic_eval.test_0...OK
13/13 air.memory_commitment.poseidon2_air.test_0...OK
12 passed; 0 skipped; 1 failed.
error: the following test command failed with exit code 1:
.zig-cache/o/d4a04df9a1975670919f02ed4d0cdf50/root --seed=0xd8afbcaf
Traceback (most recent call last):
  File "/Users/theodorepender/code/cryptography/stwo-zig/autoresearch/notes/2026-09-24-ethereum-block-delivery/test_sha_memory_proof.py", line 24, in <module>
    subprocess.run([z,'test',*filter_args,*runner_args,'-O' + args.optimize,'-lc','-mcpu=native','--dep','stwo_core','--dep','stwo_prover_engine','--dep','stwo_cpu_backend','--dep','interop_postcard','--dep','stwo_prover_api','--dep','stwo_backend_contracts','-Mroot=' + args.root,'-Mstwo_core=src/core/mod.zig','--dep','stwo_core','--dep','stwo_backend_contracts','--dep','stwo_prover_api','-Mstwo_prover_engine=src/prover/mod.zig','--dep','stwo_core','-Mstwo_backend_contracts=src/backend/mod.zig','--dep','stwo_core','-Mstwo_prover_api=src/prover_api/mod.zig','--dep','stwo_core','--dep','stwo_prover_engine','--dep','stwo_backend_contracts','-Mstwo_cpu_backend=src/backends/cpu_scalar/mod.zig','--dep','stwo_core','--dep','stwo_proof_wire','-Minterop_postcard=src/interop/postcard.zig','--dep','stwo_core','-Mstwo_proof_wire=src/interop/proof_wire/mod.zig',*runner_modules],check=True,cwd=R)
    ~~~~~~~~~~~~~~^^^^^^^^^^^^^^^^^^^^^^^^^^^^^^^^^^^^^^^^^^^^^^^^^^^^^^^^^^^^^^^^^^^^^^^^^^^^^^^^^^^^^^^^^^^^^^^^^^^^^^^^^^^^^^^^^^^^^^^^^^^^^^^^^^^^^^^^^^^^^^^^^^^^^^^^^^^^^^^^^^^^^^^^^^^^^^^^^^^^^^^^^^^^^^^^^^^^^^^^^^^^^^^^^^^^^^^^^^^^^^^^^^^^^^^^^^^^^^^^^^^^^^^^^^^^^^^^^^^^^^^^^^^^^^^^^^^^^^^^^^^^^^^^^^^^^^^^^^^^^^^^^^^^^^^^^^^^^^^^^^^^^^^^^^^^^^^^^^^^^^^^^^^^^^^^^^^^^^^^^^^^^^^^^^^^^^^^^^^^^^^^^^^^^^^^^^^^^^^^^^^^^^^^^^^^^^^^^^^^^^^^^^^^^^^^^^^^^^^^^^^^^^^^^^^^^^^^^^^^^^^^^^^^^^^^^^^^^^^^^^^^^^^^^^^^^^^^^^^^^^^^^^^^^^^^^^^^^^^^^^^^^^^^^^^^^^^^^^^^^^^^^^^^^^^^^^^^^^^^^^^^^^^^^^^^^^^^^^^^^^^^^^^^^^^^^^^^^^^^^^^^^^^^^^^^^^^^^^^^^^^^^^^^^^^^^^^^^^^^^^^^^^^^^^^^^^^^^^^^^^^^^^^^^^^^^^^^^^^^^^^^^^^^^^^^^^^^^^^^^^^^^^^^^^^^^^^^^^^^^^^^^^^^^^^^^^^^^^^^^^^^^^^^^^^^^^^^^^^^^^^^^^^^^^^^^^^^^^^^^^^^^^^^^^^^^^^^^^^^^^^^^^^^^^^^^^^^^^^^^^^^^^^^^^^^^^^^^^^^^^^^^^^^^^^^^^^^^^^^^^^^^^^^^^^^^^^^^
  File "/opt/homebrew/Cellar/python@3.14/3.14.6/Frameworks/Python.framework/Versions/3.14/lib/python3.14/subprocess.py", line 578, in run
    raise CalledProcessError(retcode, process.args,
                             output=stdout, stderr=stderr)
subprocess.CalledProcessError: Command '['/opt/homebrew/opt/zig@0.15/bin/zig', 'test', '--test-filter', 'native capacity', '-OReleaseFast', '-lc', '-mcpu=native', '--dep', 'stwo_core', '--dep', 'stwo_prover_engine', '--dep', 'stwo_cpu_backend', '--dep', 'interop_postcard', '--dep', 'stwo_prover_api', '--dep', 'stwo_backend_contracts', '-Mroot=src/frontends/riscv/block_v5_native_capacity_unit_test_root.zig', '-Mstwo_core=src/core/mod.zig', '--dep', 'stwo_core', '--dep', 'stwo_backend_contracts', '--dep', 'stwo_prover_api', '-Mstwo_prover_engine=src/prover/mod.zig', '--dep', 'stwo_core', '-Mstwo_backend_contracts=src/backend/mod.zig', '--dep', 'stwo_core', '-Mstwo_prover_api=src/prover_api/mod.zig', '--dep', 'stwo_core', '--dep', 'stwo_prover_engine', '--dep', 'stwo_backend_contracts', '-Mstwo_cpu_backend=src/backends/cpu_scalar/mod.zig', '--dep', 'stwo_core', '--dep', 'stwo_proof_wire', '-Minterop_postcard=src/interop/postcard.zig', '--dep', 'stwo_core', '-Mstwo_proof_wire=src/interop/proof_wire/mod.zig']' returned non-zero exit status 1.
