1/19 block_v5_native_column_log_layout_test_root.test_0...OK
2/19 block_v5_native_column_log_layout_test_root.test.native column geometry: actual public parent producer and fresh receiver bodies retained...OK
3/19 prover.block_v5_native_column_log_layout_test_v1.test.native column geometry: original descriptor domains and capacity tails remain exact...OK
4/19 prover.block_v5_native_column_log_layout_test_v1.test.native column geometry: genuine empty frame keeps original geometry and external retirement checks...OK
5/19 prover.block_v5_native_column_log_layout_test_v1.test.native column geometry: exact one-allocation arrays roll back every allocation failure...OK
6/19 prover.block_v5_native_column_log_layout_test_v1.test.native column geometry: maximum original shard count remains bounded and exact...OK
7/19 prover.block_v5_native_column_log_layout_test_v1.test.native column geometry: malformed independent descriptors fail before allocation...OK
8/19 prover.block_v5_native_capacity_recursive_test.test.capacity recursion: independent catalog admission owns geometry and fails closed on source public and root mutations...OK
9/19 prover.block_v5_native_capacity_recursive_test.test.capacity recursion: independent prepared geometry releases every failed allocation...OK
10/19 prover.block_v5_native_capacity_recursive_test.test.native column geometry: actual prepared validation needs no scratch allocation and retains mutation rejection...OK
11/19 prover.block_v5_native_capacity_recursive_test.test.native column geometry: legacy prepared masks reject mutation and truncation without allocation...OK
12/19 prover.block_v5_native_capacity_recursive_test.test.capacity recursion: independent empty policy binds retirement count through frame public supply...OK
13/19 prover.block_execution_external_trace_v2.test_0...OK
14/19 air.lookups.tables.mod.test_0...OK
15/19 prover.block_v5_native_recursive_setup_cache_v1.test_0...OK
16/19 air.semantic_eval.test_0...OK
17/19 prover.block_execution_external_access_bridge_v2.test_0...OK
18/19 air.memory_commitment.poseidon2_air.test_0...OK
19/19 air.lookups.tables.source_ingest.test_0...OK
All 19 tests passed.
