1/10 block_v5_native_capacity_recursive_test_root.test_0...OK
2/10 prover.block_v5_native_capacity_recursive_test.test.capacity recursion: original equations match symbolic mixed-domain activity graph and public count mutations...OK
3/10 prover.block_v5_native_capacity_recursive_test.test.capacity recursion: genuine empty frame counts are public and reuse one graph...OK
4/10 prover.block_v5_native_capacity_recursive_test.test.capacity recursion: graph construction releases every failed allocation...FAIL (InvalidTestConstraintCount)
5/10 prover.block_v5_native_capacity_recursive_test.test.capacity recursion: 257 count wires retain wide indices and changed public values reuse setup...OK
6/10 prover.block_v5_native_capacity_recursive_test.test.capacity recursion: independent catalog admission owns geometry and fails closed on source public and root mutations...OK
7/10 prover.block_v5_native_capacity_recursive_test.test.capacity recursion: independent prepared geometry releases every failed allocation...OK
8/10 prover.block_v5_native_capacity_recursive_test.test.capacity recursion: independent empty policy binds retirement count through frame public supply...OK
9/10 air.semantic_eval.test_0...OK
10/10 air.memory_commitment.poseidon2_air.test_0...OK
9 passed; 0 skipped; 1 failed.
error: the following test command failed with exit code 1:
.zig-cache/o/44cdbe1aa7511ba7f03152873cca6f3f/root --seed=0x3c14630d
Traceback (most recent call last):
  File "/Users/theodorepender/code/cryptography/stwo-zig/autoresearch/notes/2026-09-24-ethereum-block-delivery/test_sha_memory_proof.py", line 24, in <module>
    subprocess.run([z,'test',*filter_args,*runner_args,'-O' + args.optimize,'-lc','-mcpu=native','--dep','stwo_core','--dep','stwo_prover_engine','--dep','stwo_cpu_backend','--dep','interop_postcard','--dep','stwo_prover_api','--dep','stwo_backend_contracts','-Mroot=' + args.root,'-Mstwo_core=src/core/mod.zig','--dep','stwo_core','--dep','stwo_backend_contracts','--dep','stwo_prover_api','-Mstwo_prover_engine=src/prover/mod.zig','--dep','stwo_core','-Mstwo_backend_contracts=src/backend/mod.zig','--dep','stwo_core','-Mstwo_prover_api=src/prover_api/mod.zig','--dep','stwo_core','--dep','stwo_prover_engine','--dep','stwo_backend_contracts','-Mstwo_cpu_backend=src/backends/cpu_scalar/mod.zig','--dep','stwo_core','--dep','stwo_proof_wire','-Minterop_postcard=src/interop/postcard.zig','--dep','stwo_core','-Mstwo_proof_wire=src/interop/proof_wire/mod.zig',*runner_modules],check=True,cwd=R)
    ~~~~~~~~~~~~~~^^^^^^^^^^^^^^^^^^^^^^^^^^^^^^^^^^^^^^^^^^^^^^^^^^^^^^^^^^^^^^^^^^^^^^^^^^^^^^^^^^^^^^^^^^^^^^^^^^^^^^^^^^^^^^^^^^^^^^^^^^^^^^^^^^^^^^^^^^^^^^^^^^^^^^^^^^^^^^^^^^^^^^^^^^^^^^^^^^^^^^^^^^^^^^^^^^^^^^^^^^^^^^^^^^^^^^^^^^^^^^^^^^^^^^^^^^^^^^^^^^^^^^^^^^^^^^^^^^^^^^^^^^^^^^^^^^^^^^^^^^^^^^^^^^^^^^^^^^^^^^^^^^^^^^^^^^^^^^^^^^^^^^^^^^^^^^^^^^^^^^^^^^^^^^^^^^^^^^^^^^^^^^^^^^^^^^^^^^^^^^^^^^^^^^^^^^^^^^^^^^^^^^^^^^^^^^^^^^^^^^^^^^^^^^^^^^^^^^^^^^^^^^^^^^^^^^^^^^^^^^^^^^^^^^^^^^^^^^^^^^^^^^^^^^^^^^^^^^^^^^^^^^^^^^^^^^^^^^^^^^^^^^^^^^^^^^^^^^^^^^^^^^^^^^^^^^^^^^^^^^^^^^^^^^^^^^^^^^^^^^^^^^^^^^^^^^^^^^^^^^^^^^^^^^^^^^^^^^^^^^^^^^^^^^^^^^^^^^^^^^^^^^^^^^^^^^^^^^^^^^^^^^^^^^^^^^^^^^^^^^^^^^^^^^^^^^^^^^^^^^^^^^^^^^^^^^^^^^^^^^^^^^^^^^^^^^^^^^^^^^^^^^^^^^^^^^^^^^^^^^^^^^^^^^^^^^^^^^^^^^^^^^^^^^^^^^^^^^^^^^^^^^^^^^^^^^^^^^^^^^^^^^^^^^^^^^^^^^^^^^^^^^^^^^^^^^^^^^^^^^^^^^^^^^^^^^^^^
  File "/opt/homebrew/Cellar/python@3.14/3.14.6/Frameworks/Python.framework/Versions/3.14/lib/python3.14/subprocess.py", line 578, in run
    raise CalledProcessError(retcode, process.args,
                             output=stdout, stderr=stderr)
subprocess.CalledProcessError: Command '['/opt/homebrew/opt/zig@0.15/bin/zig', 'test', '--test-filter', 'capacity recursion:', '-OReleaseFast', '-lc', '-mcpu=native', '--dep', 'stwo_core', '--dep', 'stwo_prover_engine', '--dep', 'stwo_cpu_backend', '--dep', 'interop_postcard', '--dep', 'stwo_prover_api', '--dep', 'stwo_backend_contracts', '-Mroot=src/frontends/riscv/block_v5_native_capacity_recursive_test_root.zig', '-Mstwo_core=src/core/mod.zig', '--dep', 'stwo_core', '--dep', 'stwo_backend_contracts', '--dep', 'stwo_prover_api', '-Mstwo_prover_engine=src/prover/mod.zig', '--dep', 'stwo_core', '-Mstwo_backend_contracts=src/backend/mod.zig', '--dep', 'stwo_core', '-Mstwo_prover_api=src/prover_api/mod.zig', '--dep', 'stwo_core', '--dep', 'stwo_prover_engine', '--dep', 'stwo_backend_contracts', '-Mstwo_cpu_backend=src/backends/cpu_scalar/mod.zig', '--dep', 'stwo_core', '--dep', 'stwo_proof_wire', '-Minterop_postcard=src/interop/postcard.zig', '--dep', 'stwo_core', '-Mstwo_proof_wire=src/interop/proof_wire/mod.zig']' returned non-zero exit status 1.
