src/frontends/riscv/prover/block_v5_native_capacity_proof_v1.zig:98:34: error: root source file struct 'pcs.mod' has no member named 'CommitmentSchemeVerifier'
        const Verifier = core.pcs.CommitmentSchemeVerifier(suite.Hasher, suite.MerkleChannel);
                         ~~~~~~~~^~~~~~~~~~~~~~~~~~~~~~~~~
src/core/pcs/mod.zig:1:1: note: struct declared here
const std = @import("std");
^~~~~
referenced by:
    verifyOwned: src/frontends/riscv/prover/block_v5_native_capacity_proof_v1.zig:276:32
    verifyBody: src/frontends/riscv/prover/block_v5_native_capacity_unit_test.zig:347:45
    2 reference(s) hidden; use '-freference-trace=4' to see all references
src/frontends/riscv/prover/block_v5_native_capacity_proof_v1.zig:242:37: error: type 'type' not a function
            const stark = try engine.prove(Backend, suite.Hasher, suite.MerkleChannel, a, &.{component.asProverComponent()}, &channel, first.scheme, .{});
                              ~~~~~~^~~~~~
Traceback (most recent call last):
  File "/Users/theodorepender/code/cryptography/stwo-zig/autoresearch/notes/2026-09-24-ethereum-block-delivery/test_sha_memory_proof.py", line 24, in <module>
    subprocess.run([z,'test',*filter_args,*runner_args,'-O' + args.optimize,'-lc','-mcpu=native','--dep','stwo_core','--dep','stwo_prover_engine','--dep','stwo_cpu_backend','--dep','interop_postcard','--dep','stwo_prover_api','--dep','stwo_backend_contracts','-Mroot=' + args.root,'-Mstwo_core=src/core/mod.zig','--dep','stwo_core','--dep','stwo_backend_contracts','--dep','stwo_prover_api','-Mstwo_prover_engine=src/prover/mod.zig','--dep','stwo_core','-Mstwo_backend_contracts=src/backend/mod.zig','--dep','stwo_core','-Mstwo_prover_api=src/prover_api/mod.zig','--dep','stwo_core','--dep','stwo_prover_engine','--dep','stwo_backend_contracts','-Mstwo_cpu_backend=src/backends/cpu_scalar/mod.zig','--dep','stwo_core','--dep','stwo_proof_wire','-Minterop_postcard=src/interop/postcard.zig','--dep','stwo_core','-Mstwo_proof_wire=src/interop/proof_wire/mod.zig',*runner_modules],check=True,cwd=R)
    ~~~~~~~~~~~~~~^^^^^^^^^^^^^^^^^^^^^^^^^^^^^^^^^^^^^^^^^^^^^^^^^^^^^^^^^^^^^^^^^^^^^^^^^^^^^^^^^^^^^^^^^^^^^^^^^^^^^^^^^^^^^^^^^^^^^^^^^^^^^^^^^^^^^^^^^^^^^^^^^^^^^^^^^^^^^^^^^^^^^^^^^^^^^^^^^^^^^^^^^^^^^^^^^^^^^^^^^^^^^^^^^^^^^^^^^^^^^^^^^^^^^^^^^^^^^^^^^^^^^^^^^^^^^^^^^^^^^^^^^^^^^^^^^^^^^^^^^^^^^^^^^^^^^^^^^^^^^^^^^^^^^^^^^^^^^^^^^^^^^^^^^^^^^^^^^^^^^^^^^^^^^^^^^^^^^^^^^^^^^^^^^^^^^^^^^^^^^^^^^^^^^^^^^^^^^^^^^^^^^^^^^^^^^^^^^^^^^^^^^^^^^^^^^^^^^^^^^^^^^^^^^^^^^^^^^^^^^^^^^^^^^^^^^^^^^^^^^^^^^^^^^^^^^^^^^^^^^^^^^^^^^^^^^^^^^^^^^^^^^^^^^^^^^^^^^^^^^^^^^^^^^^^^^^^^^^^^^^^^^^^^^^^^^^^^^^^^^^^^^^^^^^^^^^^^^^^^^^^^^^^^^^^^^^^^^^^^^^^^^^^^^^^^^^^^^^^^^^^^^^^^^^^^^^^^^^^^^^^^^^^^^^^^^^^^^^^^^^^^^^^^^^^^^^^^^^^^^^^^^^^^^^^^^^^^^^^^^^^^^^^^^^^^^^^^^^^^^^^^^^^^^^^^^^^^^^^^^^^^^^^^^^^^^^^^^^^^^^^^^^^^^^^^^^^^^^^^^^^^^^^^^^^^^^^^^^^^^^^^^^^^^^^^^^^^^^^^^^^^^^^^^^^^^^^^^^^^^^^^^^^^^^^^^^^^^
  File "/opt/homebrew/Cellar/python@3.14/3.14.6/Frameworks/Python.framework/Versions/3.14/lib/python3.14/subprocess.py", line 578, in run
    raise CalledProcessError(retcode, process.args,
                             output=stdout, stderr=stderr)
subprocess.CalledProcessError: Command '['/opt/homebrew/opt/zig@0.15/bin/zig', 'test', '--test-filter', 'native capacity', '-OReleaseFast', '-lc', '-mcpu=native', '--dep', 'stwo_core', '--dep', 'stwo_prover_engine', '--dep', 'stwo_cpu_backend', '--dep', 'interop_postcard', '--dep', 'stwo_prover_api', '--dep', 'stwo_backend_contracts', '-Mroot=src/frontends/riscv/block_v5_native_capacity_unit_test_root.zig', '-Mstwo_core=src/core/mod.zig', '--dep', 'stwo_core', '--dep', 'stwo_backend_contracts', '--dep', 'stwo_prover_api', '-Mstwo_prover_engine=src/prover/mod.zig', '--dep', 'stwo_core', '-Mstwo_backend_contracts=src/backend/mod.zig', '--dep', 'stwo_core', '-Mstwo_prover_api=src/prover_api/mod.zig', '--dep', 'stwo_core', '--dep', 'stwo_prover_engine', '--dep', 'stwo_backend_contracts', '-Mstwo_cpu_backend=src/backends/cpu_scalar/mod.zig', '--dep', 'stwo_core', '--dep', 'stwo_proof_wire', '-Minterop_postcard=src/interop/postcard.zig', '--dep', 'stwo_core', '-Mstwo_proof_wire=src/interop/proof_wire/mod.zig']' returned non-zero exit status 1.
