1/33 block_v5_word_expected_setup_test_root_v1.test_0...OK
2/33 block_v5_word_expected_setup_test_root_v1.test.word expected setup: actual independent key cache canonical CPU receiver and memory forest bodies retained...OK
3/33 prover.block_v5_word_expected_setup_test_v1.test.word expected setup: RAM live metadata rejects changed context key row geometry and schedule...OK
4/33 prover.block_v5_word_expected_setup_test_v1.test.word expected setup: range live metadata retains canonical security and exact routing...OK
5/33 prover.block_v5_word_expected_setup_test_v1.test.word expected setup: original driver options independently bound retained setup metadata...OK
6/33 prover.block_v5_word_expected_setup_test_v1.test_0...OK
7/33 prover.block_v5_cpu_recursive_publication_test_v1.test.cpu recursive publication: genuine sparse source binds once with owned schedule but no proof authority...OK
8/33 prover.block_v5_cpu_recursive_publication_test_v1.test.cpu recursive publication: every source template and schedule allocation failure unwinds...OK
9/33 prover.block_v5_cpu_recursive_publication_test_v1.test.cpu recursive publication: equal source copy wrong key and source census cannot bind independently retained owner...OK
10/33 prover.block_v5_cpu_recursive_publication_test_v1.test.cpu recursive publication: schedule cap fails before ownership transfer and binding stays pending...OK
11/33 prover.block_v5_cpu_recursive_publication_test_v1.test.cpu recursive publication: all seven original stages preserve absent callbacks and explicit option admission...OK
12/33 prover.block_v5_ram_range_forest_owned_test_v1.test.RAM durable catalogue: exact typed manifest order and final join record round trip...OK
13/33 prover.block_v5_ram_range_forest_owned_test_v1.test.RAM durable catalogue: resealed received key proposal rejects original derived identity...OK
14/33 prover.block_v5_ram_range_forest_owned_test_v1.test.RAM durable catalogue: framing truncation excess version and zero identities reject...OK
15/33 prover.block_v5_ram_range_forest_owned_test_v1.test.RAM durable catalogue: independent metadata proof and aggregate resource caps...OK
16/33 prover.block_v5_ram_range_forest_owned_test_v1.test.RAM durable catalogue: every manifest encode decode allocation releases...OK
17/33 prover.block_v5_ram_range_forest_owned_test_v1.test.RAM durable catalogue: original independent admission remains usable after upstream buffers release...OK
18/33 prover.block_v5_ram_range_forest_owned_test_v1.test.RAM durable catalogue: transfer allocations fail atomically with upstream admitted once...OK
19/33 prover.block_v5_ram_range_forest_owned_test_v1.test.RAM durable catalogue: exact independent source roster mutations reject before recursive proof...OK
20/33 prover.block_v5_ram_range_forest_owned_test_v1.test.RAM durable catalogue: canonical minimum forest uses exact original counts and bounded children...OK
21/33 prover.block_v5_ram_range_forest_owned_test_v1.test.RAM durable catalogue: rollback removes only successfully new recursive outputs...OK
22/33 prover.block_v5_ram_range_forest_owned_test_v1.test.RAM durable catalogue: independent cap admission precedes undefined source capabilities...OK
23/33 prover.block_v5_ram_range_forest_owned_test_v1.test.RAM durable catalogue: memory scratch cap is independent and retains aggregate backing...OK
24/33 prover.block_v5_word_expected_setup_cache_v1.test.word expected setup: reuse fingerprint separates every geometry security retry and budget input...OK
25/33 prover.block_v5_word_expected_setup_cache_v1.test.word expected setup: empty cache metadata custody and limits require no proof or commitment...OK
26/33 prover.block_v5_cpu_recursive_receive_v1.test.cpu recursive publication: fixed transport records preserve sparse original indices and reject changed family order truncation and overflow...OK
27/33 prover.block_execution_external_trace_v2.test_0...OK
28/33 air.semantic_eval.test_0...OK
29/33 air.lookups.tables.mod.test_0...OK
30/33 prover.block_execution_external_access_bridge_v2.test_0...OK
31/33 air.memory_commitment.poseidon2_air.test_0...OK
32/33 prover.block_v5_native_recursive_setup_cache_v1.test_0...OK
33/33 air.lookups.tables.source_ingest.test_0...OK
All 33 tests passed.
