DETACHED_PARENT_PCS_PHASE lane=1 selected_lane_only=true capture_ns=218648041 plans_ns=3256000 authority_ns=466139959 rows_ns=319647333
DETACHED_PARENT_CHILD_PHASE lane=1 prefix_ns=173917 transcript_ns=148042 pcs_ns=1007751958 boundary_ns=7747542 composition_ns=7206125
DETACHED_PARENT_CHILD lane=1 preparation_ns=1023052584
DETACHED_PARENT_PCS_PHASE lane=2 selected_lane_only=true capture_ns=217580792 plans_ns=3248333 authority_ns=465698708 rows_ns=314154875
DETACHED_PARENT_CHILD_PHASE lane=2 prefix_ns=149709 transcript_ns=65875 pcs_ns=1000720541 boundary_ns=7783750 composition_ns=7053084
DETACHED_PARENT_CHILD lane=2 preparation_ns=2038857250
riscv_detached_arithmetic_fusion lane=501 dot4_rows=395 multiply_add_rows=8779
riscv_detached_arithmetic_fusion lane=511 dot4_rows=2616 multiply_add_rows=3495
riscv_detached_arithmetic_fusion lane=412 dot4_rows=105869 multiply_add_rows=32356
riscv_detached_arithmetic_fusion lane=402 dot4_rows=5790 multiply_add_rows=103659
riscv_detached_arithmetic_fusion lane=502 dot4_rows=395 multiply_add_rows=8779
riscv_detached_arithmetic_fusion lane=512 dot4_rows=2616 multiply_add_rows=3495
riscv_detached_arithmetic_fusion lane=413 dot4_rows=105869 multiply_add_rows=32356
riscv_detached_arithmetic_fusion lane=403 dot4_rows=5790 multiply_add_rows=103659
riscv_detached_arithmetic_fusion lane=521 dot4_rows=2592 multiply_add_rows=2612
DETACHED_PARENT_ROW row=0 rows=6378 logical_bytes=306144
DETACHED_PARENT_ROW row=1 rows=2768 logical_bytes=531456
DETACHED_PARENT_ROW row=2 rows=2768 logical_bytes=409664
DETACHED_PARENT_ROW row=3 rows=206 logical_bytes=29664
DETACHED_PARENT_ROW row=4 rows=20496 logical_bytes=1557696
DETACHED_PARENT_ROW row=5 rows=18892 logical_bytes=1586928
DETACHED_PARENT_ROW row=6 rows=4 logical_bytes=1088
DETACHED_PARENT_ROW row=7 rows=4 logical_bytes=240
DETACHED_PARENT_ROW row=8 rows=94 logical_bytes=9400
DETACHED_PARENT_ROW row=9 rows=66 logical_bytes=8448
DETACHED_PARENT_ROW row=10 rows=8 logical_bytes=736
DETACHED_PARENT_ROW row=11 rows=61669 logical_bytes=5673548
DETACHED_PARENT_ROW row=12 rows=0 logical_bytes=0
DETACHED_PARENT_ROW row=13 rows=80125 logical_bytes=3205000
DETACHED_PARENT_ROW row=14 rows=231932 logical_bytes=50097312
DETACHED_PARENT_ROW row=20 rows=386 logical_bytes=114256
DETACHED_PARENT_ROW row=21 rows=6176 logical_bytes=2593920
DETACHED_PARENT_ROW row=22 rows=18 logical_bytes=1368
DETACHED_PARENT_ROW row=23 rows=94956 logical_bytes=33044688
DETACHED_PARENT_ROW row=24 rows=782056 logical_bytes=81333824
DETACHED_PARENT_ROW row=25 rows=23160 logical_bytes=8708160
DETACHED_PARENT_ROW row=26 rows=5790 logical_bytes=972720
DETACHED_PARENT_ROW row=27 rows=1930 logical_bytes=216160
DETACHED_PARENT_ROW row=28 rows=2702 logical_bytes=237776
DETACHED_PARENT_ROW row=29 rows=141326 logical_bytes=16959120
DETACHED_PARENT_ROW row=30 rows=678113 logical_bytes=73236204
DETACHED_PARENT_ROW row=31 rows=36030 logical_bytes=4611840
DETACHED_PARENT_ROW row=32 rows=217792 logical_bytes=44429568
DETACHED_PARENT_ROW row=33 rows=49794 logical_bytes=9162096
DETACHED_PARENT_PREPARATION rows_bytes=339039024 providers=176468 graph_ns=2326808042 snapshot_pending=true
PARENT_MAIN_FINALIZE preflight_ns=357542 main_fill_ns=95372833 source_projection_ns=829137542 range_fill_ns=708041 closure_ns=182528584
METAL_FRAMEWORK_INTERACTION rows=8192 batches=2 gpu_ms=0.04875000013271347
METAL_FRAMEWORK_INTERACTION rows=4096 batches=3 gpu_ms=0.10533333261264488
METAL_FRAMEWORK_INTERACTION rows=4096 batches=7 gpu_ms=0.12404166773194447
METAL_FRAMEWORK_INTERACTION rows=256 batches=6 gpu_ms=0.10295832908013836
METAL_FRAMEWORK_INTERACTION rows=32768 batches=1 gpu_ms=0.05324999801814556
METAL_FRAMEWORK_INTERACTION rows=32768 batches=1 gpu_ms=0.056875003792811185
METAL_FRAMEWORK_INTERACTION rows=16 batches=1 gpu_ms=0.03999999898951501
METAL_FRAMEWORK_INTERACTION rows=16 batches=1 gpu_ms=0.03245833795517683
METAL_FRAMEWORK_INTERACTION rows=128 batches=9 gpu_ms=0.11979167175013572
METAL_FRAMEWORK_INTERACTION rows=128 batches=5 gpu_ms=0.08091666677501053
METAL_FRAMEWORK_INTERACTION rows=16 batches=3 gpu_ms=0.05200000305194408
METAL_FRAMEWORK_INTERACTION rows=65536 batches=3 gpu_ms=0.18224999803351238
METAL_FRAMEWORK_INTERACTION rows=16 batches=17 gpu_ms=0.23075000353856012
METAL_FRAMEWORK_INTERACTION rows=131072 batches=1 gpu_ms=0.1408333337167278
METAL_FRAMEWORK_INTERACTION rows=262144 batches=5 gpu_ms=0.9043749960255809
METAL_FRAMEWORK_INTERACTION rows=512 batches=17 gpu_ms=0.22433332924265414
METAL_FRAMEWORK_INTERACTION rows=8192 batches=1 gpu_ms=0.07712499791523442
METAL_FRAMEWORK_INTERACTION rows=32 batches=5 gpu_ms=0.06887499330332503
METAL_FRAMEWORK_INTERACTION rows=131072 batches=7 gpu_ms=1.080250003724359
METAL_FRAMEWORK_INTERACTION rows=1048576 batches=4 gpu_ms=2.3478333387174644
METAL_FRAMEWORK_INTERACTION rows=32768 batches=7 gpu_ms=0.4623749991878867
METAL_FRAMEWORK_INTERACTION rows=8192 batches=3 gpu_ms=0.15474999963771552
METAL_FRAMEWORK_INTERACTION rows=2048 batches=3 gpu_ms=0.10308333003195003
METAL_FRAMEWORK_INTERACTION rows=4096 batches=2 gpu_ms=0.07283333252416924
METAL_FRAMEWORK_INTERACTION rows=262144 batches=5 gpu_ms=0.6631249998463318
METAL_FRAMEWORK_INTERACTION rows=1048576 batches=2 gpu_ms=1.7761249982868321
METAL_FRAMEWORK_INTERACTION rows=65536 batches=1 gpu_ms=0.12549999519251287
METAL_FRAMEWORK_INTERACTION rows=262144 batches=2 gpu_ms=0.3896249982062727
METAL_FRAMEWORK_INTERACTION rows=65536 batches=2 gpu_ms=0.22216666548047215
PARENT_INTERACTION_FILL preflight_ns=816167 typed_ns=177933208 poseidon_ns=10447708 range_ns=2697667
DETACHED_PARENT_TYPED_DEVICE_INTERACTION components=29 dispatches=116
info: resident framework composition: components=30 groups=13 gpu_ms=8.044
info: resident RISC-V semantic composition: 4 components, 4 kernels, 7.081 ms GPU
info: resident RISC-V lookup composition: 1 components, 1 kernels, 0.426 ms GPU
DETACHED_PARENT_STAGE_PROFILE {"schema_version":1,"runtime":"device","example":"detached-recursive-parent","stages":[{"id":"parent.fixed","label":"Fixed columns and key admission","seconds":0.347389,"children":null},{"id":"parent.main_fill","label":"Main column allocation","seconds":0.023013,"children":null},{"id":"parent.main_finalize","label":"Main filling, range construction and exact lookup closure","seconds":1.11062,"children":null},{"id":"parent.main_commit","label":"Main commitment","seconds":0.472212,"children":null},{"id":"parent.interaction_fill","label":"Transcript and interaction columns","seconds":0.205489,"children":null},{"id":"parent.interaction_commit","label":"Interaction commitment","seconds":0.248068,"children":null},{"id":"parent.components","label":"Typed component assembly","seconds":0.004093,"children":null},{"id":"draw_random_coeff","label":"Draw random coefficient","seconds":0.000002,"children":null},{"id":"composition_trace_extract","label":"Composition trace extract","seconds":0.000007,"children":null},{"id":"composition_evaluation","label":"Composition evaluation","seconds":0.102375,"children":null},{"id":"composition_interpolate_and_split","label":"Composition interpolate and split","seconds":0.00201,"children":null},{"id":"composition_commit","label":"Composition commit","seconds":0.017308,"children":null},{"id":"oods_point_and_mask_points","label":"OODS point and mask points","seconds":0.000091,"children":null},{"id":"sampled_value_evaluation","label":"Sampled-value evaluation","seconds":0.025353,"children":null},{"id":"sampled_value_channel_mix","label":"Sampled-value channel mix","seconds":0.000641,"children":null},{"id":"fri_quotient_build_and_commit","label":"FRI quotient build + commit (lazy)","seconds":0.077277,"children":null},{"id":"proof_of_work","label":"Proof of work","seconds":0.003992,"children":null},{"id":"fri_decommit","label":"FRI decommit","seconds":0.002524,"children":null},{"id":"trace_decommit","label":"Trace decommit","seconds":0.00536,"children":null},{"id":"constraint_check_and_assembly","label":"Constraint check and assembly","seconds":0.000301,"children":null},{"id":"parent.serialize","label":"Canonical proof serialization","seconds":0.008242,"children":null}]}
DETACHED_PARENT_PCS_PHASE lane=1 selected_lane_only=true capture_ns=219431875 plans_ns=3221792 authority_ns=468703291 rows_ns=321306625
DETACHED_PARENT_CHILD_PHASE lane=1 prefix_ns=156958 transcript_ns=122917 pcs_ns=1012703667 boundary_ns=7753916 composition_ns=7023542
DETACHED_PARENT_CHILD lane=1 preparation_ns=1027779917
DETACHED_PARENT_PCS_PHASE lane=2 selected_lane_only=true capture_ns=217230375 plans_ns=3245292 authority_ns=470447500 rows_ns=315630583
DETACHED_PARENT_CHILD_PHASE lane=2 prefix_ns=163042 transcript_ns=64792 pcs_ns=1006595583 boundary_ns=7859917 composition_ns=7032916
DETACHED_PARENT_CHILD lane=2 preparation_ns=2049514292
riscv_detached_arithmetic_fusion lane=501 dot4_rows=395 multiply_add_rows=8779
riscv_detached_arithmetic_fusion lane=511 dot4_rows=2616 multiply_add_rows=3495
riscv_detached_arithmetic_fusion lane=412 dot4_rows=105869 multiply_add_rows=32356
riscv_detached_arithmetic_fusion lane=402 dot4_rows=5790 multiply_add_rows=103659
riscv_detached_arithmetic_fusion lane=502 dot4_rows=395 multiply_add_rows=8779
riscv_detached_arithmetic_fusion lane=512 dot4_rows=2616 multiply_add_rows=3495
riscv_detached_arithmetic_fusion lane=413 dot4_rows=105869 multiply_add_rows=32356
riscv_detached_arithmetic_fusion lane=403 dot4_rows=5790 multiply_add_rows=103659
riscv_detached_arithmetic_fusion lane=521 dot4_rows=2592 multiply_add_rows=2612
DETACHED_PARENT_ROW row=0 rows=6378 logical_bytes=306144
DETACHED_PARENT_ROW row=1 rows=2768 logical_bytes=531456
DETACHED_PARENT_ROW row=2 rows=2768 logical_bytes=409664
DETACHED_PARENT_ROW row=3 rows=206 logical_bytes=29664
DETACHED_PARENT_ROW row=4 rows=20496 logical_bytes=1557696
DETACHED_PARENT_ROW row=5 rows=18892 logical_bytes=1586928
DETACHED_PARENT_ROW row=6 rows=4 logical_bytes=1088
DETACHED_PARENT_ROW row=7 rows=4 logical_bytes=240
DETACHED_PARENT_ROW row=8 rows=94 logical_bytes=9400
DETACHED_PARENT_ROW row=9 rows=66 logical_bytes=8448
DETACHED_PARENT_ROW row=10 rows=8 logical_bytes=736
DETACHED_PARENT_ROW row=11 rows=61669 logical_bytes=5673548
DETACHED_PARENT_ROW row=12 rows=0 logical_bytes=0
DETACHED_PARENT_ROW row=13 rows=80125 logical_bytes=3205000
DETACHED_PARENT_ROW row=14 rows=231932 logical_bytes=50097312
DETACHED_PARENT_ROW row=20 rows=386 logical_bytes=114256
DETACHED_PARENT_ROW row=21 rows=6176 logical_bytes=2593920
DETACHED_PARENT_ROW row=22 rows=18 logical_bytes=1368
DETACHED_PARENT_ROW row=23 rows=94956 logical_bytes=33044688
DETACHED_PARENT_ROW row=24 rows=782056 logical_bytes=81333824
DETACHED_PARENT_ROW row=25 rows=23160 logical_bytes=8708160
DETACHED_PARENT_ROW row=26 rows=5790 logical_bytes=972720
DETACHED_PARENT_ROW row=27 rows=1930 logical_bytes=216160
DETACHED_PARENT_ROW row=28 rows=2702 logical_bytes=237776
DETACHED_PARENT_ROW row=29 rows=141326 logical_bytes=16959120
DETACHED_PARENT_ROW row=30 rows=678113 logical_bytes=73236204
DETACHED_PARENT_ROW row=31 rows=36030 logical_bytes=4611840
DETACHED_PARENT_ROW row=32 rows=217792 logical_bytes=44429568
DETACHED_PARENT_ROW row=33 rows=49794 logical_bytes=9162096
DETACHED_PARENT_PREPARATION rows_bytes=339039024 providers=176468 graph_ns=2335807750 snapshot_pending=true
PARENT_MAIN_FINALIZE preflight_ns=356667 main_fill_ns=97330500 source_projection_ns=833726792 range_fill_ns=715333 closure_ns=183112875
METAL_FRAMEWORK_INTERACTION rows=8192 batches=2 gpu_ms=0.22112499573267996
METAL_FRAMEWORK_INTERACTION rows=4096 batches=3 gpu_ms=0.10629166354192421
METAL_FRAMEWORK_INTERACTION rows=4096 batches=7 gpu_ms=0.12416666868375614
METAL_FRAMEWORK_INTERACTION rows=256 batches=6 gpu_ms=0.10204166756011546
METAL_FRAMEWORK_INTERACTION rows=32768 batches=1 gpu_ms=0.05450000026030466
METAL_FRAMEWORK_INTERACTION rows=32768 batches=1 gpu_ms=0.053250005294103175
METAL_FRAMEWORK_INTERACTION rows=16 batches=1 gpu_ms=0.04008333053207025
METAL_FRAMEWORK_INTERACTION rows=16 batches=1 gpu_ms=0.03254166222177446
METAL_FRAMEWORK_INTERACTION rows=128 batches=9 gpu_ms=0.12045833136653528
METAL_FRAMEWORK_INTERACTION rows=128 batches=5 gpu_ms=0.08308333781315014
METAL_FRAMEWORK_INTERACTION rows=16 batches=3 gpu_ms=0.05158333806321025
METAL_FRAMEWORK_INTERACTION rows=65536 batches=3 gpu_ms=0.16545833204872906
METAL_FRAMEWORK_INTERACTION rows=16 batches=17 gpu_ms=0.23062500258674845
METAL_FRAMEWORK_INTERACTION rows=131072 batches=1 gpu_ms=0.1410000040777959
METAL_FRAMEWORK_INTERACTION rows=262144 batches=5 gpu_ms=0.978374999249354
METAL_FRAMEWORK_INTERACTION rows=512 batches=17 gpu_ms=0.22737499966751784
METAL_FRAMEWORK_INTERACTION rows=8192 batches=1 gpu_ms=0.0770833357819356
METAL_FRAMEWORK_INTERACTION rows=32 batches=5 gpu_ms=0.06974999996600673
METAL_FRAMEWORK_INTERACTION rows=131072 batches=7 gpu_ms=1.3548749993788078
METAL_FRAMEWORK_INTERACTION rows=1048576 batches=4 gpu_ms=2.3545000003650784
METAL_FRAMEWORK_INTERACTION rows=32768 batches=7 gpu_ms=0.5756250029662624
METAL_FRAMEWORK_INTERACTION rows=8192 batches=3 gpu_ms=0.139083327667322
METAL_FRAMEWORK_INTERACTION rows=2048 batches=3 gpu_ms=0.11091666965512559
METAL_FRAMEWORK_INTERACTION rows=4096 batches=2 gpu_ms=0.08908333256840706
METAL_FRAMEWORK_INTERACTION rows=262144 batches=5 gpu_ms=0.6132499984232709
METAL_FRAMEWORK_INTERACTION rows=1048576 batches=2 gpu_ms=1.776333330781199
METAL_FRAMEWORK_INTERACTION rows=65536 batches=1 gpu_ms=0.11799999629147351
METAL_FRAMEWORK_INTERACTION rows=262144 batches=2 gpu_ms=0.6334999998216517
METAL_FRAMEWORK_INTERACTION rows=65536 batches=2 gpu_ms=0.21762500546174124
PARENT_INTERACTION_FILL preflight_ns=820333 typed_ns=167225209 poseidon_ns=10073000 range_ns=2572416
DETACHED_PARENT_TYPED_DEVICE_INTERACTION components=29 dispatches=116
info: resident framework composition: components=30 groups=13 gpu_ms=8.421
info: resident RISC-V semantic composition: 4 components, 4 kernels, 7.023 ms GPU
info: resident RISC-V lookup composition: 1 components, 1 kernels, 0.426 ms GPU
DETACHED_PARENT_STAGE_PROFILE {"schema_version":1,"runtime":"device","example":"detached-recursive-parent","stages":[{"id":"parent.fixed","label":"Fixed columns and key admission","seconds":0.333931,"children":null},{"id":"parent.main_fill","label":"Main column allocation","seconds":0.022904,"children":null},{"id":"parent.main_finalize","label":"Main filling, range construction and exact lookup closure","seconds":1.117768,"children":null},{"id":"parent.main_commit","label":"Main commitment","seconds":0.471023,"children":null},{"id":"parent.interaction_fill","label":"Transcript and interaction columns","seconds":0.193823,"children":null},{"id":"parent.interaction_commit","label":"Interaction commitment","seconds":0.246262,"children":null},{"id":"parent.components","label":"Typed component assembly","seconds":0.004126,"children":null},{"id":"draw_random_coeff","label":"Draw random coefficient","seconds":0.000002,"children":null},{"id":"composition_trace_extract","label":"Composition trace extract","seconds":0.000009,"children":null},{"id":"composition_evaluation","label":"Composition evaluation","seconds":0.106514,"children":null},{"id":"composition_interpolate_and_split","label":"Composition interpolate and split","seconds":0.002034,"children":null},{"id":"composition_commit","label":"Composition commit","seconds":0.017589,"children":null},{"id":"oods_point_and_mask_points","label":"OODS point and mask points","seconds":0.000081,"children":null},{"id":"sampled_value_evaluation","label":"Sampled-value evaluation","seconds":0.025312,"children":null},{"id":"sampled_value_channel_mix","label":"Sampled-value channel mix","seconds":0.000628,"children":null},{"id":"fri_quotient_build_and_commit","label":"FRI quotient build + commit (lazy)","seconds":0.083292,"children":null},{"id":"proof_of_work","label":"Proof of work","seconds":0.003965,"children":null},{"id":"fri_decommit","label":"FRI decommit","seconds":0.002659,"children":null},{"id":"trace_decommit","label":"Trace decommit","seconds":0.006192,"children":null},{"id":"constraint_check_and_assembly","label":"Constraint check and assembly","seconds":0.000309,"children":null},{"id":"parent.serialize","label":"Canonical proof serialization","seconds":0.008214,"children":null}]}
DETACHED_PARENT_METAL dispatches=470 poseidon_commits=18 cpu_fallbacks=0 host_composition_components=0 pow_dispatches=4 runtime_released=true manifest_sha256=d3c68ca5dcfdb83c885c4bb81c6ba86cdc5501f1b8b4e19ba6f51fc3aa049899 profile=recursive_framework_v1 framework_dispatches=60
{"endpoint":"detached_parent_batch","reports":[{"endpoint":"segment_v2_detached_two_child_parent_candidate_q193","profile":"tiny-parent-root-v2","publication_mode":"root","proof_profile":"recursive_q193_v1","status":"unverified_candidate","verified":false,"development_only":true,"child_owners_destroyed":true,"producer_destroyed":true,"reused_admitted_parent_key":true,"child_key_sha256":[[214,60,24,215,93,161,32,69,64,54,137,18,21,60,2,66,153,247,215,93,214,71,196,191,90,67,15,158,29,129,78,111],[52,101,122,252,71,235,220,44,62,42,22,241,149,244,116,88,217,46,134,5,126,45,114,83,188,229,65,201,61,128,30,25]],"artifacts":{"key_sha256":[43,54,70,56,122,217,160,216,106,50,230,24,28,117,174,240,148,190,170,244,129,176,88,11,208,6,252,73,206,8,110,12],"claims_sha256":[49,178,150,212,209,141,148,238,219,93,40,66,239,70,211,225,229,134,73,248,37,59,245,119,205,108,37,34,142,53,78,179],"proof_sha256":[146,45,152,84,36,75,24,7,249,118,40,193,15,14,143,169,78,251,221,88,53,171,159,248,209,106,237,27,129,185,188,187],"proof_bytes":2297319},"candidate_root_words_sha256":[189,249,149,127,224,29,110,114,200,174,151,175,231,135,81,130,99,197,157,73,129,224,15,210,38,249,188,185,180,245,88,172],"circuit_identity":[71,179,224,242,26,78,39,100,147,248,87,173,160,231,54,27,230,179,68,85,24,188,217,151,168,142,210,196,246,195,105,67],"preparation_ns":2493397834,"key_preparation_ns":347388375,"proof_ns":2352193166,"request_ns":5362892292},{"endpoint":"segment_v2_detached_two_child_parent_candidate_q193","profile":"tiny-parent-root-v2","publication_mode":"root","proof_profile":"recursive_q193_v1","status":"unverified_candidate","verified":false,"development_only":true,"child_owners_destroyed":true,"producer_destroyed":true,"reused_admitted_parent_key":true,"child_key_sha256":[[214,60,24,215,93,161,32,69,64,54,137,18,21,60,2,66,153,247,215,93,214,71,196,191,90,67,15,158,29,129,78,111],[52,101,122,252,71,235,220,44,62,42,22,241,149,244,116,88,217,46,134,5,126,45,114,83,188,229,65,201,61,128,30,25]],"artifacts":{"key_sha256":[43,54,70,56,122,217,160,216,106,50,230,24,28,117,174,240,148,190,170,244,129,176,88,11,208,6,252,73,206,8,110,12],"claims_sha256":[49,178,150,212,209,141,148,238,219,93,40,66,239,70,211,225,229,134,73,248,37,59,245,119,205,108,37,34,142,53,78,179],"proof_sha256":[146,45,152,84,36,75,24,7,249,118,40,193,15,14,143,169,78,251,221,88,53,171,159,248,209,106,237,27,129,185,188,187],"proof_bytes":2297319},"candidate_root_words_sha256":[189,249,149,127,224,29,110,114,200,174,151,175,231,135,81,130,99,197,157,73,129,224,15,210,38,249,188,185,180,245,88,172],"circuit_identity":[71,179,224,242,26,78,39,100,147,248,87,173,160,231,54,27,230,179,68,85,24,188,217,151,168,142,210,196,246,195,105,67],"preparation_ns":2504255375,"key_preparation_ns":333925875,"proof_ns":2351384500,"request_ns":5357355416}],"plan_builds":1,"pcs_plan_builds":4,"pcs_plan_hits":0,"pcs_plan_retained_bytes":0,"requests":2,"retained_scratch_bytes":0,"elapsed_ns":10720250792}
       10.78 real         9.58 user         0.81 sys
          4393041920  maximum resident set size
                   0  average shared memory size
                   0  average unshared data size
                   0  average unshared stack size
             1193973  page reclaims
                   0  page faults
                   0  swaps
                   0  block input operations
                   0  block output operations
                   0  messages sent
                   0  messages received
                   0  signals received
                   0  voluntary context switches
                2692  involuntary context switches
        176112600727  instructions retired
         45441377611  cycles elapsed
          5516857496  peak memory footprint
