SEGMENT_V2_LADDER mode=narrow_complete_proof requested_steps=1 native_backend=metal memory_addresses=0
SEGMENT_V2_NATIVE_METAL_AOT profile=core_v2 manifest_sha256=21332158b1e1202b9c4171b057d4fb3fbd43d96c22d50012267f55e45e2193e5 source_sha256=c2daaaf7dab998e6c542651dec73323973eafceee6ccf9d56fce6094ccac2786 metallib_sha256=9b1327752224ccd8837063f29c9e5112efac8f6746050f8ff5dc9c2fb23ce8a7 initialization_ns=59222500
SEGMENT_V2_LADDER_EXECUTION segment_cycles=1 cumulative_cycles=1 retired_addi=1 retired_bne=0 exit_pc=1004 counter=64 accumulator=0
SEGMENT_V2_LADDER_EXECUTION segment_cycles=16 cumulative_cycles=17 retired_addi=11 retired_bne=5 exit_pc=1008 counter=59 accumulator=6
info: Columns: opcode=35 infra=481 total tree1=516 interaction=100
info: Poseidon2 Merkle: 184 exact sparse-node calls, poseidon_log_size=8, merkle_log_size=8
info: resident RISC-V semantic composition: 1 components, 1 kernels, 0.019 ms GPU
info: resident RISC-V lookup composition: 1 components, 1 kernels, 0.105 ms GPU
SEGMENT_V2_NATIVE_METAL device_dispatches=87 poseidon_commits=14 host_fallbacks=0 native_prove_ns=1198694333 resident_resources_before_shutdown=0
SEGMENT_V2_NATIVE_MEMORY backend=metal scope=caller_allocator_payload excludes=size_routed_mmap_and_device producer_peak_bytes=471716640 producer_live_bytes_after_destroy=0 canonical_proof_bytes=24790

SEGMENT_V2_LADDER_NATIVE requested_steps=1 retired_cycles=1 continuation_cycles=16 trace_rows=1 native_backend=metal native_queries=1 outer_queries=3 native_pcs_pow_bits=0 outer_pcs_pow_bits=0 program=finite_addi_bne_counter_loop memory_addresses=0 native_prove_ms=1198.694 native_verify_ms=867.068 recursive_prepare_ms=139.011 native_proof_bytes=24790 native_tree_heights={ 21, 21, 21, 21 }

SEGMENT_V2_OUTER_PHASES role=producer scope=body_before_cleanup setup_ns=32167 tree0_prepare_ns=29935375 tree0_commit_ns=82260792 tree1_prepare_ns=29837833 tree1_commit_ns=106799667 transcript_prefix_ns=53784208 interaction_generate_ns=201709917 interaction_admit_closure_ns=82162583 transcript_tree2_commit_ns=92314000 components_ns=85953292 diagnostic_ns=41 stark_ns=426934209 phase_sum_ns=1191724084

SEGMENT_V2_OUTER_ARTIFACT_REJECTIONS truncated=true trailing=true

SEGMENT_V2_OUTER_PHASES role=verifier scope=body_before_cleanup preflight_ns=15334 preprocessed_root_ns=113400625 transcript_prefix_ns=53439375 interaction_regenerate_ns=172958541 interaction_validate_claims_ns=26475875 closure_ns=55412042 transcript_after_ns=29168333 components_ns=85762292 publication_authority_ns=26880167 stark_ns=5416000 publication_total_ns=33412791 phase_sum_ns=602341375

SEGMENT_V2_OUTER status=verified rows=39 domains=47 proof_size_estimate_bytes=76780 canonical_proof_bytes=89462 canonicalize_ms=4.149 prove_ms=1191.785 verify_ms=602.385 publication_ms=4.352 producer_prepare_ms=318.989 producer_destroy_ms=1.332 verifier_prepare_ms=311.472 decode_ms=0.298 stark_verify_ms=5.416 transaction_ms=2432.519 artifact_rejections_ms=0.669 producer_peak_bytes=91372784 producer_live_bytes_after_destroy=0 serialization_passes=1 retained_canonical_bytes=89462 verification=native_assisted_fresh_decode draws=1 cols=595/974/508 workers=1

SEGMENT_V2_LADDER_OUTER rows=39 domains=47 component_logs={ 9, 10, 10, 8, 13, 13, 4, 4, 4, 4, 4, 10, 5, 4, 4, 10, 5, 7, 12, 8, 4, 7, 6, 8, 14, 7, 4, 5, 6, 10, 14, 8, 14, 8, 11, 16, 10, 6, 8 } min_component_log=4 max_component_log=16 provider_log=11 samples=2245 queries=3 canonical_proof_bytes=89462 producer_live_bytes_after_destroy=0
SEGMENT_V2_LADDER status=verified requested_steps=1 native_backend=metal memory_addresses=0 owners_destroyed=true
        5.25 real        14.92 user         0.26 sys
           558874624  maximum resident set size
                   0  average shared memory size
                   0  average unshared data size
                   0  average unshared stack size
              116275  page reclaims
                   0  page faults
                   0  swaps
                   0  block input operations
                   0  block output operations
                   0  messages sent
                   0  messages received
                   0  signals received
                   0  voluntary context switches
               12245  involuntary context switches
        274760726774  instructions retired
         56019736771  cycles elapsed
          1343030592  peak memory footprint
