DETACHED_PARENT_PCS_PHASE lane=1 selected_lane_only=true capture_ns=215793042 plans_ns=4599083 authority_ns=479624208 rows_ns=318931500
DETACHED_PARENT_CHILD_PHASE lane=1 prefix_ns=5209250 transcript_ns=155292 pcs_ns=1019258166 boundary_ns=37243959 composition_ns=11783541
DETACHED_PARENT_CHILD lane=1 preparation_ns=1073686250
DETACHED_PARENT_PCS_PHASE lane=2 selected_lane_only=true capture_ns=213083125 plans_ns=4644208 authority_ns=483563375 rows_ns=320774250
DETACHED_PARENT_CHILD_PHASE lane=2 prefix_ns=5059000 transcript_ns=141625 pcs_ns=1022090833 boundary_ns=37354417 composition_ns=11475583
DETACHED_PARENT_CHILD lane=2 preparation_ns=2149838458
riscv_detached_arithmetic_fusion lane=501 dot4_rows=418 multiply_add_rows=9540
riscv_detached_arithmetic_fusion lane=511 dot4_rows=5440 multiply_add_rows=53629
riscv_detached_arithmetic_fusion lane=412 dot4_rows=117569 multiply_add_rows=33156
riscv_detached_arithmetic_fusion lane=402 dot4_rows=5404 multiply_add_rows=93044
riscv_detached_arithmetic_fusion lane=502 dot4_rows=418 multiply_add_rows=9540
riscv_detached_arithmetic_fusion lane=512 dot4_rows=5440 multiply_add_rows=53629
riscv_detached_arithmetic_fusion lane=413 dot4_rows=117569 multiply_add_rows=33156
riscv_detached_arithmetic_fusion lane=403 dot4_rows=5404 multiply_add_rows=93044
riscv_detached_arithmetic_fusion lane=521 dot4_rows=2746 multiply_add_rows=3708
DETACHED_PARENT_ROW row=0 rows=6382 logical_bytes=306336
DETACHED_PARENT_ROW row=1 rows=3006 logical_bytes=577152
DETACHED_PARENT_ROW row=2 rows=3006 logical_bytes=444888
DETACHED_PARENT_ROW row=3 rows=210 logical_bytes=30240
DETACHED_PARENT_ROW row=4 rows=22368 logical_bytes=1699968
DETACHED_PARENT_ROW row=5 rows=20748 logical_bytes=1742832
DETACHED_PARENT_ROW row=6 rows=4 logical_bytes=1088
DETACHED_PARENT_ROW row=7 rows=4 logical_bytes=240
DETACHED_PARENT_ROW row=8 rows=94 logical_bytes=9400
DETACHED_PARENT_ROW row=9 rows=66 logical_bytes=8448
DETACHED_PARENT_ROW row=10 rows=8 logical_bytes=736
DETACHED_PARENT_ROW row=11 rows=51169 logical_bytes=4707548
DETACHED_PARENT_ROW row=12 rows=1304 logical_bytes=516384
DETACHED_PARENT_ROW row=13 rows=125260 logical_bytes=5010400
DETACHED_PARENT_ROW row=14 rows=260408 logical_bytes=56248128
DETACHED_PARENT_ROW row=20 rows=386 logical_bytes=114256
DETACHED_PARENT_ROW row=21 rows=6176 logical_bytes=2593920
DETACHED_PARENT_ROW row=22 rows=18 logical_bytes=1368
DETACHED_PARENT_ROW row=23 rows=103834 logical_bytes=36134232
DETACHED_PARENT_ROW row=24 rows=853232 logical_bytes=88736128
DETACHED_PARENT_ROW row=25 rows=20844 logical_bytes=7837344
DETACHED_PARENT_ROW row=26 rows=5018 logical_bytes=843024
DETACHED_PARENT_ROW row=27 rows=1930 logical_bytes=216160
DETACHED_PARENT_ROW row=28 rows=2702 logical_bytes=237776
DETACHED_PARENT_ROW row=29 rows=128974 logical_bytes=15476880
DETACHED_PARENT_ROW row=30 rows=755849 logical_bytes=81631692
DETACHED_PARENT_ROW row=31 rows=67074 logical_bytes=8585472
DETACHED_PARENT_ROW row=32 rows=305528 logical_bytes=62327712
DETACHED_PARENT_ROW row=33 rows=46706 logical_bytes=8593904
DETACHED_PARENT_PREPARATION rows_bytes=384633656 providers=180712 graph_ns=2512975417 snapshot_pending=true
PARENT_MAIN_FINALIZE preflight_ns=261833 main_fill_ns=110777000 source_projection_ns=986539459 range_fill_ns=725375 closure_ns=193466958
METAL_FRAMEWORK_INTERACTION rows=8192 batches=2 gpu_ms=1.2661250002565794
METAL_FRAMEWORK_INTERACTION rows=4096 batches=3 gpu_ms=1.9188750011380762
METAL_FRAMEWORK_INTERACTION rows=4096 batches=7 gpu_ms=1.1201250017620623
METAL_FRAMEWORK_INTERACTION rows=256 batches=6 gpu_ms=2.6267499997629784
METAL_FRAMEWORK_INTERACTION rows=32768 batches=1 gpu_ms=1.1857083372888155
METAL_FRAMEWORK_INTERACTION rows=32768 batches=1 gpu_ms=2.00162499822909
METAL_FRAMEWORK_INTERACTION rows=16 batches=1 gpu_ms=1.6105833346955478
METAL_FRAMEWORK_INTERACTION rows=16 batches=1 gpu_ms=1.8039166679955088
METAL_FRAMEWORK_INTERACTION rows=128 batches=9 gpu_ms=1.71733333991142
METAL_FRAMEWORK_INTERACTION rows=128 batches=5 gpu_ms=1.7027916692313738
METAL_FRAMEWORK_INTERACTION rows=16 batches=3 gpu_ms=2.7606250005192123
METAL_FRAMEWORK_INTERACTION rows=65536 batches=3 gpu_ms=3.0013750001671724
METAL_FRAMEWORK_INTERACTION rows=2048 batches=17 gpu_ms=1.5640833298675716
METAL_FRAMEWORK_INTERACTION rows=131072 batches=1 gpu_ms=4.993875001673587
METAL_FRAMEWORK_INTERACTION rows=262144 batches=5 gpu_ms=7.3338750007678755
METAL_FRAMEWORK_INTERACTION rows=512 batches=17 gpu_ms=1.2825416706618853
METAL_FRAMEWORK_INTERACTION rows=8192 batches=1 gpu_ms=1.9313749944558367
METAL_FRAMEWORK_INTERACTION rows=32 batches=5 gpu_ms=2.6515416684560478
METAL_FRAMEWORK_INTERACTION rows=131072 batches=7 gpu_ms=5.085500000859611
METAL_FRAMEWORK_INTERACTION rows=1048576 batches=4 gpu_ms=19.708250001713168
METAL_FRAMEWORK_INTERACTION rows=32768 batches=7 gpu_ms=0.37633333704434335
METAL_FRAMEWORK_INTERACTION rows=8192 batches=3 gpu_ms=0.08274999709101394
METAL_FRAMEWORK_INTERACTION rows=2048 batches=3 gpu_ms=0.054124997404869646
METAL_FRAMEWORK_INTERACTION rows=4096 batches=2 gpu_ms=0.046250002924352884
METAL_FRAMEWORK_INTERACTION rows=131072 batches=5 gpu_ms=1.686374998826068
METAL_FRAMEWORK_INTERACTION rows=1048576 batches=2 gpu_ms=1.7777916727936827
METAL_FRAMEWORK_INTERACTION rows=131072 batches=1 gpu_ms=0.15654166782042012
METAL_FRAMEWORK_INTERACTION rows=524288 batches=2 gpu_ms=0.7549166621174663
METAL_FRAMEWORK_INTERACTION rows=65536 batches=2 gpu_ms=0.15775000065332279
PARENT_INTERACTION_FILL preflight_ns=981541 typed_ns=263969792 poseidon_ns=10369667 range_ns=2522708
DETACHED_PARENT_TYPED_DEVICE_INTERACTION components=29 dispatches=116
info: resident framework composition: components=30 groups=14 gpu_ms=8.576
info: resident RISC-V semantic composition: 4 components, 4 kernels, 8.053 ms GPU
info: resident RISC-V lookup composition: 1 components, 1 kernels, 0.439 ms GPU
DETACHED_PARENT_STAGE_PROFILE {"schema_version":1,"runtime":"device","example":"detached-recursive-parent","stages":[{"id":"parent.fixed","label":"Fixed columns and key admission","seconds":0.430739,"children":null},{"id":"parent.main_fill","label":"Main column allocation","seconds":0.024295,"children":null},{"id":"parent.main_finalize","label":"Main filling, range construction and exact lookup closure","seconds":1.295933,"children":null},{"id":"parent.main_commit","label":"Main commitment","seconds":0.535584,"children":null},{"id":"parent.interaction_fill","label":"Transcript and interaction columns","seconds":0.308629,"children":null},{"id":"parent.interaction_commit","label":"Interaction commitment","seconds":0.248369,"children":null},{"id":"parent.components","label":"Typed component assembly","seconds":0.005184,"children":null},{"id":"draw_random_coeff","label":"Draw random coefficient","seconds":0.000002,"children":null},{"id":"composition_trace_extract","label":"Composition trace extract","seconds":0.000009,"children":null},{"id":"composition_evaluation","label":"Composition evaluation","seconds":0.116406,"children":null},{"id":"composition_interpolate_and_split","label":"Composition interpolate and split","seconds":0.001845,"children":null},{"id":"composition_commit","label":"Composition commit","seconds":0.019459,"children":null},{"id":"oods_point_and_mask_points","label":"OODS point and mask points","seconds":0.000103,"children":null},{"id":"sampled_value_evaluation","label":"Sampled-value evaluation","seconds":0.036593,"children":null},{"id":"sampled_value_channel_mix","label":"Sampled-value channel mix","seconds":0.000641,"children":null},{"id":"fri_quotient_build_and_commit","label":"FRI quotient build + commit (lazy)","seconds":0.08902,"children":null},{"id":"proof_of_work","label":"Proof of work","seconds":0.003931,"children":null},{"id":"fri_decommit","label":"FRI decommit","seconds":0.002752,"children":null},{"id":"trace_decommit","label":"Trace decommit","seconds":0.006094,"children":null},{"id":"constraint_check_and_assembly","label":"Constraint check and assembly","seconds":0.00032,"children":null},{"id":"parent.serialize","label":"Canonical proof serialization","seconds":0.00863,"children":null}]}
DETACHED_PARENT_METAL dispatches=238 poseidon_commits=9 cpu_fallbacks=0 host_composition_components=0 pow_dispatches=2 runtime_released=true manifest_sha256=d3c68ca5dcfdb83c885c4bb81c6ba86cdc5501f1b8b4e19ba6f51fc3aa049899 profile=recursive_framework_v1 framework_dispatches=30
{"endpoint":"segment_v2_detached_two_child_parent_candidate_q193","profile":"tiny-memory-continuation-span-v2","publication_mode":"intermediate","proof_profile":"recursive_q193_v1","status":"unverified_candidate","verified":false,"development_only":true,"child_owners_destroyed":true,"producer_destroyed":true,"reused_admitted_parent_key":true,"child_key_sha256":[[26,40,151,217,103,51,157,216,202,134,188,215,146,53,228,30,109,5,177,252,252,93,194,95,63,255,93,92,190,101,40,130],[229,13,201,184,118,64,88,63,239,117,116,229,84,53,3,67,217,15,66,124,237,228,94,178,142,182,20,22,171,36,204,138]],"artifacts":{"key_sha256":[41,193,207,68,23,141,135,22,37,12,92,143,251,21,211,209,253,25,38,150,63,17,14,244,149,112,255,134,7,115,154,121],"claims_sha256":[137,53,199,42,190,192,86,41,22,174,73,53,148,184,135,79,24,232,193,66,198,28,63,200,8,134,187,220,20,87,54,250],"proof_sha256":[96,189,234,15,235,111,232,64,119,178,0,175,109,66,79,224,31,99,2,238,174,114,123,68,21,48,201,221,125,200,37,222],"proof_bytes":2412980},"candidate_root_words_sha256":[110,173,94,97,59,162,181,172,52,10,237,9,212,205,11,41,67,228,71,172,231,115,115,216,250,76,220,208,63,29,85,135],"circuit_identity":[235,148,44,244,99,179,16,93,13,50,33,50,56,17,23,186,29,221,209,78,96,125,139,209,176,8,92,71,107,166,158,39],"preparation_ns":2723606125,"key_preparation_ns":430897875,"proof_ns":2752007708,"request_ns":6112453583}
