DETACHED_PARENT_PCS_PHASE lane=1 selected_lane_only=true capture_ns=221034000 plans_ns=3304458 authority_ns=458058625 rows_ns=310655083
DETACHED_PARENT_CHILD_PHASE lane=1 prefix_ns=171458 transcript_ns=148125 pcs_ns=993107583 boundary_ns=7826875 composition_ns=6900667
DETACHED_PARENT_CHILD lane=1 preparation_ns=1008192666
DETACHED_PARENT_PCS_PHASE lane=2 selected_lane_only=true capture_ns=218414417 plans_ns=3181333 authority_ns=464463000 rows_ns=312485500
DETACHED_PARENT_CHILD_PHASE lane=2 prefix_ns=142791 transcript_ns=69667 pcs_ns=998578125 boundary_ns=7605083 composition_ns=6870542
DETACHED_PARENT_CHILD lane=2 preparation_ns=2021488458
riscv_detached_arithmetic_fusion lane=501 dot4_rows=395 multiply_add_rows=8781
riscv_detached_arithmetic_fusion lane=511 dot4_rows=2616 multiply_add_rows=3495
riscv_detached_arithmetic_fusion lane=412 dot4_rows=105867 multiply_add_rows=32940
riscv_detached_arithmetic_fusion lane=402 dot4_rows=5790 multiply_add_rows=103659
riscv_detached_arithmetic_fusion lane=502 dot4_rows=395 multiply_add_rows=8781
riscv_detached_arithmetic_fusion lane=512 dot4_rows=2616 multiply_add_rows=3495
riscv_detached_arithmetic_fusion lane=413 dot4_rows=105867 multiply_add_rows=32940
riscv_detached_arithmetic_fusion lane=403 dot4_rows=5790 multiply_add_rows=103659
riscv_detached_arithmetic_fusion lane=521 dot4_rows=2592 multiply_add_rows=2612
DETACHED_PARENT_ROW row=0 rows=6378 logical_bytes=306144
DETACHED_PARENT_ROW row=1 rows=2768 logical_bytes=531456
DETACHED_PARENT_ROW row=2 rows=2768 logical_bytes=409664
DETACHED_PARENT_ROW row=3 rows=206 logical_bytes=29664
DETACHED_PARENT_ROW row=4 rows=20496 logical_bytes=1557696
DETACHED_PARENT_ROW row=5 rows=18892 logical_bytes=1586928
DETACHED_PARENT_ROW row=6 rows=4 logical_bytes=1088
DETACHED_PARENT_ROW row=7 rows=4 logical_bytes=240
DETACHED_PARENT_ROW row=8 rows=94 logical_bytes=9400
DETACHED_PARENT_ROW row=9 rows=66 logical_bytes=8448
DETACHED_PARENT_ROW row=10 rows=8 logical_bytes=736
DETACHED_PARENT_ROW row=11 rows=61669 logical_bytes=5673548
DETACHED_PARENT_ROW row=12 rows=0 logical_bytes=0
DETACHED_PARENT_ROW row=13 rows=79927 logical_bytes=3197080
DETACHED_PARENT_ROW row=14 rows=231928 logical_bytes=50096448
DETACHED_PARENT_ROW row=20 rows=386 logical_bytes=114256
DETACHED_PARENT_ROW row=21 rows=6176 logical_bytes=2593920
DETACHED_PARENT_ROW row=22 rows=18 logical_bytes=1368
DETACHED_PARENT_ROW row=23 rows=94956 logical_bytes=33044688
DETACHED_PARENT_ROW row=24 rows=782056 logical_bytes=81333824
DETACHED_PARENT_ROW row=25 rows=23160 logical_bytes=8708160
DETACHED_PARENT_ROW row=26 rows=5790 logical_bytes=972720
DETACHED_PARENT_ROW row=27 rows=1930 logical_bytes=216160
DETACHED_PARENT_ROW row=28 rows=2702 logical_bytes=237776
DETACHED_PARENT_ROW row=29 rows=141326 logical_bytes=16959120
DETACHED_PARENT_ROW row=30 rows=680117 logical_bytes=73452636
DETACHED_PARENT_ROW row=31 rows=36418 logical_bytes=4661504
DETACHED_PARENT_ROW row=32 rows=218638 logical_bytes=44602152
DETACHED_PARENT_ROW row=33 rows=49794 logical_bytes=9162096
DETACHED_PARENT_PREPARATION rows_bytes=339468920 providers=176468 graph_ns=2322311958 snapshot_pending=true
PARENT_MAIN_FINALIZE preflight_ns=529750 main_fill_ns=97511292 source_projection_ns=899510458 range_fill_ns=702208 closure_ns=188484000
METAL_FRAMEWORK_INTERACTION rows=8192 batches=2 gpu_ms=0.08854166662786156
METAL_FRAMEWORK_INTERACTION rows=4096 batches=3 gpu_ms=0.41504167165840045
METAL_FRAMEWORK_INTERACTION rows=4096 batches=7 gpu_ms=0.5080000046291389
METAL_FRAMEWORK_INTERACTION rows=256 batches=6 gpu_ms=0.5539583289646544
METAL_FRAMEWORK_INTERACTION rows=32768 batches=1 gpu_ms=0.14725000073667616
METAL_FRAMEWORK_INTERACTION rows=32768 batches=1 gpu_ms=0.11495833314256743
METAL_FRAMEWORK_INTERACTION rows=16 batches=1 gpu_ms=0.07550000009359792
METAL_FRAMEWORK_INTERACTION rows=16 batches=1 gpu_ms=0.06112499977461994
METAL_FRAMEWORK_INTERACTION rows=128 batches=9 gpu_ms=0.15675000031478703
METAL_FRAMEWORK_INTERACTION rows=128 batches=5 gpu_ms=0.10729166388045996
METAL_FRAMEWORK_INTERACTION rows=16 batches=3 gpu_ms=0.08325000089826062
METAL_FRAMEWORK_INTERACTION rows=65536 batches=3 gpu_ms=0.20441666129045188
METAL_FRAMEWORK_INTERACTION rows=16 batches=17 gpu_ms=0.22670833277516067
METAL_FRAMEWORK_INTERACTION rows=131072 batches=1 gpu_ms=0.1372500046272762
METAL_FRAMEWORK_INTERACTION rows=262144 batches=5 gpu_ms=7.044874997518491
METAL_FRAMEWORK_INTERACTION rows=512 batches=17 gpu_ms=1.7620833386899903
METAL_FRAMEWORK_INTERACTION rows=8192 batches=1 gpu_ms=3.001999997650273
METAL_FRAMEWORK_INTERACTION rows=32 batches=5 gpu_ms=1.6431666736025363
METAL_FRAMEWORK_INTERACTION rows=131072 batches=7 gpu_ms=5.608749997918494
METAL_FRAMEWORK_INTERACTION rows=1048576 batches=4 gpu_ms=22.35349999682512
METAL_FRAMEWORK_INTERACTION rows=32768 batches=7 gpu_ms=1.1381250005797483
METAL_FRAMEWORK_INTERACTION rows=8192 batches=3 gpu_ms=1.5209583361865953
METAL_FRAMEWORK_INTERACTION rows=2048 batches=3 gpu_ms=1.5941249948809855
METAL_FRAMEWORK_INTERACTION rows=4096 batches=2 gpu_ms=1.669125005719252
METAL_FRAMEWORK_INTERACTION rows=262144 batches=5 gpu_ms=7.1198750010808
METAL_FRAMEWORK_INTERACTION rows=1048576 batches=2 gpu_ms=23.894874997495208
METAL_FRAMEWORK_INTERACTION rows=65536 batches=1 gpu_ms=2.6621249999152496
METAL_FRAMEWORK_INTERACTION rows=262144 batches=2 gpu_ms=7.378750000498258
METAL_FRAMEWORK_INTERACTION rows=65536 batches=2 gpu_ms=3.292916670034174
PARENT_INTERACTION_FILL preflight_ns=1419084 typed_ns=277541041 poseidon_ns=10459042 range_ns=2281792
DETACHED_PARENT_TYPED_DEVICE_INTERACTION components=29 dispatches=116
info: resident framework composition: components=30 groups=13 gpu_ms=8.232
info: resident RISC-V semantic composition: 4 components, 4 kernels, 6.864 ms GPU
info: resident RISC-V lookup composition: 1 components, 1 kernels, 0.428 ms GPU
DETACHED_PARENT_STAGE_PROFILE {"schema_version":1,"runtime":"device","example":"detached-recursive-parent","stages":[{"id":"parent.fixed","label":"Fixed columns and key admission","seconds":0.350519,"children":null},{"id":"parent.main_fill","label":"Main column allocation","seconds":0.028375,"children":null},{"id":"parent.main_finalize","label":"Main filling, range construction and exact lookup closure","seconds":1.19021,"children":null},{"id":"parent.main_commit","label":"Main commitment","seconds":0.465352,"children":null},{"id":"parent.interaction_fill","label":"Transcript and interaction columns","seconds":0.305278,"children":null},{"id":"parent.interaction_commit","label":"Interaction commitment","seconds":0.272154,"children":null},{"id":"parent.components","label":"Typed component assembly","seconds":0.0045,"children":null},{"id":"draw_random_coeff","label":"Draw random coefficient","seconds":0.000002,"children":null},{"id":"composition_trace_extract","label":"Composition trace extract","seconds":0.000011,"children":null},{"id":"composition_evaluation","label":"Composition evaluation","seconds":0.10476,"children":null},{"id":"composition_interpolate_and_split","label":"Composition interpolate and split","seconds":0.001909,"children":null},{"id":"composition_commit","label":"Composition commit","seconds":0.017705,"children":null},{"id":"oods_point_and_mask_points","label":"OODS point and mask points","seconds":0.000103,"children":null},{"id":"sampled_value_evaluation","label":"Sampled-value evaluation","seconds":0.037725,"children":null},{"id":"sampled_value_channel_mix","label":"Sampled-value channel mix","seconds":0.00067,"children":null},{"id":"fri_quotient_build_and_commit","label":"FRI quotient build + commit (lazy)","seconds":0.218508,"children":null},{"id":"proof_of_work","label":"Proof of work","seconds":0.004963,"children":null},{"id":"fri_decommit","label":"FRI decommit","seconds":0.003477,"children":null},{"id":"trace_decommit","label":"Trace decommit","seconds":0.006647,"children":null},{"id":"constraint_check_and_assembly","label":"Constraint check and assembly","seconds":0.000318,"children":null},{"id":"parent.serialize","label":"Canonical proof serialization","seconds":0.008206,"children":null}]}
DETACHED_PARENT_METAL dispatches=235 poseidon_commits=9 cpu_fallbacks=0 host_composition_components=0 pow_dispatches=2 runtime_released=true manifest_sha256=d3c68ca5dcfdb83c885c4bb81c6ba86cdc5501f1b8b4e19ba6f51fc3aa049899 profile=recursive_framework_v1 framework_dispatches=30
{"endpoint":"segment_v2_detached_two_child_parent_candidate_q193","profile":"tiny-parent-span-v2","publication_mode":"intermediate","proof_profile":"recursive_q193_v1","status":"unverified_candidate","verified":false,"development_only":true,"child_owners_destroyed":true,"producer_destroyed":true,"reused_admitted_parent_key":true,"child_key_sha256":[[10,109,179,104,142,245,240,178,181,247,129,191,176,20,70,65,36,21,176,149,44,72,112,226,243,35,247,33,209,166,129,151],[131,104,22,109,199,64,212,236,189,88,23,76,120,66,17,69,125,172,173,251,45,52,235,144,229,99,26,38,15,16,67,229]],"artifacts":{"key_sha256":[214,60,24,215,93,161,32,69,64,54,137,18,21,60,2,66,153,247,215,93,214,71,196,191,90,67,15,158,29,129,78,111],"claims_sha256":[145,143,51,242,119,71,76,39,63,164,145,237,11,137,138,228,35,159,47,193,188,140,136,237,199,176,236,40,181,145,112,244],"proof_sha256":[238,51,220,177,211,249,199,196,142,97,184,101,183,84,249,47,194,181,121,88,211,35,224,169,225,10,130,181,143,183,32,77],"proof_bytes":2288135},"candidate_root_words_sha256":[133,77,233,101,11,232,217,137,86,227,135,255,245,27,163,43,48,70,251,105,90,98,180,39,127,190,85,219,56,68,51,184],"circuit_identity":[156,79,232,205,220,45,168,88,77,28,91,32,196,93,197,248,24,236,19,255,109,137,76,104,182,88,214,151,26,31,119,87],"preparation_ns":2501126375,"key_preparation_ns":350654000,"proof_ns":2724775792,"request_ns":5747092750}
