test-recursive-fused-pcs-opening
+- Fused PCS opening guard
   +- run test stderr
NATIVE_PADDING air=0 live_events=52 implicit_columns_equal=false
NATIVE_PADDING air=1 live_events=0 implicit_columns_equal=true
NATIVE_PADDING air=2 live_events=0 implicit_columns_equal=true
NATIVE_PADDING air=3 live_events=0 implicit_columns_equal=true
NATIVE_PADDING air=4 live_events=0 implicit_columns_equal=true
NATIVE_PADDING air=5 live_events=0 implicit_columns_equal=true
NATIVE_PADDING air=6 live_events=0 implicit_columns_equal=true
NATIVE_PADDING air=7 live_events=0 implicit_columns_equal=true
NATIVE_PADDING air=8 live_events=0 implicit_columns_equal=true
NATIVE_PADDING air=9 live_events=0 implicit_columns_equal=true
NATIVE_PADDING air=10 live_events=0 implicit_columns_equal=true
NATIVE_PADDING air=11 live_events=0 implicit_columns_equal=true
NATIVE_PADDING air=12 live_events=0 implicit_columns_equal=true
NATIVE_PADDING air=13 live_events=0 implicit_columns_equal=true
NATIVE_PADDING air=14 live_events=0 implicit_columns_equal=true
NATIVE_PADDING air=15 live_events=0 implicit_columns_equal=true
NATIVE_PADDING air=16 live_events=0 implicit_columns_equal=true
NATIVE_PADDING air=17 live_events=0 implicit_columns_equal=true
NATIVE_PADDING air=18 live_events=0 implicit_columns_equal=true
NATIVE_PADDING air=19 live_events=0 implicit_columns_equal=true
NATIVE_PADDING air=20 live_events=0 implicit_columns_equal=true
test-recursive-quotient-accumulation
+- Quotient accumulation guard
   +- run test stderr
QUOTIENT_ACCUMULATE_DIGEST 4546ad4a7d14d5e7143930e6538d53faf4e8948431f3e443e8d54579e157ce75

Build Summary: 8/8 steps succeeded; 16/16 tests passed
test-recursive-quotient-accumulation success
+- Quotient accumulation guard success
   +- run test 4 passed 499ms MaxRSS:2M
      +- compile test ReleaseSafe native success 5s MaxRSS:524M
test-recursive-fused-pcs-opening success
+- Fused PCS opening guard success
   +- run test 12 passed 755ms MaxRSS:143M
      +- compile test ReleaseSafe native success 17s MaxRSS:1G

