ETH_AUTH_EXECUTION cycles=561079 keccak=343 recoveries=64 output=01000000400000001675902e6964ab0f8213814caf24f6ba5422008008ff86727a7ffcb30a819c1010a4e81182e8f4840fa53f7ae34a7c8d52634970bd4f86f6d10658bda5701260
BLAKE3_SEGMENT_LEAF_TIMING proving_ns=16856462041 capture_verification_ns=44650250
BLAKE3_NATIVE_QUERY_FUSION groups=27230 removed_scalars=108920
BLAKE3_NATIVE_FUSION dot4=830485 fma=161958 arithmetic_rows=1481652
BLAKE3_ETHEREUM_SEGMENTS_PREPARED segments=1 cycles=561079 retained_bytes=11723962360
BLAKE3_PARENT_CORE_FAILURE phase=composition composition_subphase=commitment cause=OutOfMemory
BLAKE3_PARENT_WORKER_FAILURE phase=core_proof error=ParentWorkerHostBudgetExceeded peak_bytes=51173227726 limit_bytes=51539607552
error: ParentWorkerHostBudgetExceeded
      139.01 real       651.18 user        22.59 sys
         54259384320  maximum resident set size
                   0  average shared memory size
                   0  average unshared data size
                   0  average unshared stack size
            15903376  page reclaims
                   0  page faults
                   0  swaps
                   0  block input operations
                   0  block output operations
                   0  messages sent
                   0  messages received
                   0  signals received
                   2  voluntary context switches
              206548  involuntary context switches
       8730630432634  instructions retired
       2803356538573  cycles elapsed
         59507330296  peak memory footprint
