Starting test_barycentric.py
Starting build_local.py
Proving batch 1
{
  "command": [
    "/Users/theodorepender/code/cryptography/stwo-zig/autoresearch/notes/2026-09-24-recursive-memory/local-host",
    "/Users/theodorepender/code/cryptography/stwo-zig/autoresearch/notes/2026-09-24-recursive-memory/eth-auth-stwo.elf",
    "/Users/theodorepender/code/cryptography/stwo-zig/autoresearch/notes/2026-09-24-recursive-memory/fixtures/batch-1.input",
    "/Users/theodorepender/code/cryptography/stwo-zig/autoresearch/notes/2026-09-24-recursive-memory/fixtures/batch-1.expected",
    "/Users/theodorepender/code/cryptography/stwo-zig/autoresearch/notes/2026-09-24-recursive-memory/local-batch-1-prove-compact-opening.proof",
    "/Users/theodorepender/code/cryptography/stwo-zig/autoresearch/notes/2026-09-24-recursive-memory/local-batch-1-prove-compact-opening.json",
    "prove"
  ],
  "side": "local",
  "mode": "prove",
  "requested_workers": 16,
  "timeout_seconds": 1800,
  "hardware_track": "same-host CPU; no CUDA",
  "peer_stage_profile": false,
  "sha256": {
    "local-host": "bd19400b4d770b53892ad629e852b55ca6dee7910046938f9363c34fbca71ffb",
    "eth-auth-stwo.elf": "988e26742a18c9d7fd2c073a0fa3b40fa80eeb14d30a1a7eb60486abad478e0a",
    "fixtures/batch-1.input": "0c8f6cd069ca1286d13f793a4a6140a615743fb2a6d3d1da33a8f9343a2cd40d",
    "fixtures/batch-1.expected": "efac234e5ada5ef41fc6a8812d8e156d13107123ee9bab23235ad536c9f8d138"
  },
  "swap_before": "vm.swapusage: total = 4096.00M  used = 2644.06M  free = 1451.94M  (encrypted)\n",
  "power_before": "Now drawing from 'AC Power'\n -InternalBattery-0 (id=35192931)\t80%; AC attached; not charging present: true\n",
  "exit_code": 0,
  "process_wall_seconds": 44.781902582995826,
  "swap_after": "vm.swapusage: total = 4096.00M  used = 2644.06M  free = 1451.94M  (encrypted)\n",
  "power_after": "Now drawing from 'AC Power'\n -InternalBattery-0 (id=35192931)\t80%; AC attached; not charging present: true\n",
  "output_checked": true
}
Proving batch 16
{
  "command": [
    "/Users/theodorepender/code/cryptography/stwo-zig/autoresearch/notes/2026-09-24-recursive-memory/local-host",
    "/Users/theodorepender/code/cryptography/stwo-zig/autoresearch/notes/2026-09-24-recursive-memory/eth-auth-stwo.elf",
    "/Users/theodorepender/code/cryptography/stwo-zig/autoresearch/notes/2026-09-24-recursive-memory/fixtures/batch-16.input",
    "/Users/theodorepender/code/cryptography/stwo-zig/autoresearch/notes/2026-09-24-recursive-memory/fixtures/batch-16.expected",
    "/Users/theodorepender/code/cryptography/stwo-zig/autoresearch/notes/2026-09-24-recursive-memory/local-batch-16-prove-compact-opening.proof",
    "/Users/theodorepender/code/cryptography/stwo-zig/autoresearch/notes/2026-09-24-recursive-memory/local-batch-16-prove-compact-opening.json",
    "prove"
  ],
  "side": "local",
  "mode": "prove",
  "requested_workers": 16,
  "timeout_seconds": 1800,
  "hardware_track": "same-host CPU; no CUDA",
  "peer_stage_profile": false,
  "sha256": {
    "local-host": "bd19400b4d770b53892ad629e852b55ca6dee7910046938f9363c34fbca71ffb",
    "eth-auth-stwo.elf": "988e26742a18c9d7fd2c073a0fa3b40fa80eeb14d30a1a7eb60486abad478e0a",
    "fixtures/batch-16.input": "e961f296f550d5d6797f464ef01d1e032417642098100e57f3e593aa87df79af",
    "fixtures/batch-16.expected": "7929a6d4808010177757936d0b8f241bd049f1d300a7969490919741a72d0c6b"
  },
  "swap_before": "vm.swapusage: total = 4096.00M  used = 2644.06M  free = 1451.94M  (encrypted)\n",
  "power_before": "Now drawing from 'AC Power'\n -InternalBattery-0 (id=35192931)\t80%; AC attached; not charging present: true\n",
  "exit_code": 0,
  "process_wall_seconds": 87.67467604199192,
  "swap_after": "vm.swapusage: total = 4096.00M  used = 2644.06M  free = 1451.94M  (encrypted)\n",
  "power_after": "Now drawing from 'AC Power'\n -InternalBattery-0 (id=35192931)\t80%; AC attached; not charging present: true\n",
  "output_checked": true
}
Proving batch 32
{
  "command": [
    "/Users/theodorepender/code/cryptography/stwo-zig/autoresearch/notes/2026-09-24-recursive-memory/local-host",
    "/Users/theodorepender/code/cryptography/stwo-zig/autoresearch/notes/2026-09-24-recursive-memory/eth-auth-stwo-expanded.elf",
    "/Users/theodorepender/code/cryptography/stwo-zig/autoresearch/notes/2026-09-24-recursive-memory/fixtures/batch-32.input",
    "/Users/theodorepender/code/cryptography/stwo-zig/autoresearch/notes/2026-09-24-recursive-memory/fixtures/batch-32.expected",
    "/Users/theodorepender/code/cryptography/stwo-zig/autoresearch/notes/2026-09-24-recursive-memory/local-batch-32-prove-compact-opening.proof",
    "/Users/theodorepender/code/cryptography/stwo-zig/autoresearch/notes/2026-09-24-recursive-memory/local-batch-32-prove-compact-opening.json",
    "prove"
  ],
  "side": "local",
  "mode": "prove",
  "requested_workers": 16,
  "timeout_seconds": 1800,
  "hardware_track": "same-host CPU; no CUDA",
  "peer_stage_profile": false,
  "sha256": {
    "local-host": "bd19400b4d770b53892ad629e852b55ca6dee7910046938f9363c34fbca71ffb",
    "eth-auth-stwo-expanded.elf": "6249460c16073ce643bdbd0438b7f15b18fcdfe4372c83f26053526b47474d17",
    "fixtures/batch-32.input": "c2eeb9bf4fa100b05d53a90d0bf5c061d278b7d676c2af1f40e0e4caab096a5e",
    "fixtures/batch-32.expected": "ddb041867e24fcf4be7fbdf97252b8c4ab5b4c1f540d322859f825e702ee794c"
  },
  "swap_before": "vm.swapusage: total = 4096.00M  used = 2644.06M  free = 1451.94M  (encrypted)\n",
  "power_before": "Now drawing from 'AC Power'\n -InternalBattery-0 (id=35192931)\t80%; AC attached; not charging present: true\n",
  "exit_code": 1,
  "process_wall_seconds": 0.023744917009025812,
  "swap_after": "vm.swapusage: total = 4096.00M  used = 2644.06M  free = 1451.94M  (encrypted)\n",
  "power_after": "Now drawing from 'AC Power'\n -InternalBattery-0 (id=35192931)\t80%; AC attached; not charging present: true\n"
}
Traceback (most recent call last):
  File "/Users/theodorepender/code/cryptography/stwo-zig/autoresearch/notes/2026-09-24-recursive-memory/qualify_and_measure.py", line 10, in <module>
    subprocess.run([sys.executable,str(H/'run.py'),'local','batch-'+str(size),'prove','compact-opening'],check=True)
    ~~~~~~~~~~~~~~^^^^^^^^^^^^^^^^^^^^^^^^^^^^^^^^^^^^^^^^^^^^^^^^^^^^^^^^^^^^^^^^^^^^^^^^^^^^^^^^^^^^^^^^^^^^^^^^^^
  File "/opt/homebrew/Cellar/python@3.14/3.14.6/Frameworks/Python.framework/Versions/3.14/lib/python3.14/subprocess.py", line 578, in run
    raise CalledProcessError(retcode, process.args,
                             output=stdout, stderr=stderr)
subprocess.CalledProcessError: Command '['/opt/homebrew/opt/python@3.14/bin/python3.14', '/Users/theodorepender/code/cryptography/stwo-zig/autoresearch/notes/2026-09-24-recursive-memory/run.py', 'local', 'batch-32', 'prove', 'compact-opening']' returned non-zero exit status 1.
