[ethereum-auth-local-prove] another build holds /tmp/stwo-zig-build.lock; waiting
[ethereum-auth-local-prove] acquired after 78s
{
  "command": [
    "/Users/theodorepender/code/cryptography/stwo-zig/autoresearch/notes/2026-09-24-recursive-memory/local-host",
    "/Users/theodorepender/code/cryptography/stwo-zig/autoresearch/notes/2026-09-24-recursive-memory/eth-auth-stwo-expanded.elf",
    "/Users/theodorepender/code/cryptography/stwo-zig/autoresearch/notes/2026-09-24-recursive-memory/fixtures/batch-64.input",
    "/Users/theodorepender/code/cryptography/stwo-zig/autoresearch/notes/2026-09-24-recursive-memory/fixtures/batch-64.expected",
    "/Users/theodorepender/code/cryptography/stwo-zig/autoresearch/notes/2026-09-24-recursive-memory/local-batch-64-prove-balanced.proof",
    "/Users/theodorepender/code/cryptography/stwo-zig/autoresearch/notes/2026-09-24-recursive-memory/local-batch-64-prove-balanced.json",
    "prove"
  ],
  "side": "local",
  "mode": "prove",
  "requested_workers": 16,
  "timeout_seconds": 1800,
  "hardware_track": "same-host CPU; no CUDA",
  "peer_stage_profile": false,
  "sha256": {
    "local-host": "3ed47db6d94d475256e06f79e0d32c9415bc08278eb1b602d81486bd5518d442",
    "eth-auth-stwo-expanded.elf": "094a437f5b535d139ad70ed22b65c035d4c80358554edb5c60d7c23cec59ce1c",
    "fixtures/batch-64.input": "e48f448a2910a8fa81999b4faec99f38dff86e180fe578857c74fd08a4b205a8",
    "fixtures/batch-64.expected": "e9ee0be037b223d0a2a120bd035c98ef50b10d8cc52e59eafccaca63906d76f1"
  },
  "swap_before": "vm.swapusage: total = 4096.00M  used = 2392.56M  free = 1703.44M  (encrypted)\n",
  "power_before": "Now drawing from 'AC Power'\n -InternalBattery-0 (id=35192931)\t80%; AC attached; not charging present: true\n",
  "exit_code": 0,
  "process_wall_seconds": 143.30734254102572,
  "swap_after": "vm.swapusage: total = 4096.00M  used = 2392.56M  free = 1703.44M  (encrypted)\n",
  "power_after": "Now drawing from 'AC Power'\n -InternalBattery-0 (id=35192931)\t80%; AC attached; not charging present: true\n",
  "output_checked": true
}
