{
  "proof_verified": false,
  "scope": "commitment trace geometry only; prover and recursive memory remain unqualified",
  "segments": 256,
  "target": 0,
  "maximum_cycles": 1048576,
  "cycles": 543809,
  "global_first_cycle": 1,
  "keccak_calls": 0,
  "recovery_calls": 0,
  "sha_calls": 0,
  "commitment_rows": [
    17784816,
    5081376,
    6347838,
    2861568,
    1400,
    105618,
    105618,
    818809
  ],
  "commitment_trace_fits": false,
  "sizing_peak_bytes": 475272420,
  "sizing_ns": 17412204125
}
