Both final complete-proof products passed; saving frozen evidence.
Saved final typed infrastructure qualification: 384 proof checks; 21 identical artifacts.
Starting useful 1/2/4/8 continuation on the same binaries.
1-cpu: complete tree started
1-cpu: passed 15 checks, baseline artifacts identical
1-metal: complete tree started
1-metal: passed 15 checks, baseline artifacts identical
2-cpu: complete tree started
2-cpu: passed 60 checks, baseline artifacts identical
2-metal: complete tree started
2-metal: passed 60 checks, baseline artifacts identical
4-cpu: complete tree started
4-cpu: passed 150 checks, baseline artifacts identical
4-metal: complete tree started
4-metal: passed 150 checks, baseline artifacts identical
8-cpu: complete tree started
8-cpu: passed 330 checks, baseline artifacts identical
8-metal: complete tree started
8-metal: passed 330 checks, baseline artifacts identical
Ladder passed: 1110 checks, 78 baseline-identical artifacts.
[
  {
    "segments": 1,
    "backend": "cpu",
    "production_seconds": 9.762680833,
    "peak_rss_bytes": 2899755008,
    "root_proof_bytes": 2481525,
    "root_verify_ms": 73.590667,
    "cases": 15,
    "direct_detached_leaf_verify_ms": 73.590667,
    "direct_detached_leaf_proof_bytes": 2481525,
    "root_vs_leaf_verify_ratio": 1.0,
    "parent_production_seconds": 0.0,
    "consumer_count_to_amortize_parent_production": null,
    "root_verifier_peak_rss_bytes": 19529728,
    "root_memory_run_process_ns": 96767708,
    "root_memory_run_argv": [
      "/private/tmp/pr198-product-cpu-typed-final-20260918-v1/cpu/bin/recursive-segment-v2-detached-verify",
      "--root",
      "/private/tmp/pr198-typed-final-ladder-20260918-v1/1-cpu/leaves/child-0",
      "2ac5155e9ef983d80be4bb4f19ba1202411f61cba537b2185a996b07d12e7d6c",
      "/Users/theodorepender/code/cryptography/stwo-zig/vectors/reports/recursive-product-20260918/larger-memory-ladder-qualified-v1/inputs/207c2bed378d85943bc3dd603ea84d9f035a93752634169140b20650030d2f46.json"
    ]
  },
  {
    "segments": 1,
    "backend": "metal",
    "production_seconds": 8.301469625,
    "peak_rss_bytes": 2572124160,
    "root_proof_bytes": 2481525,
    "root_verify_ms": 73.496542,
    "cases": 15,
    "direct_detached_leaf_verify_ms": 73.496542,
    "direct_detached_leaf_proof_bytes": 2481525,
    "root_vs_leaf_verify_ratio": 1.0,
    "parent_production_seconds": 0.0,
    "consumer_count_to_amortize_parent_production": null,
    "root_verifier_peak_rss_bytes": 19529728,
    "root_memory_run_process_ns": 99016375,
    "root_memory_run_argv": [
      "/private/tmp/pr198-product-metal-typed-final-20260918-v1/cpu/bin/recursive-segment-v2-detached-verify",
      "--root",
      "/private/tmp/pr198-typed-final-ladder-20260918-v1/1-metal/leaves/child-0",
      "2ac5155e9ef983d80be4bb4f19ba1202411f61cba537b2185a996b07d12e7d6c",
      "/Users/theodorepender/code/cryptography/stwo-zig/vectors/reports/recursive-product-20260918/larger-memory-ladder-qualified-v1/inputs/207c2bed378d85943bc3dd603ea84d9f035a93752634169140b20650030d2f46.json"
    ]
  },
  {
    "segments": 2,
    "backend": "cpu",
    "production_seconds": 30.509127292,
    "peak_rss_bytes": 4077191168,
    "root_proof_bytes": 2418969,
    "root_verify_ms": 70.711417,
    "cases": 60,
    "direct_detached_leaf_verify_ms": 148.457959,
    "direct_detached_leaf_proof_bytes": 4978455,
    "root_vs_leaf_verify_ratio": 2.0994906522662387,
    "parent_production_seconds": 11.015396792,
    "consumer_count_to_amortize_parent_production": 142,
    "root_verifier_peak_rss_bytes": 15745024,
    "root_memory_run_process_ns": 80590209,
    "root_memory_run_argv": [
      "/private/tmp/pr198-product-cpu-typed-final-20260918-v1/cpu/bin/recursive-segment-v2-detached-parent-verify",
      "/private/tmp/pr198-typed-final-ladder-20260918-v1/2-cpu/parent-1-0",
      "f1f600a00e36dac7c9202b0a88eb28c525ef98c3c0fcc1af973f2f3623b0abca",
      "/Users/theodorepender/code/cryptography/stwo-zig/vectors/reports/recursive-product-20260918/larger-memory-ladder-qualified-v1/inputs/d8a1bce00f246833d7f6c8347f2a28d12c981ce5f36bda7b8aeb52ad841ce535.json"
    ]
  },
  {
    "segments": 2,
    "backend": "metal",
    "production_seconds": 23.854652667,
    "peak_rss_bytes": 4524507136,
    "root_proof_bytes": 2418969,
    "root_verify_ms": 68.03225,
    "cases": 60,
    "direct_detached_leaf_verify_ms": 148.725125,
    "direct_detached_leaf_proof_bytes": 4978455,
    "root_vs_leaf_verify_ratio": 2.186097402334922,
    "parent_production_seconds": 7.495775292,
    "consumer_count_to_amortize_parent_production": 93,
    "root_verifier_peak_rss_bytes": 15745024,
    "root_memory_run_process_ns": 81096125,
    "root_memory_run_argv": [
      "/private/tmp/pr198-product-metal-typed-final-20260918-v1/cpu/bin/recursive-segment-v2-detached-parent-verify",
      "/private/tmp/pr198-typed-final-ladder-20260918-v1/2-metal/parent-1-0",
      "f1f600a00e36dac7c9202b0a88eb28c525ef98c3c0fcc1af973f2f3623b0abca",
      "/Users/theodorepender/code/cryptography/stwo-zig/vectors/reports/recursive-product-20260918/larger-memory-ladder-qualified-v1/inputs/d8a1bce00f246833d7f6c8347f2a28d12c981ce5f36bda7b8aeb52ad841ce535.json"
    ]
  },
  {
    "segments": 4,
    "backend": "cpu",
    "production_seconds": 72.760176084,
    "peak_rss_bytes": 4085792768,
    "root_proof_bytes": 2287573,
    "root_verify_ms": 67.651292,
    "cases": 150,
    "direct_detached_leaf_verify_ms": 297.515958,
    "direct_detached_leaf_proof_bytes": 9954693,
    "root_vs_leaf_verify_ratio": 4.397786785801519,
    "parent_production_seconds": 32.90149175,
    "consumer_count_to_amortize_parent_production": 144,
    "root_verifier_peak_rss_bytes": 15253504,
    "root_memory_run_process_ns": 79598583,
    "root_memory_run_argv": [
      "/private/tmp/pr198-product-cpu-typed-final-20260918-v1/cpu/bin/recursive-segment-v2-detached-parent-verify",
      "/private/tmp/pr198-typed-final-ladder-20260918-v1/4-cpu/parent-2-0",
      "4a31dd6ac57c7fe3675c3949690aabad9a6ede2c6926df23d330da252c31402d",
      "/Users/theodorepender/code/cryptography/stwo-zig/vectors/reports/recursive-product-20260918/larger-memory-ladder-qualified-v1/inputs/19aafae20285e08bf9c997fb109f48135436eb65a2d45ca81a57a2bd655bb076.json"
    ]
  },
  {
    "segments": 4,
    "backend": "metal",
    "production_seconds": 54.247438458,
    "peak_rss_bytes": 4535074816,
    "root_proof_bytes": 2287573,
    "root_verify_ms": 68.028667,
    "cases": 150,
    "direct_detached_leaf_verify_ms": 296.664,
    "direct_detached_leaf_proof_bytes": 9954693,
    "root_vs_leaf_verify_ratio": 4.360867456068189,
    "parent_production_seconds": 21.892006708,
    "consumer_count_to_amortize_parent_production": 96,
    "root_verifier_peak_rss_bytes": 15253504,
    "root_memory_run_process_ns": 78805000,
    "root_memory_run_argv": [
      "/private/tmp/pr198-product-metal-typed-final-20260918-v1/cpu/bin/recursive-segment-v2-detached-parent-verify",
      "/private/tmp/pr198-typed-final-ladder-20260918-v1/4-metal/parent-2-0",
      "4a31dd6ac57c7fe3675c3949690aabad9a6ede2c6926df23d330da252c31402d",
      "/Users/theodorepender/code/cryptography/stwo-zig/vectors/reports/recursive-product-20260918/larger-memory-ladder-qualified-v1/inputs/19aafae20285e08bf9c997fb109f48135436eb65a2d45ca81a57a2bd655bb076.json"
    ]
  },
  {
    "segments": 8,
    "backend": "cpu",
    "production_seconds": 152.771610293,
    "peak_rss_bytes": 4086382592,
    "root_proof_bytes": 2297319,
    "root_verify_ms": 69.482375,
    "cases": 330,
    "direct_detached_leaf_verify_ms": 593.569501,
    "direct_detached_leaf_proof_bytes": 19919802,
    "root_vs_leaf_verify_ratio": 8.542734772667169,
    "parent_production_seconds": 74.719597168,
    "consumer_count_to_amortize_parent_production": 143,
    "root_verifier_peak_rss_bytes": 15450112,
    "root_memory_run_process_ns": 83947625,
    "root_memory_run_argv": [
      "/private/tmp/pr198-product-cpu-typed-final-20260918-v1/cpu/bin/recursive-segment-v2-detached-parent-verify",
      "/private/tmp/pr198-typed-final-ladder-20260918-v1/8-cpu/parent-3-0",
      "2b3646387ad9a0d86a32e6181c75aef094beaaf481b0580bd006fc49ce086e0c",
      "/Users/theodorepender/code/cryptography/stwo-zig/vectors/reports/recursive-product-20260918/larger-memory-ladder-qualified-v1/inputs/bdf9957fe01d6e72c8ae97afe787518263c59d4981e00fd226f9bcb9b4f558ac.json"
    ]
  },
  {
    "segments": 8,
    "backend": "metal",
    "production_seconds": 115.225485209,
    "peak_rss_bytes": 4535762944,
    "root_proof_bytes": 2297319,
    "root_verify_ms": 69.672625,
    "cases": 330,
    "direct_detached_leaf_verify_ms": 595.635416,
    "direct_detached_leaf_proof_bytes": 19919802,
    "root_vs_leaf_verify_ratio": 8.549059490725375,
    "parent_production_seconds": 50.949609375,
    "consumer_count_to_amortize_parent_production": 97,
    "root_verifier_peak_rss_bytes": 15450112,
    "root_memory_run_process_ns": 75069917,
    "root_memory_run_argv": [
      "/private/tmp/pr198-product-metal-typed-final-20260918-v1/cpu/bin/recursive-segment-v2-detached-parent-verify",
      "/private/tmp/pr198-typed-final-ladder-20260918-v1/8-metal/parent-3-0",
      "2b3646387ad9a0d86a32e6181c75aef094beaaf481b0580bd006fc49ce086e0c",
      "/Users/theodorepender/code/cryptography/stwo-zig/vectors/reports/recursive-product-20260918/larger-memory-ladder-qualified-v1/inputs/bdf9957fe01d6e72c8ae97afe787518263c59d4981e00fd226f9bcb9b4f558ac.json"
    ]
  }
]
Retained final continuation evidence: 1,110 checks and 78 identical artifacts.
Final typed proof and continuation qualification passed.
