test-ethereum-complete-proof
+- Ethereum complete proof lifecycle guard
   +- run test 1/2 passed, 1 failed
error: 'recursive_common_ethereum_incremental_leaf_universal_proof_v4_genuine_test.test.role0 saved Stage101 pair replays recursive wrapper' failed: ETHEREUM_ROLE0_SAVED_WRAPPER_REPLAY excludes_stage101_proving=true
ETHEREUM_INCREMENTAL_ROLE0_PHASE phase=cold_open source=darwin_proc_pid_rusage_v6 wall_ns=46881201541 process_cpu_ns=49379101667 parallelism_milli=1053 peak_footprint_bytes=289981256 energy_nj=229864839998 instructions=1101012277996 cycles=196304961383 workers=1 host_byte_budget=8589934592
ETHEREUM_INCREMENTAL_ROLE0_PHASE phase=campaign source=darwin_proc_pid_rusage_v6 wall_ns=1258078458 process_cpu_ns=1254883042 parallelism_milli=997 peak_footprint_bytes=289981256 energy_nj=6339877256 instructions=27906322847 cycles=4976101575 workers=1 host_byte_budget=8589934592
ETHEREUM_INCREMENTAL_ROLE0_PHASE phase=materialize source=darwin_proc_pid_rusage_v6 wall_ns=4836224542 process_cpu_ns=4833854083 parallelism_milli=999 peak_footprint_bytes=1958414712 energy_nj=25361424039 instructions=86715070048 cycles=19246014686 workers=1 host_byte_budget=8589934592
ETHEREUM_INCREMENTAL_ROLE0_MATERIALIZE input_ns=38355000 public_ns=290062208 transcript_ns=135642875 profile_ns=38000 program_ns=66098459 prepare_ns=64932333 fri_ns=3514925542 seal_ns=38682708 total_ns=4148739417 nodes=540228 node_bytes=10804560 output_bytes=176 binding_bytes=2469168 schedule_bytes=8051940 evaluation_bytes=8643648 input_bytes=617292 claim_bytes=27296 schedule_compiles=1 graph_copies=0 workers=1
ETHEREUM_INCREMENTAL_ROLE0_ALLOCATOR phase=materialized-live allocations=60 bytes=856164950 peak=1893492493 allocated=3176175424 freed=2320010474 untracked=0
ETHEREUM_TUPLE_CLOSURE contributions=68827570 unmatched=27813 by_domain={ 0, 0, 0, 0, 0, 131, 0, 0, 0, 0, 0, 0, 0, 200, 0, 0, 0, 0, 0, 0, 0, 0, 0, 0, 0, 152, 0, 0, 0, 0, 10506, 16824, 0, 0, 0, 0, 0, 0, 0, 0, 0, 0, 0, 0, 0, 0, 0 }
TUPLE_UNMATCHED domain=poseidon2_io hash=0002cd683779687b5f1cfa8594c41b11bee3ecea12eaaededcd79cf31ca83794 residual={ .{ .v = 1 }, .{ .v = 0 }, .{ .v = 0 }, .{ .v = 0 } } prefix={ .{ .v = 375964597 }, .{ .v = 0 }, .{ .v = 0 }, .{ .v = 0 } },{ .{ .v = 1870930610 }, .{ .v = 0 }, .{ .v = 0 }, .{ .v = 0 } },{ .{ .v = 759297152 }, .{ .v = 0 }, .{ .v = 0 }, .{ .v = 0 } },{ .{ .v = 587572828 }, .{ .v = 0 }, .{ .v = 0 }, .{ .v = 0 } },{ .{ .v = 17884290 }, .{ .v = 0 }, .{ .v = 0 }, .{ .v = 0 } }, contributions=1
  component=34 event=3 role=emit weight={ .{ .v = 1 }, .{ .v = 0 }, .{ .v = 0 }, .{ .v = 0 } }
TUPLE_UNMATCHED domain=poseidon2_io hash=00ba645e11988da24461eb6e31dc86e1d4b32a94e68fd58c863a9ebc7ebeb76d residual={ .{ .v = 1 }, .{ .v = 0 }, .{ .v = 0 }, .{ .v = 0 } } prefix={ .{ .v = 1891725864 }, .{ .v = 0 }, .{ .v = 0 }, .{ .v = 0 } },{ .{ .v = 145469430 }, .{ .v = 0 }, .{ .v = 0 }, .{ .v = 0 } },{ .{ .v = 1813170816 }, .{ .v = 0 }, .{ .v = 0 }, .{ .v = 0 } },{ .{ .v = 1524683721 }, .{ .v = 0 }, .{ .v = 0 }, .{ .v = 0 } },{ .{ .v = 1220736327 }, .{ .v = 0 }, .{ .v = 0 }, .{ .v = 0 } }, contributions=1
  component=34 event=3 role=emit weight={ .{ .v = 1 }, .{ .v = 0 }, .{ .v = 0 }, .{ .v = 0 } }
TUPLE_UNMATCHED domain=poseidon2_io hash=0232a42a82b01148fb8453bc51ac0799b086cc7603a01c77674fe11b2fb7ea83 residual={ .{ .v = 1 }, .{ .v = 0 }, .{ .v = 0 }, .{ .v = 0 } } prefix={ .{ .v = 1716273707 }, .{ .v = 0 }, .{ .v = 0 }, .{ .v = 0 } },{ .{ .v = 1863516162 }, .{ .v = 0 }, .{ .v = 0 }, .{ .v = 0 } },{ .{ .v = 817977653 }, .{ .v = 0 }, .{ .v = 0 }, .{ .v = 0 } },{ .{ .v = 2121434412 }, .{ .v = 0 }, .{ .v = 0 }, .{ .v = 0 } },{ .{ .v = 368543094 }, .{ .v = 0 }, .{ .v = 0 }, .{ .v = 0 } }, contributions=1
  component=34 event=3 role=emit weight={ .{ .v = 1 }, .{ .v = 0 }, .{ .v = 0 }, .{ .v = 0 } }
TUPLE_UNMATCHED domain=recursion_wire hash=0060d7996efca0b7a47db1d2452d7aafd78d0994395a34c5e2ef8324e47bbe28 residual={ .{ .v = 2147483646 }, .{ .v = 0 }, .{ .v = 0 }, .{ .v = 0 } } prefix={ .{ .v = 42 }, .{ .v = 0 }, .{ .v = 0 }, .{ .v = 0 } },{ .{ .v = 540 }, .{ .v = 0 }, .{ .v = 0 }, .{ .v = 0 } },{ .{ .v = 0 }, .{ .v = 0 }, .{ .v = 0 }, .{ .v = 0 } },{ .{ .v = 0 }, .{ .v = 0 }, .{ .v = 0 }, .{ .v = 0 } },{ .{ .v = 0 }, .{ .v = 0 }, .{ .v = 0 }, .{ .v = 0 } }, contributions=1
  component=30 event=0 role=consume weight={ .{ .v = 2147483646 }, .{ .v = 0 }, .{ .v = 0 }, .{ .v = 0 } }
TUPLE_UNMATCHED domain=recursion_wire hash=01134706562e717fc0715def9e74c88020b07141870789530c925a0a94f18fb2 residual={ .{ .v = 2147483646 }, .{ .v = 0 }, .{ .v = 0 }, .{ .v = 0 } } prefix={ .{ .v = 42 }, .{ .v = 0 }, .{ .v = 0 }, .{ .v = 0 } },{ .{ .v = 455 }, .{ .v = 0 }, .{ .v = 0 }, .{ .v = 0 } },{ .{ .v = 0 }, .{ .v = 0 }, .{ .v = 0 }, .{ .v = 0 } },{ .{ .v = 0 }, .{ .v = 0 }, .{ .v = 0 }, .{ .v = 0 } },{ .{ .v = 0 }, .{ .v = 0 }, .{ .v = 0 }, .{ .v = 0 } }, contributions=1
  component=32 event=0 role=consume weight={ .{ .v = 2147483646 }, .{ .v = 0 }, .{ .v = 0 }, .{ .v = 0 } }
TUPLE_UNMATCHED domain=recursion_wire hash=01a847b217e02c25c1be28b1bac1d0d1aa28b391627f0b091e181bca2728c4f4 residual={ .{ .v = 2147483645 }, .{ .v = 0 }, .{ .v = 0 }, .{ .v = 0 } } prefix={ .{ .v = 42 }, .{ .v = 0 }, .{ .v = 0 }, .{ .v = 0 } },{ .{ .v = 816 }, .{ .v = 0 }, .{ .v = 0 }, .{ .v = 0 } },{ .{ .v = 0 }, .{ .v = 0 }, .{ .v = 0 }, .{ .v = 0 } },{ .{ .v = 0 }, .{ .v = 0 }, .{ .v = 0 }, .{ .v = 0 } },{ .{ .v = 0 }, .{ .v = 0 }, .{ .v = 0 }, .{ .v = 0 } }, contributions=2
  component=30 event=0 role=consume weight={ .{ .v = 2147483646 }, .{ .v = 0 }, .{ .v = 0 }, .{ .v = 0 } }
  component=30 event=0 role=consume weight={ .{ .v = 2147483646 }, .{ .v = 0 }, .{ .v = 0 }, .{ .v = 0 } }
TUPLE_UNMATCHED domain=recursion_verifier_input_word hash=017aa746a2124a0a4fa460e391496b7e04f23b4cdf785c50f94e3c1397089c51 residual={ .{ .v = 2147483646 }, .{ .v = 0 }, .{ .v = 0 }, .{ .v = 0 } } prefix={ .{ .v = 0 }, .{ .v = 0 }, .{ .v = 0 }, .{ .v = 0 } },{ .{ .v = 12 }, .{ .v = 0 }, .{ .v = 0 }, .{ .v = 0 } },{ .{ .v = 5 }, .{ .v = 0 }, .{ .v = 0 }, .{ .v = 0 } },{ .{ .v = 3 }, .{ .v = 0 }, .{ .v = 0 }, .{ .v = 0 } },{ .{ .v = 88313306 }, .{ .v = 0 }, .{ .v = 0 }, .{ .v = 0 } }, contributions=1
  component=18 event=1 role=consume weight={ .{ .v = 2147483646 }, .{ .v = 0 }, .{ .v = 0 }, .{ .v = 0 } }
TUPLE_UNMATCHED domain=recursion_verifier_input_word hash=018c856a95f6f4a4401261eb2fb697e83e552a0450062eaef3caf5b9d9fce2b0 residual={ .{ .v = 2147483646 }, .{ .v = 0 }, .{ .v = 0 }, .{ .v = 0 } } prefix={ .{ .v = 0 }, .{ .v = 0 }, .{ .v = 0 }, .{ .v = 0 } },{ .{ .v = 12 }, .{ .v = 0 }, .{ .v = 0 }, .{ .v = 0 } },{ .{ .v = 31 }, .{ .v = 0 }, .{ .v = 0 }, .{ .v = 0 } },{ .{ .v = 0 }, .{ .v = 0 }, .{ .v = 0 }, .{ .v = 0 } },{ .{ .v = 301440275 }, .{ .v = 0 }, .{ .v = 0 }, .{ .v = 0 } }, contributions=1
  component=18 event=1 role=consume weight={ .{ .v = 2147483646 }, .{ .v = 0 }, .{ .v = 0 }, .{ .v = 0 } }
TUPLE_UNMATCHED domain=recursion_verifier_input_word hash=02636ed7a99eba0252ac104a1e7b06cf581b47c200f5d7565abae414dc56ea1f residual={ .{ .v = 2147483646 }, .{ .v = 0 }, .{ .v = 0 }, .{ .v = 0 } } prefix={ .{ .v = 0 }, .{ .v = 0 }, .{ .v = 0 }, .{ .v = 0 } },{ .{ .v = 12 }, .{ .v = 0 }, .{ .v = 0 }, .{ .v = 0 } },{ .{ .v = 1075 }, .{ .v = 0 }, .{ .v = 0 }, .{ .v = 0 } },{ .{ .v = 3 }, .{ .v = 0 }, .{ .v = 0 }, .{ .v = 0 } },{ .{ .v = 0 }, .{ .v = 0 }, .{ .v = 0 }, .{ .v = 0 } }, contributions=1
  component=18 event=1 role=consume weight={ .{ .v = 2147483646 }, .{ .v = 0 }, .{ .v = 0 }, .{ .v = 0 } }
TUPLE_UNMATCHED domain=recursion_vm_public_claim_word hash=0005bf31dbe3bf84983a708bfbbbcfb93e819aa165f53d847cf29c48d1f71e8e residual={ .{ .v = 1 }, .{ .v = 0 }, .{ .v = 0 }, .{ .v = 0 } } prefix={ .{ .v = 2 }, .{ .v = 0 }, .{ .v = 0 }, .{ .v = 0 } },{ .{ .v = 7534 }, .{ .v = 0 }, .{ .v = 0 }, .{ .v = 0 } },{ .{ .v = 0 }, .{ .v = 0 }, .{ .v = 0 }, .{ .v = 0 } }, contributions=1
  component=12 event=2 role=emit weight={ .{ .v = 1 }, .{ .v = 0 }, .{ .v = 0 }, .{ .v = 0 } }
TUPLE_UNMATCHED domain=recursion_vm_public_claim_word hash=000e99e281d22d3e6e85bafa70588713cc3012bfc069e480b90ec2aef69928d9 residual={ .{ .v = 1 }, .{ .v = 0 }, .{ .v = 0 }, .{ .v = 0 } } prefix={ .{ .v = 2 }, .{ .v = 0 }, .{ .v = 0 }, .{ .v = 0 } },{ .{ .v = 3506 }, .{ .v = 0 }, .{ .v = 0 }, .{ .v = 0 } },{ .{ .v = 0 }, .{ .v = 0 }, .{ .v = 0 }, .{ .v = 0 } }, contributions=1
  component=12 event=2 role=emit weight={ .{ .v = 1 }, .{ .v = 0 }, .{ .v = 0 }, .{ .v = 0 } }
TUPLE_UNMATCHED domain=recursion_vm_public_claim_word hash=00113752020c23ed8b2f8914a1efc664057e6dca4b3547d4fb0823dbefb3a6f7 residual={ .{ .v = 1 }, .{ .v = 0 }, .{ .v = 0 }, .{ .v = 0 } } prefix={ .{ .v = 2 }, .{ .v = 0 }, .{ .v = 0 }, .{ .v = 0 } },{ .{ .v = 6357 }, .{ .v = 0 }, .{ .v = 0 }, .{ .v = 0 } },{ .{ .v = 0 }, .{ .v = 0 }, .{ .v = 0 }, .{ .v = 0 } }, contributions=1
  component=12 event=2 role=emit weight={ .{ .v = 1 }, .{ .v = 0 }, .{ .v = 0 }, .{ .v = 0 } }
TUPLE_UNMATCHED domain=recursion_vm_public_claim_byte hash=00081e9d373f97d8556c43c2c0cbbe8d91f5e5783dfd81b385b433b819e3571f residual={ .{ .v = 1 }, .{ .v = 0 }, .{ .v = 0 }, .{ .v = 0 } } prefix={ .{ .v = 9196 }, .{ .v = 0 }, .{ .v = 0 }, .{ .v = 0 } },{ .{ .v = 0 }, .{ .v = 0 }, .{ .v = 0 }, .{ .v = 0 } },{ .{ .v = 0 }, .{ .v = 0 }, .{ .v = 0 }, .{ .v = 0 } }, contributions=1
  component=12 event=6 role=emit weight={ .{ .v = 1 }, .{ .v = 0 }, .{ .v = 0 }, .{ .v = 0 } }
TUPLE_UNMATCHED domain=recursion_vm_public_claim_byte hash=000d6088e82c38b3dbfe2573cebb25b0e56c933035ba8b845106850c6892a2b3 residual={ .{ .v = 1 }, .{ .v = 0 }, .{ .v = 0 }, .{ .v = 0 } } prefix={ .{ .v = 1607 }, .{ .v = 0 }, .{ .v = 0 }, .{ .v = 0 } },{ .{ .v = 0 }, .{ .v = 0 }, .{ .v = 0 }, .{ .v = 0 } },{ .{ .v = 0 }, .{ .v = 0 }, .{ .v = 0 }, .{ .v = 0 } }, contributions=1
  component=12 event=6 role=emit weight={ .{ .v = 1 }, .{ .v = 0 }, .{ .v = 0 }, .{ .v = 0 } }
TUPLE_UNMATCHED domain=recursion_vm_public_claim_byte hash=000ebb3b27eb59d09af18e32e2fc57ad1593f38afe03f3ca44c559a57213c902 residual={ .{ .v = 1 }, .{ .v = 0 }, .{ .v = 0 }, .{ .v = 0 } } prefix={ .{ .v = 8017 }, .{ .v = 0 }, .{ .v = 0 }, .{ .v = 0 } },{ .{ .v = 1 }, .{ .v = 0 }, .{ .v = 0 }, .{ .v = 0 } },{ .{ .v = 0 }, .{ .v = 0 }, .{ .v = 0 }, .{ .v = 0 } }, contributions=1
  component=12 event=7 role=emit weight={ .{ .v = 1 }, .{ .v = 0 }, .{ .v = 0 }, .{ .v = 0 } }
ETHEREUM_INCREMENTAL_ROLE0_REQUEST outcome=failed
ETHEREUM_INCREMENTAL_ROLE0_PHASE phase=total source=darwin_proc_pid_rusage_v6 wall_ns=250610395416 process_cpu_ns=246409653125 parallelism_milli=983 peak_footprint_bytes=38638580128 energy_nj=1262040973641 instructions=4605938058777 cycles=980331614438 workers=1 host_byte_budget=8589934592
ETHEREUM_ROLE0_SAVED_WRAPPER_STAGE=role0_prove error=EthereumIncrementalTupleNotClosedV4
error: while executing test 'recursive_common_ethereum_incremental_leaf_universal_proof_v4_genuine_test.test.role0 saved Stage101 pair replays recursive wrapper', the following test command failed:
./.zig-cache/o/c80b4934d2b1805befaf6ec6973fcf0e/test --cache-dir=./.zig-cache --seed=0xa08422d5 --listen=-

Build Summary: 1/4 steps succeeded; 1 failed; 1/2 tests passed; 1 failed
test-ethereum-complete-proof transitive failure
+- Ethereum complete proof lifecycle guard transitive failure
   +- run test 1/2 passed, 1 failed
      +- compile test ReleaseSafe native success 1m MaxRSS:4G

error: the following build command failed with exit code 1:
.zig-cache/o/571aa6a65d3d6ab2041dfb85a719dec1/build /opt/homebrew/Cellar/zig/0.15.2/bin/zig /opt/homebrew/Cellar/zig/0.15.2/lib/zig /Users/theodorepender/Coding/stark-proving-engineering/stwo-zig/src/integrations/riscv_cpu .zig-cache /Users/theodorepender/.cache/zig --seed 0xa08422d5 -Zd78a6338ca8e771a --maxrss 25769803776 -j1 test-ethereum-complete-proof -Doptimize=ReleaseSafe -Dethereum-proof-strip=true --summary all
