test-ethereum-air-profile-preflight
+- Ethereum AIR profile preflight guard
   +- run test 3/4 passed, 1 failed
error: 'ethereum_typed_air_point_parity_v4.test.Ethereum typed AIR production composition geometry agrees' failed: ETHEREUM_AIR_DEGREE component=control direct_bound=0 logup_bound=2 declared=3 candidate=false conservative=true
ETHEREUM_AIR_DEGREE component=transcript_air direct_bound=2 logup_bound=3 declared=3 candidate=false conservative=true
ETHEREUM_AIR_DEGREE component=transcript_binding direct_bound=2 logup_bound=3 declared=3 candidate=false conservative=true
ETHEREUM_AIR_DEGREE component=transcript_state direct_bound=3 logup_bound=3 declared=4 candidate=false conservative=true
ETHEREUM_AIR_DEGREE component=transcript_word direct_bound=3 logup_bound=3 declared=3 candidate=false conservative=true
ETHEREUM_AIR_DEGREE component=transcript_payload direct_bound=3 logup_bound=3 declared=4 candidate=false conservative=true
ETHEREUM_AIR_DEGREE component=pow_check direct_bound=2 logup_bound=2 declared=2 candidate=false conservative=true
ETHEREUM_AIR_DEGREE component=pow_frame direct_bound=3 logup_bound=3 declared=3 candidate=false conservative=true
ETHEREUM_AIR_DEGREE component=relation_challenge direct_bound=2 logup_bound=3 declared=3 candidate=false conservative=true
ETHEREUM_AIR_DEGREE component=verifier_randomness direct_bound=2 logup_bound=3 declared=3 candidate=false conservative=true
ETHEREUM_AIR_DEGREE component=statement_input direct_bound=2 logup_bound=3 declared=4 candidate=false conservative=true
ETHEREUM_AIR_DEGREE component=statement_semantics_input direct_bound=3 logup_bound=3 declared=4 candidate=false conservative=true
ETHEREUM_AIR_DEGREE component=vm_public_claim_input direct_bound=3 logup_bound=3 declared=4 candidate=false conservative=true
ETHEREUM_AIR_DEGREE component=vm_public_claim_hash direct_bound=2 logup_bound=3 declared=3 candidate=false conservative=true
ETHEREUM_AIR_DEGREE component=vm_public_io_hash direct_bound=2 logup_bound=3 declared=3 candidate=false conservative=true
ETHEREUM_AIR_DEGREE component=vm_public_claim_semantics_input direct_bound=2 logup_bound=3 declared=3 candidate=false conservative=true
ETHEREUM_AIR_DEGREE component=vm_public_logup_input direct_bound=2 logup_bound=3 declared=3 candidate=false conservative=true
ETHEREUM_AIR_DEGREE component=vm_public_logup_control direct_bound=3 logup_bound=3 declared=4 candidate=false conservative=true
ETHEREUM_AIR_DEGREE component=vm_air_composition_input direct_bound=2 logup_bound=3 declared=3 candidate=false conservative=true
ETHEREUM_AIR_DEGREE component=vm_air_composition_control direct_bound=0 logup_bound=2 declared=3 candidate=false conservative=true
ETHEREUM_AIR_DEGREE component=query_bits direct_bound=2 logup_bound=3 declared=3 candidate=false conservative=true
ETHEREUM_AIR_DEGREE component=query_mapping direct_bound=2 logup_bound=3 declared=3 candidate=false conservative=true
ETHEREUM_AIR_DEGREE component=merkle_root direct_bound=2 logup_bound=3 declared=3 candidate=false conservative=true
ETHEREUM_AIR_DEGREE component=trace_merkle direct_bound=3 logup_bound=3 declared=3 candidate=false conservative=true
ETHEREUM_AIR_DEGREE component=pcs_deep_input direct_bound=3 logup_bound=3 declared=3 candidate=false conservative=true
ETHEREUM_AIR_DEGREE component=fri_merkle_leaf direct_bound=3 logup_bound=3 declared=3 candidate=false conservative=true
ETHEREUM_AIR_DEGREE component=fri_merkle_node direct_bound=2 logup_bound=3 declared=3 candidate=false conservative=true
ETHEREUM_AIR_DEGREE component=fri_merkle_anchor direct_bound=2 logup_bound=3 declared=3 candidate=false conservative=true
ETHEREUM_AIR_DEGREE component=fri_verifier_control direct_bound=2 logup_bound=3 declared=3 candidate=false conservative=true
ETHEREUM_AIR_DEGREE component=fri_verifier_input direct_bound=3 logup_bound=3 declared=3 candidate=false conservative=true
ETHEREUM_AIR_DEGREE component=qm31_mul direct_bound=2 logup_bound=3 declared=3 candidate=false conservative=true
ETHEREUM_AIR_DEGREE component=qm31_inv direct_bound=2 logup_bound=3 declared=3 candidate=false conservative=true
ETHEREUM_AIR_DEGREE component=linear_ops direct_bound=2 logup_bound=3 declared=3 candidate=false conservative=true
ETHEREUM_AIR_DEGREE component=merkle_path direct_bound=2 logup_bound=3 declared=3 candidate=false conservative=true
ETHEREUM_AIR_PARAMETER row=1 parameter=0 expected=1 actual=0
ETHEREUM_TYPED_POINT_PARITY component=vm_public_logup_control row=0 trace_log=3 eval_log=5
error: while executing test 'ethereum_typed_air_point_parity_v4.test.Ethereum typed AIR production composition geometry agrees', the following test command failed:
./.zig-cache/o/1f31783da4b3a15b0cc14bf64cbc30d1/test --cache-dir=./.zig-cache --seed=0x4cb857f3 --listen=-

Build Summary: 1/4 steps succeeded; 1 failed; 3/4 tests passed; 1 failed
test-ethereum-air-profile-preflight transitive failure
+- Ethereum AIR profile preflight guard transitive failure
   +- run test 3/4 passed, 1 failed
      +- compile test ReleaseSafe native success 23s MaxRSS:1G

error: the following build command failed with exit code 1:
.zig-cache/o/abc5c292c6c7e0ad565c58018894fd05/build /opt/homebrew/Cellar/zig/0.15.2/bin/zig /opt/homebrew/Cellar/zig/0.15.2/lib/zig /Users/theodorepender/Coding/stark-proving-engineering/stwo-zig/src/integrations/riscv_cpu .zig-cache /Users/theodorepender/.cache/zig --seed 0x4cb857f3 -Z0fc1ce13c2332026 --maxrss 25769803776 -j1 test-ethereum-air-profile-preflight -Doptimize=ReleaseSafe -Dethereum-proof-strip=true --summary all
