test-ethereum-statement-root-cohort-replay
+- saved Ethereum complete root cohort guard
   +- run test 0/1 passed, 1 failed
error: 'recursive_common_ethereum_incremental_leaf_universal_proof_v4_genuine_test.test.role0 saved Stage101 pair closes the complete statement-root cohort' failed: ETHEREUM_ROLE0_SAVED_WRAPPER_REPLAY excludes_stage101_proving=true
ETHEREUM_INCREMENTAL_ROLE0_PHASE phase=cold_open source=darwin_proc_pid_rusage_v6 wall_ns=47138846500 process_cpu_ns=49689606666 parallelism_milli=1054 peak_footprint_bytes=288310040 energy_nj=228199998198 instructions=1099480099959 cycles=197056937301 workers=1 host_byte_budget=8589934592
ETHEREUM_INCREMENTAL_ROLE0_PHASE phase=campaign source=darwin_proc_pid_rusage_v6 wall_ns=1268088625 process_cpu_ns=1267808500 parallelism_milli=999 peak_footprint_bytes=288310040 energy_nj=6447999943 instructions=27906744895 cycles=5031502783 workers=1 host_byte_budget=8589934592
ETHEREUM_INCREMENTAL_ROLE0_PHASE phase=materialize source=darwin_proc_pid_rusage_v6 wall_ns=5207154125 process_cpu_ns=5206503500 parallelism_milli=999 peak_footprint_bytes=1957038336 energy_nj=25433798591 instructions=86717674155 cycles=20667867631 workers=1 host_byte_budget=8589934592
ETHEREUM_INCREMENTAL_ROLE0_MATERIALIZE input_ns=39465208 public_ns=296405625 transcript_ns=137303542 profile_ns=43916 program_ns=68822375 prepare_ns=68423875 fri_ns=3858992542 seal_ns=39652833 total_ns=4509112125 nodes=540192 node_bytes=10803840 output_bytes=176 binding_bytes=2468976 schedule_bytes=8051316 evaluation_bytes=8643072 input_bytes=617244 claim_bytes=27296 schedule_compiles=1 graph_copies=0 workers=1
ETHEREUM_INCREMENTAL_ROLE0_ALLOCATOR phase=materialized-live allocations=74 bytes=856174946 peak=1893502489 allocated=3177384412 freed=2321209466 untracked=0
ETHEREUM_ROOT_COHORT phase=prepare begin=true
ETHEREUM_COHORT_RESOURCES phase=begin wall_ns=0 source=darwin_proc_pid_rusage_v6 lifetime_peak_footprint_bytes=17836570160 ledger_present=false ledger_len=0 ledger_capacity=0 tuple_record_bytes=136 ledger_used_bytes=0 ledger_capacity_bytes=0 ledger_bytes_overflow=false sampling_unavailable=none
ETHEREUM_COHORT_RESOURCES phase=geometry-ready wall_ns=26316029667 source=darwin_proc_pid_rusage_v6 lifetime_peak_footprint_bytes=17836570160 ledger_present=false ledger_len=0 ledger_capacity=0 tuple_record_bytes=136 ledger_used_bytes=0 ledger_capacity_bytes=0 ledger_bytes_overflow=false sampling_unavailable=none
ETHEREUM_COHORT_RESOURCES phase=prefix-components wall_ns=8846983750 source=darwin_proc_pid_rusage_v6 lifetime_peak_footprint_bytes=17836570160 ledger_present=false ledger_len=0 ledger_capacity=0 tuple_record_bytes=136 ledger_used_bytes=0 ledger_capacity_bytes=0 ledger_bytes_overflow=false sampling_unavailable=none
ETHEREUM_COHORT_RESOURCES phase=prefix-rows wall_ns=4349849166 source=darwin_proc_pid_rusage_v6 lifetime_peak_footprint_bytes=17836570160 ledger_present=false ledger_len=0 ledger_capacity=0 tuple_record_bytes=136 ledger_used_bytes=0 ledger_capacity_bytes=0 ledger_bytes_overflow=false sampling_unavailable=none
ETHEREUM_COHORT_RESOURCES phase=suffix-rows wall_ns=38906651334 source=darwin_proc_pid_rusage_v6 lifetime_peak_footprint_bytes=17836570160 ledger_present=false ledger_len=0 ledger_capacity=0 tuple_record_bytes=136 ledger_used_bytes=0 ledger_capacity_bytes=0 ledger_bytes_overflow=false sampling_unavailable=none
ETHEREUM_COHORT_RESOURCES phase=provider-main wall_ns=1893024958 source=darwin_proc_pid_rusage_v6 lifetime_peak_footprint_bytes=17836570160 ledger_present=false ledger_len=0 ledger_capacity=0 tuple_record_bytes=136 ledger_used_bytes=0 ledger_capacity_bytes=0 ledger_bytes_overflow=false sampling_unavailable=none
ETHEREUM_COHORT_RESOURCES phase=ledger-begin wall_ns=13667 source=darwin_proc_pid_rusage_v6 lifetime_peak_footprint_bytes=17836570160 ledger_present=true ledger_len=0 ledger_capacity=0 tuple_record_bytes=136 ledger_used_bytes=0 ledger_capacity_bytes=0 ledger_bytes_overflow=false sampling_unavailable=none
ETHEREUM_TUPLE_RESERVATION phase=before prefix_bound=3811136 suffix_bound=477786 native_bound=142943696 range_bound=65536 contribution_bound=147298154 bytes=20032548944
ETHEREUM_COHORT_RESOURCES phase=ledger-reserved wall_ns=1876420791 source=darwin_proc_pid_rusage_v6 lifetime_peak_footprint_bytes=36170541648 ledger_present=true ledger_len=0 ledger_capacity=147298154 tuple_record_bytes=136 ledger_used_bytes=0 ledger_capacity_bytes=20032548944 ledger_bytes_overflow=false sampling_unavailable=none
ETHEREUM_COHORT_RESOURCES phase=ledger-prefix wall_ns=2797825917 source=darwin_proc_pid_rusage_v6 lifetime_peak_footprint_bytes=36170689104 ledger_present=true ledger_len=944216 ledger_capacity=147298154 tuple_record_bytes=136 ledger_used_bytes=128413376 ledger_capacity_bytes=20032548944 ledger_bytes_overflow=false sampling_unavailable=none
ETHEREUM_COHORT_RESOURCES phase=ledger-suffix wall_ns=9956995625 source=darwin_proc_pid_rusage_v6 lifetime_peak_footprint_bytes=36173769344 ledger_present=true ledger_len=1108120 ledger_capacity=147298154 tuple_record_bytes=136 ledger_used_bytes=150704320 ledger_capacity_bytes=20032548944 ledger_bytes_overflow=false sampling_unavailable=none
ETHEREUM_COHORT_RESOURCES phase=ledger-native wall_ns=19126694542 source=darwin_proc_pid_rusage_v6 lifetime_peak_footprint_bytes=38094647232 ledger_present=true ledger_len=68814611 ledger_capacity=147298154 tuple_record_bytes=136 ledger_used_bytes=9358787096 ledger_capacity_bytes=20032548944 ledger_bytes_overflow=false sampling_unavailable=none
ETHEREUM_COHORT_RESOURCES phase=range-provider wall_ns=474827125 source=darwin_proc_pid_rusage_v6 lifetime_peak_footprint_bytes=38094647232 ledger_present=true ledger_len=68814611 ledger_capacity=147298154 tuple_record_bytes=136 ledger_used_bytes=9358787096 ledger_capacity_bytes=20032548944 ledger_bytes_overflow=false sampling_unavailable=none
ETHEREUM_COHORT_RESOURCES phase=ledger-range wall_ns=2831541 source=darwin_proc_pid_rusage_v6 lifetime_peak_footprint_bytes=38094647232 ledger_present=true ledger_len=68814696 ledger_capacity=147298154 tuple_record_bytes=136 ledger_used_bytes=9358798656 ledger_capacity_bytes=20032548944 ledger_bytes_overflow=false sampling_unavailable=none
ETHEREUM_TUPLE_RESERVATION phase=after contribution_bound=147298154 actual=68814696 unused=78483458 unused_bytes=10673750288 capacity=147298154
ETHEREUM_COHORT_RESOURCES phase=ledger-classified wall_ns=26478135000 source=darwin_proc_pid_rusage_v6 lifetime_peak_footprint_bytes=38094647232 ledger_present=true ledger_len=68814696 ledger_capacity=147298154 tuple_record_bytes=136 ledger_used_bytes=9358798656 ledger_capacity_bytes=20032548944 ledger_bytes_overflow=false sampling_unavailable=none
ETHEREUM_TUPLE_CLOSURE contributions=68814696 unmatched=458 by_domain={ 0, 0, 0, 0, 0, 0, 0, 0, 0, 0, 0, 0, 0, 0, 0, 0, 0, 0, 0, 0, 0, 0, 0, 0, 0, 8, 0, 0, 0, 450, 0, 0, 0, 0, 0, 0, 0, 0, 0, 0, 0, 0, 0, 0, 0, 0, 0 }
TUPLE_UNMATCHED domain=recursion_verifier_input_word hash=10a62ad531b419ada4cb61a54068902557f6bd25508ab7f058fa6c928ad8e151 residual={ .{ .v = 2147483646 }, .{ .v = 0 }, .{ .v = 0 }, .{ .v = 0 } } prefix={ .{ .v = 0 }, .{ .v = 0 }, .{ .v = 0 }, .{ .v = 0 } },{ .{ .v = 11 }, .{ .v = 0 }, .{ .v = 0 }, .{ .v = 0 } },{ .{ .v = 0 }, .{ .v = 0 }, .{ .v = 0 }, .{ .v = 0 } },{ .{ .v = 3 }, .{ .v = 0 }, .{ .v = 0 }, .{ .v = 0 } },{ .{ .v = 1340521741 }, .{ .v = 0 }, .{ .v = 0 }, .{ .v = 0 } }, contributions=1
  component=13 event=14 role=consume weight={ .{ .v = 2147483646 }, .{ .v = 0 }, .{ .v = 0 }, .{ .v = 0 } }
TUPLE_UNMATCHED domain=recursion_verifier_input_word hash=2283c4236738441282b327ce8401e1e1c6a2de6c8637e39cc0620f6e3f55fdc0 residual={ .{ .v = 2147483646 }, .{ .v = 0 }, .{ .v = 0 }, .{ .v = 0 } } prefix={ .{ .v = 0 }, .{ .v = 0 }, .{ .v = 0 }, .{ .v = 0 } },{ .{ .v = 11 }, .{ .v = 0 }, .{ .v = 0 }, .{ .v = 0 } },{ .{ .v = 0 }, .{ .v = 0 }, .{ .v = 0 }, .{ .v = 0 } },{ .{ .v = 5 }, .{ .v = 0 }, .{ .v = 0 }, .{ .v = 0 } },{ .{ .v = 1445303097 }, .{ .v = 0 }, .{ .v = 0 }, .{ .v = 0 } }, contributions=1
  component=13 event=16 role=consume weight={ .{ .v = 2147483646 }, .{ .v = 0 }, .{ .v = 0 }, .{ .v = 0 } }
TUPLE_UNMATCHED domain=recursion_verifier_input_word hash=40c117e17c80827078bb3b0d7fce082ebac44e52957d317c2d4fb3bd54df056a residual={ .{ .v = 2147483646 }, .{ .v = 0 }, .{ .v = 0 }, .{ .v = 0 } } prefix={ .{ .v = 0 }, .{ .v = 0 }, .{ .v = 0 }, .{ .v = 0 } },{ .{ .v = 11 }, .{ .v = 0 }, .{ .v = 0 }, .{ .v = 0 } },{ .{ .v = 0 }, .{ .v = 0 }, .{ .v = 0 }, .{ .v = 0 } },{ .{ .v = 0 }, .{ .v = 0 }, .{ .v = 0 }, .{ .v = 0 } },{ .{ .v = 1533646887 }, .{ .v = 0 }, .{ .v = 0 }, .{ .v = 0 } }, contributions=1
  component=13 event=11 role=consume weight={ .{ .v = 2147483646 }, .{ .v = 0 }, .{ .v = 0 }, .{ .v = 0 } }
TUPLE_UNMATCHED domain=recursion_statement_word hash=0126c1e8a0f24ac17e9281c7f9acd541b9d79bdd09d8ab0b61497f73aad4da80 residual={ .{ .v = 1 }, .{ .v = 0 }, .{ .v = 0 }, .{ .v = 0 } } prefix={ .{ .v = 4 }, .{ .v = 0 }, .{ .v = 0 }, .{ .v = 0 } },{ .{ .v = 341 }, .{ .v = 0 }, .{ .v = 0 }, .{ .v = 0 } },{ .{ .v = 0 }, .{ .v = 0 }, .{ .v = 0 }, .{ .v = 0 } }, contributions=3
  component=10 event=3 role=emit weight={ .{ .v = 1 }, .{ .v = 0 }, .{ .v = 0 }, .{ .v = 0 } }
  component=15 event=1 role=consume weight={ .{ .v = 2147483646 }, .{ .v = 0 }, .{ .v = 0 }, .{ .v = 0 } }
  component=17 event=5 role=emit weight={ .{ .v = 1 }, .{ .v = 0 }, .{ .v = 0 }, .{ .v = 0 } }
TUPLE_UNMATCHED domain=recursion_statement_word hash=01b9debfc6d5bca0bafe78dab66558f4dae79aaa8463882aa2aa95c8809b5ace residual={ .{ .v = 1 }, .{ .v = 0 }, .{ .v = 0 }, .{ .v = 0 } } prefix={ .{ .v = 4 }, .{ .v = 0 }, .{ .v = 0 }, .{ .v = 0 } },{ .{ .v = 421 }, .{ .v = 0 }, .{ .v = 0 }, .{ .v = 0 } },{ .{ .v = 1649047228 }, .{ .v = 0 }, .{ .v = 0 }, .{ .v = 0 } }, contributions=1
  component=17 event=5 role=emit weight={ .{ .v = 1 }, .{ .v = 0 }, .{ .v = 0 }, .{ .v = 0 } }
TUPLE_UNMATCHED domain=recursion_statement_word hash=01f83a7b1248116f4fc73fcaa3c19de45151d9329da7ad5c848eb5d0f1ec28a7 residual={ .{ .v = 1 }, .{ .v = 0 }, .{ .v = 0 }, .{ .v = 0 } } prefix={ .{ .v = 4 }, .{ .v = 0 }, .{ .v = 0 }, .{ .v = 0 } },{ .{ .v = 426 }, .{ .v = 0 }, .{ .v = 0 }, .{ .v = 0 } },{ .{ .v = 1695902528 }, .{ .v = 0 }, .{ .v = 0 }, .{ .v = 0 } }, contributions=1
  component=17 event=5 role=emit weight={ .{ .v = 1 }, .{ .v = 0 }, .{ .v = 0 }, .{ .v = 0 } }
ETHEREUM_COHORT_RESOURCES phase=ledger-failed wall_ns=218826875 source=darwin_proc_pid_rusage_v6 lifetime_peak_footprint_bytes=38094647232 ledger_present=true ledger_len=68814696 ledger_capacity=147298154 tuple_record_bytes=136 ledger_used_bytes=9358798656 ledger_capacity_bytes=20032548944 ledger_bytes_overflow=false sampling_unavailable=none
ETHEREUM_COHORT_RESOURCES phase=ledger-released wall_ns=1892421084 source=darwin_proc_pid_rusage_v6 lifetime_peak_footprint_bytes=38094647232 ledger_present=false ledger_len=0 ledger_capacity=0 tuple_record_bytes=136 ledger_used_bytes=0 ledger_capacity_bytes=0 ledger_bytes_overflow=false sampling_unavailable=none
ETHEREUM_INCREMENTAL_ROLE0_REQUEST outcome=failed
ETHEREUM_INCREMENTAL_ROLE0_PHASE phase=total source=darwin_proc_pid_rusage_v6 wall_ns=255244400250 process_cpu_ns=253925055125 parallelism_milli=994 peak_footprint_bytes=38094647232 energy_nj=1291028100297 instructions=4795515834117 cycles=1007227247331 workers=1 host_byte_budget=8589934592
ETHEREUM_ROLE0_SAVED_WRAPPER_STAGE=cohort error=EthereumIncrementalTupleNotClosedV4
error: while executing test 'recursive_common_ethereum_incremental_leaf_universal_proof_v4_genuine_test.test.role0 saved Stage101 pair closes the complete statement-root cohort', the following test command failed:
./.zig-cache/o/f79acb381a47696c69ff84aa018b138c/test --cache-dir=./.zig-cache --seed=0xe8abc2ce --listen=-

Build Summary: 1/4 steps succeeded; 1 failed; 0/1 tests passed; 1 failed
test-ethereum-statement-root-cohort-replay transitive failure
+- saved Ethereum complete root cohort guard transitive failure
   +- run test 0/1 passed, 1 failed
      +- compile test ReleaseSafe native success 1m MaxRSS:3G

error: the following build command failed with exit code 1:
.zig-cache/o/3bbb8097044be22a0598c1a6b28a8dd3/build /opt/homebrew/Cellar/zig/0.15.2/bin/zig /opt/homebrew/Cellar/zig/0.15.2/lib/zig /Users/theodorepender/Coding/stark-proving-engineering/stwo-zig/src/integrations/riscv_cpu .zig-cache /Users/theodorepender/.cache/zig --seed 0xe8abc2ce -Z92da414d16dee447 --maxrss 25769803776 -j1 test-ethereum-statement-root-cohort-replay -Doptimize=ReleaseSafe -Dethereum-proof-strip=true --summary all
