[zig_serial_build] another build holds /tmp/stwo-zig-build.lock; waiting
[zig_serial_build] acquired after 240s
test-recursive-common-fold-field-public-v2
+- run test
   +- compile test ReleaseSafe native 1 errors
recursive_common_fold_public_hash_v3.zig:22:12: error: type 'u8' cannot represent integer value '1000'
    return 1000 + @intFromEnum(phase);
           ^~~~
referenced by:
    init: recursive_common_fold_public_hash_v3.zig:69:136
    exercise__anon_2708: recursive_common_fold_public_hash_v3_test.zig:18:45
    1 reference(s) hidden; use '-freference-trace=3' to see all references
error: the following command failed with 1 compilation errors:
/opt/homebrew/Cellar/zig/0.15.2/bin/zig test -OReleaseSafe --dep stwo_core --dep stwo_cpu_backend --dep stwo_riscv_frontend --dep stwo_riscv_cpu_integration -Mroot=/Users/theodorepender/Coding/stark-proving-engineering/stwo-zig/src/integrations/riscv_cpu/recursive_common_fold_field_public_v2_test.zig -OReleaseSafe -Mstwo_core=/Users/theodorepender/Coding/stark-proving-engineering/stwo-zig/src/core/mod.zig -OReleaseSafe --dep stwo_core --dep stwo_backend_contracts --dep stwo_prover_engine -Mstwo_cpu_backend=/Users/theodorepender/Coding/stark-proving-engineering/stwo-zig/src/backends/cpu_scalar/mod.zig -OReleaseSafe --dep stwo_core --dep stwo_prover_api --dep stwo_prover_engine --dep interop_postcard --dep typed_air_artifacts --dep typed_air_h009_artifacts --dep typed_air_h010_artifacts -Mstwo_riscv_frontend=/Users/theodorepender/Coding/stark-proving-engineering/stwo-zig/src/frontends/riscv/mod.zig -OReleaseSafe --dep stwo_artifact_store --dep stwo_core --dep stwo_prover_api --dep stwo_prover_engine --dep stwo_cpu_backend --dep stwo_riscv_frontend --dep interop_postcard -Mstwo_riscv_cpu_integration=/Users/theodorepender/Coding/stark-proving-engineering/stwo-zig/src/integrations/riscv_cpu/mod.zig -OReleaseSafe --dep stwo_core -Mstwo_backend_contracts=/Users/theodorepender/Coding/stark-proving-engineering/stwo-zig/src/backend/mod.zig -OReleaseSafe --dep stwo_core --dep stwo_backend_contracts --dep stwo_prover_api -Mstwo_prover_engine=/Users/theodorepender/Coding/stark-proving-engineering/stwo-zig/src/prover/mod.zig -OReleaseSafe --dep stwo_core -Mstwo_prover_api=/Users/theodorepender/Coding/stark-proving-engineering/stwo-zig/src/prover_api/mod.zig -OReleaseSafe --dep stwo_core --dep stwo_proof_wire -Minterop_postcard=/Users/theodorepender/Coding/stark-proving-engineering/stwo-zig/src/interop/postcard.zig -OReleaseSafe -Mtyped_air_artifacts=/Users/theodorepender/Coding/stark-proving-engineering/stwo-zig/design/typed-air/artifacts/embedded.zig -OReleaseSafe -Mtyped_air_h009_artifacts=/Users/theodorepender/Coding/stark-proving-engineering/stwo-zig/design/typed-air/artifacts/h009_embedded.zig -OReleaseSafe -Mtyped_air_h010_artifacts=/Users/theodorepender/Coding/stark-proving-engineering/stwo-zig/design/typed-air/artifacts/h010_embedded.zig -OReleaseSafe -Mstwo_artifact_store=/Users/theodorepender/Coding/stark-proving-engineering/stwo-zig/src/artifact_store/mod.zig -OReleaseSafe --dep stwo_core -Mstwo_proof_wire=/Users/theodorepender/Coding/stark-proving-engineering/stwo-zig/src/interop/proof_wire/mod.zig --test-filter "common fold derives exact field parent and 116 Poseidon calls" --test-filter "common fold schedule rejects call child order and coordinate drift" --test-filter "suffix input producer is tuple-derived and policy rejects wrong role" --test-filter "field statement bridge rejects noncanonical limb aliases" --cache-dir .zig-cache --global-cache-dir /Users/theodorepender/.cache/zig --name test --zig-lib-dir /opt/homebrew/Cellar/zig/0.15.2/lib/zig/ --listen=-

Build Summary: 0/3 steps succeeded; 1 failed
test-recursive-common-fold-field-public-v2 transitive failure
+- run test transitive failure
   +- compile test ReleaseSafe native 1 errors

error: the following build command failed with exit code 1:
.zig-cache/o/8bda74839e0255df849331a477c60552/build /opt/homebrew/Cellar/zig/0.15.2/bin/zig /opt/homebrew/Cellar/zig/0.15.2/lib/zig /Users/theodorepender/Coding/stark-proving-engineering/stwo-zig/src/integrations/riscv_cpu .zig-cache /Users/theodorepender/.cache/zig --seed 0x15cc67db -Z0002bef52e49841a --maxrss 25769803776 -j1 test-recursive-common-fold-field-public-v2 -Doptimize=ReleaseSafe --summary all
