test-recursive-common-fold-transcript-source-v1
+- Common-fold parent transcript source guard
   +- run test stderr
SECURE_TRANSCRIPT_PHYSICAL_ROWS lanes=2 components=11 provider_calls=3298 alias_rejected=true undersized_rejected=true
SECURE_TRANSCRIPT_SEMANTIC_JOIN tuples=70044 unmatched_challenges=0 unmatched_randomness=0 unmatched_proof_inputs=0 unmatched_control=0
FIELD_STATEMENT_BRIDGE_JOIN contributions=5248 unmatched=0 canonical_words=900
SECURE_TRANSCRIPT_SEMANTIC_JOIN tuples=70044 unmatched_challenges=0 unmatched_randomness=0 unmatched_proof_inputs=2 unmatched_control=0
SECURE_TRANSCRIPT_SEMANTIC_JOIN tuples=70044 unmatched_challenges=0 unmatched_randomness=2 unmatched_proof_inputs=0 unmatched_control=0
SECURE_TRANSCRIPT_SEMANTIC_JOIN tuples=70044 unmatched_challenges=0 unmatched_randomness=0 unmatched_proof_inputs=0 unmatched_control=2
test-recursive-common-canonical-empty-universal-v2-proof
+- Canonical-empty universal q193 proof identity guard
   +- run test stderr
CANONICAL_EMPTY_REUSE_AB proof_sha=23da5f591218aab54cf8f04f646e045195349d9b1674e641c5b80f702419f468 capture_sha=1251c5325be690bcb807d1590a66b303ec984fd02452453288965b4eb6606cc9 preprocessed_root={ 954990678, 2121991109, 170329451, 1328292063, 1455115890, 189563844, 788180061, 1542255950 } prove_ns=1360382584 prove_fresh_verify_ns=555200042 cold_open_total_ns=620628875 baseline_ns=1560076042 optimized_ns=5349583 reduction_bps=9965 q193_ns=408098125 replay_ns=87630166 graph_ns=76104292 cache_hits=3 cache_misses=1 cache_lookup_ns=132951792 cache_rebuild_ns=132948542
SECURE_TRANSCRIPT_PHYSICAL_ROWS lanes=2 components=11 provider_calls=3298 alias_rejected=true undersized_rejected=true
SECURE_TRANSCRIPT_AIR_ROWS control=174 sponge=1649 binding=1649 state=176 word=11784 pow=2 challenges=47 randomness=32 lanes=2
SECURE_TRANSCRIPT_SHARED_RECORDING record_ns=69921666 extra_preprocessed_lookups=0
SECURE_REPLAY_RECORDING operations=174 frames=176 permutations=1649 words=12344 queries=193
CANONICAL_EMPTY_Q193_STAGE=wrapper.cold-decode error=InvalidSecureTemporalParentArtifact
test-recursive-common-fold-field-public-v2
+- run test stderr
FIELD_STATEMENT_BRIDGE_DIGEST=c2c67855ae1f62a00d657887d92d7db711282a085fed9c87e32677f5c97d4716

Build Summary: 11/11 steps succeeded; 6/6 tests passed
test-recursive-common-fold-transcript-source-v1 success
+- Common-fold parent transcript source guard success
   +- run test 1 passed 17s MaxRSS:1G
      +- compile test ReleaseSafe native success 1m MaxRSS:3G
test-recursive-common-fold-field-public-v2 success
+- run test 4 passed 267ms MaxRSS:2M
   +- compile test ReleaseSafe native success 7s MaxRSS:685M
test-recursive-common-canonical-empty-universal-v2-proof success
+- Canonical-empty universal q193 proof identity guard success
   +- run test 1 passed 11s MaxRSS:87M
      +- compile test ReleaseSafe native success 1m MaxRSS:3G

