test-recursive-common-canonical-empty-universal-v2-proof
+- Canonical-empty universal q193 proof identity guard
   +- run test stderr
CANONICAL_EMPTY_REUSE_AB proof_sha=23da5f591218aab54cf8f04f646e045195349d9b1674e641c5b80f702419f468 capture_sha=1251c5325be690bcb807d1590a66b303ec984fd02452453288965b4eb6606cc9 preprocessed_root={ 954990678, 2121991109, 170329451, 1328292063, 1455115890, 189563844, 788180061, 1542255950 } prove_ns=1357838875 prove_fresh_verify_ns=558451042 cold_open_total_ns=625035542 baseline_ns=1575083792 optimized_ns=5426958 reduction_bps=9965 q193_ns=412213875 replay_ns=87657708 graph_ns=76417333 cache_hits=3 cache_misses=1 cache_lookup_ns=133414084 cache_rebuild_ns=133410833
SECURE_TRANSCRIPT_PHYSICAL_ROWS lanes=2 components=13 provider_calls=3298 alias_rejected=true undersized_rejected=true
SECURE_TRANSCRIPT_AIR_ROWS control=174 sponge=1649 binding=1649 state=176 word=11784 pow=2 challenges=47 randomness=32 lanes=2
SECURE_TRANSCRIPT_SHARED_RECORDING record_ns=70181917 extra_preprocessed_lookups=0
SECURE_REPLAY_RECORDING operations=174 frames=176 permutations=1649 words=12344 queries=193
CANONICAL_EMPTY_Q193_STAGE=wrapper.cold-decode error=InvalidSecureTemporalParentArtifact
test-recursive-common-fold-transcript-program-v1
+- Common-fold transcript program proof identity guard
   +- run test stderr
SECURE_TRANSCRIPT_PHYSICAL_ROWS lanes=2 components=13 provider_calls=3298 alias_rejected=true undersized_rejected=true
SECURE_TRANSCRIPT_AIR_ROWS control=174 sponge=1649 binding=1649 state=176 word=11784 pow=2 challenges=47 randomness=32 lanes=2
COMMON_FOLD_STATEMENT_PROVIDER words=900 range_requests=3564 native_statement_boundary=false statement_fold_air=true
COMMON_FOLD_TRANSCRIPT_PROGRAM operations=182 frames=184 permutations=1671 queries=193

Build Summary: 8/8 steps succeeded; 2/2 tests passed
test-recursive-common-fold-transcript-program-v1 success
+- Common-fold transcript program proof identity guard success
   +- run test 1 passed 12m MaxRSS:9G
      +- compile test ReleaseSafe native success 1m MaxRSS:4G
test-recursive-common-canonical-empty-universal-v2-proof success
+- Canonical-empty universal q193 proof identity guard success
   +- run test 1 passed 11s MaxRSS:87M
      +- compile test ReleaseSafe native success 1m MaxRSS:3G

