test-recursive-common-fold-transcript-source-v1
+- Common-fold parent transcript source guard
   +- run test
      +- compile test ReleaseSafe native 1 errors
recursive_common_fold_catalog_v3.zig:6:18: error: value stored in comptime field does not match the default value of the field
    rows[12].Air = air.field_statement_word_v3;
    ~~~~~~~~~~~~~^~~~~~~~~~~~~~~~~~~~~~~~~~~~~
referenced by:
    LogicalOwnersType [inlined]: recursive_common_fold_secure_cohort_v2.zig:929:24
    CohortForLiveV2 [inlined]: recursive_common_fold_secure_cohort_v2.zig:95:44
    SecureCohort: recursive_common_fold_q193_bootstrap_v2.zig:481:55
    2 reference(s) hidden; use '-freference-trace=5' to see all references
error: the following command failed with 1 compilation errors:
/opt/homebrew/Cellar/zig/0.15.2/bin/zig test -OReleaseSafe --dep stwo_core --dep stwo_cpu_backend --dep stwo_riscv_frontend --dep stwo_riscv_cpu_integration --dep stwo_artifact_store --dep stwo_prover_api --dep stwo_prover_engine --dep interop_postcard -Mroot=/Users/theodorepender/Coding/stark-proving-engineering/stwo-zig/src/integrations/riscv_cpu/recursive_common_fold_q193_bootstrap_v2_test.zig -OReleaseSafe -Mstwo_core=/Users/theodorepender/Coding/stark-proving-engineering/stwo-zig/src/core/mod.zig -OReleaseSafe --dep stwo_core --dep stwo_backend_contracts --dep stwo_prover_engine -Mstwo_cpu_backend=/Users/theodorepender/Coding/stark-proving-engineering/stwo-zig/src/backends/cpu_scalar/mod.zig -OReleaseSafe --dep stwo_core --dep stwo_prover_api --dep stwo_prover_engine --dep interop_postcard --dep typed_air_artifacts --dep typed_air_h009_artifacts --dep typed_air_h010_artifacts -Mstwo_riscv_frontend=/Users/theodorepender/Coding/stark-proving-engineering/stwo-zig/src/frontends/riscv/mod.zig -OReleaseSafe --dep stwo_artifact_store --dep stwo_core --dep stwo_prover_api --dep stwo_prover_engine --dep stwo_cpu_backend --dep stwo_riscv_frontend --dep interop_postcard -Mstwo_riscv_cpu_integration=/Users/theodorepender/Coding/stark-proving-engineering/stwo-zig/src/integrations/riscv_cpu/mod.zig -OReleaseSafe -Mstwo_artifact_store=/Users/theodorepender/Coding/stark-proving-engineering/stwo-zig/src/artifact_store/mod.zig -OReleaseSafe --dep stwo_core -Mstwo_prover_api=/Users/theodorepender/Coding/stark-proving-engineering/stwo-zig/src/prover_api/mod.zig -OReleaseSafe --dep stwo_core --dep stwo_backend_contracts --dep stwo_prover_api -Mstwo_prover_engine=/Users/theodorepender/Coding/stark-proving-engineering/stwo-zig/src/prover/mod.zig -OReleaseSafe --dep stwo_core --dep stwo_proof_wire -Minterop_postcard=/Users/theodorepender/Coding/stark-proving-engineering/stwo-zig/src/interop/postcard.zig -OReleaseSafe --dep stwo_core -Mstwo_backend_contracts=/Users/theodorepender/Coding/stark-proving-engineering/stwo-zig/src/backend/mod.zig -OReleaseSafe -Mtyped_air_artifacts=/Users/theodorepender/Coding/stark-proving-engineering/stwo-zig/design/typed-air/artifacts/embedded.zig -OReleaseSafe -Mtyped_air_h009_artifacts=/Users/theodorepender/Coding/stark-proving-engineering/stwo-zig/design/typed-air/artifacts/h009_embedded.zig -OReleaseSafe -Mtyped_air_h010_artifacts=/Users/theodorepender/Coding/stark-proving-engineering/stwo-zig/design/typed-air/artifacts/h010_embedded.zig -OReleaseSafe --dep stwo_core -Mstwo_proof_wire=/Users/theodorepender/Coding/stark-proving-engineering/stwo-zig/src/interop/proof_wire/mod.zig --test-filter "common-fold parent owns both child transcript lanes" --cache-dir .zig-cache --global-cache-dir /Users/theodorepender/.cache/zig --name test --zig-lib-dir /opt/homebrew/Cellar/zig/0.15.2/lib/zig/ --listen=-
check-recursive-common-fold-q193-bootstrap-v2
+- compile test ReleaseSafe native 1 errors
recursive_common_fold_catalog_v3.zig:6:18: error: value stored in comptime field does not match the default value of the field
    rows[12].Air = air.field_statement_word_v3;
    ~~~~~~~~~~~~~^~~~~~~~~~~~~~~~~~~~~~~~~~~~~
referenced by:
    LogicalOwnersType [inlined]: recursive_common_fold_secure_cohort_v2.zig:929:24
    CohortForLiveV2 [inlined]: recursive_common_fold_secure_cohort_v2.zig:95:44
    SecureCohort: recursive_common_fold_q193_bootstrap_v2.zig:481:55
    2 reference(s) hidden; use '-freference-trace=5' to see all references
error: the following command failed with 1 compilation errors:
/opt/homebrew/Cellar/zig/0.15.2/bin/zig test -OReleaseSafe --dep stwo_core --dep stwo_cpu_backend --dep stwo_riscv_frontend --dep stwo_riscv_cpu_integration --dep stwo_artifact_store --dep stwo_prover_api --dep stwo_prover_engine --dep interop_postcard -Mroot=/Users/theodorepender/Coding/stark-proving-engineering/stwo-zig/src/integrations/riscv_cpu/recursive_common_fold_q193_bootstrap_v2_test.zig -OReleaseSafe -Mstwo_core=/Users/theodorepender/Coding/stark-proving-engineering/stwo-zig/src/core/mod.zig -OReleaseSafe --dep stwo_core --dep stwo_backend_contracts --dep stwo_prover_engine -Mstwo_cpu_backend=/Users/theodorepender/Coding/stark-proving-engineering/stwo-zig/src/backends/cpu_scalar/mod.zig -OReleaseSafe --dep stwo_core --dep stwo_prover_api --dep stwo_prover_engine --dep interop_postcard --dep typed_air_artifacts --dep typed_air_h009_artifacts --dep typed_air_h010_artifacts -Mstwo_riscv_frontend=/Users/theodorepender/Coding/stark-proving-engineering/stwo-zig/src/frontends/riscv/mod.zig -OReleaseSafe --dep stwo_artifact_store --dep stwo_core --dep stwo_prover_api --dep stwo_prover_engine --dep stwo_cpu_backend --dep stwo_riscv_frontend --dep interop_postcard -Mstwo_riscv_cpu_integration=/Users/theodorepender/Coding/stark-proving-engineering/stwo-zig/src/integrations/riscv_cpu/mod.zig -OReleaseSafe -Mstwo_artifact_store=/Users/theodorepender/Coding/stark-proving-engineering/stwo-zig/src/artifact_store/mod.zig -OReleaseSafe --dep stwo_core -Mstwo_prover_api=/Users/theodorepender/Coding/stark-proving-engineering/stwo-zig/src/prover_api/mod.zig -OReleaseSafe --dep stwo_core --dep stwo_backend_contracts --dep stwo_prover_api -Mstwo_prover_engine=/Users/theodorepender/Coding/stark-proving-engineering/stwo-zig/src/prover/mod.zig -OReleaseSafe --dep stwo_core --dep stwo_proof_wire -Minterop_postcard=/Users/theodorepender/Coding/stark-proving-engineering/stwo-zig/src/interop/postcard.zig -OReleaseSafe --dep stwo_core -Mstwo_backend_contracts=/Users/theodorepender/Coding/stark-proving-engineering/stwo-zig/src/backend/mod.zig -OReleaseSafe -Mtyped_air_artifacts=/Users/theodorepender/Coding/stark-proving-engineering/stwo-zig/design/typed-air/artifacts/embedded.zig -OReleaseSafe -Mtyped_air_h009_artifacts=/Users/theodorepender/Coding/stark-proving-engineering/stwo-zig/design/typed-air/artifacts/h009_embedded.zig -OReleaseSafe -Mtyped_air_h010_artifacts=/Users/theodorepender/Coding/stark-proving-engineering/stwo-zig/design/typed-air/artifacts/h010_embedded.zig -OReleaseSafe --dep stwo_core -Mstwo_proof_wire=/Users/theodorepender/Coding/stark-proving-engineering/stwo-zig/src/interop/proof_wire/mod.zig --test-filter "nonproduction common-fold q193 bootstrap preserves canonical child artifact ownership" --cache-dir .zig-cache --global-cache-dir /Users/theodorepender/.cache/zig --name test --zig-lib-dir /opt/homebrew/Cellar/zig/0.15.2/lib/zig/ --listen=-
test-recursive-common-fold-field-public-v2
+- run test stderr
FIELD_STATEMENT_BRIDGE_DIGEST=c2c67855ae1f62a00d657887d92d7db711282a085fed9c87e32677f5c97d4716

Build Summary: 3/9 steps succeeded; 2 failed; 4/4 tests passed
test-recursive-common-fold-transcript-source-v1 transitive failure
+- Common-fold parent transcript source guard transitive failure
   +- run test transitive failure
      +- compile test ReleaseSafe native 1 errors
test-recursive-common-fold-field-public-v2 success
+- run test 4 passed 651ms MaxRSS:2M
   +- compile test ReleaseSafe native success 7s MaxRSS:680M
check-recursive-common-fold-q193-bootstrap-v2 transitive failure
+- compile test ReleaseSafe native 1 errors

error: the following build command failed with exit code 1:
.zig-cache/o/8bda74839e0255df849331a477c60552/build /opt/homebrew/Cellar/zig/0.15.2/bin/zig /opt/homebrew/Cellar/zig/0.15.2/lib/zig /Users/theodorepender/Coding/stark-proving-engineering/stwo-zig/src/integrations/riscv_cpu .zig-cache /Users/theodorepender/.cache/zig --seed 0x9a54afa5 -Zf5754fc3c672a24b --maxrss 25769803776 -j1 test-recursive-common-fold-transcript-source-v1 test-recursive-common-fold-field-public-v2 check-recursive-common-fold-q193-bootstrap-v2 -Doptimize=ReleaseSafe --summary all
