[zig_serial_build] another build holds /tmp/stwo-zig-build.lock; waiting
[zig_serial_build] acquired after 518s
test-recursive-common-canonical-empty-universal-v2-proof
+- Canonical-empty universal q193 proof identity guard
   +- run test stderr
CANONICAL_EMPTY_REUSE_AB proof_sha=23da5f591218aab54cf8f04f646e045195349d9b1674e641c5b80f702419f468 capture_sha=7b99da9af9acf83249d53f2ed41a9f750c70fd52647fb6d1d4c693e48395f6fd preprocessed_root={ 954990678, 2121991109, 170329451, 1328292063, 1455115890, 189563844, 788180061, 1542255950 } prove_ns=1357537084 prove_fresh_verify_ns=557561792 cold_open_total_ns=626249667 baseline_ns=1576497917 optimized_ns=5527875 reduction_bps=9964 q193_ns=411875750 replay_ns=88491458 graph_ns=76895792 cache_hits=3 cache_misses=1 cache_lookup_ns=132352166 cache_rebuild_ns=132348875
SECURE_TRANSCRIPT_PHYSICAL_ROWS lanes=2 components=18 provider_calls=3298 alias_rejected=true undersized_rejected=true
SECURE_TRANSCRIPT_AIR_ROWS control=174 sponge=1649 binding=1649 state=176 word=11784 pow=2 challenges=47 randomness=32 lanes=2
SECURE_TRANSCRIPT_SHARED_RECORDING record_ns=71117083 extra_preprocessed_lookups=0
SECURE_REPLAY_RECORDING operations=174 frames=176 permutations=1649 words=12344 queries=193
CANONICAL_EMPTY_Q193_STAGE=wrapper.cold-decode error=InvalidSecureTemporalParentArtifact
test-recursive-common-fold-transcript-source-v1
+- Common-fold parent transcript source guard
   +- run test stderr
SECURE_TRANSCRIPT_PHYSICAL_ROWS lanes=2 components=18 provider_calls=3298 alias_rejected=true undersized_rejected=true
SECURE_TRANSCRIPT_SEMANTIC_JOIN tuples=70044 unmatched_challenges=0 unmatched_randomness=0 unmatched_proof_inputs=0 unmatched_control=0
FIELD_STATEMENT_BRIDGE_JOIN contributions=7860 unmatched=0 canonical_words=900
FIELD_STATEMENT_BRIDGE_JOIN contributions=7860 unmatched=2 canonical_words=900
COMPOSITION_STATEMENT_BINDING words=824 literal_graph_checks=false changed_input_rejected=true
SECURE_TRANSCRIPT_SEMANTIC_JOIN tuples=70044 unmatched_challenges=0 unmatched_randomness=0 unmatched_proof_inputs=2 unmatched_control=0
SECURE_TRANSCRIPT_SEMANTIC_JOIN tuples=70044 unmatched_challenges=0 unmatched_randomness=2 unmatched_proof_inputs=0 unmatched_control=0
SECURE_TRANSCRIPT_SEMANTIC_JOIN tuples=70044 unmatched_challenges=0 unmatched_randomness=0 unmatched_proof_inputs=0 unmatched_control=2
COMMON_FOLD_COMPONENT_ADMISSION components=36 reserved_row_10_inactive=true

Build Summary: 10/10 steps succeeded; 2/2 tests passed
test-recursive-common-fold-transcript-source-v1 success
+- Common-fold parent transcript source guard success
   +- run test 1 passed 48s MaxRSS:5G
      +- compile test ReleaseSafe native success 1m MaxRSS:4G
test-recursive-common-canonical-empty-universal-v2-proof success
+- Canonical-empty universal q193 proof identity guard success
   +- run test 1 passed 11s MaxRSS:87M
      +- compile test ReleaseSafe native success 1m MaxRSS:3G
check-recursive-common-fold-q193-bootstrap-v2 success
+- compile test ReleaseSafe native success 1m MaxRSS:5G

