check-recursive-common-fold-transcript-replay-v1
+- compile test ReleaseSafe native 1 errors
/Users/theodorepender/Coding/stark-proving-engineering/stwo-zig/src/frontends/riscv/recursion/air/composition_circuit_reference.zig:586:78: error: expected type 'u32', found 'usize'
        .field_public_word => |word_index| .{ statement.CANONICAL_WORD_COUNT + word_index, 0 },
                                              ~~~~~~~~~~~~~~~~~~~~~~~~~~~~~~~^~~~~~~~~~~~
/Users/theodorepender/Coding/stark-proving-engineering/stwo-zig/src/frontends/riscv/recursion/air/composition_circuit_reference.zig:586:78: note: unsigned 32-bit int cannot represent all possible unsigned 64-bit values
referenced by:
    hashRecursionSource__anon_110602: /Users/theodorepender/Coding/stark-proving-engineering/stwo-zig/src/frontends/riscv/recursion/air/composition_circuit_reference.zig:638:43
    computeReferenceDigest: /Users/theodorepender/Coding/stark-proving-engineering/stwo-zig/src/frontends/riscv/recursion/air/composition_circuit_reference.zig:358:32
    8 reference(s) hidden; use '-freference-trace=10' to see all references
error: the following command failed with 1 compilation errors:
/opt/homebrew/Cellar/zig/0.15.2/bin/zig test -OReleaseSafe --dep stwo_core --dep stwo_cpu_backend --dep stwo_riscv_frontend --dep stwo_riscv_cpu_integration --dep stwo_artifact_store --dep stwo_prover_api --dep stwo_prover_engine --dep interop_postcard -Mroot=/Users/theodorepender/Coding/stark-proving-engineering/stwo-zig/src/integrations/riscv_cpu/recursive_common_fold_q193_bootstrap_v2_test.zig -OReleaseSafe -Mstwo_core=/Users/theodorepender/Coding/stark-proving-engineering/stwo-zig/src/core/mod.zig -OReleaseSafe --dep stwo_core --dep stwo_backend_contracts --dep stwo_prover_engine -Mstwo_cpu_backend=/Users/theodorepender/Coding/stark-proving-engineering/stwo-zig/src/backends/cpu_scalar/mod.zig -OReleaseSafe --dep stwo_core --dep stwo_prover_api --dep stwo_prover_engine --dep interop_postcard --dep typed_air_artifacts --dep typed_air_h009_artifacts --dep typed_air_h010_artifacts -Mstwo_riscv_frontend=/Users/theodorepender/Coding/stark-proving-engineering/stwo-zig/src/frontends/riscv/mod.zig -OReleaseSafe --dep stwo_artifact_store --dep stwo_core --dep stwo_prover_api --dep stwo_prover_engine --dep stwo_cpu_backend --dep stwo_riscv_frontend --dep interop_postcard -Mstwo_riscv_cpu_integration=/Users/theodorepender/Coding/stark-proving-engineering/stwo-zig/src/integrations/riscv_cpu/mod.zig -OReleaseSafe -Mstwo_artifact_store=/Users/theodorepender/Coding/stark-proving-engineering/stwo-zig/src/artifact_store/mod.zig -OReleaseSafe --dep stwo_core -Mstwo_prover_api=/Users/theodorepender/Coding/stark-proving-engineering/stwo-zig/src/prover_api/mod.zig -OReleaseSafe --dep stwo_core --dep stwo_backend_contracts --dep stwo_prover_api -Mstwo_prover_engine=/Users/theodorepender/Coding/stark-proving-engineering/stwo-zig/src/prover/mod.zig -OReleaseSafe --dep stwo_core --dep stwo_proof_wire -Minterop_postcard=/Users/theodorepender/Coding/stark-proving-engineering/stwo-zig/src/interop/postcard.zig -OReleaseSafe --dep stwo_core -Mstwo_backend_contracts=/Users/theodorepender/Coding/stark-proving-engineering/stwo-zig/src/backend/mod.zig -OReleaseSafe -Mtyped_air_artifacts=/Users/theodorepender/Coding/stark-proving-engineering/stwo-zig/design/typed-air/artifacts/embedded.zig -OReleaseSafe -Mtyped_air_h009_artifacts=/Users/theodorepender/Coding/stark-proving-engineering/stwo-zig/design/typed-air/artifacts/h009_embedded.zig -OReleaseSafe -Mtyped_air_h010_artifacts=/Users/theodorepender/Coding/stark-proving-engineering/stwo-zig/design/typed-air/artifacts/h010_embedded.zig -OReleaseSafe --dep stwo_core -Mstwo_proof_wire=/Users/theodorepender/Coding/stark-proving-engineering/stwo-zig/src/interop/proof_wire/mod.zig --test-filter "retained common-fold proof replays through the current cold verifier" --cache-dir .zig-cache --global-cache-dir /Users/theodorepender/.cache/zig --name test --zig-lib-dir /opt/homebrew/Cellar/zig/0.15.2/lib/zig/ --listen=-
test-recursive-common-fold-transcript-source-v1
+- Common-fold parent transcript source guard
   +- run test
      +- compile test ReleaseSafe native 1 errors
/Users/theodorepender/Coding/stark-proving-engineering/stwo-zig/src/frontends/riscv/recursion/air/composition_circuit_reference.zig:586:78: error: expected type 'u32', found 'usize'
        .field_public_word => |word_index| .{ statement.CANONICAL_WORD_COUNT + word_index, 0 },
                                              ~~~~~~~~~~~~~~~~~~~~~~~~~~~~~~~^~~~~~~~~~~~
/Users/theodorepender/Coding/stark-proving-engineering/stwo-zig/src/frontends/riscv/recursion/air/composition_circuit_reference.zig:586:78: note: unsigned 32-bit int cannot represent all possible unsigned 64-bit values
referenced by:
    hashRecursionSource__anon_109682: /Users/theodorepender/Coding/stark-proving-engineering/stwo-zig/src/frontends/riscv/recursion/air/composition_circuit_reference.zig:638:43
    computeReferenceDigest: /Users/theodorepender/Coding/stark-proving-engineering/stwo-zig/src/frontends/riscv/recursion/air/composition_circuit_reference.zig:358:32
    6 reference(s) hidden; use '-freference-trace=8' to see all references
error: the following command failed with 1 compilation errors:
/opt/homebrew/Cellar/zig/0.15.2/bin/zig test -OReleaseSafe --dep stwo_core --dep stwo_cpu_backend --dep stwo_riscv_frontend --dep stwo_riscv_cpu_integration --dep stwo_artifact_store --dep stwo_prover_api --dep stwo_prover_engine --dep interop_postcard -Mroot=/Users/theodorepender/Coding/stark-proving-engineering/stwo-zig/src/integrations/riscv_cpu/recursive_common_fold_q193_bootstrap_v2_test.zig -OReleaseSafe -Mstwo_core=/Users/theodorepender/Coding/stark-proving-engineering/stwo-zig/src/core/mod.zig -OReleaseSafe --dep stwo_core --dep stwo_backend_contracts --dep stwo_prover_engine -Mstwo_cpu_backend=/Users/theodorepender/Coding/stark-proving-engineering/stwo-zig/src/backends/cpu_scalar/mod.zig -OReleaseSafe --dep stwo_core --dep stwo_prover_api --dep stwo_prover_engine --dep interop_postcard --dep typed_air_artifacts --dep typed_air_h009_artifacts --dep typed_air_h010_artifacts -Mstwo_riscv_frontend=/Users/theodorepender/Coding/stark-proving-engineering/stwo-zig/src/frontends/riscv/mod.zig -OReleaseSafe --dep stwo_artifact_store --dep stwo_core --dep stwo_prover_api --dep stwo_prover_engine --dep stwo_cpu_backend --dep stwo_riscv_frontend --dep interop_postcard -Mstwo_riscv_cpu_integration=/Users/theodorepender/Coding/stark-proving-engineering/stwo-zig/src/integrations/riscv_cpu/mod.zig -OReleaseSafe -Mstwo_artifact_store=/Users/theodorepender/Coding/stark-proving-engineering/stwo-zig/src/artifact_store/mod.zig -OReleaseSafe --dep stwo_core -Mstwo_prover_api=/Users/theodorepender/Coding/stark-proving-engineering/stwo-zig/src/prover_api/mod.zig -OReleaseSafe --dep stwo_core --dep stwo_backend_contracts --dep stwo_prover_api -Mstwo_prover_engine=/Users/theodorepender/Coding/stark-proving-engineering/stwo-zig/src/prover/mod.zig -OReleaseSafe --dep stwo_core --dep stwo_proof_wire -Minterop_postcard=/Users/theodorepender/Coding/stark-proving-engineering/stwo-zig/src/interop/postcard.zig -OReleaseSafe --dep stwo_core -Mstwo_backend_contracts=/Users/theodorepender/Coding/stark-proving-engineering/stwo-zig/src/backend/mod.zig -OReleaseSafe -Mtyped_air_artifacts=/Users/theodorepender/Coding/stark-proving-engineering/stwo-zig/design/typed-air/artifacts/embedded.zig -OReleaseSafe -Mtyped_air_h009_artifacts=/Users/theodorepender/Coding/stark-proving-engineering/stwo-zig/design/typed-air/artifacts/h009_embedded.zig -OReleaseSafe -Mtyped_air_h010_artifacts=/Users/theodorepender/Coding/stark-proving-engineering/stwo-zig/design/typed-air/artifacts/h010_embedded.zig -OReleaseSafe --dep stwo_core -Mstwo_proof_wire=/Users/theodorepender/Coding/stark-proving-engineering/stwo-zig/src/interop/proof_wire/mod.zig --test-filter "common-fold parent owns both child transcript lanes" --cache-dir .zig-cache --global-cache-dir /Users/theodorepender/.cache/zig --name test --zig-lib-dir /opt/homebrew/Cellar/zig/0.15.2/lib/zig/ --listen=-

Build Summary: 0/6 steps succeeded; 2 failed
test-recursive-common-fold-transcript-source-v1 transitive failure
+- Common-fold parent transcript source guard transitive failure
   +- run test transitive failure
      +- compile test ReleaseSafe native 1 errors
check-recursive-common-fold-transcript-replay-v1 transitive failure
+- compile test ReleaseSafe native 1 errors

error: the following build command failed with exit code 1:
.zig-cache/o/843d5e9ed195118664d20eb1051fc395/build /opt/homebrew/Cellar/zig/0.15.2/bin/zig /opt/homebrew/Cellar/zig/0.15.2/lib/zig /Users/theodorepender/Coding/stark-proving-engineering/stwo-zig/src/integrations/riscv_cpu .zig-cache /Users/theodorepender/.cache/zig --seed 0xdeeddbee -Z6d388d6fd700abac --maxrss 25769803776 -j1 test-recursive-common-fold-transcript-source-v1 check-recursive-common-fold-transcript-replay-v1 -Doptimize=ReleaseSafe --summary all
