test-recursive-common-fold-transcript-source-v1
+- Common-fold parent transcript source guard
   +- run test 0/1 passed, 1 failed
error: 'recursive_common_fold_q193_bootstrap_v2_test.test.common-fold parent owns both child transcript lanes' failed: SECURE_TRANSCRIPT_PHYSICAL_ROWS lanes=2 components=18 provider_calls=3298 alias_rejected=true undersized_rejected=true
SECURE_TRANSCRIPT_SEMANTIC_JOIN tuples=70052 unmatched_challenges=0 unmatched_randomness=0 unmatched_proof_inputs=8 unmatched_control=0
error: while executing test 'recursive_common_fold_q193_bootstrap_v2_test.test.common-fold parent owns both child transcript lanes', the following test command failed:
./.zig-cache/o/27549ba52802bcead602aba5dd20bd75/test --cache-dir=./.zig-cache --seed=0xe8b91407 --listen=-
test-recursive-common-canonical-empty-universal-v2-proof
+- Canonical-empty universal q193 proof identity guard
   +- run test stderr
CANONICAL_EMPTY_REUSE_AB proof_sha=23da5f591218aab54cf8f04f646e045195349d9b1674e641c5b80f702419f468 capture_sha=7b99da9af9acf83249d53f2ed41a9f750c70fd52647fb6d1d4c693e48395f6fd preprocessed_root={ 954990678, 2121991109, 170329451, 1328292063, 1455115890, 189563844, 788180061, 1542255950 } prove_ns=1356685083 prove_fresh_verify_ns=555790500 cold_open_total_ns=622733416 baseline_ns=1565602084 optimized_ns=5301500 reduction_bps=9966 q193_ns=410771125 replay_ns=87567084 graph_ns=75711959 cache_hits=3 cache_misses=1 cache_lookup_ns=132833084 cache_rebuild_ns=132829792
SECURE_TRANSCRIPT_PHYSICAL_ROWS lanes=2 components=18 provider_calls=3298 alias_rejected=true undersized_rejected=true
CANONICAL_CHILD_KEY_BINDING root_words=8 fixed_in_air=true
SECURE_TRANSCRIPT_AIR_ROWS control=174 sponge=1649 binding=1649 state=176 word=11784 pow=2 challenges=47 randomness=32 lanes=2
SECURE_TRANSCRIPT_SHARED_RECORDING record_ns=70507208 extra_preprocessed_lookups=0
SECURE_REPLAY_RECORDING operations=174 frames=176 permutations=1649 words=12344 queries=193
CANONICAL_EMPTY_Q193_STAGE=wrapper.cold-decode error=InvalidSecureTemporalParentArtifact

Build Summary: 5/8 steps succeeded; 1 failed; 1/2 tests passed; 1 failed
test-recursive-common-fold-transcript-source-v1 transitive failure
+- Common-fold parent transcript source guard transitive failure
   +- run test 0/1 passed, 1 failed
      +- compile test ReleaseSafe native success 1m MaxRSS:4G
test-recursive-common-canonical-empty-universal-v2-proof success
+- Canonical-empty universal q193 proof identity guard success
   +- run test 1 passed 11s MaxRSS:87M
      +- compile test ReleaseSafe native success 1m MaxRSS:3G

error: the following build command failed with exit code 1:
.zig-cache/o/d387839991c41f9382a65113dc74605e/build /opt/homebrew/Cellar/zig/0.15.2/bin/zig /opt/homebrew/Cellar/zig/0.15.2/lib/zig /Users/theodorepender/Coding/stark-proving-engineering/stwo-zig/src/integrations/riscv_cpu .zig-cache /Users/theodorepender/.cache/zig --seed 0xe8b91407 -Z3d12763428ae7bfd --maxrss 25769803776 -j1 test-recursive-common-fold-transcript-source-v1 test-recursive-common-canonical-empty-universal-v2-proof -Doptimize=ReleaseSafe --summary all
