test-ethereum-statement-root-cohort-replay
+- saved Ethereum complete root cohort guard
   +- run test 0/1 passed, 1 failed
error: 'recursive_common_ethereum_incremental_leaf_universal_proof_v4_genuine_test.test.role0 saved Stage101 pair closes the complete statement-root cohort' failed: ETHEREUM_ROLE0_SAVED_WRAPPER_REPLAY excludes_stage101_proving=true
ETHEREUM_INCREMENTAL_ROLE0_PHASE phase=cold_open source=darwin_proc_pid_rusage_v6 wall_ns=47075346542 process_cpu_ns=49567006250 parallelism_milli=1052 peak_footprint_bytes=288342808 energy_nj=228460643304 instructions=1099427159168 cycles=196820546474 workers=1 host_byte_budget=8589934592
ETHEREUM_INCREMENTAL_ROLE0_PHASE phase=campaign source=darwin_proc_pid_rusage_v6 wall_ns=1266477833 process_cpu_ns=1254282166 parallelism_milli=990 peak_footprint_bytes=288342808 energy_nj=6432954844 instructions=27905178365 cycles=4983971970 workers=1 host_byte_budget=8589934592
ETHEREUM_INCREMENTAL_ROLE0_PHASE phase=materialize source=darwin_proc_pid_rusage_v6 wall_ns=5006738667 process_cpu_ns=4979508833 parallelism_milli=994 peak_footprint_bytes=1956972800 energy_nj=25481938194 instructions=86699432034 cycles=19736941852 workers=1 host_byte_budget=8589934592
ETHEREUM_INCREMENTAL_ROLE0_MATERIALIZE input_ns=38688500 public_ns=293343166 transcript_ns=136627709 profile_ns=42208 program_ns=68653000 prepare_ns=64254917 fri_ns=3653628666 seal_ns=39146417 total_ns=4294387208 nodes=540228 node_bytes=10804560 output_bytes=176 binding_bytes=2469168 schedule_bytes=8051940 evaluation_bytes=8643648 input_bytes=617292 claim_bytes=27296 schedule_compiles=1 graph_copies=0 workers=1
ETHEREUM_INCREMENTAL_ROLE0_ALLOCATOR phase=materialized-live allocations=60 bytes=856164950 peak=1893492493 allocated=3176175424 freed=2320010474 untracked=0
ETHEREUM_ROOT_COHORT phase=prepare begin=true
ETHEREUM_TUPLE_CLOSURE contributions=66568919 unmatched=115664 by_domain={ 0, 0, 0, 0, 0, 131, 0, 0, 0, 0, 0, 0, 0, 81371, 0, 0, 0, 0, 0, 0, 0, 0, 0, 0, 0, 6832, 0, 0, 0, 0, 10506, 16824, 0, 0, 0, 0, 0, 0, 0, 0, 0, 0, 0, 0, 0, 0, 0 }
TUPLE_UNMATCHED domain=poseidon2_io hash=0002cd683779687b5f1cfa8594c41b11bee3ecea12eaaededcd79cf31ca83794 residual={ .{ .v = 1 }, .{ .v = 0 }, .{ .v = 0 }, .{ .v = 0 } } prefix={ .{ .v = 375964597 }, .{ .v = 0 }, .{ .v = 0 }, .{ .v = 0 } },{ .{ .v = 1870930610 }, .{ .v = 0 }, .{ .v = 0 }, .{ .v = 0 } },{ .{ .v = 759297152 }, .{ .v = 0 }, .{ .v = 0 }, .{ .v = 0 } },{ .{ .v = 587572828 }, .{ .v = 0 }, .{ .v = 0 }, .{ .v = 0 } },{ .{ .v = 17884290 }, .{ .v = 0 }, .{ .v = 0 }, .{ .v = 0 } }, contributions=1
  component=34 event=3 role=emit weight={ .{ .v = 1 }, .{ .v = 0 }, .{ .v = 0 }, .{ .v = 0 } }
TUPLE_UNMATCHED domain=poseidon2_io hash=00ba645e11988da24461eb6e31dc86e1d4b32a94e68fd58c863a9ebc7ebeb76d residual={ .{ .v = 1 }, .{ .v = 0 }, .{ .v = 0 }, .{ .v = 0 } } prefix={ .{ .v = 1891725864 }, .{ .v = 0 }, .{ .v = 0 }, .{ .v = 0 } },{ .{ .v = 145469430 }, .{ .v = 0 }, .{ .v = 0 }, .{ .v = 0 } },{ .{ .v = 1813170816 }, .{ .v = 0 }, .{ .v = 0 }, .{ .v = 0 } },{ .{ .v = 1524683721 }, .{ .v = 0 }, .{ .v = 0 }, .{ .v = 0 } },{ .{ .v = 1220736327 }, .{ .v = 0 }, .{ .v = 0 }, .{ .v = 0 } }, contributions=1
  component=34 event=3 role=emit weight={ .{ .v = 1 }, .{ .v = 0 }, .{ .v = 0 }, .{ .v = 0 } }
TUPLE_UNMATCHED domain=poseidon2_io hash=0232a42a82b01148fb8453bc51ac0799b086cc7603a01c77674fe11b2fb7ea83 residual={ .{ .v = 1 }, .{ .v = 0 }, .{ .v = 0 }, .{ .v = 0 } } prefix={ .{ .v = 1716273707 }, .{ .v = 0 }, .{ .v = 0 }, .{ .v = 0 } },{ .{ .v = 1863516162 }, .{ .v = 0 }, .{ .v = 0 }, .{ .v = 0 } },{ .{ .v = 817977653 }, .{ .v = 0 }, .{ .v = 0 }, .{ .v = 0 } },{ .{ .v = 2121434412 }, .{ .v = 0 }, .{ .v = 0 }, .{ .v = 0 } },{ .{ .v = 368543094 }, .{ .v = 0 }, .{ .v = 0 }, .{ .v = 0 } }, contributions=1
  component=34 event=3 role=emit weight={ .{ .v = 1 }, .{ .v = 0 }, .{ .v = 0 }, .{ .v = 0 } }
TUPLE_UNMATCHED domain=poseidon2_io hash=02431576f3b0acf5bb7da228a7334b042f9f098fec24cd20185584b6925152b4 residual={ .{ .v = 1 }, .{ .v = 0 }, .{ .v = 0 }, .{ .v = 0 } } prefix={ .{ .v = 1941286867 }, .{ .v = 0 }, .{ .v = 0 }, .{ .v = 0 } },{ .{ .v = 1602507610 }, .{ .v = 0 }, .{ .v = 0 }, .{ .v = 0 } },{ .{ .v = 54740761 }, .{ .v = 0 }, .{ .v = 0 }, .{ .v = 0 } },{ .{ .v = 2075092446 }, .{ .v = 0 }, .{ .v = 0 }, .{ .v = 0 } },{ .{ .v = 1409696385 }, .{ .v = 0 }, .{ .v = 0 }, .{ .v = 0 } }, contributions=1
  component=34 event=3 role=emit weight={ .{ .v = 1 }, .{ .v = 0 }, .{ .v = 0 }, .{ .v = 0 } }
TUPLE_UNMATCHED domain=poseidon2_io hash=0310f69e3eb10a1333b65bb7191708034b1ded54e04b1269a8f3050d721e90ca residual={ .{ .v = 1 }, .{ .v = 0 }, .{ .v = 0 }, .{ .v = 0 } } prefix={ .{ .v = 437664881 }, .{ .v = 0 }, .{ .v = 0 }, .{ .v = 0 } },{ .{ .v = 575517730 }, .{ .v = 0 }, .{ .v = 0 }, .{ .v = 0 } },{ .{ .v = 847042605 }, .{ .v = 0 }, .{ .v = 0 }, .{ .v = 0 } },{ .{ .v = 298729961 }, .{ .v = 0 }, .{ .v = 0 }, .{ .v = 0 } },{ .{ .v = 838547709 }, .{ .v = 0 }, .{ .v = 0 }, .{ .v = 0 } }, contributions=1
  component=34 event=3 role=emit weight={ .{ .v = 1 }, .{ .v = 0 }, .{ .v = 0 }, .{ .v = 0 } }
TUPLE_UNMATCHED domain=poseidon2_io hash=048446ff8405b8eaf10d12c03e6391f57dffef787617e5091e26013f9aca80d8 residual={ .{ .v = 1 }, .{ .v = 0 }, .{ .v = 0 }, .{ .v = 0 } } prefix={ .{ .v = 414268234 }, .{ .v = 0 }, .{ .v = 0 }, .{ .v = 0 } },{ .{ .v = 71454686 }, .{ .v = 0 }, .{ .v = 0 }, .{ .v = 0 } },{ .{ .v = 520343907 }, .{ .v = 0 }, .{ .v = 0 }, .{ .v = 0 } },{ .{ .v = 880386614 }, .{ .v = 0 }, .{ .v = 0 }, .{ .v = 0 } },{ .{ .v = 1035275154 }, .{ .v = 0 }, .{ .v = 0 }, .{ .v = 0 } }, contributions=1
  component=34 event=3 role=emit weight={ .{ .v = 1 }, .{ .v = 0 }, .{ .v = 0 }, .{ .v = 0 } }
TUPLE_UNMATCHED domain=poseidon2_io hash=0783e889a67939675422c4e35d660926f21403f4597f6af0273181f8b4d8f423 residual={ .{ .v = 1 }, .{ .v = 0 }, .{ .v = 0 }, .{ .v = 0 } } prefix={ .{ .v = 493783111 }, .{ .v = 0 }, .{ .v = 0 }, .{ .v = 0 } },{ .{ .v = 1060717954 }, .{ .v = 0 }, .{ .v = 0 }, .{ .v = 0 } },{ .{ .v = 79397349 }, .{ .v = 0 }, .{ .v = 0 }, .{ .v = 0 } },{ .{ .v = 1642417468 }, .{ .v = 0 }, .{ .v = 0 }, .{ .v = 0 } },{ .{ .v = 1134078436 }, .{ .v = 0 }, .{ .v = 0 }, .{ .v = 0 } }, contributions=1
  component=34 event=3 role=emit weight={ .{ .v = 1 }, .{ .v = 0 }, .{ .v = 0 }, .{ .v = 0 } }
TUPLE_UNMATCHED domain=poseidon2_io hash=0a38ec3a02fc0b05d632f1417cb717968af3547aba00d95759c23c797ee4c6cc residual={ .{ .v = 1 }, .{ .v = 0 }, .{ .v = 0 }, .{ .v = 0 } } prefix={ .{ .v = 914573899 }, .{ .v = 0 }, .{ .v = 0 }, .{ .v = 0 } },{ .{ .v = 782004278 }, .{ .v = 0 }, .{ .v = 0 }, .{ .v = 0 } },{ .{ .v = 1938692927 }, .{ .v = 0 }, .{ .v = 0 }, .{ .v = 0 } },{ .{ .v = 755309284 }, .{ .v = 0 }, .{ .v = 0 }, .{ .v = 0 } },{ .{ .v = 1767147022 }, .{ .v = 0 }, .{ .v = 0 }, .{ .v = 0 } }, contributions=1
  component=34 event=3 role=emit weight={ .{ .v = 1 }, .{ .v = 0 }, .{ .v = 0 }, .{ .v = 0 } }
TUPLE_UNMATCHED domain=poseidon2_io hash=10e041614fd5c360c92146525aba6404da0b8213ab71e43ad629c0b7fb3bf6d5 residual={ .{ .v = 1 }, .{ .v = 0 }, .{ .v = 0 }, .{ .v = 0 } } prefix={ .{ .v = 574186500 }, .{ .v = 0 }, .{ .v = 0 }, .{ .v = 0 } },{ .{ .v = 1621307118 }, .{ .v = 0 }, .{ .v = 0 }, .{ .v = 0 } },{ .{ .v = 373775473 }, .{ .v = 0 }, .{ .v = 0 }, .{ .v = 0 } },{ .{ .v = 2091981529 }, .{ .v = 0 }, .{ .v = 0 }, .{ .v = 0 } },{ .{ .v = 564633296 }, .{ .v = 0 }, .{ .v = 0 }, .{ .v = 0 } }, contributions=1
  component=34 event=3 role=emit weight={ .{ .v = 1 }, .{ .v = 0 }, .{ .v = 0 }, .{ .v = 0 } }
TUPLE_UNMATCHED domain=poseidon2_io hash=121e86df5d5d8259f671a078c7a7bc54ddfd03d815ccbab8d4efee78b939123d residual={ .{ .v = 1 }, .{ .v = 0 }, .{ .v = 0 }, .{ .v = 0 } } prefix={ .{ .v = 4 }, .{ .v = 0 }, .{ .v = 0 }, .{ .v = 0 } },{ .{ .v = 2 }, .{ .v = 0 }, .{ .v = 0 }, .{ .v = 0 } },{ .{ .v = 4 }, .{ .v = 0 }, .{ .v = 0 }, .{ .v = 0 } },{ .{ .v = 0 }, .{ .v = 0 }, .{ .v = 0 }, .{ .v = 0 } },{ .{ .v = 4 }, .{ .v = 0 }, .{ .v = 0 }, .{ .v = 0 } }, contributions=1
  component=34 event=3 role=emit weight={ .{ .v = 1 }, .{ .v = 0 }, .{ .v = 0 }, .{ .v = 0 } }
TUPLE_UNMATCHED domain=poseidon2_io hash=126e5f53b7758d0337685087d71905e0277897c520952cd92016e19a25baa655 residual={ .{ .v = 1 }, .{ .v = 0 }, .{ .v = 0 }, .{ .v = 0 } } prefix={ .{ .v = 1346742607 }, .{ .v = 0 }, .{ .v = 0 }, .{ .v = 0 } },{ .{ .v = 32549605 }, .{ .v = 0 }, .{ .v = 0 }, .{ .v = 0 } },{ .{ .v = 474352682 }, .{ .v = 0 }, .{ .v = 0 }, .{ .v = 0 } },{ .{ .v = 644239527 }, .{ .v = 0 }, .{ .v = 0 }, .{ .v = 0 } },{ .{ .v = 1649181909 }, .{ .v = 0 }, .{ .v = 0 }, .{ .v = 0 } }, contributions=1
  component=34 event=3 role=emit weight={ .{ .v = 1 }, .{ .v = 0 }, .{ .v = 0 }, .{ .v = 0 } }
TUPLE_UNMATCHED domain=poseidon2_io hash=12f52374b4d5218ebb325a6aeafb95af5b3c548f9fe1bd6198eed257eeac6306 residual={ .{ .v = 1 }, .{ .v = 0 }, .{ .v = 0 }, .{ .v = 0 } } prefix={ .{ .v = 1157666681 }, .{ .v = 0 }, .{ .v = 0 }, .{ .v = 0 } },{ .{ .v = 834169453 }, .{ .v = 0 }, .{ .v = 0 }, .{ .v = 0 } },{ .{ .v = 319309297 }, .{ .v = 0 }, .{ .v = 0 }, .{ .v = 0 } },{ .{ .v = 1353688874 }, .{ .v = 0 }, .{ .v = 0 }, .{ .v = 0 } },{ .{ .v = 843341375 }, .{ .v = 0 }, .{ .v = 0 }, .{ .v = 0 } }, contributions=1
  component=34 event=3 role=emit weight={ .{ .v = 1 }, .{ .v = 0 }, .{ .v = 0 }, .{ .v = 0 } }
TUPLE_UNMATCHED domain=poseidon2_io hash=14bb2aab72c820610acf2099e70cae385e4d677b9ecee993e7fcb68fbe8bbe6b residual={ .{ .v = 1 }, .{ .v = 0 }, .{ .v = 0 }, .{ .v = 0 } } prefix={ .{ .v = 637663250 }, .{ .v = 0 }, .{ .v = 0 }, .{ .v = 0 } },{ .{ .v = 74273104 }, .{ .v = 0 }, .{ .v = 0 }, .{ .v = 0 } },{ .{ .v = 906450514 }, .{ .v = 0 }, .{ .v = 0 }, .{ .v = 0 } },{ .{ .v = 241431066 }, .{ .v = 0 }, .{ .v = 0 }, .{ .v = 0 } },{ .{ .v = 1055485304 }, .{ .v = 0 }, .{ .v = 0 }, .{ .v = 0 } }, contributions=1
  component=34 event=3 role=emit weight={ .{ .v = 1 }, .{ .v = 0 }, .{ .v = 0 }, .{ .v = 0 } }
TUPLE_UNMATCHED domain=poseidon2_io hash=15cceba55e02ac9f2e7bfe4172363a93a2e11098b131f05e28bf8a4747ab83d1 residual={ .{ .v = 1 }, .{ .v = 0 }, .{ .v = 0 }, .{ .v = 0 } } prefix={ .{ .v = 1515804134 }, .{ .v = 0 }, .{ .v = 0 }, .{ .v = 0 } },{ .{ .v = 1794826892 }, .{ .v = 0 }, .{ .v = 0 }, .{ .v = 0 } },{ .{ .v = 169656156 }, .{ .v = 0 }, .{ .v = 0 }, .{ .v = 0 } },{ .{ .v = 1377343490 }, .{ .v = 0 }, .{ .v = 0 }, .{ .v = 0 } },{ .{ .v = 1085342217 }, .{ .v = 0 }, .{ .v = 0 }, .{ .v = 0 } }, contributions=1
  component=34 event=3 role=emit weight={ .{ .v = 1 }, .{ .v = 0 }, .{ .v = 0 }, .{ .v = 0 } }
TUPLE_UNMATCHED domain=poseidon2_io hash=1fcc05f9d60cc32c15b04240c6d68506cc3edd65d56140620da7097bd2c27da9 residual={ .{ .v = 1 }, .{ .v = 0 }, .{ .v = 0 }, .{ .v = 0 } } prefix={ .{ .v = 1800125834 }, .{ .v = 0 }, .{ .v = 0 }, .{ .v = 0 } },{ .{ .v = 1494102691 }, .{ .v = 0 }, .{ .v = 0 }, .{ .v = 0 } },{ .{ .v = 113237441 }, .{ .v = 0 }, .{ .v = 0 }, .{ .v = 0 } },{ .{ .v = 2053161711 }, .{ .v = 0 }, .{ .v = 0 }, .{ .v = 0 } },{ .{ .v = 1538140319 }, .{ .v = 0 }, .{ .v = 0 }, .{ .v = 0 } }, contributions=1
  component=34 event=3 role=emit weight={ .{ .v = 1 }, .{ .v = 0 }, .{ .v = 0 }, .{ .v = 0 } }
TUPLE_UNMATCHED domain=poseidon2_io hash=224e0669910a0dfe7af1801d07690eb2b56017a1961d3769e29898b889126195 residual={ .{ .v = 1 }, .{ .v = 0 }, .{ .v = 0 }, .{ .v = 0 } } prefix={ .{ .v = 1918907614 }, .{ .v = 0 }, .{ .v = 0 }, .{ .v = 0 } },{ .{ .v = 1105792183 }, .{ .v = 0 }, .{ .v = 0 }, .{ .v = 0 } },{ .{ .v = 36583482 }, .{ .v = 0 }, .{ .v = 0 }, .{ .v = 0 } },{ .{ .v = 1023990973 }, .{ .v = 0 }, .{ .v = 0 }, .{ .v = 0 } },{ .{ .v = 1544968077 }, .{ .v = 0 }, .{ .v = 0 }, .{ .v = 0 } }, contributions=1
  component=34 event=3 role=emit weight={ .{ .v = 1 }, .{ .v = 0 }, .{ .v = 0 }, .{ .v = 0 } }
TUPLE_UNMATCHED domain=poseidon2_io hash=25e364106b479a87f3e0e064195de595caba9779e66aa468858699855d628521 residual={ .{ .v = 1 }, .{ .v = 0 }, .{ .v = 0 }, .{ .v = 0 } } prefix={ .{ .v = 631438196 }, .{ .v = 0 }, .{ .v = 0 }, .{ .v = 0 } },{ .{ .v = 284181877 }, .{ .v = 0 }, .{ .v = 0 }, .{ .v = 0 } },{ .{ .v = 1352201354 }, .{ .v = 0 }, .{ .v = 0 }, .{ .v = 0 } },{ .{ .v = 1806966247 }, .{ .v = 0 }, .{ .v = 0 }, .{ .v = 0 } },{ .{ .v = 489822841 }, .{ .v = 0 }, .{ .v = 0 }, .{ .v = 0 } }, contributions=1
  component=34 event=3 role=emit weight={ .{ .v = 1 }, .{ .v = 0 }, .{ .v = 0 }, .{ .v = 0 } }
TUPLE_UNMATCHED domain=poseidon2_io hash=29590e91e8a33830529555c8bb13b15c53533cf7586316c90c89c99930de08d9 residual={ .{ .v = 1 }, .{ .v = 0 }, .{ .v = 0 }, .{ .v = 0 } } prefix={ .{ .v = 452877351 }, .{ .v = 0 }, .{ .v = 0 }, .{ .v = 0 } },{ .{ .v = 1571162230 }, .{ .v = 0 }, .{ .v = 0 }, .{ .v = 0 } },{ .{ .v = 1052514955 }, .{ .v = 0 }, .{ .v = 0 }, .{ .v = 0 } },{ .{ .v = 1025035444 }, .{ .v = 0 }, .{ .v = 0 }, .{ .v = 0 } },{ .{ .v = 1080143020 }, .{ .v = 0 }, .{ .v = 0 }, .{ .v = 0 } }, contributions=1
  component=34 event=3 role=emit weight={ .{ .v = 1 }, .{ .v = 0 }, .{ .v = 0 }, .{ .v = 0 } }
TUPLE_UNMATCHED domain=poseidon2_io hash=2d8fe6e08332408a6020f452e7e153c9061a72b7cc689fbec5698c819e4bbeab residual={ .{ .v = 1 }, .{ .v = 0 }, .{ .v = 0 }, .{ .v = 0 } } prefix={ .{ .v = 547026330 }, .{ .v = 0 }, .{ .v = 0 }, .{ .v = 0 } },{ .{ .v = 49632994 }, .{ .v = 0 }, .{ .v = 0 }, .{ .v = 0 } },{ .{ .v = 918676825 }, .{ .v = 0 }, .{ .v = 0 }, .{ .v = 0 } },{ .{ .v = 1662728145 }, .{ .v = 0 }, .{ .v = 0 }, .{ .v = 0 } },{ .{ .v = 1809966207 }, .{ .v = 0 }, .{ .v = 0 }, .{ .v = 0 } }, contributions=1
  component=34 event=3 role=emit weight={ .{ .v = 1 }, .{ .v = 0 }, .{ .v = 0 }, .{ .v = 0 } }
TUPLE_UNMATCHED domain=poseidon2_io hash=301cb37324c41083afa81729ab5cc0695d6e8d5f2757c71e6d136cc065a65cd6 residual={ .{ .v = 1 }, .{ .v = 0 }, .{ .v = 0 }, .{ .v = 0 } } prefix={ .{ .v = 18574032 }, .{ .v = 0 }, .{ .v = 0 }, .{ .v = 0 } },{ .{ .v = 1466131277 }, .{ .v = 0 }, .{ .v = 0 }, .{ .v = 0 } },{ .{ .v = 346857960 }, .{ .v = 0 }, .{ .v = 0 }, .{ .v = 0 } },{ .{ .v = 1293890045 }, .{ .v = 0 }, .{ .v = 0 }, .{ .v = 0 } },{ .{ .v = 2145762397 }, .{ .v = 0 }, .{ .v = 0 }, .{ .v = 0 } }, contributions=1
  component=34 event=3 role=emit weight={ .{ .v = 1 }, .{ .v = 0 }, .{ .v = 0 }, .{ .v = 0 } }
TUPLE_UNMATCHED domain=poseidon2_io hash=33e99abf31a18d52623eb3ae5dace624fb97a9bc394e9e6e7845222774fc3b68 residual={ .{ .v = 1 }, .{ .v = 0 }, .{ .v = 0 }, .{ .v = 0 } } prefix={ .{ .v = 748054164 }, .{ .v = 0 }, .{ .v = 0 }, .{ .v = 0 } },{ .{ .v = 1418588944 }, .{ .v = 0 }, .{ .v = 0 }, .{ .v = 0 } },{ .{ .v = 1807351013 }, .{ .v = 0 }, .{ .v = 0 }, .{ .v = 0 } },{ .{ .v = 551258175 }, .{ .v = 0 }, .{ .v = 0 }, .{ .v = 0 } },{ .{ .v = 1090888725 }, .{ .v = 0 }, .{ .v = 0 }, .{ .v = 0 } }, contributions=1
  component=34 event=3 role=emit weight={ .{ .v = 1 }, .{ .v = 0 }, .{ .v = 0 }, .{ .v = 0 } }
TUPLE_UNMATCHED domain=poseidon2_io hash=33f792201dbf77cc982aae0542d96b47cd7976a14051033f2e7837a5216d1247 residual={ .{ .v = 1 }, .{ .v = 0 }, .{ .v = 0 }, .{ .v = 0 } } prefix={ .{ .v = 1615253626 }, .{ .v = 0 }, .{ .v = 0 }, .{ .v = 0 } },{ .{ .v = 1221358466 }, .{ .v = 0 }, .{ .v = 0 }, .{ .v = 0 } },{ .{ .v = 2014189422 }, .{ .v = 0 }, .{ .v = 0 }, .{ .v = 0 } },{ .{ .v = 869979731 }, .{ .v = 0 }, .{ .v = 0 }, .{ .v = 0 } },{ .{ .v = 1311497388 }, .{ .v = 0 }, .{ .v = 0 }, .{ .v = 0 } }, contributions=1
  component=34 event=3 role=emit weight={ .{ .v = 1 }, .{ .v = 0 }, .{ .v = 0 }, .{ .v = 0 } }
TUPLE_UNMATCHED domain=poseidon2_io hash=3574bc619027180e8633177ca1f2920d2a7e54e3430648feb5dfb633ebaa8cb8 residual={ .{ .v = 1 }, .{ .v = 0 }, .{ .v = 0 }, .{ .v = 0 } } prefix={ .{ .v = 1665022995 }, .{ .v = 0 }, .{ .v = 0 }, .{ .v = 0 } },{ .{ .v = 645143690 }, .{ .v = 0 }, .{ .v = 0 }, .{ .v = 0 } },{ .{ .v = 1761908425 }, .{ .v = 0 }, .{ .v = 0 }, .{ .v = 0 } },{ .{ .v = 616452011 }, .{ .v = 0 }, .{ .v = 0 }, .{ .v = 0 } },{ .{ .v = 1561068922 }, .{ .v = 0 }, .{ .v = 0 }, .{ .v = 0 } }, contributions=1
  component=34 event=3 role=emit weight={ .{ .v = 1 }, .{ .v = 0 }, .{ .v = 0 }, .{ .v = 0 } }
TUPLE_UNMATCHED domain=poseidon2_io hash=3685a8f3caed584f41aec19b3537c138306ce04e6248e14ac51d3361790748be residual={ .{ .v = 1 }, .{ .v = 0 }, .{ .v = 0 }, .{ .v = 0 } } prefix={ .{ .v = 2 }, .{ .v = 0 }, .{ .v = 0 }, .{ .v = 0 } },{ .{ .v = 1 }, .{ .v = 0 }, .{ .v = 0 }, .{ .v = 0 } },{ .{ .v = 0 }, .{ .v = 0 }, .{ .v = 0 }, .{ .v = 0 } },{ .{ .v = 0 }, .{ .v = 0 }, .{ .v = 0 }, .{ .v = 0 } },{ .{ .v = 0 }, .{ .v = 0 }, .{ .v = 0 }, .{ .v = 0 } }, contributions=1
  component=34 event=3 role=emit weight={ .{ .v = 1 }, .{ .v = 0 }, .{ .v = 0 }, .{ .v = 0 } }
ETHEREUM_INCREMENTAL_ROLE0_MATERIALIZE input_ns=38688500 public_ns=293343166 transcript_ns=136627709 profile_ns=42208 program_ns=68653000 prepare_ns=64254917 fri_ns=3653628666 seal_ns=39146417 total_ns=4294387208 nodes=540228 node_bytes=10804560 output_bytes=176 binding_bytes=2469168 schedule_bytes=8051940 evaluation_bytes=8643648 input_bytes=617292 claim_bytes=27296 schedule_compiles=1 graph_copies=0 workers=1
ETHEREUM_INCREMENTAL_ROLE0_REQUEST outcome=failed
ETHEREUM_INCREMENTAL_ROLE0_PHASE phase=total source=darwin_proc_pid_rusage_v6 wall_ns=354661210000 process_cpu_ns=350649708709 parallelism_milli=988 peak_footprint_bytes=38459584640 energy_nj=1817708079515 instructions=6912384878614 cycles=1394351338158 workers=1 host_byte_budget=8589934592
ETHEREUM_ROLE0_SAVED_WRAPPER_STAGE=materialize error=EthereumIncrementalTupleNotClosedV4
error: while executing test 'recursive_common_ethereum_incremental_leaf_universal_proof_v4_genuine_test.test.role0 saved Stage101 pair closes the complete statement-root cohort', the following test command failed:
./.zig-cache/o/50f70dc750f4d9b64cac51d184dee9d8/test --cache-dir=./.zig-cache --seed=0x2a2c15d9 --listen=-

Build Summary: 1/4 steps succeeded; 1 failed; 0/1 tests passed; 1 failed
test-ethereum-statement-root-cohort-replay transitive failure
+- saved Ethereum complete root cohort guard transitive failure
   +- run test 0/1 passed, 1 failed
      +- compile test ReleaseSafe native success 1m MaxRSS:3G

error: the following build command failed with exit code 1:
.zig-cache/o/9e9b51888315a9bfd2b403d5f4a8cf69/build /opt/homebrew/Cellar/zig/0.15.2/bin/zig /opt/homebrew/Cellar/zig/0.15.2/lib/zig /Users/theodorepender/Coding/stark-proving-engineering/stwo-zig/src/integrations/riscv_cpu .zig-cache /Users/theodorepender/.cache/zig --seed 0x2a2c15d9 -Z4fddbbcb2d2035e6 --maxrss 25769803776 -j1 test-ethereum-statement-root-cohort-replay -Doptimize=ReleaseSafe -Dethereum-proof-strip=true --summary all
