test-ethereum-statement-root-cohort-replay
+- saved Ethereum complete root cohort guard
   +- run test 0/1 passed, 1 failed
error: 'recursive_common_ethereum_incremental_leaf_universal_proof_v4_genuine_test.test.role0 saved Stage101 pair closes the complete statement-root cohort' failed: ETHEREUM_ROLE0_SAVED_WRAPPER_REPLAY excludes_stage101_proving=true
ETHEREUM_INCREMENTAL_ROLE0_PHASE phase=cold_open source=darwin_proc_pid_rusage_v6 wall_ns=46642575458 process_cpu_ns=49181572625 parallelism_milli=1054 peak_footprint_bytes=288326448 energy_nj=226379375733 instructions=1099316448204 cycles=195871603345 workers=1 host_byte_budget=8589934592
ETHEREUM_INCREMENTAL_ROLE0_PHASE phase=campaign source=darwin_proc_pid_rusage_v6 wall_ns=1237106500 process_cpu_ns=1237023125 parallelism_milli=999 peak_footprint_bytes=288326448 energy_nj=6375651798 instructions=27900711713 cycles=4931100303 workers=1 host_byte_budget=8589934592
ETHEREUM_INCREMENTAL_ROLE0_PHASE phase=materialize source=darwin_proc_pid_rusage_v6 wall_ns=5436265500 process_cpu_ns=5433849541 parallelism_milli=999 peak_footprint_bytes=1956940032 energy_nj=25533707576 instructions=86603012933 cycles=21545169795 workers=1 host_byte_budget=8589934592
ETHEREUM_INCREMENTAL_ROLE0_MATERIALIZE input_ns=38264708 public_ns=291047833 transcript_ns=142503042 profile_ns=31042 program_ns=65764166 prepare_ns=65868417 fri_ns=4109044333 seal_ns=38761125 total_ns=4751287083 nodes=540228 node_bytes=10804560 output_bytes=176 binding_bytes=2469168 schedule_bytes=8051940 evaluation_bytes=8643648 input_bytes=617292 claim_bytes=27296 schedule_compiles=1 graph_copies=0 workers=1
ETHEREUM_INCREMENTAL_ROLE0_ALLOCATOR phase=materialized-live allocations=60 bytes=856164950 peak=1893492493 allocated=3176175424 freed=2320010474 untracked=0
ETHEREUM_ROOT_COHORT phase=prepare begin=true
ETHEREUM_TUPLE_CLOSURE contributions=68820634 unmatched=34749 by_domain={ 0, 0, 0, 0, 0, 131, 0, 0, 0, 0, 0, 0, 0, 456, 0, 0, 0, 0, 0, 0, 0, 0, 0, 0, 0, 6832, 0, 0, 0, 0, 10506, 16824, 0, 0, 0, 0, 0, 0, 0, 0, 0, 0, 0, 0, 0, 0, 0 }
TUPLE_UNMATCHED domain=poseidon2_io hash=0002cd683779687b5f1cfa8594c41b11bee3ecea12eaaededcd79cf31ca83794 residual={ .{ .v = 1 }, .{ .v = 0 }, .{ .v = 0 }, .{ .v = 0 } } prefix={ .{ .v = 375964597 }, .{ .v = 0 }, .{ .v = 0 }, .{ .v = 0 } },{ .{ .v = 1870930610 }, .{ .v = 0 }, .{ .v = 0 }, .{ .v = 0 } },{ .{ .v = 759297152 }, .{ .v = 0 }, .{ .v = 0 }, .{ .v = 0 } },{ .{ .v = 587572828 }, .{ .v = 0 }, .{ .v = 0 }, .{ .v = 0 } },{ .{ .v = 17884290 }, .{ .v = 0 }, .{ .v = 0 }, .{ .v = 0 } }, contributions=1
  component=34 event=3 role=emit weight={ .{ .v = 1 }, .{ .v = 0 }, .{ .v = 0 }, .{ .v = 0 } }
TUPLE_UNMATCHED domain=poseidon2_io hash=00ba645e11988da24461eb6e31dc86e1d4b32a94e68fd58c863a9ebc7ebeb76d residual={ .{ .v = 1 }, .{ .v = 0 }, .{ .v = 0 }, .{ .v = 0 } } prefix={ .{ .v = 1891725864 }, .{ .v = 0 }, .{ .v = 0 }, .{ .v = 0 } },{ .{ .v = 145469430 }, .{ .v = 0 }, .{ .v = 0 }, .{ .v = 0 } },{ .{ .v = 1813170816 }, .{ .v = 0 }, .{ .v = 0 }, .{ .v = 0 } },{ .{ .v = 1524683721 }, .{ .v = 0 }, .{ .v = 0 }, .{ .v = 0 } },{ .{ .v = 1220736327 }, .{ .v = 0 }, .{ .v = 0 }, .{ .v = 0 } }, contributions=1
  component=34 event=3 role=emit weight={ .{ .v = 1 }, .{ .v = 0 }, .{ .v = 0 }, .{ .v = 0 } }
TUPLE_UNMATCHED domain=poseidon2_io hash=0232a42a82b01148fb8453bc51ac0799b086cc7603a01c77674fe11b2fb7ea83 residual={ .{ .v = 1 }, .{ .v = 0 }, .{ .v = 0 }, .{ .v = 0 } } prefix={ .{ .v = 1716273707 }, .{ .v = 0 }, .{ .v = 0 }, .{ .v = 0 } },{ .{ .v = 1863516162 }, .{ .v = 0 }, .{ .v = 0 }, .{ .v = 0 } },{ .{ .v = 817977653 }, .{ .v = 0 }, .{ .v = 0 }, .{ .v = 0 } },{ .{ .v = 2121434412 }, .{ .v = 0 }, .{ .v = 0 }, .{ .v = 0 } },{ .{ .v = 368543094 }, .{ .v = 0 }, .{ .v = 0 }, .{ .v = 0 } }, contributions=1
  component=34 event=3 role=emit weight={ .{ .v = 1 }, .{ .v = 0 }, .{ .v = 0 }, .{ .v = 0 } }
TUPLE_UNMATCHED domain=recursion_wire hash=0060d7996efca0b7a47db1d2452d7aafd78d0994395a34c5e2ef8324e47bbe28 residual={ .{ .v = 2147483646 }, .{ .v = 0 }, .{ .v = 0 }, .{ .v = 0 } } prefix={ .{ .v = 42 }, .{ .v = 0 }, .{ .v = 0 }, .{ .v = 0 } },{ .{ .v = 540 }, .{ .v = 0 }, .{ .v = 0 }, .{ .v = 0 } },{ .{ .v = 0 }, .{ .v = 0 }, .{ .v = 0 }, .{ .v = 0 } },{ .{ .v = 0 }, .{ .v = 0 }, .{ .v = 0 }, .{ .v = 0 } },{ .{ .v = 0 }, .{ .v = 0 }, .{ .v = 0 }, .{ .v = 0 } }, contributions=1
  component=30 event=0 role=consume weight={ .{ .v = 2147483646 }, .{ .v = 0 }, .{ .v = 0 }, .{ .v = 0 } }
TUPLE_UNMATCHED domain=recursion_wire hash=01134706562e717fc0715def9e74c88020b07141870789530c925a0a94f18fb2 residual={ .{ .v = 2147483646 }, .{ .v = 0 }, .{ .v = 0 }, .{ .v = 0 } } prefix={ .{ .v = 42 }, .{ .v = 0 }, .{ .v = 0 }, .{ .v = 0 } },{ .{ .v = 455 }, .{ .v = 0 }, .{ .v = 0 }, .{ .v = 0 } },{ .{ .v = 0 }, .{ .v = 0 }, .{ .v = 0 }, .{ .v = 0 } },{ .{ .v = 0 }, .{ .v = 0 }, .{ .v = 0 }, .{ .v = 0 } },{ .{ .v = 0 }, .{ .v = 0 }, .{ .v = 0 }, .{ .v = 0 } }, contributions=1
  component=32 event=0 role=consume weight={ .{ .v = 2147483646 }, .{ .v = 0 }, .{ .v = 0 }, .{ .v = 0 } }
TUPLE_UNMATCHED domain=recursion_wire hash=0141d8f03c46023b4a1b1eeef1df675dced2eedaad1da613d800925a992dbb92 residual={ .{ .v = 2147483645 }, .{ .v = 0 }, .{ .v = 0 }, .{ .v = 0 } } prefix={ .{ .v = 42 }, .{ .v = 0 }, .{ .v = 0 }, .{ .v = 0 } },{ .{ .v = 564 }, .{ .v = 0 }, .{ .v = 0 }, .{ .v = 0 } },{ .{ .v = 0 }, .{ .v = 0 }, .{ .v = 0 }, .{ .v = 0 } },{ .{ .v = 0 }, .{ .v = 0 }, .{ .v = 0 }, .{ .v = 0 } },{ .{ .v = 0 }, .{ .v = 0 }, .{ .v = 0 }, .{ .v = 0 } }, contributions=2
  component=30 event=0 role=consume weight={ .{ .v = 2147483646 }, .{ .v = 0 }, .{ .v = 0 }, .{ .v = 0 } }
  component=30 event=0 role=consume weight={ .{ .v = 2147483646 }, .{ .v = 0 }, .{ .v = 0 }, .{ .v = 0 } }
TUPLE_UNMATCHED domain=recursion_verifier_input_word hash=0010523518d00a6147daa59f679c7c56c39b737ab55fbf5c7e81e954c4a32000 residual={ .{ .v = 2147483646 }, .{ .v = 0 }, .{ .v = 0 }, .{ .v = 0 } } prefix={ .{ .v = 0 }, .{ .v = 0 }, .{ .v = 0 }, .{ .v = 0 } },{ .{ .v = 12 }, .{ .v = 0 }, .{ .v = 0 }, .{ .v = 0 } },{ .{ .v = 1587 }, .{ .v = 0 }, .{ .v = 0 }, .{ .v = 0 } },{ .{ .v = 2 }, .{ .v = 0 }, .{ .v = 0 }, .{ .v = 0 } },{ .{ .v = 1038520638 }, .{ .v = 0 }, .{ .v = 0 }, .{ .v = 0 } }, contributions=1
  component=18 event=1 role=consume weight={ .{ .v = 2147483646 }, .{ .v = 0 }, .{ .v = 0 }, .{ .v = 0 } }
TUPLE_UNMATCHED domain=recursion_verifier_input_word hash=001aa5f7c93cc7f4e69f5686c9646e7df1346d2e4b113304abd9792657379baa residual={ .{ .v = 2147483646 }, .{ .v = 0 }, .{ .v = 0 }, .{ .v = 0 } } prefix={ .{ .v = 0 }, .{ .v = 0 }, .{ .v = 0 }, .{ .v = 0 } },{ .{ .v = 12 }, .{ .v = 0 }, .{ .v = 0 }, .{ .v = 0 } },{ .{ .v = 470 }, .{ .v = 0 }, .{ .v = 0 }, .{ .v = 0 } },{ .{ .v = 1 }, .{ .v = 0 }, .{ .v = 0 }, .{ .v = 0 } },{ .{ .v = 0 }, .{ .v = 0 }, .{ .v = 0 }, .{ .v = 0 } }, contributions=1
  component=18 event=1 role=consume weight={ .{ .v = 2147483646 }, .{ .v = 0 }, .{ .v = 0 }, .{ .v = 0 } }
TUPLE_UNMATCHED domain=recursion_verifier_input_word hash=001b9bc6d815cf60f659f384e9f719c71ee9809a9145c585b2033a382fa9577f residual={ .{ .v = 2147483646 }, .{ .v = 0 }, .{ .v = 0 }, .{ .v = 0 } } prefix={ .{ .v = 0 }, .{ .v = 0 }, .{ .v = 0 }, .{ .v = 0 } },{ .{ .v = 12 }, .{ .v = 0 }, .{ .v = 0 }, .{ .v = 0 } },{ .{ .v = 1205 }, .{ .v = 0 }, .{ .v = 0 }, .{ .v = 0 } },{ .{ .v = 2 }, .{ .v = 0 }, .{ .v = 0 }, .{ .v = 0 } },{ .{ .v = 568603425 }, .{ .v = 0 }, .{ .v = 0 }, .{ .v = 0 } }, contributions=1
  component=18 event=1 role=consume weight={ .{ .v = 2147483646 }, .{ .v = 0 }, .{ .v = 0 }, .{ .v = 0 } }
TUPLE_UNMATCHED domain=recursion_vm_public_claim_word hash=0005bf31dbe3bf84983a708bfbbbcfb93e819aa165f53d847cf29c48d1f71e8e residual={ .{ .v = 1 }, .{ .v = 0 }, .{ .v = 0 }, .{ .v = 0 } } prefix={ .{ .v = 2 }, .{ .v = 0 }, .{ .v = 0 }, .{ .v = 0 } },{ .{ .v = 7534 }, .{ .v = 0 }, .{ .v = 0 }, .{ .v = 0 } },{ .{ .v = 0 }, .{ .v = 0 }, .{ .v = 0 }, .{ .v = 0 } }, contributions=1
  component=12 event=2 role=emit weight={ .{ .v = 1 }, .{ .v = 0 }, .{ .v = 0 }, .{ .v = 0 } }
TUPLE_UNMATCHED domain=recursion_vm_public_claim_word hash=000e99e281d22d3e6e85bafa70588713cc3012bfc069e480b90ec2aef69928d9 residual={ .{ .v = 1 }, .{ .v = 0 }, .{ .v = 0 }, .{ .v = 0 } } prefix={ .{ .v = 2 }, .{ .v = 0 }, .{ .v = 0 }, .{ .v = 0 } },{ .{ .v = 3506 }, .{ .v = 0 }, .{ .v = 0 }, .{ .v = 0 } },{ .{ .v = 0 }, .{ .v = 0 }, .{ .v = 0 }, .{ .v = 0 } }, contributions=1
  component=12 event=2 role=emit weight={ .{ .v = 1 }, .{ .v = 0 }, .{ .v = 0 }, .{ .v = 0 } }
TUPLE_UNMATCHED domain=recursion_vm_public_claim_word hash=00113752020c23ed8b2f8914a1efc664057e6dca4b3547d4fb0823dbefb3a6f7 residual={ .{ .v = 1 }, .{ .v = 0 }, .{ .v = 0 }, .{ .v = 0 } } prefix={ .{ .v = 2 }, .{ .v = 0 }, .{ .v = 0 }, .{ .v = 0 } },{ .{ .v = 6357 }, .{ .v = 0 }, .{ .v = 0 }, .{ .v = 0 } },{ .{ .v = 0 }, .{ .v = 0 }, .{ .v = 0 }, .{ .v = 0 } }, contributions=1
  component=12 event=2 role=emit weight={ .{ .v = 1 }, .{ .v = 0 }, .{ .v = 0 }, .{ .v = 0 } }
TUPLE_UNMATCHED domain=recursion_vm_public_claim_byte hash=00081e9d373f97d8556c43c2c0cbbe8d91f5e5783dfd81b385b433b819e3571f residual={ .{ .v = 1 }, .{ .v = 0 }, .{ .v = 0 }, .{ .v = 0 } } prefix={ .{ .v = 9196 }, .{ .v = 0 }, .{ .v = 0 }, .{ .v = 0 } },{ .{ .v = 0 }, .{ .v = 0 }, .{ .v = 0 }, .{ .v = 0 } },{ .{ .v = 0 }, .{ .v = 0 }, .{ .v = 0 }, .{ .v = 0 } }, contributions=1
  component=12 event=6 role=emit weight={ .{ .v = 1 }, .{ .v = 0 }, .{ .v = 0 }, .{ .v = 0 } }
TUPLE_UNMATCHED domain=recursion_vm_public_claim_byte hash=000d6088e82c38b3dbfe2573cebb25b0e56c933035ba8b845106850c6892a2b3 residual={ .{ .v = 1 }, .{ .v = 0 }, .{ .v = 0 }, .{ .v = 0 } } prefix={ .{ .v = 1607 }, .{ .v = 0 }, .{ .v = 0 }, .{ .v = 0 } },{ .{ .v = 0 }, .{ .v = 0 }, .{ .v = 0 }, .{ .v = 0 } },{ .{ .v = 0 }, .{ .v = 0 }, .{ .v = 0 }, .{ .v = 0 } }, contributions=1
  component=12 event=6 role=emit weight={ .{ .v = 1 }, .{ .v = 0 }, .{ .v = 0 }, .{ .v = 0 } }
TUPLE_UNMATCHED domain=recursion_vm_public_claim_byte hash=000ebb3b27eb59d09af18e32e2fc57ad1593f38afe03f3ca44c559a57213c902 residual={ .{ .v = 1 }, .{ .v = 0 }, .{ .v = 0 }, .{ .v = 0 } } prefix={ .{ .v = 8017 }, .{ .v = 0 }, .{ .v = 0 }, .{ .v = 0 } },{ .{ .v = 1 }, .{ .v = 0 }, .{ .v = 0 }, .{ .v = 0 } },{ .{ .v = 0 }, .{ .v = 0 }, .{ .v = 0 }, .{ .v = 0 } }, contributions=1
  component=12 event=7 role=emit weight={ .{ .v = 1 }, .{ .v = 0 }, .{ .v = 0 }, .{ .v = 0 } }
ETHEREUM_INCREMENTAL_ROLE0_REQUEST outcome=failed
ETHEREUM_INCREMENTAL_ROLE0_PHASE phase=total source=darwin_proc_pid_rusage_v6 wall_ns=249106688875 process_cpu_ns=246524846833 parallelism_milli=989 peak_footprint_bytes=38637383976 energy_nj=1252220281673 instructions=4598442680078 cycles=980831291774 workers=1 host_byte_budget=8589934592
ETHEREUM_ROLE0_SAVED_WRAPPER_STAGE=cohort error=EthereumIncrementalTupleNotClosedV4
error: while executing test 'recursive_common_ethereum_incremental_leaf_universal_proof_v4_genuine_test.test.role0 saved Stage101 pair closes the complete statement-root cohort', the following test command failed:
./.zig-cache/o/119ed85c9de5e415d337528d652ebbbb/test --cache-dir=./.zig-cache --seed=0xf6f1db1a --listen=-

Build Summary: 1/4 steps succeeded; 1 failed; 0/1 tests passed; 1 failed
test-ethereum-statement-root-cohort-replay transitive failure
+- saved Ethereum complete root cohort guard transitive failure
   +- run test 0/1 passed, 1 failed
      +- compile test ReleaseSafe native success 1m MaxRSS:3G

error: the following build command failed with exit code 1:
.zig-cache/o/fdacb6ef517ae85e4931f66adaea1f11/build /opt/homebrew/Cellar/zig/0.15.2/bin/zig /opt/homebrew/Cellar/zig/0.15.2/lib/zig /Users/theodorepender/Coding/stark-proving-engineering/stwo-zig/src/integrations/riscv_cpu .zig-cache /Users/theodorepender/.cache/zig --seed 0xf6f1db1a -Z1f9a34f100b7172e --maxrss 25769803776 -j1 test-ethereum-statement-root-cohort-replay -Doptimize=ReleaseSafe -Dethereum-proof-strip=true --summary all
