DETACHED_PARENT_PCS_PHASE lane=1 selected_lane_only=true capture_ns=220327292 plans_ns=3239791 authority_ns=471938834 rows_ns=321689208
DETACHED_PARENT_CHILD_PHASE lane=1 prefix_ns=168166 transcript_ns=153042 pcs_ns=1017256208 boundary_ns=7848917 composition_ns=7077958
DETACHED_PARENT_CHILD lane=1 preparation_ns=1032529375
DETACHED_PARENT_PCS_PHASE lane=2 selected_lane_only=true capture_ns=218442334 plans_ns=3224500 authority_ns=470447791 rows_ns=320417667
DETACHED_PARENT_CHILD_PHASE lane=2 prefix_ns=144375 transcript_ns=69709 pcs_ns=1012569041 boundary_ns=7872917 composition_ns=7030167
DETACHED_PARENT_CHILD lane=2 preparation_ns=2060237291
riscv_detached_arithmetic_fusion lane=501 dot4_rows=395 multiply_add_rows=8779
riscv_detached_arithmetic_fusion lane=511 dot4_rows=2616 multiply_add_rows=3495
riscv_detached_arithmetic_fusion lane=412 dot4_rows=105869 multiply_add_rows=32356
riscv_detached_arithmetic_fusion lane=402 dot4_rows=5790 multiply_add_rows=103659
riscv_detached_arithmetic_fusion lane=502 dot4_rows=395 multiply_add_rows=8779
riscv_detached_arithmetic_fusion lane=512 dot4_rows=2616 multiply_add_rows=3495
riscv_detached_arithmetic_fusion lane=413 dot4_rows=105869 multiply_add_rows=32356
riscv_detached_arithmetic_fusion lane=403 dot4_rows=5790 multiply_add_rows=103659
riscv_detached_arithmetic_fusion lane=521 dot4_rows=2592 multiply_add_rows=2612
DETACHED_PARENT_ROW row=0 rows=6378 logical_bytes=306144
DETACHED_PARENT_ROW row=1 rows=2768 logical_bytes=531456
DETACHED_PARENT_ROW row=2 rows=2768 logical_bytes=409664
DETACHED_PARENT_ROW row=3 rows=206 logical_bytes=29664
DETACHED_PARENT_ROW row=4 rows=20496 logical_bytes=1557696
DETACHED_PARENT_ROW row=5 rows=18892 logical_bytes=1586928
DETACHED_PARENT_ROW row=6 rows=4 logical_bytes=1088
DETACHED_PARENT_ROW row=7 rows=4 logical_bytes=240
DETACHED_PARENT_ROW row=8 rows=94 logical_bytes=9400
DETACHED_PARENT_ROW row=9 rows=66 logical_bytes=8448
DETACHED_PARENT_ROW row=10 rows=8 logical_bytes=736
DETACHED_PARENT_ROW row=11 rows=61669 logical_bytes=5673548
DETACHED_PARENT_ROW row=12 rows=0 logical_bytes=0
DETACHED_PARENT_ROW row=13 rows=80125 logical_bytes=3205000
DETACHED_PARENT_ROW row=14 rows=231932 logical_bytes=50097312
DETACHED_PARENT_ROW row=20 rows=386 logical_bytes=114256
DETACHED_PARENT_ROW row=21 rows=6176 logical_bytes=2593920
DETACHED_PARENT_ROW row=22 rows=18 logical_bytes=1368
DETACHED_PARENT_ROW row=23 rows=94956 logical_bytes=33044688
DETACHED_PARENT_ROW row=24 rows=782056 logical_bytes=81333824
DETACHED_PARENT_ROW row=25 rows=23160 logical_bytes=8708160
DETACHED_PARENT_ROW row=26 rows=5790 logical_bytes=972720
DETACHED_PARENT_ROW row=27 rows=1930 logical_bytes=216160
DETACHED_PARENT_ROW row=28 rows=2702 logical_bytes=237776
DETACHED_PARENT_ROW row=29 rows=141326 logical_bytes=16959120
DETACHED_PARENT_ROW row=30 rows=678113 logical_bytes=73236204
DETACHED_PARENT_ROW row=31 rows=36030 logical_bytes=4611840
DETACHED_PARENT_ROW row=32 rows=217792 logical_bytes=44429568
DETACHED_PARENT_ROW row=33 rows=49794 logical_bytes=9162096
DETACHED_PARENT_PREPARATION rows_bytes=339039024 providers=176468 graph_ns=2350005375 snapshot_pending=true
PARENT_MAIN_FINALIZE preflight_ns=267042 main_fill_ns=96850875 source_projection_ns=846813167 range_fill_ns=716125 closure_ns=193752875
METAL_FRAMEWORK_INTERACTION rows=8192 batches=2 gpu_ms=0.05087500176159665
METAL_FRAMEWORK_INTERACTION rows=4096 batches=3 gpu_ms=0.10379166633356363
METAL_FRAMEWORK_INTERACTION rows=4096 batches=7 gpu_ms=0.12433333176886663
METAL_FRAMEWORK_INTERACTION rows=256 batches=6 gpu_ms=0.10179167293244973
METAL_FRAMEWORK_INTERACTION rows=32768 batches=1 gpu_ms=0.05400000372901559
METAL_FRAMEWORK_INTERACTION rows=32768 batches=1 gpu_ms=0.05645833152811974
METAL_FRAMEWORK_INTERACTION rows=16 batches=1 gpu_ms=0.03908333019353449
METAL_FRAMEWORK_INTERACTION rows=16 batches=1 gpu_ms=0.031958334147930145
METAL_FRAMEWORK_INTERACTION rows=128 batches=9 gpu_ms=0.11912500485777855
METAL_FRAMEWORK_INTERACTION rows=128 batches=5 gpu_ms=0.07995832856977358
METAL_FRAMEWORK_INTERACTION rows=16 batches=3 gpu_ms=0.050249997002538294
METAL_FRAMEWORK_INTERACTION rows=65536 batches=3 gpu_ms=0.16399999731220305
METAL_FRAMEWORK_INTERACTION rows=16 batches=17 gpu_ms=0.2262499983771704
METAL_FRAMEWORK_INTERACTION rows=131072 batches=1 gpu_ms=0.13962500088382512
METAL_FRAMEWORK_INTERACTION rows=262144 batches=5 gpu_ms=0.9014999959617853
METAL_FRAMEWORK_INTERACTION rows=512 batches=17 gpu_ms=0.22524999803863466
METAL_FRAMEWORK_INTERACTION rows=8192 batches=1 gpu_ms=0.07558333163615316
METAL_FRAMEWORK_INTERACTION rows=32 batches=5 gpu_ms=0.06837500404799357
METAL_FRAMEWORK_INTERACTION rows=131072 batches=7 gpu_ms=1.0990000009769574
METAL_FRAMEWORK_INTERACTION rows=1048576 batches=4 gpu_ms=2.353083335037809
METAL_FRAMEWORK_INTERACTION rows=32768 batches=7 gpu_ms=0.4680833299062215
METAL_FRAMEWORK_INTERACTION rows=8192 batches=3 gpu_ms=0.0927500004763715
METAL_FRAMEWORK_INTERACTION rows=2048 batches=3 gpu_ms=0.08449999586446211
METAL_FRAMEWORK_INTERACTION rows=4096 batches=2 gpu_ms=0.07187500159488991
METAL_FRAMEWORK_INTERACTION rows=262144 batches=5 gpu_ms=0.6495416673715226
METAL_FRAMEWORK_INTERACTION rows=1048576 batches=2 gpu_ms=1.7817083353293128
METAL_FRAMEWORK_INTERACTION rows=65536 batches=1 gpu_ms=0.0887916685314849
METAL_FRAMEWORK_INTERACTION rows=262144 batches=2 gpu_ms=0.5257499942672439
METAL_FRAMEWORK_INTERACTION rows=65536 batches=2 gpu_ms=0.2091249989462085
PARENT_INTERACTION_FILL preflight_ns=851041 typed_ns=183061125 poseidon_ns=10518584 range_ns=2312500
DETACHED_PARENT_TYPED_DEVICE_INTERACTION components=29 dispatches=116
info: resident framework composition: components=30 groups=13 gpu_ms=8.042
info: resident RISC-V semantic composition: 4 components, 4 kernels, 6.888 ms GPU
info: resident RISC-V lookup composition: 1 components, 1 kernels, 0.424 ms GPU
DETACHED_PARENT_STAGE_PROFILE {"schema_version":1,"runtime":"device","example":"detached-recursive-parent","stages":[{"id":"parent.fixed","label":"Fixed columns and key admission","seconds":0.3471,"children":null},{"id":"parent.main_fill","label":"Main column allocation","seconds":0.022786,"children":null},{"id":"parent.main_finalize","label":"Main filling, range construction and exact lookup closure","seconds":1.140825,"children":null},{"id":"parent.main_commit","label":"Main commitment","seconds":0.468538,"children":null},{"id":"parent.interaction_fill","label":"Transcript and interaction columns","seconds":0.211842,"children":null},{"id":"parent.interaction_commit","label":"Interaction commitment","seconds":0.248168,"children":null},{"id":"parent.components","label":"Typed component assembly","seconds":0.004083,"children":null},{"id":"draw_random_coeff","label":"Draw random coefficient","seconds":0.000002,"children":null},{"id":"composition_trace_extract","label":"Composition trace extract","seconds":0.000006,"children":null},{"id":"composition_evaluation","label":"Composition evaluation","seconds":0.102326,"children":null},{"id":"composition_interpolate_and_split","label":"Composition interpolate and split","seconds":0.002058,"children":null},{"id":"composition_commit","label":"Composition commit","seconds":0.017321,"children":null},{"id":"oods_point_and_mask_points","label":"OODS point and mask points","seconds":0.000092,"children":null},{"id":"sampled_value_evaluation","label":"Sampled-value evaluation","seconds":0.027049,"children":null},{"id":"sampled_value_channel_mix","label":"Sampled-value channel mix","seconds":0.000674,"children":null},{"id":"fri_quotient_build_and_commit","label":"FRI quotient build + commit (lazy)","seconds":0.084988,"children":null},{"id":"proof_of_work","label":"Proof of work","seconds":0.003975,"children":null},{"id":"fri_decommit","label":"FRI decommit","seconds":0.00242,"children":null},{"id":"trace_decommit","label":"Trace decommit","seconds":0.006035,"children":null},{"id":"constraint_check_and_assembly","label":"Constraint check and assembly","seconds":0.000295,"children":null},{"id":"parent.serialize","label":"Canonical proof serialization","seconds":0.00811,"children":null}]}
DETACHED_PARENT_PCS_PHASE lane=1 selected_lane_only=true capture_ns=219971083 plans_ns=3230375 authority_ns=470236209 rows_ns=321858791
DETACHED_PARENT_CHILD_PHASE lane=1 prefix_ns=163792 transcript_ns=133708 pcs_ns=1015333417 boundary_ns=7877625 composition_ns=7057458
DETACHED_PARENT_CHILD lane=1 preparation_ns=1030583875
DETACHED_PARENT_PCS_PHASE lane=2 selected_lane_only=true capture_ns=219187042 plans_ns=3253875 authority_ns=470037833 rows_ns=318474084
DETACHED_PARENT_CHILD_PHASE lane=2 prefix_ns=144000 transcript_ns=69416 pcs_ns=1010977750 boundary_ns=7840834 composition_ns=7050458
DETACHED_PARENT_CHILD lane=2 preparation_ns=2056686541
riscv_detached_arithmetic_fusion lane=501 dot4_rows=395 multiply_add_rows=8779
riscv_detached_arithmetic_fusion lane=511 dot4_rows=2616 multiply_add_rows=3495
riscv_detached_arithmetic_fusion lane=412 dot4_rows=105869 multiply_add_rows=32356
riscv_detached_arithmetic_fusion lane=402 dot4_rows=5790 multiply_add_rows=103659
riscv_detached_arithmetic_fusion lane=502 dot4_rows=395 multiply_add_rows=8779
riscv_detached_arithmetic_fusion lane=512 dot4_rows=2616 multiply_add_rows=3495
riscv_detached_arithmetic_fusion lane=413 dot4_rows=105869 multiply_add_rows=32356
riscv_detached_arithmetic_fusion lane=403 dot4_rows=5790 multiply_add_rows=103659
riscv_detached_arithmetic_fusion lane=521 dot4_rows=2592 multiply_add_rows=2612
DETACHED_PARENT_ROW row=0 rows=6378 logical_bytes=306144
DETACHED_PARENT_ROW row=1 rows=2768 logical_bytes=531456
DETACHED_PARENT_ROW row=2 rows=2768 logical_bytes=409664
DETACHED_PARENT_ROW row=3 rows=206 logical_bytes=29664
DETACHED_PARENT_ROW row=4 rows=20496 logical_bytes=1557696
DETACHED_PARENT_ROW row=5 rows=18892 logical_bytes=1586928
DETACHED_PARENT_ROW row=6 rows=4 logical_bytes=1088
DETACHED_PARENT_ROW row=7 rows=4 logical_bytes=240
DETACHED_PARENT_ROW row=8 rows=94 logical_bytes=9400
DETACHED_PARENT_ROW row=9 rows=66 logical_bytes=8448
DETACHED_PARENT_ROW row=10 rows=8 logical_bytes=736
DETACHED_PARENT_ROW row=11 rows=61669 logical_bytes=5673548
DETACHED_PARENT_ROW row=12 rows=0 logical_bytes=0
DETACHED_PARENT_ROW row=13 rows=80125 logical_bytes=3205000
DETACHED_PARENT_ROW row=14 rows=231932 logical_bytes=50097312
DETACHED_PARENT_ROW row=20 rows=386 logical_bytes=114256
DETACHED_PARENT_ROW row=21 rows=6176 logical_bytes=2593920
DETACHED_PARENT_ROW row=22 rows=18 logical_bytes=1368
DETACHED_PARENT_ROW row=23 rows=94956 logical_bytes=33044688
DETACHED_PARENT_ROW row=24 rows=782056 logical_bytes=81333824
DETACHED_PARENT_ROW row=25 rows=23160 logical_bytes=8708160
DETACHED_PARENT_ROW row=26 rows=5790 logical_bytes=972720
DETACHED_PARENT_ROW row=27 rows=1930 logical_bytes=216160
DETACHED_PARENT_ROW row=28 rows=2702 logical_bytes=237776
DETACHED_PARENT_ROW row=29 rows=141326 logical_bytes=16959120
DETACHED_PARENT_ROW row=30 rows=678113 logical_bytes=73236204
DETACHED_PARENT_ROW row=31 rows=36030 logical_bytes=4611840
DETACHED_PARENT_ROW row=32 rows=217792 logical_bytes=44429568
DETACHED_PARENT_ROW row=33 rows=49794 logical_bytes=9162096
DETACHED_PARENT_PREPARATION rows_bytes=339039024 providers=176468 graph_ns=2345921625 snapshot_pending=true
PARENT_MAIN_FINALIZE preflight_ns=357791 main_fill_ns=96885667 source_projection_ns=845718625 range_fill_ns=724125 closure_ns=194110833
METAL_FRAMEWORK_INTERACTION rows=8192 batches=2 gpu_ms=0.06233333260752261
METAL_FRAMEWORK_INTERACTION rows=4096 batches=3 gpu_ms=0.1062500014086254
METAL_FRAMEWORK_INTERACTION rows=4096 batches=7 gpu_ms=0.1257499970961362
METAL_FRAMEWORK_INTERACTION rows=256 batches=6 gpu_ms=0.10279166599502787
METAL_FRAMEWORK_INTERACTION rows=32768 batches=1 gpu_ms=0.05287500243866816
METAL_FRAMEWORK_INTERACTION rows=32768 batches=1 gpu_ms=0.054833333706483245
METAL_FRAMEWORK_INTERACTION rows=16 batches=1 gpu_ms=0.03999999898951501
METAL_FRAMEWORK_INTERACTION rows=16 batches=1 gpu_ms=0.032500000088475645
METAL_FRAMEWORK_INTERACTION rows=128 batches=9 gpu_ms=0.12024999887216836
METAL_FRAMEWORK_INTERACTION rows=128 batches=5 gpu_ms=0.08029166929190978
METAL_FRAMEWORK_INTERACTION rows=16 batches=3 gpu_ms=0.05137499829288572
METAL_FRAMEWORK_INTERACTION rows=65536 batches=3 gpu_ms=0.18575000285636634
METAL_FRAMEWORK_INTERACTION rows=16 batches=17 gpu_ms=0.2303750006831251
METAL_FRAMEWORK_INTERACTION rows=131072 batches=1 gpu_ms=0.14250000094762072
METAL_FRAMEWORK_INTERACTION rows=262144 batches=5 gpu_ms=0.9050416701938957
METAL_FRAMEWORK_INTERACTION rows=512 batches=17 gpu_ms=0.22500000341096893
METAL_FRAMEWORK_INTERACTION rows=8192 batches=1 gpu_ms=0.07712499791523442
METAL_FRAMEWORK_INTERACTION rows=32 batches=5 gpu_ms=0.07008333341218531
METAL_FRAMEWORK_INTERACTION rows=131072 batches=7 gpu_ms=1.0936249964288436
METAL_FRAMEWORK_INTERACTION rows=1048576 batches=4 gpu_ms=2.3445416663889773
METAL_FRAMEWORK_INTERACTION rows=32768 batches=7 gpu_ms=0.3705000053741969
METAL_FRAMEWORK_INTERACTION rows=8192 batches=3 gpu_ms=0.12308333680266514
METAL_FRAMEWORK_INTERACTION rows=2048 batches=3 gpu_ms=0.08437500218860805
METAL_FRAMEWORK_INTERACTION rows=4096 batches=2 gpu_ms=0.07579166413052008
METAL_FRAMEWORK_INTERACTION rows=262144 batches=5 gpu_ms=0.6166250022943132
METAL_FRAMEWORK_INTERACTION rows=1048576 batches=2 gpu_ms=1.770541668520309
METAL_FRAMEWORK_INTERACTION rows=65536 batches=1 gpu_ms=0.08720833284314722
METAL_FRAMEWORK_INTERACTION rows=262144 batches=2 gpu_ms=0.38824999501230195
METAL_FRAMEWORK_INTERACTION rows=65536 batches=2 gpu_ms=0.2226249998784624
PARENT_INTERACTION_FILL preflight_ns=909750 typed_ns=179072750 poseidon_ns=10379750 range_ns=2630041
DETACHED_PARENT_TYPED_DEVICE_INTERACTION components=29 dispatches=116
info: resident framework composition: components=30 groups=13 gpu_ms=8.095
info: resident RISC-V semantic composition: 4 components, 4 kernels, 6.993 ms GPU
info: resident RISC-V lookup composition: 1 components, 1 kernels, 0.431 ms GPU
DETACHED_PARENT_STAGE_PROFILE {"schema_version":1,"runtime":"device","example":"detached-recursive-parent","stages":[{"id":"parent.fixed","label":"Fixed columns and key admission","seconds":0.335056,"children":null},{"id":"parent.main_fill","label":"Main column allocation","seconds":0.024562,"children":null},{"id":"parent.main_finalize","label":"Main filling, range construction and exact lookup closure","seconds":1.14039,"children":null},{"id":"parent.main_commit","label":"Main commitment","seconds":0.472685,"children":null},{"id":"parent.interaction_fill","label":"Transcript and interaction columns","seconds":0.207518,"children":null},{"id":"parent.interaction_commit","label":"Interaction commitment","seconds":0.248204,"children":null},{"id":"parent.components","label":"Typed component assembly","seconds":0.004435,"children":null},{"id":"draw_random_coeff","label":"Draw random coefficient","seconds":0.000002,"children":null},{"id":"composition_trace_extract","label":"Composition trace extract","seconds":0.00001,"children":null},{"id":"composition_evaluation","label":"Composition evaluation","seconds":0.104124,"children":null},{"id":"composition_interpolate_and_split","label":"Composition interpolate and split","seconds":0.002117,"children":null},{"id":"composition_commit","label":"Composition commit","seconds":0.017497,"children":null},{"id":"oods_point_and_mask_points","label":"OODS point and mask points","seconds":0.000091,"children":null},{"id":"sampled_value_evaluation","label":"Sampled-value evaluation","seconds":0.030775,"children":null},{"id":"sampled_value_channel_mix","label":"Sampled-value channel mix","seconds":0.000676,"children":null},{"id":"fri_quotient_build_and_commit","label":"FRI quotient build + commit (lazy)","seconds":0.081398,"children":null},{"id":"proof_of_work","label":"Proof of work","seconds":0.003978,"children":null},{"id":"fri_decommit","label":"FRI decommit","seconds":0.002474,"children":null},{"id":"trace_decommit","label":"Trace decommit","seconds":0.006263,"children":null},{"id":"constraint_check_and_assembly","label":"Constraint check and assembly","seconds":0.000312,"children":null},{"id":"parent.serialize","label":"Canonical proof serialization","seconds":0.008201,"children":null}]}
DETACHED_PARENT_METAL dispatches=470 poseidon_commits=18 cpu_fallbacks=0 host_composition_components=0 pow_dispatches=4 runtime_released=true manifest_sha256=d3c68ca5dcfdb83c885c4bb81c6ba86cdc5501f1b8b4e19ba6f51fc3aa049899 profile=recursive_framework_v1 framework_dispatches=60
{"endpoint":"detached_parent_batch","reports":[{"endpoint":"segment_v2_detached_two_child_parent_candidate_q193","profile":"tiny-parent-root-v2","publication_mode":"root","proof_profile":"recursive_q193_v1","status":"unverified_candidate","verified":false,"development_only":true,"child_owners_destroyed":true,"producer_destroyed":true,"reused_admitted_parent_key":true,"child_key_sha256":[[214,60,24,215,93,161,32,69,64,54,137,18,21,60,2,66,153,247,215,93,214,71,196,191,90,67,15,158,29,129,78,111],[52,101,122,252,71,235,220,44,62,42,22,241,149,244,116,88,217,46,134,5,126,45,114,83,188,229,65,201,61,128,30,25]],"artifacts":{"key_sha256":[43,54,70,56,122,217,160,216,106,50,230,24,28,117,174,240,148,190,170,244,129,176,88,11,208,6,252,73,206,8,110,12],"claims_sha256":[49,178,150,212,209,141,148,238,219,93,40,66,239,70,211,225,229,134,73,248,37,59,245,119,205,108,37,34,142,53,78,179],"proof_sha256":[146,45,152,84,36,75,24,7,249,118,40,193,15,14,143,169,78,251,221,88,53,171,159,248,209,106,237,27,129,185,188,187],"proof_bytes":2297319},"candidate_root_words_sha256":[189,249,149,127,224,29,110,114,200,174,151,175,231,135,81,130,99,197,157,73,129,224,15,210,38,249,188,185,180,245,88,172],"circuit_identity":[71,179,224,242,26,78,39,100,147,248,87,173,160,231,54,27,230,179,68,85,24,188,217,151,168,142,210,196,246,195,105,67],"preparation_ns":2519502750,"key_preparation_ns":347101791,"proof_ns":2396460750,"request_ns":5434712541},{"endpoint":"segment_v2_detached_two_child_parent_candidate_q193","profile":"tiny-parent-root-v2","publication_mode":"root","proof_profile":"recursive_q193_v1","status":"unverified_candidate","verified":false,"development_only":true,"child_owners_destroyed":true,"producer_destroyed":true,"reused_admitted_parent_key":true,"child_key_sha256":[[214,60,24,215,93,161,32,69,64,54,137,18,21,60,2,66,153,247,215,93,214,71,196,191,90,67,15,158,29,129,78,111],[52,101,122,252,71,235,220,44,62,42,22,241,149,244,116,88,217,46,134,5,126,45,114,83,188,229,65,201,61,128,30,25]],"artifacts":{"key_sha256":[43,54,70,56,122,217,160,216,106,50,230,24,28,117,174,240,148,190,170,244,129,176,88,11,208,6,252,73,206,8,110,12],"claims_sha256":[49,178,150,212,209,141,148,238,219,93,40,66,239,70,211,225,229,134,73,248,37,59,245,119,205,108,37,34,142,53,78,179],"proof_sha256":[146,45,152,84,36,75,24,7,249,118,40,193,15,14,143,169,78,251,221,88,53,171,159,248,209,106,237,27,129,185,188,187],"proof_bytes":2297319},"candidate_root_words_sha256":[189,249,149,127,224,29,110,114,200,174,151,175,231,135,81,130,99,197,157,73,129,224,15,210,38,249,188,185,180,245,88,172],"circuit_identity":[71,179,224,242,26,78,39,100,147,248,87,173,160,231,54,27,230,179,68,85,24,188,217,151,168,142,210,196,246,195,105,67],"preparation_ns":2513874375,"key_preparation_ns":335051584,"proof_ns":2397943250,"request_ns":5415651709}],"plan_builds":1,"pcs_plan_builds":4,"pcs_plan_hits":0,"pcs_plan_retained_bytes":0,"requests":2,"retained_scratch_bytes":0,"elapsed_ns":10850367625}
       10.91 real         9.68 user         0.82 sys
          4393058304  maximum resident set size
                   0  average shared memory size
                   0  average unshared data size
                   0  average unshared stack size
             1193997  page reclaims
                   0  page faults
                   0  swaps
                   0  block input operations
                   0  block output operations
                   0  messages sent
                   0  messages received
                   0  signals received
                   0  voluntary context switches
                2592  involuntary context switches
        176469690929  instructions retired
         45292606839  cycles elapsed
          5516857472  peak memory footprint
