[zig_serial_build] another build holds /tmp/stwo-zig-build.lock; waiting
[zig_serial_build] acquired after 494s
test-riscv-blake3-ethereum-canonical-aggregation
+- riscv test suite guard
   +- run test 7/8 passed, 1 failed
error: 'prover.blake3_ethereum_segment_test.test.BLAKE3 Ethereum canonical segments prove full custody and aggregate root' failed: BLAKE3_NATIVE_QUERY_FUSION groups=18130 removed_scalars=72520
BLAKE3_NATIVE_FUSION dot4=793396 fma=159343 arithmetic_rows=1413714
BLAKE3_NATIVE_QUERY_FUSION groups=19110 removed_scalars=76440
BLAKE3_NATIVE_FUSION dot4=796641 fma=158954 arithmetic_rows=1417322
BLAKE3_ETHEREUM_SEGMENTS_PREPARED segments=2 cycles=7 retained_bytes=11906171864
BLAKE3_PARENT_WORKER_FAILURE phase=interaction_commitment error=ParentWorkerHostBudgetExceeded peak_bytes=51522018090 limit_bytes=51539607552
error: while executing test 'diagnostics.mod.test_0', the following test command failed:
./.zig-cache/products/riscv_cpu/o/e8f98ec973eb8d8c287cbd763541ae38/test --cache-dir=./.zig-cache/products/riscv_cpu --seed=0x6018d948 --listen=-

Build Summary: 1/4 steps succeeded; 1 failed; 7/8 tests passed; 1 failed
test-riscv-blake3-ethereum-canonical-aggregation transitive failure
+- riscv test suite guard transitive failure
   +- run test 7/8 passed, 1 failed

error: the following build command failed with exit code 1:
.zig-cache/products/riscv_cpu/o/5198e694c0e9362187be9bde9e44bd3a/build /opt/homebrew/Cellar/zig@0.15/0.15.2/bin/zig /opt/homebrew/Cellar/zig@0.15/0.15.2/lib/zig /Users/theodorepender/code/cryptography/stwo-zig/build_support .zig-cache/products/riscv_cpu /Users/theodorepender/.cache/zig --seed 0x6018d948 -Z0e619d51c5f6f65d test-riscv-blake3-ethereum-canonical-aggregation -p /Users/theodorepender/code/cryptography/stwo-zig/zig-out -Drepository-root=/Users/theodorepender/code/cryptography/stwo-zig -Dproduct-scope=riscv_cpu -Doptimize=ReleaseSafe --maxrss 25769803776 -j1 -Dimplementation-commit=1c6c81ecf98813ca3c91988888d9f2af6474763e -Dimplementation-dirty=true -Dimplementation-tree=8a77dd1fb15f570f432fdd3720e456411ae1bbdb -Dimplementation-dirty-content-sha256=4f7465a6f079aabec09f2b5cc761c17d790a123b1b8b6df1ff8f6b19b21207fe
test-riscv-blake3-ethereum-canonical-aggregation
+- run /opt/homebrew/Cellar/zig@0.15/0.15.2/bin/zig failure
error: the following command exited with error code 1:
/opt/homebrew/Cellar/zig@0.15/0.15.2/bin/zig build test-riscv-blake3-ethereum-canonical-aggregation --build-file /Users/theodorepender/code/cryptography/stwo-zig/build_support/internal_build.zig --cache-dir .zig-cache/products/riscv_cpu -p /Users/theodorepender/code/cryptography/stwo-zig/zig-out -Drepository-root=/Users/theodorepender/code/cryptography/stwo-zig -Dproduct-scope=riscv_cpu -Doptimize=ReleaseSafe --maxrss 25769803776 -j1 -Dimplementation-commit=1c6c81ecf98813ca3c91988888d9f2af6474763e -Dimplementation-dirty=true -Dimplementation-tree=8a77dd1fb15f570f432fdd3720e456411ae1bbdb -Dimplementation-dirty-content-sha256=4f7465a6f079aabec09f2b5cc761c17d790a123b1b8b6df1ff8f6b19b21207fe

Build Summary: 0/2 steps succeeded; 1 failed
test-riscv-blake3-ethereum-canonical-aggregation transitive failure
+- run /opt/homebrew/Cellar/zig@0.15/0.15.2/bin/zig failure

error: the following build command failed with exit code 1:
.zig-cache/o/89b0e8bea618db2d73f85343d3071e50/build /opt/homebrew/Cellar/zig@0.15/0.15.2/bin/zig /opt/homebrew/Cellar/zig@0.15/0.15.2/lib/zig /Users/theodorepender/code/cryptography/stwo-zig .zig-cache /Users/theodorepender/.cache/zig --seed 0xd29b08dc -Z84cfa4b22c49d819 --maxrss 25769803776 -j1 test-riscv-blake3-ethereum-canonical-aggregation -Doptimize=ReleaseSafe --summary all
