BLAKE3_WITNESS_STAGE_PROFILE {"schema_version":1,"runtime":"host","example":"blake3-ethereum-witness","stages":[{"id":"witness.precompile","label":"Preflight and precompile witness","seconds":0.010704,"children":null},{"id":"witness.memory","label":"Memory commitment plan","seconds":0.001891,"children":null},{"id":"witness.hashes","label":"Hash columns and witness","seconds":0.038918,"children":null},{"id":"witness.native","label":"Native execution columns","seconds":0.000975,"children":null},{"id":"witness.lookup_counts","label":"Shared lookup counts and statement","seconds":0.033483,"children":null}]}
full-width witness: steps=1828 hash_counts={ 63000, 18000, 21360, 11097, 848, 303, 303, 404 } hash_logs={ 16, 15, 15, 14, 10, 9, 9, 9 } live=84999952 peak=104175217
full-width shared-path geometry [program, initial, final]: { .{ .words = 404, .independent_compressions = 98576, .shared_compressions = 4894, .proved_compressions = 0, .leaves = 1616, .parents = 1639, .frontier = 24 }, .{ .words = 136, .independent_compressions = 8296, .shared_compressions = 516, .proved_compressions = 516, .leaves = 136, .parents = 190, .frontier = 55 }, .{ .words = 167, .independent_compressions = 10187, .shared_compressions = 609, .proved_compressions = 609, .leaves = 167, .parents = 221, .frontier = 55 } }
METAL_STREAM_LEAVES columns=213 log=19 tile_log=17 scratch_bytes=37748736 dispatches=56 gpu_ms=4.806
full-width admission: live=85688924 peak=178850813
METAL_STREAM_LEAVES columns=213 log=19 tile_log=17 scratch_bytes=37748736 dispatches=56 gpu_ms=4.363
METAL_STREAM_LEAVES columns=6793 log=19 tile_log=16 scratch_bytes=39845888 dispatches=3400 gpu_ms=66.993
METAL_FRAMEWORK_INTERACTION rows=65536 batches=33 gpu_ms=2.6127500168513507
METAL_FRAMEWORK_INTERACTION rows=32768 batches=4 gpu_ms=0.10991666931658983
METAL_FRAMEWORK_INTERACTION rows=32768 batches=1 gpu_ms=0.04500002251006663
METAL_FRAMEWORK_INTERACTION rows=16384 batches=2 gpu_ms=0.06074999691918492
METAL_FRAMEWORK_INTERACTION rows=1024 batches=2 gpu_ms=0.029000017093494534
METAL_FRAMEWORK_INTERACTION rows=512 batches=1 gpu_ms=0.028208334697410464
METAL_FRAMEWORK_INTERACTION rows=512 batches=2 gpu_ms=0.036375015042722225
METAL_FRAMEWORK_INTERACTION rows=512 batches=1 gpu_ms=0.017499987734481692
METAL_STREAM_LEAVES columns=7232 log=19 tile_log=16 scratch_bytes=39845888 dispatches=3616 gpu_ms=69.558
METAL_FRAMEWORK_COMPOSITION components=8 groups=5 gpu_ms=4.517
BLAKE3_EXECUTION_STAGE_PROFILE {"schema_version":1,"runtime":"native","example":"blake3-extension","stages":[{"id":"execution.fixed","label":"Admission and fixed commitment","seconds":0.043257,"children":null},{"id":"execution.main","label":"Main commitment","seconds":0.642826,"children":null},{"id":"execution.native_interaction","label":"Native interaction generation","seconds":0.010506,"children":null},{"id":"execution.hash_interaction","label":"Hash interaction generation","seconds":0.017382,"children":null},{"id":"execution.extension_interaction","label":"Precompile interaction generation","seconds":0.01644,"children":null},{"id":"execution.interaction_commit","label":"Interaction closure and commitment","seconds":0.672064,"children":null},{"id":"execution.core","label":"Core STARK proof","seconds":0.217717,"children":[{"id":"draw_random_coeff","label":"Draw random coefficient","seconds":0,"children":null},{"id":"composition_trace_extract","label":"Composition trace extract","seconds":0.000051,"children":null},{"id":"composition_evaluation","label":"Composition evaluation","seconds":0.064774,"children":null},{"id":"composition_interpolate_and_split","label":"Composition interpolate and split","seconds":0.001951,"children":null},{"id":"composition_commit","label":"Composition commit","seconds":0.00412,"children":null},{"id":"oods_point_and_mask_points","label":"OODS point and mask points","seconds":0.000696,"children":null},{"id":"sampled_value_evaluation","label":"Sampled-value evaluation","seconds":0.03987,"children":null},{"id":"sampled_value_channel_mix","label":"Sampled-value channel mix","seconds":0.00099,"children":null},{"id":"fri_quotient_build_and_commit","label":"FRI quotient build + commit (lazy)","seconds":0.096742,"children":null},{"id":"proof_of_work","label":"Proof of work","seconds":0.00164,"children":null},{"id":"fri_decommit","label":"FRI decommit","seconds":0.001252,"children":null},{"id":"trace_decommit","label":"Trace decommit","seconds":0.002638,"children":null},{"id":"constraint_check_and_assembly","label":"Constraint check and assembly","seconds":0.000783,"children":null}]}]}
full-width host budget: peak=607613307 limit=38654705664 exceeded=false error=UntrustedExecutionKey
error: UntrustedExecutionKey
