test-blake3-native-tree-aot
+- run test stderr
BLAKE3_NATIVE_HASH_DEVICE covered=8/8
CANONICAL_PARENT_ALLOCATOR mode=smp
BLAKE3_NATIVE_QUERY_FUSION groups=7280 removed_scalars=29120
BLAKE3_NATIVE_FUSION dot4=14929 fma=56644 arithmetic_rows=159724
BLAKE3_NATIVE_QUERY_FUSION groups=7280 removed_scalars=29120
BLAKE3_NATIVE_FUSION dot4=14929 fma=56646 arithmetic_rows=159720
CANONICAL_TREE_LEAF_POOL workers=8
CANONICAL_TREE_PHASE phase=leaf_pair_proof_and_preparation ns=5313577083
METAL_FRAMEWORK_INTERACTION rows=4194304 batches=28 gpu_ms=116.22825000085868
METAL_FRAMEWORK_INTERACTION rows=2097152 batches=4 gpu_ms=4.430250002769753
METAL_FRAMEWORK_INTERACTION rows=2097152 batches=1 gpu_ms=3.057041671127081
METAL_FRAMEWORK_INTERACTION rows=1048576 batches=2 gpu_ms=1.9489166734274477
METAL_FRAMEWORK_INTERACTION rows=262144 batches=2 gpu_ms=0.2751666761469096
CANONICAL_TREE_PHASE phase=aggregate_proof_and_checks height=1 ns=5451198500
BLAKE3_TREE_NODE verified=true height=1 artifact_bytes=845993 queries=70 pow_bits=26
BLAKE3_NATIVE_QUERY_FUSION groups=7420 removed_scalars=29680
BLAKE3_NATIVE_FUSION dot4=13774 fma=56458 arithmetic_rows=157859
BLAKE3_NATIVE_QUERY_FUSION groups=8260 removed_scalars=33040
BLAKE3_NATIVE_FUSION dot4=17883 fma=58717 arithmetic_rows=167838
CANONICAL_TREE_LEAF_POOL workers=8
CANONICAL_TREE_PHASE phase=leaf_pair_proof_and_preparation ns=5730436875
METAL_FRAMEWORK_INTERACTION rows=4194304 batches=28 gpu_ms=116.87241666368209
METAL_FRAMEWORK_INTERACTION rows=2097152 batches=4 gpu_ms=4.418583324877545
METAL_FRAMEWORK_INTERACTION rows=2097152 batches=1 gpu_ms=3.056874993490055
METAL_FRAMEWORK_INTERACTION rows=1048576 batches=2 gpu_ms=2.15087499236688
METAL_FRAMEWORK_INTERACTION rows=262144 batches=2 gpu_ms=0.29525000718422234
CANONICAL_TREE_PHASE phase=aggregate_proof_and_checks height=1 ns=5412721583
BLAKE3_TREE_NODE verified=true height=1 artifact_bytes=849496 queries=70 pow_bits=26
BLAKE3_NATIVE_QUERY_FUSION groups=17570 removed_scalars=70280
BLAKE3_NATIVE_FUSION dot4=27604 fma=81749 arithmetic_rows=230269
BLAKE3_NATIVE_QUERY_FUSION groups=17570 removed_scalars=70280
BLAKE3_NATIVE_FUSION dot4=27604 fma=81749 arithmetic_rows=230269
CANONICAL_TREE_CHILD_PREPARATION workers=2 reused_after_failure=true
CANONICAL_TREE_PHASE phase=root_preparation ns=4090780333
METAL_FRAMEWORK_INTERACTION rows=8388608 batches=28 gpu_ms=232.98483333201148
METAL_FRAMEWORK_INTERACTION rows=2097152 batches=4 gpu_ms=4.429000022355467
METAL_FRAMEWORK_INTERACTION rows=2097152 batches=1 gpu_ms=3.0345833220053464
METAL_FRAMEWORK_INTERACTION rows=2097152 batches=2 gpu_ms=4.188874998362735
METAL_FRAMEWORK_INTERACTION rows=524288 batches=2 gpu_ms=0.5376249901019037
CANONICAL_TREE_PHASE phase=aggregate_proof_and_checks height=2 ns=10363804833
BLAKE3_TREE_NODE verified=true height=2 artifact_bytes=889364 queries=70 pow_bits=26
CANONICAL_TREE_BUDGET peak_bytes=26459992736 limit_bytes=51539607552
BLAKE3_TREE_PARAMETERS leaf_queries=70 leaf_pow_bits=26 parent_queries=70 parent_pow_bits=26 canonical=true
BLAKE3_TREE verified=true leaves=4 aggregate_levels=2 cycles=6 retained_root_rows=4199425192

Build Summary: 3/3 steps succeeded; 7/7 tests passed
test-blake3-native-tree-aot success
+- run test 7 passed 37s MaxRSS:37G
   +- compile test ReleaseFast native success 1m MaxRSS:2G

