DETACHED_PARENT_PCS_PHASE lane=1 selected_lane_only=true capture_ns=218096291 plans_ns=3272209 authority_ns=467594166 rows_ns=323213459
DETACHED_PARENT_CHILD_PHASE lane=1 prefix_ns=166583 transcript_ns=142709 pcs_ns=1012234583 boundary_ns=7779375 composition_ns=7073208
DETACHED_PARENT_CHILD lane=1 preparation_ns=1027419083
DETACHED_PARENT_PCS_PHASE lane=2 selected_lane_only=true capture_ns=217933917 plans_ns=3269208 authority_ns=468172750 rows_ns=331615709
DETACHED_PARENT_CHILD_PHASE lane=2 prefix_ns=144666 transcript_ns=69334 pcs_ns=1021021250 boundary_ns=7825083 composition_ns=7120792
DETACHED_PARENT_CHILD lane=2 preparation_ns=2063623167
riscv_detached_arithmetic_fusion lane=501 dot4_rows=395 multiply_add_rows=8779
riscv_detached_arithmetic_fusion lane=511 dot4_rows=2616 multiply_add_rows=3495
riscv_detached_arithmetic_fusion lane=412 dot4_rows=105869 multiply_add_rows=32356
riscv_detached_arithmetic_fusion lane=402 dot4_rows=5790 multiply_add_rows=103659
riscv_detached_arithmetic_fusion lane=502 dot4_rows=395 multiply_add_rows=8779
riscv_detached_arithmetic_fusion lane=512 dot4_rows=2616 multiply_add_rows=3495
riscv_detached_arithmetic_fusion lane=413 dot4_rows=105869 multiply_add_rows=32356
riscv_detached_arithmetic_fusion lane=403 dot4_rows=5790 multiply_add_rows=103659
riscv_detached_arithmetic_fusion lane=521 dot4_rows=2592 multiply_add_rows=2612
DETACHED_PARENT_ROW row=0 rows=6378 logical_bytes=306144
DETACHED_PARENT_ROW row=1 rows=2768 logical_bytes=531456
DETACHED_PARENT_ROW row=2 rows=2768 logical_bytes=409664
DETACHED_PARENT_ROW row=3 rows=206 logical_bytes=29664
DETACHED_PARENT_ROW row=4 rows=20496 logical_bytes=1557696
DETACHED_PARENT_ROW row=5 rows=18892 logical_bytes=1586928
DETACHED_PARENT_ROW row=6 rows=4 logical_bytes=1088
DETACHED_PARENT_ROW row=7 rows=4 logical_bytes=240
DETACHED_PARENT_ROW row=8 rows=94 logical_bytes=9400
DETACHED_PARENT_ROW row=9 rows=66 logical_bytes=8448
DETACHED_PARENT_ROW row=10 rows=8 logical_bytes=736
DETACHED_PARENT_ROW row=11 rows=61669 logical_bytes=5673548
DETACHED_PARENT_ROW row=12 rows=0 logical_bytes=0
DETACHED_PARENT_ROW row=13 rows=80125 logical_bytes=3205000
DETACHED_PARENT_ROW row=14 rows=231932 logical_bytes=50097312
DETACHED_PARENT_ROW row=20 rows=386 logical_bytes=114256
DETACHED_PARENT_ROW row=21 rows=6176 logical_bytes=2593920
DETACHED_PARENT_ROW row=22 rows=18 logical_bytes=1368
DETACHED_PARENT_ROW row=23 rows=94956 logical_bytes=33044688
DETACHED_PARENT_ROW row=24 rows=782056 logical_bytes=81333824
DETACHED_PARENT_ROW row=25 rows=23160 logical_bytes=8708160
DETACHED_PARENT_ROW row=26 rows=5790 logical_bytes=972720
DETACHED_PARENT_ROW row=27 rows=1930 logical_bytes=216160
DETACHED_PARENT_ROW row=28 rows=2702 logical_bytes=237776
DETACHED_PARENT_ROW row=29 rows=141326 logical_bytes=16959120
DETACHED_PARENT_ROW row=30 rows=678113 logical_bytes=73236204
DETACHED_PARENT_ROW row=31 rows=36030 logical_bytes=4611840
DETACHED_PARENT_ROW row=32 rows=217792 logical_bytes=44429568
DETACHED_PARENT_ROW row=33 rows=49794 logical_bytes=9162096
DETACHED_PARENT_PREPARATION rows_bytes=339039024 providers=176468 graph_ns=2357396208 snapshot_pending=true
PARENT_MAIN_FINALIZE preflight_ns=277667 main_fill_ns=119540333 source_projection_ns=856785500 range_fill_ns=741417 closure_ns=199224167
PARENT_INTERACTION_FILL preflight_ns=847125 typed_ns=1238726291 poseidon_ns=10648709 range_ns=2678875
DETACHED_PARENT_STAGE_PROFILE {"schema_version":1,"runtime":"cpu","example":"detached-recursive-parent","stages":[{"id":"parent.fixed","label":"Fixed columns and key admission","seconds":0.858658,"children":null},{"id":"parent.main_fill","label":"Main column allocation","seconds":0.027024,"children":null},{"id":"parent.main_finalize","label":"Main filling, range construction and exact lookup closure","seconds":1.179917,"children":null},{"id":"parent.main_commit","label":"Main commitment","seconds":0.971352,"children":null},{"id":"parent.interaction_fill","label":"Transcript and interaction columns","seconds":1.264274,"children":null},{"id":"parent.interaction_commit","label":"Interaction commitment","seconds":0.634204,"children":null},{"id":"parent.components","label":"Typed component assembly","seconds":0.004402,"children":null},{"id":"draw_random_coeff","label":"Draw random coefficient","seconds":0.000001,"children":null},{"id":"composition_trace_extract","label":"Composition trace extract","seconds":0.000011,"children":null},{"id":"composition_evaluation","label":"Composition evaluation","seconds":0.699681,"children":null},{"id":"composition_interpolate_and_split","label":"Composition interpolate and split","seconds":0.00506,"children":null},{"id":"composition_commit","label":"Composition commit","seconds":0.115891,"children":null},{"id":"oods_point_and_mask_points","label":"OODS point and mask points","seconds":0.000109,"children":null},{"id":"sampled_value_evaluation","label":"Sampled-value evaluation","seconds":0.084097,"children":null},{"id":"sampled_value_channel_mix","label":"Sampled-value channel mix","seconds":0.000762,"children":null},{"id":"fri_quotient_build_and_commit","label":"FRI quotient build + commit (lazy)","seconds":0.308943,"children":null},{"id":"proof_of_work","label":"Proof of work","seconds":0.030823,"children":null},{"id":"fri_decommit","label":"FRI decommit","seconds":0.02933,"children":null},{"id":"trace_decommit","label":"Trace decommit","seconds":0.002552,"children":null},{"id":"constraint_check_and_assembly","label":"Constraint check and assembly","seconds":0.000294,"children":null},{"id":"parent.serialize","label":"Canonical proof serialization","seconds":0.004443,"children":null}]}
{"endpoint":"segment_v2_detached_two_child_parent_candidate_q193","profile":"tiny-parent-root-v2","publication_mode":"root","proof_profile":"recursive_q193_v1","status":"unverified_candidate","verified":false,"development_only":true,"child_owners_destroyed":true,"producer_destroyed":true,"reused_admitted_parent_key":true,"child_key_sha256":[[214,60,24,215,93,161,32,69,64,54,137,18,21,60,2,66,153,247,215,93,214,71,196,191,90,67,15,158,29,129,78,111],[52,101,122,252,71,235,220,44,62,42,22,241,149,244,116,88,217,46,134,5,126,45,114,83,188,229,65,201,61,128,30,25]],"artifacts":{"key_sha256":[43,54,70,56,122,217,160,216,106,50,230,24,28,117,174,240,148,190,170,244,129,176,88,11,208,6,252,73,206,8,110,12],"claims_sha256":[49,178,150,212,209,141,148,238,219,93,40,66,239,70,211,225,229,134,73,248,37,59,245,119,205,108,37,34,142,53,78,179],"proof_sha256":[146,45,152,84,36,75,24,7,249,118,40,193,15,14,143,169,78,251,221,88,53,171,159,248,209,106,237,27,129,185,188,187],"proof_bytes":2297319},"candidate_root_words_sha256":[189,249,149,127,224,29,110,114,200,174,151,175,231,135,81,130,99,197,157,73,129,224,15,210,38,249,188,185,180,245,88,172],"circuit_identity":[71,179,224,242,26,78,39,100,147,248,87,173,160,231,54,27,230,179,68,85,24,188,217,151,168,142,210,196,246,195,105,67],"preparation_ns":2529714792,"key_preparation_ns":858651709,"proof_ns":5403438041,"request_ns":8965089292}
        8.97 real        54.94 user         0.54 sys
          3898261504  maximum resident set size
                   0  average shared memory size
                   0  average unshared data size
                   0  average unshared stack size
              575915  page reclaims
                   0  page faults
                   0  swaps
                   0  block input operations
                   0  block output operations
                   0  messages sent
                   0  messages received
                   0  signals received
                   0  voluntary context switches
               30670  involuntary context switches
        797034108172  instructions retired
        230913198584  cycles elapsed
          3894251096  peak memory footprint
