BLAKE3_WITNESS_STAGE_PROFILE {"schema_version":1,"runtime":"host","example":"blake3-ethereum-witness","stages":[{"id":"witness.precompile","label":"Preflight and precompile witness","seconds":0.010725,"children":null},{"id":"witness.memory","label":"Memory commitment plan","seconds":0.001849,"children":null},{"id":"witness.hashes","label":"Hash columns and witness","seconds":0.040016,"children":null},{"id":"witness.native","label":"Native execution columns","seconds":0.000961,"children":null},{"id":"witness.lookup_counts","label":"Shared lookup counts and statement","seconds":0.034573,"children":null}]}
full-width witness: steps=1828 hash_counts={ 63000, 18000, 21360, 11097, 848, 303, 303, 404 } hash_logs={ 16, 15, 15, 14, 10, 9, 9, 9 } live=84999952 peak=104175217
full-width shared-path geometry [program, initial, final]: { .{ .words = 404, .independent_compressions = 98576, .shared_compressions = 4894, .proved_compressions = 0, .leaves = 1616, .parents = 1639, .frontier = 24 }, .{ .words = 136, .independent_compressions = 8296, .shared_compressions = 516, .proved_compressions = 516, .leaves = 136, .parents = 190, .frontier = 55 }, .{ .words = 167, .independent_compressions = 10187, .shared_compressions = 609, .proved_compressions = 609, .leaves = 167, .parents = 221, .frontier = 55 } }
full-width admission: live=85688924 peak=236435854
METAL_FRAMEWORK_INTERACTION rows=65536 batches=33 gpu_ms=7.228999980725348
METAL_FRAMEWORK_INTERACTION rows=32768 batches=4 gpu_ms=0.14316666056402028
METAL_FRAMEWORK_INTERACTION rows=32768 batches=1 gpu_ms=0.1471250143367797
METAL_FRAMEWORK_INTERACTION rows=16384 batches=2 gpu_ms=0.1802500046323985
METAL_FRAMEWORK_INTERACTION rows=1024 batches=2 gpu_ms=0.10745832696557045
METAL_FRAMEWORK_INTERACTION rows=512 batches=1 gpu_ms=0.04470831481739879
METAL_FRAMEWORK_INTERACTION rows=512 batches=2 gpu_ms=0.049875001423060894
METAL_FRAMEWORK_INTERACTION rows=512 batches=1 gpu_ms=0.024625012883916497
METAL_FRAMEWORK_ADMISSION name=stwo_zig_framework_poly_v1_db2d826113e988cb6087f10b7798b9d701f7bbc3d5a7696f826e949b697eb23b supported=false
METAL_FRAMEWORK_ADMISSION name=stwo_zig_framework_poly_v1_42f16a1c94050f4201bbdda0e54ee9a41eed1b8659482e30a94d9724d88d4d4e supported=false
METAL_FRAMEWORK_ADMISSION name=stwo_zig_framework_poly_v1_42f16a1c94050f4201bbdda0e54ee9a41eed1b8659482e30a94d9724d88d4d4e supported=false
METAL_FRAMEWORK_ADMISSION name=stwo_zig_framework_poly_v1_21687c132fcb5f229a4a6d51f9b814c8ec6bffaa13568c710287ad9ec7adf8a5 supported=false
METAL_FRAMEWORK_ADMISSION name=stwo_zig_framework_poly_v1_d0f1c5631864cbd203972427017e081cf3c7d36043ebf5bc4051c2e657851eb0 supported=false
METAL_FRAMEWORK_ADMISSION name=stwo_zig_framework_poly_v1_8851f45c871c82103683c4beb479378d482313adb30fc9ee5b7111355a68267d supported=false
METAL_FRAMEWORK_ADMISSION name=stwo_zig_framework_poly_v1_191d507581e08519d7d1ed271a5d0aded3e151e0e61ed7028c68dc9267fcf39f supported=true
METAL_FRAMEWORK_ADMISSION name=stwo_zig_framework_poly_v1_14fd127befc138e59e7bd018171534722c4e35f018f049ff3411bbb987bbd92f supported=true
METAL_FRAMEWORK_ADMISSION name=stwo_zig_framework_poly_v1_3cf90e2e9f42306556486b60b704dacd35b2ae0ca8e8dc82d094c24e878dec08 supported=true
METAL_FRAMEWORK_ADMISSION name=stwo_zig_framework_poly_v1_f75d65c0d545ba7c86fe825fd6bb72cc3206fd05d304b008bac279fa5364ded7 supported=true
METAL_FRAMEWORK_ADMISSION name=stwo_zig_framework_poly_v1_72044ffd5100747bfbbb99fa4510e30bfabea6e957ad8af3fd7ecfcd24267fd3 supported=true
METAL_FRAMEWORK_ADMISSION name=stwo_zig_framework_poly_v1_49cfc130b5919dcc71f5ede1ebc4670d768c75de281cbc2b61afdd57895f85d5 supported=true
METAL_FRAMEWORK_ADMISSION name=stwo_zig_framework_poly_v1_e0ee3bbc99efb45a130369bedeb3ed37a3c2b1a33ce09945ec5f47795a94726a supported=true
METAL_FRAMEWORK_ADMISSION name=stwo_zig_framework_poly_v1_64c7692789702f479217419ea05af67c8163b99191c8278fc8fca40eb12e30e0 supported=true
METAL_COMPOSITION_ADMISSION base=11 lookup=11 framework=8 resident_handles={ null, null, null }
BLAKE3_EXECUTION_STAGE_PROFILE {"schema_version":1,"runtime":"native","example":"blake3-extension","stages":[{"id":"execution.fixed","label":"Admission and fixed commitment","seconds":0.040176,"children":null},{"id":"execution.main","label":"Main commitment","seconds":0.087828,"children":null},{"id":"execution.native_interaction","label":"Native interaction generation","seconds":0.011022,"children":null},{"id":"execution.hash_interaction","label":"Hash interaction generation","seconds":0.025599,"children":null},{"id":"execution.extension_interaction","label":"Precompile interaction generation","seconds":0.016557,"children":null},{"id":"execution.interaction_commit","label":"Interaction closure and commitment","seconds":0.086476,"children":null},{"id":"execution.core","label":"Core STARK proof","seconds":0.469541,"children":[{"id":"draw_random_coeff","label":"Draw random coefficient","seconds":0,"children":null},{"id":"composition_trace_extract","label":"Composition trace extract","seconds":0.000048,"children":null},{"id":"composition_evaluation","label":"Composition evaluation","seconds":0.303609,"children":null},{"id":"composition_interpolate_and_split","label":"Composition interpolate and split","seconds":0.00152,"children":null},{"id":"composition_commit","label":"Composition commit","seconds":0.004056,"children":null},{"id":"oods_point_and_mask_points","label":"OODS point and mask points","seconds":0.000763,"children":null},{"id":"sampled_value_evaluation","label":"Sampled-value evaluation","seconds":0.036303,"children":null},{"id":"sampled_value_channel_mix","label":"Sampled-value channel mix","seconds":0.000983,"children":null},{"id":"fri_quotient_build_and_commit","label":"FRI quotient build + commit (lazy)","seconds":0.089651,"children":null},{"id":"proof_of_work","label":"Proof of work","seconds":0.025632,"children":null},{"id":"fri_decommit","label":"FRI decommit","seconds":0.00122,"children":null},{"id":"trace_decommit","label":"Trace decommit","seconds":0.002573,"children":null},{"id":"constraint_check_and_assembly","label":"Constraint check and assembly","seconds":0.00082,"children":null}]}]}
