METAL_STREAM_LEAVES columns=137 log=20 tile_log=17 scratch_bytes=46137344 working_bytes=46137344 dispatches=24 overlap=false gpu_ms=3.333
METAL_STREAM_LEAVES columns=137 log=20 tile_log=17 scratch_bytes=46137344 working_bytes=46137344 dispatches=24 overlap=false gpu_ms=2.528
METAL_STREAM_LEAVES columns=619 log=20 tile_log=17 scratch_bytes=62914560 working_bytes=62914560 dispatches=80 overlap=false gpu_ms=10.559
METAL_FRAMEWORK_INTERACTION rows=524288 batches=33 gpu_ms=22.043999982997775
METAL_FRAMEWORK_INTERACTION rows=131072 batches=4 gpu_ms=0.2567083283793181
METAL_FRAMEWORK_INTERACTION rows=262144 batches=1 gpu_ms=0.2438749943394214
METAL_FRAMEWORK_INTERACTION rows=131072 batches=2 gpu_ms=0.34987498656846583
METAL_FRAMEWORK_INTERACTION rows=1024 batches=2 gpu_ms=0.028499984182417393
METAL_FRAMEWORK_INTERACTION rows=4096 batches=1 gpu_ms=0.031833333196118474
METAL_FRAMEWORK_INTERACTION rows=4096 batches=2 gpu_ms=0.04045834066346288
METAL_FRAMEWORK_INTERACTION rows=8192 batches=1 gpu_ms=0.02420833334326744
METAL_STREAM_LEAVES columns=572 log=20 tile_log=17 scratch_bytes=62914560 working_bytes=62914560 dispatches=88 overlap=false gpu_ms=10.068
METAL_FRAMEWORK_COMPOSITION components=8 groups=6 gpu_ms=34.406
BLAKE3_EXECUTION_STAGE_PROFILE {"schema_version":1,"runtime":"native","example":"blake3-execution","stages":[{"id":"execution.fixed","label":"Admission and fixed commitment","seconds":0.063947,"children":null},{"id":"execution.main","label":"Main commitment","seconds":0.12354,"children":null},{"id":"execution.native_interaction","label":"Native interaction generation","seconds":0.015652,"children":null},{"id":"execution.hash_interaction","label":"Hash interaction generation","seconds":0.083093,"children":null},{"id":"execution.interaction_commit","label":"Interaction closure and commitment","seconds":0.134521,"children":null},{"id":"execution.core","label":"Core STARK proof","seconds":0.232002,"children":[{"id":"draw_random_coeff","label":"Draw random coefficient","seconds":0,"children":null},{"id":"composition_trace_extract","label":"Composition trace extract","seconds":0.000006,"children":null},{"id":"composition_evaluation","label":"Composition evaluation","seconds":0.144303,"children":null},{"id":"composition_interpolate_and_split","label":"Composition interpolate and split","seconds":0.001466,"children":null},{"id":"composition_commit","label":"Composition commit","seconds":0.003359,"children":null},{"id":"oods_point_and_mask_points","label":"OODS point and mask points","seconds":0.000225,"children":null},{"id":"sampled_value_evaluation","label":"Sampled-value evaluation","seconds":0.017158,"children":null},{"id":"sampled_value_channel_mix","label":"Sampled-value channel mix","seconds":0.000048,"children":null},{"id":"fri_quotient_build_and_commit","label":"FRI quotient build + commit (lazy)","seconds":0.048212,"children":null},{"id":"proof_of_work","label":"Proof of work","seconds":0.004658,"children":null},{"id":"fri_decommit","label":"FRI decommit","seconds":0.003544,"children":null},{"id":"trace_decommit","label":"Trace decommit","seconds":0.001413,"children":null},{"id":"constraint_check_and_assembly","label":"Constraint check and assembly","seconds":0.000223,"children":null}]}]}
METAL_STREAM_LEAVES columns=137 log=20 tile_log=17 scratch_bytes=46137344 working_bytes=46137344 dispatches=24 overlap=false gpu_ms=2.518
METAL_STREAM_LEAVES columns=137 log=20 tile_log=17 scratch_bytes=46137344 working_bytes=46137344 dispatches=24 overlap=false gpu_ms=2.100
METAL_STREAM_LEAVES columns=619 log=20 tile_log=17 scratch_bytes=62914560 working_bytes=62914560 dispatches=80 overlap=false gpu_ms=10.159
METAL_FRAMEWORK_INTERACTION rows=524288 batches=33 gpu_ms=20.552500005578622
METAL_FRAMEWORK_INTERACTION rows=131072 batches=4 gpu_ms=0.25008333614096045
METAL_FRAMEWORK_INTERACTION rows=262144 batches=1 gpu_ms=0.25283332797698677
METAL_FRAMEWORK_INTERACTION rows=131072 batches=2 gpu_ms=0.3566250088624656
METAL_FRAMEWORK_INTERACTION rows=1024 batches=2 gpu_ms=0.0336666707880795
METAL_FRAMEWORK_INTERACTION rows=4096 batches=1 gpu_ms=0.037500023609027267
METAL_FRAMEWORK_INTERACTION rows=4096 batches=2 gpu_ms=0.047874986194074154
METAL_FRAMEWORK_INTERACTION rows=8192 batches=1 gpu_ms=0.02883333945646882
METAL_STREAM_LEAVES columns=572 log=20 tile_log=17 scratch_bytes=62914560 working_bytes=62914560 dispatches=88 overlap=false gpu_ms=9.794
METAL_FRAMEWORK_COMPOSITION components=8 groups=6 gpu_ms=34.125
BLAKE3_EXECUTION_STAGE_PROFILE {"schema_version":1,"runtime":"native","example":"blake3-execution","stages":[{"id":"execution.fixed","label":"Admission and fixed commitment","seconds":0.065065,"children":null},{"id":"execution.main","label":"Main commitment","seconds":0.125929,"children":null},{"id":"execution.native_interaction","label":"Native interaction generation","seconds":0.015614,"children":null},{"id":"execution.hash_interaction","label":"Hash interaction generation","seconds":0.075566,"children":null},{"id":"execution.interaction_commit","label":"Interaction closure and commitment","seconds":0.135233,"children":null},{"id":"execution.core","label":"Core STARK proof","seconds":0.223037,"children":[{"id":"draw_random_coeff","label":"Draw random coefficient","seconds":0.000001,"children":null},{"id":"composition_trace_extract","label":"Composition trace extract","seconds":0.000005,"children":null},{"id":"composition_evaluation","label":"Composition evaluation","seconds":0.132723,"children":null},{"id":"composition_interpolate_and_split","label":"Composition interpolate and split","seconds":0.001749,"children":null},{"id":"composition_commit","label":"Composition commit","seconds":0.003121,"children":null},{"id":"oods_point_and_mask_points","label":"OODS point and mask points","seconds":0.000227,"children":null},{"id":"sampled_value_evaluation","label":"Sampled-value evaluation","seconds":0.020334,"children":null},{"id":"sampled_value_channel_mix","label":"Sampled-value channel mix","seconds":0.000048,"children":null},{"id":"fri_quotient_build_and_commit","label":"FRI quotient build + commit (lazy)","seconds":0.046688,"children":null},{"id":"proof_of_work","label":"Proof of work","seconds":0.005074,"children":null},{"id":"fri_decommit","label":"FRI decommit","seconds":0.003856,"children":null},{"id":"trace_decommit","label":"Trace decommit","seconds":0.001413,"children":null},{"id":"constraint_check_and_assembly","label":"Constraint check and assembly","seconds":0.000213,"children":null}]}]}
METAL_STREAM_LEAVES columns=137 log=20 tile_log=17 scratch_bytes=46137344 working_bytes=46137344 dispatches=24 overlap=false gpu_ms=2.766
METAL_STREAM_LEAVES columns=137 log=20 tile_log=17 scratch_bytes=46137344 working_bytes=46137344 dispatches=24 overlap=false gpu_ms=2.067
METAL_STREAM_LEAVES columns=619 log=20 tile_log=17 scratch_bytes=62914560 working_bytes=62914560 dispatches=80 overlap=false gpu_ms=10.141
METAL_FRAMEWORK_INTERACTION rows=524288 batches=33 gpu_ms=17.798749991925433
METAL_FRAMEWORK_INTERACTION rows=131072 batches=4 gpu_ms=0.25224999990314245
METAL_FRAMEWORK_INTERACTION rows=262144 batches=1 gpu_ms=0.24850000045262277
METAL_FRAMEWORK_INTERACTION rows=131072 batches=2 gpu_ms=0.379708333639428
METAL_FRAMEWORK_INTERACTION rows=1024 batches=2 gpu_ms=0.029666669433936477
METAL_FRAMEWORK_INTERACTION rows=4096 batches=1 gpu_ms=0.03145833034068346
METAL_FRAMEWORK_INTERACTION rows=4096 batches=2 gpu_ms=0.04012498538941145
METAL_FRAMEWORK_INTERACTION rows=8192 batches=1 gpu_ms=0.02387500717304647
METAL_STREAM_LEAVES columns=572 log=20 tile_log=17 scratch_bytes=62914560 working_bytes=62914560 dispatches=88 overlap=false gpu_ms=9.820
METAL_FRAMEWORK_COMPOSITION components=8 groups=6 gpu_ms=34.212
BLAKE3_EXECUTION_STAGE_PROFILE {"schema_version":1,"runtime":"native","example":"blake3-execution","stages":[{"id":"execution.fixed","label":"Admission and fixed commitment","seconds":0.068267,"children":null},{"id":"execution.main","label":"Main commitment","seconds":0.128324,"children":null},{"id":"execution.native_interaction","label":"Native interaction generation","seconds":0.015871,"children":null},{"id":"execution.hash_interaction","label":"Hash interaction generation","seconds":0.073049,"children":null},{"id":"execution.interaction_commit","label":"Interaction closure and commitment","seconds":0.134725,"children":null},{"id":"execution.core","label":"Core STARK proof","seconds":0.228104,"children":[{"id":"draw_random_coeff","label":"Draw random coefficient","seconds":0.000004,"children":null},{"id":"composition_trace_extract","label":"Composition trace extract","seconds":0.000006,"children":null},{"id":"composition_evaluation","label":"Composition evaluation","seconds":0.134008,"children":null},{"id":"composition_interpolate_and_split","label":"Composition interpolate and split","seconds":0.001555,"children":null},{"id":"composition_commit","label":"Composition commit","seconds":0.003549,"children":null},{"id":"oods_point_and_mask_points","label":"OODS point and mask points","seconds":0.000249,"children":null},{"id":"sampled_value_evaluation","label":"Sampled-value evaluation","seconds":0.017365,"children":null},{"id":"sampled_value_channel_mix","label":"Sampled-value channel mix","seconds":0.000048,"children":null},{"id":"fri_quotient_build_and_commit","label":"FRI quotient build + commit (lazy)","seconds":0.047485,"children":null},{"id":"proof_of_work","label":"Proof of work","seconds":0.00561,"children":null},{"id":"fri_decommit","label":"FRI decommit","seconds":0.008641,"children":null},{"id":"trace_decommit","label":"Trace decommit","seconds":0.00146,"children":null},{"id":"constraint_check_and_assembly","label":"Constraint check and assembly","seconds":0.000208,"children":null}]}]}
