BLAKE3_WITNESS_STAGE_PROFILE {"schema_version":1,"runtime":"host","example":"blake3-ethereum-witness","stages":[{"id":"witness.precompile","label":"Preflight and precompile witness","seconds":0.008828,"children":null},{"id":"witness.memory","label":"Memory commitment plan","seconds":0.001549,"children":null},{"id":"witness.hashes","label":"Hash columns and witness","seconds":0.041168,"children":null},{"id":"witness.native","label":"Native execution columns","seconds":0.000895,"children":null},{"id":"witness.lookup_counts","label":"Shared lookup counts and statement","seconds":0.032821,"children":null}]}
full-width witness: steps=1828 hash_counts={ 63000, 18000, 21360, 11097, 848, 303, 303, 404 } hash_logs={ 16, 15, 15, 14, 10, 9, 9, 9 } live=85000112 peak=104175377
full-width shared-path geometry [program, initial, final]: { .{ .words = 404, .independent_compressions = 98576, .shared_compressions = 4894, .proved_compressions = 0, .leaves = 1616, .parents = 1639, .frontier = 24 }, .{ .words = 136, .independent_compressions = 8296, .shared_compressions = 516, .proved_compressions = 516, .leaves = 136, .parents = 190, .frontier = 55 }, .{ .words = 167, .independent_compressions = 10187, .shared_compressions = 609, .proved_compressions = 609, .leaves = 167, .parents = 221, .frontier = 55 } }
METAL_STREAM_LEAVES columns=213 log=19 tile_log=17 scratch_bytes=46137344 working_bytes=46137344 dispatches=4 overlap=false gpu_ms=3.918
full-width admission: live=85689084 peak=178850973
METAL_STREAM_LEAVES columns=213 log=19 tile_log=17 scratch_bytes=46137344 working_bytes=46137344 dispatches=4 overlap=false gpu_ms=1.980
METAL_STREAM_LEAVES columns=6793 log=19 tile_log=16 scratch_bytes=44040192 working_bytes=44040192 dispatches=232 overlap=false gpu_ms=20.634
METAL_FRAMEWORK_INTERACTION rows=65536 batches=33 gpu_ms=2.4320000084117055
METAL_FRAMEWORK_INTERACTION rows=32768 batches=4 gpu_ms=0.10016668238677084
METAL_FRAMEWORK_INTERACTION rows=32768 batches=1 gpu_ms=0.046375003876164556
METAL_FRAMEWORK_INTERACTION rows=16384 batches=2 gpu_ms=0.06087502697482705
METAL_FRAMEWORK_INTERACTION rows=1024 batches=2 gpu_ms=0.028874987037852407
METAL_FRAMEWORK_INTERACTION rows=512 batches=1 gpu_ms=0.026791676646098495
METAL_FRAMEWORK_INTERACTION rows=512 batches=2 gpu_ms=0.03529165405780077
METAL_FRAMEWORK_INTERACTION rows=512 batches=1 gpu_ms=0.017250014934688807
METAL_STREAM_LEAVES columns=7232 log=19 tile_log=16 scratch_bytes=44040192 working_bytes=44040192 dispatches=240 overlap=false gpu_ms=20.535
METAL_FRAMEWORK_COMPOSITION components=8 groups=5 gpu_ms=5.104
BLAKE3_EXECUTION_STAGE_PROFILE {"schema_version":1,"runtime":"native","example":"blake3-extension","stages":[{"id":"execution.fixed","label":"Admission and fixed commitment","seconds":0.026986,"children":null},{"id":"execution.main","label":"Main commitment","seconds":0.104456,"children":null},{"id":"execution.native_interaction","label":"Native interaction generation","seconds":0.010576,"children":null},{"id":"execution.hash_interaction","label":"Hash interaction generation","seconds":0.017487,"children":null},{"id":"execution.extension_interaction","label":"Precompile interaction generation","seconds":0.0162,"children":null},{"id":"execution.interaction_commit","label":"Interaction closure and commitment","seconds":0.119857,"children":null},{"id":"execution.core","label":"Core STARK proof","seconds":0.234549,"children":[{"id":"draw_random_coeff","label":"Draw random coefficient","seconds":0.000001,"children":null},{"id":"composition_trace_extract","label":"Composition trace extract","seconds":0.000051,"children":null},{"id":"composition_evaluation","label":"Composition evaluation","seconds":0.064061,"children":null},{"id":"composition_interpolate_and_split","label":"Composition interpolate and split","seconds":0.001324,"children":null},{"id":"composition_commit","label":"Composition commit","seconds":0.004014,"children":null},{"id":"oods_point_and_mask_points","label":"OODS point and mask points","seconds":0.000694,"children":null},{"id":"sampled_value_evaluation","label":"Sampled-value evaluation","seconds":0.03853,"children":null},{"id":"sampled_value_channel_mix","label":"Sampled-value channel mix","seconds":0.00099,"children":null},{"id":"fri_quotient_build_and_commit","label":"FRI quotient build + commit (lazy)","seconds":0.09485,"children":null},{"id":"proof_of_work","label":"Proof of work","seconds":0.023549,"children":null},{"id":"fri_decommit","label":"FRI decommit","seconds":0.001192,"children":null},{"id":"trace_decommit","label":"Trace decommit","seconds":0.002494,"children":null},{"id":"constraint_check_and_assembly","label":"Constraint check and assembly","seconds":0.000668,"children":null}]}]}
BLAKE3_WITNESS_STAGE_PROFILE {"schema_version":1,"runtime":"host","example":"blake3-ethereum-witness","stages":[{"id":"witness.precompile","label":"Preflight and precompile witness","seconds":0.008955,"children":null},{"id":"witness.memory","label":"Memory commitment plan","seconds":0.001531,"children":null},{"id":"witness.hashes","label":"Hash columns and witness","seconds":0.040302,"children":null},{"id":"witness.native","label":"Native execution columns","seconds":0.000864,"children":null},{"id":"witness.lookup_counts","label":"Shared lookup counts and statement","seconds":0.034144,"children":null}]}
full-width witness: steps=1828 hash_counts={ 63000, 18000, 21360, 11097, 848, 303, 303, 404 } hash_logs={ 16, 15, 15, 14, 10, 9, 9, 9 } live=85000112 peak=607613467
full-width shared-path geometry [program, initial, final]: { .{ .words = 404, .independent_compressions = 98576, .shared_compressions = 4894, .proved_compressions = 0, .leaves = 1616, .parents = 1639, .frontier = 24 }, .{ .words = 136, .independent_compressions = 8296, .shared_compressions = 516, .proved_compressions = 516, .leaves = 136, .parents = 190, .frontier = 55 }, .{ .words = 167, .independent_compressions = 10187, .shared_compressions = 609, .proved_compressions = 609, .leaves = 167, .parents = 221, .frontier = 55 } }
METAL_STREAM_LEAVES columns=213 log=19 tile_log=17 scratch_bytes=46137344 working_bytes=46137344 dispatches=4 overlap=false gpu_ms=1.664
full-width admission: live=85689084 peak=607613467
METAL_STREAM_LEAVES columns=213 log=19 tile_log=17 scratch_bytes=46137344 working_bytes=46137344 dispatches=4 overlap=false gpu_ms=1.615
METAL_STREAM_LEAVES columns=6793 log=19 tile_log=16 scratch_bytes=44040192 working_bytes=44040192 dispatches=232 overlap=false gpu_ms=20.674
METAL_FRAMEWORK_INTERACTION rows=65536 batches=33 gpu_ms=2.662416663952172
METAL_FRAMEWORK_INTERACTION rows=32768 batches=4 gpu_ms=0.2829583245329559
METAL_FRAMEWORK_INTERACTION rows=32768 batches=1 gpu_ms=0.045791646698489785
METAL_FRAMEWORK_INTERACTION rows=16384 batches=2 gpu_ms=0.060125021263957024
METAL_FRAMEWORK_INTERACTION rows=1024 batches=2 gpu_ms=0.02962502185255289
METAL_FRAMEWORK_INTERACTION rows=512 batches=1 gpu_ms=0.02824998227879405
METAL_FRAMEWORK_INTERACTION rows=512 batches=2 gpu_ms=0.036458339309319854
METAL_FRAMEWORK_INTERACTION rows=512 batches=1 gpu_ms=0.017499987734481692
METAL_STREAM_LEAVES columns=7232 log=19 tile_log=16 scratch_bytes=44040192 working_bytes=44040192 dispatches=240 overlap=false gpu_ms=20.647
METAL_FRAMEWORK_COMPOSITION components=8 groups=5 gpu_ms=4.543
BLAKE3_EXECUTION_STAGE_PROFILE {"schema_version":1,"runtime":"native","example":"blake3-extension","stages":[{"id":"execution.fixed","label":"Admission and fixed commitment","seconds":0.029251,"children":null},{"id":"execution.main","label":"Main commitment","seconds":0.103279,"children":null},{"id":"execution.native_interaction","label":"Native interaction generation","seconds":0.010335,"children":null},{"id":"execution.hash_interaction","label":"Hash interaction generation","seconds":0.01265,"children":null},{"id":"execution.extension_interaction","label":"Precompile interaction generation","seconds":0.016202,"children":null},{"id":"execution.interaction_commit","label":"Interaction closure and commitment","seconds":0.121676,"children":null},{"id":"execution.core","label":"Core STARK proof","seconds":0.220871,"children":[{"id":"draw_random_coeff","label":"Draw random coefficient","seconds":0,"children":null},{"id":"composition_trace_extract","label":"Composition trace extract","seconds":0.000049,"children":null},{"id":"composition_evaluation","label":"Composition evaluation","seconds":0.063768,"children":null},{"id":"composition_interpolate_and_split","label":"Composition interpolate and split","seconds":0.001246,"children":null},{"id":"composition_commit","label":"Composition commit","seconds":0.002071,"children":null},{"id":"oods_point_and_mask_points","label":"OODS point and mask points","seconds":0.00068,"children":null},{"id":"sampled_value_evaluation","label":"Sampled-value evaluation","seconds":0.029121,"children":null},{"id":"sampled_value_channel_mix","label":"Sampled-value channel mix","seconds":0.001027,"children":null},{"id":"fri_quotient_build_and_commit","label":"FRI quotient build + commit (lazy)","seconds":0.089983,"children":null},{"id":"proof_of_work","label":"Proof of work","seconds":0.026841,"children":null},{"id":"fri_decommit","label":"FRI decommit","seconds":0.001153,"children":null},{"id":"trace_decommit","label":"Trace decommit","seconds":0.002099,"children":null},{"id":"constraint_check_and_assembly","label":"Constraint check and assembly","seconds":0.000635,"children":null}]}]}
BLAKE3_WITNESS_STAGE_PROFILE {"schema_version":1,"runtime":"host","example":"blake3-ethereum-witness","stages":[{"id":"witness.precompile","label":"Preflight and precompile witness","seconds":0.008976,"children":null},{"id":"witness.memory","label":"Memory commitment plan","seconds":0.001526,"children":null},{"id":"witness.hashes","label":"Hash columns and witness","seconds":0.040016,"children":null},{"id":"witness.native","label":"Native execution columns","seconds":0.000924,"children":null},{"id":"witness.lookup_counts","label":"Shared lookup counts and statement","seconds":0.037738,"children":null}]}
full-width witness: steps=1828 hash_counts={ 63000, 18000, 21360, 11097, 848, 303, 303, 404 } hash_logs={ 16, 15, 15, 14, 10, 9, 9, 9 } live=85000112 peak=607613467
full-width shared-path geometry [program, initial, final]: { .{ .words = 404, .independent_compressions = 98576, .shared_compressions = 4894, .proved_compressions = 0, .leaves = 1616, .parents = 1639, .frontier = 24 }, .{ .words = 136, .independent_compressions = 8296, .shared_compressions = 516, .proved_compressions = 516, .leaves = 136, .parents = 190, .frontier = 55 }, .{ .words = 167, .independent_compressions = 10187, .shared_compressions = 609, .proved_compressions = 609, .leaves = 167, .parents = 221, .frontier = 55 } }
METAL_STREAM_LEAVES columns=213 log=19 tile_log=17 scratch_bytes=46137344 working_bytes=46137344 dispatches=4 overlap=false gpu_ms=2.647
full-width admission: live=85689084 peak=607613467
METAL_STREAM_LEAVES columns=213 log=19 tile_log=17 scratch_bytes=46137344 working_bytes=46137344 dispatches=4 overlap=false gpu_ms=1.498
METAL_STREAM_LEAVES columns=6793 log=19 tile_log=16 scratch_bytes=44040192 working_bytes=44040192 dispatches=232 overlap=false gpu_ms=20.728
METAL_FRAMEWORK_INTERACTION rows=65536 batches=33 gpu_ms=2.6398333138786256
METAL_FRAMEWORK_INTERACTION rows=32768 batches=4 gpu_ms=0.10087498230859637
METAL_FRAMEWORK_INTERACTION rows=32768 batches=1 gpu_ms=0.04541667294688523
METAL_FRAMEWORK_INTERACTION rows=16384 batches=2 gpu_ms=0.061791681218892336
METAL_FRAMEWORK_INTERACTION rows=1024 batches=2 gpu_ms=0.029749993700534105
METAL_FRAMEWORK_INTERACTION rows=512 batches=1 gpu_ms=0.027333328034728765
METAL_FRAMEWORK_INTERACTION rows=512 batches=2 gpu_ms=0.036124984035268426
METAL_FRAMEWORK_INTERACTION rows=512 batches=1 gpu_ms=0.01737498678267002
METAL_STREAM_LEAVES columns=7232 log=19 tile_log=16 scratch_bytes=44040192 working_bytes=44040192 dispatches=240 overlap=false gpu_ms=20.445
METAL_FRAMEWORK_COMPOSITION components=8 groups=5 gpu_ms=4.508
BLAKE3_EXECUTION_STAGE_PROFILE {"schema_version":1,"runtime":"native","example":"blake3-extension","stages":[{"id":"execution.fixed","label":"Admission and fixed commitment","seconds":0.03046,"children":null},{"id":"execution.main","label":"Main commitment","seconds":0.100324,"children":null},{"id":"execution.native_interaction","label":"Native interaction generation","seconds":0.010515,"children":null},{"id":"execution.hash_interaction","label":"Hash interaction generation","seconds":0.011859,"children":null},{"id":"execution.extension_interaction","label":"Precompile interaction generation","seconds":0.01609,"children":null},{"id":"execution.interaction_commit","label":"Interaction closure and commitment","seconds":0.113911,"children":null},{"id":"execution.core","label":"Core STARK proof","seconds":0.225446,"children":[{"id":"draw_random_coeff","label":"Draw random coefficient","seconds":0,"children":null},{"id":"composition_trace_extract","label":"Composition trace extract","seconds":0.000058,"children":null},{"id":"composition_evaluation","label":"Composition evaluation","seconds":0.064074,"children":null},{"id":"composition_interpolate_and_split","label":"Composition interpolate and split","seconds":0.001599,"children":null},{"id":"composition_commit","label":"Composition commit","seconds":0.004069,"children":null},{"id":"oods_point_and_mask_points","label":"OODS point and mask points","seconds":0.000641,"children":null},{"id":"sampled_value_evaluation","label":"Sampled-value evaluation","seconds":0.032949,"children":null},{"id":"sampled_value_channel_mix","label":"Sampled-value channel mix","seconds":0.000988,"children":null},{"id":"fri_quotient_build_and_commit","label":"FRI quotient build + commit (lazy)","seconds":0.093954,"children":null},{"id":"proof_of_work","label":"Proof of work","seconds":0.020751,"children":null},{"id":"fri_decommit","label":"FRI decommit","seconds":0.001212,"children":null},{"id":"trace_decommit","label":"Trace decommit","seconds":0.002077,"children":null},{"id":"constraint_check_and_assembly","label":"Constraint check and assembly","seconds":0.000666,"children":null}]}]}
