BLAKE3_WITNESS_STAGE_PROFILE {"schema_version":1,"runtime":"host","example":"blake3-ethereum-witness","stages":[{"id":"witness.precompile","label":"Preflight and precompile witness","seconds":0.008817,"children":null},{"id":"witness.memory","label":"Memory commitment plan","seconds":0.001527,"children":null},{"id":"witness.hashes","label":"Hash columns and witness","seconds":0.039886,"children":null},{"id":"witness.native","label":"Native execution columns","seconds":0.000833,"children":null},{"id":"witness.lookup_counts","label":"Shared lookup counts and statement","seconds":0.032495,"children":null}]}
full-width witness: steps=1828 hash_counts={ 63000, 18000, 21360, 11097, 848, 303, 303, 404 } hash_logs={ 16, 15, 15, 14, 10, 9, 9, 9 } live=85000112 peak=104175377
full-width shared-path geometry [program, initial, final]: { .{ .words = 404, .independent_compressions = 98576, .shared_compressions = 4894, .proved_compressions = 0, .leaves = 1616, .parents = 1639, .frontier = 24 }, .{ .words = 136, .independent_compressions = 8296, .shared_compressions = 516, .proved_compressions = 516, .leaves = 136, .parents = 190, .frontier = 55 }, .{ .words = 167, .independent_compressions = 10187, .shared_compressions = 609, .proved_compressions = 609, .leaves = 167, .parents = 221, .frontier = 55 } }
METAL_STREAM_LEAVES columns=213 log=19 tile_log=17 scratch_bytes=46137344 working_bytes=46137344 dispatches=4 overlap=false gpu_ms=6.845
full-width admission: live=85689084 peak=178850973
METAL_STREAM_LEAVES columns=213 log=19 tile_log=17 scratch_bytes=46137344 working_bytes=46137344 dispatches=4 overlap=false gpu_ms=6.484
METAL_STREAM_LEAVES columns=6793 log=19 tile_log=16 scratch_bytes=44040192 working_bytes=44040192 dispatches=232 overlap=false gpu_ms=28.185
METAL_FRAMEWORK_INTERACTION rows=65536 batches=33 gpu_ms=2.4643749929964542
METAL_FRAMEWORK_INTERACTION rows=32768 batches=4 gpu_ms=0.1197500096168369
METAL_FRAMEWORK_INTERACTION rows=32768 batches=1 gpu_ms=0.04500002251006663
METAL_FRAMEWORK_INTERACTION rows=16384 batches=2 gpu_ms=0.061083323089405894
METAL_FRAMEWORK_INTERACTION rows=1024 batches=2 gpu_ms=0.02924998989328742
METAL_FRAMEWORK_INTERACTION rows=512 batches=1 gpu_ms=0.027000001864507794
METAL_FRAMEWORK_INTERACTION rows=512 batches=2 gpu_ms=0.03575001028366387
METAL_FRAMEWORK_INTERACTION rows=512 batches=1 gpu_ms=0.01791666727513075
METAL_STREAM_LEAVES columns=7232 log=19 tile_log=16 scratch_bytes=44040192 working_bytes=44040192 dispatches=240 overlap=false gpu_ms=20.457
METAL_FRAMEWORK_COMPOSITION components=8 groups=5 gpu_ms=4.505
BLAKE3_EXECUTION_STAGE_PROFILE {"schema_version":1,"runtime":"native","example":"blake3-extension","stages":[{"id":"execution.fixed","label":"Admission and fixed commitment","seconds":0.03778,"children":null},{"id":"execution.main","label":"Main commitment","seconds":0.130759,"children":null},{"id":"execution.native_interaction","label":"Native interaction generation","seconds":0.010277,"children":null},{"id":"execution.hash_interaction","label":"Hash interaction generation","seconds":0.017346,"children":null},{"id":"execution.extension_interaction","label":"Precompile interaction generation","seconds":0.016095,"children":null},{"id":"execution.interaction_commit","label":"Interaction closure and commitment","seconds":0.124916,"children":null},{"id":"execution.core","label":"Core STARK proof","seconds":0.226559,"children":[{"id":"draw_random_coeff","label":"Draw random coefficient","seconds":0.000001,"children":null},{"id":"composition_trace_extract","label":"Composition trace extract","seconds":0.000047,"children":null},{"id":"composition_evaluation","label":"Composition evaluation","seconds":0.065104,"children":null},{"id":"composition_interpolate_and_split","label":"Composition interpolate and split","seconds":0.001432,"children":null},{"id":"composition_commit","label":"Composition commit","seconds":0.004104,"children":null},{"id":"oods_point_and_mask_points","label":"OODS point and mask points","seconds":0.000739,"children":null},{"id":"sampled_value_evaluation","label":"Sampled-value evaluation","seconds":0.035876,"children":null},{"id":"sampled_value_channel_mix","label":"Sampled-value channel mix","seconds":0.000988,"children":null},{"id":"fri_quotient_build_and_commit","label":"FRI quotient build + commit (lazy)","seconds":0.089735,"children":null},{"id":"proof_of_work","label":"Proof of work","seconds":0.022165,"children":null},{"id":"fri_decommit","label":"FRI decommit","seconds":0.001164,"children":null},{"id":"trace_decommit","label":"Trace decommit","seconds":0.0025,"children":null},{"id":"constraint_check_and_assembly","label":"Constraint check and assembly","seconds":0.000654,"children":null}]}]}
BLAKE3_WITNESS_STAGE_PROFILE {"schema_version":1,"runtime":"host","example":"blake3-ethereum-witness","stages":[{"id":"witness.precompile","label":"Preflight and precompile witness","seconds":0.008776,"children":null},{"id":"witness.memory","label":"Memory commitment plan","seconds":0.001559,"children":null},{"id":"witness.hashes","label":"Hash columns and witness","seconds":0.040617,"children":null},{"id":"witness.native","label":"Native execution columns","seconds":0.000859,"children":null},{"id":"witness.lookup_counts","label":"Shared lookup counts and statement","seconds":0.03352,"children":null}]}
full-width witness: steps=1828 hash_counts={ 63000, 18000, 21360, 11097, 848, 303, 303, 404 } hash_logs={ 16, 15, 15, 14, 10, 9, 9, 9 } live=85000112 peak=607613467
full-width shared-path geometry [program, initial, final]: { .{ .words = 404, .independent_compressions = 98576, .shared_compressions = 4894, .proved_compressions = 0, .leaves = 1616, .parents = 1639, .frontier = 24 }, .{ .words = 136, .independent_compressions = 8296, .shared_compressions = 516, .proved_compressions = 516, .leaves = 136, .parents = 190, .frontier = 55 }, .{ .words = 167, .independent_compressions = 10187, .shared_compressions = 609, .proved_compressions = 609, .leaves = 167, .parents = 221, .frontier = 55 } }
METAL_STREAM_LEAVES columns=213 log=19 tile_log=17 scratch_bytes=46137344 working_bytes=46137344 dispatches=4 overlap=false gpu_ms=2.098
full-width admission: live=85689084 peak=607613467
METAL_STREAM_LEAVES columns=213 log=19 tile_log=17 scratch_bytes=46137344 working_bytes=46137344 dispatches=4 overlap=false gpu_ms=1.576
METAL_STREAM_LEAVES columns=6793 log=19 tile_log=16 scratch_bytes=44040192 working_bytes=44040192 dispatches=232 overlap=false gpu_ms=20.689
METAL_FRAMEWORK_INTERACTION rows=65536 batches=33 gpu_ms=2.6462500100024045
METAL_FRAMEWORK_INTERACTION rows=32768 batches=4 gpu_ms=0.09879167191684246
METAL_FRAMEWORK_INTERACTION rows=32768 batches=1 gpu_ms=0.04462499055080116
METAL_FRAMEWORK_INTERACTION rows=16384 batches=2 gpu_ms=0.061291648307815194
METAL_FRAMEWORK_INTERACTION rows=1024 batches=2 gpu_ms=0.028375012334436178
METAL_FRAMEWORK_INTERACTION rows=512 batches=1 gpu_ms=0.027666683308780193
METAL_FRAMEWORK_INTERACTION rows=512 batches=2 gpu_ms=0.036458339309319854
METAL_FRAMEWORK_INTERACTION rows=512 batches=1 gpu_ms=0.017624988686293364
METAL_STREAM_LEAVES columns=7232 log=19 tile_log=16 scratch_bytes=44040192 working_bytes=44040192 dispatches=240 overlap=false gpu_ms=20.583
METAL_FRAMEWORK_COMPOSITION components=8 groups=5 gpu_ms=4.550
BLAKE3_EXECUTION_STAGE_PROFILE {"schema_version":1,"runtime":"native","example":"blake3-extension","stages":[{"id":"execution.fixed","label":"Admission and fixed commitment","seconds":0.033863,"children":null},{"id":"execution.main","label":"Main commitment","seconds":0.10173,"children":null},{"id":"execution.native_interaction","label":"Native interaction generation","seconds":0.010348,"children":null},{"id":"execution.hash_interaction","label":"Hash interaction generation","seconds":0.012318,"children":null},{"id":"execution.extension_interaction","label":"Precompile interaction generation","seconds":0.016009,"children":null},{"id":"execution.interaction_commit","label":"Interaction closure and commitment","seconds":0.112849,"children":null},{"id":"execution.core","label":"Core STARK proof","seconds":0.212885,"children":[{"id":"draw_random_coeff","label":"Draw random coefficient","seconds":0,"children":null},{"id":"composition_trace_extract","label":"Composition trace extract","seconds":0.000052,"children":null},{"id":"composition_evaluation","label":"Composition evaluation","seconds":0.063959,"children":null},{"id":"composition_interpolate_and_split","label":"Composition interpolate and split","seconds":0.001176,"children":null},{"id":"composition_commit","label":"Composition commit","seconds":0.001873,"children":null},{"id":"oods_point_and_mask_points","label":"OODS point and mask points","seconds":0.000631,"children":null},{"id":"sampled_value_evaluation","label":"Sampled-value evaluation","seconds":0.028867,"children":null},{"id":"sampled_value_channel_mix","label":"Sampled-value channel mix","seconds":0.000993,"children":null},{"id":"fri_quotient_build_and_commit","label":"FRI quotient build + commit (lazy)","seconds":0.083558,"children":null},{"id":"proof_of_work","label":"Proof of work","seconds":0.025785,"children":null},{"id":"fri_decommit","label":"FRI decommit","seconds":0.001169,"children":null},{"id":"trace_decommit","label":"Trace decommit","seconds":0.002108,"children":null},{"id":"constraint_check_and_assembly","label":"Constraint check and assembly","seconds":0.000638,"children":null}]}]}
BLAKE3_WITNESS_STAGE_PROFILE {"schema_version":1,"runtime":"host","example":"blake3-ethereum-witness","stages":[{"id":"witness.precompile","label":"Preflight and precompile witness","seconds":0.008752,"children":null},{"id":"witness.memory","label":"Memory commitment plan","seconds":0.001554,"children":null},{"id":"witness.hashes","label":"Hash columns and witness","seconds":0.040107,"children":null},{"id":"witness.native","label":"Native execution columns","seconds":0.000838,"children":null},{"id":"witness.lookup_counts","label":"Shared lookup counts and statement","seconds":0.038004,"children":null}]}
full-width witness: steps=1828 hash_counts={ 63000, 18000, 21360, 11097, 848, 303, 303, 404 } hash_logs={ 16, 15, 15, 14, 10, 9, 9, 9 } live=85000112 peak=607613467
full-width shared-path geometry [program, initial, final]: { .{ .words = 404, .independent_compressions = 98576, .shared_compressions = 4894, .proved_compressions = 0, .leaves = 1616, .parents = 1639, .frontier = 24 }, .{ .words = 136, .independent_compressions = 8296, .shared_compressions = 516, .proved_compressions = 516, .leaves = 136, .parents = 190, .frontier = 55 }, .{ .words = 167, .independent_compressions = 10187, .shared_compressions = 609, .proved_compressions = 609, .leaves = 167, .parents = 221, .frontier = 55 } }
METAL_STREAM_LEAVES columns=213 log=19 tile_log=17 scratch_bytes=46137344 working_bytes=46137344 dispatches=4 overlap=false gpu_ms=6.505
full-width admission: live=85689084 peak=607613467
METAL_STREAM_LEAVES columns=213 log=19 tile_log=17 scratch_bytes=46137344 working_bytes=46137344 dispatches=4 overlap=false gpu_ms=1.361
METAL_STREAM_LEAVES columns=6793 log=19 tile_log=16 scratch_bytes=44040192 working_bytes=44040192 dispatches=232 overlap=false gpu_ms=20.768
METAL_FRAMEWORK_INTERACTION rows=65536 batches=33 gpu_ms=2.7242499927524477
METAL_FRAMEWORK_INTERACTION rows=32768 batches=4 gpu_ms=0.13787500211037695
METAL_FRAMEWORK_INTERACTION rows=32768 batches=1 gpu_ms=0.044625019654631615
METAL_FRAMEWORK_INTERACTION rows=16384 batches=2 gpu_ms=0.06049999501556158
METAL_FRAMEWORK_INTERACTION rows=1024 batches=2 gpu_ms=0.02845830749720335
METAL_FRAMEWORK_INTERACTION rows=512 batches=1 gpu_ms=0.02691664849407971
METAL_FRAMEWORK_INTERACTION rows=512 batches=2 gpu_ms=0.03587498213164508
METAL_FRAMEWORK_INTERACTION rows=512 batches=1 gpu_ms=0.017749989638105035
METAL_STREAM_LEAVES columns=7232 log=19 tile_log=16 scratch_bytes=44040192 working_bytes=44040192 dispatches=240 overlap=false gpu_ms=20.608
METAL_FRAMEWORK_COMPOSITION components=8 groups=5 gpu_ms=4.573
BLAKE3_EXECUTION_STAGE_PROFILE {"schema_version":1,"runtime":"native","example":"blake3-extension","stages":[{"id":"execution.fixed","label":"Admission and fixed commitment","seconds":0.028848,"children":null},{"id":"execution.main","label":"Main commitment","seconds":0.100971,"children":null},{"id":"execution.native_interaction","label":"Native interaction generation","seconds":0.010326,"children":null},{"id":"execution.hash_interaction","label":"Hash interaction generation","seconds":0.01245,"children":null},{"id":"execution.extension_interaction","label":"Precompile interaction generation","seconds":0.015964,"children":null},{"id":"execution.interaction_commit","label":"Interaction closure and commitment","seconds":0.112763,"children":null},{"id":"execution.core","label":"Core STARK proof","seconds":0.226124,"children":[{"id":"draw_random_coeff","label":"Draw random coefficient","seconds":0,"children":null},{"id":"composition_trace_extract","label":"Composition trace extract","seconds":0.000044,"children":null},{"id":"composition_evaluation","label":"Composition evaluation","seconds":0.065221,"children":null},{"id":"composition_interpolate_and_split","label":"Composition interpolate and split","seconds":0.001237,"children":null},{"id":"composition_commit","label":"Composition commit","seconds":0.004158,"children":null},{"id":"oods_point_and_mask_points","label":"OODS point and mask points","seconds":0.000673,"children":null},{"id":"sampled_value_evaluation","label":"Sampled-value evaluation","seconds":0.034543,"children":null},{"id":"sampled_value_channel_mix","label":"Sampled-value channel mix","seconds":0.000989,"children":null},{"id":"fri_quotient_build_and_commit","label":"FRI quotient build + commit (lazy)","seconds":0.08745,"children":null},{"id":"proof_of_work","label":"Proof of work","seconds":0.02552,"children":null},{"id":"fri_decommit","label":"FRI decommit","seconds":0.001258,"children":null},{"id":"trace_decommit","label":"Trace decommit","seconds":0.002098,"children":null},{"id":"constraint_check_and_assembly","label":"Constraint check and assembly","seconds":0.000679,"children":null}]}]}
