METAL_STREAM_LEAVES columns=137 log=20 tile_log=17 scratch_bytes=46137344 working_bytes=46137344 dispatches=24 overlap=false gpu_ms=2.303
METAL_STREAM_LEAVES columns=137 log=20 tile_log=17 scratch_bytes=46137344 working_bytes=46137344 dispatches=24 overlap=false gpu_ms=2.097
METAL_STREAM_LEAVES columns=619 log=20 tile_log=17 scratch_bytes=62914560 working_bytes=62914560 dispatches=80 overlap=false gpu_ms=10.728
METAL_FRAMEWORK_INTERACTION rows=524288 batches=33 gpu_ms=18.66691667237319
METAL_FRAMEWORK_INTERACTION rows=131072 batches=4 gpu_ms=0.25504163932055235
METAL_FRAMEWORK_INTERACTION rows=262144 batches=1 gpu_ms=0.33924999297596514
METAL_FRAMEWORK_INTERACTION rows=131072 batches=2 gpu_ms=0.3605833335313946
METAL_FRAMEWORK_INTERACTION rows=1024 batches=2 gpu_ms=0.03037499845959246
METAL_FRAMEWORK_INTERACTION rows=4096 batches=1 gpu_ms=0.03312501939944923
METAL_FRAMEWORK_INTERACTION rows=4096 batches=2 gpu_ms=0.04229164915159345
METAL_FRAMEWORK_INTERACTION rows=8192 batches=1 gpu_ms=0.025458342861384153
METAL_STREAM_LEAVES columns=572 log=20 tile_log=17 scratch_bytes=62914560 working_bytes=62914560 dispatches=88 overlap=false gpu_ms=9.915
METAL_FRAMEWORK_COMPOSITION components=8 groups=6 gpu_ms=34.103
BLAKE3_EXECUTION_STAGE_PROFILE {"schema_version":1,"runtime":"native","example":"blake3-execution","stages":[{"id":"execution.fixed","label":"Admission and fixed commitment","seconds":0.061381,"children":null},{"id":"execution.main","label":"Main commitment","seconds":0.126484,"children":null},{"id":"execution.native_interaction","label":"Native interaction generation","seconds":0.015218,"children":null},{"id":"execution.hash_interaction","label":"Hash interaction generation","seconds":0.078825,"children":null},{"id":"execution.interaction_commit","label":"Interaction closure and commitment","seconds":0.132846,"children":null},{"id":"execution.core","label":"Core STARK proof","seconds":0.235788,"children":[{"id":"draw_random_coeff","label":"Draw random coefficient","seconds":0.000001,"children":null},{"id":"composition_trace_extract","label":"Composition trace extract","seconds":0.000007,"children":null},{"id":"composition_evaluation","label":"Composition evaluation","seconds":0.147906,"children":null},{"id":"composition_interpolate_and_split","label":"Composition interpolate and split","seconds":0.000774,"children":null},{"id":"composition_commit","label":"Composition commit","seconds":0.003154,"children":null},{"id":"oods_point_and_mask_points","label":"OODS point and mask points","seconds":0.000219,"children":null},{"id":"sampled_value_evaluation","label":"Sampled-value evaluation","seconds":0.017448,"children":null},{"id":"sampled_value_channel_mix","label":"Sampled-value channel mix","seconds":0.000048,"children":null},{"id":"fri_quotient_build_and_commit","label":"FRI quotient build + commit (lazy)","seconds":0.047738,"children":null},{"id":"proof_of_work","label":"Proof of work","seconds":0.005534,"children":null},{"id":"fri_decommit","label":"FRI decommit","seconds":0.003602,"children":null},{"id":"trace_decommit","label":"Trace decommit","seconds":0.001439,"children":null},{"id":"constraint_check_and_assembly","label":"Constraint check and assembly","seconds":0.000223,"children":null}]}]}
METAL_STREAM_LEAVES columns=137 log=20 tile_log=17 scratch_bytes=46137344 working_bytes=46137344 dispatches=24 overlap=false gpu_ms=2.757
METAL_STREAM_LEAVES columns=137 log=20 tile_log=17 scratch_bytes=46137344 working_bytes=46137344 dispatches=24 overlap=false gpu_ms=2.309
METAL_STREAM_LEAVES columns=619 log=20 tile_log=17 scratch_bytes=62914560 working_bytes=62914560 dispatches=80 overlap=false gpu_ms=10.281
METAL_FRAMEWORK_INTERACTION rows=524288 batches=33 gpu_ms=18.90574998105876
METAL_FRAMEWORK_INTERACTION rows=131072 batches=4 gpu_ms=0.2527916803956032
METAL_FRAMEWORK_INTERACTION rows=262144 batches=1 gpu_ms=0.30174999847076833
METAL_FRAMEWORK_INTERACTION rows=131072 batches=2 gpu_ms=0.3582499921321869
METAL_FRAMEWORK_INTERACTION rows=1024 batches=2 gpu_ms=0.02945831511169672
METAL_FRAMEWORK_INTERACTION rows=4096 batches=1 gpu_ms=0.03112500417046249
METAL_FRAMEWORK_INTERACTION rows=4096 batches=2 gpu_ms=0.0457499991171062
METAL_FRAMEWORK_INTERACTION rows=8192 batches=1 gpu_ms=0.024124979972839355
METAL_STREAM_LEAVES columns=572 log=20 tile_log=17 scratch_bytes=62914560 working_bytes=62914560 dispatches=88 overlap=false gpu_ms=10.265
METAL_FRAMEWORK_COMPOSITION components=8 groups=6 gpu_ms=34.199
BLAKE3_EXECUTION_STAGE_PROFILE {"schema_version":1,"runtime":"native","example":"blake3-execution","stages":[{"id":"execution.fixed","label":"Admission and fixed commitment","seconds":0.063914,"children":null},{"id":"execution.main","label":"Main commitment","seconds":0.129291,"children":null},{"id":"execution.native_interaction","label":"Native interaction generation","seconds":0.01521,"children":null},{"id":"execution.hash_interaction","label":"Hash interaction generation","seconds":0.07412,"children":null},{"id":"execution.interaction_commit","label":"Interaction closure and commitment","seconds":0.141167,"children":null},{"id":"execution.core","label":"Core STARK proof","seconds":0.220015,"children":[{"id":"draw_random_coeff","label":"Draw random coefficient","seconds":0,"children":null},{"id":"composition_trace_extract","label":"Composition trace extract","seconds":0.000005,"children":null},{"id":"composition_evaluation","label":"Composition evaluation","seconds":0.133035,"children":null},{"id":"composition_interpolate_and_split","label":"Composition interpolate and split","seconds":0.00074,"children":null},{"id":"composition_commit","label":"Composition commit","seconds":0.003121,"children":null},{"id":"oods_point_and_mask_points","label":"OODS point and mask points","seconds":0.000227,"children":null},{"id":"sampled_value_evaluation","label":"Sampled-value evaluation","seconds":0.017769,"children":null},{"id":"sampled_value_channel_mix","label":"Sampled-value channel mix","seconds":0.000047,"children":null},{"id":"fri_quotient_build_and_commit","label":"FRI quotient build + commit (lazy)","seconds":0.046617,"children":null},{"id":"proof_of_work","label":"Proof of work","seconds":0.005449,"children":null},{"id":"fri_decommit","label":"FRI decommit","seconds":0.00348,"children":null},{"id":"trace_decommit","label":"Trace decommit","seconds":0.001761,"children":null},{"id":"constraint_check_and_assembly","label":"Constraint check and assembly","seconds":0.000204,"children":null}]}]}
METAL_STREAM_LEAVES columns=137 log=20 tile_log=17 scratch_bytes=46137344 working_bytes=46137344 dispatches=24 overlap=false gpu_ms=2.772
METAL_STREAM_LEAVES columns=137 log=20 tile_log=17 scratch_bytes=46137344 working_bytes=46137344 dispatches=24 overlap=false gpu_ms=2.808
METAL_STREAM_LEAVES columns=619 log=20 tile_log=17 scratch_bytes=62914560 working_bytes=62914560 dispatches=80 overlap=false gpu_ms=11.731
METAL_FRAMEWORK_INTERACTION rows=524288 batches=33 gpu_ms=19.420875003561378
METAL_FRAMEWORK_INTERACTION rows=131072 batches=4 gpu_ms=0.3452500095590949
METAL_FRAMEWORK_INTERACTION rows=262144 batches=1 gpu_ms=0.32666666083969176
METAL_FRAMEWORK_INTERACTION rows=131072 batches=2 gpu_ms=0.34641666570678353
METAL_FRAMEWORK_INTERACTION rows=1024 batches=2 gpu_ms=0.062000006437301636
METAL_FRAMEWORK_INTERACTION rows=4096 batches=1 gpu_ms=0.03895832924172282
METAL_FRAMEWORK_INTERACTION rows=4096 batches=2 gpu_ms=0.04937499761581421
METAL_FRAMEWORK_INTERACTION rows=8192 batches=1 gpu_ms=0.02991667133755982
METAL_STREAM_LEAVES columns=572 log=20 tile_log=17 scratch_bytes=62914560 working_bytes=62914560 dispatches=88 overlap=false gpu_ms=10.592
METAL_FRAMEWORK_COMPOSITION components=8 groups=6 gpu_ms=35.826
BLAKE3_EXECUTION_STAGE_PROFILE {"schema_version":1,"runtime":"native","example":"blake3-execution","stages":[{"id":"execution.fixed","label":"Admission and fixed commitment","seconds":0.062587,"children":null},{"id":"execution.main","label":"Main commitment","seconds":0.134007,"children":null},{"id":"execution.native_interaction","label":"Native interaction generation","seconds":0.015931,"children":null},{"id":"execution.hash_interaction","label":"Hash interaction generation","seconds":0.074484,"children":null},{"id":"execution.interaction_commit","label":"Interaction closure and commitment","seconds":0.14138,"children":null},{"id":"execution.core","label":"Core STARK proof","seconds":0.220737,"children":[{"id":"draw_random_coeff","label":"Draw random coefficient","seconds":0,"children":null},{"id":"composition_trace_extract","label":"Composition trace extract","seconds":0.000005,"children":null},{"id":"composition_evaluation","label":"Composition evaluation","seconds":0.134304,"children":null},{"id":"composition_interpolate_and_split","label":"Composition interpolate and split","seconds":0.001481,"children":null},{"id":"composition_commit","label":"Composition commit","seconds":0.003091,"children":null},{"id":"oods_point_and_mask_points","label":"OODS point and mask points","seconds":0.000228,"children":null},{"id":"sampled_value_evaluation","label":"Sampled-value evaluation","seconds":0.017718,"children":null},{"id":"sampled_value_channel_mix","label":"Sampled-value channel mix","seconds":0.000047,"children":null},{"id":"fri_quotient_build_and_commit","label":"FRI quotient build + commit (lazy)","seconds":0.046218,"children":null},{"id":"proof_of_work","label":"Proof of work","seconds":0.005366,"children":null},{"id":"fri_decommit","label":"FRI decommit","seconds":0.00343,"children":null},{"id":"trace_decommit","label":"Trace decommit","seconds":0.000968,"children":null},{"id":"constraint_check_and_assembly","label":"Constraint check and assembly","seconds":0.000211,"children":null}]}]}
