METAL_STREAM_LEAVES columns=139 log=21 tile_log=17 scratch_bytes=67108864 working_bytes=46137344 dispatches=32 overlap=true gpu_ms=4.973
METAL_STREAM_LEAVES columns=139 log=21 tile_log=17 scratch_bytes=67108864 working_bytes=46137344 dispatches=32 overlap=true gpu_ms=6.379
METAL_STREAM_LEAVES columns=654 log=21 tile_log=17 scratch_bytes=67108864 working_bytes=62914560 dispatches=176 overlap=true gpu_ms=18.094
METAL_FRAMEWORK_INTERACTION rows=1048576 batches=33 gpu_ms=38.94462500466034
METAL_FRAMEWORK_INTERACTION rows=262144 batches=4 gpu_ms=0.4659999976865947
METAL_FRAMEWORK_INTERACTION rows=262144 batches=1 gpu_ms=0.26666666963137686
METAL_FRAMEWORK_INTERACTION rows=131072 batches=2 gpu_ms=0.3247083513997495
METAL_FRAMEWORK_INTERACTION rows=1024 batches=2 gpu_ms=0.05429165321402252
METAL_FRAMEWORK_INTERACTION rows=4096 batches=1 gpu_ms=0.24458332336507738
METAL_FRAMEWORK_INTERACTION rows=4096 batches=2 gpu_ms=0.06187497638165951
METAL_FRAMEWORK_INTERACTION rows=8192 batches=1 gpu_ms=0.026249996153637767
METAL_STREAM_LEAVES columns=608 log=21 tile_log=17 scratch_bytes=67108864 working_bytes=62914560 dispatches=176 overlap=true gpu_ms=20.646
METAL_FRAMEWORK_COMPOSITION components=8 groups=6 gpu_ms=67.735
BLAKE3_EXECUTION_STAGE_PROFILE {"schema_version":1,"runtime":"native","example":"blake3-execution","stages":[{"id":"execution.fixed","label":"Admission and fixed commitment","seconds":0.091481,"children":null},{"id":"execution.main","label":"Main commitment","seconds":0.209172,"children":null},{"id":"execution.native_interaction","label":"Native interaction generation","seconds":0.090309,"children":null},{"id":"execution.hash_interaction","label":"Hash interaction generation","seconds":0.151247,"children":null},{"id":"execution.interaction_commit","label":"Interaction closure and commitment","seconds":0.228413,"children":null},{"id":"execution.core","label":"Core STARK proof","seconds":0.58968,"children":[{"id":"draw_random_coeff","label":"Draw random coefficient","seconds":0.000001,"children":null},{"id":"composition_trace_extract","label":"Composition trace extract","seconds":0.000009,"children":null},{"id":"composition_evaluation","label":"Composition evaluation","seconds":0.285915,"children":null},{"id":"composition_interpolate_and_split","label":"Composition interpolate and split","seconds":0.001866,"children":null},{"id":"composition_commit","label":"Composition commit","seconds":0.006323,"children":null},{"id":"oods_point_and_mask_points","label":"OODS point and mask points","seconds":0.000251,"children":null},{"id":"sampled_value_evaluation","label":"Sampled-value evaluation","seconds":0.186815,"children":null},{"id":"sampled_value_channel_mix","label":"Sampled-value channel mix","seconds":0.000055,"children":null},{"id":"fri_quotient_build_and_commit","label":"FRI quotient build + commit (lazy)","seconds":0.086565,"children":null},{"id":"proof_of_work","label":"Proof of work","seconds":0.003091,"children":null},{"id":"fri_decommit","label":"FRI decommit","seconds":0.001938,"children":null},{"id":"trace_decommit","label":"Trace decommit","seconds":0.002014,"children":null},{"id":"constraint_check_and_assembly","label":"Constraint check and assembly","seconds":0.000245,"children":null}]}]}
METAL_STREAM_LEAVES columns=139 log=21 tile_log=17 scratch_bytes=67108864 working_bytes=46137344 dispatches=32 overlap=true gpu_ms=6.076
METAL_STREAM_LEAVES columns=139 log=21 tile_log=17 scratch_bytes=67108864 working_bytes=46137344 dispatches=32 overlap=true gpu_ms=6.325
METAL_STREAM_LEAVES columns=654 log=21 tile_log=17 scratch_bytes=67108864 working_bytes=62914560 dispatches=176 overlap=true gpu_ms=25.396
METAL_FRAMEWORK_INTERACTION rows=1048576 batches=33 gpu_ms=39.01037498144433
METAL_FRAMEWORK_INTERACTION rows=262144 batches=4 gpu_ms=0.45674998546019197
METAL_FRAMEWORK_INTERACTION rows=262144 batches=1 gpu_ms=0.2651250106282532
METAL_FRAMEWORK_INTERACTION rows=131072 batches=2 gpu_ms=0.3269166627433151
METAL_FRAMEWORK_INTERACTION rows=1024 batches=2 gpu_ms=0.054833333706483245
METAL_FRAMEWORK_INTERACTION rows=4096 batches=1 gpu_ms=0.11912497575394809
METAL_FRAMEWORK_INTERACTION rows=4096 batches=2 gpu_ms=0.16900000628083944
METAL_FRAMEWORK_INTERACTION rows=8192 batches=1 gpu_ms=0.038124999264255166
METAL_STREAM_LEAVES columns=608 log=21 tile_log=17 scratch_bytes=67108864 working_bytes=62914560 dispatches=176 overlap=true gpu_ms=21.648
METAL_FRAMEWORK_COMPOSITION components=8 groups=6 gpu_ms=67.332
BLAKE3_EXECUTION_STAGE_PROFILE {"schema_version":1,"runtime":"native","example":"blake3-execution","stages":[{"id":"execution.fixed","label":"Admission and fixed commitment","seconds":0.103947,"children":null},{"id":"execution.main","label":"Main commitment","seconds":0.223672,"children":null},{"id":"execution.native_interaction","label":"Native interaction generation","seconds":0.090423,"children":null},{"id":"execution.hash_interaction","label":"Hash interaction generation","seconds":0.144129,"children":null},{"id":"execution.interaction_commit","label":"Interaction closure and commitment","seconds":0.229208,"children":null},{"id":"execution.core","label":"Core STARK proof","seconds":0.54947,"children":[{"id":"draw_random_coeff","label":"Draw random coefficient","seconds":0.000001,"children":null},{"id":"composition_trace_extract","label":"Composition trace extract","seconds":0.000006,"children":null},{"id":"composition_evaluation","label":"Composition evaluation","seconds":0.249691,"children":null},{"id":"composition_interpolate_and_split","label":"Composition interpolate and split","seconds":0.002137,"children":null},{"id":"composition_commit","label":"Composition commit","seconds":0.006286,"children":null},{"id":"oods_point_and_mask_points","label":"OODS point and mask points","seconds":0.000273,"children":null},{"id":"sampled_value_evaluation","label":"Sampled-value evaluation","seconds":0.183249,"children":null},{"id":"sampled_value_channel_mix","label":"Sampled-value channel mix","seconds":0.000054,"children":null},{"id":"fri_quotient_build_and_commit","label":"FRI quotient build + commit (lazy)","seconds":0.087601,"children":null},{"id":"proof_of_work","label":"Proof of work","seconds":0.002095,"children":null},{"id":"fri_decommit","label":"FRI decommit","seconds":0.001922,"children":null},{"id":"trace_decommit","label":"Trace decommit","seconds":0.002095,"children":null},{"id":"constraint_check_and_assembly","label":"Constraint check and assembly","seconds":0.000244,"children":null}]}]}
METAL_STREAM_LEAVES columns=139 log=21 tile_log=17 scratch_bytes=67108864 working_bytes=46137344 dispatches=32 overlap=true gpu_ms=5.671
METAL_STREAM_LEAVES columns=139 log=21 tile_log=17 scratch_bytes=67108864 working_bytes=46137344 dispatches=32 overlap=true gpu_ms=4.944
METAL_STREAM_LEAVES columns=654 log=21 tile_log=17 scratch_bytes=67108864 working_bytes=62914560 dispatches=176 overlap=true gpu_ms=28.766
METAL_FRAMEWORK_INTERACTION rows=1048576 batches=33 gpu_ms=35.75400001136586
METAL_FRAMEWORK_INTERACTION rows=262144 batches=4 gpu_ms=0.46079166349954903
METAL_FRAMEWORK_INTERACTION rows=262144 batches=1 gpu_ms=0.28216667124070227
METAL_FRAMEWORK_INTERACTION rows=131072 batches=2 gpu_ms=0.34487497759982944
METAL_FRAMEWORK_INTERACTION rows=1024 batches=2 gpu_ms=0.0435833353549242
METAL_FRAMEWORK_INTERACTION rows=4096 batches=1 gpu_ms=0.05024997517466545
METAL_FRAMEWORK_INTERACTION rows=4096 batches=2 gpu_ms=0.040875020204111934
METAL_FRAMEWORK_INTERACTION rows=8192 batches=1 gpu_ms=0.024125009076669812
METAL_STREAM_LEAVES columns=608 log=21 tile_log=17 scratch_bytes=67108864 working_bytes=62914560 dispatches=176 overlap=true gpu_ms=21.305
METAL_FRAMEWORK_COMPOSITION components=8 groups=6 gpu_ms=68.447
BLAKE3_EXECUTION_STAGE_PROFILE {"schema_version":1,"runtime":"native","example":"blake3-execution","stages":[{"id":"execution.fixed","label":"Admission and fixed commitment","seconds":0.093094,"children":null},{"id":"execution.main","label":"Main commitment","seconds":0.222323,"children":null},{"id":"execution.native_interaction","label":"Native interaction generation","seconds":0.092167,"children":null},{"id":"execution.hash_interaction","label":"Hash interaction generation","seconds":0.140926,"children":null},{"id":"execution.interaction_commit","label":"Interaction closure and commitment","seconds":0.230566,"children":null},{"id":"execution.core","label":"Core STARK proof","seconds":0.562014,"children":[{"id":"draw_random_coeff","label":"Draw random coefficient","seconds":0,"children":null},{"id":"composition_trace_extract","label":"Composition trace extract","seconds":0.000009,"children":null},{"id":"composition_evaluation","label":"Composition evaluation","seconds":0.254436,"children":null},{"id":"composition_interpolate_and_split","label":"Composition interpolate and split","seconds":0.001886,"children":null},{"id":"composition_commit","label":"Composition commit","seconds":0.006425,"children":null},{"id":"oods_point_and_mask_points","label":"OODS point and mask points","seconds":0.00026,"children":null},{"id":"sampled_value_evaluation","label":"Sampled-value evaluation","seconds":0.185748,"children":null},{"id":"sampled_value_channel_mix","label":"Sampled-value channel mix","seconds":0.000054,"children":null},{"id":"fri_quotient_build_and_commit","label":"FRI quotient build + commit (lazy)","seconds":0.084957,"children":null},{"id":"proof_of_work","label":"Proof of work","seconds":0.002071,"children":null},{"id":"fri_decommit","label":"FRI decommit","seconds":0.001843,"children":null},{"id":"trace_decommit","label":"Trace decommit","seconds":0.002169,"children":null},{"id":"constraint_check_and_assembly","label":"Constraint check and assembly","seconds":0.000226,"children":null}]}]}
