test-blake3-native-arithmetic-census
+- native arithmetic census guard
   +- run test stderr
V2_NATIVE_PROOF_SUITE suite=blake3.experimental.v1 queries=1 pow_bits=0
V2_BLAKE3_NATIVE_COMPOSITION nodes=13929 challenge_links=104 outputs=29
V2_BLAKE3_NATIVE_PAYLOADS secure_values=733 scalar_routes=2932
V2_BLAKE3_NATIVE_DEEP nodes=16069 outputs=34 shared_sample_scalars=2820
V2_BLAKE3_NATIVE_FRI nodes=3684 outputs=94 answer_routes=4
V2_BLAKE3_NATIVE_PCS_CHALLENGES routes=88 oods_shared=4
V2_BLAKE3_NATIVE_TERMINAL encoded_coefficients=1
V2_BLAKE3_NATIVE_QUERIES queries=1 scalar_rows=104
V2_BLAKE3_NATIVE_PATHS g_rows=39816 select_rows=2352 opening_sources=781
V2_BLAKE3_NATIVE_OPENINGS scalar_producers=781
V2_BLAKE3_NATIVE_ROOT_NONCE private_words=188 key_words=8
V2_BLAKE3_NATIVE_PUBLIC_BOUNDARY nodes=4351 inputs=1332 outputs=21
V2_BLAKE3_NATIVE_PUBLIC_LINKS challenges=32 aggregate_inputs=116 zero_outputs=4
V2_BLAKE3_NATIVE_PUBLIC_SOURCES public_rows=1280 private_sum_rows=16 covered_inputs=1332
BLAKE3_ARITHMETIC_CENSUS lane=1500 nodes=13929 multiply=5336 linear=5268 inverse=9 dot4=64 fma=3464 removable_rows=3912
BLAKE3_ARITHMETIC_CENSUS lane=1502 nodes=16069 multiply=5641 linear=6850 inverse=11 dot4=574 fma=904 removable_rows=4922
BLAKE3_ARITHMETIC_CENSUS lane=1504 nodes=3684 multiply=1975 linear=1284 inverse=20 dot4=45 fma=891 removable_rows=1206
BLAKE3_ARITHMETIC_CENSUS lane=1506 nodes=4351 multiply=1011 linear=1752 inverse=219 dot4=94 fma=584 removable_rows=1242
BLAKE3_ARITHMETIC_CENSUS lane=1508 nodes=228 multiply=0 linear=112 inverse=0 dot4=0 fma=0 removable_rows=0
BLAKE3_PCS_QUERY_FUSION_CENSUS nodes=16069 query_inputs=621 single_use=537 shared=84 dot4=574 eligible=134 scope=arithmetic_graph_only native_routing_admitted=false
BLAKE3_ARITHMETIC_CENSUS total_rows=29488 removable_rows=11282 removed_relation_events=22564 scope=graph_match_census

Build Summary: 8/8 steps succeeded; 6/6 tests passed
test-blake3-native-arithmetic-census success
+- native arithmetic census guard success
   +- run test 1 passed 10s MaxRSS:1G
      +- compile test ReleaseSafe native success 1m MaxRSS:4G
test-recursive-fused-pcs-opening success
+- Fused PCS opening guard success
   +- run test 5 passed 708ms MaxRSS:2M
      +- compile test ReleaseSafe native success 5s MaxRSS:519M

