BLAKE3_WITNESS_STAGE_PROFILE {"schema_version":1,"runtime":"host","example":"blake3-ethereum-witness","stages":[{"id":"witness.precompile","label":"Preflight and precompile witness","seconds":0.008754,"children":null},{"id":"witness.memory","label":"Memory commitment plan","seconds":0.001551,"children":null},{"id":"witness.hashes","label":"Hash columns and witness","seconds":0.039462,"children":null},{"id":"witness.native","label":"Native execution columns","seconds":0.000922,"children":null},{"id":"witness.lookup_counts","label":"Shared lookup counts and statement","seconds":0.036452,"children":null}]}
full-width witness: steps=1828 hash_counts={ 63000, 18000, 21360, 11097, 848, 303, 303, 404 } hash_logs={ 16, 15, 15, 14, 10, 9, 9, 9 } live=85000112 peak=104175377
full-width shared-path geometry [program, initial, final]: { .{ .words = 404, .independent_compressions = 98576, .shared_compressions = 4894, .proved_compressions = 0, .leaves = 1616, .parents = 1639, .frontier = 24 }, .{ .words = 136, .independent_compressions = 8296, .shared_compressions = 516, .proved_compressions = 516, .leaves = 136, .parents = 190, .frontier = 55 }, .{ .words = 167, .independent_compressions = 10187, .shared_compressions = 609, .proved_compressions = 609, .leaves = 167, .parents = 221, .frontier = 55 } }
full-width admission: live=85689084 peak=236436014
METAL_FRAMEWORK_INTERACTION rows=65536 batches=33 gpu_ms=4.397874989081174
METAL_FRAMEWORK_INTERACTION rows=32768 batches=4 gpu_ms=0.2873749763239175
METAL_FRAMEWORK_INTERACTION rows=32768 batches=1 gpu_ms=0.21033332450315356
METAL_FRAMEWORK_INTERACTION rows=16384 batches=2 gpu_ms=0.2521249989513308
METAL_FRAMEWORK_INTERACTION rows=1024 batches=2 gpu_ms=0.14024999109096825
METAL_FRAMEWORK_INTERACTION rows=512 batches=1 gpu_ms=0.11941668344661593
METAL_FRAMEWORK_INTERACTION rows=512 batches=2 gpu_ms=0.11766667012125254
METAL_FRAMEWORK_INTERACTION rows=512 batches=1 gpu_ms=0.06304169073700905
METAL_FRAMEWORK_COMPOSITION components=8 groups=5 gpu_ms=9.795
BLAKE3_EXECUTION_STAGE_PROFILE {"schema_version":1,"runtime":"native","example":"blake3-extension","stages":[{"id":"execution.fixed","label":"Admission and fixed commitment","seconds":0.039684,"children":null},{"id":"execution.main","label":"Main commitment","seconds":0.082095,"children":null},{"id":"execution.native_interaction","label":"Native interaction generation","seconds":0.010843,"children":null},{"id":"execution.hash_interaction","label":"Hash interaction generation","seconds":0.02444,"children":null},{"id":"execution.extension_interaction","label":"Precompile interaction generation","seconds":0.016434,"children":null},{"id":"execution.interaction_commit","label":"Interaction closure and commitment","seconds":0.087905,"children":null},{"id":"execution.core","label":"Core STARK proof","seconds":0.230029,"children":[{"id":"draw_random_coeff","label":"Draw random coefficient","seconds":0,"children":null},{"id":"composition_trace_extract","label":"Composition trace extract","seconds":0.000052,"children":null},{"id":"composition_evaluation","label":"Composition evaluation","seconds":0.066481,"children":null},{"id":"composition_interpolate_and_split","label":"Composition interpolate and split","seconds":0.002689,"children":null},{"id":"composition_commit","label":"Composition commit","seconds":0.002685,"children":null},{"id":"oods_point_and_mask_points","label":"OODS point and mask points","seconds":0.000711,"children":null},{"id":"sampled_value_evaluation","label":"Sampled-value evaluation","seconds":0.033138,"children":null},{"id":"sampled_value_channel_mix","label":"Sampled-value channel mix","seconds":0.00097,"children":null},{"id":"fri_quotient_build_and_commit","label":"FRI quotient build + commit (lazy)","seconds":0.091257,"children":null},{"id":"proof_of_work","label":"Proof of work","seconds":0.025147,"children":null},{"id":"fri_decommit","label":"FRI decommit","seconds":0.001199,"children":null},{"id":"trace_decommit","label":"Trace decommit","seconds":0.002667,"children":null},{"id":"constraint_check_and_assembly","label":"Constraint check and assembly","seconds":0.000685,"children":null}]}]}
BLAKE3_WITNESS_STAGE_PROFILE {"schema_version":1,"runtime":"host","example":"blake3-ethereum-witness","stages":[{"id":"witness.precompile","label":"Preflight and precompile witness","seconds":0.008842,"children":null},{"id":"witness.memory","label":"Memory commitment plan","seconds":0.001538,"children":null},{"id":"witness.hashes","label":"Hash columns and witness","seconds":0.038486,"children":null},{"id":"witness.native","label":"Native execution columns","seconds":0.000984,"children":null},{"id":"witness.lookup_counts","label":"Shared lookup counts and statement","seconds":0.034259,"children":null}]}
full-width witness: steps=1828 hash_counts={ 63000, 18000, 21360, 11097, 848, 303, 303, 404 } hash_logs={ 16, 15, 15, 14, 10, 9, 9, 9 } live=85000112 peak=632635387
full-width shared-path geometry [program, initial, final]: { .{ .words = 404, .independent_compressions = 98576, .shared_compressions = 4894, .proved_compressions = 0, .leaves = 1616, .parents = 1639, .frontier = 24 }, .{ .words = 136, .independent_compressions = 8296, .shared_compressions = 516, .proved_compressions = 516, .leaves = 136, .parents = 190, .frontier = 55 }, .{ .words = 167, .independent_compressions = 10187, .shared_compressions = 609, .proved_compressions = 609, .leaves = 167, .parents = 221, .frontier = 55 } }
full-width admission: live=85689084 peak=632635387
METAL_FRAMEWORK_INTERACTION rows=65536 batches=33 gpu_ms=4.150083346758038
METAL_FRAMEWORK_INTERACTION rows=32768 batches=4 gpu_ms=0.1967499847523868
METAL_FRAMEWORK_INTERACTION rows=32768 batches=1 gpu_ms=0.07787501090206206
METAL_FRAMEWORK_INTERACTION rows=16384 batches=2 gpu_ms=0.14275001012720168
METAL_FRAMEWORK_INTERACTION rows=1024 batches=2 gpu_ms=0.052291667088866234
METAL_FRAMEWORK_INTERACTION rows=512 batches=1 gpu_ms=0.05124998278915882
METAL_FRAMEWORK_INTERACTION rows=512 batches=2 gpu_ms=0.06408331682905555
METAL_FRAMEWORK_INTERACTION rows=512 batches=1 gpu_ms=0.032249983632937074
METAL_FRAMEWORK_COMPOSITION components=8 groups=5 gpu_ms=8.402
BLAKE3_EXECUTION_STAGE_PROFILE {"schema_version":1,"runtime":"native","example":"blake3-extension","stages":[{"id":"execution.fixed","label":"Admission and fixed commitment","seconds":0.037144,"children":null},{"id":"execution.main","label":"Main commitment","seconds":0.076468,"children":null},{"id":"execution.native_interaction","label":"Native interaction generation","seconds":0.010922,"children":null},{"id":"execution.hash_interaction","label":"Hash interaction generation","seconds":0.015114,"children":null},{"id":"execution.extension_interaction","label":"Precompile interaction generation","seconds":0.016282,"children":null},{"id":"execution.interaction_commit","label":"Interaction closure and commitment","seconds":0.092833,"children":null},{"id":"execution.core","label":"Core STARK proof","seconds":0.232758,"children":[{"id":"draw_random_coeff","label":"Draw random coefficient","seconds":0.000001,"children":null},{"id":"composition_trace_extract","label":"Composition trace extract","seconds":0.000062,"children":null},{"id":"composition_evaluation","label":"Composition evaluation","seconds":0.065097,"children":null},{"id":"composition_interpolate_and_split","label":"Composition interpolate and split","seconds":0.002674,"children":null},{"id":"composition_commit","label":"Composition commit","seconds":0.002941,"children":null},{"id":"oods_point_and_mask_points","label":"OODS point and mask points","seconds":0.000735,"children":null},{"id":"sampled_value_evaluation","label":"Sampled-value evaluation","seconds":0.033489,"children":null},{"id":"sampled_value_channel_mix","label":"Sampled-value channel mix","seconds":0.000991,"children":null},{"id":"fri_quotient_build_and_commit","label":"FRI quotient build + commit (lazy)","seconds":0.097522,"children":null},{"id":"proof_of_work","label":"Proof of work","seconds":0.022992,"children":null},{"id":"fri_decommit","label":"FRI decommit","seconds":0.001189,"children":null},{"id":"trace_decommit","label":"Trace decommit","seconds":0.00211,"children":null},{"id":"constraint_check_and_assembly","label":"Constraint check and assembly","seconds":0.000623,"children":null}]}]}
BLAKE3_WITNESS_STAGE_PROFILE {"schema_version":1,"runtime":"host","example":"blake3-ethereum-witness","stages":[{"id":"witness.precompile","label":"Preflight and precompile witness","seconds":0.008923,"children":null},{"id":"witness.memory","label":"Memory commitment plan","seconds":0.001517,"children":null},{"id":"witness.hashes","label":"Hash columns and witness","seconds":0.040371,"children":null},{"id":"witness.native","label":"Native execution columns","seconds":0.000889,"children":null},{"id":"witness.lookup_counts","label":"Shared lookup counts and statement","seconds":0.033904,"children":null}]}
full-width witness: steps=1828 hash_counts={ 63000, 18000, 21360, 11097, 848, 303, 303, 404 } hash_logs={ 16, 15, 15, 14, 10, 9, 9, 9 } live=85000112 peak=632635387
full-width shared-path geometry [program, initial, final]: { .{ .words = 404, .independent_compressions = 98576, .shared_compressions = 4894, .proved_compressions = 0, .leaves = 1616, .parents = 1639, .frontier = 24 }, .{ .words = 136, .independent_compressions = 8296, .shared_compressions = 516, .proved_compressions = 516, .leaves = 136, .parents = 190, .frontier = 55 }, .{ .words = 167, .independent_compressions = 10187, .shared_compressions = 609, .proved_compressions = 609, .leaves = 167, .parents = 221, .frontier = 55 } }
full-width admission: live=85689084 peak=632635387
METAL_FRAMEWORK_INTERACTION rows=65536 batches=33 gpu_ms=2.9567499877884984
METAL_FRAMEWORK_INTERACTION rows=32768 batches=4 gpu_ms=0.13866668450646102
METAL_FRAMEWORK_INTERACTION rows=32768 batches=1 gpu_ms=0.05508333561010659
METAL_FRAMEWORK_INTERACTION rows=16384 batches=2 gpu_ms=0.07312500383704901
METAL_FRAMEWORK_INTERACTION rows=1024 batches=2 gpu_ms=0.03445835318416357
METAL_FRAMEWORK_INTERACTION rows=512 batches=1 gpu_ms=0.03245833795517683
METAL_FRAMEWORK_INTERACTION rows=512 batches=2 gpu_ms=0.042041647247970104
METAL_FRAMEWORK_INTERACTION rows=512 batches=1 gpu_ms=0.020499981474131346
METAL_FRAMEWORK_COMPOSITION components=8 groups=5 gpu_ms=6.472
BLAKE3_EXECUTION_STAGE_PROFILE {"schema_version":1,"runtime":"native","example":"blake3-extension","stages":[{"id":"execution.fixed","label":"Admission and fixed commitment","seconds":0.039809,"children":null},{"id":"execution.main","label":"Main commitment","seconds":0.082737,"children":null},{"id":"execution.native_interaction","label":"Native interaction generation","seconds":0.010784,"children":null},{"id":"execution.hash_interaction","label":"Hash interaction generation","seconds":0.013084,"children":null},{"id":"execution.extension_interaction","label":"Precompile interaction generation","seconds":0.01633,"children":null},{"id":"execution.interaction_commit","label":"Interaction closure and commitment","seconds":0.095847,"children":null},{"id":"execution.core","label":"Core STARK proof","seconds":0.235295,"children":[{"id":"draw_random_coeff","label":"Draw random coefficient","seconds":0,"children":null},{"id":"composition_trace_extract","label":"Composition trace extract","seconds":0.000056,"children":null},{"id":"composition_evaluation","label":"Composition evaluation","seconds":0.06325,"children":null},{"id":"composition_interpolate_and_split","label":"Composition interpolate and split","seconds":0.002784,"children":null},{"id":"composition_commit","label":"Composition commit","seconds":0.002677,"children":null},{"id":"oods_point_and_mask_points","label":"OODS point and mask points","seconds":0.00064,"children":null},{"id":"sampled_value_evaluation","label":"Sampled-value evaluation","seconds":0.033025,"children":null},{"id":"sampled_value_channel_mix","label":"Sampled-value channel mix","seconds":0.000975,"children":null},{"id":"fri_quotient_build_and_commit","label":"FRI quotient build + commit (lazy)","seconds":0.099163,"children":null},{"id":"proof_of_work","label":"Proof of work","seconds":0.026577,"children":null},{"id":"fri_decommit","label":"FRI decommit","seconds":0.001198,"children":null},{"id":"trace_decommit","label":"Trace decommit","seconds":0.002079,"children":null},{"id":"constraint_check_and_assembly","label":"Constraint check and assembly","seconds":0.000636,"children":null}]}]}
