DETACHED_PARENT_PCS_PHASE lane=1 selected_lane_only=true capture_ns=217361667 plans_ns=3209333 authority_ns=458820334 rows_ns=320574583
DETACHED_PARENT_CHILD_PHASE lane=1 prefix_ns=157959 transcript_ns=135541 pcs_ns=1000028584 boundary_ns=7777041 composition_ns=7016292
DETACHED_PARENT_CHILD lane=1 preparation_ns=1015142125
DETACHED_PARENT_PCS_PHASE lane=2 selected_lane_only=true capture_ns=97600167 plans_ns=3155375 authority_ns=458328083 rows_ns=308769542
DETACHED_PARENT_CHILD_PHASE lane=2 prefix_ns=137625 transcript_ns=64791 pcs_ns=867886459 boundary_ns=7665250 composition_ns=7023000
DETACHED_PARENT_CHILD lane=2 preparation_ns=1897945083
riscv_detached_arithmetic_fusion lane=501 dot4_rows=395 multiply_add_rows=8779
riscv_detached_arithmetic_fusion lane=511 dot4_rows=2616 multiply_add_rows=3495
riscv_detached_arithmetic_fusion lane=412 dot4_rows=105869 multiply_add_rows=32356
riscv_detached_arithmetic_fusion lane=402 dot4_rows=5790 multiply_add_rows=103659
riscv_detached_arithmetic_fusion lane=502 dot4_rows=395 multiply_add_rows=8779
riscv_detached_arithmetic_fusion lane=512 dot4_rows=2616 multiply_add_rows=3495
riscv_detached_arithmetic_fusion lane=413 dot4_rows=105869 multiply_add_rows=32356
riscv_detached_arithmetic_fusion lane=403 dot4_rows=5790 multiply_add_rows=103659
riscv_detached_arithmetic_fusion lane=521 dot4_rows=2592 multiply_add_rows=2612
DETACHED_PARENT_ROW row=0 rows=6378 logical_bytes=306144
DETACHED_PARENT_ROW row=1 rows=2768 logical_bytes=531456
DETACHED_PARENT_ROW row=2 rows=2768 logical_bytes=409664
DETACHED_PARENT_ROW row=3 rows=206 logical_bytes=29664
DETACHED_PARENT_ROW row=4 rows=20496 logical_bytes=1557696
DETACHED_PARENT_ROW row=5 rows=18892 logical_bytes=1586928
DETACHED_PARENT_ROW row=6 rows=4 logical_bytes=1088
DETACHED_PARENT_ROW row=7 rows=4 logical_bytes=240
DETACHED_PARENT_ROW row=8 rows=94 logical_bytes=9400
DETACHED_PARENT_ROW row=9 rows=66 logical_bytes=8448
DETACHED_PARENT_ROW row=10 rows=8 logical_bytes=736
DETACHED_PARENT_ROW row=11 rows=61669 logical_bytes=5673548
DETACHED_PARENT_ROW row=12 rows=0 logical_bytes=0
DETACHED_PARENT_ROW row=13 rows=80125 logical_bytes=3205000
DETACHED_PARENT_ROW row=14 rows=231932 logical_bytes=50097312
DETACHED_PARENT_ROW row=20 rows=386 logical_bytes=114256
DETACHED_PARENT_ROW row=21 rows=6176 logical_bytes=2593920
DETACHED_PARENT_ROW row=22 rows=18 logical_bytes=1368
DETACHED_PARENT_ROW row=23 rows=94956 logical_bytes=33044688
DETACHED_PARENT_ROW row=24 rows=782056 logical_bytes=81333824
DETACHED_PARENT_ROW row=25 rows=23160 logical_bytes=8708160
DETACHED_PARENT_ROW row=26 rows=5790 logical_bytes=972720
DETACHED_PARENT_ROW row=27 rows=1930 logical_bytes=216160
DETACHED_PARENT_ROW row=28 rows=2702 logical_bytes=237776
DETACHED_PARENT_ROW row=29 rows=141326 logical_bytes=16959120
DETACHED_PARENT_ROW row=30 rows=678113 logical_bytes=73236204
DETACHED_PARENT_ROW row=31 rows=36030 logical_bytes=4611840
DETACHED_PARENT_ROW row=32 rows=217792 logical_bytes=44429568
DETACHED_PARENT_ROW row=33 rows=49794 logical_bytes=9162096
DETACHED_PARENT_PREPARATION rows_bytes=339039024 providers=176468 graph_ns=2179403583 snapshot_pending=true
PARENT_MAIN_FINALIZE preflight_ns=336542 main_fill_ns=94285750 source_projection_ns=816118750 range_fill_ns=712250 closure_ns=178704750
METAL_FRAMEWORK_INTERACTION rows=8192 batches=2 gpu_ms=0.05837500066263601
METAL_FRAMEWORK_INTERACTION rows=4096 batches=3 gpu_ms=0.10299999848939478
METAL_FRAMEWORK_INTERACTION rows=4096 batches=7 gpu_ms=0.12512499961303547
METAL_FRAMEWORK_INTERACTION rows=256 batches=6 gpu_ms=0.10408333037048578
METAL_FRAMEWORK_INTERACTION rows=32768 batches=1 gpu_ms=0.05337499896995723
METAL_FRAMEWORK_INTERACTION rows=32768 batches=1 gpu_ms=0.05408333527157083
METAL_FRAMEWORK_INTERACTION rows=16 batches=1 gpu_ms=0.04074999742442742
METAL_FRAMEWORK_INTERACTION rows=16 batches=1 gpu_ms=0.032250005460809916
METAL_FRAMEWORK_INTERACTION rows=128 batches=9 gpu_ms=0.12066666386090219
METAL_FRAMEWORK_INTERACTION rows=128 batches=5 gpu_ms=0.08716666343389079
METAL_FRAMEWORK_INTERACTION rows=16 batches=3 gpu_ms=0.051750001148320735
METAL_FRAMEWORK_INTERACTION rows=65536 batches=3 gpu_ms=0.280583328276407
METAL_FRAMEWORK_INTERACTION rows=16 batches=17 gpu_ms=0.23049999435897917
METAL_FRAMEWORK_INTERACTION rows=131072 batches=1 gpu_ms=0.14004166587255895
METAL_FRAMEWORK_INTERACTION rows=262144 batches=5 gpu_ms=0.903458334505558
METAL_FRAMEWORK_INTERACTION rows=512 batches=17 gpu_ms=0.22487499518319964
METAL_FRAMEWORK_INTERACTION rows=8192 batches=1 gpu_ms=0.07712499791523442
METAL_FRAMEWORK_INTERACTION rows=32 batches=5 gpu_ms=0.06983333150856197
METAL_FRAMEWORK_INTERACTION rows=131072 batches=7 gpu_ms=1.4186249973136
METAL_FRAMEWORK_INTERACTION rows=1048576 batches=4 gpu_ms=2.3512916668551043
METAL_FRAMEWORK_INTERACTION rows=32768 batches=7 gpu_ms=0.5822500024805777
METAL_FRAMEWORK_INTERACTION rows=8192 batches=3 gpu_ms=0.13954166934126988
METAL_FRAMEWORK_INTERACTION rows=2048 batches=3 gpu_ms=0.09808333561522886
METAL_FRAMEWORK_INTERACTION rows=4096 batches=2 gpu_ms=0.06900000153109431
METAL_FRAMEWORK_INTERACTION rows=262144 batches=5 gpu_ms=0.6634583332925104
METAL_FRAMEWORK_INTERACTION rows=1048576 batches=2 gpu_ms=1.7814583334256895
METAL_FRAMEWORK_INTERACTION rows=65536 batches=1 gpu_ms=0.10854166612261906
METAL_FRAMEWORK_INTERACTION rows=262144 batches=2 gpu_ms=0.5282500060275197
METAL_FRAMEWORK_INTERACTION rows=65536 batches=2 gpu_ms=0.17245833441847935
PARENT_INTERACTION_FILL preflight_ns=782917 typed_ns=165781042 poseidon_ns=10320208 range_ns=2680500
DETACHED_PARENT_TYPED_DEVICE_INTERACTION components=29 dispatches=116
info: resident framework composition: components=30 groups=13 gpu_ms=8.128
info: resident RISC-V semantic composition: 4 components, 4 kernels, 6.912 ms GPU
info: resident RISC-V lookup composition: 1 components, 1 kernels, 0.415 ms GPU
DETACHED_PARENT_STAGE_PROFILE {"schema_version":1,"runtime":"device","example":"detached-recursive-parent","stages":[{"id":"parent.fixed","label":"Fixed columns and key admission","seconds":0.342544,"children":null},{"id":"parent.main_fill","label":"Main column allocation","seconds":0.023328,"children":null},{"id":"parent.main_finalize","label":"Main filling, range construction and exact lookup closure","seconds":1.092616,"children":null},{"id":"parent.main_commit","label":"Main commitment","seconds":0.465483,"children":null},{"id":"parent.interaction_fill","label":"Transcript and interaction columns","seconds":0.192255,"children":null},{"id":"parent.interaction_commit","label":"Interaction commitment","seconds":0.247481,"children":null},{"id":"parent.components","label":"Typed component assembly","seconds":0.004108,"children":null},{"id":"draw_random_coeff","label":"Draw random coefficient","seconds":0.000002,"children":null},{"id":"composition_trace_extract","label":"Composition trace extract","seconds":0.000007,"children":null},{"id":"composition_evaluation","label":"Composition evaluation","seconds":0.107965,"children":null},{"id":"composition_interpolate_and_split","label":"Composition interpolate and split","seconds":0.003172,"children":null},{"id":"composition_commit","label":"Composition commit","seconds":0.026742,"children":null},{"id":"oods_point_and_mask_points","label":"OODS point and mask points","seconds":0.000086,"children":null},{"id":"sampled_value_evaluation","label":"Sampled-value evaluation","seconds":0.026668,"children":null},{"id":"sampled_value_channel_mix","label":"Sampled-value channel mix","seconds":0.000657,"children":null},{"id":"fri_quotient_build_and_commit","label":"FRI quotient build + commit (lazy)","seconds":0.082349,"children":null},{"id":"proof_of_work","label":"Proof of work","seconds":0.003975,"children":null},{"id":"fri_decommit","label":"FRI decommit","seconds":0.002307,"children":null},{"id":"trace_decommit","label":"Trace decommit","seconds":0.005304,"children":null},{"id":"constraint_check_and_assembly","label":"Constraint check and assembly","seconds":0.000286,"children":null},{"id":"parent.serialize","label":"Canonical proof serialization","seconds":0.008166,"children":null}]}
DETACHED_PARENT_PCS_PHASE lane=1 selected_lane_only=true capture_ns=98718292 plans_ns=3190375 authority_ns=461371791 rows_ns=316244042
DETACHED_PARENT_CHILD_PHASE lane=1 prefix_ns=160792 transcript_ns=142833 pcs_ns=879575292 boundary_ns=7840583 composition_ns=7003583
DETACHED_PARENT_CHILD lane=1 preparation_ns=894745000
DETACHED_PARENT_PCS_PHASE lane=2 selected_lane_only=true capture_ns=97601958 plans_ns=3150417 authority_ns=463313958 rows_ns=311570542
DETACHED_PARENT_CHILD_PHASE lane=2 prefix_ns=144250 transcript_ns=64667 pcs_ns=875668208 boundary_ns=7743417 composition_ns=6993708
DETACHED_PARENT_CHILD lane=2 preparation_ns=1785381083
riscv_detached_arithmetic_fusion lane=501 dot4_rows=395 multiply_add_rows=8779
riscv_detached_arithmetic_fusion lane=511 dot4_rows=2616 multiply_add_rows=3495
riscv_detached_arithmetic_fusion lane=412 dot4_rows=105869 multiply_add_rows=32356
riscv_detached_arithmetic_fusion lane=402 dot4_rows=5790 multiply_add_rows=103659
riscv_detached_arithmetic_fusion lane=502 dot4_rows=395 multiply_add_rows=8779
riscv_detached_arithmetic_fusion lane=512 dot4_rows=2616 multiply_add_rows=3495
riscv_detached_arithmetic_fusion lane=413 dot4_rows=105869 multiply_add_rows=32356
riscv_detached_arithmetic_fusion lane=403 dot4_rows=5790 multiply_add_rows=103659
riscv_detached_arithmetic_fusion lane=521 dot4_rows=2592 multiply_add_rows=2612
DETACHED_PARENT_ROW row=0 rows=6378 logical_bytes=306144
DETACHED_PARENT_ROW row=1 rows=2768 logical_bytes=531456
DETACHED_PARENT_ROW row=2 rows=2768 logical_bytes=409664
DETACHED_PARENT_ROW row=3 rows=206 logical_bytes=29664
DETACHED_PARENT_ROW row=4 rows=20496 logical_bytes=1557696
DETACHED_PARENT_ROW row=5 rows=18892 logical_bytes=1586928
DETACHED_PARENT_ROW row=6 rows=4 logical_bytes=1088
DETACHED_PARENT_ROW row=7 rows=4 logical_bytes=240
DETACHED_PARENT_ROW row=8 rows=94 logical_bytes=9400
DETACHED_PARENT_ROW row=9 rows=66 logical_bytes=8448
DETACHED_PARENT_ROW row=10 rows=8 logical_bytes=736
DETACHED_PARENT_ROW row=11 rows=61669 logical_bytes=5673548
DETACHED_PARENT_ROW row=12 rows=0 logical_bytes=0
DETACHED_PARENT_ROW row=13 rows=80125 logical_bytes=3205000
DETACHED_PARENT_ROW row=14 rows=231932 logical_bytes=50097312
DETACHED_PARENT_ROW row=20 rows=386 logical_bytes=114256
DETACHED_PARENT_ROW row=21 rows=6176 logical_bytes=2593920
DETACHED_PARENT_ROW row=22 rows=18 logical_bytes=1368
DETACHED_PARENT_ROW row=23 rows=94956 logical_bytes=33044688
DETACHED_PARENT_ROW row=24 rows=782056 logical_bytes=81333824
DETACHED_PARENT_ROW row=25 rows=23160 logical_bytes=8708160
DETACHED_PARENT_ROW row=26 rows=5790 logical_bytes=972720
DETACHED_PARENT_ROW row=27 rows=1930 logical_bytes=216160
DETACHED_PARENT_ROW row=28 rows=2702 logical_bytes=237776
DETACHED_PARENT_ROW row=29 rows=141326 logical_bytes=16959120
DETACHED_PARENT_ROW row=30 rows=678113 logical_bytes=73236204
DETACHED_PARENT_ROW row=31 rows=36030 logical_bytes=4611840
DETACHED_PARENT_ROW row=32 rows=217792 logical_bytes=44429568
DETACHED_PARENT_ROW row=33 rows=49794 logical_bytes=9162096
DETACHED_PARENT_PREPARATION rows_bytes=339039024 providers=176468 graph_ns=2069051083 snapshot_pending=true
PARENT_MAIN_FINALIZE preflight_ns=254375 main_fill_ns=96520959 source_projection_ns=826462916 range_fill_ns=726292 closure_ns=184445375
METAL_FRAMEWORK_INTERACTION rows=8192 batches=2 gpu_ms=0.034749995393212885
METAL_FRAMEWORK_INTERACTION rows=4096 batches=3 gpu_ms=0.1057083354680799
METAL_FRAMEWORK_INTERACTION rows=4096 batches=7 gpu_ms=0.1255416646017693
METAL_FRAMEWORK_INTERACTION rows=256 batches=6 gpu_ms=0.10237500100629404
METAL_FRAMEWORK_INTERACTION rows=32768 batches=1 gpu_ms=0.05299999611452222
METAL_FRAMEWORK_INTERACTION rows=32768 batches=1 gpu_ms=0.05354166933102533
METAL_FRAMEWORK_INTERACTION rows=16 batches=1 gpu_ms=0.04066666588187218
METAL_FRAMEWORK_INTERACTION rows=16 batches=1 gpu_ms=0.032458330679219216
METAL_FRAMEWORK_INTERACTION rows=128 batches=9 gpu_ms=0.1188750029541552
METAL_FRAMEWORK_INTERACTION rows=128 batches=5 gpu_ms=0.08150000212481245
METAL_FRAMEWORK_INTERACTION rows=16 batches=3 gpu_ms=0.05116667307447642
METAL_FRAMEWORK_INTERACTION rows=65536 batches=3 gpu_ms=0.17429167201044038
METAL_FRAMEWORK_INTERACTION rows=16 batches=17 gpu_ms=0.22975000320002437
METAL_FRAMEWORK_INTERACTION rows=131072 batches=1 gpu_ms=0.13937499898020178
METAL_FRAMEWORK_INTERACTION rows=262144 batches=5 gpu_ms=0.9021250007208437
METAL_FRAMEWORK_INTERACTION rows=512 batches=17 gpu_ms=0.22362500021699816
METAL_FRAMEWORK_INTERACTION rows=8192 batches=1 gpu_ms=0.07662500138394535
METAL_FRAMEWORK_INTERACTION rows=32 batches=5 gpu_ms=0.06945833592908457
METAL_FRAMEWORK_INTERACTION rows=131072 batches=7 gpu_ms=1.108749995182734
METAL_FRAMEWORK_INTERACTION rows=1048576 batches=4 gpu_ms=2.3527499943156727
METAL_FRAMEWORK_INTERACTION rows=32768 batches=7 gpu_ms=0.36337500205263495
METAL_FRAMEWORK_INTERACTION rows=8192 batches=3 gpu_ms=0.08416666241828352
METAL_FRAMEWORK_INTERACTION rows=2048 batches=3 gpu_ms=0.08587499905843288
METAL_FRAMEWORK_INTERACTION rows=4096 batches=2 gpu_ms=0.08858332876116037
METAL_FRAMEWORK_INTERACTION rows=262144 batches=5 gpu_ms=0.6064999979571439
METAL_FRAMEWORK_INTERACTION rows=1048576 batches=2 gpu_ms=5.936250003287569
METAL_FRAMEWORK_INTERACTION rows=65536 batches=1 gpu_ms=0.4003750000265427
METAL_FRAMEWORK_INTERACTION rows=262144 batches=2 gpu_ms=0.5860000019310974
METAL_FRAMEWORK_INTERACTION rows=65536 batches=2 gpu_ms=0.7575416675535962
PARENT_INTERACTION_FILL preflight_ns=801958 typed_ns=179436125 poseidon_ns=10440125 range_ns=2282417
DETACHED_PARENT_TYPED_DEVICE_INTERACTION components=29 dispatches=116
info: resident framework composition: components=30 groups=13 gpu_ms=8.179
info: resident RISC-V semantic composition: 4 components, 4 kernels, 6.817 ms GPU
info: resident RISC-V lookup composition: 1 components, 1 kernels, 0.433 ms GPU
DETACHED_PARENT_STAGE_PROFILE {"schema_version":1,"runtime":"device","example":"detached-recursive-parent","stages":[{"id":"parent.fixed","label":"Fixed columns and key admission","seconds":0.335102,"children":null},{"id":"parent.main_fill","label":"Main column allocation","seconds":0.022615,"children":null},{"id":"parent.main_finalize","label":"Main filling, range construction and exact lookup closure","seconds":1.111201,"children":null},{"id":"parent.main_commit","label":"Main commitment","seconds":0.46643,"children":null},{"id":"parent.interaction_fill","label":"Transcript and interaction columns","seconds":0.207138,"children":null},{"id":"parent.interaction_commit","label":"Interaction commitment","seconds":0.254066,"children":null},{"id":"parent.components","label":"Typed component assembly","seconds":0.003997,"children":null},{"id":"draw_random_coeff","label":"Draw random coefficient","seconds":0.000001,"children":null},{"id":"composition_trace_extract","label":"Composition trace extract","seconds":0.000006,"children":null},{"id":"composition_evaluation","label":"Composition evaluation","seconds":0.101647,"children":null},{"id":"composition_interpolate_and_split","label":"Composition interpolate and split","seconds":0.003011,"children":null},{"id":"composition_commit","label":"Composition commit","seconds":0.025843,"children":null},{"id":"oods_point_and_mask_points","label":"OODS point and mask points","seconds":0.000102,"children":null},{"id":"sampled_value_evaluation","label":"Sampled-value evaluation","seconds":0.030163,"children":null},{"id":"sampled_value_channel_mix","label":"Sampled-value channel mix","seconds":0.000633,"children":null},{"id":"fri_quotient_build_and_commit","label":"FRI quotient build + commit (lazy)","seconds":0.076159,"children":null},{"id":"proof_of_work","label":"Proof of work","seconds":0.003934,"children":null},{"id":"fri_decommit","label":"FRI decommit","seconds":0.002437,"children":null},{"id":"trace_decommit","label":"Trace decommit","seconds":0.005308,"children":null},{"id":"constraint_check_and_assembly","label":"Constraint check and assembly","seconds":0.00029,"children":null},{"id":"parent.serialize","label":"Canonical proof serialization","seconds":0.008177,"children":null}]}
DETACHED_PARENT_METAL dispatches=470 poseidon_commits=18 cpu_fallbacks=0 host_composition_components=0 pow_dispatches=4 runtime_released=true manifest_sha256=d3c68ca5dcfdb83c885c4bb81c6ba86cdc5501f1b8b4e19ba6f51fc3aa049899 profile=recursive_framework_v1 framework_dispatches=60
{"endpoint":"detached_parent_batch","reports":[{"endpoint":"segment_v2_detached_two_child_parent_candidate_q193","profile":"tiny-parent-root-v2","publication_mode":"root","proof_profile":"recursive_q193_v1","status":"unverified_candidate","verified":false,"development_only":true,"child_owners_destroyed":true,"producer_destroyed":true,"reused_admitted_parent_key":true,"child_key_sha256":[[214,60,24,215,93,161,32,69,64,54,137,18,21,60,2,66,153,247,215,93,214,71,196,191,90,67,15,158,29,129,78,111],[52,101,122,252,71,235,220,44,62,42,22,241,149,244,116,88,217,46,134,5,126,45,114,83,188,229,65,201,61,128,30,25]],"artifacts":{"key_sha256":[43,54,70,56,122,217,160,216,106,50,230,24,28,117,174,240,148,190,170,244,129,176,88,11,208,6,252,73,206,8,110,12],"claims_sha256":[49,178,150,212,209,141,148,238,219,93,40,66,239,70,211,225,229,134,73,248,37,59,245,119,205,108,37,34,142,53,78,179],"proof_sha256":[146,45,152,84,36,75,24,7,249,118,40,193,15,14,143,169,78,251,221,88,53,171,159,248,209,106,237,27,129,185,188,187],"proof_bytes":2297319},"candidate_root_words_sha256":[189,249,149,127,224,29,110,114,200,174,151,175,231,135,81,130,99,197,157,73,129,224,15,210,38,249,188,185,180,245,88,172],"circuit_identity":[71,179,224,242,26,78,39,100,147,248,87,173,160,231,54,27,230,179,68,85,24,188,217,151,168,142,210,196,246,195,105,67],"preparation_ns":2345995791,"key_preparation_ns":342546042,"proof_ns":2331891291,"request_ns":5186275416},{"endpoint":"segment_v2_detached_two_child_parent_candidate_q193","profile":"tiny-parent-root-v2","publication_mode":"root","proof_profile":"recursive_q193_v1","status":"unverified_candidate","verified":false,"development_only":true,"child_owners_destroyed":true,"producer_destroyed":true,"reused_admitted_parent_key":true,"child_key_sha256":[[214,60,24,215,93,161,32,69,64,54,137,18,21,60,2,66,153,247,215,93,214,71,196,191,90,67,15,158,29,129,78,111],[52,101,122,252,71,235,220,44,62,42,22,241,149,244,116,88,217,46,134,5,126,45,114,83,188,229,65,201,61,128,30,25]],"artifacts":{"key_sha256":[43,54,70,56,122,217,160,216,106,50,230,24,28,117,174,240,148,190,170,244,129,176,88,11,208,6,252,73,206,8,110,12],"claims_sha256":[49,178,150,212,209,141,148,238,219,93,40,66,239,70,211,225,229,134,73,248,37,59,245,119,205,108,37,34,142,53,78,179],"proof_sha256":[146,45,152,84,36,75,24,7,249,118,40,193,15,14,143,169,78,251,221,88,53,171,159,248,209,106,237,27,129,185,188,187],"proof_bytes":2297319},"candidate_root_words_sha256":[189,249,149,127,224,29,110,114,200,174,151,175,231,135,81,130,99,197,157,73,129,224,15,210,38,249,188,185,180,245,88,172],"circuit_identity":[71,179,224,242,26,78,39,100,147,248,87,173,160,231,54,27,230,179,68,85,24,188,217,151,168,142,210,196,246,195,105,67],"preparation_ns":2234395208,"key_preparation_ns":335097917,"proof_ns":2365337625,"request_ns":5100379000}],"plan_builds":1,"pcs_plan_builds":1,"pcs_plan_hits":3,"pcs_plan_retained_bytes":35197331,"requests":2,"retained_scratch_bytes":0,"elapsed_ns":10286657750}
       10.34 real         9.13 user         0.79 sys
          4427743232  maximum resident set size
                   0  average shared memory size
                   0  average unshared data size
                   0  average unshared stack size
             1163302  page reclaims
                   0  page faults
                   0  swaps
                   0  block input operations
                   0  block output operations
                   0  messages sent
                   0  messages received
                   0  signals received
                   0  voluntary context switches
                2516  involuntary context switches
        168612499309  instructions retired
         43795296970  cycles elapsed
          5575020624  peak memory footprint
