cairo-cuda arena reservation bytes=42539794128 slots=193
cairo-cuda arena slot=1 bytes=171085088 offset=15164810752 lifetime=ingress..trace_generation
cairo-cuda arena slot=3 bytes=646043416 offset=14518767104 lifetime=ingress..trace_generation
cairo-cuda arena slot=6 bytes=11031644416 offset=0 lifetime=trace_generation..trace_commit
cairo-cuda arena slot=7 bytes=3487122500 offset=11031644416 lifetime=trace_generation..trace_generation
cairo-cuda arena slot=16 bytes=292028416 offset=41949555968 lifetime=trace_commit..trace_commit
cairo-cuda arena slot=27 bytes=3825205248 offset=6429261312 lifetime=constraint_evaluation..constraint_evaluation
cairo-cuda arena slot=32 bytes=536607232 offset=41144249600 lifetime=constraint_evaluation..constraint_evaluation
cairo-cuda arena slot=33 bytes=134217728 offset=42241584384 lifetime=ingress..proof_assembly
cairo-cuda arena slot=34 bytes=134217728 offset=42375802112 lifetime=ingress..proof_assembly
cairo-cuda arena slot=35 bytes=402653184 offset=41144249600 lifetime=trace_commit..trace_commit
cairo-cuda arena slot=36 bytes=402653184 offset=41546902784 lifetime=trace_commit..trace_commit
cairo-cuda arena slot=37 bytes=2172402112 offset=35750621952 lifetime=ingress..proof_assembly
cairo-cuda arena slot=38 bytes=4344804224 offset=19608027904 lifetime=ingress..proof_assembly
cairo-cuda arena slot=41 bytes=4294967264 offset=23952832256 lifetime=ingress..proof_assembly
cairo-cuda arena slot=44 bytes=4288191744 offset=28247799552 lifetime=trace_generation..oods
cairo-cuda arena slot=45 bytes=8576383488 offset=11031644416 lifetime=trace_commit..decommit
cairo-cuda arena slot=48 bytes=1073741792 offset=37923024128 lifetime=trace_commit..decommit
cairo-cuda arena slot=51 bytes=3214630656 offset=32535991296 lifetime=trace_commit..oods
cairo-cuda arena slot=52 bytes=6429261312 offset=0 lifetime=trace_commit..decommit
cairo-cuda arena slot=55 bytes=1073741792 offset=40070507776 lifetime=trace_commit..decommit
cairo-cuda arena slot=58 bytes=268435456 offset=41680856832 lifetime=constraint_evaluation..decommit
cairo-cuda arena slot=59 bytes=536870912 offset=10254466560 lifetime=constraint_evaluation..decommit
cairo-cuda arena slot=62 bytes=1073741792 offset=38996765952 lifetime=trace_commit..decommit
cairo-cuda arena slot=77 bytes=513474560 offset=6429261312 lifetime=oods..oods
cairo-cuda arena slot=78 bytes=513474560 offset=6942735872 lifetime=oods..oods
cairo-cuda arena slot=93 bytes=402521344 offset=6429261312 lifetime=quotient..quotient
cairo-cuda arena slot=94 bytes=268435456 offset=8039874048 lifetime=quotient..decommit
cairo-cuda arena slot=95 bytes=134217728 offset=6831782656 lifetime=quotient..quotient
cairo-cuda arena slot=99 bytes=1073741792 offset=6429261312 lifetime=fri_commit..decommit
cairo-cuda arena slot=101 bytes=134217728 offset=8576744960 lifetime=fri_commit..decommit
cairo-cuda arena slot=102 bytes=536870880 offset=7503003136 lifetime=fri_commit..decommit
cairo-cuda arena slot=104 bytes=67108864 offset=8845180416 lifetime=fri_commit..decommit
cairo-cuda arena slot=105 bytes=268435424 offset=8308309504 lifetime=fri_commit..decommit
cairo-cuda arena slot=108 bytes=134217696 offset=8710962688 lifetime=fri_commit..decommit
cairo-cuda static-phase initial_upload_ns=92986435 preprocessed_load_ns=613199462 materialize_ns=1390073 cached=false device_image_hit=false
cairo-cuda-memory-phase phase=proof_begin elapsed_ns=1150
cairo-cuda-memory-phase phase=trace_generation_end elapsed_ns=2710786481
cairo-cuda-memory-phase phase=preprocessed_commit_end elapsed_ns=4486715084
cairo-cuda-memory-phase phase=main_commit_end elapsed_ns=5611421134
cairo-cuda-memory-phase phase=relation_end elapsed_ns=18005773112
cairo-cuda-memory-phase phase=interaction_commit_end elapsed_ns=19932810189
cairo-cuda-memory-phase phase=trace_commit_end elapsed_ns=19932874439
cuda runtime call failed status=2
cairo-cuda proof phase=constraint_evaluation failed
cairo-cuda phase=execute_proof failed: CudaFailure
error: CudaFailure
