ETHEREUM_INCREMENTAL_ROLE0_PHASE phase=cold_open source=darwin_proc_pid_rusage_v6 wall_ns=100146818000 process_cpu_ns=100105206291 parallelism_milli=999 peak_footprint_bytes=1708803920 energy_nj=420655892596 instructions=1541476163705 cycles=397232417267 workers=1 host_byte_budget=17179869184
ETHEREUM_INCREMENTAL_ROLE0_PHASE phase=campaign source=darwin_proc_pid_rusage_v6 wall_ns=151914322708 process_cpu_ns=151871247333 parallelism_milli=999 peak_footprint_bytes=1708803920 energy_nj=545259917081 instructions=1026262624150 cycles=602864237485 workers=1 host_byte_budget=17179869184
ETHEREUM_INCREMENTAL_ROLE0_PHASE phase=materialize source=darwin_proc_pid_rusage_v6 wall_ns=134590312125 process_cpu_ns=134544594250 parallelism_milli=999 peak_footprint_bytes=3002617096 energy_nj=495910852396 instructions=1029197490390 cycles=534060327619 workers=1 host_byte_budget=17179869184
ETHEREUM_COHORT_RESOURCES phase=begin wall_ns=83 source=darwin_proc_pid_rusage_v6 lifetime_peak_footprint_bytes=30506032024 ledger_present=false ledger_len=0 ledger_capacity=0 tuple_record_bytes=136 ledger_used_bytes=0 ledger_capacity_bytes=0 ledger_bytes_overflow=false sampling_unavailable=none
ETHEREUM_COHORT_RESOURCES phase=geometry-ready wall_ns=307090999292 source=darwin_proc_pid_rusage_v6 lifetime_peak_footprint_bytes=30506032024 ledger_present=false ledger_len=0 ledger_capacity=0 tuple_record_bytes=136 ledger_used_bytes=0 ledger_capacity_bytes=0 ledger_bytes_overflow=false sampling_unavailable=none
ETHEREUM_COHORT_RESOURCES phase=prefix-components wall_ns=44274548333 source=darwin_proc_pid_rusage_v6 lifetime_peak_footprint_bytes=30506032024 ledger_present=false ledger_len=0 ledger_capacity=0 tuple_record_bytes=136 ledger_used_bytes=0 ledger_capacity_bytes=0 ledger_bytes_overflow=false sampling_unavailable=none
ETHEREUM_COHORT_RESOURCES phase=prefix-rows wall_ns=74127355167 source=darwin_proc_pid_rusage_v6 lifetime_peak_footprint_bytes=31979511904 ledger_present=false ledger_len=0 ledger_capacity=0 tuple_record_bytes=136 ledger_used_bytes=0 ledger_capacity_bytes=0 ledger_bytes_overflow=false sampling_unavailable=none
ETHEREUM_COHORT_RESOURCES phase=suffix-rows wall_ns=233116996625 source=darwin_proc_pid_rusage_v6 lifetime_peak_footprint_bytes=31979511904 ledger_present=false ledger_len=0 ledger_capacity=0 tuple_record_bytes=136 ledger_used_bytes=0 ledger_capacity_bytes=0 ledger_bytes_overflow=false sampling_unavailable=none
ETHEREUM_COHORT_RESOURCES phase=provider-main wall_ns=41791638416 source=darwin_proc_pid_rusage_v6 lifetime_peak_footprint_bytes=31979511904 ledger_present=false ledger_len=0 ledger_capacity=0 tuple_record_bytes=136 ledger_used_bytes=0 ledger_capacity_bytes=0 ledger_bytes_overflow=false sampling_unavailable=none
ETHEREUM_COHORT_RESOURCES phase=ledger-begin wall_ns=912417 source=darwin_proc_pid_rusage_v6 lifetime_peak_footprint_bytes=31979511904 ledger_present=true ledger_len=0 ledger_capacity=0 tuple_record_bytes=136 ledger_used_bytes=0 ledger_capacity_bytes=0 ledger_bytes_overflow=false sampling_unavailable=none
ETHEREUM_COHORT_RESOURCES phase=ledger-reserved wall_ns=720167 source=darwin_proc_pid_rusage_v6 lifetime_peak_footprint_bytes=31979511904 ledger_present=true ledger_len=0 ledger_capacity=316974724 tuple_record_bytes=136 ledger_used_bytes=0 ledger_capacity_bytes=43108562464 ledger_bytes_overflow=false sampling_unavailable=none
ETHEREUM_COHORT_RESOURCES phase=ledger-prefix wall_ns=65719388000 source=darwin_proc_pid_rusage_v6 lifetime_peak_footprint_bytes=41242540680 ledger_present=true ledger_len=68953678 ledger_capacity=316974724 tuple_record_bytes=136 ledger_used_bytes=9377700208 ledger_capacity_bytes=43108562464 ledger_bytes_overflow=false sampling_unavailable=none
ETHEREUM_COHORT_RESOURCES phase=ledger-suffix wall_ns=4801533666 source=darwin_proc_pid_rusage_v6 lifetime_peak_footprint_bytes=43420942496 ledger_present=true ledger_len=84963552 ledger_capacity=316974724 tuple_record_bytes=136 ledger_used_bytes=11555043072 ledger_capacity_bytes=43108562464 ledger_bytes_overflow=false sampling_unavailable=none
ETHEREUM_COHORT_RESOURCES phase=ledger-native wall_ns=55135182417 source=darwin_proc_pid_rusage_v6 lifetime_peak_footprint_bytes=56226587760 ledger_present=true ledger_len=166400087 ledger_capacity=316974724 tuple_record_bytes=136 ledger_used_bytes=22630411832 ledger_capacity_bytes=43108562464 ledger_bytes_overflow=false sampling_unavailable=none
ETHEREUM_COHORT_RESOURCES phase=range-provider wall_ns=5034559000 source=darwin_proc_pid_rusage_v6 lifetime_peak_footprint_bytes=56226587760 ledger_present=true ledger_len=166400537 ledger_capacity=316974724 tuple_record_bytes=136 ledger_used_bytes=22630473032 ledger_capacity_bytes=43108562464 ledger_bytes_overflow=false sampling_unavailable=none
ETHEREUM_COHORT_RESOURCES phase=ledger-range wall_ns=2970417 source=darwin_proc_pid_rusage_v6 lifetime_peak_footprint_bytes=56226587760 ledger_present=true ledger_len=166400671 ledger_capacity=316974724 tuple_record_bytes=136 ledger_used_bytes=22630491256 ledger_capacity_bytes=43108562464 ledger_bytes_overflow=false sampling_unavailable=none
ETHEREUM_COHORT_RESOURCES phase=ledger-classified wall_ns=207171156750 source=darwin_proc_pid_rusage_v6 lifetime_peak_footprint_bytes=56226587760 ledger_present=true ledger_len=166400671 ledger_capacity=316974724 tuple_record_bytes=136 ledger_used_bytes=22630491256 ledger_capacity_bytes=43108562464 ledger_bytes_overflow=false sampling_unavailable=none
ETHEREUM_COHORT_RESOURCES phase=ledger-released wall_ns=100762090875 source=darwin_proc_pid_rusage_v6 lifetime_peak_footprint_bytes=56226587760 ledger_present=false ledger_len=0 ledger_capacity=0 tuple_record_bytes=136 ledger_used_bytes=0 ledger_capacity_bytes=0 ledger_bytes_overflow=false sampling_unavailable=none
ETHEREUM_WRAPPER_RESOURCES phase=tree0.cpu-pcs.commit wall_ns=434148815375 lifetime_peak_footprint_bytes=57180776232 source=darwin_proc_pid_rusage_v6
ETHEREUM_WRAPPER_RESOURCES phase=tree0.cpu-pcs wall_ns=617518306042 lifetime_peak_footprint_bytes=57180776232 source=darwin_proc_pid_rusage_v6
ETHEREUM_WRAPPER_COMPONENT_PLAN row=0 log_size=14 preprocessed_columns=10 main_columns=0 interaction_columns=8 source_bytes=1179648 pcs_minimum_resident_bytes=2359296
ETHEREUM_WRAPPER_COMPONENT_PLAN row=1 log_size=21 preprocessed_columns=0 main_columns=48 interaction_columns=12 source_bytes=503316480 pcs_minimum_resident_bytes=1006632960
ETHEREUM_WRAPPER_COMPONENT_PLAN row=2 log_size=21 preprocessed_columns=18 main_columns=17 interaction_columns=28 source_bytes=528482304 pcs_minimum_resident_bytes=1056964608
ETHEREUM_WRAPPER_COMPONENT_PLAN row=3 log_size=12 preprocessed_columns=18 main_columns=17 interaction_columns=40 source_bytes=1228800 pcs_minimum_resident_bytes=2457600
ETHEREUM_WRAPPER_COMPONENT_PLAN row=4 log_size=24 preprocessed_columns=15 main_columns=2 interaction_columns=4 source_bytes=1409286144 pcs_minimum_resident_bytes=2818572288
ETHEREUM_WRAPPER_COMPONENT_PLAN row=5 log_size=24 preprocessed_columns=23 main_columns=2 interaction_columns=12 source_bytes=2483027968 pcs_minimum_resident_bytes=4966055936
ETHEREUM_WRAPPER_COMPONENT_PLAN row=6 log_size=4 preprocessed_columns=0 main_columns=68 interaction_columns=4 source_bytes=4608 pcs_minimum_resident_bytes=9216
ETHEREUM_WRAPPER_COMPONENT_PLAN row=7 log_size=4 preprocessed_columns=0 main_columns=15 interaction_columns=4 source_bytes=1216 pcs_minimum_resident_bytes=2432
ETHEREUM_WRAPPER_COMPONENT_PLAN row=8 log_size=7 preprocessed_columns=12 main_columns=9 interaction_columns=36 source_bytes=29184 pcs_minimum_resident_bytes=58368
ETHEREUM_WRAPPER_COMPONENT_PLAN row=9 log_size=7 preprocessed_columns=21 main_columns=9 interaction_columns=20 source_bytes=25600 pcs_minimum_resident_bytes=51200
ETHEREUM_WRAPPER_COMPONENT_PLAN row=10 log_size=11 preprocessed_columns=8 main_columns=2 interaction_columns=8 source_bytes=147456 pcs_minimum_resident_bytes=294912
ETHEREUM_WRAPPER_COMPONENT_PLAN row=11 log_size=12 preprocessed_columns=17 main_columns=4 interaction_columns=12 source_bytes=540672 pcs_minimum_resident_bytes=1081344
ETHEREUM_WRAPPER_COMPONENT_PLAN row=12 log_size=14 preprocessed_columns=13 main_columns=4 interaction_columns=16 source_bytes=2162688 pcs_minimum_resident_bytes=4325376
ETHEREUM_WRAPPER_COMPONENT_PLAN row=13 log_size=21 preprocessed_columns=32 main_columns=41 interaction_columns=40 source_bytes=947912704 pcs_minimum_resident_bytes=1895825408
ETHEREUM_WRAPPER_COMPONENT_PLAN row=14 log_size=11 preprocessed_columns=30 main_columns=41 interaction_columns=40 source_bytes=909312 pcs_minimum_resident_bytes=1818624
ETHEREUM_WRAPPER_COMPONENT_PLAN row=15 log_size=17 preprocessed_columns=11 main_columns=2 interaction_columns=8 source_bytes=11010048 pcs_minimum_resident_bytes=22020096
ETHEREUM_WRAPPER_COMPONENT_PLAN row=16 log_size=12 preprocessed_columns=17 main_columns=2 interaction_columns=16 source_bytes=573440 pcs_minimum_resident_bytes=1146880
ETHEREUM_WRAPPER_COMPONENT_PLAN row=17 log_size=11 preprocessed_columns=33 main_columns=10 interaction_columns=28 source_bytes=581632 pcs_minimum_resident_bytes=1163264
ETHEREUM_WRAPPER_COMPONENT_PLAN row=18 log_size=18 preprocessed_columns=22 main_columns=2 interaction_columns=20 source_bytes=46137344 pcs_minimum_resident_bytes=92274688
ETHEREUM_WRAPPER_COMPONENT_PLAN row=19 log_size=8 preprocessed_columns=9 main_columns=0 interaction_columns=4 source_bytes=13312 pcs_minimum_resident_bytes=26624
ETHEREUM_WRAPPER_COMPONENT_PLAN row=20 log_size=10 preprocessed_columns=6 main_columns=34 interaction_columns=68 source_bytes=442368 pcs_minimum_resident_bytes=884736
ETHEREUM_WRAPPER_COMPONENT_PLAN row=21 log_size=14 preprocessed_columns=69 main_columns=34 interaction_columns=4 source_bytes=7012352 pcs_minimum_resident_bytes=14024704
ETHEREUM_WRAPPER_COMPONENT_PLAN row=22 log_size=5 preprocessed_columns=8 main_columns=9 interaction_columns=20 source_bytes=4736 pcs_minimum_resident_bytes=9472
ETHEREUM_WRAPPER_COMPONENT_PLAN row=23 log_size=21 preprocessed_columns=41 main_columns=42 interaction_columns=28 source_bytes=931135488 pcs_minimum_resident_bytes=1862270976
ETHEREUM_WRAPPER_COMPONENT_PLAN row=24 log_size=24 preprocessed_columns=18 main_columns=2 interaction_columns=16 source_bytes=2415919104 pcs_minimum_resident_bytes=4831838208
ETHEREUM_WRAPPER_COMPONENT_PLAN row=25 log_size=16 preprocessed_columns=48 main_columns=43 interaction_columns=28 source_bytes=31195136 pcs_minimum_resident_bytes=62390272
ETHEREUM_WRAPPER_COMPONENT_PLAN row=26 log_size=14 preprocessed_columns=6 main_columns=34 interaction_columns=12 source_bytes=3407872 pcs_minimum_resident_bytes=6815744
ETHEREUM_WRAPPER_COMPONENT_PLAN row=27 log_size=12 preprocessed_columns=15 main_columns=10 interaction_columns=12 source_bytes=606208 pcs_minimum_resident_bytes=1212416
ETHEREUM_WRAPPER_COMPONENT_PLAN row=28 log_size=13 preprocessed_columns=15 main_columns=3 interaction_columns=8 source_bytes=851968 pcs_minimum_resident_bytes=1703936
ETHEREUM_WRAPPER_COMPONENT_PLAN row=29 log_size=18 preprocessed_columns=20 main_columns=2 interaction_columns=20 source_bytes=44040192 pcs_minimum_resident_bytes=88080384
ETHEREUM_WRAPPER_COMPONENT_PLAN row=30 log_size=24 preprocessed_columns=18 main_columns=19 interaction_columns=8 source_bytes=3019898880 pcs_minimum_resident_bytes=6039797760
ETHEREUM_WRAPPER_COMPONENT_PLAN row=31 log_size=15 preprocessed_columns=15 main_columns=14 interaction_columns=4 source_bytes=4325376 pcs_minimum_resident_bytes=8650752
ETHEREUM_WRAPPER_COMPONENT_PLAN row=32 log_size=24 preprocessed_columns=27 main_columns=21 interaction_columns=8 source_bytes=3758096384 pcs_minimum_resident_bytes=7516192768
ETHEREUM_WRAPPER_COMPONENT_PLAN row=33 log_size=15 preprocessed_columns=0 main_columns=46 interaction_columns=8 source_bytes=7077888 pcs_minimum_resident_bytes=14155776
ETHEREUM_WRAPPER_COMPONENT_PLAN row=34 log_size=22 preprocessed_columns=1 main_columns=445 interaction_columns=8 source_bytes=7616856064 pcs_minimum_resident_bytes=15233712128
ETHEREUM_WRAPPER_COMPONENT_PLAN row=35 log_size=16 preprocessed_columns=3 main_columns=1 interaction_columns=4 source_bytes=2097152 pcs_minimum_resident_bytes=4194304
ETHEREUM_WRAPPER_MEMORY_PLAN tree=0 columns=619 source_bytes=7631923712 pcs_minimum_resident_bytes=15263847424 blowup_log=1 coefficient_retention=never
ETHEREUM_WRAPPER_MEMORY_PLAN tree=1 columns=1054 source_bytes=11824971072 pcs_minimum_resident_bytes=23649942144 blowup_log=1 coefficient_retention=never
ETHEREUM_WRAPPER_MEMORY_PLAN tree=2 columns=616 source_bytes=4322642944 pcs_minimum_resident_bytes=8645285888 blowup_log=1 coefficient_retention=never
ETHEREUM_WRAPPER_MEMORY_PLAN total_pcs_minimum_resident_bytes=47559075456 excludes_merkle_witness_composition=true
ETHEREUM_WRAPPER_RESOURCES phase=preprocessed wall_ns=245414256334 lifetime_peak_footprint_bytes=57180776232 source=darwin_proc_pid_rusage_v6
