ETHEREUM_INCREMENTAL_ROLE0_PHASE phase=cold_open source=darwin_proc_pid_rusage_v6 wall_ns=46921090292 process_cpu_ns=49469781958 parallelism_milli=1054 peak_footprint_bytes=289063728 energy_nj=229278628738 instructions=1101072320558 cycles=196568940964 workers=1 host_byte_budget=8589934592
ETHEREUM_INCREMENTAL_ROLE0_PHASE phase=campaign source=darwin_proc_pid_rusage_v6 wall_ns=1259902167 process_cpu_ns=1259609250 parallelism_milli=999 peak_footprint_bytes=289063728 energy_nj=6293097167 instructions=27905045398 cycles=5010614607 workers=1 host_byte_budget=8589934592
ETHEREUM_INCREMENTAL_ROLE0_PHASE phase=materialize source=darwin_proc_pid_rusage_v6 wall_ns=4924226125 process_cpu_ns=4923165375 parallelism_milli=999 peak_footprint_bytes=1957644616 energy_nj=25405067045 instructions=86728581705 cycles=19583726797 workers=1 host_byte_budget=8589934592
ETHEREUM_COHORT_RESOURCES phase=begin wall_ns=0 source=darwin_proc_pid_rusage_v6 lifetime_peak_footprint_bytes=17842206304 ledger_present=false ledger_len=0 ledger_capacity=0 tuple_record_bytes=136 ledger_used_bytes=0 ledger_capacity_bytes=0 ledger_bytes_overflow=false sampling_unavailable=none
ETHEREUM_COHORT_RESOURCES phase=geometry-ready wall_ns=4290283250 source=darwin_proc_pid_rusage_v6 lifetime_peak_footprint_bytes=17842206304 ledger_present=false ledger_len=0 ledger_capacity=0 tuple_record_bytes=136 ledger_used_bytes=0 ledger_capacity_bytes=0 ledger_bytes_overflow=false sampling_unavailable=none
ETHEREUM_COHORT_RESOURCES phase=prefix-components wall_ns=889198459 source=darwin_proc_pid_rusage_v6 lifetime_peak_footprint_bytes=17842206304 ledger_present=false ledger_len=0 ledger_capacity=0 tuple_record_bytes=136 ledger_used_bytes=0 ledger_capacity_bytes=0 ledger_bytes_overflow=false sampling_unavailable=none
ETHEREUM_COHORT_RESOURCES phase=prefix-rows wall_ns=1602086458 source=darwin_proc_pid_rusage_v6 lifetime_peak_footprint_bytes=17842206304 ledger_present=false ledger_len=0 ledger_capacity=0 tuple_record_bytes=136 ledger_used_bytes=0 ledger_capacity_bytes=0 ledger_bytes_overflow=false sampling_unavailable=none
ETHEREUM_COHORT_RESOURCES phase=suffix-rows wall_ns=2635027125 source=darwin_proc_pid_rusage_v6 lifetime_peak_footprint_bytes=17842206304 ledger_present=false ledger_len=0 ledger_capacity=0 tuple_record_bytes=136 ledger_used_bytes=0 ledger_capacity_bytes=0 ledger_bytes_overflow=false sampling_unavailable=none
ETHEREUM_COHORT_RESOURCES phase=provider-main wall_ns=1919490375 source=darwin_proc_pid_rusage_v6 lifetime_peak_footprint_bytes=17842206304 ledger_present=false ledger_len=0 ledger_capacity=0 tuple_record_bytes=136 ledger_used_bytes=0 ledger_capacity_bytes=0 ledger_bytes_overflow=false sampling_unavailable=none
ETHEREUM_COHORT_RESOURCES phase=ledger-begin wall_ns=169625 source=darwin_proc_pid_rusage_v6 lifetime_peak_footprint_bytes=17842206304 ledger_present=true ledger_len=0 ledger_capacity=0 tuple_record_bytes=136 ledger_used_bytes=0 ledger_capacity_bytes=0 ledger_bytes_overflow=false sampling_unavailable=none
ETHEREUM_COHORT_RESOURCES phase=ledger-reserved wall_ns=180167 source=darwin_proc_pid_rusage_v6 lifetime_peak_footprint_bytes=17842206304 ledger_present=true ledger_len=0 ledger_capacity=147376137 tuple_record_bytes=136 ledger_used_bytes=0 ledger_capacity_bytes=20043154632 ledger_bytes_overflow=false sampling_unavailable=none
ETHEREUM_COHORT_RESOURCES phase=ledger-prefix wall_ns=1347031916 source=darwin_proc_pid_rusage_v6 lifetime_peak_footprint_bytes=17842206304 ledger_present=true ledger_len=944216 ledger_capacity=147376137 tuple_record_bytes=136 ledger_used_bytes=128413376 ledger_capacity_bytes=20043154632 ledger_bytes_overflow=false sampling_unavailable=none
ETHEREUM_COHORT_RESOURCES phase=ledger-suffix wall_ns=48471250 source=darwin_proc_pid_rusage_v6 lifetime_peak_footprint_bytes=17842206304 ledger_present=true ledger_len=1084899 ledger_capacity=147376137 tuple_record_bytes=136 ledger_used_bytes=147546264 ledger_capacity_bytes=20043154632 ledger_bytes_overflow=false sampling_unavailable=none
ETHEREUM_COHORT_RESOURCES phase=ledger-native wall_ns=17148507625 source=darwin_proc_pid_rusage_v6 lifetime_peak_footprint_bytes=27352699256 ledger_present=true ledger_len=68881620 ledger_capacity=147376137 tuple_record_bytes=136 ledger_used_bytes=9367900320 ledger_capacity_bytes=20043154632 ledger_bytes_overflow=false sampling_unavailable=none
ETHEREUM_COHORT_RESOURCES phase=range-provider wall_ns=1801178542 source=darwin_proc_pid_rusage_v6 lifetime_peak_footprint_bytes=27352699256 ledger_present=true ledger_len=68882070 ledger_capacity=147376137 tuple_record_bytes=136 ledger_used_bytes=9367961520 ledger_capacity_bytes=20043154632 ledger_bytes_overflow=false sampling_unavailable=none
ETHEREUM_COHORT_RESOURCES phase=ledger-range wall_ns=3353000 source=darwin_proc_pid_rusage_v6 lifetime_peak_footprint_bytes=27352699256 ledger_present=true ledger_len=68882155 ledger_capacity=147376137 tuple_record_bytes=136 ledger_used_bytes=9367973080 ledger_capacity_bytes=20043154632 ledger_bytes_overflow=false sampling_unavailable=none
ETHEREUM_COHORT_RESOURCES phase=ledger-classified wall_ns=27913600667 source=darwin_proc_pid_rusage_v6 lifetime_peak_footprint_bytes=27352699256 ledger_present=true ledger_len=68882155 ledger_capacity=147376137 tuple_record_bytes=136 ledger_used_bytes=9367973080 ledger_capacity_bytes=20043154632 ledger_bytes_overflow=false sampling_unavailable=none
ETHEREUM_COHORT_RESOURCES phase=ledger-released wall_ns=2090583916 source=darwin_proc_pid_rusage_v6 lifetime_peak_footprint_bytes=27352699256 ledger_present=false ledger_len=0 ledger_capacity=0 tuple_record_bytes=136 ledger_used_bytes=0 ledger_capacity_bytes=0 ledger_bytes_overflow=false sampling_unavailable=none
ETHEREUM_WRAPPER_MEMORY_PLAN tree=0 columns=616 source_bytes=4555352576 pcs_minimum_resident_bytes=9110705152 blowup_log=1 coefficient_retention=never
ETHEREUM_WRAPPER_MEMORY_PLAN tree=1 columns=1054 source_bytes=3977433408 pcs_minimum_resident_bytes=7954866816 blowup_log=1 coefficient_retention=never
ETHEREUM_WRAPPER_MEMORY_PLAN tree=2 columns=608 source_bytes=2376297472 pcs_minimum_resident_bytes=4752594944 blowup_log=1 coefficient_retention=never
ETHEREUM_WRAPPER_MEMORY_PLAN total_pcs_minimum_resident_bytes=21818166912 excludes_merkle_witness_composition=true
ETHEREUM_WRAPPER_RESOURCES phase=preprocessed wall_ns=64274669292 lifetime_peak_footprint_bytes=28154565656 source=darwin_proc_pid_rusage_v6
ETHEREUM_WRAPPER_RESOURCES phase=main wall_ns=93611481708 lifetime_peak_footprint_bytes=37726072672 source=darwin_proc_pid_rusage_v6
ETHEREUM_WRAPPER_RESOURCES phase=interaction wall_ns=105878766250 lifetime_peak_footprint_bytes=45279724736 source=darwin_proc_pid_rusage_v6
ETHEREUM_WRAPPER_RESOURCES phase=stark wall_ns=468966286542 lifetime_peak_footprint_bytes=52620991008 source=darwin_proc_pid_rusage_v6
ETHEREUM_WRAPPER_CANDIDATE_RETAINED core_verified=true wrapper_admitted=false sha256=76ce3cdd4cc269b5d6bcffcd0a3d9a45d4861fc3566ab27870ada277d15a6dc3 bytes=3026589 directory=/Users/theodorepender/Coding/stark-proving-engineering/stwo-zig/.git/local-ethereum/wrapper-candidates
ETHEREUM_COHORT_RESOURCES phase=begin wall_ns=0 source=darwin_proc_pid_rusage_v6 lifetime_peak_footprint_bytes=52620991008 ledger_present=false ledger_len=0 ledger_capacity=0 tuple_record_bytes=136 ledger_used_bytes=0 ledger_capacity_bytes=0 ledger_bytes_overflow=false sampling_unavailable=none
ETHEREUM_COHORT_RESOURCES phase=geometry-ready wall_ns=4291044208 source=darwin_proc_pid_rusage_v6 lifetime_peak_footprint_bytes=52620991008 ledger_present=false ledger_len=0 ledger_capacity=0 tuple_record_bytes=136 ledger_used_bytes=0 ledger_capacity_bytes=0 ledger_bytes_overflow=false sampling_unavailable=none
ETHEREUM_COHORT_RESOURCES phase=prefix-components wall_ns=891106125 source=darwin_proc_pid_rusage_v6 lifetime_peak_footprint_bytes=52620991008 ledger_present=false ledger_len=0 ledger_capacity=0 tuple_record_bytes=136 ledger_used_bytes=0 ledger_capacity_bytes=0 ledger_bytes_overflow=false sampling_unavailable=none
ETHEREUM_COHORT_RESOURCES phase=prefix-rows wall_ns=1600200167 source=darwin_proc_pid_rusage_v6 lifetime_peak_footprint_bytes=52620991008 ledger_present=false ledger_len=0 ledger_capacity=0 tuple_record_bytes=136 ledger_used_bytes=0 ledger_capacity_bytes=0 ledger_bytes_overflow=false sampling_unavailable=none
ETHEREUM_COHORT_RESOURCES phase=suffix-rows wall_ns=2639632667 source=darwin_proc_pid_rusage_v6 lifetime_peak_footprint_bytes=52620991008 ledger_present=false ledger_len=0 ledger_capacity=0 tuple_record_bytes=136 ledger_used_bytes=0 ledger_capacity_bytes=0 ledger_bytes_overflow=false sampling_unavailable=none
ETHEREUM_COHORT_RESOURCES phase=provider-main wall_ns=1871914750 source=darwin_proc_pid_rusage_v6 lifetime_peak_footprint_bytes=52620991008 ledger_present=false ledger_len=0 ledger_capacity=0 tuple_record_bytes=136 ledger_used_bytes=0 ledger_capacity_bytes=0 ledger_bytes_overflow=false sampling_unavailable=none
ETHEREUM_COHORT_RESOURCES phase=ledger-begin wall_ns=184125 source=darwin_proc_pid_rusage_v6 lifetime_peak_footprint_bytes=52620991008 ledger_present=true ledger_len=0 ledger_capacity=0 tuple_record_bytes=136 ledger_used_bytes=0 ledger_capacity_bytes=0 ledger_bytes_overflow=false sampling_unavailable=none
ETHEREUM_COHORT_RESOURCES phase=ledger-reserved wall_ns=435041 source=darwin_proc_pid_rusage_v6 lifetime_peak_footprint_bytes=52620991008 ledger_present=true ledger_len=0 ledger_capacity=147376137 tuple_record_bytes=136 ledger_used_bytes=0 ledger_capacity_bytes=20043154632 ledger_bytes_overflow=false sampling_unavailable=none
ETHEREUM_COHORT_RESOURCES phase=ledger-prefix wall_ns=1347690584 source=darwin_proc_pid_rusage_v6 lifetime_peak_footprint_bytes=52620991008 ledger_present=true ledger_len=944216 ledger_capacity=147376137 tuple_record_bytes=136 ledger_used_bytes=128413376 ledger_capacity_bytes=20043154632 ledger_bytes_overflow=false sampling_unavailable=none
ETHEREUM_COHORT_RESOURCES phase=ledger-suffix wall_ns=47046666 source=darwin_proc_pid_rusage_v6 lifetime_peak_footprint_bytes=52620991008 ledger_present=true ledger_len=1084899 ledger_capacity=147376137 tuple_record_bytes=136 ledger_used_bytes=147546264 ledger_capacity_bytes=20043154632 ledger_bytes_overflow=false sampling_unavailable=none
ETHEREUM_COHORT_RESOURCES phase=ledger-native wall_ns=17025458750 source=darwin_proc_pid_rusage_v6 lifetime_peak_footprint_bytes=52620991008 ledger_present=true ledger_len=68881620 ledger_capacity=147376137 tuple_record_bytes=136 ledger_used_bytes=9367900320 ledger_capacity_bytes=20043154632 ledger_bytes_overflow=false sampling_unavailable=none
ETHEREUM_COHORT_RESOURCES phase=range-provider wall_ns=998407375 source=darwin_proc_pid_rusage_v6 lifetime_peak_footprint_bytes=52620991008 ledger_present=true ledger_len=68882070 ledger_capacity=147376137 tuple_record_bytes=136 ledger_used_bytes=9367961520 ledger_capacity_bytes=20043154632 ledger_bytes_overflow=false sampling_unavailable=none
ETHEREUM_COHORT_RESOURCES phase=ledger-range wall_ns=2989209 source=darwin_proc_pid_rusage_v6 lifetime_peak_footprint_bytes=52620991008 ledger_present=true ledger_len=68882155 ledger_capacity=147376137 tuple_record_bytes=136 ledger_used_bytes=9367973080 ledger_capacity_bytes=20043154632 ledger_bytes_overflow=false sampling_unavailable=none
ETHEREUM_COHORT_RESOURCES phase=ledger-classified wall_ns=26780435291 source=darwin_proc_pid_rusage_v6 lifetime_peak_footprint_bytes=52620991008 ledger_present=true ledger_len=68882155 ledger_capacity=147376137 tuple_record_bytes=136 ledger_used_bytes=9367973080 ledger_capacity_bytes=20043154632 ledger_bytes_overflow=false sampling_unavailable=none
ETHEREUM_COHORT_RESOURCES phase=ledger-released wall_ns=2055630750 source=darwin_proc_pid_rusage_v6 lifetime_peak_footprint_bytes=52620991008 ledger_present=false ledger_len=0 ledger_capacity=0 tuple_record_bytes=136 ledger_used_bytes=0 ledger_capacity_bytes=0 ledger_bytes_overflow=false sampling_unavailable=none
ETHEREUM_WRAPPER_RESOURCES phase=cold.cohort wall_ns=95458909333 lifetime_peak_footprint_bytes=52620991008 source=darwin_proc_pid_rusage_v6
ETHEREUM_WRAPPER_RESOURCES phase=cold.verify wall_ns=127031227458 lifetime_peak_footprint_bytes=52620991008 source=darwin_proc_pid_rusage_v6
ETHEREUM_WRAPPER_RESOURCES phase=cold.graph wall_ns=76553008834 lifetime_peak_footprint_bytes=52620991008 source=darwin_proc_pid_rusage_v6
ETHEREUM_WRAPPER_RESOURCES phase=cold.geometry wall_ns=849541 lifetime_peak_footprint_bytes=52620991008 source=darwin_proc_pid_rusage_v6
ETHEREUM_WRAPPER_RESOURCES phase=cold.final-validation wall_ns=4039563292 lifetime_peak_footprint_bytes=52620991008 source=darwin_proc_pid_rusage_v6
ETHEREUM_WRAPPER_RESOURCES phase=cold.field-profile-construction wall_ns=790250 lifetime_peak_footprint_bytes=52620991008 source=darwin_proc_pid_rusage_v6
ETHEREUM_INCREMENTAL_ROLE0_PHASE phase=role0_prove source=darwin_proc_pid_rusage_v6 wall_ns=1287270890000 process_cpu_ns=2605589150916 parallelism_milli=2024 peak_footprint_bytes=52620991008 energy_nj=10303586264414 instructions=44943942371972 cycles=9673523951069 workers=1 host_byte_budget=8589934592
ETHEREUM_COHORT_RESOURCES phase=begin wall_ns=0 source=darwin_proc_pid_rusage_v6 lifetime_peak_footprint_bytes=52620991008 ledger_present=false ledger_len=0 ledger_capacity=0 tuple_record_bytes=136 ledger_used_bytes=0 ledger_capacity_bytes=0 ledger_bytes_overflow=false sampling_unavailable=none
ETHEREUM_COHORT_RESOURCES phase=geometry-ready wall_ns=4292259500 source=darwin_proc_pid_rusage_v6 lifetime_peak_footprint_bytes=52620991008 ledger_present=false ledger_len=0 ledger_capacity=0 tuple_record_bytes=136 ledger_used_bytes=0 ledger_capacity_bytes=0 ledger_bytes_overflow=false sampling_unavailable=none
ETHEREUM_COHORT_RESOURCES phase=prefix-components wall_ns=889566292 source=darwin_proc_pid_rusage_v6 lifetime_peak_footprint_bytes=52620991008 ledger_present=false ledger_len=0 ledger_capacity=0 tuple_record_bytes=136 ledger_used_bytes=0 ledger_capacity_bytes=0 ledger_bytes_overflow=false sampling_unavailable=none
ETHEREUM_COHORT_RESOURCES phase=prefix-rows wall_ns=1605145166 source=darwin_proc_pid_rusage_v6 lifetime_peak_footprint_bytes=52620991008 ledger_present=false ledger_len=0 ledger_capacity=0 tuple_record_bytes=136 ledger_used_bytes=0 ledger_capacity_bytes=0 ledger_bytes_overflow=false sampling_unavailable=none
ETHEREUM_COHORT_RESOURCES phase=suffix-rows wall_ns=2631488375 source=darwin_proc_pid_rusage_v6 lifetime_peak_footprint_bytes=52620991008 ledger_present=false ledger_len=0 ledger_capacity=0 tuple_record_bytes=136 ledger_used_bytes=0 ledger_capacity_bytes=0 ledger_bytes_overflow=false sampling_unavailable=none
ETHEREUM_COHORT_RESOURCES phase=provider-main wall_ns=1888576209 source=darwin_proc_pid_rusage_v6 lifetime_peak_footprint_bytes=52620991008 ledger_present=false ledger_len=0 ledger_capacity=0 tuple_record_bytes=136 ledger_used_bytes=0 ledger_capacity_bytes=0 ledger_bytes_overflow=false sampling_unavailable=none
ETHEREUM_COHORT_RESOURCES phase=ledger-begin wall_ns=190500 source=darwin_proc_pid_rusage_v6 lifetime_peak_footprint_bytes=52620991008 ledger_present=true ledger_len=0 ledger_capacity=0 tuple_record_bytes=136 ledger_used_bytes=0 ledger_capacity_bytes=0 ledger_bytes_overflow=false sampling_unavailable=none
ETHEREUM_COHORT_RESOURCES phase=ledger-reserved wall_ns=418416 source=darwin_proc_pid_rusage_v6 lifetime_peak_footprint_bytes=52620991008 ledger_present=true ledger_len=0 ledger_capacity=147376137 tuple_record_bytes=136 ledger_used_bytes=0 ledger_capacity_bytes=20043154632 ledger_bytes_overflow=false sampling_unavailable=none
ETHEREUM_COHORT_RESOURCES phase=ledger-prefix wall_ns=1350800834 source=darwin_proc_pid_rusage_v6 lifetime_peak_footprint_bytes=52620991008 ledger_present=true ledger_len=944216 ledger_capacity=147376137 tuple_record_bytes=136 ledger_used_bytes=128413376 ledger_capacity_bytes=20043154632 ledger_bytes_overflow=false sampling_unavailable=none
ETHEREUM_COHORT_RESOURCES phase=ledger-suffix wall_ns=47004291 source=darwin_proc_pid_rusage_v6 lifetime_peak_footprint_bytes=52620991008 ledger_present=true ledger_len=1084899 ledger_capacity=147376137 tuple_record_bytes=136 ledger_used_bytes=147546264 ledger_capacity_bytes=20043154632 ledger_bytes_overflow=false sampling_unavailable=none
ETHEREUM_COHORT_RESOURCES phase=ledger-native wall_ns=17067729542 source=darwin_proc_pid_rusage_v6 lifetime_peak_footprint_bytes=52620991008 ledger_present=true ledger_len=68881620 ledger_capacity=147376137 tuple_record_bytes=136 ledger_used_bytes=9367900320 ledger_capacity_bytes=20043154632 ledger_bytes_overflow=false sampling_unavailable=none
ETHEREUM_COHORT_RESOURCES phase=range-provider wall_ns=1001302417 source=darwin_proc_pid_rusage_v6 lifetime_peak_footprint_bytes=52620991008 ledger_present=true ledger_len=68882070 ledger_capacity=147376137 tuple_record_bytes=136 ledger_used_bytes=9367961520 ledger_capacity_bytes=20043154632 ledger_bytes_overflow=false sampling_unavailable=none
ETHEREUM_COHORT_RESOURCES phase=ledger-range wall_ns=3736125 source=darwin_proc_pid_rusage_v6 lifetime_peak_footprint_bytes=52620991008 ledger_present=true ledger_len=68882155 ledger_capacity=147376137 tuple_record_bytes=136 ledger_used_bytes=9367973080 ledger_capacity_bytes=20043154632 ledger_bytes_overflow=false sampling_unavailable=none
ETHEREUM_COHORT_RESOURCES phase=ledger-classified wall_ns=26775551541 source=darwin_proc_pid_rusage_v6 lifetime_peak_footprint_bytes=52620991008 ledger_present=true ledger_len=68882155 ledger_capacity=147376137 tuple_record_bytes=136 ledger_used_bytes=9367973080 ledger_capacity_bytes=20043154632 ledger_bytes_overflow=false sampling_unavailable=none
ETHEREUM_COHORT_RESOURCES phase=ledger-released wall_ns=2083257584 source=darwin_proc_pid_rusage_v6 lifetime_peak_footprint_bytes=52620991008 ledger_present=false ledger_len=0 ledger_capacity=0 tuple_record_bytes=136 ledger_used_bytes=0 ledger_capacity_bytes=0 ledger_bytes_overflow=false sampling_unavailable=none
ETHEREUM_WRAPPER_RESOURCES phase=cold.cohort wall_ns=94516828916 lifetime_peak_footprint_bytes=52620991008 source=darwin_proc_pid_rusage_v6
ETHEREUM_WRAPPER_RESOURCES phase=cold.verify wall_ns=126803040250 lifetime_peak_footprint_bytes=52620991008 source=darwin_proc_pid_rusage_v6
ETHEREUM_WRAPPER_RESOURCES phase=cold.graph wall_ns=76498898959 lifetime_peak_footprint_bytes=52620991008 source=darwin_proc_pid_rusage_v6
ETHEREUM_WRAPPER_RESOURCES phase=cold.geometry wall_ns=830166 lifetime_peak_footprint_bytes=52620991008 source=darwin_proc_pid_rusage_v6
ETHEREUM_WRAPPER_RESOURCES phase=cold.final-validation wall_ns=4028392542 lifetime_peak_footprint_bytes=52620991008 source=darwin_proc_pid_rusage_v6
ETHEREUM_WRAPPER_RESOURCES phase=cold.field-profile-construction wall_ns=854542 lifetime_peak_footprint_bytes=52620991008 source=darwin_proc_pid_rusage_v6
ETHEREUM_INCREMENTAL_ROLE0_PHASE phase=role0_reopen source=darwin_proc_pid_rusage_v6 wall_ns=305825223625 process_cpu_ns=305702414500 parallelism_milli=999 peak_footprint_bytes=52620991008 energy_nj=1647896743256 instructions=5654655989472 cycles=1216538892675 workers=1 host_byte_budget=8589934592
ETHEREUM_WRAPPER_RESOURCES phase=publication.registry wall_ns=202750 lifetime_peak_footprint_bytes=52620991008 source=darwin_proc_pid_rusage_v6
ETHEREUM_WRAPPER_RESOURCES phase=publication.evidence wall_ns=3978506166 lifetime_peak_footprint_bytes=52620991008 source=darwin_proc_pid_rusage_v6
ETHEREUM_WRAPPER_RESOURCES phase=publication.serialization wall_ns=7968984459 lifetime_peak_footprint_bytes=52620991008 source=darwin_proc_pid_rusage_v6
ETHEREUM_WRAPPER_RESOURCES phase=publication.child-projection wall_ns=15971549000 lifetime_peak_footprint_bytes=52620991008 source=darwin_proc_pid_rusage_v6
ETHEREUM_WRAPPER_RESOURCES phase=publication.mutations wall_ns=27790038708 lifetime_peak_footprint_bytes=52620991008 source=darwin_proc_pid_rusage_v6
ETHEREUM_INCREMENTAL_ROLE0_PHASE phase=role0_postprocess source=darwin_proc_pid_rusage_v6 wall_ns=55709469291 process_cpu_ns=55700207542 parallelism_milli=999 peak_footprint_bytes=52620991008 energy_nj=301134164306 instructions=1232031406124 cycles=221693360153 workers=1 host_byte_budget=8589934592
ETHEREUM_INCREMENTAL_ROLE0_PHASE phase=stage102_cleanup source=darwin_proc_pid_rusage_v6 wall_ns=64470042 process_cpu_ns=64460583 parallelism_milli=999 peak_footprint_bytes=52620991008 energy_nj=213420405 instructions=674340243 cycles=256693330 workers=1 host_byte_budget=8589934592
ETHEREUM_INCREMENTAL_ROLE0_PHASE phase=total source=darwin_proc_pid_rusage_v6 wall_ns=1757015380500 process_cpu_ns=3080265908167 parallelism_milli=1753 peak_footprint_bytes=52620991008 energy_nj=12779413842228 instructions=54278390738175 cycles=11561993868474 workers=1 host_byte_budget=8589934592
