test-ethereum-wrapper-candidate-replay
+- Ethereum wrapper candidate replay guard
   +- run test stderr
ETHEREUM_ROLE0_SAVED_WRAPPER_REPLAY excludes_stage101_proving=true
ETHEREUM_INCREMENTAL_ROLE0_MATERIALIZE input_ns=39371417 public_ns=294925500 transcript_ns=136784666 profile_ns=45125 program_ns=68927209 prepare_ns=67765625 fri_ns=3436410875 seal_ns=39481375 total_ns=4083714000 nodes=540192 node_bytes=10803840 output_bytes=176 binding_bytes=2468976 schedule_bytes=8051316 evaluation_bytes=8643072 input_bytes=617244 claim_bytes=27296 schedule_compiles=1 graph_copies=0 workers=1
ETHEREUM_COHORT_RESOURCES phase=begin wall_ns=0 source=darwin_proc_pid_rusage_v6 lifetime_peak_footprint_bytes=17831327088 ledger_present=false ledger_len=0 ledger_capacity=0 tuple_record_bytes=136 ledger_used_bytes=0 ledger_capacity_bytes=0 ledger_bytes_overflow=false sampling_unavailable=none
ETHEREUM_COHORT_RESOURCES phase=geometry-ready wall_ns=4292214709 source=darwin_proc_pid_rusage_v6 lifetime_peak_footprint_bytes=17831327088 ledger_present=false ledger_len=0 ledger_capacity=0 tuple_record_bytes=136 ledger_used_bytes=0 ledger_capacity_bytes=0 ledger_bytes_overflow=false sampling_unavailable=none
ETHEREUM_COHORT_RESOURCES phase=prefix-components wall_ns=888381166 source=darwin_proc_pid_rusage_v6 lifetime_peak_footprint_bytes=17831327088 ledger_present=false ledger_len=0 ledger_capacity=0 tuple_record_bytes=136 ledger_used_bytes=0 ledger_capacity_bytes=0 ledger_bytes_overflow=false sampling_unavailable=none
ETHEREUM_COHORT_RESOURCES phase=prefix-rows wall_ns=1605482917 source=darwin_proc_pid_rusage_v6 lifetime_peak_footprint_bytes=17831327088 ledger_present=false ledger_len=0 ledger_capacity=0 tuple_record_bytes=136 ledger_used_bytes=0 ledger_capacity_bytes=0 ledger_bytes_overflow=false sampling_unavailable=none
ETHEREUM_COHORT_RESOURCES phase=suffix-rows wall_ns=2639471958 source=darwin_proc_pid_rusage_v6 lifetime_peak_footprint_bytes=17831327088 ledger_present=false ledger_len=0 ledger_capacity=0 tuple_record_bytes=136 ledger_used_bytes=0 ledger_capacity_bytes=0 ledger_bytes_overflow=false sampling_unavailable=none
ETHEREUM_COHORT_RESOURCES phase=provider-main wall_ns=1902972917 source=darwin_proc_pid_rusage_v6 lifetime_peak_footprint_bytes=17831327088 ledger_present=false ledger_len=0 ledger_capacity=0 tuple_record_bytes=136 ledger_used_bytes=0 ledger_capacity_bytes=0 ledger_bytes_overflow=false sampling_unavailable=none
ETHEREUM_COHORT_RESOURCES phase=ledger-begin wall_ns=177292 source=darwin_proc_pid_rusage_v6 lifetime_peak_footprint_bytes=17831327088 ledger_present=true ledger_len=0 ledger_capacity=0 tuple_record_bytes=136 ledger_used_bytes=0 ledger_capacity_bytes=0 ledger_bytes_overflow=false sampling_unavailable=none
ETHEREUM_TUPLE_RESERVATION phase=before prefix_bound=3811136 suffix_bound=464993 native_bound=143034022 range_bound=65536 contribution_bound=147376137 bytes=20043154632
ETHEREUM_COHORT_RESOURCES phase=ledger-reserved wall_ns=361958 source=darwin_proc_pid_rusage_v6 lifetime_peak_footprint_bytes=17831327088 ledger_present=true ledger_len=0 ledger_capacity=147376137 tuple_record_bytes=136 ledger_used_bytes=0 ledger_capacity_bytes=20043154632 ledger_bytes_overflow=false sampling_unavailable=none
ETHEREUM_COHORT_RESOURCES phase=ledger-prefix wall_ns=1345827875 source=darwin_proc_pid_rusage_v6 lifetime_peak_footprint_bytes=17831327088 ledger_present=true ledger_len=944216 ledger_capacity=147376137 tuple_record_bytes=136 ledger_used_bytes=128413376 ledger_capacity_bytes=20043154632 ledger_bytes_overflow=false sampling_unavailable=none
ETHEREUM_COHORT_RESOURCES phase=ledger-suffix wall_ns=47761125 source=darwin_proc_pid_rusage_v6 lifetime_peak_footprint_bytes=17831327088 ledger_present=true ledger_len=1084899 ledger_capacity=147376137 tuple_record_bytes=136 ledger_used_bytes=147546264 ledger_capacity_bytes=20043154632 ledger_bytes_overflow=false sampling_unavailable=none
ETHEREUM_COHORT_RESOURCES phase=ledger-native wall_ns=17135292000 source=darwin_proc_pid_rusage_v6 lifetime_peak_footprint_bytes=27341967496 ledger_present=true ledger_len=68881620 ledger_capacity=147376137 tuple_record_bytes=136 ledger_used_bytes=9367900320 ledger_capacity_bytes=20043154632 ledger_bytes_overflow=false sampling_unavailable=none
ETHEREUM_COHORT_RESOURCES phase=range-provider wall_ns=1289228125 source=darwin_proc_pid_rusage_v6 lifetime_peak_footprint_bytes=27341967496 ledger_present=true ledger_len=68882070 ledger_capacity=147376137 tuple_record_bytes=136 ledger_used_bytes=9367961520 ledger_capacity_bytes=20043154632 ledger_bytes_overflow=false sampling_unavailable=none
ETHEREUM_COHORT_RESOURCES phase=ledger-range wall_ns=3001667 source=darwin_proc_pid_rusage_v6 lifetime_peak_footprint_bytes=27341967496 ledger_present=true ledger_len=68882155 ledger_capacity=147376137 tuple_record_bytes=136 ledger_used_bytes=9367973080 ledger_capacity_bytes=20043154632 ledger_bytes_overflow=false sampling_unavailable=none
ETHEREUM_TUPLE_RESERVATION phase=after contribution_bound=147376137 actual=68882155 unused=78493982 unused_bytes=10675181552 capacity=147376137
ETHEREUM_COHORT_RESOURCES phase=ledger-classified wall_ns=27117629791 source=darwin_proc_pid_rusage_v6 lifetime_peak_footprint_bytes=27341967496 ledger_present=true ledger_len=68882155 ledger_capacity=147376137 tuple_record_bytes=136 ledger_used_bytes=9367973080 ledger_capacity_bytes=20043154632 ledger_bytes_overflow=false sampling_unavailable=none
ETHEREUM_COHORT_RESOURCES phase=ledger-released wall_ns=2105192750 source=darwin_proc_pid_rusage_v6 lifetime_peak_footprint_bytes=27341967496 ledger_present=false ledger_len=0 ledger_capacity=0 tuple_record_bytes=136 ledger_used_bytes=0 ledger_capacity_bytes=0 ledger_bytes_overflow=false sampling_unavailable=none
ETHEREUM_WRAPPER_RESOURCES phase=cold.cohort wall_ns=95989828875 lifetime_peak_footprint_bytes=27341967496 source=darwin_proc_pid_rusage_v6
ETHEREUM_WRAPPER_RESOURCES phase=cold.verify wall_ns=190662730583 lifetime_peak_footprint_bytes=32167861792 source=darwin_proc_pid_rusage_v6
ETHEREUM_WRAPPER_RESOURCES phase=cold.graph wall_ns=76713549875 lifetime_peak_footprint_bytes=32167861792 source=darwin_proc_pid_rusage_v6
ETHEREUM_WRAPPER_RESOURCES phase=cold.geometry wall_ns=807709 lifetime_peak_footprint_bytes=32167861792 source=darwin_proc_pid_rusage_v6
ETHEREUM_WRAPPER_RESOURCES phase=cold.final-validation wall_ns=4038437541 lifetime_peak_footprint_bytes=32167861792 source=darwin_proc_pid_rusage_v6
ETHEREUM_WRAPPER_RESOURCES phase=cold.field-profile-construction wall_ns=890459 lifetime_peak_footprint_bytes=32167861792 source=darwin_proc_pid_rusage_v6
ETHEREUM_WRAPPER_RESOURCES phase=publication.registry wall_ns=183666 lifetime_peak_footprint_bytes=32167861792 source=darwin_proc_pid_rusage_v6
ETHEREUM_WRAPPER_RESOURCES phase=publication.evidence wall_ns=3987583125 lifetime_peak_footprint_bytes=32167861792 source=darwin_proc_pid_rusage_v6
ETHEREUM_WRAPPER_RESOURCES phase=publication.serialization wall_ns=7943540459 lifetime_peak_footprint_bytes=32167861792 source=darwin_proc_pid_rusage_v6
ETHEREUM_WRAPPER_RESOURCES phase=publication.child-projection wall_ns=15966867958 lifetime_peak_footprint_bytes=32167861792 source=darwin_proc_pid_rusage_v6
ETHEREUM_WRAPPER_RESOURCES phase=publication.mutations wall_ns=27815062500 lifetime_peak_footprint_bytes=32167861792 source=darwin_proc_pid_rusage_v6
ETHEREUM_INCREMENTAL_ROLE0_PHASE phase=role0_postprocess source=darwin_proc_pid_rusage_v6 wall_ns=55713435209 process_cpu_ns=55598929292 parallelism_milli=997 peak_footprint_bytes=32167861792 energy_nj=302546665059 instructions=1231981517396 cycles=221385193715 workers=1 host_byte_budget=8589934592
ETHEREUM_ROLE0_WRAPPER_CANDIDATE source=disk fresh_verifier=true producer_constructed=false wrapper_verified=true
ETHEREUM_INCREMENTAL_ROLE0_PHASE phase=total source=darwin_proc_pid_rusage_v6 wall_ns=477487553667 process_cpu_ns=885549296500 parallelism_milli=1854 peak_footprint_bytes=32167861792 energy_nj=3839021204436 instructions=16324324162837 cycles=3340053057890 workers=1 host_byte_budget=8589934592

Build Summary: 4/4 steps succeeded; 1/1 tests passed
test-ethereum-wrapper-candidate-replay success
+- Ethereum wrapper candidate replay guard success
   +- run test 1 passed 7m MaxRSS:20G
      +- compile test ReleaseSafe native success 1m MaxRSS:4G

