DETACHED_PARENT_CHILD_PHASE lane=1 prefix_ns=241833 transcript_ns=183833 pcs_ns=1462522250 boundary_ns=10377167 composition_ns=7563708
DETACHED_PARENT_CHILD lane=1 preparation_ns=1480946959
DETACHED_PARENT_CHILD_PHASE lane=2 prefix_ns=161833 transcript_ns=99292 pcs_ns=1475320083 boundary_ns=10223583 composition_ns=7332334
DETACHED_PARENT_CHILD lane=2 preparation_ns=2974123875
riscv_detached_arithmetic_fusion lane=501 dot4_rows=395 multiply_add_rows=8781
riscv_detached_arithmetic_fusion lane=511 dot4_rows=2616 multiply_add_rows=3495
riscv_detached_arithmetic_fusion lane=412 dot4_rows=105867 multiply_add_rows=32946
riscv_detached_arithmetic_fusion lane=402 dot4_rows=5790 multiply_add_rows=103659
riscv_detached_arithmetic_fusion lane=502 dot4_rows=395 multiply_add_rows=8781
riscv_detached_arithmetic_fusion lane=512 dot4_rows=2616 multiply_add_rows=3495
riscv_detached_arithmetic_fusion lane=413 dot4_rows=105867 multiply_add_rows=32946
riscv_detached_arithmetic_fusion lane=403 dot4_rows=5790 multiply_add_rows=103659
riscv_detached_arithmetic_fusion lane=521 dot4_rows=2592 multiply_add_rows=2612
DETACHED_PARENT_ROW row=0 rows=6378 logical_bytes=306144
DETACHED_PARENT_ROW row=1 rows=2768 logical_bytes=531456
DETACHED_PARENT_ROW row=2 rows=2768 logical_bytes=409664
DETACHED_PARENT_ROW row=3 rows=206 logical_bytes=29664
DETACHED_PARENT_ROW row=4 rows=20496 logical_bytes=1557696
DETACHED_PARENT_ROW row=5 rows=18892 logical_bytes=1586928
DETACHED_PARENT_ROW row=6 rows=4 logical_bytes=1088
DETACHED_PARENT_ROW row=7 rows=4 logical_bytes=240
DETACHED_PARENT_ROW row=8 rows=94 logical_bytes=9400
DETACHED_PARENT_ROW row=9 rows=66 logical_bytes=8448
DETACHED_PARENT_ROW row=10 rows=8 logical_bytes=736
DETACHED_PARENT_ROW row=11 rows=61669 logical_bytes=5673548
DETACHED_PARENT_ROW row=12 rows=0 logical_bytes=0
DETACHED_PARENT_ROW row=13 rows=80133 logical_bytes=3205320
DETACHED_PARENT_ROW row=14 rows=231928 logical_bytes=50096448
DETACHED_PARENT_ROW row=20 rows=386 logical_bytes=114256
DETACHED_PARENT_ROW row=21 rows=6176 logical_bytes=2593920
DETACHED_PARENT_ROW row=22 rows=18 logical_bytes=1368
DETACHED_PARENT_ROW row=23 rows=94956 logical_bytes=33044688
DETACHED_PARENT_ROW row=24 rows=782056 logical_bytes=81333824
DETACHED_PARENT_ROW row=25 rows=23160 logical_bytes=8708160
DETACHED_PARENT_ROW row=26 rows=5790 logical_bytes=972720
DETACHED_PARENT_ROW row=27 rows=1930 logical_bytes=216160
DETACHED_PARENT_ROW row=28 rows=2702 logical_bytes=237776
DETACHED_PARENT_ROW row=29 rows=141326 logical_bytes=16959120
DETACHED_PARENT_ROW row=30 rows=680119 logical_bytes=73452852
DETACHED_PARENT_ROW row=31 rows=36418 logical_bytes=4661504
DETACHED_PARENT_ROW row=32 rows=218612 logical_bytes=44596848
DETACHED_PARENT_ROW row=33 rows=49794 logical_bytes=9162096
DETACHED_PARENT_PREPARATION rows_bytes=339472072 providers=176468 graph_ns=3426354417 snapshot_pending=true
info: metal composition resource: phase=host_launch_or_inline elapsed_ns=3812917 process_current_phys_bytes=4728950816 process_lifetime_peak_phys_bytes=4833677392
info: metal composition resource: phase=device_preparation elapsed_ns=3859209 process_current_phys_bytes=4728950816 process_lifetime_peak_phys_bytes=4833677392
info: metal composition resource: phase=semantic_dispatch elapsed_ns=8333292 process_current_phys_bytes=4795519056 process_lifetime_peak_phys_bytes=4833677392
info: metal composition resource: phase=lookup_dispatch elapsed_ns=46412584 process_current_phys_bytes=4960669776 process_lifetime_peak_phys_bytes=4960669776
info: metal composition resource: phase=device_partition_parity elapsed_ns=63350417 process_current_phys_bytes=4960686184 process_lifetime_peak_phys_bytes=4969074792
info: METAL_RISCV_COMPOSITION_PARTITION_V1 kind=semantic jobs=4 rows=2097152 identity_sha256=69a98fa583cb398580f3f66a7db595431c156a9e48d03c30dd7e4801b881b481
info: METAL_RISCV_COMPOSITION_PARTITION_V1 kind=lookup jobs=1 rows=2097152 identity_sha256=a8e8a34233677c80fbcd6abee2e46a8103a11291bda9d720d544b5dbc689d8fd
info: METAL_RISCV_COMPOSITION_PARTITIONS_V1 elapsed_ns=4659030208
info: metal composition resource: phase=scratch_release elapsed_ns=4722431625 process_current_phys_bytes=4657696848 process_lifetime_peak_phys_bytes=4969074792
info: metal composition resource: phase=framework_dispatch elapsed_ns=4722453375 process_current_phys_bytes=4657696848 process_lifetime_peak_phys_bytes=4969074792
info: resident framework composition: components=30 groups=13 gpu_ms=12.711
info: metal composition resource: phase=host_wait elapsed_ns=4790024625 process_current_phys_bytes=5152903296 process_lifetime_peak_phys_bytes=5161324672
info: metal composition resource: phase=partition_parity elapsed_ns=4790037167 process_current_phys_bytes=5152903296 process_lifetime_peak_phys_bytes=5161324672
info: metal composition device: family=semantic gpu_ms=10.315875
info: resident RISC-V semantic composition: 4 components, 4 kernels, 10.316 ms GPU
info: metal composition device: family=lookup gpu_ms=0.776875
info: resident RISC-V lookup composition: 1 components, 1 kernels, 0.777 ms GPU
info: METAL_RISCV_COMPOSITION_PARTITION_V1 kind=framework jobs=30 rows=2097152 identity_sha256=b3bab636d6c6064e9e01ec646728132f6055b3c5acd479b63ebb7ba8f5648ba4
info: metal composition resource: phase=device_merge elapsed_ns=10840087709 process_current_phys_bytes=4657778792 process_lifetime_peak_phys_bytes=5161324672
info: metal composition resource: phase=work_receipt elapsed_ns=10841476292 process_current_phys_bytes=4657778792 process_lifetime_peak_phys_bytes=5161324672
info: metal composition resource: phase=accumulation elapsed_ns=10841484209 process_current_phys_bytes=4657778792 process_lifetime_peak_phys_bytes=5161324672
info: metal composition resource: phase=full_parity elapsed_ns=10908918500 process_current_phys_bytes=4691366040 process_lifetime_peak_phys_bytes=5161324672
info: METAL_RISCV_COMPOSITION_PARITY_V1 rows=2097152 constraints=1057 elapsed_ns=1032943208 identity_sha256=d3631e7a23d14af8b576116cea194ef873d24132b63f797a02e7585dd7a9f230
info: metal composition resource: phase=publication elapsed_ns=11942913667 process_current_phys_bytes=4691890328 process_lifetime_peak_phys_bytes=5161324672
info: metal composition resource: phase=cleanup elapsed_ns=11942950917 process_current_phys_bytes=4691890328 process_lifetime_peak_phys_bytes=5161324672
info: metal composition phase: phase=preparation start_ns=0 end_ns=3812917 wall_ns=3812917
info: metal composition phase: phase=host_launch_or_inline start_ns=3812917 end_ns=3859209 wall_ns=46292
info: metal composition phase: phase=device_preparation start_ns=3859209 end_ns=8333292 wall_ns=4474083
info: metal composition phase: phase=semantic_dispatch start_ns=8333292 end_ns=46412584 wall_ns=38079292
info: metal composition phase: phase=lookup_dispatch start_ns=46412584 end_ns=63350417 wall_ns=16937833
info: metal composition phase: phase=device_partition_parity start_ns=63350417 end_ns=4722431625 wall_ns=4659081208
info: metal composition phase: phase=scratch_release start_ns=4722431625 end_ns=4722453375 wall_ns=21750
info: metal composition phase: phase=framework_dispatch start_ns=4722453375 end_ns=4790024625 wall_ns=67571250
info: metal composition phase: phase=host_wait start_ns=4790024625 end_ns=4790037167 wall_ns=12542
info: metal composition phase: phase=partition_parity start_ns=4790037167 end_ns=10840087709 wall_ns=6050050542
info: metal composition phase: phase=device_merge start_ns=10840087709 end_ns=10841476292 wall_ns=1388583
info: metal composition phase: phase=work_receipt start_ns=10841476292 end_ns=10841484209 wall_ns=7917
info: metal composition phase: phase=accumulation start_ns=10841484209 end_ns=10908918500 wall_ns=67434291
info: metal composition phase: phase=full_parity start_ns=10908918500 end_ns=11942913667 wall_ns=1033995167
info: metal composition phase: phase=publication start_ns=11942913667 end_ns=11942950917 wall_ns=37250
info: metal composition phase: phase=cleanup start_ns=11942950917 end_ns=11944957959 wall_ns=2007042
info: metal composition wall: completed=true scheduler=pool wall_ns=11944957959 phase_sum_ns=11944957959 host_spans_overlap=true device_ms_separate=true
DETACHED_PARENT_STAGE_PROFILE {"schema_version":1,"runtime":"device","example":"detached-recursive-parent","stages":[{"id":"parent.fixed","label":"Fixed columns and key admission","seconds":0.598185,"children":null},{"id":"parent.main_fill","label":"Main column allocation","seconds":0.038245,"children":null},{"id":"parent.main_finalize","label":"Main filling, range construction and exact lookup closure","seconds":2.590077,"children":null},{"id":"parent.main_commit","label":"Main commitment","seconds":0.677557,"children":null},{"id":"parent.interaction_fill","label":"Transcript and interaction columns","seconds":1.671037,"children":null},{"id":"parent.interaction_commit","label":"Interaction commitment","seconds":0.358547,"children":null},{"id":"parent.components","label":"Typed component assembly","seconds":0.004445,"children":null},{"id":"draw_random_coeff","label":"Draw random coefficient","seconds":0.000002,"children":null},{"id":"composition_trace_extract","label":"Composition trace extract","seconds":0.000015,"children":null},{"id":"composition_evaluation","label":"Composition evaluation","seconds":11.945015,"children":null},{"id":"composition_interpolate_and_split","label":"Composition interpolate and split","seconds":0.010792,"children":null},{"id":"composition_commit","label":"Composition commit","seconds":0.036368,"children":null},{"id":"oods_point_and_mask_points","label":"OODS point and mask points","seconds":0.000091,"children":null},{"id":"sampled_value_evaluation","label":"Sampled-value evaluation","seconds":0.04744,"children":null},{"id":"sampled_value_channel_mix","label":"Sampled-value channel mix","seconds":0.000726,"children":null},{"id":"fri_quotient_build_and_commit","label":"FRI quotient build + commit (lazy)","seconds":0.130727,"children":null},{"id":"proof_of_work","label":"Proof of work","seconds":0.005182,"children":null},{"id":"fri_decommit","label":"FRI decommit","seconds":0.003655,"children":null},{"id":"trace_decommit","label":"Trace decommit","seconds":0.007714,"children":null},{"id":"constraint_check_and_assembly","label":"Constraint check and assembly","seconds":0.000378,"children":null},{"id":"parent.serialize","label":"Canonical proof serialization","seconds":0.009295,"children":null}]}
DETACHED_PARENT_METAL dispatches=119 poseidon_commits=9 cpu_fallbacks=0 host_composition_components=0 pow_dispatches=2 runtime_released=true manifest_sha256=98703ad708efeb6aee92403f0d818498fb97b91174b3a597b42925d64fd82da7 profile=recursive_framework_v1 framework_dispatches=30
{"endpoint":"segment_v2_detached_two_child_parent_candidate_q193","profile":"tiny-parent-root-v2","publication_mode":"root","proof_profile":"recursive_q193_v1","status":"unverified_candidate","verified":false,"development_only":true,"child_owners_destroyed":true,"producer_destroyed":true,"reused_admitted_parent_key":true,"child_key_sha256":[[166,105,156,14,235,193,137,236,55,46,141,247,128,85,138,114,118,27,37,135,64,75,157,52,87,146,214,108,174,25,246,3],[39,79,215,178,184,217,245,95,237,242,114,209,115,137,221,134,243,51,251,20,135,95,250,125,192,88,211,250,41,166,93,84]],"artifacts":{"key_sha256":[145,37,248,241,64,193,199,202,205,77,71,112,173,177,36,99,237,124,207,39,236,20,160,192,121,0,204,102,126,174,204,249],"claims_sha256":[206,85,56,170,212,13,9,105,87,74,211,84,230,68,183,42,77,175,204,187,97,190,102,1,94,0,76,59,76,35,141,138],"proof_sha256":[248,234,86,102,10,237,154,122,192,160,156,22,66,72,71,43,162,156,208,67,110,47,214,206,187,108,109,14,63,25,193,125],"proof_bytes":2304719},"candidate_root_words_sha256":[178,123,13,42,208,24,172,29,17,139,247,236,92,174,136,216,170,1,74,23,70,42,6,213,159,238,199,204,117,214,124,63],"circuit_identity":[131,27,169,67,149,214,149,80,97,176,125,10,230,14,39,156,8,67,160,245,1,106,67,227,4,61,21,13,96,194,131,168],"preparation_ns":3645568250,"key_preparation_ns":598204167,"proof_ns":17654481541,"request_ns":22110381583}
