ETHEREUM_INCREMENTAL_ROLE0_PHASE phase=cold_open source=darwin_proc_pid_rusage_v6 wall_ns=47067388791 process_cpu_ns=49614352417 parallelism_milli=1054 peak_footprint_bytes=289981256 energy_nj=229705148686 instructions=1100984132573 cycles=196867901235 workers=1 host_byte_budget=8589934592
ETHEREUM_INCREMENTAL_ROLE0_PHASE phase=campaign source=darwin_proc_pid_rusage_v6 wall_ns=1266051458 process_cpu_ns=1265892208 parallelism_milli=999 peak_footprint_bytes=289981256 energy_nj=6346565350 instructions=27905722163 cycles=5029813854 workers=1 host_byte_budget=8589934592
ETHEREUM_INCREMENTAL_ROLE0_PHASE phase=materialize source=darwin_proc_pid_rusage_v6 wall_ns=5176652917 process_cpu_ns=5175719875 parallelism_milli=999 peak_footprint_bytes=1958529328 energy_nj=25603259622 instructions=86645418044 cycles=20558794867 workers=1 host_byte_budget=8589934592
ETHEREUM_COHORT_RESOURCES phase=begin wall_ns=41 source=darwin_proc_pid_rusage_v6 lifetime_peak_footprint_bytes=17836848664 ledger_present=false ledger_len=0 ledger_capacity=0 tuple_record_bytes=136 ledger_used_bytes=0 ledger_capacity_bytes=0 ledger_bytes_overflow=false sampling_unavailable=none
ETHEREUM_COHORT_RESOURCES phase=geometry-ready wall_ns=4313071459 source=darwin_proc_pid_rusage_v6 lifetime_peak_footprint_bytes=17836848664 ledger_present=false ledger_len=0 ledger_capacity=0 tuple_record_bytes=136 ledger_used_bytes=0 ledger_capacity_bytes=0 ledger_bytes_overflow=false sampling_unavailable=none
ETHEREUM_COHORT_RESOURCES phase=prefix-components wall_ns=895608000 source=darwin_proc_pid_rusage_v6 lifetime_peak_footprint_bytes=17836848664 ledger_present=false ledger_len=0 ledger_capacity=0 tuple_record_bytes=136 ledger_used_bytes=0 ledger_capacity_bytes=0 ledger_bytes_overflow=false sampling_unavailable=none
ETHEREUM_COHORT_RESOURCES phase=prefix-rows wall_ns=1623204458 source=darwin_proc_pid_rusage_v6 lifetime_peak_footprint_bytes=17836848664 ledger_present=false ledger_len=0 ledger_capacity=0 tuple_record_bytes=136 ledger_used_bytes=0 ledger_capacity_bytes=0 ledger_bytes_overflow=false sampling_unavailable=none
ETHEREUM_COHORT_RESOURCES phase=suffix-rows wall_ns=2649017292 source=darwin_proc_pid_rusage_v6 lifetime_peak_footprint_bytes=17836848664 ledger_present=false ledger_len=0 ledger_capacity=0 tuple_record_bytes=136 ledger_used_bytes=0 ledger_capacity_bytes=0 ledger_bytes_overflow=false sampling_unavailable=none
ETHEREUM_COHORT_RESOURCES phase=provider-main wall_ns=1916136250 source=darwin_proc_pid_rusage_v6 lifetime_peak_footprint_bytes=17836848664 ledger_present=false ledger_len=0 ledger_capacity=0 tuple_record_bytes=136 ledger_used_bytes=0 ledger_capacity_bytes=0 ledger_bytes_overflow=false sampling_unavailable=none
ETHEREUM_COHORT_RESOURCES phase=ledger-begin wall_ns=163541 source=darwin_proc_pid_rusage_v6 lifetime_peak_footprint_bytes=17836848664 ledger_present=true ledger_len=0 ledger_capacity=0 tuple_record_bytes=136 ledger_used_bytes=0 ledger_capacity_bytes=0 ledger_bytes_overflow=false sampling_unavailable=none
ETHEREUM_COHORT_RESOURCES phase=ledger-reserved wall_ns=408042 source=darwin_proc_pid_rusage_v6 lifetime_peak_footprint_bytes=17836848664 ledger_present=true ledger_len=0 ledger_capacity=147272324 tuple_record_bytes=136 ledger_used_bytes=0 ledger_capacity_bytes=20029036064 ledger_bytes_overflow=false sampling_unavailable=none
ETHEREUM_COHORT_RESOURCES phase=ledger-prefix wall_ns=1347058417 source=darwin_proc_pid_rusage_v6 lifetime_peak_footprint_bytes=17836848664 ledger_present=true ledger_len=944216 ledger_capacity=147272324 tuple_record_bytes=136 ledger_used_bytes=128413376 ledger_capacity_bytes=20029036064 ledger_bytes_overflow=false sampling_unavailable=none
ETHEREUM_COHORT_RESOURCES phase=ledger-suffix wall_ns=47094041 source=darwin_proc_pid_rusage_v6 lifetime_peak_footprint_bytes=17836848664 ledger_present=true ledger_len=1083160 ledger_capacity=147272324 tuple_record_bytes=136 ledger_used_bytes=147309760 ledger_capacity_bytes=20029036064 ledger_bytes_overflow=false sampling_unavailable=none
ETHEREUM_COHORT_RESOURCES phase=ledger-native wall_ns=17140843167 source=darwin_proc_pid_rusage_v6 lifetime_peak_footprint_bytes=27332464920 ledger_present=true ledger_len=68788337 ledger_capacity=147272324 tuple_record_bytes=136 ledger_used_bytes=9355213832 ledger_capacity_bytes=20029036064 ledger_bytes_overflow=false sampling_unavailable=none
ETHEREUM_COHORT_RESOURCES phase=range-provider wall_ns=1025398750 source=darwin_proc_pid_rusage_v6 lifetime_peak_footprint_bytes=27332464920 ledger_present=true ledger_len=68788787 ledger_capacity=147272324 tuple_record_bytes=136 ledger_used_bytes=9355275032 ledger_capacity_bytes=20029036064 ledger_bytes_overflow=false sampling_unavailable=none
ETHEREUM_COHORT_RESOURCES phase=ledger-range wall_ns=3197458 source=darwin_proc_pid_rusage_v6 lifetime_peak_footprint_bytes=27332464920 ledger_present=true ledger_len=68788872 ledger_capacity=147272324 tuple_record_bytes=136 ledger_used_bytes=9355286592 ledger_capacity_bytes=20029036064 ledger_bytes_overflow=false sampling_unavailable=none
ETHEREUM_COHORT_RESOURCES phase=ledger-classified wall_ns=26870607750 source=darwin_proc_pid_rusage_v6 lifetime_peak_footprint_bytes=27332464920 ledger_present=true ledger_len=68788872 ledger_capacity=147272324 tuple_record_bytes=136 ledger_used_bytes=9355286592 ledger_capacity_bytes=20029036064 ledger_bytes_overflow=false sampling_unavailable=none
ETHEREUM_COHORT_RESOURCES phase=ledger-released wall_ns=2087827334 source=darwin_proc_pid_rusage_v6 lifetime_peak_footprint_bytes=27332464920 ledger_present=false ledger_len=0 ledger_capacity=0 tuple_record_bytes=136 ledger_used_bytes=0 ledger_capacity_bytes=0 ledger_bytes_overflow=false sampling_unavailable=none
ETHEREUM_WRAPPER_MEMORY_PLAN tree=0 columns=616 source_bytes=4555143680 pcs_minimum_resident_bytes=9110287360 blowup_log=1 coefficient_retention=never
ETHEREUM_WRAPPER_MEMORY_PLAN tree=1 columns=1054 source_bytes=3977408832 pcs_minimum_resident_bytes=7954817664 blowup_log=1 coefficient_retention=never
ETHEREUM_WRAPPER_MEMORY_PLAN tree=2 columns=608 source_bytes=2376100864 pcs_minimum_resident_bytes=4752201728 blowup_log=1 coefficient_retention=never
ETHEREUM_WRAPPER_MEMORY_PLAN total_pcs_minimum_resident_bytes=21817306752 excludes_merkle_witness_composition=true
ETHEREUM_WRAPPER_RESOURCES phase=preprocessed wall_ns=61601731750 lifetime_peak_footprint_bytes=28148356024 source=darwin_proc_pid_rusage_v6
ETHEREUM_WRAPPER_RESOURCES phase=main wall_ns=91352092625 lifetime_peak_footprint_bytes=37720125184 source=darwin_proc_pid_rusage_v6
ETHEREUM_WRAPPER_RESOURCES phase=interaction wall_ns=105532776167 lifetime_peak_footprint_bytes=45273564232 source=darwin_proc_pid_rusage_v6
ETHEREUM_WRAPPER_RESOURCES phase=stark wall_ns=434685765000 lifetime_peak_footprint_bytes=52615223816 source=darwin_proc_pid_rusage_v6
ETHEREUM_WRAPPER_CANDIDATE_RETAINED core_verified=true wrapper_admitted=false sha256=f404b395543ba08d5b2d0014ef5a71d7653e925b335b0bc5632e3ea179f6ecf3 bytes=3019076 directory=/Users/theodorepender/Coding/stark-proving-engineering/stwo-zig/.git/local-ethereum/wrapper-candidates
ETHEREUM_COHORT_RESOURCES phase=begin wall_ns=0 source=darwin_proc_pid_rusage_v6 lifetime_peak_footprint_bytes=52615223816 ledger_present=false ledger_len=0 ledger_capacity=0 tuple_record_bytes=136 ledger_used_bytes=0 ledger_capacity_bytes=0 ledger_bytes_overflow=false sampling_unavailable=none
ETHEREUM_COHORT_RESOURCES phase=geometry-ready wall_ns=4313007292 source=darwin_proc_pid_rusage_v6 lifetime_peak_footprint_bytes=52615223816 ledger_present=false ledger_len=0 ledger_capacity=0 tuple_record_bytes=136 ledger_used_bytes=0 ledger_capacity_bytes=0 ledger_bytes_overflow=false sampling_unavailable=none
ETHEREUM_COHORT_RESOURCES phase=prefix-components wall_ns=894852958 source=darwin_proc_pid_rusage_v6 lifetime_peak_footprint_bytes=52615223816 ledger_present=false ledger_len=0 ledger_capacity=0 tuple_record_bytes=136 ledger_used_bytes=0 ledger_capacity_bytes=0 ledger_bytes_overflow=false sampling_unavailable=none
ETHEREUM_COHORT_RESOURCES phase=prefix-rows wall_ns=1606431875 source=darwin_proc_pid_rusage_v6 lifetime_peak_footprint_bytes=52615223816 ledger_present=false ledger_len=0 ledger_capacity=0 tuple_record_bytes=136 ledger_used_bytes=0 ledger_capacity_bytes=0 ledger_bytes_overflow=false sampling_unavailable=none
ETHEREUM_COHORT_RESOURCES phase=suffix-rows wall_ns=2638726625 source=darwin_proc_pid_rusage_v6 lifetime_peak_footprint_bytes=52615223816 ledger_present=false ledger_len=0 ledger_capacity=0 tuple_record_bytes=136 ledger_used_bytes=0 ledger_capacity_bytes=0 ledger_bytes_overflow=false sampling_unavailable=none
ETHEREUM_COHORT_RESOURCES phase=provider-main wall_ns=1880732250 source=darwin_proc_pid_rusage_v6 lifetime_peak_footprint_bytes=52615223816 ledger_present=false ledger_len=0 ledger_capacity=0 tuple_record_bytes=136 ledger_used_bytes=0 ledger_capacity_bytes=0 ledger_bytes_overflow=false sampling_unavailable=none
ETHEREUM_COHORT_RESOURCES phase=ledger-begin wall_ns=172708 source=darwin_proc_pid_rusage_v6 lifetime_peak_footprint_bytes=52615223816 ledger_present=true ledger_len=0 ledger_capacity=0 tuple_record_bytes=136 ledger_used_bytes=0 ledger_capacity_bytes=0 ledger_bytes_overflow=false sampling_unavailable=none
ETHEREUM_COHORT_RESOURCES phase=ledger-reserved wall_ns=402125 source=darwin_proc_pid_rusage_v6 lifetime_peak_footprint_bytes=52615223816 ledger_present=true ledger_len=0 ledger_capacity=147272324 tuple_record_bytes=136 ledger_used_bytes=0 ledger_capacity_bytes=20029036064 ledger_bytes_overflow=false sampling_unavailable=none
ETHEREUM_COHORT_RESOURCES phase=ledger-prefix wall_ns=1340855584 source=darwin_proc_pid_rusage_v6 lifetime_peak_footprint_bytes=52615223816 ledger_present=true ledger_len=944216 ledger_capacity=147272324 tuple_record_bytes=136 ledger_used_bytes=128413376 ledger_capacity_bytes=20029036064 ledger_bytes_overflow=false sampling_unavailable=none
ETHEREUM_COHORT_RESOURCES phase=ledger-suffix wall_ns=46788041 source=darwin_proc_pid_rusage_v6 lifetime_peak_footprint_bytes=52615223816 ledger_present=true ledger_len=1083160 ledger_capacity=147272324 tuple_record_bytes=136 ledger_used_bytes=147309760 ledger_capacity_bytes=20029036064 ledger_bytes_overflow=false sampling_unavailable=none
ETHEREUM_COHORT_RESOURCES phase=ledger-native wall_ns=17024061500 source=darwin_proc_pid_rusage_v6 lifetime_peak_footprint_bytes=52615223816 ledger_present=true ledger_len=68788337 ledger_capacity=147272324 tuple_record_bytes=136 ledger_used_bytes=9355213832 ledger_capacity_bytes=20029036064 ledger_bytes_overflow=false sampling_unavailable=none
ETHEREUM_COHORT_RESOURCES phase=range-provider wall_ns=1089481084 source=darwin_proc_pid_rusage_v6 lifetime_peak_footprint_bytes=52615223816 ledger_present=true ledger_len=68788787 ledger_capacity=147272324 tuple_record_bytes=136 ledger_used_bytes=9355275032 ledger_capacity_bytes=20029036064 ledger_bytes_overflow=false sampling_unavailable=none
ETHEREUM_COHORT_RESOURCES phase=ledger-range wall_ns=2984375 source=darwin_proc_pid_rusage_v6 lifetime_peak_footprint_bytes=52615223816 ledger_present=true ledger_len=68788872 ledger_capacity=147272324 tuple_record_bytes=136 ledger_used_bytes=9355286592 ledger_capacity_bytes=20029036064 ledger_bytes_overflow=false sampling_unavailable=none
ETHEREUM_COHORT_RESOURCES phase=ledger-classified wall_ns=26905481708 source=darwin_proc_pid_rusage_v6 lifetime_peak_footprint_bytes=52615223816 ledger_present=true ledger_len=68788872 ledger_capacity=147272324 tuple_record_bytes=136 ledger_used_bytes=9355286592 ledger_capacity_bytes=20029036064 ledger_bytes_overflow=false sampling_unavailable=none
ETHEREUM_COHORT_RESOURCES phase=ledger-released wall_ns=2066967792 source=darwin_proc_pid_rusage_v6 lifetime_peak_footprint_bytes=52615223816 ledger_present=false ledger_len=0 ledger_capacity=0 tuple_record_bytes=136 ledger_used_bytes=0 ledger_capacity_bytes=0 ledger_bytes_overflow=false sampling_unavailable=none
ETHEREUM_INCREMENTAL_ROLE0_PHASE phase=role0_prove source=darwin_proc_pid_rusage_v6 wall_ns=1279436158666 process_cpu_ns=2661634699750 parallelism_milli=2080 peak_footprint_bytes=52615223816 energy_nj=10467414311889 instructions=45599274405067 cycles=9824116951327 workers=1 host_byte_budget=8589934592
ETHEREUM_COHORT_RESOURCES phase=begin wall_ns=42 source=darwin_proc_pid_rusage_v6 lifetime_peak_footprint_bytes=52615223816 ledger_present=false ledger_len=0 ledger_capacity=0 tuple_record_bytes=136 ledger_used_bytes=0 ledger_capacity_bytes=0 ledger_bytes_overflow=false sampling_unavailable=none
ETHEREUM_COHORT_RESOURCES phase=geometry-ready wall_ns=4288163042 source=darwin_proc_pid_rusage_v6 lifetime_peak_footprint_bytes=52615223816 ledger_present=false ledger_len=0 ledger_capacity=0 tuple_record_bytes=136 ledger_used_bytes=0 ledger_capacity_bytes=0 ledger_bytes_overflow=false sampling_unavailable=none
ETHEREUM_COHORT_RESOURCES phase=prefix-components wall_ns=886412625 source=darwin_proc_pid_rusage_v6 lifetime_peak_footprint_bytes=52615223816 ledger_present=false ledger_len=0 ledger_capacity=0 tuple_record_bytes=136 ledger_used_bytes=0 ledger_capacity_bytes=0 ledger_bytes_overflow=false sampling_unavailable=none
ETHEREUM_COHORT_RESOURCES phase=prefix-rows wall_ns=1613812583 source=darwin_proc_pid_rusage_v6 lifetime_peak_footprint_bytes=52615223816 ledger_present=false ledger_len=0 ledger_capacity=0 tuple_record_bytes=136 ledger_used_bytes=0 ledger_capacity_bytes=0 ledger_bytes_overflow=false sampling_unavailable=none
ETHEREUM_COHORT_RESOURCES phase=suffix-rows wall_ns=2637466042 source=darwin_proc_pid_rusage_v6 lifetime_peak_footprint_bytes=52615223816 ledger_present=false ledger_len=0 ledger_capacity=0 tuple_record_bytes=136 ledger_used_bytes=0 ledger_capacity_bytes=0 ledger_bytes_overflow=false sampling_unavailable=none
ETHEREUM_COHORT_RESOURCES phase=provider-main wall_ns=1909925166 source=darwin_proc_pid_rusage_v6 lifetime_peak_footprint_bytes=52615223816 ledger_present=false ledger_len=0 ledger_capacity=0 tuple_record_bytes=136 ledger_used_bytes=0 ledger_capacity_bytes=0 ledger_bytes_overflow=false sampling_unavailable=none
ETHEREUM_COHORT_RESOURCES phase=ledger-begin wall_ns=146084 source=darwin_proc_pid_rusage_v6 lifetime_peak_footprint_bytes=52615223816 ledger_present=true ledger_len=0 ledger_capacity=0 tuple_record_bytes=136 ledger_used_bytes=0 ledger_capacity_bytes=0 ledger_bytes_overflow=false sampling_unavailable=none
ETHEREUM_COHORT_RESOURCES phase=ledger-reserved wall_ns=407166 source=darwin_proc_pid_rusage_v6 lifetime_peak_footprint_bytes=52615223816 ledger_present=true ledger_len=0 ledger_capacity=147272324 tuple_record_bytes=136 ledger_used_bytes=0 ledger_capacity_bytes=20029036064 ledger_bytes_overflow=false sampling_unavailable=none
ETHEREUM_COHORT_RESOURCES phase=ledger-prefix wall_ns=1334915834 source=darwin_proc_pid_rusage_v6 lifetime_peak_footprint_bytes=52615223816 ledger_present=true ledger_len=944216 ledger_capacity=147272324 tuple_record_bytes=136 ledger_used_bytes=128413376 ledger_capacity_bytes=20029036064 ledger_bytes_overflow=false sampling_unavailable=none
ETHEREUM_COHORT_RESOURCES phase=ledger-suffix wall_ns=46302541 source=darwin_proc_pid_rusage_v6 lifetime_peak_footprint_bytes=52615223816 ledger_present=true ledger_len=1083160 ledger_capacity=147272324 tuple_record_bytes=136 ledger_used_bytes=147309760 ledger_capacity_bytes=20029036064 ledger_bytes_overflow=false sampling_unavailable=none
ETHEREUM_COHORT_RESOURCES phase=ledger-native wall_ns=17035873875 source=darwin_proc_pid_rusage_v6 lifetime_peak_footprint_bytes=52615223816 ledger_present=true ledger_len=68788337 ledger_capacity=147272324 tuple_record_bytes=136 ledger_used_bytes=9355213832 ledger_capacity_bytes=20029036064 ledger_bytes_overflow=false sampling_unavailable=none
ETHEREUM_COHORT_RESOURCES phase=range-provider wall_ns=1001105167 source=darwin_proc_pid_rusage_v6 lifetime_peak_footprint_bytes=52615223816 ledger_present=true ledger_len=68788787 ledger_capacity=147272324 tuple_record_bytes=136 ledger_used_bytes=9355275032 ledger_capacity_bytes=20029036064 ledger_bytes_overflow=false sampling_unavailable=none
ETHEREUM_COHORT_RESOURCES phase=ledger-range wall_ns=2985000 source=darwin_proc_pid_rusage_v6 lifetime_peak_footprint_bytes=52615223816 ledger_present=true ledger_len=68788872 ledger_capacity=147272324 tuple_record_bytes=136 ledger_used_bytes=9355286592 ledger_capacity_bytes=20029036064 ledger_bytes_overflow=false sampling_unavailable=none
ETHEREUM_COHORT_RESOURCES phase=ledger-classified wall_ns=26914900833 source=darwin_proc_pid_rusage_v6 lifetime_peak_footprint_bytes=52615223816 ledger_present=true ledger_len=68788872 ledger_capacity=147272324 tuple_record_bytes=136 ledger_used_bytes=9355286592 ledger_capacity_bytes=20029036064 ledger_bytes_overflow=false sampling_unavailable=none
ETHEREUM_COHORT_RESOURCES phase=ledger-released wall_ns=2086542542 source=darwin_proc_pid_rusage_v6 lifetime_peak_footprint_bytes=52615223816 ledger_present=false ledger_len=0 ledger_capacity=0 tuple_record_bytes=136 ledger_used_bytes=0 ledger_capacity_bytes=0 ledger_bytes_overflow=false sampling_unavailable=none
ETHEREUM_INCREMENTAL_ROLE0_PHASE phase=role0_reopen source=darwin_proc_pid_rusage_v6 wall_ns=376380326416 process_cpu_ns=376195861084 parallelism_milli=999 peak_footprint_bytes=52615223816 energy_nj=2051362017828 instructions=7123026634609 cycles=1495464775442 workers=1 host_byte_budget=8589934592
ETHEREUM_INCREMENTAL_ROLE0_PHASE phase=role0_postprocess source=darwin_proc_pid_rusage_v6 wall_ns=5728522278083 process_cpu_ns=5727565376667 parallelism_milli=999 peak_footprint_bytes=52615223816 energy_nj=31748443316778 instructions=122332594956251 cycles=22771493028343 workers=1 host_byte_budget=8589934592
ETHEREUM_INCREMENTAL_ROLE0_PHASE phase=stage102_cleanup source=darwin_proc_pid_rusage_v6 wall_ns=753753583 process_cpu_ns=753714083 parallelism_milli=999 peak_footprint_bytes=52615223816 energy_nj=2128851360 instructions=5061669991 cycles=2998629085 workers=1 host_byte_budget=8589934592
ETHEREUM_INCREMENTAL_ROLE0_PHASE phase=total source=darwin_proc_pid_rusage_v6 wall_ns=7493155262042 process_cpu_ns=8879282155000 parallelism_milli=1184 peak_footprint_bytes=52615223816 energy_nj=44796894674707 instructions=177501406038119 cycles=34543298460509 workers=1 host_byte_budget=8589934592
