stwo-cairo-cuda
+- install stwo-cairo-cuda
   +- compile exe stwo-cairo-cuda ReleaseFast native
      +- run python3 (stwo-native-cuda-runtime)
         +- run exe cairo-cuda-eval-aot (cairo-cuda-eval-aot) stderr
generated 271 authenticated bodies for 279 exact SN2 placements
stwo-cairo-cuda
+- install stwo-cairo-cuda
   +- compile exe stwo-cairo-cuda ReleaseFast native 1 errors
src/integrations/cairo_cuda/executor/proof_session.zig:334:13: error: expected error union type, found 'error{AllocationOutsideIngress,AllocationRegistryFull,AotPackAbsent,AotReceiptMismatch,ArenaSlotMissing,ArgumentCountMismatch,BuildIdentityAbsent,ContextClosed,ContextMismatch,CudaFailure,DeviceArchitectureMismatch,DeviceBufferLive,DeviceUnavailable,DuplicateArenaSlot,DuplicateOutputIndex,EmptyAllocation,EmptyArenaPlan,ExecutionProviderMismatch,HostReadOutsideProofAssembly,HostWriteOutsideIngress,InsufficientDeviceMemory,InvalidArenaRequirement,InvalidDecommitmentAssembly,InvalidDeviceAddress,InvalidDeviceArchitecture,InvalidDeviceMemorySnapshot,InvalidDeviceOrdinal,InvalidExecutionLaneCount,InvalidFoldCount,InvalidKernelDescriptor,InvalidOutputIndex,InvalidState,KernelPathUnused,NullDevicePointer,NullExecutionContext,NullExecutionStream,OutOfMemory,OverlappingDeviceRange,PreparedCacheBusy,SizeOverflow,StageAlreadyActive,StageNotActive,StageOrderViolation,StrictAotViolation,ThreadOwnershipViolation}'
            return err;
            ^~~~~~~~~~
referenced by:
    proveOnce: src/products/cairo_cuda/app.zig:181:37
    prove: src/products/cairo_cuda/app.zig:31:38
    6 reference(s) hidden; use '-freference-trace=8' to see all references
error: the following command failed with 1 compilation errors:
/opt/zig/zig-x86_64-linux-0.15.2/zig build-exe -lstwo_cuda_kernels -lcudart -lcuda /usr/lib/x86_64-linux-gnu/libstdc++.so.6 /usr/lib/x86_64-linux-gnu/libgcc_s.so.1 -OReleaseFast -L .zig-cache/products/cairo_cuda/o/fc0eafb0756e4cf1174e1f922d5fa8aa/stwo-native-cuda-runtime -L /usr/local/cuda/lib64 --dep stwo_core --dep stwo_backend_contracts --dep stwo_prover_api --dep stwo_prover_engine --dep stwo_cairo_cuda --dep product_identity -Mroot=/workspace/stwo-zig/src/products/cairo_cuda/main.zig -OReleaseFast -Mstwo_core=/workspace/stwo-zig/src/core/mod.zig -OReleaseFast --dep stwo_core -Mstwo_backend_contracts=/workspace/stwo-zig/src/backend/mod.zig -OReleaseFast --dep stwo_core -Mstwo_prover_api=/workspace/stwo-zig/src/prover_api/mod.zig -OReleaseFast --dep stwo_core --dep stwo_backend_contracts --dep stwo_prover_api -Mstwo_prover_engine=/workspace/stwo-zig/src/prover/mod.zig -OReleaseFast --dep stwo_core --dep stwo_backend_contracts --dep stwo_prover_api --dep stwo_prover_engine --dep stwo_cuda_backend --dep stwo_native_cuda_integration --dep stwo_cairo_frontend --dep stwo_cairo_cuda_integration -Mstwo_cairo_cuda=/workspace/stwo-zig/src/cairo_cuda.zig -Mproduct_identity=.zig-cache/products/cairo_cuda/c/2c850607bd16400581ac14a7eae62374/options.zig -OReleaseFast --dep stwo_backend_contracts -Mstwo_cuda_backend=/workspace/stwo-zig/src/backends/cuda/mod.zig -OReleaseFast --dep stwo_core --dep stwo_backend_contracts --dep stwo_prover_api --dep stwo_prover_engine --dep stwo_cuda_backend --dep stwo_native_examples --dep stwo_proof_wire -Mstwo_native_cuda_integration=/workspace/stwo-zig/src/integrations/native_cuda/mod.zig -OReleaseFast --dep stwo_core --dep stwo_backend_contracts --dep stwo_prover_api --dep stwo_prover_engine -Mstwo_cairo_frontend=/workspace/stwo-zig/src/frontends/cairo/mod.zig -OReleaseFast --dep stwo_core --dep stwo_backend_contracts --dep stwo_prover_api --dep stwo_prover_engine --dep stwo_cuda_backend --dep stwo_cairo_frontend --dep stwo_native_cuda_integration -Mstwo_cairo_cuda_integration=/workspace/stwo-zig/src/integrations/cairo_cuda/mod.zig -OReleaseFast --dep stwo_core --dep stwo_prover_api --dep stwo_prover_engine --dep stwo_cpu_backend --dep stwo_proof_wire -Mstwo_native_examples=/workspace/stwo-zig/src/examples/mod.zig -OReleaseFast --dep stwo_core -Mstwo_proof_wire=/workspace/stwo-zig/src/interop/proof_wire/mod.zig -OReleaseFast --dep stwo_core --dep stwo_backend_contracts --dep stwo_prover_api --dep stwo_prover_engine -Mstwo_cpu_backend=/workspace/stwo-zig/src/backends/cpu_scalar/mod.zig -lc --cache-dir .zig-cache/products/cairo_cuda --global-cache-dir /root/.cache/zig --name stwo-cairo-cuda --zig-lib-dir /opt/zig/zig-x86_64-linux-0.15.2/lib/ --listen=-

Build Summary: 7/10 steps succeeded; 1 failed
stwo-cairo-cuda transitive failure
+- install stwo-cairo-cuda transitive failure
   +- compile exe stwo-cairo-cuda ReleaseFast native 1 errors

error: the following build command failed with exit code 1:
.zig-cache/products/cairo_cuda/o/5efbe874d69aee5794ddddf46feab04f/build /opt/zig/zig-x86_64-linux-0.15.2/zig /opt/zig/zig-x86_64-linux-0.15.2/lib /workspace/stwo-zig/build_support .zig-cache/products/cairo_cuda /root/.cache/zig --seed 0xd57f2d4a -Z22673a06c94d876f stwo-cairo-cuda -p /workspace/stwo-zig/zig-out -Drepository-root=/workspace/stwo-zig -Dproduct-scope=cairo_cuda -Doptimize=ReleaseFast -Dcuda-nvcc=/usr/local/cuda/bin/nvcc -Dcuda-host-cxx=/usr/bin/g++ -Dcuda-host-runtime=/usr/lib/x86_64-linux-gnu/libstdc++.so.6 -Dcuda-host-unwind-runtime=/usr/lib/x86_64-linux-gnu/libgcc_s.so.1 -Dcuda-ar=/usr/bin/ar -Dcuda-home=/usr/local/cuda -Dcuda-library-dir=/usr/local/cuda/lib64 -Dcuda-arch=sm_90 -Dcuda-build-jobs=8 -Dimplementation-commit=7e95ce3017c16be868f9c0ea883c3c5c112723d8 -Dimplementation-dirty=true -Dimplementation-tree=8643e2a01b54874f7a738d20e68f27a958cea75d -Dimplementation-dirty-content-sha256=7059cca1788f77ef6c4e499bea04c9c990eb1ecf1a6291ec35925f9e1fb70b64
stwo-cairo-cuda
+- run /opt/zig/zig-x86_64-linux-0.15.2/zig failure
error: the following command exited with error code 1:
/opt/zig/zig-x86_64-linux-0.15.2/zig build stwo-cairo-cuda --build-file /workspace/stwo-zig/build_support/internal_build.zig --cache-dir .zig-cache/products/cairo_cuda -p /workspace/stwo-zig/zig-out -Drepository-root=/workspace/stwo-zig -Dproduct-scope=cairo_cuda -Doptimize=ReleaseFast -Dcuda-nvcc=/usr/local/cuda/bin/nvcc -Dcuda-host-cxx=/usr/bin/g++ -Dcuda-host-runtime=/usr/lib/x86_64-linux-gnu/libstdc++.so.6 -Dcuda-host-unwind-runtime=/usr/lib/x86_64-linux-gnu/libgcc_s.so.1 -Dcuda-ar=/usr/bin/ar -Dcuda-home=/usr/local/cuda -Dcuda-library-dir=/usr/local/cuda/lib64 -Dcuda-arch=sm_90 -Dcuda-build-jobs=8 -Dimplementation-commit=7e95ce3017c16be868f9c0ea883c3c5c112723d8 -Dimplementation-dirty=true -Dimplementation-tree=8643e2a01b54874f7a738d20e68f27a958cea75d -Dimplementation-dirty-content-sha256=7059cca1788f77ef6c4e499bea04c9c990eb1ecf1a6291ec35925f9e1fb70b64

Build Summary: 0/2 steps succeeded; 1 failed
stwo-cairo-cuda transitive failure
+- run /opt/zig/zig-x86_64-linux-0.15.2/zig failure

error: the following build command failed with exit code 1:
.zig-cache/o/d5b4ec909cc8d5498c41e2dd7b9b896a/build /opt/zig/zig-x86_64-linux-0.15.2/zig /opt/zig/zig-x86_64-linux-0.15.2/lib /workspace/stwo-zig .zig-cache /root/.cache/zig --seed 0xc2e19728 -Zfe078a5d3c86d506 stwo-cairo-cuda -Doptimize=ReleaseFast -Dimplementation-commit=7e95ce3017c16be868f9c0ea883c3c5c112723d8 -Dimplementation-dirty=true -Dimplementation-dirty-content-sha256=7059cca1788f77ef6c4e499bea04c9c990eb1ecf1a6291ec35925f9e1fb70b64 -Dcuda-nvcc=/usr/local/cuda/bin/nvcc -Dcuda-host-cxx=/usr/bin/g++ -Dcuda-host-runtime=/usr/lib/x86_64-linux-gnu/libstdc++.so.6 -Dcuda-host-unwind-runtime=/usr/lib/x86_64-linux-gnu/libgcc_s.so.1 -Dcuda-ar=/usr/bin/ar -Dcuda-home=/usr/local/cuda -Dcuda-library-dir=/usr/local/cuda/lib64 -Dcuda-arch=sm_90 -Dcuda-build-jobs=8 -j2 --summary all -Dimplementation-tree=8643e2a01b54874f7a738d20e68f27a958cea75d
