{
  "schema": "stwo-zig-cairo-cuda-runpod-hardware-diagnostic-v1",
  "started_utc": "2026-09-28T14:29:52.492670+00:00",
  "command": [
    "/workspace/stwo-zig/zig-out/bin/stwo-cairo-cuda",
    "prove",
    "--backend",
    "cuda",
    "--input",
    "/workspace/sn2-official.stwzcpi",
    "--output",
    "/workspace/qualification-v4/proof.envelope",
    "--report-out",
    "/workspace/qualification-v4/backend-report.json",
    "--repeat",
    "1"
  ],
  "status": "failed",
  "exit_code": 1,
  "process_wall_ns": 5664520127,
  "host_max_rss_bytes": 901476352,
  "highest_sampled_device_used_bytes": 81150148608,
  "gpu_memory_scope": "whole device NVML samples at 100ms; observed lower bound on peak, includes driver allocations",
  "product_sha256": "2ad8a423f0af7e342e35fc1eea29894301c1f42966d85481614ae9ddd0ebf882"
}
