{
  "schema": "stwo-zig-cairo-cuda-runpod-hardware-diagnostic-v1",
  "started_utc": "2026-09-28T15:05:03.788152+00:00",
  "command": [
    "/workspace/stwo-zig/zig-out/bin/stwo-cairo-cuda",
    "prove",
    "--backend",
    "cuda",
    "--input",
    "/workspace/sn2-official.stwzcpi",
    "--output",
    "/workspace/qualification-v11/proof.envelope",
    "--report-out",
    "/workspace/qualification-v11/backend-report.json",
    "--repeat",
    "1"
  ],
  "status": "failed",
  "exit_code": 1,
  "process_wall_ns": 8266762921,
  "host_max_rss_bytes": 1006465024,
  "highest_sampled_device_used_bytes": 81720573952,
  "gpu_memory_scope": "whole device NVML samples at 100ms; observed lower bound on peak, includes driver allocations",
  "product_sha256": "2ecfc76237d30dcbe64f68bbbdf69d7a4bd5a5fc59046a62bed40fc7e340c385"
}
