SEGMENT_V2_LADDER mode=narrow_complete_proof requested_steps=16 native_backend=metal memory_addresses=0
SEGMENT_V2_NATIVE_METAL_AOT profile=core_v2 manifest_sha256=21332158b1e1202b9c4171b057d4fb3fbd43d96c22d50012267f55e45e2193e5 source_sha256=c2daaaf7dab998e6c542651dec73323973eafceee6ccf9d56fce6094ccac2786 metallib_sha256=9b1327752224ccd8837063f29c9e5112efac8f6746050f8ff5dc9c2fb23ce8a7 initialization_ns=52268000
SEGMENT_V2_LADDER_EXECUTION segment_cycles=16 cumulative_cycles=16 retired_addi=11 retired_bne=5 exit_pc=1004 counter=59 accumulator=5
SEGMENT_V2_LADDER_EXECUTION segment_cycles=16 cumulative_cycles=32 retired_addi=11 retired_bne=5 exit_pc=1008 counter=54 accumulator=11
info: Columns: opcode=65 infra=481 total tree1=546 interaction=120
info: Poseidon2 Merkle: 184 exact sparse-node calls, poseidon_log_size=8, merkle_log_size=8
info: resident RISC-V semantic composition: 2 components, 2 kernels, 0.037 ms GPU
info: resident RISC-V lookup composition: 2 components, 2 kernels, 0.162 ms GPU
SEGMENT_V2_NATIVE_METAL device_dispatches=87 poseidon_commits=14 host_fallbacks=0 native_prove_ns=1016202792 resident_resources_before_shutdown=0
SEGMENT_V2_NATIVE_MEMORY backend=metal scope=caller_allocator_payload excludes=size_routed_mmap_and_device producer_peak_bytes=471739520 producer_live_bytes_after_destroy=0 canonical_proof_bytes=27032

SEGMENT_V2_LADDER_NATIVE requested_steps=16 retired_cycles=16 continuation_cycles=16 trace_rows=16 native_backend=metal native_queries=1 outer_queries=3 native_pcs_pow_bits=0 outer_pcs_pow_bits=0 program=finite_addi_bne_counter_loop memory_addresses=0 native_prove_ms=1016.203 native_verify_ms=415.454 recursive_prepare_ms=142.994 native_proof_bytes=27032 native_tree_heights={ 21, 21, 21, 21 }

SEGMENT_V2_OUTER_PHASES role=producer scope=body_before_cleanup setup_ns=23292 tree0_prepare_ns=30554500 tree0_commit_ns=36776583 tree1_prepare_ns=31356542 tree1_commit_ns=45587333 transcript_prefix_ns=56607625 interaction_generate_ns=220659292 interaction_admit_closure_ns=87769791 transcript_tree2_commit_ns=68538625 components_ns=89509000 diagnostic_ns=42 stark_ns=375151125 phase_sum_ns=1042533750

SEGMENT_V2_OUTER_ARTIFACT_REJECTIONS truncated=true trailing=true

SEGMENT_V2_OUTER_PHASES role=verifier scope=body_before_cleanup preflight_ns=15291 preprocessed_root_ns=68932292 transcript_prefix_ns=56077333 interaction_regenerate_ns=189295875 interaction_validate_claims_ns=28187667 closure_ns=59142583 transcript_after_ns=30964709 components_ns=90417333 publication_authority_ns=28238625 stark_ns=5190250 publication_total_ns=34793333 phase_sum_ns=591255291

SEGMENT_V2_OUTER status=verified rows=39 domains=47 proof_size_estimate_bytes=78828 canonical_proof_bytes=92201 canonicalize_ms=4.250 prove_ms=1042.602 verify_ms=591.307 publication_ms=4.388 producer_prepare_ms=322.343 producer_destroy_ms=1.411 verifier_prepare_ms=323.245 decode_ms=0.317 stark_verify_ms=5.190 transaction_ms=2287.486 artifact_rejections_ms=0.700 producer_peak_bytes=94980508 producer_live_bytes_after_destroy=0 serialization_passes=1 retained_canonical_bytes=92201 verification=native_assisted_fresh_decode draws=1 cols=595/974/508 workers=1

SEGMENT_V2_LADDER_OUTER rows=39 domains=47 component_logs={ 9, 11, 11, 8, 13, 13, 4, 4, 4, 4, 4, 10, 5, 4, 4, 10, 5, 7, 12, 8, 4, 7, 6, 9, 14, 7, 4, 5, 6, 10, 14, 8, 14, 8, 11, 16, 10, 6, 8 } min_component_log=4 max_component_log=16 provider_log=11 samples=2245 queries=3 canonical_proof_bytes=92201 producer_live_bytes_after_destroy=0
SEGMENT_V2_LADDER status=verified requested_steps=16 native_backend=metal memory_addresses=0 owners_destroyed=true
        3.93 real         8.43 user         0.24 sys
           559005696  maximum resident set size
                   0  average shared memory size
                   0  average unshared data size
                   0  average unshared stack size
              116747  page reclaims
                   0  page faults
                   0  swaps
                   0  block input operations
                   0  block output operations
                   0  messages sent
                   0  messages received
                   0  signals received
                   0  voluntary context switches
                8330  involuntary context switches
        111980946009  instructions retired
         32505298377  cycles elapsed
          1343456672  peak memory footprint
