SEGMENT_V2_LADDER mode=narrow_complete_proof requested_steps=16 native_backend=metal memory_addresses=0
SEGMENT_V2_NATIVE_METAL_AOT profile=core_v2 manifest_sha256=21332158b1e1202b9c4171b057d4fb3fbd43d96c22d50012267f55e45e2193e5 source_sha256=c2daaaf7dab998e6c542651dec73323973eafceee6ccf9d56fce6094ccac2786 metallib_sha256=9b1327752224ccd8837063f29c9e5112efac8f6746050f8ff5dc9c2fb23ce8a7 initialization_ns=57811333
SEGMENT_V2_LADDER_EXECUTION segment_cycles=16 cumulative_cycles=16 retired_addi=11 retired_bne=5 exit_pc=1004 counter=59 accumulator=5
SEGMENT_V2_LADDER_EXECUTION segment_cycles=16 cumulative_cycles=32 retired_addi=11 retired_bne=5 exit_pc=1008 counter=54 accumulator=11
info: Columns: opcode=65 infra=481 total tree1=546 interaction=120
info: Poseidon2 Merkle: 184 exact sparse-node calls, poseidon_log_size=8, merkle_log_size=8
info: resident RISC-V semantic composition: 2 components, 2 kernels, 0.035 ms GPU
info: resident RISC-V lookup composition: 2 components, 2 kernels, 0.167 ms GPU
SEGMENT_V2_NATIVE_METAL device_dispatches=87 poseidon_commits=14 host_fallbacks=0 native_prove_ns=1019483250 resident_resources_before_shutdown=0
SEGMENT_V2_NATIVE_MEMORY backend=metal scope=caller_allocator_payload excludes=size_routed_mmap_and_device producer_peak_bytes=471739520 producer_live_bytes_after_destroy=0 canonical_proof_bytes=27032

SEGMENT_V2_LADDER_NATIVE requested_steps=16 retired_cycles=16 continuation_cycles=16 trace_rows=16 native_backend=metal native_queries=1 outer_queries=3 native_pcs_pow_bits=0 outer_pcs_pow_bits=0 program=finite_addi_bne_counter_loop memory_addresses=0 native_prove_ms=1019.483 native_verify_ms=414.441 recursive_prepare_ms=138.714 native_proof_bytes=27032 native_tree_heights={ 21, 21, 21, 21 }

SEGMENT_V2_OUTER_PHASES role=producer scope=body_before_cleanup setup_ns=24666 tree0_prepare_ns=30440500 tree0_commit_ns=37120667 tree1_prepare_ns=30828625 tree1_commit_ns=45430500 transcript_prefix_ns=55396292 interaction_generate_ns=218763958 interaction_admit_closure_ns=86179708 transcript_tree2_commit_ns=59024292 components_ns=90403917 diagnostic_ns=41 stark_ns=374871917 phase_sum_ns=1028485083

SEGMENT_V2_OUTER_ARTIFACT_REJECTIONS truncated=true trailing=true

SEGMENT_V2_OUTER_PHASES role=verifier scope=body_before_cleanup preflight_ns=15625 preprocessed_root_ns=68914500 transcript_prefix_ns=55630750 interaction_regenerate_ns=188182500 interaction_validate_claims_ns=27945459 closure_ns=57790083 transcript_after_ns=30205833 components_ns=89781084 publication_authority_ns=28134041 stark_ns=5266334 publication_total_ns=34817666 phase_sum_ns=586683875

SEGMENT_V2_OUTER status=verified rows=39 domains=47 proof_size_estimate_bytes=78828 canonical_proof_bytes=92201 canonicalize_ms=4.233 prove_ms=1028.544 verify_ms=586.740 publication_ms=4.412 producer_prepare_ms=321.076 producer_destroy_ms=1.418 verifier_prepare_ms=318.957 decode_ms=0.306 stark_verify_ms=5.266 transaction_ms=2263.369 artifact_rejections_ms=0.684 producer_peak_bytes=94980508 producer_live_bytes_after_destroy=0 serialization_passes=1 retained_canonical_bytes=92201 verification=native_assisted_fresh_decode draws=1 cols=595/974/508 workers=1

SEGMENT_V2_LADDER_OUTER rows=39 domains=47 component_logs={ 9, 11, 11, 8, 13, 13, 4, 4, 4, 4, 4, 10, 5, 4, 4, 10, 5, 7, 12, 8, 4, 7, 6, 9, 14, 7, 4, 5, 6, 10, 14, 8, 14, 8, 11, 16, 10, 6, 8 } min_component_log=4 max_component_log=16 provider_log=11 samples=2245 queries=3 canonical_proof_bytes=92201 producer_live_bytes_after_destroy=0
SEGMENT_V2_LADDER status=verified requested_steps=16 native_backend=metal memory_addresses=0 owners_destroyed=true
        3.91 real         8.42 user         0.25 sys
           559628288  maximum resident set size
                   0  average shared memory size
                   0  average unshared data size
                   0  average unshared stack size
              116786  page reclaims
                   0  page faults
                   0  swaps
                   0  block input operations
                   0  block output operations
                   0  messages sent
                   0  messages received
                   0  signals received
                   0  voluntary context switches
                9619  involuntary context switches
        112021330127  instructions retired
         32469546597  cycles elapsed
          1370670400  peak memory footprint
