SEGMENT_V2_LADDER mode=narrow_complete_proof requested_steps=64 native_backend=metal memory_addresses=0
SEGMENT_V2_NATIVE_METAL_AOT profile=core_v2 manifest_sha256=21332158b1e1202b9c4171b057d4fb3fbd43d96c22d50012267f55e45e2193e5 source_sha256=c2daaaf7dab998e6c542651dec73323973eafceee6ccf9d56fce6094ccac2786 metallib_sha256=9b1327752224ccd8837063f29c9e5112efac8f6746050f8ff5dc9c2fb23ce8a7 initialization_ns=49004458
SEGMENT_V2_LADDER_EXECUTION segment_cycles=64 cumulative_cycles=64 retired_addi=43 retired_bne=21 exit_pc=1004 counter=43 accumulator=21
SEGMENT_V2_LADDER_EXECUTION segment_cycles=16 cumulative_cycles=80 retired_addi=11 retired_bne=5 exit_pc=1008 counter=38 accumulator=27
info: Columns: opcode=65 infra=481 total tree1=546 interaction=120
info: Poseidon2 Merkle: 184 exact sparse-node calls, poseidon_log_size=8, merkle_log_size=8
info: resident RISC-V semantic composition: 2 components, 2 kernels, 0.035 ms GPU
info: resident RISC-V lookup composition: 2 components, 2 kernels, 0.167 ms GPU
SEGMENT_V2_NATIVE_METAL device_dispatches=93 poseidon_commits=14 host_fallbacks=0 native_prove_ns=1057698417 resident_resources_before_shutdown=0
SEGMENT_V2_NATIVE_MEMORY backend=metal scope=caller_allocator_payload excludes=size_routed_mmap_and_device producer_peak_bytes=471906048 producer_live_bytes_after_destroy=0 canonical_proof_bytes=27068

SEGMENT_V2_LADDER_NATIVE requested_steps=64 retired_cycles=64 continuation_cycles=16 trace_rows=64 native_backend=metal native_queries=1 outer_queries=3 native_pcs_pow_bits=0 outer_pcs_pow_bits=0 program=finite_addi_bne_counter_loop memory_addresses=0 native_prove_ms=1057.698 native_verify_ms=423.624 recursive_prepare_ms=139.466 native_proof_bytes=27068 native_tree_heights={ 21, 21, 21, 21 }

SEGMENT_V2_OUTER_PHASES role=producer scope=body_before_cleanup setup_ns=26958 tree0_prepare_ns=30513209 tree0_commit_ns=37777083 tree1_prepare_ns=30748292 tree1_commit_ns=46723041 transcript_prefix_ns=55520125 interaction_generate_ns=214894459 interaction_admit_closure_ns=86039083 transcript_tree2_commit_ns=58962458 components_ns=89464459 diagnostic_ns=83 stark_ns=374537375 phase_sum_ns=1025206625

SEGMENT_V2_OUTER_ARTIFACT_REJECTIONS truncated=true trailing=true

SEGMENT_V2_OUTER_PHASES role=verifier scope=body_before_cleanup preflight_ns=15250 preprocessed_root_ns=69116458 transcript_prefix_ns=55530334 interaction_regenerate_ns=187610250 interaction_validate_claims_ns=28236875 closure_ns=58342208 transcript_after_ns=30367083 components_ns=90123292 publication_authority_ns=28510125 stark_ns=5971167 publication_total_ns=35128291 phase_sum_ns=588951333

SEGMENT_V2_OUTER status=verified rows=39 domains=47 proof_size_estimate_bytes=74780 canonical_proof_bytes=87283 canonicalize_ms=4.035 prove_ms=1025.270 verify_ms=589.019 publication_ms=4.472 producer_prepare_ms=319.612 producer_destroy_ms=1.486 verifier_prepare_ms=320.249 decode_ms=0.306 stark_verify_ms=5.971 transaction_ms=2262.047 artifact_rejections_ms=0.657 producer_peak_bytes=94997776 producer_live_bytes_after_destroy=0 serialization_passes=1 retained_canonical_bytes=87283 verification=native_assisted_fresh_decode draws=1 cols=595/974/508 workers=1

SEGMENT_V2_LADDER_OUTER rows=39 domains=47 component_logs={ 9, 11, 11, 8, 13, 13, 4, 4, 4, 4, 4, 10, 5, 4, 4, 10, 5, 7, 12, 8, 4, 7, 6, 9, 14, 7, 4, 5, 6, 10, 14, 8, 14, 8, 11, 16, 10, 6, 8 } min_component_log=4 max_component_log=16 provider_log=11 samples=2245 queries=3 canonical_proof_bytes=87283 producer_live_bytes_after_destroy=0
SEGMENT_V2_LADDER status=verified requested_steps=64 native_backend=metal memory_addresses=0 owners_destroyed=true
        3.95 real         8.46 user         0.26 sys
           558874624  maximum resident set size
                   0  average shared memory size
                   0  average unshared data size
                   0  average unshared stack size
              116773  page reclaims
                   0  page faults
                   0  swaps
                   0  block input operations
                   0  block output operations
                   0  messages sent
                   0  messages received
                   0  signals received
                   0  voluntary context switches
                9457  involuntary context switches
        112281626370  instructions retired
         32611308266  cycles elapsed
          1343440216  peak memory footprint
