[zig_serial_build] another build holds /tmp/stwo-zig-build.lock; waiting
[zig_serial_build] acquired after 94s
test-blake3-native-tree-aot
+- run test stderr
BLAKE3_NATIVE_HASH_DEVICE covered=8/8
CANONICAL_PARENT_ALLOCATOR mode=smp
BLAKE3_NATIVE_QUERY_FUSION groups=7280 removed_scalars=29120
BLAKE3_NATIVE_FUSION dot4=14929 fma=56644 arithmetic_rows=159724
BLAKE3_NATIVE_QUERY_FUSION groups=7280 removed_scalars=29120
BLAKE3_NATIVE_FUSION dot4=14929 fma=56646 arithmetic_rows=159720
CANONICAL_TREE_LEAF_POOL workers=8
CANONICAL_TREE_PHASE phase=leaf_pair_proof_and_preparation ns=4990062292
METAL_FRAMEWORK_INTERACTION rows=4194304 batches=28 gpu_ms=115.25762500241399
METAL_FRAMEWORK_INTERACTION rows=2097152 batches=4 gpu_ms=4.417500022100285
METAL_FRAMEWORK_INTERACTION rows=2097152 batches=1 gpu_ms=3.0264999950304627
METAL_FRAMEWORK_INTERACTION rows=1048576 batches=2 gpu_ms=1.9497500034049153
METAL_FRAMEWORK_INTERACTION rows=262144 batches=2 gpu_ms=0.2787916746456176
CANONICAL_TREE_PHASE phase=aggregate_proof_and_checks height=1 ns=5492406417
BLAKE3_TREE_NODE verified=true height=1 artifact_bytes=845993 queries=70 pow_bits=26
BLAKE3_NATIVE_QUERY_FUSION groups=7420 removed_scalars=29680
BLAKE3_NATIVE_FUSION dot4=13774 fma=56458 arithmetic_rows=157859
BLAKE3_NATIVE_QUERY_FUSION groups=8260 removed_scalars=33040
BLAKE3_NATIVE_FUSION dot4=17883 fma=58717 arithmetic_rows=167838
CANONICAL_TREE_LEAF_POOL workers=8
CANONICAL_TREE_PHASE phase=leaf_pair_proof_and_preparation ns=5412341083
METAL_FRAMEWORK_INTERACTION rows=4194304 batches=28 gpu_ms=114.9512916454114
METAL_FRAMEWORK_INTERACTION rows=2097152 batches=4 gpu_ms=4.429666645592079
METAL_FRAMEWORK_INTERACTION rows=2097152 batches=1 gpu_ms=2.984624996315688
METAL_FRAMEWORK_INTERACTION rows=1048576 batches=2 gpu_ms=1.9423750054556876
METAL_FRAMEWORK_INTERACTION rows=262144 batches=2 gpu_ms=0.27729166322387755
CANONICAL_TREE_PHASE phase=aggregate_proof_and_checks height=1 ns=5436919041
BLAKE3_TREE_NODE verified=true height=1 artifact_bytes=849496 queries=70 pow_bits=26
BLAKE3_NATIVE_QUERY_FUSION groups=17570 removed_scalars=70280
BLAKE3_NATIVE_QUERY_FUSION groups=17570 removed_scalars=70280
BLAKE3_NATIVE_FUSION dot4=27604 fma=81749 arithmetic_rows=230269
BLAKE3_NATIVE_FUSION dot4=27604 fma=81749 arithmetic_rows=230269
CANONICAL_TREE_CHILD_PREPARATION workers=2 reused_after_failure=true
CANONICAL_TREE_PHASE phase=root_preparation ns=3384739167
METAL_FRAMEWORK_INTERACTION rows=8388608 batches=28 gpu_ms=235.089458321454
METAL_FRAMEWORK_INTERACTION rows=2097152 batches=4 gpu_ms=4.4486666447483
METAL_FRAMEWORK_INTERACTION rows=2097152 batches=1 gpu_ms=3.0163749761413783
METAL_FRAMEWORK_INTERACTION rows=2097152 batches=2 gpu_ms=3.947958321077749
METAL_FRAMEWORK_INTERACTION rows=524288 batches=2 gpu_ms=0.5432500038295984
CANONICAL_TREE_PHASE phase=aggregate_proof_and_checks height=2 ns=10215224917
BLAKE3_TREE_NODE verified=true height=2 artifact_bytes=889364 queries=70 pow_bits=26
CANONICAL_TREE_BUDGET peak_bytes=26459992736 limit_bytes=51539607552
BLAKE3_TREE_PARAMETERS leaf_queries=70 leaf_pow_bits=26 parent_queries=70 parent_pow_bits=26 canonical=true
BLAKE3_TREE verified=true leaves=4 aggregate_levels=2 cycles=6 retained_root_rows=4199425192

Build Summary: 3/3 steps succeeded; 7/7 tests passed
test-blake3-native-tree-aot success
+- run test 7 passed 36s MaxRSS:37G
   +- compile test ReleaseFast native success 1m MaxRSS:2G

