test-blake3-native-tree-aot
+- run test stderr
BLAKE3_NATIVE_HASH_DEVICE covered=8/8
CANONICAL_PARENT_ALLOCATOR mode=smp
BLAKE3_NATIVE_QUERY_FUSION groups=7280 removed_scalars=29120
BLAKE3_NATIVE_FUSION dot4=14929 fma=56644 arithmetic_rows=159724
BLAKE3_NATIVE_QUERY_FUSION groups=7280 removed_scalars=29120
BLAKE3_NATIVE_FUSION dot4=14929 fma=56646 arithmetic_rows=159720
CANONICAL_TREE_LEAF_POOL workers=8
CANONICAL_TREE_PHASE phase=leaf_pair_proof_and_preparation ns=5201372875
METAL_FRAMEWORK_INTERACTION rows=4194304 batches=28 gpu_ms=115.80962498555891
METAL_FRAMEWORK_INTERACTION rows=2097152 batches=4 gpu_ms=4.431999986991286
METAL_FRAMEWORK_INTERACTION rows=2097152 batches=1 gpu_ms=3.0776250059716403
METAL_FRAMEWORK_INTERACTION rows=1048576 batches=2 gpu_ms=1.9602499960456043
METAL_FRAMEWORK_INTERACTION rows=262144 batches=2 gpu_ms=0.2712083514779806
CANONICAL_TREE_PHASE phase=aggregate_proof_and_checks height=1 ns=5463866375
BLAKE3_TREE_NODE verified=true height=1 artifact_bytes=845993 queries=70 pow_bits=26
BLAKE3_NATIVE_QUERY_FUSION groups=7420 removed_scalars=29680
BLAKE3_NATIVE_FUSION dot4=13774 fma=56458 arithmetic_rows=157859
BLAKE3_NATIVE_QUERY_FUSION groups=8260 removed_scalars=33040
BLAKE3_NATIVE_FUSION dot4=17883 fma=58717 arithmetic_rows=167838
CANONICAL_TREE_LEAF_POOL workers=8
CANONICAL_TREE_PHASE phase=leaf_pair_proof_and_preparation ns=5621983333
METAL_FRAMEWORK_INTERACTION rows=4194304 batches=28 gpu_ms=114.86987501848489
METAL_FRAMEWORK_INTERACTION rows=2097152 batches=4 gpu_ms=4.437374998815358
METAL_FRAMEWORK_INTERACTION rows=2097152 batches=1 gpu_ms=2.978875010740012
METAL_FRAMEWORK_INTERACTION rows=1048576 batches=2 gpu_ms=1.953500002855435
METAL_FRAMEWORK_INTERACTION rows=262144 batches=2 gpu_ms=0.27237500762566924
CANONICAL_TREE_PHASE phase=aggregate_proof_and_checks height=1 ns=5427146291
BLAKE3_TREE_NODE verified=true height=1 artifact_bytes=849496 queries=70 pow_bits=26
BLAKE3_NATIVE_QUERY_FUSION groups=17570 removed_scalars=70280
BLAKE3_NATIVE_QUERY_FUSION groups=17570 removed_scalars=70280
BLAKE3_NATIVE_FUSION dot4=27604 fma=81749 arithmetic_rows=230269
BLAKE3_NATIVE_FUSION dot4=27604 fma=81749 arithmetic_rows=230269
CANONICAL_TREE_CHILD_PREPARATION workers=2 reused_after_failure=true
CANONICAL_TREE_PHASE phase=root_preparation ns=3391591709
METAL_FRAMEWORK_INTERACTION rows=8388608 batches=28 gpu_ms=230.9169166837819
METAL_FRAMEWORK_INTERACTION rows=2097152 batches=4 gpu_ms=4.876874998444691
METAL_FRAMEWORK_INTERACTION rows=2097152 batches=1 gpu_ms=2.998416661284864
METAL_FRAMEWORK_INTERACTION rows=2097152 batches=2 gpu_ms=3.9563750033266842
METAL_FRAMEWORK_INTERACTION rows=524288 batches=2 gpu_ms=0.5369999853428453
CANONICAL_TREE_PHASE phase=aggregate_proof_and_checks height=2 ns=10273896375
BLAKE3_TREE_NODE verified=true height=2 artifact_bytes=889364 queries=70 pow_bits=26
CANONICAL_TREE_BUDGET peak_bytes=26459992736 limit_bytes=51539607552
BLAKE3_TREE_PARAMETERS leaf_queries=70 leaf_pow_bits=26 parent_queries=70 parent_pow_bits=26 canonical=true
BLAKE3_TREE verified=true leaves=4 aggregate_levels=2 cycles=6 retained_root_rows=4199425192

Build Summary: 3/3 steps succeeded; 7/7 tests passed
test-blake3-native-tree-aot success
+- run test 7 passed 36s MaxRSS:37G
   +- compile test ReleaseFast native success 1m MaxRSS:3G

