SEGMENT_V2_LADDER mode=narrow_complete_proof requested_steps=64 native_backend=cpu memory_addresses=1 initial_register7=0
SEGMENT_V2_MEMORY_EXECUTION address_count=1 initial_word=13 segment_cycles=64 cumulative_cycles=64 loads=21 stores=20 distinct_accessed=1 stride_bytes=128 entry_nonzero_words=1 exit_nonzero_words=1 exit_pc=1100
SEGMENT_V2_MEMORY_EXECUTION address_count=1 initial_word=13 segment_cycles=64 cumulative_cycles=128 loads=21 stores=22 distinct_accessed=1 stride_bytes=128 entry_nonzero_words=1 exit_nonzero_words=1 exit_pc=1200
SEGMENT_V2_MEMORY_EXECUTION address_count=1 initial_word=13 segment_cycles=64 cumulative_cycles=192 loads=22 stores=21 distinct_accessed=1 stride_bytes=128 entry_nonzero_words=1 exit_nonzero_words=1 exit_pc=1300
SEGMENT_V2_MEMORY_EXECUTION address_count=1 initial_word=13 segment_cycles=35 cumulative_cycles=227 loads=11 stores=12 distinct_accessed=1 stride_bytes=128 entry_nonzero_words=1 exit_nonzero_words=1 exit_pc=138c
info: Columns: opcode=103 infra=481 total tree1=584 interaction=152
info: Poseidon2 Merkle: 994 exact sparse-node calls, poseidon_log_size=10, merkle_log_size=10
SEGMENT_V2_NATIVE_MEMORY path=temporal segment=0 backend=cpu scope=caller_allocator_payload excludes=size_routed_mmap_and_device producer_peak_bytes=462890460 producer_live_bytes_after_destroy=0 canonical_proof_bytes=29061 before_fresh_decode=true
SEGMENT_V2_NATIVE_PROFILE profile=development_q1 segment=0 queries=1 fold_step=2 pcs_pow_bits=0 interaction_pow_bits=10 prove_ns=2057039208 transport_ns=1181209 verify_ns=432831500 recursive_prepare_ns=130691375 proof_bytes=29061 transcript_calls=1141 verifier_core_calls=315 outer_proof_created=false
SEGMENT_V2_DETACHED_GEOMETRY profile=development_q3_v1 cohort_ns=308215708 poseidon_calls=1472 tree0_evaluation_bytes=9101504 tree1_evaluation_bytes=9084864 tree2_evaluation_bytes=5395712 excludes=pcs_expansion_commitments_and_metadata before_tree_allocation=true
SEGMENT_V2_TWO_CHILD_CANDIDATE segment=0 first_cycle=0 retired_cycles=64 completed=false directory=/Users/theodorepender/Coding/stark-proving-engineering/stwo-zig/vectors/reports/riscv-proving-stack-reset-20260908/small-detached-recursion-v1/complete-tree-development-cpu-4-direct-interaction/leaves/child-0 native_backend=cpu recursive_backend=cpu proof_bytes=93651 native_ingress_ns=2621826125 outer_prepare_ns=386943041 outer_prove_ns=592225375 transaction_ns=3604082833 producer_peak_bytes=137591481 producer_live_bytes_after_destroy=0 status=unverified_candidate parent_proof_created=false
info: Columns: opcode=85 infra=481 total tree1=566 interaction=136
info: Poseidon2 Merkle: 994 exact sparse-node calls, poseidon_log_size=10, merkle_log_size=10
SEGMENT_V2_NATIVE_MEMORY path=temporal segment=1 backend=cpu scope=caller_allocator_payload excludes=size_routed_mmap_and_device producer_peak_bytes=462878652 producer_live_bytes_after_destroy=0 canonical_proof_bytes=28067 before_fresh_decode=true
SEGMENT_V2_NATIVE_PROFILE profile=development_q1 segment=1 queries=1 fold_step=2 pcs_pow_bits=0 interaction_pow_bits=10 prove_ns=2023276666 transport_ns=1174125 verify_ns=413227125 recursive_prepare_ns=128945584 proof_bytes=28067 transcript_calls=1081 verifier_core_calls=310 outer_proof_created=false
SEGMENT_V2_DETACHED_GEOMETRY profile=development_q3_v1 cohort_ns=308633083 poseidon_calls=1406 tree0_evaluation_bytes=9101504 tree1_evaluation_bytes=9084864 tree2_evaluation_bytes=5395712 excludes=pcs_expansion_commitments_and_metadata before_tree_allocation=true
SEGMENT_V2_TWO_CHILD_CANDIDATE segment=1 first_cycle=64 retired_cycles=64 completed=false directory=/Users/theodorepender/Coding/stark-proving-engineering/stwo-zig/vectors/reports/riscv-proving-stack-reset-20260908/small-detached-recursion-v1/complete-tree-development-cpu-4-direct-interaction/leaves/child-1 native_backend=cpu recursive_backend=cpu proof_bytes=93313 native_ingress_ns=2566717958 outer_prepare_ns=387962666 outer_prove_ns=574073167 transaction_ns=3531813500 producer_peak_bytes=136649725 producer_live_bytes_after_destroy=0 status=unverified_candidate parent_proof_created=false
info: Columns: opcode=85 infra=481 total tree1=566 interaction=136
info: Poseidon2 Merkle: 994 exact sparse-node calls, poseidon_log_size=10, merkle_log_size=10
SEGMENT_V2_NATIVE_MEMORY path=temporal segment=2 backend=cpu scope=caller_allocator_payload excludes=size_routed_mmap_and_device producer_peak_bytes=462878652 producer_live_bytes_after_destroy=0 canonical_proof_bytes=28009 before_fresh_decode=true
SEGMENT_V2_NATIVE_PROFILE profile=development_q1 segment=2 queries=1 fold_step=2 pcs_pow_bits=0 interaction_pow_bits=10 prove_ns=1899634000 transport_ns=1211709 verify_ns=426048666 recursive_prepare_ns=134806834 proof_bytes=28009 transcript_calls=1081 verifier_core_calls=310 outer_proof_created=false
SEGMENT_V2_DETACHED_GEOMETRY profile=development_q3_v1 cohort_ns=308748291 poseidon_calls=1406 tree0_evaluation_bytes=9101504 tree1_evaluation_bytes=9084864 tree2_evaluation_bytes=5395712 excludes=pcs_expansion_commitments_and_metadata before_tree_allocation=true
SEGMENT_V2_TWO_CHILD_CANDIDATE segment=2 first_cycle=128 retired_cycles=64 completed=false directory=/Users/theodorepender/Coding/stark-proving-engineering/stwo-zig/vectors/reports/riscv-proving-stack-reset-20260908/small-detached-recursion-v1/complete-tree-development-cpu-4-direct-interaction/leaves/child-2 native_backend=cpu recursive_backend=cpu proof_bytes=93682 native_ingress_ns=2461799416 outer_prepare_ns=388209083 outer_prove_ns=585707750 transaction_ns=3438856208 producer_peak_bytes=136649719 producer_live_bytes_after_destroy=0 status=unverified_candidate parent_proof_created=false
info: Columns: opcode=85 infra=481 total tree1=566 interaction=136
info: Poseidon2 Merkle: 994 exact sparse-node calls, poseidon_log_size=10, merkle_log_size=10
SEGMENT_V2_NATIVE_MEMORY path=temporal segment=3 backend=cpu scope=caller_allocator_payload excludes=size_routed_mmap_and_device producer_peak_bytes=462822460 producer_live_bytes_after_destroy=0 canonical_proof_bytes=28049 before_fresh_decode=true
SEGMENT_V2_NATIVE_PROFILE profile=development_q1 segment=3 queries=1 fold_step=2 pcs_pow_bits=0 interaction_pow_bits=10 prove_ns=1896550916 transport_ns=1197875 verify_ns=413450834 recursive_prepare_ns=135348916 proof_bytes=28049 transcript_calls=1081 verifier_core_calls=310 outer_proof_created=false
SEGMENT_V2_DETACHED_GEOMETRY profile=development_q3_v1 cohort_ns=303218000 poseidon_calls=1406 tree0_evaluation_bytes=9101504 tree1_evaluation_bytes=9084864 tree2_evaluation_bytes=5395712 excludes=pcs_expansion_commitments_and_metadata before_tree_allocation=true
SEGMENT_V2_TWO_CHILD_CANDIDATE segment=3 first_cycle=192 retired_cycles=35 completed=true directory=/Users/theodorepender/Coding/stark-proving-engineering/stwo-zig/vectors/reports/riscv-proving-stack-reset-20260908/small-detached-recursion-v1/complete-tree-development-cpu-4-direct-interaction/leaves/child-3 native_backend=cpu recursive_backend=cpu proof_bytes=91674 native_ingress_ns=2446643500 outer_prepare_ns=382054542 outer_prove_ns=582014916 transaction_ns=3413767125 producer_peak_bytes=136638642 producer_live_bytes_after_destroy=0 status=unverified_candidate parent_proof_created=false
SEGMENT_V2_TWO_CHILD_PRODUCER status=unverified_candidates native_backend=cpu recursive_backend=cpu owners_destroyed=true parent_proof_created=false
