info: Columns: opcode=18 infra=481 total tree1=499 interaction=84
info: Poseidon2 Merkle: 179 exact sparse-node calls, poseidon_log_size=8, merkle_log_size=8

V2_NATIVE_CORE_STAGE stage=core_init elapsed_ms=99.486
V2_NATIVE_CORE_STAGE stage=provider elapsed_ms=27.680
V2_NATIVE_CORE_STAGE stage=interaction elapsed_ms=36.633
V2_NATIVE_CORE_STAGE stage=independent elapsed_ms=167.980

V2_NONCORE_OWNER_REAL rows=22 init_ms=117.541 publish_01_ms=0.680 interaction_ms=67.326 publish_2_ms=0.381 cached_validate_ns=98756875 cached_validate_iterations=4 hot_allocations=0/0/0 cold_independent_audit_replays=1

SEGMENT_V2_OUTER_PHASES role=producer scope=body_before_cleanup setup_ns=42125 tree0_prepare_ns=56067250 tree0_commit_ns=84168542 tree1_prepare_ns=57869833 tree1_commit_ns=110560959 transcript_prefix_ns=79026333 interaction_generate_ns=300450417 interaction_admit_closure_ns=382101416 transcript_tree2_commit_ns=121047042 components_ns=166172250 diagnostic_ns=42 stark_ns=413407083 phase_sum_ns=1770913292

SEGMENT_V2_OUTER_ARTIFACT_REJECTIONS truncated=true trailing=true

SEGMENT_V2_OUTER_PHASES role=verifier scope=body_before_cleanup preflight_ns=15542 preprocessed_root_ns=141854916 transcript_prefix_ns=79819875 interaction_regenerate_ns=247490500 interaction_validate_claims_ns=188038334 closure_ns=191401833 transcript_after_ns=56191833 components_ns=169208709 publication_authority_ns=54164875 stark_ns=5997000 publication_total_ns=171009625 phase_sum_ns=1305193042

SEGMENT_V2_OUTER status=verified rows=39 domains=47 proof_size_estimate_bytes=77244 canonical_proof_bytes=90173 canonicalize_ms=4.284 prove_ms=1770.981 verify_ms=1305.251 publication_ms=4.527 producer_prepare_ms=419.470 producer_destroy_ms=1.543 verifier_prepare_ms=419.007 decode_ms=0.300 stark_verify_ms=5.997 transaction_ms=3923.141 artifact_rejections_ms=0.682 producer_peak_bytes=90592036 producer_live_bytes_after_destroy=0 serialization_passes=1 retained_canonical_bytes=90173 verification=native_assisted_fresh_decode draws=1 cols=595/974/508 workers=1

SEGMENT_V2_OUTER_DIMENSIONS commitments=4 claims=39 samples=2245 queried_values=6255 trace_paths=12 fri_layers=16 queries=3 max_fold=2 last_layer_coefficients=1 max_merkle_depth=17

V3_ROW18_DIFFERENTIAL sum39={ .{ .v = 393862946 }, .{ .v = 515546977 }, .{ .v = 479976075 }, .{ .v = 1394125232 } } statement_public={ .{ .v = 992661794 }, .{ .v = 798641778 }, .{ .v = 342368279 }, .{ .v = 1885531433 } } wire_boundary={ .{ .v = 1753620701 }, .{ .v = 1631936670 }, .{ .v = 1667507572 }, .{ .v = 753358415 } } legacy_residual={ .{ .v = 1386524740 }, .{ .v = 1314188755 }, .{ .v = 822344354 }, .{ .v = 1132173018 } } segment_residual={ .{ .v = 0 }, .{ .v = 0 }, .{ .v = 0 }, .{ .v = 0 } }

V2_POSEIDON_RECURSIVE_INGRESS cycles=1 prove_ms=4367.804 verify_ms=891.877 transcript_calls=900 authority_calls=14 core_calls=294 proof_bytes=24255 core_cols=338/760/276 core_constraints=862 complete_provider_calls=1208 complete_provider_log=11 core_init_ms=99.486 provider_ms=27.680 interaction_ms=36.633 independent_ms=167.980
       13.75 real        61.45 user         0.52 sys
          1055162368  maximum resident set size
                   0  average shared memory size
                   0  average unshared data size
                   0  average unshared stack size
              215305  page reclaims
                   0  page faults
                   0  swaps
                   0  block input operations
                   0  block output operations
                   0  messages sent
                   0  messages received
                   0  signals received
                   0  voluntary context switches
               44629  involuntary context switches
       1172267331708  instructions retired
        228065989894  cycles elapsed
          1052902672  peak memory footprint
