info: Columns: opcode=18 infra=481 total tree1=499 interaction=84
info: Poseidon2 Merkle: 179 exact sparse-node calls, poseidon_log_size=8, merkle_log_size=8

V2_NATIVE_CORE_STAGE stage=core_init elapsed_ms=96.731
V2_NATIVE_CORE_STAGE stage=provider elapsed_ms=28.999
V2_NATIVE_CORE_STAGE stage=interaction elapsed_ms=36.444
V2_NATIVE_CORE_STAGE stage=independent elapsed_ms=165.413

V2_NONCORE_OWNER_REAL rows=22 init_ms=117.438 publish_01_ms=0.624 interaction_ms=67.109 publish_2_ms=0.266 cached_validate_ns=101552666 cached_validate_iterations=4 hot_allocations=0/0/0 cold_independent_audit_replays=1

SEGMENT_V2_OUTER_PHASES role=producer scope=body_before_cleanup setup_ns=29125 tree0_prepare_ns=55903208 tree0_commit_ns=83748167 tree1_prepare_ns=58728833 tree1_commit_ns=107669042 transcript_prefix_ns=81225167 interaction_generate_ns=306018083 interaction_admit_closure_ns=382976000 transcript_tree2_commit_ns=122780792 components_ns=167538333 diagnostic_ns=83 stark_ns=417618459 phase_sum_ns=1784235292

SEGMENT_V2_OUTER_ARTIFACT_REJECTIONS truncated=true trailing=true

SEGMENT_V2_OUTER_PHASES role=verifier scope=body_before_cleanup preflight_ns=20542 preprocessed_root_ns=142276375 transcript_prefix_ns=79036458 interaction_regenerate_ns=245081459 interaction_validate_claims_ns=189634208 closure_ns=196288875 transcript_after_ns=56899250 components_ns=168833250 publication_authority_ns=54126208 stark_ns=6651125 publication_total_ns=171410209 phase_sum_ns=1310257959

SEGMENT_V2_OUTER status=verified rows=39 domains=47 proof_size_estimate_bytes=77244 canonical_proof_bytes=90173 canonicalize_ms=4.279 prove_ms=1784.295 verify_ms=1310.306 publication_ms=4.441 producer_prepare_ms=418.001 producer_destroy_ms=1.567 verifier_prepare_ms=424.386 decode_ms=0.299 stark_verify_ms=6.651 transaction_ms=3945.635 artifact_rejections_ms=0.654 producer_peak_bytes=90592036 producer_live_bytes_after_destroy=0 serialization_passes=1 retained_canonical_bytes=90173 verification=native_assisted_fresh_decode draws=1 cols=595/974/508 workers=1

SEGMENT_V2_OUTER_DIMENSIONS commitments=4 claims=39 samples=2245 queried_values=6255 trace_paths=12 fri_layers=16 queries=3 max_fold=2 last_layer_coefficients=1 max_merkle_depth=17

V3_ROW18_DIFFERENTIAL sum39={ .{ .v = 393862946 }, .{ .v = 515546977 }, .{ .v = 479976075 }, .{ .v = 1394125232 } } statement_public={ .{ .v = 992661794 }, .{ .v = 798641778 }, .{ .v = 342368279 }, .{ .v = 1885531433 } } wire_boundary={ .{ .v = 1753620701 }, .{ .v = 1631936670 }, .{ .v = 1667507572 }, .{ .v = 753358415 } } legacy_residual={ .{ .v = 1386524740 }, .{ .v = 1314188755 }, .{ .v = 822344354 }, .{ .v = 1132173018 } } segment_residual={ .{ .v = 0 }, .{ .v = 0 }, .{ .v = 0 }, .{ .v = 0 } }

V2_POSEIDON_RECURSIVE_INGRESS cycles=1 prove_ms=4666.379 verify_ms=908.448 transcript_calls=900 authority_calls=14 core_calls=294 proof_bytes=24255 core_cols=338/760/276 core_constraints=862 complete_provider_calls=1208 complete_provider_log=11 core_init_ms=96.731 provider_ms=28.999 interaction_ms=36.444 independent_ms=165.413
       14.10 real        61.91 user         0.63 sys
          1055145984  maximum resident set size
                   0  average shared memory size
                   0  average unshared data size
                   0  average unshared stack size
              215287  page reclaims
                   0  page faults
                   0  swaps
                   0  block input operations
                   0  block output operations
                   0  messages sent
                   0  messages received
                   0  signals received
                   0  voluntary context switches
               68680  involuntary context switches
       1172629028519  instructions retired
        228432941460  cycles elapsed
          1052886288  peak memory footprint
