info: Columns: opcode=18 infra=481 total tree1=499 interaction=84
info: Poseidon2 Merkle: 179 exact sparse-node calls, poseidon_log_size=8, merkle_log_size=8

V2_NATIVE_CORE_STAGE stage=core_init elapsed_ms=95.550
V2_NATIVE_CORE_STAGE stage=provider elapsed_ms=27.168
V2_NATIVE_CORE_STAGE stage=interaction elapsed_ms=36.414
V2_NATIVE_CORE_STAGE stage=independent elapsed_ms=161.106

V2_NONCORE_OWNER_REAL rows=22 init_ms=117.508 publish_01_ms=0.801 interaction_ms=67.764 publish_2_ms=0.241 cached_validate_ns=100624666 cached_validate_iterations=4 hot_allocations=0/0/0 cold_independent_audit_replays=1

SEGMENT_V2_OUTER_PHASES role=producer scope=body_before_cleanup setup_ns=22125 tree0_prepare_ns=28382292 tree0_commit_ns=85771000 tree1_prepare_ns=29432916 tree1_commit_ns=107888750 transcript_prefix_ns=52630750 interaction_generate_ns=195047584 interaction_admit_closure_ns=81545291 transcript_tree2_commit_ns=93068542 components_ns=85720500 diagnostic_ns=167 stark_ns=413402041 phase_sum_ns=1172911958

SEGMENT_V2_OUTER_ARTIFACT_REJECTIONS truncated=true trailing=true

SEGMENT_V2_OUTER_PHASES role=verifier scope=body_before_cleanup preflight_ns=16041 preprocessed_root_ns=112703459 transcript_prefix_ns=52140333 interaction_regenerate_ns=165446500 interaction_validate_claims_ns=25922708 closure_ns=54094834 transcript_after_ns=28207125 components_ns=85003166 publication_authority_ns=26382834 stark_ns=6459208 publication_total_ns=62595708 phase_sum_ns=618971916

SEGMENT_V2_OUTER status=verified rows=39 domains=47 proof_size_estimate_bytes=77244 canonical_proof_bytes=90173 canonicalize_ms=4.279 prove_ms=1172.985 verify_ms=619.022 publication_ms=4.376 producer_prepare_ms=333.053 producer_destroy_ms=1.358 verifier_prepare_ms=333.563 decode_ms=0.300 stark_verify_ms=6.459 transaction_ms=2466.517 artifact_rejections_ms=0.661 producer_peak_bytes=90592036 producer_live_bytes_after_destroy=0 serialization_passes=1 retained_canonical_bytes=90173 verification=native_assisted_fresh_decode draws=1 cols=595/974/508 workers=1

SEGMENT_V2_OUTER_DIMENSIONS commitments=4 claims=39 samples=2245 queried_values=6255 trace_paths=12 fri_layers=16 queries=3 max_fold=2 last_layer_coefficients=1 max_merkle_depth=17

V3_ROW18_DIFFERENTIAL sum39={ .{ .v = 393862946 }, .{ .v = 515546977 }, .{ .v = 479976075 }, .{ .v = 1394125232 } } statement_public={ .{ .v = 992661794 }, .{ .v = 798641778 }, .{ .v = 342368279 }, .{ .v = 1885531433 } } wire_boundary={ .{ .v = 1753620701 }, .{ .v = 1631936670 }, .{ .v = 1667507572 }, .{ .v = 753358415 } } legacy_residual={ .{ .v = 1386524740 }, .{ .v = 1314188755 }, .{ .v = 822344354 }, .{ .v = 1132173018 } } segment_residual={ .{ .v = 0 }, .{ .v = 0 }, .{ .v = 0 }, .{ .v = 0 } }

V2_POSEIDON_RECURSIVE_INGRESS cycles=1 prove_ms=4277.958 verify_ms=866.426 transcript_calls=900 authority_calls=14 core_calls=294 proof_bytes=24255 core_cols=338/760/276 core_constraints=862 complete_provider_calls=1208 complete_provider_log=11 core_init_ms=95.550 provider_ms=27.168 interaction_ms=36.414 independent_ms=161.106
       11.95 real        59.59 user         0.46 sys
          1055129600  maximum resident set size
                   0  average shared memory size
                   0  average unshared data size
                   0  average unshared stack size
              213807  page reclaims
                   0  page faults
                   0  swaps
                   0  block input operations
                   0  block output operations
                   0  messages sent
                   0  messages received
                   0  signals received
                   0  voluntary context switches
               37606  involuntary context switches
       1136427973276  instructions retired
        220656666557  cycles elapsed
          1052886288  peak memory footprint
