info: Columns: opcode=18 infra=481 total tree1=499 interaction=84
info: Poseidon2 Merkle: 179 exact sparse-node calls, poseidon_log_size=8, merkle_log_size=8

V2_NATIVE_CORE_STAGE stage=core_init elapsed_ms=97.762
V2_NATIVE_CORE_STAGE stage=provider elapsed_ms=27.197
V2_NATIVE_CORE_STAGE stage=interaction elapsed_ms=36.430
V2_NATIVE_CORE_STAGE stage=independent elapsed_ms=165.057

V2_NONCORE_OWNER_REAL rows=22 init_ms=116.313 publish_01_ms=0.533 interaction_ms=67.161 publish_2_ms=0.296 cached_validate_ns=100765292 cached_validate_iterations=4 hot_allocations=0/0/0 cold_independent_audit_replays=1

SEGMENT_V2_OUTER_PHASES role=producer scope=body_before_cleanup setup_ns=30208 tree0_prepare_ns=56620458 tree0_commit_ns=82927917 tree1_prepare_ns=59273208 tree1_commit_ns=113370917 transcript_prefix_ns=81770750 interaction_generate_ns=308927292 interaction_admit_closure_ns=386374500 transcript_tree2_commit_ns=125941250 components_ns=169744625 diagnostic_ns=208 stark_ns=430022875 phase_sum_ns=1815004208

SEGMENT_V2_OUTER_ARTIFACT_REJECTIONS truncated=true trailing=true

SEGMENT_V2_OUTER_PHASES role=verifier scope=body_before_cleanup preflight_ns=16125 preprocessed_root_ns=144969166 transcript_prefix_ns=82306209 interaction_regenerate_ns=255580166 interaction_validate_claims_ns=190672542 closure_ns=192368333 transcript_after_ns=56754584 components_ns=166921708 publication_authority_ns=55249167 stark_ns=6410916 publication_total_ns=170514750 phase_sum_ns=1321763666

SEGMENT_V2_OUTER status=verified rows=39 domains=47 proof_size_estimate_bytes=77244 canonical_proof_bytes=90173 canonicalize_ms=4.318 prove_ms=1815.068 verify_ms=1323.847 publication_ms=4.448 producer_prepare_ms=418.762 producer_destroy_ms=1.297 verifier_prepare_ms=425.762 decode_ms=0.300 stark_verify_ms=6.411 transaction_ms=3992.265 artifact_rejections_ms=0.666 producer_peak_bytes=90592036 producer_live_bytes_after_destroy=0 serialization_passes=1 retained_canonical_bytes=90173 verification=native_assisted_fresh_decode draws=1 cols=595/974/508 workers=1

SEGMENT_V2_OUTER_DIMENSIONS commitments=4 claims=39 samples=2245 queried_values=6255 trace_paths=12 fri_layers=16 queries=3 max_fold=2 last_layer_coefficients=1 max_merkle_depth=17

V3_ROW18_DIFFERENTIAL sum39={ .{ .v = 393862946 }, .{ .v = 515546977 }, .{ .v = 479976075 }, .{ .v = 1394125232 } } statement_public={ .{ .v = 992661794 }, .{ .v = 798641778 }, .{ .v = 342368279 }, .{ .v = 1885531433 } } wire_boundary={ .{ .v = 1753620701 }, .{ .v = 1631936670 }, .{ .v = 1667507572 }, .{ .v = 753358415 } } legacy_residual={ .{ .v = 1386524740 }, .{ .v = 1314188755 }, .{ .v = 822344354 }, .{ .v = 1132173018 } } segment_residual={ .{ .v = 0 }, .{ .v = 0 }, .{ .v = 0 }, .{ .v = 0 } }

V2_POSEIDON_RECURSIVE_INGRESS cycles=1 prove_ms=4396.571 verify_ms=876.742 transcript_calls=900 authority_calls=14 core_calls=294 proof_bytes=24255 core_cols=338/760/276 core_constraints=862 complete_provider_calls=1208 complete_provider_log=11 core_init_ms=97.762 provider_ms=27.197 interaction_ms=36.430 independent_ms=165.057
       13.84 real        62.69 user         0.60 sys
          1055129600  maximum resident set size
                   0  average shared memory size
                   0  average unshared data size
                   0  average unshared stack size
              215288  page reclaims
                   0  page faults
                   0  swaps
                   0  block input operations
                   0  block output operations
                   0  messages sent
                   0  messages received
                   0  signals received
                   0  voluntary context switches
               60855  involuntary context switches
       1172537245500  instructions retired
        229288556538  cycles elapsed
          1052869904  peak memory footprint
