info: Columns: opcode=18 infra=481 total tree1=499 interaction=84
info: Poseidon2 Merkle: 179 exact sparse-node calls, poseidon_log_size=8, merkle_log_size=8

V2_NATIVE_CORE_STAGE stage=core_init elapsed_ms=96.641
V2_NATIVE_CORE_STAGE stage=provider elapsed_ms=27.537
V2_NATIVE_CORE_STAGE stage=interaction elapsed_ms=38.288
V2_NATIVE_CORE_STAGE stage=independent elapsed_ms=162.474

V2_NONCORE_OWNER_REAL rows=22 init_ms=117.476 publish_01_ms=0.648 interaction_ms=66.897 publish_2_ms=0.269 cached_validate_ns=99455417 cached_validate_iterations=4 hot_allocations=0/0/0 cold_independent_audit_replays=1

SEGMENT_V2_OUTER_PHASES role=producer scope=body_before_cleanup setup_ns=43834 tree0_prepare_ns=55611666 tree0_commit_ns=83440250 tree1_prepare_ns=56695875 tree1_commit_ns=107462834 transcript_prefix_ns=79168291 interaction_generate_ns=300420875 interaction_admit_closure_ns=382650667 transcript_tree2_commit_ns=121579958 components_ns=165722834 diagnostic_ns=41 stark_ns=415992542 phase_sum_ns=1768789667

SEGMENT_V2_OUTER_ARTIFACT_REJECTIONS truncated=true trailing=true

SEGMENT_V2_OUTER_PHASES role=verifier scope=body_before_cleanup preflight_ns=15125 preprocessed_root_ns=139706000 transcript_prefix_ns=79252459 interaction_regenerate_ns=245496208 interaction_validate_claims_ns=188520667 closure_ns=189630041 transcript_after_ns=56406500 components_ns=167616000 publication_authority_ns=53674917 stark_ns=6632625 publication_total_ns=168790458 phase_sum_ns=1295741000

SEGMENT_V2_OUTER status=verified rows=39 domains=47 proof_size_estimate_bytes=77244 canonical_proof_bytes=90173 canonicalize_ms=4.295 prove_ms=1768.851 verify_ms=1295.794 publication_ms=4.380 producer_prepare_ms=415.496 producer_destroy_ms=2.149 verifier_prepare_ms=414.851 decode_ms=0.305 stark_verify_ms=6.633 transaction_ms=3904.989 artifact_rejections_ms=0.702 producer_peak_bytes=90592036 producer_live_bytes_after_destroy=0 serialization_passes=1 retained_canonical_bytes=90173 verification=native_assisted_fresh_decode draws=1 cols=595/974/508 workers=1

SEGMENT_V2_OUTER_DIMENSIONS commitments=4 claims=39 samples=2245 queried_values=6255 trace_paths=12 fri_layers=16 queries=3 max_fold=2 last_layer_coefficients=1 max_merkle_depth=17

V3_ROW18_DIFFERENTIAL sum39={ .{ .v = 393862946 }, .{ .v = 515546977 }, .{ .v = 479976075 }, .{ .v = 1394125232 } } statement_public={ .{ .v = 992661794 }, .{ .v = 798641778 }, .{ .v = 342368279 }, .{ .v = 1885531433 } } wire_boundary={ .{ .v = 1753620701 }, .{ .v = 1631936670 }, .{ .v = 1667507572 }, .{ .v = 753358415 } } legacy_residual={ .{ .v = 1386524740 }, .{ .v = 1314188755 }, .{ .v = 822344354 }, .{ .v = 1132173018 } } segment_residual={ .{ .v = 0 }, .{ .v = 0 }, .{ .v = 0 }, .{ .v = 0 } }

V2_POSEIDON_RECURSIVE_INGRESS cycles=1 prove_ms=4348.572 verify_ms=879.070 transcript_calls=900 authority_calls=14 core_calls=294 proof_bytes=24255 core_cols=338/760/276 core_constraints=862 complete_provider_calls=1208 complete_provider_log=11 core_init_ms=96.641 provider_ms=27.537 interaction_ms=38.288 independent_ms=162.474

Build Summary: 3/3 steps succeeded
run-recursive-segment-v2-concrete-outer-proof success
+- run exe recursive-segment-v2-concrete-outer-proof success 13s MaxRSS:1G
   +- compile exe recursive-segment-v2-concrete-outer-proof ReleaseSafe native success 2m MaxRSS:8G

      176.28 real       219.93 user         4.48 sys
          8808513536  maximum resident set size
                   0  average shared memory size
                   0  average unshared data size
                   0  average unshared stack size
              816135  page reclaims
                 256  page faults
                   0  swaps
                   0  block input operations
                   0  block output operations
                   0  messages sent
                   0  messages received
                   0  signals received
                6295  voluntary context switches
               66316  involuntary context switches
           217238679  instructions retired
            83125793  cycles elapsed
             8896920  peak memory footprint
