SEGMENT_V2_LADDER mode=narrow_complete_proof requested_steps=64 native_backend=cpu memory_addresses=1 initial_register7=0
SEGMENT_V2_MEMORY_EXECUTION address_count=1 initial_word=13 segment_cycles=64 cumulative_cycles=64 loads=21 stores=20 distinct_accessed=1 stride_bytes=128 entry_nonzero_words=1 exit_nonzero_words=1 exit_pc=1100
SEGMENT_V2_MEMORY_EXECUTION address_count=1 initial_word=13 segment_cycles=64 cumulative_cycles=128 loads=21 stores=22 distinct_accessed=1 stride_bytes=128 entry_nonzero_words=1 exit_nonzero_words=1 exit_pc=1200
SEGMENT_V2_MEMORY_EXECUTION address_count=1 initial_word=13 segment_cycles=64 cumulative_cycles=192 loads=22 stores=21 distinct_accessed=1 stride_bytes=128 entry_nonzero_words=1 exit_nonzero_words=1 exit_pc=1300
SEGMENT_V2_MEMORY_EXECUTION address_count=1 initial_word=13 segment_cycles=64 cumulative_cycles=256 loads=21 stores=21 distinct_accessed=1 stride_bytes=128 entry_nonzero_words=1 exit_nonzero_words=1 exit_pc=1400
SEGMENT_V2_MEMORY_EXECUTION address_count=1 initial_word=13 segment_cycles=64 cumulative_cycles=320 loads=21 stores=22 distinct_accessed=1 stride_bytes=128 entry_nonzero_words=1 exit_nonzero_words=1 exit_pc=1500
SEGMENT_V2_MEMORY_EXECUTION address_count=1 initial_word=13 segment_cycles=64 cumulative_cycles=384 loads=22 stores=21 distinct_accessed=1 stride_bytes=128 entry_nonzero_words=1 exit_nonzero_words=1 exit_pc=1600
SEGMENT_V2_MEMORY_EXECUTION address_count=1 initial_word=13 segment_cycles=64 cumulative_cycles=448 loads=21 stores=21 distinct_accessed=1 stride_bytes=128 entry_nonzero_words=1 exit_nonzero_words=1 exit_pc=1700
SEGMENT_V2_MEMORY_EXECUTION address_count=1 initial_word=13 segment_cycles=34 cumulative_cycles=482 loads=11 stores=12 distinct_accessed=1 stride_bytes=128 entry_nonzero_words=1 exit_nonzero_words=1 exit_pc=1788
info: Columns: opcode=103 infra=481 total tree1=584 interaction=152
info: Poseidon2 Merkle: 2014 exact sparse-node calls, poseidon_log_size=11, merkle_log_size=11
SEGMENT_V2_NATIVE_MEMORY path=temporal segment=0 backend=cpu scope=caller_allocator_payload excludes=size_routed_mmap_and_device producer_peak_bytes=469062660 producer_live_bytes_after_destroy=0 canonical_proof_bytes=29059 before_fresh_decode=true
SEGMENT_V2_NATIVE_PROFILE profile=development_q1 segment=0 queries=1 fold_step=2 pcs_pow_bits=0 interaction_pow_bits=10 prove_ns=2067974959 transport_ns=1204083 verify_ns=417759083 recursive_prepare_ns=128239334 proof_bytes=29059 transcript_calls=1141 verifier_core_calls=315 outer_proof_created=false
SEGMENT_V2_DETACHED_GEOMETRY profile=development_q3_v1 cohort_ns=307079750 poseidon_calls=1472 tree0_evaluation_bytes=9101504 tree1_evaluation_bytes=9084864 tree2_evaluation_bytes=5395712 excludes=pcs_expansion_commitments_and_metadata before_tree_allocation=true
SEGMENT_V2_TWO_CHILD_CANDIDATE segment=0 first_cycle=0 retired_cycles=64 completed=false directory=/Users/theodorepender/Coding/stark-proving-engineering/stwo-zig/vectors/reports/riscv-proving-stack-reset-20260908/small-detached-recursion-v1/complete-tree-development-cpu-8-retention/leaves/child-0 native_backend=cpu recursive_backend=cpu proof_bytes=93348 native_ingress_ns=2615257625 outer_prepare_ns=384474750 outer_prove_ns=607699959 transaction_ns=3610488958 producer_peak_bytes=137592531 producer_live_bytes_after_destroy=0 status=unverified_candidate parent_proof_created=false
info: Columns: opcode=85 infra=481 total tree1=566 interaction=136
info: Poseidon2 Merkle: 2014 exact sparse-node calls, poseidon_log_size=11, merkle_log_size=11
SEGMENT_V2_NATIVE_MEMORY path=temporal segment=1 backend=cpu scope=caller_allocator_payload excludes=size_routed_mmap_and_device producer_peak_bytes=469050852 producer_live_bytes_after_destroy=0 canonical_proof_bytes=28039 before_fresh_decode=true
SEGMENT_V2_NATIVE_PROFILE profile=development_q1 segment=1 queries=1 fold_step=2 pcs_pow_bits=0 interaction_pow_bits=10 prove_ns=1882140584 transport_ns=1166416 verify_ns=428578000 recursive_prepare_ns=131554375 proof_bytes=28039 transcript_calls=1081 verifier_core_calls=310 outer_proof_created=false
SEGMENT_V2_DETACHED_GEOMETRY profile=development_q3_v1 cohort_ns=308920291 poseidon_calls=1406 tree0_evaluation_bytes=9101504 tree1_evaluation_bytes=9084864 tree2_evaluation_bytes=5395712 excludes=pcs_expansion_commitments_and_metadata before_tree_allocation=true
SEGMENT_V2_TWO_CHILD_CANDIDATE segment=1 first_cycle=64 retired_cycles=64 completed=false directory=/Users/theodorepender/Coding/stark-proving-engineering/stwo-zig/vectors/reports/riscv-proving-stack-reset-20260908/small-detached-recursion-v1/complete-tree-development-cpu-8-retention/leaves/child-1 native_backend=cpu recursive_backend=cpu proof_bytes=91801 native_ingress_ns=2443512250 outer_prepare_ns=386944750 outer_prove_ns=606278291 transaction_ns=3439801000 producer_peak_bytes=136650766 producer_live_bytes_after_destroy=0 status=unverified_candidate parent_proof_created=false
info: Columns: opcode=85 infra=481 total tree1=566 interaction=136
info: Poseidon2 Merkle: 2014 exact sparse-node calls, poseidon_log_size=11, merkle_log_size=11
SEGMENT_V2_NATIVE_MEMORY path=temporal segment=2 backend=cpu scope=caller_allocator_payload excludes=size_routed_mmap_and_device producer_peak_bytes=469050852 producer_live_bytes_after_destroy=0 canonical_proof_bytes=28052 before_fresh_decode=true
SEGMENT_V2_NATIVE_PROFILE profile=development_q1 segment=2 queries=1 fold_step=2 pcs_pow_bits=0 interaction_pow_bits=10 prove_ns=1985236541 transport_ns=1191084 verify_ns=414987375 recursive_prepare_ns=132321083 proof_bytes=28052 transcript_calls=1081 verifier_core_calls=310 outer_proof_created=false
SEGMENT_V2_DETACHED_GEOMETRY profile=development_q3_v1 cohort_ns=312019625 poseidon_calls=1406 tree0_evaluation_bytes=9101504 tree1_evaluation_bytes=9084864 tree2_evaluation_bytes=5395712 excludes=pcs_expansion_commitments_and_metadata before_tree_allocation=true
SEGMENT_V2_TWO_CHILD_CANDIDATE segment=2 first_cycle=128 retired_cycles=64 completed=false directory=/Users/theodorepender/Coding/stark-proving-engineering/stwo-zig/vectors/reports/riscv-proving-stack-reset-20260908/small-detached-recursion-v1/complete-tree-development-cpu-8-retention/leaves/child-2 native_backend=cpu recursive_backend=cpu proof_bytes=91707 native_ingress_ns=2533819667 outer_prepare_ns=390706875 outer_prove_ns=597706125 transaction_ns=3525310583 producer_peak_bytes=136650755 producer_live_bytes_after_destroy=0 status=unverified_candidate parent_proof_created=false
info: Columns: opcode=85 infra=481 total tree1=566 interaction=136
info: Poseidon2 Merkle: 2014 exact sparse-node calls, poseidon_log_size=11, merkle_log_size=11
SEGMENT_V2_NATIVE_MEMORY path=temporal segment=3 backend=cpu scope=caller_allocator_payload excludes=size_routed_mmap_and_device producer_peak_bytes=469050852 producer_live_bytes_after_destroy=0 canonical_proof_bytes=28049 before_fresh_decode=true
SEGMENT_V2_NATIVE_PROFILE profile=development_q1 segment=3 queries=1 fold_step=2 pcs_pow_bits=0 interaction_pow_bits=10 prove_ns=1918836167 transport_ns=1201167 verify_ns=415436833 recursive_prepare_ns=129809292 proof_bytes=28049 transcript_calls=1081 verifier_core_calls=310 outer_proof_created=false
SEGMENT_V2_DETACHED_GEOMETRY profile=development_q3_v1 cohort_ns=302936709 poseidon_calls=1406 tree0_evaluation_bytes=9101504 tree1_evaluation_bytes=9084864 tree2_evaluation_bytes=5395712 excludes=pcs_expansion_commitments_and_metadata before_tree_allocation=true
SEGMENT_V2_TWO_CHILD_CANDIDATE segment=3 first_cycle=192 retired_cycles=64 completed=false directory=/Users/theodorepender/Coding/stark-proving-engineering/stwo-zig/vectors/reports/riscv-proving-stack-reset-20260908/small-detached-recursion-v1/complete-tree-development-cpu-8-retention/leaves/child-3 native_backend=cpu recursive_backend=cpu proof_bytes=93911 native_ingress_ns=2465367708 outer_prepare_ns=381344667 outer_prove_ns=601737333 transaction_ns=3451557292 producer_peak_bytes=136650758 producer_live_bytes_after_destroy=0 status=unverified_candidate parent_proof_created=false
info: Columns: opcode=85 infra=481 total tree1=566 interaction=136
info: Poseidon2 Merkle: 2014 exact sparse-node calls, poseidon_log_size=11, merkle_log_size=11
SEGMENT_V2_NATIVE_MEMORY path=temporal segment=4 backend=cpu scope=caller_allocator_payload excludes=size_routed_mmap_and_device producer_peak_bytes=469050852 producer_live_bytes_after_destroy=0 canonical_proof_bytes=27999 before_fresh_decode=true
SEGMENT_V2_NATIVE_PROFILE profile=development_q1 segment=4 queries=1 fold_step=2 pcs_pow_bits=0 interaction_pow_bits=10 prove_ns=1999941750 transport_ns=1178125 verify_ns=409907291 recursive_prepare_ns=129159584 proof_bytes=27999 transcript_calls=1081 verifier_core_calls=310 outer_proof_created=false
SEGMENT_V2_DETACHED_GEOMETRY profile=development_q3_v1 cohort_ns=301875750 poseidon_calls=1406 tree0_evaluation_bytes=9101504 tree1_evaluation_bytes=9084864 tree2_evaluation_bytes=5395712 excludes=pcs_expansion_commitments_and_metadata before_tree_allocation=true
SEGMENT_V2_TWO_CHILD_CANDIDATE segment=4 first_cycle=256 retired_cycles=64 completed=false directory=/Users/theodorepender/Coding/stark-proving-engineering/stwo-zig/vectors/reports/riscv-proving-stack-reset-20260908/small-detached-recursion-v1/complete-tree-development-cpu-8-retention/leaves/child-4 native_backend=cpu recursive_backend=cpu proof_bytes=90654 native_ingress_ns=2540264125 outer_prepare_ns=380633750 outer_prove_ns=605100291 transaction_ns=3528958583 producer_peak_bytes=136650761 producer_live_bytes_after_destroy=0 status=unverified_candidate parent_proof_created=false
info: Columns: opcode=85 infra=481 total tree1=566 interaction=136
info: Poseidon2 Merkle: 2014 exact sparse-node calls, poseidon_log_size=11, merkle_log_size=11
SEGMENT_V2_NATIVE_MEMORY path=temporal segment=5 backend=cpu scope=caller_allocator_payload excludes=size_routed_mmap_and_device producer_peak_bytes=469050852 producer_live_bytes_after_destroy=0 canonical_proof_bytes=28020 before_fresh_decode=true
SEGMENT_V2_NATIVE_PROFILE profile=development_q1 segment=5 queries=1 fold_step=2 pcs_pow_bits=0 interaction_pow_bits=10 prove_ns=1964778625 transport_ns=1173292 verify_ns=415649917 recursive_prepare_ns=132353083 proof_bytes=28020 transcript_calls=1081 verifier_core_calls=310 outer_proof_created=false
SEGMENT_V2_DETACHED_GEOMETRY profile=development_q3_v1 cohort_ns=305442917 poseidon_calls=1406 tree0_evaluation_bytes=9101504 tree1_evaluation_bytes=9084864 tree2_evaluation_bytes=5395712 excludes=pcs_expansion_commitments_and_metadata before_tree_allocation=true
SEGMENT_V2_TWO_CHILD_CANDIDATE segment=5 first_cycle=320 retired_cycles=64 completed=false directory=/Users/theodorepender/Coding/stark-proving-engineering/stwo-zig/vectors/reports/riscv-proving-stack-reset-20260908/small-detached-recursion-v1/complete-tree-development-cpu-8-retention/leaves/child-5 native_backend=cpu recursive_backend=cpu proof_bytes=93493 native_ingress_ns=2514027000 outer_prepare_ns=384164209 outer_prove_ns=599250541 transaction_ns=3500527458 producer_peak_bytes=136650768 producer_live_bytes_after_destroy=0 status=unverified_candidate parent_proof_created=false
info: Columns: opcode=85 infra=481 total tree1=566 interaction=136
info: Poseidon2 Merkle: 2014 exact sparse-node calls, poseidon_log_size=11, merkle_log_size=11
SEGMENT_V2_NATIVE_MEMORY path=temporal segment=6 backend=cpu scope=caller_allocator_payload excludes=size_routed_mmap_and_device producer_peak_bytes=469050852 producer_live_bytes_after_destroy=0 canonical_proof_bytes=28028 before_fresh_decode=true
SEGMENT_V2_NATIVE_PROFILE profile=development_q1 segment=6 queries=1 fold_step=2 pcs_pow_bits=0 interaction_pow_bits=10 prove_ns=1961364625 transport_ns=1173125 verify_ns=402224958 recursive_prepare_ns=126123792 proof_bytes=28028 transcript_calls=1081 verifier_core_calls=310 outer_proof_created=false
SEGMENT_V2_DETACHED_GEOMETRY profile=development_q3_v1 cohort_ns=298032125 poseidon_calls=1406 tree0_evaluation_bytes=9101504 tree1_evaluation_bytes=9084864 tree2_evaluation_bytes=5395712 excludes=pcs_expansion_commitments_and_metadata before_tree_allocation=true
SEGMENT_V2_TWO_CHILD_CANDIDATE segment=6 first_cycle=384 retired_cycles=64 completed=false directory=/Users/theodorepender/Coding/stark-proving-engineering/stwo-zig/vectors/reports/riscv-proving-stack-reset-20260908/small-detached-recursion-v1/complete-tree-development-cpu-8-retention/leaves/child-6 native_backend=cpu recursive_backend=cpu proof_bytes=91625 native_ingress_ns=2490958208 outer_prepare_ns=376008375 outer_prove_ns=606021125 transaction_ns=3476157666 producer_peak_bytes=136650764 producer_live_bytes_after_destroy=0 status=unverified_candidate parent_proof_created=false
info: Columns: opcode=85 infra=481 total tree1=566 interaction=136
info: Poseidon2 Merkle: 2014 exact sparse-node calls, poseidon_log_size=11, merkle_log_size=11
SEGMENT_V2_NATIVE_MEMORY path=temporal segment=7 backend=cpu scope=caller_allocator_payload excludes=size_routed_mmap_and_device producer_peak_bytes=468994660 producer_live_bytes_after_destroy=0 canonical_proof_bytes=28023 before_fresh_decode=true
SEGMENT_V2_NATIVE_PROFILE profile=development_q1 segment=7 queries=1 fold_step=2 pcs_pow_bits=0 interaction_pow_bits=10 prove_ns=2010905542 transport_ns=1170625 verify_ns=419541708 recursive_prepare_ns=126176167 proof_bytes=28023 transcript_calls=1081 verifier_core_calls=310 outer_proof_created=false
SEGMENT_V2_DETACHED_GEOMETRY profile=development_q3_v1 cohort_ns=304446625 poseidon_calls=1406 tree0_evaluation_bytes=9101504 tree1_evaluation_bytes=9084864 tree2_evaluation_bytes=5395712 excludes=pcs_expansion_commitments_and_metadata before_tree_allocation=true
SEGMENT_V2_TWO_CHILD_CANDIDATE segment=7 first_cycle=448 retired_cycles=34 completed=true directory=/Users/theodorepender/Coding/stark-proving-engineering/stwo-zig/vectors/reports/riscv-proving-stack-reset-20260908/small-detached-recursion-v1/complete-tree-development-cpu-8-retention/leaves/child-7 native_backend=cpu recursive_backend=cpu proof_bytes=92110 native_ingress_ns=2557876875 outer_prepare_ns=383014125 outer_prove_ns=605819792 transaction_ns=3549812208 producer_peak_bytes=136639677 producer_live_bytes_after_destroy=0 status=unverified_candidate parent_proof_created=false
SEGMENT_V2_TWO_CHILD_PRODUCER status=unverified_candidates native_backend=cpu recursive_backend=cpu owners_destroyed=true parent_proof_created=false
