METAL_STREAM_LEAVES columns=137 log=21 tile_log=17 scratch_bytes=67108864 working_bytes=46137344 dispatches=32 overlap=true gpu_ms=5.538
METAL_STREAM_LEAVES columns=137 log=21 tile_log=17 scratch_bytes=67108864 working_bytes=46137344 dispatches=32 overlap=true gpu_ms=5.778
METAL_STREAM_LEAVES columns=619 log=21 tile_log=17 scratch_bytes=67108864 working_bytes=62914560 dispatches=160 overlap=true gpu_ms=23.166
METAL_FRAMEWORK_INTERACTION rows=1048576 batches=33 gpu_ms=33.40250000474043
METAL_FRAMEWORK_INTERACTION rows=262144 batches=4 gpu_ms=0.4667916800826788
METAL_FRAMEWORK_INTERACTION rows=262144 batches=1 gpu_ms=0.48554164823144674
METAL_FRAMEWORK_INTERACTION rows=131072 batches=2 gpu_ms=0.359416677383706
METAL_FRAMEWORK_INTERACTION rows=1024 batches=2 gpu_ms=0.04199999966658652
METAL_FRAMEWORK_INTERACTION rows=4096 batches=1 gpu_ms=0.04408333916217089
METAL_FRAMEWORK_INTERACTION rows=4096 batches=2 gpu_ms=0.07449998520314693
METAL_FRAMEWORK_INTERACTION rows=4096 batches=1 gpu_ms=0.040875020204111934
METAL_STREAM_LEAVES columns=572 log=21 tile_log=17 scratch_bytes=67108864 working_bytes=62914560 dispatches=160 overlap=true gpu_ms=19.708
METAL_FRAMEWORK_COMPOSITION components=8 groups=5 gpu_ms=67.881
BLAKE3_EXECUTION_STAGE_PROFILE {"schema_version":1,"runtime":"native","example":"blake3-execution","stages":[{"id":"execution.fixed","label":"Admission and fixed commitment","seconds":0.086933,"children":null},{"id":"execution.main","label":"Main commitment","seconds":0.205407,"children":null},{"id":"execution.native_interaction","label":"Native interaction generation","seconds":0.021396,"children":null},{"id":"execution.hash_interaction","label":"Hash interaction generation","seconds":0.146512,"children":null},{"id":"execution.interaction_commit","label":"Interaction closure and commitment","seconds":0.219118,"children":null},{"id":"execution.core","label":"Core STARK proof","seconds":0.601632,"children":[{"id":"draw_random_coeff","label":"Draw random coefficient","seconds":0.000001,"children":null},{"id":"composition_trace_extract","label":"Composition trace extract","seconds":0.000009,"children":null},{"id":"composition_evaluation","label":"Composition evaluation","seconds":0.284819,"children":null},{"id":"composition_interpolate_and_split","label":"Composition interpolate and split","seconds":0.004881,"children":null},{"id":"composition_commit","label":"Composition commit","seconds":0.006295,"children":null},{"id":"oods_point_and_mask_points","label":"OODS point and mask points","seconds":0.000244,"children":null},{"id":"sampled_value_evaluation","label":"Sampled-value evaluation","seconds":0.181171,"children":null},{"id":"sampled_value_channel_mix","label":"Sampled-value channel mix","seconds":0.000055,"children":null},{"id":"fri_quotient_build_and_commit","label":"FRI quotient build + commit (lazy)","seconds":0.084592,"children":null},{"id":"proof_of_work","label":"Proof of work","seconds":0.015765,"children":null},{"id":"fri_decommit","label":"FRI decommit","seconds":0.006516,"children":null},{"id":"trace_decommit","label":"Trace decommit","seconds":0.002044,"children":null},{"id":"constraint_check_and_assembly","label":"Constraint check and assembly","seconds":0.000243,"children":null}]}]}
METAL_STREAM_LEAVES columns=137 log=21 tile_log=17 scratch_bytes=67108864 working_bytes=46137344 dispatches=32 overlap=true gpu_ms=4.799
METAL_STREAM_LEAVES columns=137 log=21 tile_log=17 scratch_bytes=67108864 working_bytes=46137344 dispatches=32 overlap=true gpu_ms=4.236
METAL_STREAM_LEAVES columns=619 log=21 tile_log=17 scratch_bytes=67108864 working_bytes=62914560 dispatches=160 overlap=true gpu_ms=23.557
METAL_FRAMEWORK_INTERACTION rows=1048576 batches=33 gpu_ms=33.00545833189972
METAL_FRAMEWORK_INTERACTION rows=262144 batches=4 gpu_ms=0.44399997568689287
METAL_FRAMEWORK_INTERACTION rows=262144 batches=1 gpu_ms=0.27874999796040356
METAL_FRAMEWORK_INTERACTION rows=131072 batches=2 gpu_ms=0.3623749944381416
METAL_FRAMEWORK_INTERACTION rows=1024 batches=2 gpu_ms=0.05287499516271055
METAL_FRAMEWORK_INTERACTION rows=4096 batches=1 gpu_ms=0.1336249988526106
METAL_FRAMEWORK_INTERACTION rows=4096 batches=2 gpu_ms=0.04087499110028148
METAL_FRAMEWORK_INTERACTION rows=4096 batches=1 gpu_ms=0.021624990040436387
METAL_STREAM_LEAVES columns=572 log=21 tile_log=17 scratch_bytes=67108864 working_bytes=62914560 dispatches=160 overlap=true gpu_ms=19.031
METAL_FRAMEWORK_COMPOSITION components=8 groups=5 gpu_ms=68.537
BLAKE3_EXECUTION_STAGE_PROFILE {"schema_version":1,"runtime":"native","example":"blake3-execution","stages":[{"id":"execution.fixed","label":"Admission and fixed commitment","seconds":0.090757,"children":null},{"id":"execution.main","label":"Main commitment","seconds":0.207205,"children":null},{"id":"execution.native_interaction","label":"Native interaction generation","seconds":0.018621,"children":null},{"id":"execution.hash_interaction","label":"Hash interaction generation","seconds":0.139639,"children":null},{"id":"execution.interaction_commit","label":"Interaction closure and commitment","seconds":0.219724,"children":null},{"id":"execution.core","label":"Core STARK proof","seconds":0.561482,"children":[{"id":"draw_random_coeff","label":"Draw random coefficient","seconds":0,"children":null},{"id":"composition_trace_extract","label":"Composition trace extract","seconds":0.000006,"children":null},{"id":"composition_evaluation","label":"Composition evaluation","seconds":0.249195,"children":null},{"id":"composition_interpolate_and_split","label":"Composition interpolate and split","seconds":0.004986,"children":null},{"id":"composition_commit","label":"Composition commit","seconds":0.00626,"children":null},{"id":"oods_point_and_mask_points","label":"OODS point and mask points","seconds":0.000263,"children":null},{"id":"sampled_value_evaluation","label":"Sampled-value evaluation","seconds":0.181109,"children":null},{"id":"sampled_value_channel_mix","label":"Sampled-value channel mix","seconds":0.000052,"children":null},{"id":"fri_quotient_build_and_commit","label":"FRI quotient build + commit (lazy)","seconds":0.081381,"children":null},{"id":"proof_of_work","label":"Proof of work","seconds":0.014855,"children":null},{"id":"fri_decommit","label":"FRI decommit","seconds":0.006314,"children":null},{"id":"trace_decommit","label":"Trace decommit","seconds":0.001564,"children":null},{"id":"constraint_check_and_assembly","label":"Constraint check and assembly","seconds":0.000209,"children":null}]}]}
METAL_STREAM_LEAVES columns=137 log=21 tile_log=17 scratch_bytes=67108864 working_bytes=46137344 dispatches=32 overlap=true gpu_ms=5.987
METAL_STREAM_LEAVES columns=137 log=21 tile_log=17 scratch_bytes=67108864 working_bytes=46137344 dispatches=32 overlap=true gpu_ms=6.084
METAL_STREAM_LEAVES columns=619 log=21 tile_log=17 scratch_bytes=67108864 working_bytes=62914560 dispatches=160 overlap=true gpu_ms=24.560
METAL_FRAMEWORK_INTERACTION rows=1048576 batches=33 gpu_ms=34.69412500271574
METAL_FRAMEWORK_INTERACTION rows=262144 batches=4 gpu_ms=0.4420833138283342
METAL_FRAMEWORK_INTERACTION rows=262144 batches=1 gpu_ms=0.32116667716763914
METAL_FRAMEWORK_INTERACTION rows=131072 batches=2 gpu_ms=0.40499999886378646
METAL_FRAMEWORK_INTERACTION rows=1024 batches=2 gpu_ms=0.053499999921768904
METAL_FRAMEWORK_INTERACTION rows=4096 batches=1 gpu_ms=0.1294999965466559
METAL_FRAMEWORK_INTERACTION rows=4096 batches=2 gpu_ms=0.1512500166427344
METAL_FRAMEWORK_INTERACTION rows=4096 batches=1 gpu_ms=0.027583329938352108
METAL_STREAM_LEAVES columns=572 log=21 tile_log=17 scratch_bytes=67108864 working_bytes=62914560 dispatches=160 overlap=true gpu_ms=19.399
METAL_FRAMEWORK_COMPOSITION components=8 groups=5 gpu_ms=67.821
BLAKE3_EXECUTION_STAGE_PROFILE {"schema_version":1,"runtime":"native","example":"blake3-execution","stages":[{"id":"execution.fixed","label":"Admission and fixed commitment","seconds":0.094462,"children":null},{"id":"execution.main","label":"Main commitment","seconds":0.211997,"children":null},{"id":"execution.native_interaction","label":"Native interaction generation","seconds":0.021637,"children":null},{"id":"execution.hash_interaction","label":"Hash interaction generation","seconds":0.142139,"children":null},{"id":"execution.interaction_commit","label":"Interaction closure and commitment","seconds":0.217673,"children":null},{"id":"execution.core","label":"Core STARK proof","seconds":0.559864,"children":[{"id":"draw_random_coeff","label":"Draw random coefficient","seconds":0,"children":null},{"id":"composition_trace_extract","label":"Composition trace extract","seconds":0.000005,"children":null},{"id":"composition_evaluation","label":"Composition evaluation","seconds":0.248442,"children":null},{"id":"composition_interpolate_and_split","label":"Composition interpolate and split","seconds":0.005041,"children":null},{"id":"composition_commit","label":"Composition commit","seconds":0.006441,"children":null},{"id":"oods_point_and_mask_points","label":"OODS point and mask points","seconds":0.000248,"children":null},{"id":"sampled_value_evaluation","label":"Sampled-value evaluation","seconds":0.180324,"children":null},{"id":"sampled_value_channel_mix","label":"Sampled-value channel mix","seconds":0.000061,"children":null},{"id":"fri_quotient_build_and_commit","label":"FRI quotient build + commit (lazy)","seconds":0.081057,"children":null},{"id":"proof_of_work","label":"Proof of work","seconds":0.015544,"children":null},{"id":"fri_decommit","label":"FRI decommit","seconds":0.006272,"children":null},{"id":"trace_decommit","label":"Trace decommit","seconds":0.001619,"children":null},{"id":"constraint_check_and_assembly","label":"Constraint check and assembly","seconds":0.00021,"children":null}]}]}
