METAL_STREAM_LEAVES columns=139 log=21 tile_log=17 scratch_bytes=67108864 working_bytes=46137344 dispatches=32 overlap=true gpu_ms=5.498
METAL_STREAM_LEAVES columns=139 log=21 tile_log=17 scratch_bytes=67108864 working_bytes=46137344 dispatches=32 overlap=true gpu_ms=6.728
METAL_STREAM_LEAVES columns=642 log=21 tile_log=17 scratch_bytes=67108864 working_bytes=62914560 dispatches=160 overlap=true gpu_ms=18.104
METAL_FRAMEWORK_INTERACTION rows=1048576 batches=31 gpu_ms=36.406166676897556
METAL_FRAMEWORK_INTERACTION rows=262144 batches=4 gpu_ms=0.4428333486430347
METAL_FRAMEWORK_INTERACTION rows=262144 batches=1 gpu_ms=0.2818749926518649
METAL_FRAMEWORK_INTERACTION rows=131072 batches=2 gpu_ms=0.24504167959094048
METAL_FRAMEWORK_INTERACTION rows=1024 batches=2 gpu_ms=0.030625000363215804
METAL_FRAMEWORK_INTERACTION rows=4096 batches=1 gpu_ms=0.030958326533436775
METAL_FRAMEWORK_INTERACTION rows=4096 batches=2 gpu_ms=0.039000005926936865
METAL_FRAMEWORK_INTERACTION rows=8192 batches=1 gpu_ms=0.03875000402331352
METAL_STREAM_LEAVES columns=600 log=21 tile_log=17 scratch_bytes=67108864 working_bytes=62914560 dispatches=160 overlap=true gpu_ms=20.016
METAL_FRAMEWORK_COMPOSITION components=8 groups=6 gpu_ms=56.847
BLAKE3_EXECUTION_STAGE_PROFILE {"schema_version":1,"runtime":"native","example":"blake3-execution","stages":[{"id":"execution.fixed","label":"Admission and fixed commitment","seconds":0.101039,"children":null},{"id":"execution.main","label":"Main commitment","seconds":0.193391,"children":null},{"id":"execution.native_interaction","label":"Native interaction generation","seconds":0.090559,"children":null},{"id":"execution.hash_interaction","label":"Hash interaction generation","seconds":0.139737,"children":null},{"id":"execution.interaction_commit","label":"Interaction closure and commitment","seconds":0.215319,"children":null},{"id":"execution.core","label":"Core STARK proof","seconds":0.566133,"children":[{"id":"draw_random_coeff","label":"Draw random coefficient","seconds":0,"children":null},{"id":"composition_trace_extract","label":"Composition trace extract","seconds":0.000008,"children":null},{"id":"composition_evaluation","label":"Composition evaluation","seconds":0.250397,"children":null},{"id":"composition_interpolate_and_split","label":"Composition interpolate and split","seconds":0.004675,"children":null},{"id":"composition_commit","label":"Composition commit","seconds":0.006224,"children":null},{"id":"oods_point_and_mask_points","label":"OODS point and mask points","seconds":0.000239,"children":null},{"id":"sampled_value_evaluation","label":"Sampled-value evaluation","seconds":0.185143,"children":null},{"id":"sampled_value_channel_mix","label":"Sampled-value channel mix","seconds":0.000054,"children":null},{"id":"fri_quotient_build_and_commit","label":"FRI quotient build + commit (lazy)","seconds":0.082994,"children":null},{"id":"proof_of_work","label":"Proof of work","seconds":0.01362,"children":null},{"id":"fri_decommit","label":"FRI decommit","seconds":0.005971,"children":null},{"id":"trace_decommit","label":"Trace decommit","seconds":0.001698,"children":null},{"id":"constraint_check_and_assembly","label":"Constraint check and assembly","seconds":0.000245,"children":null}]}]}
METAL_STREAM_LEAVES columns=139 log=21 tile_log=17 scratch_bytes=67108864 working_bytes=46137344 dispatches=32 overlap=true gpu_ms=5.946
METAL_STREAM_LEAVES columns=139 log=21 tile_log=17 scratch_bytes=67108864 working_bytes=46137344 dispatches=32 overlap=true gpu_ms=5.770
METAL_STREAM_LEAVES columns=642 log=21 tile_log=17 scratch_bytes=67108864 working_bytes=62914560 dispatches=160 overlap=true gpu_ms=23.863
METAL_FRAMEWORK_INTERACTION rows=1048576 batches=31 gpu_ms=36.61224999814294
METAL_FRAMEWORK_INTERACTION rows=262144 batches=4 gpu_ms=0.46037501306273043
METAL_FRAMEWORK_INTERACTION rows=262144 batches=1 gpu_ms=0.26737499865703285
METAL_FRAMEWORK_INTERACTION rows=131072 batches=2 gpu_ms=0.396333314711228
METAL_FRAMEWORK_INTERACTION rows=1024 batches=2 gpu_ms=0.04600000102072954
METAL_FRAMEWORK_INTERACTION rows=4096 batches=1 gpu_ms=0.05175001570023596
METAL_FRAMEWORK_INTERACTION rows=4096 batches=2 gpu_ms=0.07216667290776968
METAL_FRAMEWORK_INTERACTION rows=8192 batches=1 gpu_ms=0.04004166112281382
METAL_STREAM_LEAVES columns=600 log=21 tile_log=17 scratch_bytes=67108864 working_bytes=62914560 dispatches=160 overlap=true gpu_ms=21.121
METAL_FRAMEWORK_COMPOSITION components=8 groups=6 gpu_ms=57.440
BLAKE3_EXECUTION_STAGE_PROFILE {"schema_version":1,"runtime":"native","example":"blake3-execution","stages":[{"id":"execution.fixed","label":"Admission and fixed commitment","seconds":0.094302,"children":null},{"id":"execution.main","label":"Main commitment","seconds":0.19712,"children":null},{"id":"execution.native_interaction","label":"Native interaction generation","seconds":0.091353,"children":null},{"id":"execution.hash_interaction","label":"Hash interaction generation","seconds":0.138135,"children":null},{"id":"execution.interaction_commit","label":"Interaction closure and commitment","seconds":0.221105,"children":null},{"id":"execution.core","label":"Core STARK proof","seconds":0.540985,"children":[{"id":"draw_random_coeff","label":"Draw random coefficient","seconds":0.000001,"children":null},{"id":"composition_trace_extract","label":"Composition trace extract","seconds":0.000006,"children":null},{"id":"composition_evaluation","label":"Composition evaluation","seconds":0.225061,"children":null},{"id":"composition_interpolate_and_split","label":"Composition interpolate and split","seconds":0.004747,"children":null},{"id":"composition_commit","label":"Composition commit","seconds":0.006198,"children":null},{"id":"oods_point_and_mask_points","label":"OODS point and mask points","seconds":0.000258,"children":null},{"id":"sampled_value_evaluation","label":"Sampled-value evaluation","seconds":0.186474,"children":null},{"id":"sampled_value_channel_mix","label":"Sampled-value channel mix","seconds":0.000055,"children":null},{"id":"fri_quotient_build_and_commit","label":"FRI quotient build + commit (lazy)","seconds":0.081496,"children":null},{"id":"proof_of_work","label":"Proof of work","seconds":0.013488,"children":null},{"id":"fri_decommit","label":"FRI decommit","seconds":0.006529,"children":null},{"id":"trace_decommit","label":"Trace decommit","seconds":0.001506,"children":null},{"id":"constraint_check_and_assembly","label":"Constraint check and assembly","seconds":0.000223,"children":null}]}]}
METAL_STREAM_LEAVES columns=139 log=21 tile_log=17 scratch_bytes=67108864 working_bytes=46137344 dispatches=32 overlap=true gpu_ms=6.308
METAL_STREAM_LEAVES columns=139 log=21 tile_log=17 scratch_bytes=67108864 working_bytes=46137344 dispatches=32 overlap=true gpu_ms=6.526
METAL_STREAM_LEAVES columns=642 log=21 tile_log=17 scratch_bytes=67108864 working_bytes=62914560 dispatches=160 overlap=true gpu_ms=18.533
METAL_FRAMEWORK_INTERACTION rows=1048576 batches=31 gpu_ms=35.74200000730343
METAL_FRAMEWORK_INTERACTION rows=262144 batches=4 gpu_ms=0.4599583335220814
METAL_FRAMEWORK_INTERACTION rows=262144 batches=1 gpu_ms=0.28141666552983224
METAL_FRAMEWORK_INTERACTION rows=131072 batches=2 gpu_ms=0.34395832335576415
METAL_FRAMEWORK_INTERACTION rows=1024 batches=2 gpu_ms=0.05224999040365219
METAL_FRAMEWORK_INTERACTION rows=4096 batches=1 gpu_ms=0.05145833711139858
METAL_FRAMEWORK_INTERACTION rows=4096 batches=2 gpu_ms=0.058125006034970284
METAL_FRAMEWORK_INTERACTION rows=8192 batches=1 gpu_ms=0.03683334216475487
METAL_STREAM_LEAVES columns=600 log=21 tile_log=17 scratch_bytes=67108864 working_bytes=62914560 dispatches=160 overlap=true gpu_ms=19.718
METAL_FRAMEWORK_COMPOSITION components=8 groups=6 gpu_ms=56.601
BLAKE3_EXECUTION_STAGE_PROFILE {"schema_version":1,"runtime":"native","example":"blake3-execution","stages":[{"id":"execution.fixed","label":"Admission and fixed commitment","seconds":0.093883,"children":null},{"id":"execution.main","label":"Main commitment","seconds":0.194674,"children":null},{"id":"execution.native_interaction","label":"Native interaction generation","seconds":0.090274,"children":null},{"id":"execution.hash_interaction","label":"Hash interaction generation","seconds":0.136415,"children":null},{"id":"execution.interaction_commit","label":"Interaction closure and commitment","seconds":0.218607,"children":null},{"id":"execution.core","label":"Core STARK proof","seconds":0.540363,"children":[{"id":"draw_random_coeff","label":"Draw random coefficient","seconds":0.000001,"children":null},{"id":"composition_trace_extract","label":"Composition trace extract","seconds":0.000007,"children":null},{"id":"composition_evaluation","label":"Composition evaluation","seconds":0.221963,"children":null},{"id":"composition_interpolate_and_split","label":"Composition interpolate and split","seconds":0.008778,"children":null},{"id":"composition_commit","label":"Composition commit","seconds":0.006146,"children":null},{"id":"oods_point_and_mask_points","label":"OODS point and mask points","seconds":0.000259,"children":null},{"id":"sampled_value_evaluation","label":"Sampled-value evaluation","seconds":0.184951,"children":null},{"id":"sampled_value_channel_mix","label":"Sampled-value channel mix","seconds":0.000056,"children":null},{"id":"fri_quotient_build_and_commit","label":"FRI quotient build + commit (lazy)","seconds":0.081713,"children":null},{"id":"proof_of_work","label":"Proof of work","seconds":0.013934,"children":null},{"id":"fri_decommit","label":"FRI decommit","seconds":0.005902,"children":null},{"id":"trace_decommit","label":"Trace decommit","seconds":0.001247,"children":null},{"id":"constraint_check_and_assembly","label":"Constraint check and assembly","seconds":0.00023,"children":null}]}]}
