BLAKE3_WITNESS_STAGE_PROFILE {"schema_version":1,"runtime":"host","example":"blake3-ethereum-witness","stages":[{"id":"witness.precompile","label":"Preflight and precompile witness","seconds":0.00904,"children":null},{"id":"witness.memory","label":"Memory commitment plan","seconds":0.001608,"children":null},{"id":"witness.hashes","label":"Hash columns and witness","seconds":0.039726,"children":null},{"id":"witness.native","label":"Native execution columns","seconds":0.000886,"children":null},{"id":"witness.lookup_counts","label":"Shared lookup counts and statement","seconds":0.035045,"children":null}]}
full-width witness: steps=1828 hash_counts={ 63000, 18000, 21360, 11097, 848, 303, 303, 404 } hash_logs={ 16, 15, 15, 14, 10, 9, 9, 9 } live=85000112 peak=104175377
full-width shared-path geometry [program, initial, final]: { .{ .words = 404, .independent_compressions = 98576, .shared_compressions = 4894, .proved_compressions = 0, .leaves = 1616, .parents = 1639, .frontier = 24 }, .{ .words = 136, .independent_compressions = 8296, .shared_compressions = 516, .proved_compressions = 516, .leaves = 136, .parents = 190, .frontier = 55 }, .{ .words = 167, .independent_compressions = 10187, .shared_compressions = 609, .proved_compressions = 609, .leaves = 167, .parents = 221, .frontier = 55 } }
METAL_STREAM_LEAVES columns=213 log=19 tile_log=17 scratch_bytes=67108864 working_bytes=46137344 dispatches=4 overlap=true gpu_ms=6.559
full-width admission: live=85689084 peak=178850973
METAL_STREAM_LEAVES columns=213 log=19 tile_log=17 scratch_bytes=67108864 working_bytes=46137344 dispatches=4 overlap=true gpu_ms=6.741
METAL_STREAM_LEAVES columns=6793 log=19 tile_log=16 scratch_bytes=67108864 working_bytes=44040192 dispatches=232 overlap=true gpu_ms=26.760
METAL_FRAMEWORK_INTERACTION rows=65536 batches=33 gpu_ms=2.4396250082645565
METAL_FRAMEWORK_INTERACTION rows=32768 batches=4 gpu_ms=0.2659583115018904
METAL_FRAMEWORK_INTERACTION rows=32768 batches=1 gpu_ms=0.04441666533239186
METAL_FRAMEWORK_INTERACTION rows=16384 batches=2 gpu_ms=0.06037499406374991
METAL_FRAMEWORK_INTERACTION rows=1024 batches=2 gpu_ms=0.028541660867631435
METAL_FRAMEWORK_INTERACTION rows=512 batches=1 gpu_ms=0.028375012334436178
METAL_FRAMEWORK_INTERACTION rows=512 batches=2 gpu_ms=0.03612501313909888
METAL_FRAMEWORK_INTERACTION rows=512 batches=1 gpu_ms=0.017333339201286435
METAL_STREAM_LEAVES columns=7232 log=19 tile_log=16 scratch_bytes=67108864 working_bytes=44040192 dispatches=240 overlap=true gpu_ms=20.486
METAL_FRAMEWORK_COMPOSITION components=8 groups=5 gpu_ms=4.473
BLAKE3_EXECUTION_STAGE_PROFILE {"schema_version":1,"runtime":"native","example":"blake3-extension","stages":[{"id":"execution.fixed","label":"Admission and fixed commitment","seconds":0.037008,"children":null},{"id":"execution.main","label":"Main commitment","seconds":0.091055,"children":null},{"id":"execution.native_interaction","label":"Native interaction generation","seconds":0.010691,"children":null},{"id":"execution.hash_interaction","label":"Hash interaction generation","seconds":0.017505,"children":null},{"id":"execution.extension_interaction","label":"Precompile interaction generation","seconds":0.016325,"children":null},{"id":"execution.interaction_commit","label":"Interaction closure and commitment","seconds":0.073821,"children":null},{"id":"execution.core","label":"Core STARK proof","seconds":0.221812,"children":[{"id":"draw_random_coeff","label":"Draw random coefficient","seconds":0,"children":null},{"id":"composition_trace_extract","label":"Composition trace extract","seconds":0.000046,"children":null},{"id":"composition_evaluation","label":"Composition evaluation","seconds":0.064262,"children":null},{"id":"composition_interpolate_and_split","label":"Composition interpolate and split","seconds":0.002376,"children":null},{"id":"composition_commit","label":"Composition commit","seconds":0.002112,"children":null},{"id":"oods_point_and_mask_points","label":"OODS point and mask points","seconds":0.000746,"children":null},{"id":"sampled_value_evaluation","label":"Sampled-value evaluation","seconds":0.029069,"children":null},{"id":"sampled_value_channel_mix","label":"Sampled-value channel mix","seconds":0.000987,"children":null},{"id":"fri_quotient_build_and_commit","label":"FRI quotient build + commit (lazy)","seconds":0.090263,"children":null},{"id":"proof_of_work","label":"Proof of work","seconds":0.025396,"children":null},{"id":"fri_decommit","label":"FRI decommit","seconds":0.001139,"children":null},{"id":"trace_decommit","label":"Trace decommit","seconds":0.00254,"children":null},{"id":"constraint_check_and_assembly","label":"Constraint check and assembly","seconds":0.000669,"children":null}]}]}
BLAKE3_WITNESS_STAGE_PROFILE {"schema_version":1,"runtime":"host","example":"blake3-ethereum-witness","stages":[{"id":"witness.precompile","label":"Preflight and precompile witness","seconds":0.009096,"children":null},{"id":"witness.memory","label":"Memory commitment plan","seconds":0.001611,"children":null},{"id":"witness.hashes","label":"Hash columns and witness","seconds":0.040413,"children":null},{"id":"witness.native","label":"Native execution columns","seconds":0.000892,"children":null},{"id":"witness.lookup_counts","label":"Shared lookup counts and statement","seconds":0.034644,"children":null}]}
full-width witness: steps=1828 hash_counts={ 63000, 18000, 21360, 11097, 848, 303, 303, 404 } hash_logs={ 16, 15, 15, 14, 10, 9, 9, 9 } live=85000112 peak=607613467
full-width shared-path geometry [program, initial, final]: { .{ .words = 404, .independent_compressions = 98576, .shared_compressions = 4894, .proved_compressions = 0, .leaves = 1616, .parents = 1639, .frontier = 24 }, .{ .words = 136, .independent_compressions = 8296, .shared_compressions = 516, .proved_compressions = 516, .leaves = 136, .parents = 190, .frontier = 55 }, .{ .words = 167, .independent_compressions = 10187, .shared_compressions = 609, .proved_compressions = 609, .leaves = 167, .parents = 221, .frontier = 55 } }
METAL_STREAM_LEAVES columns=213 log=19 tile_log=17 scratch_bytes=67108864 working_bytes=46137344 dispatches=4 overlap=true gpu_ms=2.199
full-width admission: live=85689084 peak=607613467
METAL_STREAM_LEAVES columns=213 log=19 tile_log=17 scratch_bytes=67108864 working_bytes=46137344 dispatches=4 overlap=true gpu_ms=1.949
METAL_STREAM_LEAVES columns=6793 log=19 tile_log=16 scratch_bytes=67108864 working_bytes=44040192 dispatches=232 overlap=true gpu_ms=20.563
METAL_FRAMEWORK_INTERACTION rows=65536 batches=33 gpu_ms=2.8014999988954514
METAL_FRAMEWORK_INTERACTION rows=32768 batches=4 gpu_ms=0.32950000604614615
METAL_FRAMEWORK_INTERACTION rows=32768 batches=1 gpu_ms=0.04908334813080728
METAL_FRAMEWORK_INTERACTION rows=16384 batches=2 gpu_ms=0.06458334974013269
METAL_FRAMEWORK_INTERACTION rows=1024 batches=2 gpu_ms=0.032249983632937074
METAL_FRAMEWORK_INTERACTION rows=512 batches=1 gpu_ms=0.029416638426482677
METAL_FRAMEWORK_INTERACTION rows=512 batches=2 gpu_ms=0.03887497587129474
METAL_FRAMEWORK_INTERACTION rows=512 batches=1 gpu_ms=0.01883335062302649
METAL_STREAM_LEAVES columns=7232 log=19 tile_log=16 scratch_bytes=67108864 working_bytes=44040192 dispatches=240 overlap=true gpu_ms=20.291
METAL_FRAMEWORK_COMPOSITION components=8 groups=5 gpu_ms=4.699
BLAKE3_EXECUTION_STAGE_PROFILE {"schema_version":1,"runtime":"native","example":"blake3-extension","stages":[{"id":"execution.fixed","label":"Admission and fixed commitment","seconds":0.030335,"children":null},{"id":"execution.main","label":"Main commitment","seconds":0.067196,"children":null},{"id":"execution.native_interaction","label":"Native interaction generation","seconds":0.010436,"children":null},{"id":"execution.hash_interaction","label":"Hash interaction generation","seconds":0.012921,"children":null},{"id":"execution.extension_interaction","label":"Precompile interaction generation","seconds":0.016532,"children":null},{"id":"execution.interaction_commit","label":"Interaction closure and commitment","seconds":0.07834,"children":null},{"id":"execution.core","label":"Core STARK proof","seconds":0.224914,"children":[{"id":"draw_random_coeff","label":"Draw random coefficient","seconds":0,"children":null},{"id":"composition_trace_extract","label":"Composition trace extract","seconds":0.000042,"children":null},{"id":"composition_evaluation","label":"Composition evaluation","seconds":0.064598,"children":null},{"id":"composition_interpolate_and_split","label":"Composition interpolate and split","seconds":0.002461,"children":null},{"id":"composition_commit","label":"Composition commit","seconds":0.002083,"children":null},{"id":"oods_point_and_mask_points","label":"OODS point and mask points","seconds":0.000683,"children":null},{"id":"sampled_value_evaluation","label":"Sampled-value evaluation","seconds":0.029479,"children":null},{"id":"sampled_value_channel_mix","label":"Sampled-value channel mix","seconds":0.000992,"children":null},{"id":"fri_quotient_build_and_commit","label":"FRI quotient build + commit (lazy)","seconds":0.089234,"children":null},{"id":"proof_of_work","label":"Proof of work","seconds":0.029337,"children":null},{"id":"fri_decommit","label":"FRI decommit","seconds":0.001164,"children":null},{"id":"trace_decommit","label":"Trace decommit","seconds":0.002061,"children":null},{"id":"constraint_check_and_assembly","label":"Constraint check and assembly","seconds":0.000639,"children":null}]}]}
BLAKE3_WITNESS_STAGE_PROFILE {"schema_version":1,"runtime":"host","example":"blake3-ethereum-witness","stages":[{"id":"witness.precompile","label":"Preflight and precompile witness","seconds":0.008863,"children":null},{"id":"witness.memory","label":"Memory commitment plan","seconds":0.001532,"children":null},{"id":"witness.hashes","label":"Hash columns and witness","seconds":0.041123,"children":null},{"id":"witness.native","label":"Native execution columns","seconds":0.00091,"children":null},{"id":"witness.lookup_counts","label":"Shared lookup counts and statement","seconds":0.037789,"children":null}]}
full-width witness: steps=1828 hash_counts={ 63000, 18000, 21360, 11097, 848, 303, 303, 404 } hash_logs={ 16, 15, 15, 14, 10, 9, 9, 9 } live=85000112 peak=607613467
full-width shared-path geometry [program, initial, final]: { .{ .words = 404, .independent_compressions = 98576, .shared_compressions = 4894, .proved_compressions = 0, .leaves = 1616, .parents = 1639, .frontier = 24 }, .{ .words = 136, .independent_compressions = 8296, .shared_compressions = 516, .proved_compressions = 516, .leaves = 136, .parents = 190, .frontier = 55 }, .{ .words = 167, .independent_compressions = 10187, .shared_compressions = 609, .proved_compressions = 609, .leaves = 167, .parents = 221, .frontier = 55 } }
METAL_STREAM_LEAVES columns=213 log=19 tile_log=17 scratch_bytes=67108864 working_bytes=46137344 dispatches=4 overlap=true gpu_ms=6.542
full-width admission: live=85689084 peak=607613467
METAL_STREAM_LEAVES columns=213 log=19 tile_log=17 scratch_bytes=67108864 working_bytes=46137344 dispatches=4 overlap=true gpu_ms=1.784
METAL_STREAM_LEAVES columns=6793 log=19 tile_log=16 scratch_bytes=67108864 working_bytes=44040192 dispatches=232 overlap=true gpu_ms=20.659
METAL_FRAMEWORK_INTERACTION rows=65536 batches=33 gpu_ms=2.493291685823351
METAL_FRAMEWORK_INTERACTION rows=32768 batches=4 gpu_ms=0.10458333417773247
METAL_FRAMEWORK_INTERACTION rows=32768 batches=1 gpu_ms=0.04620832623913884
METAL_FRAMEWORK_INTERACTION rows=16384 batches=2 gpu_ms=0.059583340771496296
METAL_FRAMEWORK_INTERACTION rows=1024 batches=2 gpu_ms=0.028999987989664078
METAL_FRAMEWORK_INTERACTION rows=512 batches=1 gpu_ms=0.02770833089016378
METAL_FRAMEWORK_INTERACTION rows=512 batches=2 gpu_ms=0.03658331115730107
METAL_FRAMEWORK_INTERACTION rows=512 batches=1 gpu_ms=0.01695833634585142
METAL_STREAM_LEAVES columns=7232 log=19 tile_log=16 scratch_bytes=67108864 working_bytes=44040192 dispatches=240 overlap=true gpu_ms=20.307
METAL_FRAMEWORK_COMPOSITION components=8 groups=5 gpu_ms=4.568
BLAKE3_EXECUTION_STAGE_PROFILE {"schema_version":1,"runtime":"native","example":"blake3-extension","stages":[{"id":"execution.fixed","label":"Admission and fixed commitment","seconds":0.032085,"children":null},{"id":"execution.main","label":"Main commitment","seconds":0.063931,"children":null},{"id":"execution.native_interaction","label":"Native interaction generation","seconds":0.010552,"children":null},{"id":"execution.hash_interaction","label":"Hash interaction generation","seconds":0.011915,"children":null},{"id":"execution.extension_interaction","label":"Precompile interaction generation","seconds":0.016051,"children":null},{"id":"execution.interaction_commit","label":"Interaction closure and commitment","seconds":0.070928,"children":null},{"id":"execution.core","label":"Core STARK proof","seconds":0.214972,"children":[{"id":"draw_random_coeff","label":"Draw random coefficient","seconds":0.000001,"children":null},{"id":"composition_trace_extract","label":"Composition trace extract","seconds":0.000061,"children":null},{"id":"composition_evaluation","label":"Composition evaluation","seconds":0.064291,"children":null},{"id":"composition_interpolate_and_split","label":"Composition interpolate and split","seconds":0.002256,"children":null},{"id":"composition_commit","label":"Composition commit","seconds":0.002048,"children":null},{"id":"oods_point_and_mask_points","label":"OODS point and mask points","seconds":0.000685,"children":null},{"id":"sampled_value_evaluation","label":"Sampled-value evaluation","seconds":0.026325,"children":null},{"id":"sampled_value_channel_mix","label":"Sampled-value channel mix","seconds":0.001022,"children":null},{"id":"fri_quotient_build_and_commit","label":"FRI quotient build + commit (lazy)","seconds":0.085537,"children":null},{"id":"proof_of_work","label":"Proof of work","seconds":0.026609,"children":null},{"id":"fri_decommit","label":"FRI decommit","seconds":0.001136,"children":null},{"id":"trace_decommit","label":"Trace decommit","seconds":0.002172,"children":null},{"id":"constraint_check_and_assembly","label":"Constraint check and assembly","seconds":0.000631,"children":null}]}]}
