BLAKE3_WITNESS_STAGE_PROFILE {"schema_version":1,"runtime":"host","example":"blake3-ethereum-witness","stages":[{"id":"witness.precompile","label":"Preflight and precompile witness","seconds":0.008832,"children":null},{"id":"witness.memory","label":"Memory commitment plan","seconds":0.001532,"children":null},{"id":"witness.hashes","label":"Hash columns and witness","seconds":0.040017,"children":null},{"id":"witness.native","label":"Native execution columns","seconds":0.000905,"children":null},{"id":"witness.lookup_counts","label":"Shared lookup counts and statement","seconds":0.035737,"children":null}]}
full-width witness: steps=1828 hash_counts={ 63000, 18000, 21360, 11097, 848, 303, 303, 404 } hash_logs={ 16, 15, 15, 14, 10, 9, 9, 9 } live=85000112 peak=104175377
full-width shared-path geometry [program, initial, final]: { .{ .words = 404, .independent_compressions = 98576, .shared_compressions = 4894, .proved_compressions = 0, .leaves = 1616, .parents = 1639, .frontier = 24 }, .{ .words = 136, .independent_compressions = 8296, .shared_compressions = 516, .proved_compressions = 516, .leaves = 136, .parents = 190, .frontier = 55 }, .{ .words = 167, .independent_compressions = 10187, .shared_compressions = 609, .proved_compressions = 609, .leaves = 167, .parents = 221, .frontier = 55 } }
METAL_STREAM_LEAVES columns=213 log=19 tile_log=17 scratch_bytes=67108864 working_bytes=46137344 dispatches=4 overlap=true gpu_ms=2.788
full-width admission: live=85689084 peak=178850973
METAL_STREAM_LEAVES columns=213 log=19 tile_log=17 scratch_bytes=67108864 working_bytes=46137344 dispatches=4 overlap=true gpu_ms=1.495
METAL_STREAM_LEAVES columns=6793 log=19 tile_log=16 scratch_bytes=67108864 working_bytes=44040192 dispatches=232 overlap=true gpu_ms=20.526
METAL_FRAMEWORK_INTERACTION rows=65536 batches=33 gpu_ms=2.4850833287928253
METAL_FRAMEWORK_INTERACTION rows=32768 batches=4 gpu_ms=0.15933334361761808
METAL_FRAMEWORK_INTERACTION rows=32768 batches=1 gpu_ms=0.08150000940077007
METAL_FRAMEWORK_INTERACTION rows=16384 batches=2 gpu_ms=0.09287500870414078
METAL_FRAMEWORK_INTERACTION rows=1024 batches=2 gpu_ms=0.046375003876164556
METAL_FRAMEWORK_INTERACTION rows=512 batches=1 gpu_ms=0.040624989196658134
METAL_FRAMEWORK_INTERACTION rows=512 batches=2 gpu_ms=0.052541668992489576
METAL_FRAMEWORK_INTERACTION rows=512 batches=1 gpu_ms=0.026583351427689195
METAL_STREAM_LEAVES columns=7232 log=19 tile_log=16 scratch_bytes=67108864 working_bytes=44040192 dispatches=240 overlap=true gpu_ms=20.308
METAL_FRAMEWORK_COMPOSITION components=8 groups=5 gpu_ms=4.722
BLAKE3_EXECUTION_STAGE_PROFILE {"schema_version":1,"runtime":"native","example":"blake3-extension","stages":[{"id":"execution.fixed","label":"Admission and fixed commitment","seconds":0.029886,"children":null},{"id":"execution.main","label":"Main commitment","seconds":0.070264,"children":null},{"id":"execution.native_interaction","label":"Native interaction generation","seconds":0.010582,"children":null},{"id":"execution.hash_interaction","label":"Hash interaction generation","seconds":0.016968,"children":null},{"id":"execution.extension_interaction","label":"Precompile interaction generation","seconds":0.016265,"children":null},{"id":"execution.interaction_commit","label":"Interaction closure and commitment","seconds":0.075231,"children":null},{"id":"execution.core","label":"Core STARK proof","seconds":0.233944,"children":[{"id":"draw_random_coeff","label":"Draw random coefficient","seconds":0,"children":null},{"id":"composition_trace_extract","label":"Composition trace extract","seconds":0.00005,"children":null},{"id":"composition_evaluation","label":"Composition evaluation","seconds":0.06642,"children":null},{"id":"composition_interpolate_and_split","label":"Composition interpolate and split","seconds":0.00269,"children":null},{"id":"composition_commit","label":"Composition commit","seconds":0.002598,"children":null},{"id":"oods_point_and_mask_points","label":"OODS point and mask points","seconds":0.000732,"children":null},{"id":"sampled_value_evaluation","label":"Sampled-value evaluation","seconds":0.032004,"children":null},{"id":"sampled_value_channel_mix","label":"Sampled-value channel mix","seconds":0.000983,"children":null},{"id":"fri_quotient_build_and_commit","label":"FRI quotient build + commit (lazy)","seconds":0.092998,"children":null},{"id":"proof_of_work","label":"Proof of work","seconds":0.028778,"children":null},{"id":"fri_decommit","label":"FRI decommit","seconds":0.001135,"children":null},{"id":"trace_decommit","label":"Trace decommit","seconds":0.002635,"children":null},{"id":"constraint_check_and_assembly","label":"Constraint check and assembly","seconds":0.000668,"children":null}]}]}
BLAKE3_WITNESS_STAGE_PROFILE {"schema_version":1,"runtime":"host","example":"blake3-ethereum-witness","stages":[{"id":"witness.precompile","label":"Preflight and precompile witness","seconds":0.009072,"children":null},{"id":"witness.memory","label":"Memory commitment plan","seconds":0.001551,"children":null},{"id":"witness.hashes","label":"Hash columns and witness","seconds":0.04045,"children":null},{"id":"witness.native","label":"Native execution columns","seconds":0.000935,"children":null},{"id":"witness.lookup_counts","label":"Shared lookup counts and statement","seconds":0.035363,"children":null}]}
full-width witness: steps=1828 hash_counts={ 63000, 18000, 21360, 11097, 848, 303, 303, 404 } hash_logs={ 16, 15, 15, 14, 10, 9, 9, 9 } live=85000112 peak=607613467
full-width shared-path geometry [program, initial, final]: { .{ .words = 404, .independent_compressions = 98576, .shared_compressions = 4894, .proved_compressions = 0, .leaves = 1616, .parents = 1639, .frontier = 24 }, .{ .words = 136, .independent_compressions = 8296, .shared_compressions = 516, .proved_compressions = 516, .leaves = 136, .parents = 190, .frontier = 55 }, .{ .words = 167, .independent_compressions = 10187, .shared_compressions = 609, .proved_compressions = 609, .leaves = 167, .parents = 221, .frontier = 55 } }
METAL_STREAM_LEAVES columns=213 log=19 tile_log=17 scratch_bytes=67108864 working_bytes=46137344 dispatches=4 overlap=true gpu_ms=3.051
full-width admission: live=85689084 peak=607613467
METAL_STREAM_LEAVES columns=213 log=19 tile_log=17 scratch_bytes=67108864 working_bytes=46137344 dispatches=4 overlap=true gpu_ms=1.473
METAL_STREAM_LEAVES columns=6793 log=19 tile_log=16 scratch_bytes=67108864 working_bytes=44040192 dispatches=232 overlap=true gpu_ms=20.590
METAL_FRAMEWORK_INTERACTION rows=65536 batches=33 gpu_ms=2.717208320973441
METAL_FRAMEWORK_INTERACTION rows=32768 batches=4 gpu_ms=0.09070834494195879
METAL_FRAMEWORK_INTERACTION rows=32768 batches=1 gpu_ms=0.0439999857917428
METAL_FRAMEWORK_INTERACTION rows=16384 batches=2 gpu_ms=0.05949998740106821
METAL_FRAMEWORK_INTERACTION rows=1024 batches=2 gpu_ms=0.028083333745598793
METAL_FRAMEWORK_INTERACTION rows=512 batches=1 gpu_ms=0.027250003768131137
METAL_FRAMEWORK_INTERACTION rows=512 batches=2 gpu_ms=0.03595833550207317
METAL_FRAMEWORK_INTERACTION rows=512 batches=1 gpu_ms=0.017208338249474764
METAL_STREAM_LEAVES columns=7232 log=19 tile_log=16 scratch_bytes=67108864 working_bytes=44040192 dispatches=240 overlap=true gpu_ms=20.383
METAL_FRAMEWORK_COMPOSITION components=8 groups=5 gpu_ms=4.549
BLAKE3_EXECUTION_STAGE_PROFILE {"schema_version":1,"runtime":"native","example":"blake3-extension","stages":[{"id":"execution.fixed","label":"Admission and fixed commitment","seconds":0.029275,"children":null},{"id":"execution.main","label":"Main commitment","seconds":0.068066,"children":null},{"id":"execution.native_interaction","label":"Native interaction generation","seconds":0.010731,"children":null},{"id":"execution.hash_interaction","label":"Hash interaction generation","seconds":0.012123,"children":null},{"id":"execution.extension_interaction","label":"Precompile interaction generation","seconds":0.016359,"children":null},{"id":"execution.interaction_commit","label":"Interaction closure and commitment","seconds":0.072972,"children":null},{"id":"execution.core","label":"Core STARK proof","seconds":0.233439,"children":[{"id":"draw_random_coeff","label":"Draw random coefficient","seconds":0,"children":null},{"id":"composition_trace_extract","label":"Composition trace extract","seconds":0.00006,"children":null},{"id":"composition_evaluation","label":"Composition evaluation","seconds":0.064417,"children":null},{"id":"composition_interpolate_and_split","label":"Composition interpolate and split","seconds":0.00249,"children":null},{"id":"composition_commit","label":"Composition commit","seconds":0.002632,"children":null},{"id":"oods_point_and_mask_points","label":"OODS point and mask points","seconds":0.000724,"children":null},{"id":"sampled_value_evaluation","label":"Sampled-value evaluation","seconds":0.033335,"children":null},{"id":"sampled_value_channel_mix","label":"Sampled-value channel mix","seconds":0.001003,"children":null},{"id":"fri_quotient_build_and_commit","label":"FRI quotient build + commit (lazy)","seconds":0.096589,"children":null},{"id":"proof_of_work","label":"Proof of work","seconds":0.026341,"children":null},{"id":"fri_decommit","label":"FRI decommit","seconds":0.00117,"children":null},{"id":"trace_decommit","label":"Trace decommit","seconds":0.001752,"children":null},{"id":"constraint_check_and_assembly","label":"Constraint check and assembly","seconds":0.000642,"children":null}]}]}
BLAKE3_WITNESS_STAGE_PROFILE {"schema_version":1,"runtime":"host","example":"blake3-ethereum-witness","stages":[{"id":"witness.precompile","label":"Preflight and precompile witness","seconds":0.008938,"children":null},{"id":"witness.memory","label":"Memory commitment plan","seconds":0.001534,"children":null},{"id":"witness.hashes","label":"Hash columns and witness","seconds":0.039788,"children":null},{"id":"witness.native","label":"Native execution columns","seconds":0.00091,"children":null},{"id":"witness.lookup_counts","label":"Shared lookup counts and statement","seconds":0.034456,"children":null}]}
full-width witness: steps=1828 hash_counts={ 63000, 18000, 21360, 11097, 848, 303, 303, 404 } hash_logs={ 16, 15, 15, 14, 10, 9, 9, 9 } live=85000112 peak=607613467
full-width shared-path geometry [program, initial, final]: { .{ .words = 404, .independent_compressions = 98576, .shared_compressions = 4894, .proved_compressions = 0, .leaves = 1616, .parents = 1639, .frontier = 24 }, .{ .words = 136, .independent_compressions = 8296, .shared_compressions = 516, .proved_compressions = 516, .leaves = 136, .parents = 190, .frontier = 55 }, .{ .words = 167, .independent_compressions = 10187, .shared_compressions = 609, .proved_compressions = 609, .leaves = 167, .parents = 221, .frontier = 55 } }
METAL_STREAM_LEAVES columns=213 log=19 tile_log=17 scratch_bytes=67108864 working_bytes=46137344 dispatches=4 overlap=true gpu_ms=2.446
full-width admission: live=85689084 peak=607613467
METAL_STREAM_LEAVES columns=213 log=19 tile_log=17 scratch_bytes=67108864 working_bytes=46137344 dispatches=4 overlap=true gpu_ms=2.258
METAL_STREAM_LEAVES columns=6793 log=19 tile_log=16 scratch_bytes=67108864 working_bytes=44040192 dispatches=232 overlap=true gpu_ms=20.576
METAL_FRAMEWORK_INTERACTION rows=65536 batches=33 gpu_ms=2.6337916788179427
METAL_FRAMEWORK_INTERACTION rows=32768 batches=4 gpu_ms=0.11891665053553879
METAL_FRAMEWORK_INTERACTION rows=32768 batches=1 gpu_ms=0.0558749889023602
METAL_FRAMEWORK_INTERACTION rows=16384 batches=2 gpu_ms=0.0709999876562506
METAL_FRAMEWORK_INTERACTION rows=1024 batches=2 gpu_ms=0.034500000765547156
METAL_FRAMEWORK_INTERACTION rows=512 batches=1 gpu_ms=0.03158336039632559
METAL_FRAMEWORK_INTERACTION rows=512 batches=2 gpu_ms=0.041624996811151505
METAL_FRAMEWORK_INTERACTION rows=512 batches=1 gpu_ms=0.02025000867433846
METAL_STREAM_LEAVES columns=7232 log=19 tile_log=16 scratch_bytes=67108864 working_bytes=44040192 dispatches=240 overlap=true gpu_ms=20.393
METAL_FRAMEWORK_COMPOSITION components=8 groups=5 gpu_ms=4.763
BLAKE3_EXECUTION_STAGE_PROFILE {"schema_version":1,"runtime":"native","example":"blake3-extension","stages":[{"id":"execution.fixed","label":"Admission and fixed commitment","seconds":0.028065,"children":null},{"id":"execution.main","label":"Main commitment","seconds":0.06561,"children":null},{"id":"execution.native_interaction","label":"Native interaction generation","seconds":0.012421,"children":null},{"id":"execution.hash_interaction","label":"Hash interaction generation","seconds":0.011925,"children":null},{"id":"execution.extension_interaction","label":"Precompile interaction generation","seconds":0.016403,"children":null},{"id":"execution.interaction_commit","label":"Interaction closure and commitment","seconds":0.070788,"children":null},{"id":"execution.core","label":"Core STARK proof","seconds":0.231782,"children":[{"id":"draw_random_coeff","label":"Draw random coefficient","seconds":0,"children":null},{"id":"composition_trace_extract","label":"Composition trace extract","seconds":0.000048,"children":null},{"id":"composition_evaluation","label":"Composition evaluation","seconds":0.065427,"children":null},{"id":"composition_interpolate_and_split","label":"Composition interpolate and split","seconds":0.002025,"children":null},{"id":"composition_commit","label":"Composition commit","seconds":0.002536,"children":null},{"id":"oods_point_and_mask_points","label":"OODS point and mask points","seconds":0.000643,"children":null},{"id":"sampled_value_evaluation","label":"Sampled-value evaluation","seconds":0.030129,"children":null},{"id":"sampled_value_channel_mix","label":"Sampled-value channel mix","seconds":0.001011,"children":null},{"id":"fri_quotient_build_and_commit","label":"FRI quotient build + commit (lazy)","seconds":0.095822,"children":null},{"id":"proof_of_work","label":"Proof of work","seconds":0.027497,"children":null},{"id":"fri_decommit","label":"FRI decommit","seconds":0.001282,"children":null},{"id":"trace_decommit","label":"Trace decommit","seconds":0.002208,"children":null},{"id":"constraint_check_and_assembly","label":"Constraint check and assembly","seconds":0.000672,"children":null}]}]}
