METAL_STREAM_LEAVES columns=139 log=21 tile_log=17 scratch_bytes=67108864 working_bytes=46137344 dispatches=32 overlap=true gpu_ms=5.244
METAL_STREAM_LEAVES columns=139 log=21 tile_log=17 scratch_bytes=67108864 working_bytes=46137344 dispatches=32 overlap=true gpu_ms=6.384
METAL_STREAM_LEAVES columns=642 log=21 tile_log=17 scratch_bytes=67108864 working_bytes=62914560 dispatches=160 overlap=true gpu_ms=20.555
METAL_FRAMEWORK_INTERACTION rows=1048576 batches=31 gpu_ms=38.04920832044445
METAL_FRAMEWORK_INTERACTION rows=262144 batches=4 gpu_ms=0.45937500544823706
METAL_FRAMEWORK_INTERACTION rows=262144 batches=1 gpu_ms=0.2525000018067658
METAL_FRAMEWORK_INTERACTION rows=131072 batches=2 gpu_ms=0.36070833448320627
METAL_FRAMEWORK_INTERACTION rows=1024 batches=2 gpu_ms=0.05387500277720392
METAL_FRAMEWORK_INTERACTION rows=4096 batches=1 gpu_ms=0.052749994210898876
METAL_FRAMEWORK_INTERACTION rows=4096 batches=2 gpu_ms=0.06000002031214535
METAL_FRAMEWORK_INTERACTION rows=8192 batches=1 gpu_ms=0.02924998989328742
METAL_STREAM_LEAVES columns=600 log=21 tile_log=17 scratch_bytes=67108864 working_bytes=62914560 dispatches=160 overlap=true gpu_ms=19.723
METAL_FRAMEWORK_COMPOSITION components=8 groups=6 gpu_ms=56.787
BLAKE3_EXECUTION_STAGE_PROFILE {"schema_version":1,"runtime":"native","example":"blake3-execution","stages":[{"id":"execution.fixed","label":"Admission and fixed commitment","seconds":0.092912,"children":null},{"id":"execution.main","label":"Main commitment","seconds":0.196072,"children":null},{"id":"execution.native_interaction","label":"Native interaction generation","seconds":0.08959,"children":null},{"id":"execution.hash_interaction","label":"Hash interaction generation","seconds":0.144904,"children":null},{"id":"execution.interaction_commit","label":"Interaction closure and commitment","seconds":0.212847,"children":null},{"id":"execution.core","label":"Core STARK proof","seconds":0.569862,"children":[{"id":"draw_random_coeff","label":"Draw random coefficient","seconds":0,"children":null},{"id":"composition_trace_extract","label":"Composition trace extract","seconds":0.000008,"children":null},{"id":"composition_evaluation","label":"Composition evaluation","seconds":0.252473,"children":null},{"id":"composition_interpolate_and_split","label":"Composition interpolate and split","seconds":0.005036,"children":null},{"id":"composition_commit","label":"Composition commit","seconds":0.007007,"children":null},{"id":"oods_point_and_mask_points","label":"OODS point and mask points","seconds":0.000248,"children":null},{"id":"sampled_value_evaluation","label":"Sampled-value evaluation","seconds":0.18692,"children":null},{"id":"sampled_value_channel_mix","label":"Sampled-value channel mix","seconds":0.000056,"children":null},{"id":"fri_quotient_build_and_commit","label":"FRI quotient build + commit (lazy)","seconds":0.081536,"children":null},{"id":"proof_of_work","label":"Proof of work","seconds":0.013178,"children":null},{"id":"fri_decommit","label":"FRI decommit","seconds":0.006166,"children":null},{"id":"trace_decommit","label":"Trace decommit","seconds":0.001692,"children":null},{"id":"constraint_check_and_assembly","label":"Constraint check and assembly","seconds":0.000251,"children":null}]}]}
METAL_STREAM_LEAVES columns=139 log=21 tile_log=17 scratch_bytes=67108864 working_bytes=46137344 dispatches=32 overlap=true gpu_ms=6.857
METAL_STREAM_LEAVES columns=139 log=21 tile_log=17 scratch_bytes=67108864 working_bytes=46137344 dispatches=32 overlap=true gpu_ms=5.869
METAL_STREAM_LEAVES columns=642 log=21 tile_log=17 scratch_bytes=67108864 working_bytes=62914560 dispatches=160 overlap=true gpu_ms=29.568
METAL_FRAMEWORK_INTERACTION rows=1048576 batches=31 gpu_ms=37.57887499523349
METAL_FRAMEWORK_INTERACTION rows=262144 batches=4 gpu_ms=0.4582916444633156
METAL_FRAMEWORK_INTERACTION rows=262144 batches=1 gpu_ms=0.28720832779072225
METAL_FRAMEWORK_INTERACTION rows=131072 batches=2 gpu_ms=0.33029165933839977
METAL_FRAMEWORK_INTERACTION rows=1024 batches=2 gpu_ms=0.05187498754821718
METAL_FRAMEWORK_INTERACTION rows=4096 batches=1 gpu_ms=0.030875002266839147
METAL_FRAMEWORK_INTERACTION rows=4096 batches=2 gpu_ms=0.039000005926936865
METAL_FRAMEWORK_INTERACTION rows=8192 batches=1 gpu_ms=0.023375003365799785
METAL_STREAM_LEAVES columns=600 log=21 tile_log=17 scratch_bytes=67108864 working_bytes=62914560 dispatches=160 overlap=true gpu_ms=19.954
METAL_FRAMEWORK_COMPOSITION components=8 groups=6 gpu_ms=57.403
BLAKE3_EXECUTION_STAGE_PROFILE {"schema_version":1,"runtime":"native","example":"blake3-execution","stages":[{"id":"execution.fixed","label":"Admission and fixed commitment","seconds":0.098043,"children":null},{"id":"execution.main","label":"Main commitment","seconds":0.205993,"children":null},{"id":"execution.native_interaction","label":"Native interaction generation","seconds":0.09366,"children":null},{"id":"execution.hash_interaction","label":"Hash interaction generation","seconds":0.136457,"children":null},{"id":"execution.interaction_commit","label":"Interaction closure and commitment","seconds":0.212684,"children":null},{"id":"execution.core","label":"Core STARK proof","seconds":0.534187,"children":[{"id":"draw_random_coeff","label":"Draw random coefficient","seconds":0.000005,"children":null},{"id":"composition_trace_extract","label":"Composition trace extract","seconds":0.000009,"children":null},{"id":"composition_evaluation","label":"Composition evaluation","seconds":0.221438,"children":null},{"id":"composition_interpolate_and_split","label":"Composition interpolate and split","seconds":0.004829,"children":null},{"id":"composition_commit","label":"Composition commit","seconds":0.006505,"children":null},{"id":"oods_point_and_mask_points","label":"OODS point and mask points","seconds":0.000252,"children":null},{"id":"sampled_value_evaluation","label":"Sampled-value evaluation","seconds":0.18449,"children":null},{"id":"sampled_value_channel_mix","label":"Sampled-value channel mix","seconds":0.000054,"children":null},{"id":"fri_quotient_build_and_commit","label":"FRI quotient build + commit (lazy)","seconds":0.081112,"children":null},{"id":"proof_of_work","label":"Proof of work","seconds":0.012805,"children":null},{"id":"fri_decommit","label":"FRI decommit","seconds":0.006142,"children":null},{"id":"trace_decommit","label":"Trace decommit","seconds":0.001658,"children":null},{"id":"constraint_check_and_assembly","label":"Constraint check and assembly","seconds":0.000242,"children":null}]}]}
METAL_STREAM_LEAVES columns=139 log=21 tile_log=17 scratch_bytes=67108864 working_bytes=46137344 dispatches=32 overlap=true gpu_ms=5.308
METAL_STREAM_LEAVES columns=139 log=21 tile_log=17 scratch_bytes=67108864 working_bytes=46137344 dispatches=32 overlap=true gpu_ms=5.470
METAL_STREAM_LEAVES columns=642 log=21 tile_log=17 scratch_bytes=67108864 working_bytes=62914560 dispatches=160 overlap=true gpu_ms=17.581
METAL_FRAMEWORK_INTERACTION rows=1048576 batches=31 gpu_ms=31.741499988129362
METAL_FRAMEWORK_INTERACTION rows=262144 batches=4 gpu_ms=0.454249995527789
METAL_FRAMEWORK_INTERACTION rows=262144 batches=1 gpu_ms=0.23599999258294702
METAL_FRAMEWORK_INTERACTION rows=131072 batches=2 gpu_ms=0.27866667369380593
METAL_FRAMEWORK_INTERACTION rows=1024 batches=2 gpu_ms=0.05212498945184052
METAL_FRAMEWORK_INTERACTION rows=4096 batches=1 gpu_ms=0.037916674045845866
METAL_FRAMEWORK_INTERACTION rows=4096 batches=2 gpu_ms=0.03983333590440452
METAL_FRAMEWORK_INTERACTION rows=8192 batches=1 gpu_ms=0.023291679099202156
METAL_STREAM_LEAVES columns=600 log=21 tile_log=17 scratch_bytes=67108864 working_bytes=62914560 dispatches=160 overlap=true gpu_ms=20.435
METAL_FRAMEWORK_COMPOSITION components=8 groups=6 gpu_ms=57.408
BLAKE3_EXECUTION_STAGE_PROFILE {"schema_version":1,"runtime":"native","example":"blake3-execution","stages":[{"id":"execution.fixed","label":"Admission and fixed commitment","seconds":0.093434,"children":null},{"id":"execution.main","label":"Main commitment","seconds":0.201273,"children":null},{"id":"execution.native_interaction","label":"Native interaction generation","seconds":0.090375,"children":null},{"id":"execution.hash_interaction","label":"Hash interaction generation","seconds":0.131178,"children":null},{"id":"execution.interaction_commit","label":"Interaction closure and commitment","seconds":0.217026,"children":null},{"id":"execution.core","label":"Core STARK proof","seconds":0.53787,"children":[{"id":"draw_random_coeff","label":"Draw random coefficient","seconds":0.000001,"children":null},{"id":"composition_trace_extract","label":"Composition trace extract","seconds":0.000008,"children":null},{"id":"composition_evaluation","label":"Composition evaluation","seconds":0.222918,"children":null},{"id":"composition_interpolate_and_split","label":"Composition interpolate and split","seconds":0.004688,"children":null},{"id":"composition_commit","label":"Composition commit","seconds":0.006225,"children":null},{"id":"oods_point_and_mask_points","label":"OODS point and mask points","seconds":0.000252,"children":null},{"id":"sampled_value_evaluation","label":"Sampled-value evaluation","seconds":0.185999,"children":null},{"id":"sampled_value_channel_mix","label":"Sampled-value channel mix","seconds":0.000055,"children":null},{"id":"fri_quotient_build_and_commit","label":"FRI quotient build + commit (lazy)","seconds":0.080954,"children":null},{"id":"proof_of_work","label":"Proof of work","seconds":0.013667,"children":null},{"id":"fri_decommit","label":"FRI decommit","seconds":0.00597,"children":null},{"id":"trace_decommit","label":"Trace decommit","seconds":0.001637,"children":null},{"id":"constraint_check_and_assembly","label":"Constraint check and assembly","seconds":0.00022,"children":null}]}]}
