BLAKE3_WITNESS_STAGE_PROFILE {"schema_version":1,"runtime":"host","example":"blake3-ethereum-witness","stages":[{"id":"witness.precompile","label":"Preflight and precompile witness","seconds":0.008767,"children":null},{"id":"witness.memory","label":"Memory commitment plan","seconds":0.001529,"children":null},{"id":"witness.hashes","label":"Hash columns and witness","seconds":0.037911,"children":null},{"id":"witness.native","label":"Native execution columns","seconds":0.00092,"children":null},{"id":"witness.lookup_counts","label":"Shared lookup counts and statement","seconds":0.032978,"children":null}]}
full-width witness: steps=1828 hash_counts={ 63000, 18000, 21360, 11097, 848, 303, 303, 404 } hash_logs={ 16, 15, 15, 14, 10, 9, 9, 9 } live=81843592 peak=101015977
full-width shared-path geometry [program, initial, final]: { .{ .words = 404, .independent_compressions = 98576, .shared_compressions = 4894, .proved_compressions = 0, .leaves = 1616, .parents = 1639, .frontier = 24 }, .{ .words = 136, .independent_compressions = 8296, .shared_compressions = 516, .proved_compressions = 516, .leaves = 136, .parents = 190, .frontier = 55 }, .{ .words = 167, .independent_compressions = 10187, .shared_compressions = 609, .proved_compressions = 609, .leaves = 167, .parents = 221, .frontier = 55 } }
METAL_STREAM_LEAVES columns=213 log=19 tile_log=17 scratch_bytes=67108864 working_bytes=46137344 dispatches=4 overlap=true gpu_ms=3.225
full-width admission: live=82523716 peak=175685605
METAL_STREAM_LEAVES columns=213 log=19 tile_log=17 scratch_bytes=67108864 working_bytes=46137344 dispatches=4 overlap=true gpu_ms=2.200
METAL_STREAM_LEAVES columns=6781 log=19 tile_log=16 scratch_bytes=67108864 working_bytes=44040192 dispatches=224 overlap=true gpu_ms=20.335
METAL_FRAMEWORK_INTERACTION rows=65536 batches=31 gpu_ms=2.3003750247880816
METAL_FRAMEWORK_INTERACTION rows=32768 batches=4 gpu_ms=0.11475000064820051
METAL_FRAMEWORK_INTERACTION rows=32768 batches=1 gpu_ms=0.06420834688469768
METAL_FRAMEWORK_INTERACTION rows=16384 batches=2 gpu_ms=0.08204166078940034
METAL_FRAMEWORK_INTERACTION rows=1024 batches=2 gpu_ms=0.03762499545700848
METAL_FRAMEWORK_INTERACTION rows=512 batches=1 gpu_ms=0.03587498213164508
METAL_FRAMEWORK_INTERACTION rows=512 batches=2 gpu_ms=0.04700000863522291
METAL_FRAMEWORK_INTERACTION rows=512 batches=1 gpu_ms=0.02362497616559267
METAL_STREAM_LEAVES columns=7224 log=19 tile_log=16 scratch_bytes=67108864 working_bytes=44040192 dispatches=240 overlap=true gpu_ms=19.786
METAL_FRAMEWORK_COMPOSITION components=8 groups=5 gpu_ms=3.723
BLAKE3_EXECUTION_STAGE_PROFILE {"schema_version":1,"runtime":"native","example":"blake3-extension","stages":[{"id":"execution.fixed","label":"Admission and fixed commitment","seconds":0.026629,"children":null},{"id":"execution.main","label":"Main commitment","seconds":0.065117,"children":null},{"id":"execution.native_interaction","label":"Native interaction generation","seconds":0.010508,"children":null},{"id":"execution.hash_interaction","label":"Hash interaction generation","seconds":0.01681,"children":null},{"id":"execution.extension_interaction","label":"Precompile interaction generation","seconds":0.016373,"children":null},{"id":"execution.interaction_commit","label":"Interaction closure and commitment","seconds":0.074861,"children":null},{"id":"execution.core","label":"Core STARK proof","seconds":0.242182,"children":[{"id":"draw_random_coeff","label":"Draw random coefficient","seconds":0,"children":null},{"id":"composition_trace_extract","label":"Composition trace extract","seconds":0.00006,"children":null},{"id":"composition_evaluation","label":"Composition evaluation","seconds":0.064885,"children":null},{"id":"composition_interpolate_and_split","label":"Composition interpolate and split","seconds":0.001568,"children":null},{"id":"composition_commit","label":"Composition commit","seconds":0.00238,"children":null},{"id":"oods_point_and_mask_points","label":"OODS point and mask points","seconds":0.000742,"children":null},{"id":"sampled_value_evaluation","label":"Sampled-value evaluation","seconds":0.031829,"children":null},{"id":"sampled_value_channel_mix","label":"Sampled-value channel mix","seconds":0.000962,"children":null},{"id":"fri_quotient_build_and_commit","label":"FRI quotient build + commit (lazy)","seconds":0.091695,"children":null},{"id":"proof_of_work","label":"Proof of work","seconds":0.040728,"children":null},{"id":"fri_decommit","label":"FRI decommit","seconds":0.001783,"children":null},{"id":"trace_decommit","label":"Trace decommit","seconds":0.002641,"children":null},{"id":"constraint_check_and_assembly","label":"Constraint check and assembly","seconds":0.000666,"children":null}]}]}
BLAKE3_WITNESS_STAGE_PROFILE {"schema_version":1,"runtime":"host","example":"blake3-ethereum-witness","stages":[{"id":"witness.precompile","label":"Preflight and precompile witness","seconds":0.009075,"children":null},{"id":"witness.memory","label":"Memory commitment plan","seconds":0.001517,"children":null},{"id":"witness.hashes","label":"Hash columns and witness","seconds":0.036454,"children":null},{"id":"witness.native","label":"Native execution columns","seconds":0.000881,"children":null},{"id":"witness.lookup_counts","label":"Shared lookup counts and statement","seconds":0.03345,"children":null}]}
full-width witness: steps=1828 hash_counts={ 63000, 18000, 21360, 11097, 848, 303, 303, 404 } hash_logs={ 16, 15, 15, 14, 10, 9, 9, 9 } live=81843592 peak=586618403
full-width shared-path geometry [program, initial, final]: { .{ .words = 404, .independent_compressions = 98576, .shared_compressions = 4894, .proved_compressions = 0, .leaves = 1616, .parents = 1639, .frontier = 24 }, .{ .words = 136, .independent_compressions = 8296, .shared_compressions = 516, .proved_compressions = 516, .leaves = 136, .parents = 190, .frontier = 55 }, .{ .words = 167, .independent_compressions = 10187, .shared_compressions = 609, .proved_compressions = 609, .leaves = 167, .parents = 221, .frontier = 55 } }
METAL_STREAM_LEAVES columns=213 log=19 tile_log=17 scratch_bytes=67108864 working_bytes=46137344 dispatches=4 overlap=true gpu_ms=2.301
full-width admission: live=82523716 peak=586618403
METAL_STREAM_LEAVES columns=213 log=19 tile_log=17 scratch_bytes=67108864 working_bytes=46137344 dispatches=4 overlap=true gpu_ms=2.004
METAL_STREAM_LEAVES columns=6781 log=19 tile_log=16 scratch_bytes=67108864 working_bytes=44040192 dispatches=224 overlap=true gpu_ms=20.432
METAL_FRAMEWORK_INTERACTION rows=65536 batches=31 gpu_ms=2.4060833384282887
METAL_FRAMEWORK_INTERACTION rows=32768 batches=4 gpu_ms=0.28866666252724826
METAL_FRAMEWORK_INTERACTION rows=32768 batches=1 gpu_ms=0.04549999721348286
METAL_FRAMEWORK_INTERACTION rows=16384 batches=2 gpu_ms=0.061875005485489964
METAL_FRAMEWORK_INTERACTION rows=1024 batches=2 gpu_ms=0.02937499084509909
METAL_FRAMEWORK_INTERACTION rows=512 batches=1 gpu_ms=0.027375004719942808
METAL_FRAMEWORK_INTERACTION rows=512 batches=2 gpu_ms=0.035583332646638155
METAL_FRAMEWORK_INTERACTION rows=512 batches=1 gpu_ms=0.017375015886500478
METAL_STREAM_LEAVES columns=7224 log=19 tile_log=16 scratch_bytes=67108864 working_bytes=44040192 dispatches=240 overlap=true gpu_ms=19.847
METAL_FRAMEWORK_COMPOSITION components=8 groups=5 gpu_ms=3.862
BLAKE3_EXECUTION_STAGE_PROFILE {"schema_version":1,"runtime":"native","example":"blake3-extension","stages":[{"id":"execution.fixed","label":"Admission and fixed commitment","seconds":0.029154,"children":null},{"id":"execution.main","label":"Main commitment","seconds":0.061525,"children":null},{"id":"execution.native_interaction","label":"Native interaction generation","seconds":0.010483,"children":null},{"id":"execution.hash_interaction","label":"Hash interaction generation","seconds":0.011721,"children":null},{"id":"execution.extension_interaction","label":"Precompile interaction generation","seconds":0.016089,"children":null},{"id":"execution.interaction_commit","label":"Interaction closure and commitment","seconds":0.070991,"children":null},{"id":"execution.core","label":"Core STARK proof","seconds":0.23686,"children":[{"id":"draw_random_coeff","label":"Draw random coefficient","seconds":0,"children":null},{"id":"composition_trace_extract","label":"Composition trace extract","seconds":0.000048,"children":null},{"id":"composition_evaluation","label":"Composition evaluation","seconds":0.064513,"children":null},{"id":"composition_interpolate_and_split","label":"Composition interpolate and split","seconds":0.001487,"children":null},{"id":"composition_commit","label":"Composition commit","seconds":0.002043,"children":null},{"id":"oods_point_and_mask_points","label":"OODS point and mask points","seconds":0.000659,"children":null},{"id":"sampled_value_evaluation","label":"Sampled-value evaluation","seconds":0.029828,"children":null},{"id":"sampled_value_channel_mix","label":"Sampled-value channel mix","seconds":0.000989,"children":null},{"id":"fri_quotient_build_and_commit","label":"FRI quotient build + commit (lazy)","seconds":0.085382,"children":null},{"id":"proof_of_work","label":"Proof of work","seconds":0.045115,"children":null},{"id":"fri_decommit","label":"FRI decommit","seconds":0.001756,"children":null},{"id":"trace_decommit","label":"Trace decommit","seconds":0.002136,"children":null},{"id":"constraint_check_and_assembly","label":"Constraint check and assembly","seconds":0.000632,"children":null}]}]}
BLAKE3_WITNESS_STAGE_PROFILE {"schema_version":1,"runtime":"host","example":"blake3-ethereum-witness","stages":[{"id":"witness.precompile","label":"Preflight and precompile witness","seconds":0.009091,"children":null},{"id":"witness.memory","label":"Memory commitment plan","seconds":0.001524,"children":null},{"id":"witness.hashes","label":"Hash columns and witness","seconds":0.037571,"children":null},{"id":"witness.native","label":"Native execution columns","seconds":0.000872,"children":null},{"id":"witness.lookup_counts","label":"Shared lookup counts and statement","seconds":0.03227,"children":null}]}
full-width witness: steps=1828 hash_counts={ 63000, 18000, 21360, 11097, 848, 303, 303, 404 } hash_logs={ 16, 15, 15, 14, 10, 9, 9, 9 } live=81843592 peak=586618403
full-width shared-path geometry [program, initial, final]: { .{ .words = 404, .independent_compressions = 98576, .shared_compressions = 4894, .proved_compressions = 0, .leaves = 1616, .parents = 1639, .frontier = 24 }, .{ .words = 136, .independent_compressions = 8296, .shared_compressions = 516, .proved_compressions = 516, .leaves = 136, .parents = 190, .frontier = 55 }, .{ .words = 167, .independent_compressions = 10187, .shared_compressions = 609, .proved_compressions = 609, .leaves = 167, .parents = 221, .frontier = 55 } }
METAL_STREAM_LEAVES columns=213 log=19 tile_log=17 scratch_bytes=67108864 working_bytes=46137344 dispatches=4 overlap=true gpu_ms=1.753
full-width admission: live=82523716 peak=586618403
METAL_STREAM_LEAVES columns=213 log=19 tile_log=17 scratch_bytes=67108864 working_bytes=46137344 dispatches=4 overlap=true gpu_ms=1.471
METAL_STREAM_LEAVES columns=6781 log=19 tile_log=16 scratch_bytes=67108864 working_bytes=44040192 dispatches=224 overlap=true gpu_ms=20.463
METAL_FRAMEWORK_INTERACTION rows=65536 batches=31 gpu_ms=2.3449166619684547
METAL_FRAMEWORK_INTERACTION rows=32768 batches=4 gpu_ms=0.10887498501688242
METAL_FRAMEWORK_INTERACTION rows=32768 batches=1 gpu_ms=0.045374996261671185
METAL_FRAMEWORK_INTERACTION rows=16384 batches=2 gpu_ms=0.06074999691918492
METAL_FRAMEWORK_INTERACTION rows=1024 batches=2 gpu_ms=0.029666669433936477
METAL_FRAMEWORK_INTERACTION rows=512 batches=1 gpu_ms=0.028499984182417393
METAL_FRAMEWORK_INTERACTION rows=512 batches=2 gpu_ms=0.03654166357591748
METAL_FRAMEWORK_INTERACTION rows=512 batches=1 gpu_ms=0.017291662516072392
METAL_STREAM_LEAVES columns=7224 log=19 tile_log=16 scratch_bytes=67108864 working_bytes=44040192 dispatches=240 overlap=true gpu_ms=19.891
METAL_FRAMEWORK_COMPOSITION components=8 groups=5 gpu_ms=3.893
BLAKE3_EXECUTION_STAGE_PROFILE {"schema_version":1,"runtime":"native","example":"blake3-extension","stages":[{"id":"execution.fixed","label":"Admission and fixed commitment","seconds":0.027745,"children":null},{"id":"execution.main","label":"Main commitment","seconds":0.065591,"children":null},{"id":"execution.native_interaction","label":"Native interaction generation","seconds":0.010442,"children":null},{"id":"execution.hash_interaction","label":"Hash interaction generation","seconds":0.011353,"children":null},{"id":"execution.extension_interaction","label":"Precompile interaction generation","seconds":0.015999,"children":null},{"id":"execution.interaction_commit","label":"Interaction closure and commitment","seconds":0.0704,"children":null},{"id":"execution.core","label":"Core STARK proof","seconds":0.245888,"children":[{"id":"draw_random_coeff","label":"Draw random coefficient","seconds":0,"children":null},{"id":"composition_trace_extract","label":"Composition trace extract","seconds":0.000054,"children":null},{"id":"composition_evaluation","label":"Composition evaluation","seconds":0.065203,"children":null},{"id":"composition_interpolate_and_split","label":"Composition interpolate and split","seconds":0.001373,"children":null},{"id":"composition_commit","label":"Composition commit","seconds":0.002755,"children":null},{"id":"oods_point_and_mask_points","label":"OODS point and mask points","seconds":0.000617,"children":null},{"id":"sampled_value_evaluation","label":"Sampled-value evaluation","seconds":0.032453,"children":null},{"id":"sampled_value_channel_mix","label":"Sampled-value channel mix","seconds":0.000993,"children":null},{"id":"fri_quotient_build_and_commit","label":"FRI quotient build + commit (lazy)","seconds":0.09561,"children":null},{"id":"proof_of_work","label":"Proof of work","seconds":0.039751,"children":null},{"id":"fri_decommit","label":"FRI decommit","seconds":0.001748,"children":null},{"id":"trace_decommit","label":"Trace decommit","seconds":0.002313,"children":null},{"id":"constraint_check_and_assembly","label":"Constraint check and assembly","seconds":0.000619,"children":null}]}]}
