BLAKE3_WITNESS_STAGE_PROFILE {"schema_version":1,"runtime":"host","example":"blake3-ethereum-witness","stages":[{"id":"witness.precompile","label":"Preflight and precompile witness","seconds":0.008904,"children":null},{"id":"witness.memory","label":"Memory commitment plan","seconds":0.001546,"children":null},{"id":"witness.hashes","label":"Hash columns and witness","seconds":0.037666,"children":null},{"id":"witness.native","label":"Native execution columns","seconds":0.000995,"children":null},{"id":"witness.lookup_counts","label":"Shared lookup counts and statement","seconds":0.031959,"children":null}]}
full-width witness: steps=1828 hash_counts={ 63000, 18000, 21360, 11097, 848, 303, 303, 404 } hash_logs={ 16, 15, 15, 14, 10, 9, 9, 9 } live=81843592 peak=101015977
full-width shared-path geometry [program, initial, final]: { .{ .words = 404, .independent_compressions = 98576, .shared_compressions = 4894, .proved_compressions = 0, .leaves = 1616, .parents = 1639, .frontier = 24 }, .{ .words = 136, .independent_compressions = 8296, .shared_compressions = 516, .proved_compressions = 516, .leaves = 136, .parents = 190, .frontier = 55 }, .{ .words = 167, .independent_compressions = 10187, .shared_compressions = 609, .proved_compressions = 609, .leaves = 167, .parents = 221, .frontier = 55 } }
METAL_STREAM_LEAVES columns=213 log=19 tile_log=17 scratch_bytes=67108864 working_bytes=46137344 dispatches=4 overlap=true gpu_ms=6.600
full-width admission: live=82523716 peak=175685605
METAL_STREAM_LEAVES columns=213 log=19 tile_log=17 scratch_bytes=67108864 working_bytes=46137344 dispatches=4 overlap=true gpu_ms=6.488
METAL_STREAM_LEAVES columns=6781 log=19 tile_log=16 scratch_bytes=67108864 working_bytes=44040192 dispatches=224 overlap=true gpu_ms=26.743
METAL_FRAMEWORK_INTERACTION rows=65536 batches=31 gpu_ms=2.3410416615661234
METAL_FRAMEWORK_INTERACTION rows=32768 batches=4 gpu_ms=0.10370832751505077
METAL_FRAMEWORK_INTERACTION rows=32768 batches=1 gpu_ms=0.0446666672360152
METAL_FRAMEWORK_INTERACTION rows=16384 batches=2 gpu_ms=0.06916667916812003
METAL_FRAMEWORK_INTERACTION rows=1024 batches=2 gpu_ms=0.029000017093494534
METAL_FRAMEWORK_INTERACTION rows=512 batches=1 gpu_ms=0.027000001864507794
METAL_FRAMEWORK_INTERACTION rows=512 batches=2 gpu_ms=0.035500008380040526
METAL_FRAMEWORK_INTERACTION rows=512 batches=1 gpu_ms=0.017541664419695735
METAL_STREAM_LEAVES columns=7224 log=19 tile_log=16 scratch_bytes=67108864 working_bytes=44040192 dispatches=240 overlap=true gpu_ms=19.739
METAL_FRAMEWORK_COMPOSITION components=8 groups=5 gpu_ms=4.103
BLAKE3_EXECUTION_STAGE_PROFILE {"schema_version":1,"runtime":"native","example":"blake3-extension","stages":[{"id":"execution.fixed","label":"Admission and fixed commitment","seconds":0.039847,"children":null},{"id":"execution.main","label":"Main commitment","seconds":0.090351,"children":null},{"id":"execution.native_interaction","label":"Native interaction generation","seconds":0.011618,"children":null},{"id":"execution.hash_interaction","label":"Hash interaction generation","seconds":0.016843,"children":null},{"id":"execution.extension_interaction","label":"Precompile interaction generation","seconds":0.016419,"children":null},{"id":"execution.interaction_commit","label":"Interaction closure and commitment","seconds":0.078232,"children":null},{"id":"execution.core","label":"Core STARK proof","seconds":0.241548,"children":[{"id":"draw_random_coeff","label":"Draw random coefficient","seconds":0,"children":null},{"id":"composition_trace_extract","label":"Composition trace extract","seconds":0.000051,"children":null},{"id":"composition_evaluation","label":"Composition evaluation","seconds":0.069266,"children":null},{"id":"composition_interpolate_and_split","label":"Composition interpolate and split","seconds":0.001251,"children":null},{"id":"composition_commit","label":"Composition commit","seconds":0.00192,"children":null},{"id":"oods_point_and_mask_points","label":"OODS point and mask points","seconds":0.00074,"children":null},{"id":"sampled_value_evaluation","label":"Sampled-value evaluation","seconds":0.028954,"children":null},{"id":"sampled_value_channel_mix","label":"Sampled-value channel mix","seconds":0.000992,"children":null},{"id":"fri_quotient_build_and_commit","label":"FRI quotient build + commit (lazy)","seconds":0.086942,"children":null},{"id":"proof_of_work","label":"Proof of work","seconds":0.043723,"children":null},{"id":"fri_decommit","label":"FRI decommit","seconds":0.001758,"children":null},{"id":"trace_decommit","label":"Trace decommit","seconds":0.002694,"children":null},{"id":"constraint_check_and_assembly","label":"Constraint check and assembly","seconds":0.000847,"children":null}]}]}
BLAKE3_WITNESS_STAGE_PROFILE {"schema_version":1,"runtime":"host","example":"blake3-ethereum-witness","stages":[{"id":"witness.precompile","label":"Preflight and precompile witness","seconds":0.009061,"children":null},{"id":"witness.memory","label":"Memory commitment plan","seconds":0.00165,"children":null},{"id":"witness.hashes","label":"Hash columns and witness","seconds":0.037247,"children":null},{"id":"witness.native","label":"Native execution columns","seconds":0.000881,"children":null},{"id":"witness.lookup_counts","label":"Shared lookup counts and statement","seconds":0.033587,"children":null}]}
full-width witness: steps=1828 hash_counts={ 63000, 18000, 21360, 11097, 848, 303, 303, 404 } hash_logs={ 16, 15, 15, 14, 10, 9, 9, 9 } live=81843592 peak=586618403
full-width shared-path geometry [program, initial, final]: { .{ .words = 404, .independent_compressions = 98576, .shared_compressions = 4894, .proved_compressions = 0, .leaves = 1616, .parents = 1639, .frontier = 24 }, .{ .words = 136, .independent_compressions = 8296, .shared_compressions = 516, .proved_compressions = 516, .leaves = 136, .parents = 190, .frontier = 55 }, .{ .words = 167, .independent_compressions = 10187, .shared_compressions = 609, .proved_compressions = 609, .leaves = 167, .parents = 221, .frontier = 55 } }
METAL_STREAM_LEAVES columns=213 log=19 tile_log=17 scratch_bytes=67108864 working_bytes=46137344 dispatches=4 overlap=true gpu_ms=1.725
full-width admission: live=82523716 peak=586618403
METAL_STREAM_LEAVES columns=213 log=19 tile_log=17 scratch_bytes=67108864 working_bytes=46137344 dispatches=4 overlap=true gpu_ms=1.358
METAL_STREAM_LEAVES columns=6781 log=19 tile_log=16 scratch_bytes=67108864 working_bytes=44040192 dispatches=224 overlap=true gpu_ms=20.439
METAL_FRAMEWORK_INTERACTION rows=65536 batches=31 gpu_ms=2.392791648162529
METAL_FRAMEWORK_INTERACTION rows=32768 batches=4 gpu_ms=0.12737500946968794
METAL_FRAMEWORK_INTERACTION rows=32768 batches=1 gpu_ms=0.05045832949690521
METAL_FRAMEWORK_INTERACTION rows=16384 batches=2 gpu_ms=0.062499981140717864
METAL_FRAMEWORK_INTERACTION rows=1024 batches=2 gpu_ms=0.029708317015320063
METAL_FRAMEWORK_INTERACTION rows=512 batches=1 gpu_ms=0.02750000567175448
METAL_FRAMEWORK_INTERACTION rows=512 batches=2 gpu_ms=0.03724999260157347
METAL_FRAMEWORK_INTERACTION rows=512 batches=1 gpu_ms=0.01762501779012382
METAL_STREAM_LEAVES columns=7224 log=19 tile_log=16 scratch_bytes=67108864 working_bytes=44040192 dispatches=240 overlap=true gpu_ms=19.955
METAL_FRAMEWORK_COMPOSITION components=8 groups=5 gpu_ms=3.957
BLAKE3_EXECUTION_STAGE_PROFILE {"schema_version":1,"runtime":"native","example":"blake3-extension","stages":[{"id":"execution.fixed","label":"Admission and fixed commitment","seconds":0.031707,"children":null},{"id":"execution.main","label":"Main commitment","seconds":0.065609,"children":null},{"id":"execution.native_interaction","label":"Native interaction generation","seconds":0.010508,"children":null},{"id":"execution.hash_interaction","label":"Hash interaction generation","seconds":0.011858,"children":null},{"id":"execution.extension_interaction","label":"Precompile interaction generation","seconds":0.016186,"children":null},{"id":"execution.interaction_commit","label":"Interaction closure and commitment","seconds":0.071808,"children":null},{"id":"execution.core","label":"Core STARK proof","seconds":0.234969,"children":[{"id":"draw_random_coeff","label":"Draw random coefficient","seconds":0,"children":null},{"id":"composition_trace_extract","label":"Composition trace extract","seconds":0.000047,"children":null},{"id":"composition_evaluation","label":"Composition evaluation","seconds":0.063252,"children":null},{"id":"composition_interpolate_and_split","label":"Composition interpolate and split","seconds":0.001431,"children":null},{"id":"composition_commit","label":"Composition commit","seconds":0.002011,"children":null},{"id":"oods_point_and_mask_points","label":"OODS point and mask points","seconds":0.000639,"children":null},{"id":"sampled_value_evaluation","label":"Sampled-value evaluation","seconds":0.029021,"children":null},{"id":"sampled_value_channel_mix","label":"Sampled-value channel mix","seconds":0.000989,"children":null},{"id":"fri_quotient_build_and_commit","label":"FRI quotient build + commit (lazy)","seconds":0.087687,"children":null},{"id":"proof_of_work","label":"Proof of work","seconds":0.042987,"children":null},{"id":"fri_decommit","label":"FRI decommit","seconds":0.001778,"children":null},{"id":"trace_decommit","label":"Trace decommit","seconds":0.002048,"children":null},{"id":"constraint_check_and_assembly","label":"Constraint check and assembly","seconds":0.000645,"children":null}]}]}
BLAKE3_WITNESS_STAGE_PROFILE {"schema_version":1,"runtime":"host","example":"blake3-ethereum-witness","stages":[{"id":"witness.precompile","label":"Preflight and precompile witness","seconds":0.009045,"children":null},{"id":"witness.memory","label":"Memory commitment plan","seconds":0.001582,"children":null},{"id":"witness.hashes","label":"Hash columns and witness","seconds":0.038449,"children":null},{"id":"witness.native","label":"Native execution columns","seconds":0.000889,"children":null},{"id":"witness.lookup_counts","label":"Shared lookup counts and statement","seconds":0.032166,"children":null}]}
full-width witness: steps=1828 hash_counts={ 63000, 18000, 21360, 11097, 848, 303, 303, 404 } hash_logs={ 16, 15, 15, 14, 10, 9, 9, 9 } live=81843592 peak=586618403
full-width shared-path geometry [program, initial, final]: { .{ .words = 404, .independent_compressions = 98576, .shared_compressions = 4894, .proved_compressions = 0, .leaves = 1616, .parents = 1639, .frontier = 24 }, .{ .words = 136, .independent_compressions = 8296, .shared_compressions = 516, .proved_compressions = 516, .leaves = 136, .parents = 190, .frontier = 55 }, .{ .words = 167, .independent_compressions = 10187, .shared_compressions = 609, .proved_compressions = 609, .leaves = 167, .parents = 221, .frontier = 55 } }
METAL_STREAM_LEAVES columns=213 log=19 tile_log=17 scratch_bytes=67108864 working_bytes=46137344 dispatches=4 overlap=true gpu_ms=1.788
full-width admission: live=82523716 peak=586618403
METAL_STREAM_LEAVES columns=213 log=19 tile_log=17 scratch_bytes=67108864 working_bytes=46137344 dispatches=4 overlap=true gpu_ms=1.627
METAL_STREAM_LEAVES columns=6781 log=19 tile_log=16 scratch_bytes=67108864 working_bytes=44040192 dispatches=224 overlap=true gpu_ms=20.435
METAL_FRAMEWORK_INTERACTION rows=65536 batches=31 gpu_ms=2.4573749979026616
METAL_FRAMEWORK_INTERACTION rows=32768 batches=4 gpu_ms=0.1048749836627394
METAL_FRAMEWORK_INTERACTION rows=32768 batches=1 gpu_ms=0.0468333309981972
METAL_FRAMEWORK_INTERACTION rows=16384 batches=2 gpu_ms=0.06312498589977622
METAL_FRAMEWORK_INTERACTION rows=1024 batches=2 gpu_ms=0.029833317967131734
METAL_FRAMEWORK_INTERACTION rows=512 batches=1 gpu_ms=0.027999980375170708
METAL_FRAMEWORK_INTERACTION rows=512 batches=2 gpu_ms=0.036124984035268426
METAL_FRAMEWORK_INTERACTION rows=512 batches=1 gpu_ms=0.01791666727513075
METAL_STREAM_LEAVES columns=7224 log=19 tile_log=16 scratch_bytes=67108864 working_bytes=44040192 dispatches=240 overlap=true gpu_ms=19.724
METAL_FRAMEWORK_COMPOSITION components=8 groups=5 gpu_ms=3.836
BLAKE3_EXECUTION_STAGE_PROFILE {"schema_version":1,"runtime":"native","example":"blake3-extension","stages":[{"id":"execution.fixed","label":"Admission and fixed commitment","seconds":0.030327,"children":null},{"id":"execution.main","label":"Main commitment","seconds":0.066596,"children":null},{"id":"execution.native_interaction","label":"Native interaction generation","seconds":0.010528,"children":null},{"id":"execution.hash_interaction","label":"Hash interaction generation","seconds":0.011768,"children":null},{"id":"execution.extension_interaction","label":"Precompile interaction generation","seconds":0.016082,"children":null},{"id":"execution.interaction_commit","label":"Interaction closure and commitment","seconds":0.072757,"children":null},{"id":"execution.core","label":"Core STARK proof","seconds":0.238587,"children":[{"id":"draw_random_coeff","label":"Draw random coefficient","seconds":0,"children":null},{"id":"composition_trace_extract","label":"Composition trace extract","seconds":0.000051,"children":null},{"id":"composition_evaluation","label":"Composition evaluation","seconds":0.065733,"children":null},{"id":"composition_interpolate_and_split","label":"Composition interpolate and split","seconds":0.001086,"children":null},{"id":"composition_commit","label":"Composition commit","seconds":0.001844,"children":null},{"id":"oods_point_and_mask_points","label":"OODS point and mask points","seconds":0.000576,"children":null},{"id":"sampled_value_evaluation","label":"Sampled-value evaluation","seconds":0.029668,"children":null},{"id":"sampled_value_channel_mix","label":"Sampled-value channel mix","seconds":0.000987,"children":null},{"id":"fri_quotient_build_and_commit","label":"FRI quotient build + commit (lazy)","seconds":0.087027,"children":null},{"id":"proof_of_work","label":"Proof of work","seconds":0.044955,"children":null},{"id":"fri_decommit","label":"FRI decommit","seconds":0.001751,"children":null},{"id":"trace_decommit","label":"Trace decommit","seconds":0.001748,"children":null},{"id":"constraint_check_and_assembly","label":"Constraint check and assembly","seconds":0.000638,"children":null}]}]}
