METAL_STREAM_LEAVES columns=137 log=20 tile_log=17 scratch_bytes=67108864 working_bytes=46137344 dispatches=24 overlap=true gpu_ms=3.792
METAL_STREAM_LEAVES columns=137 log=20 tile_log=17 scratch_bytes=67108864 working_bytes=46137344 dispatches=24 overlap=true gpu_ms=3.539
METAL_STREAM_LEAVES columns=619 log=20 tile_log=17 scratch_bytes=67108864 working_bytes=62914560 dispatches=80 overlap=true gpu_ms=10.672
METAL_FRAMEWORK_INTERACTION rows=524288 batches=33 gpu_ms=20.19429166102782
METAL_FRAMEWORK_INTERACTION rows=131072 batches=4 gpu_ms=0.25775001267902553
METAL_FRAMEWORK_INTERACTION rows=262144 batches=1 gpu_ms=0.2758750051725656
METAL_FRAMEWORK_INTERACTION rows=131072 batches=2 gpu_ms=0.4072916635777801
METAL_FRAMEWORK_INTERACTION rows=1024 batches=2 gpu_ms=0.032958341762423515
METAL_FRAMEWORK_INTERACTION rows=4096 batches=1 gpu_ms=0.03662501694634557
METAL_FRAMEWORK_INTERACTION rows=4096 batches=2 gpu_ms=0.04604164860211313
METAL_FRAMEWORK_INTERACTION rows=8192 batches=1 gpu_ms=0.02837498323060572
METAL_STREAM_LEAVES columns=572 log=20 tile_log=17 scratch_bytes=67108864 working_bytes=62914560 dispatches=88 overlap=true gpu_ms=10.153
METAL_FRAMEWORK_COMPOSITION components=8 groups=6 gpu_ms=35.270
BLAKE3_EXECUTION_STAGE_PROFILE {"schema_version":1,"runtime":"native","example":"blake3-execution","stages":[{"id":"execution.fixed","label":"Admission and fixed commitment","seconds":0.065762,"children":null},{"id":"execution.main","label":"Main commitment","seconds":0.105938,"children":null},{"id":"execution.native_interaction","label":"Native interaction generation","seconds":0.015659,"children":null},{"id":"execution.hash_interaction","label":"Hash interaction generation","seconds":0.082165,"children":null},{"id":"execution.interaction_commit","label":"Interaction closure and commitment","seconds":0.11439,"children":null},{"id":"execution.core","label":"Core STARK proof","seconds":0.253676,"children":[{"id":"draw_random_coeff","label":"Draw random coefficient","seconds":0.000001,"children":null},{"id":"composition_trace_extract","label":"Composition trace extract","seconds":0.000007,"children":null},{"id":"composition_evaluation","label":"Composition evaluation","seconds":0.149407,"children":null},{"id":"composition_interpolate_and_split","label":"Composition interpolate and split","seconds":0.002628,"children":null},{"id":"composition_commit","label":"Composition commit","seconds":0.003273,"children":null},{"id":"oods_point_and_mask_points","label":"OODS point and mask points","seconds":0.000251,"children":null},{"id":"sampled_value_evaluation","label":"Sampled-value evaluation","seconds":0.028839,"children":null},{"id":"sampled_value_channel_mix","label":"Sampled-value channel mix","seconds":0.000054,"children":null},{"id":"fri_quotient_build_and_commit","label":"FRI quotient build + commit (lazy)","seconds":0.049942,"children":null},{"id":"proof_of_work","label":"Proof of work","seconds":0.005333,"children":null},{"id":"fri_decommit","label":"FRI decommit","seconds":0.00422,"children":null},{"id":"trace_decommit","label":"Trace decommit","seconds":0.001467,"children":null},{"id":"constraint_check_and_assembly","label":"Constraint check and assembly","seconds":0.000241,"children":null}]}]}
METAL_STREAM_LEAVES columns=137 log=20 tile_log=17 scratch_bytes=67108864 working_bytes=46137344 dispatches=24 overlap=true gpu_ms=2.474
METAL_STREAM_LEAVES columns=137 log=20 tile_log=17 scratch_bytes=67108864 working_bytes=46137344 dispatches=24 overlap=true gpu_ms=3.572
METAL_STREAM_LEAVES columns=619 log=20 tile_log=17 scratch_bytes=67108864 working_bytes=62914560 dispatches=80 overlap=true gpu_ms=12.099
METAL_FRAMEWORK_INTERACTION rows=524288 batches=33 gpu_ms=21.081666694954038
METAL_FRAMEWORK_INTERACTION rows=131072 batches=4 gpu_ms=0.25308335898444057
METAL_FRAMEWORK_INTERACTION rows=262144 batches=1 gpu_ms=0.30504167079925537
METAL_FRAMEWORK_INTERACTION rows=131072 batches=2 gpu_ms=0.3707916766870767
METAL_FRAMEWORK_INTERACTION rows=1024 batches=2 gpu_ms=0.04962499951943755
METAL_FRAMEWORK_INTERACTION rows=4096 batches=1 gpu_ms=0.05666667129844427
METAL_FRAMEWORK_INTERACTION rows=4096 batches=2 gpu_ms=0.0446666672360152
METAL_FRAMEWORK_INTERACTION rows=8192 batches=1 gpu_ms=0.04145831917412579
METAL_STREAM_LEAVES columns=572 log=20 tile_log=17 scratch_bytes=67108864 working_bytes=62914560 dispatches=88 overlap=true gpu_ms=10.693
METAL_FRAMEWORK_COMPOSITION components=8 groups=6 gpu_ms=34.651
BLAKE3_EXECUTION_STAGE_PROFILE {"schema_version":1,"runtime":"native","example":"blake3-execution","stages":[{"id":"execution.fixed","label":"Admission and fixed commitment","seconds":0.058212,"children":null},{"id":"execution.main","label":"Main commitment","seconds":0.107153,"children":null},{"id":"execution.native_interaction","label":"Native interaction generation","seconds":0.015785,"children":null},{"id":"execution.hash_interaction","label":"Hash interaction generation","seconds":0.078996,"children":null},{"id":"execution.interaction_commit","label":"Interaction closure and commitment","seconds":0.114639,"children":null},{"id":"execution.core","label":"Core STARK proof","seconds":0.224866,"children":[{"id":"draw_random_coeff","label":"Draw random coefficient","seconds":0.000001,"children":null},{"id":"composition_trace_extract","label":"Composition trace extract","seconds":0.000004,"children":null},{"id":"composition_evaluation","label":"Composition evaluation","seconds":0.129341,"children":null},{"id":"composition_interpolate_and_split","label":"Composition interpolate and split","seconds":0.004277,"children":null},{"id":"composition_commit","label":"Composition commit","seconds":0.003661,"children":null},{"id":"oods_point_and_mask_points","label":"OODS point and mask points","seconds":0.00023,"children":null},{"id":"sampled_value_evaluation","label":"Sampled-value evaluation","seconds":0.019917,"children":null},{"id":"sampled_value_channel_mix","label":"Sampled-value channel mix","seconds":0.000048,"children":null},{"id":"fri_quotient_build_and_commit","label":"FRI quotient build + commit (lazy)","seconds":0.048004,"children":null},{"id":"proof_of_work","label":"Proof of work","seconds":0.005383,"children":null},{"id":"fri_decommit","label":"FRI decommit","seconds":0.003652,"children":null},{"id":"trace_decommit","label":"Trace decommit","seconds":0.001724,"children":null},{"id":"constraint_check_and_assembly","label":"Constraint check and assembly","seconds":0.000208,"children":null}]}]}
METAL_STREAM_LEAVES columns=137 log=20 tile_log=17 scratch_bytes=67108864 working_bytes=46137344 dispatches=24 overlap=true gpu_ms=2.284
METAL_STREAM_LEAVES columns=137 log=20 tile_log=17 scratch_bytes=67108864 working_bytes=46137344 dispatches=24 overlap=true gpu_ms=2.386
METAL_STREAM_LEAVES columns=619 log=20 tile_log=17 scratch_bytes=67108864 working_bytes=62914560 dispatches=80 overlap=true gpu_ms=11.636
METAL_FRAMEWORK_INTERACTION rows=524288 batches=33 gpu_ms=19.6332499908749
METAL_FRAMEWORK_INTERACTION rows=131072 batches=4 gpu_ms=0.2517500251997262
METAL_FRAMEWORK_INTERACTION rows=262144 batches=1 gpu_ms=0.5944999866187572
METAL_FRAMEWORK_INTERACTION rows=131072 batches=2 gpu_ms=0.24237498291768134
METAL_FRAMEWORK_INTERACTION rows=1024 batches=2 gpu_ms=0.037208315916359425
METAL_FRAMEWORK_INTERACTION rows=4096 batches=1 gpu_ms=0.03637498593889177
METAL_FRAMEWORK_INTERACTION rows=4096 batches=2 gpu_ms=0.0459583243355155
METAL_FRAMEWORK_INTERACTION rows=8192 batches=1 gpu_ms=0.027791655156761408
METAL_STREAM_LEAVES columns=572 log=20 tile_log=17 scratch_bytes=67108864 working_bytes=62914560 dispatches=88 overlap=true gpu_ms=10.337
METAL_FRAMEWORK_COMPOSITION components=8 groups=6 gpu_ms=38.165
BLAKE3_EXECUTION_STAGE_PROFILE {"schema_version":1,"runtime":"native","example":"blake3-execution","stages":[{"id":"execution.fixed","label":"Admission and fixed commitment","seconds":0.056475,"children":null},{"id":"execution.main","label":"Main commitment","seconds":0.10783,"children":null},{"id":"execution.native_interaction","label":"Native interaction generation","seconds":0.015744,"children":null},{"id":"execution.hash_interaction","label":"Hash interaction generation","seconds":0.076518,"children":null},{"id":"execution.interaction_commit","label":"Interaction closure and commitment","seconds":0.114543,"children":null},{"id":"execution.core","label":"Core STARK proof","seconds":0.233598,"children":[{"id":"draw_random_coeff","label":"Draw random coefficient","seconds":0,"children":null},{"id":"composition_trace_extract","label":"Composition trace extract","seconds":0.000011,"children":null},{"id":"composition_evaluation","label":"Composition evaluation","seconds":0.132805,"children":null},{"id":"composition_interpolate_and_split","label":"Composition interpolate and split","seconds":0.002428,"children":null},{"id":"composition_commit","label":"Composition commit","seconds":0.003078,"children":null},{"id":"oods_point_and_mask_points","label":"OODS point and mask points","seconds":0.000239,"children":null},{"id":"sampled_value_evaluation","label":"Sampled-value evaluation","seconds":0.028946,"children":null},{"id":"sampled_value_channel_mix","label":"Sampled-value channel mix","seconds":0.00005,"children":null},{"id":"fri_quotient_build_and_commit","label":"FRI quotient build + commit (lazy)","seconds":0.047784,"children":null},{"id":"proof_of_work","label":"Proof of work","seconds":0.005134,"children":null},{"id":"fri_decommit","label":"FRI decommit","seconds":0.003834,"children":null},{"id":"trace_decommit","label":"Trace decommit","seconds":0.001261,"children":null},{"id":"constraint_check_and_assembly","label":"Constraint check and assembly","seconds":0.000212,"children":null}]}]}
