METAL_STREAM_LEAVES columns=139 log=21 tile_log=17 scratch_bytes=67108864 working_bytes=46137344 dispatches=32 overlap=true gpu_ms=5.013
METAL_STREAM_LEAVES columns=139 log=21 tile_log=17 scratch_bytes=67108864 working_bytes=46137344 dispatches=32 overlap=true gpu_ms=5.548
METAL_STREAM_LEAVES columns=654 log=21 tile_log=17 scratch_bytes=67108864 working_bytes=62914560 dispatches=176 overlap=true gpu_ms=17.980
METAL_FRAMEWORK_INTERACTION rows=1048576 batches=33 gpu_ms=37.12774999439716
METAL_FRAMEWORK_INTERACTION rows=262144 batches=4 gpu_ms=0.45720834168605506
METAL_FRAMEWORK_INTERACTION rows=262144 batches=1 gpu_ms=0.3529166569933295
METAL_FRAMEWORK_INTERACTION rows=131072 batches=2 gpu_ms=0.3878750139847398
METAL_FRAMEWORK_INTERACTION rows=1024 batches=2 gpu_ms=0.05600001895800233
METAL_FRAMEWORK_INTERACTION rows=4096 batches=1 gpu_ms=0.11854167678393424
METAL_FRAMEWORK_INTERACTION rows=4096 batches=2 gpu_ms=0.04800001624971628
METAL_FRAMEWORK_INTERACTION rows=8192 batches=1 gpu_ms=0.0237500062212348
METAL_STREAM_LEAVES columns=608 log=21 tile_log=17 scratch_bytes=67108864 working_bytes=62914560 dispatches=176 overlap=true gpu_ms=21.251
METAL_FRAMEWORK_COMPOSITION components=8 groups=6 gpu_ms=67.987
BLAKE3_EXECUTION_STAGE_PROFILE {"schema_version":1,"runtime":"native","example":"blake3-execution","stages":[{"id":"execution.fixed","label":"Admission and fixed commitment","seconds":0.090802,"children":null},{"id":"execution.main","label":"Main commitment","seconds":0.20659,"children":null},{"id":"execution.native_interaction","label":"Native interaction generation","seconds":0.092806,"children":null},{"id":"execution.hash_interaction","label":"Hash interaction generation","seconds":0.14683,"children":null},{"id":"execution.interaction_commit","label":"Interaction closure and commitment","seconds":0.223594,"children":null},{"id":"execution.core","label":"Core STARK proof","seconds":0.580699,"children":[{"id":"draw_random_coeff","label":"Draw random coefficient","seconds":0.000001,"children":null},{"id":"composition_trace_extract","label":"Composition trace extract","seconds":0.000007,"children":null},{"id":"composition_evaluation","label":"Composition evaluation","seconds":0.276892,"children":null},{"id":"composition_interpolate_and_split","label":"Composition interpolate and split","seconds":0.005008,"children":null},{"id":"composition_commit","label":"Composition commit","seconds":0.006254,"children":null},{"id":"oods_point_and_mask_points","label":"OODS point and mask points","seconds":0.000247,"children":null},{"id":"sampled_value_evaluation","label":"Sampled-value evaluation","seconds":0.185896,"children":null},{"id":"sampled_value_channel_mix","label":"Sampled-value channel mix","seconds":0.000054,"children":null},{"id":"fri_quotient_build_and_commit","label":"FRI quotient build + commit (lazy)","seconds":0.086623,"children":null},{"id":"proof_of_work","label":"Proof of work","seconds":0.002042,"children":null},{"id":"fri_decommit","label":"FRI decommit","seconds":0.002069,"children":null},{"id":"trace_decommit","label":"Trace decommit","seconds":0.001636,"children":null},{"id":"constraint_check_and_assembly","label":"Constraint check and assembly","seconds":0.00024,"children":null}]}]}
METAL_STREAM_LEAVES columns=139 log=21 tile_log=17 scratch_bytes=67108864 working_bytes=46137344 dispatches=32 overlap=true gpu_ms=5.927
METAL_STREAM_LEAVES columns=139 log=21 tile_log=17 scratch_bytes=67108864 working_bytes=46137344 dispatches=32 overlap=true gpu_ms=4.566
METAL_STREAM_LEAVES columns=654 log=21 tile_log=17 scratch_bytes=67108864 working_bytes=62914560 dispatches=176 overlap=true gpu_ms=22.366
METAL_FRAMEWORK_INTERACTION rows=1048576 batches=33 gpu_ms=38.41362500679679
METAL_FRAMEWORK_INTERACTION rows=262144 batches=4 gpu_ms=0.4544166731648147
METAL_FRAMEWORK_INTERACTION rows=262144 batches=1 gpu_ms=0.4984166589565575
METAL_FRAMEWORK_INTERACTION rows=131072 batches=2 gpu_ms=0.3073749830946326
METAL_FRAMEWORK_INTERACTION rows=1024 batches=2 gpu_ms=0.047999987145885825
METAL_FRAMEWORK_INTERACTION rows=4096 batches=1 gpu_ms=0.12133334530517459
METAL_FRAMEWORK_INTERACTION rows=4096 batches=2 gpu_ms=0.0439999857917428
METAL_FRAMEWORK_INTERACTION rows=8192 batches=1 gpu_ms=0.03770831972360611
METAL_STREAM_LEAVES columns=608 log=21 tile_log=17 scratch_bytes=67108864 working_bytes=62914560 dispatches=176 overlap=true gpu_ms=20.953
METAL_FRAMEWORK_COMPOSITION components=8 groups=6 gpu_ms=68.333
BLAKE3_EXECUTION_STAGE_PROFILE {"schema_version":1,"runtime":"native","example":"blake3-execution","stages":[{"id":"execution.fixed","label":"Admission and fixed commitment","seconds":0.096177,"children":null},{"id":"execution.main","label":"Main commitment","seconds":0.211746,"children":null},{"id":"execution.native_interaction","label":"Native interaction generation","seconds":0.089746,"children":null},{"id":"execution.hash_interaction","label":"Hash interaction generation","seconds":0.143459,"children":null},{"id":"execution.interaction_commit","label":"Interaction closure and commitment","seconds":0.226572,"children":null},{"id":"execution.core","label":"Core STARK proof","seconds":0.543323,"children":[{"id":"draw_random_coeff","label":"Draw random coefficient","seconds":0,"children":null},{"id":"composition_trace_extract","label":"Composition trace extract","seconds":0.000007,"children":null},{"id":"composition_evaluation","label":"Composition evaluation","seconds":0.244867,"children":null},{"id":"composition_interpolate_and_split","label":"Composition interpolate and split","seconds":0.005012,"children":null},{"id":"composition_commit","label":"Composition commit","seconds":0.006691,"children":null},{"id":"oods_point_and_mask_points","label":"OODS point and mask points","seconds":0.000249,"children":null},{"id":"sampled_value_evaluation","label":"Sampled-value evaluation","seconds":0.181035,"children":null},{"id":"sampled_value_channel_mix","label":"Sampled-value channel mix","seconds":0.000055,"children":null},{"id":"fri_quotient_build_and_commit","label":"FRI quotient build + commit (lazy)","seconds":0.085856,"children":null},{"id":"proof_of_work","label":"Proof of work","seconds":0.001966,"children":null},{"id":"fri_decommit","label":"FRI decommit","seconds":0.001943,"children":null},{"id":"trace_decommit","label":"Trace decommit","seconds":0.001459,"children":null},{"id":"constraint_check_and_assembly","label":"Constraint check and assembly","seconds":0.000226,"children":null}]}]}
METAL_STREAM_LEAVES columns=139 log=21 tile_log=17 scratch_bytes=67108864 working_bytes=46137344 dispatches=32 overlap=true gpu_ms=6.811
METAL_STREAM_LEAVES columns=139 log=21 tile_log=17 scratch_bytes=67108864 working_bytes=46137344 dispatches=32 overlap=true gpu_ms=8.748
METAL_STREAM_LEAVES columns=654 log=21 tile_log=17 scratch_bytes=67108864 working_bytes=62914560 dispatches=176 overlap=true gpu_ms=19.196
METAL_FRAMEWORK_INTERACTION rows=1048576 batches=33 gpu_ms=33.64975002477877
METAL_FRAMEWORK_INTERACTION rows=262144 batches=4 gpu_ms=0.47687499318271875
METAL_FRAMEWORK_INTERACTION rows=262144 batches=1 gpu_ms=0.444875011453405
METAL_FRAMEWORK_INTERACTION rows=131072 batches=2 gpu_ms=0.26775000151246786
METAL_FRAMEWORK_INTERACTION rows=1024 batches=2 gpu_ms=0.030750001315027475
METAL_FRAMEWORK_INTERACTION rows=4096 batches=1 gpu_ms=0.03220833605155349
METAL_FRAMEWORK_INTERACTION rows=4096 batches=2 gpu_ms=0.04145834827795625
METAL_FRAMEWORK_INTERACTION rows=8192 batches=1 gpu_ms=0.024791661417111754
METAL_STREAM_LEAVES columns=608 log=21 tile_log=17 scratch_bytes=67108864 working_bytes=62914560 dispatches=176 overlap=true gpu_ms=21.171
METAL_FRAMEWORK_COMPOSITION components=8 groups=6 gpu_ms=68.329
BLAKE3_EXECUTION_STAGE_PROFILE {"schema_version":1,"runtime":"native","example":"blake3-execution","stages":[{"id":"execution.fixed","label":"Admission and fixed commitment","seconds":0.094363,"children":null},{"id":"execution.main","label":"Main commitment","seconds":0.222183,"children":null},{"id":"execution.native_interaction","label":"Native interaction generation","seconds":0.090358,"children":null},{"id":"execution.hash_interaction","label":"Hash interaction generation","seconds":0.139967,"children":null},{"id":"execution.interaction_commit","label":"Interaction closure and commitment","seconds":0.225296,"children":null},{"id":"execution.core","label":"Core STARK proof","seconds":0.542359,"children":[{"id":"draw_random_coeff","label":"Draw random coefficient","seconds":0.000001,"children":null},{"id":"composition_trace_extract","label":"Composition trace extract","seconds":0.000006,"children":null},{"id":"composition_evaluation","label":"Composition evaluation","seconds":0.243261,"children":null},{"id":"composition_interpolate_and_split","label":"Composition interpolate and split","seconds":0.004936,"children":null},{"id":"composition_commit","label":"Composition commit","seconds":0.006158,"children":null},{"id":"oods_point_and_mask_points","label":"OODS point and mask points","seconds":0.000244,"children":null},{"id":"sampled_value_evaluation","label":"Sampled-value evaluation","seconds":0.18345,"children":null},{"id":"sampled_value_channel_mix","label":"Sampled-value channel mix","seconds":0.000055,"children":null},{"id":"fri_quotient_build_and_commit","label":"FRI quotient build + commit (lazy)","seconds":0.085079,"children":null},{"id":"proof_of_work","label":"Proof of work","seconds":0.001903,"children":null},{"id":"fri_decommit","label":"FRI decommit","seconds":0.00198,"children":null},{"id":"trace_decommit","label":"Trace decommit","seconds":0.001488,"children":null},{"id":"constraint_check_and_assembly","label":"Constraint check and assembly","seconds":0.000241,"children":null}]}]}
