DETACHED_PARENT_PCS_PHASE lane=1 selected_lane_only=true capture_ns=219944458 plans_ns=3240500 authority_ns=473100042 rows_ns=325800458
DETACHED_PARENT_CHILD_PHASE lane=1 prefix_ns=171916 transcript_ns=133125 pcs_ns=1022128209 boundary_ns=7903833 composition_ns=7184500
DETACHED_PARENT_CHILD lane=1 preparation_ns=1037550916
DETACHED_PARENT_PCS_PHASE lane=2 selected_lane_only=true capture_ns=218005750 plans_ns=3247208 authority_ns=472446000 rows_ns=320706750
DETACHED_PARENT_CHILD_PHASE lane=2 prefix_ns=142959 transcript_ns=68750 pcs_ns=1014428458 boundary_ns=7845000 composition_ns=7152833
DETACHED_PARENT_CHILD lane=2 preparation_ns=2067216500
riscv_detached_arithmetic_fusion lane=501 dot4_rows=395 multiply_add_rows=8779
riscv_detached_arithmetic_fusion lane=511 dot4_rows=2616 multiply_add_rows=3495
riscv_detached_arithmetic_fusion lane=412 dot4_rows=105869 multiply_add_rows=32356
riscv_detached_arithmetic_fusion lane=402 dot4_rows=5790 multiply_add_rows=103659
riscv_detached_arithmetic_fusion lane=502 dot4_rows=395 multiply_add_rows=8779
riscv_detached_arithmetic_fusion lane=512 dot4_rows=2616 multiply_add_rows=3495
riscv_detached_arithmetic_fusion lane=413 dot4_rows=105869 multiply_add_rows=32356
riscv_detached_arithmetic_fusion lane=403 dot4_rows=5790 multiply_add_rows=103659
riscv_detached_arithmetic_fusion lane=521 dot4_rows=2592 multiply_add_rows=2612
DETACHED_PARENT_ROW row=0 rows=6378 logical_bytes=306144
DETACHED_PARENT_ROW row=1 rows=2768 logical_bytes=531456
DETACHED_PARENT_ROW row=2 rows=2768 logical_bytes=409664
DETACHED_PARENT_ROW row=3 rows=206 logical_bytes=29664
DETACHED_PARENT_ROW row=4 rows=20496 logical_bytes=1557696
DETACHED_PARENT_ROW row=5 rows=18892 logical_bytes=1586928
DETACHED_PARENT_ROW row=6 rows=4 logical_bytes=1088
DETACHED_PARENT_ROW row=7 rows=4 logical_bytes=240
DETACHED_PARENT_ROW row=8 rows=94 logical_bytes=9400
DETACHED_PARENT_ROW row=9 rows=66 logical_bytes=8448
DETACHED_PARENT_ROW row=10 rows=8 logical_bytes=736
DETACHED_PARENT_ROW row=11 rows=61669 logical_bytes=5673548
DETACHED_PARENT_ROW row=12 rows=0 logical_bytes=0
DETACHED_PARENT_ROW row=13 rows=80125 logical_bytes=3205000
DETACHED_PARENT_ROW row=14 rows=231932 logical_bytes=50097312
DETACHED_PARENT_ROW row=20 rows=386 logical_bytes=114256
DETACHED_PARENT_ROW row=21 rows=6176 logical_bytes=2593920
DETACHED_PARENT_ROW row=22 rows=18 logical_bytes=1368
DETACHED_PARENT_ROW row=23 rows=94956 logical_bytes=33044688
DETACHED_PARENT_ROW row=24 rows=782056 logical_bytes=81333824
DETACHED_PARENT_ROW row=25 rows=23160 logical_bytes=8708160
DETACHED_PARENT_ROW row=26 rows=5790 logical_bytes=972720
DETACHED_PARENT_ROW row=27 rows=1930 logical_bytes=216160
DETACHED_PARENT_ROW row=28 rows=2702 logical_bytes=237776
DETACHED_PARENT_ROW row=29 rows=141326 logical_bytes=16959120
DETACHED_PARENT_ROW row=30 rows=678113 logical_bytes=73236204
DETACHED_PARENT_ROW row=31 rows=36030 logical_bytes=4611840
DETACHED_PARENT_ROW row=32 rows=217792 logical_bytes=44429568
DETACHED_PARENT_ROW row=33 rows=49794 logical_bytes=9162096
DETACHED_PARENT_PREPARATION rows_bytes=339039024 providers=176468 graph_ns=2357404541 snapshot_pending=true
PARENT_MAIN_FINALIZE preflight_ns=265333 main_fill_ns=99231167 source_projection_ns=851622375 range_fill_ns=709041 closure_ns=190163584
METAL_FRAMEWORK_INTERACTION rows=8192 batches=2 gpu_ms=0.053083334933035076
METAL_FRAMEWORK_INTERACTION rows=4096 batches=3 gpu_ms=0.10520833166083321
METAL_FRAMEWORK_INTERACTION rows=4096 batches=7 gpu_ms=0.1246250030817464
METAL_FRAMEWORK_INTERACTION rows=256 batches=6 gpu_ms=0.10187500447500497
METAL_FRAMEWORK_INTERACTION rows=32768 batches=1 gpu_ms=0.054166666814126074
METAL_FRAMEWORK_INTERACTION rows=32768 batches=1 gpu_ms=0.0563749999855645
METAL_FRAMEWORK_INTERACTION rows=16 batches=1 gpu_ms=0.03925000055460259
METAL_FRAMEWORK_INTERACTION rows=16 batches=1 gpu_ms=0.03287500294391066
METAL_FRAMEWORK_INTERACTION rows=128 batches=9 gpu_ms=0.12133333075325936
METAL_FRAMEWORK_INTERACTION rows=128 batches=5 gpu_ms=0.08237500151153654
METAL_FRAMEWORK_INTERACTION rows=16 batches=3 gpu_ms=0.05045832949690521
METAL_FRAMEWORK_INTERACTION rows=65536 batches=3 gpu_ms=0.133291665406432
METAL_FRAMEWORK_INTERACTION rows=16 batches=17 gpu_ms=0.22870833345223218
METAL_FRAMEWORK_INTERACTION rows=131072 batches=1 gpu_ms=0.14033333718543872
METAL_FRAMEWORK_INTERACTION rows=262144 batches=5 gpu_ms=0.9615833332645707
METAL_FRAMEWORK_INTERACTION rows=512 batches=17 gpu_ms=0.22449999960372224
METAL_FRAMEWORK_INTERACTION rows=8192 batches=1 gpu_ms=0.07729166827630252
METAL_FRAMEWORK_INTERACTION rows=32 batches=5 gpu_ms=0.06883333844598383
METAL_FRAMEWORK_INTERACTION rows=131072 batches=7 gpu_ms=1.3483750008163042
METAL_FRAMEWORK_INTERACTION rows=1048576 batches=4 gpu_ms=2.3498333321185783
METAL_FRAMEWORK_INTERACTION rows=32768 batches=7 gpu_ms=0.4407500018714927
METAL_FRAMEWORK_INTERACTION rows=8192 batches=3 gpu_ms=0.13787500211037695
METAL_FRAMEWORK_INTERACTION rows=2048 batches=3 gpu_ms=0.08908333256840706
METAL_FRAMEWORK_INTERACTION rows=4096 batches=2 gpu_ms=0.07349999941652641
METAL_FRAMEWORK_INTERACTION rows=262144 batches=5 gpu_ms=0.6982916675042361
METAL_FRAMEWORK_INTERACTION rows=1048576 batches=2 gpu_ms=1.7767500030458905
METAL_FRAMEWORK_INTERACTION rows=65536 batches=1 gpu_ms=0.10149999434361234
METAL_FRAMEWORK_INTERACTION rows=262144 batches=2 gpu_ms=0.6210833307704888
METAL_FRAMEWORK_INTERACTION rows=65536 batches=2 gpu_ms=0.18862500292016193
PARENT_INTERACTION_FILL preflight_ns=831500 typed_ns=179111125 poseidon_ns=10374584 range_ns=2670166
DETACHED_PARENT_TYPED_DEVICE_INTERACTION components=29 dispatches=116
info: resident framework composition: components=30 groups=13 gpu_ms=8.199
info: resident RISC-V semantic composition: 4 components, 4 kernels, 7.008 ms GPU
info: resident RISC-V lookup composition: 1 components, 1 kernels, 0.419 ms GPU
DETACHED_PARENT_STAGE_PROFILE {"schema_version":1,"runtime":"device","example":"detached-recursive-parent","stages":[{"id":"parent.fixed","label":"Fixed columns and key admission","seconds":0.353788,"children":null},{"id":"parent.main_fill","label":"Main column allocation","seconds":0.023674,"children":null},{"id":"parent.main_finalize","label":"Main filling, range construction and exact lookup closure","seconds":1.144533,"children":null},{"id":"parent.main_commit","label":"Main commitment","seconds":0.46647,"children":null},{"id":"parent.interaction_fill","label":"Transcript and interaction columns","seconds":0.207617,"children":null},{"id":"parent.interaction_commit","label":"Interaction commitment","seconds":0.246522,"children":null},{"id":"parent.components","label":"Typed component assembly","seconds":0.004191,"children":null},{"id":"draw_random_coeff","label":"Draw random coefficient","seconds":0.000002,"children":null},{"id":"composition_trace_extract","label":"Composition trace extract","seconds":0.000006,"children":null},{"id":"composition_evaluation","label":"Composition evaluation","seconds":0.103504,"children":null},{"id":"composition_interpolate_and_split","label":"Composition interpolate and split","seconds":0.003284,"children":null},{"id":"composition_commit","label":"Composition commit","seconds":0.027009,"children":null},{"id":"oods_point_and_mask_points","label":"OODS point and mask points","seconds":0.000091,"children":null},{"id":"sampled_value_evaluation","label":"Sampled-value evaluation","seconds":0.026802,"children":null},{"id":"sampled_value_channel_mix","label":"Sampled-value channel mix","seconds":0.000677,"children":null},{"id":"fri_quotient_build_and_commit","label":"FRI quotient build + commit (lazy)","seconds":0.086221,"children":null},{"id":"proof_of_work","label":"Proof of work","seconds":0.003944,"children":null},{"id":"fri_decommit","label":"FRI decommit","seconds":0.00297,"children":null},{"id":"trace_decommit","label":"Trace decommit","seconds":0.006358,"children":null},{"id":"constraint_check_and_assembly","label":"Constraint check and assembly","seconds":0.000315,"children":null},{"id":"parent.serialize","label":"Canonical proof serialization","seconds":0.008139,"children":null}]}
DETACHED_PARENT_PCS_PHASE lane=1 selected_lane_only=true capture_ns=219674500 plans_ns=3272333 authority_ns=471654334 rows_ns=330322708
DETACHED_PARENT_CHILD_PHASE lane=1 prefix_ns=164750 transcript_ns=128917 pcs_ns=1024953417 boundary_ns=7845041 composition_ns=7049042
DETACHED_PARENT_CHILD lane=1 preparation_ns=1040162083
DETACHED_PARENT_PCS_PHASE lane=2 selected_lane_only=true capture_ns=218165000 plans_ns=3255917 authority_ns=471833792 rows_ns=319525500
DETACHED_PARENT_CHILD_PHASE lane=2 prefix_ns=142959 transcript_ns=68000 pcs_ns=1012811000 boundary_ns=7803625 composition_ns=7087583
DETACHED_PARENT_CHILD lane=2 preparation_ns=2068098083
riscv_detached_arithmetic_fusion lane=501 dot4_rows=395 multiply_add_rows=8779
riscv_detached_arithmetic_fusion lane=511 dot4_rows=2616 multiply_add_rows=3495
riscv_detached_arithmetic_fusion lane=412 dot4_rows=105869 multiply_add_rows=32356
riscv_detached_arithmetic_fusion lane=402 dot4_rows=5790 multiply_add_rows=103659
riscv_detached_arithmetic_fusion lane=502 dot4_rows=395 multiply_add_rows=8779
riscv_detached_arithmetic_fusion lane=512 dot4_rows=2616 multiply_add_rows=3495
riscv_detached_arithmetic_fusion lane=413 dot4_rows=105869 multiply_add_rows=32356
riscv_detached_arithmetic_fusion lane=403 dot4_rows=5790 multiply_add_rows=103659
riscv_detached_arithmetic_fusion lane=521 dot4_rows=2592 multiply_add_rows=2612
DETACHED_PARENT_ROW row=0 rows=6378 logical_bytes=306144
DETACHED_PARENT_ROW row=1 rows=2768 logical_bytes=531456
DETACHED_PARENT_ROW row=2 rows=2768 logical_bytes=409664
DETACHED_PARENT_ROW row=3 rows=206 logical_bytes=29664
DETACHED_PARENT_ROW row=4 rows=20496 logical_bytes=1557696
DETACHED_PARENT_ROW row=5 rows=18892 logical_bytes=1586928
DETACHED_PARENT_ROW row=6 rows=4 logical_bytes=1088
DETACHED_PARENT_ROW row=7 rows=4 logical_bytes=240
DETACHED_PARENT_ROW row=8 rows=94 logical_bytes=9400
DETACHED_PARENT_ROW row=9 rows=66 logical_bytes=8448
DETACHED_PARENT_ROW row=10 rows=8 logical_bytes=736
DETACHED_PARENT_ROW row=11 rows=61669 logical_bytes=5673548
DETACHED_PARENT_ROW row=12 rows=0 logical_bytes=0
DETACHED_PARENT_ROW row=13 rows=80125 logical_bytes=3205000
DETACHED_PARENT_ROW row=14 rows=231932 logical_bytes=50097312
DETACHED_PARENT_ROW row=20 rows=386 logical_bytes=114256
DETACHED_PARENT_ROW row=21 rows=6176 logical_bytes=2593920
DETACHED_PARENT_ROW row=22 rows=18 logical_bytes=1368
DETACHED_PARENT_ROW row=23 rows=94956 logical_bytes=33044688
DETACHED_PARENT_ROW row=24 rows=782056 logical_bytes=81333824
DETACHED_PARENT_ROW row=25 rows=23160 logical_bytes=8708160
DETACHED_PARENT_ROW row=26 rows=5790 logical_bytes=972720
DETACHED_PARENT_ROW row=27 rows=1930 logical_bytes=216160
DETACHED_PARENT_ROW row=28 rows=2702 logical_bytes=237776
DETACHED_PARENT_ROW row=29 rows=141326 logical_bytes=16959120
DETACHED_PARENT_ROW row=30 rows=678113 logical_bytes=73236204
DETACHED_PARENT_ROW row=31 rows=36030 logical_bytes=4611840
DETACHED_PARENT_ROW row=32 rows=217792 logical_bytes=44429568
DETACHED_PARENT_ROW row=33 rows=49794 logical_bytes=9162096
DETACHED_PARENT_PREPARATION rows_bytes=339039024 providers=176468 graph_ns=2360161250 snapshot_pending=true
PARENT_MAIN_FINALIZE preflight_ns=262250 main_fill_ns=98604375 source_projection_ns=845917791 range_fill_ns=716917 closure_ns=184110375
METAL_FRAMEWORK_INTERACTION rows=8192 batches=2 gpu_ms=0.04587500006891787
METAL_FRAMEWORK_INTERACTION rows=4096 batches=3 gpu_ms=0.11350000568199903
METAL_FRAMEWORK_INTERACTION rows=4096 batches=7 gpu_ms=0.12425000022631139
METAL_FRAMEWORK_INTERACTION rows=256 batches=6 gpu_ms=0.1032083309837617
METAL_FRAMEWORK_INTERACTION rows=32768 batches=1 gpu_ms=0.05450000026030466
METAL_FRAMEWORK_INTERACTION rows=32768 batches=1 gpu_ms=0.055500000598840415
METAL_FRAMEWORK_INTERACTION rows=16 batches=1 gpu_ms=0.04045833338750526
METAL_FRAMEWORK_INTERACTION rows=16 batches=1 gpu_ms=0.032625001040287316
METAL_FRAMEWORK_INTERACTION rows=128 batches=9 gpu_ms=0.12054166290909052
METAL_FRAMEWORK_INTERACTION rows=128 batches=5 gpu_ms=0.08187499770428985
METAL_FRAMEWORK_INTERACTION rows=16 batches=3 gpu_ms=0.05112500366521999
METAL_FRAMEWORK_INTERACTION rows=65536 batches=3 gpu_ms=0.18154166173189878
METAL_FRAMEWORK_INTERACTION rows=16 batches=17 gpu_ms=0.23099999816622585
METAL_FRAMEWORK_INTERACTION rows=131072 batches=1 gpu_ms=0.14199999714037403
METAL_FRAMEWORK_INTERACTION rows=262144 batches=5 gpu_ms=0.8997499971883371
METAL_FRAMEWORK_INTERACTION rows=512 batches=17 gpu_ms=0.22562500089406967
METAL_FRAMEWORK_INTERACTION rows=8192 batches=1 gpu_ms=0.07662500138394535
METAL_FRAMEWORK_INTERACTION rows=32 batches=5 gpu_ms=0.07004166400292888
METAL_FRAMEWORK_INTERACTION rows=131072 batches=7 gpu_ms=1.1884999985340983
METAL_FRAMEWORK_INTERACTION rows=1048576 batches=4 gpu_ms=2.3540833353763446
METAL_FRAMEWORK_INTERACTION rows=32768 batches=7 gpu_ms=0.3872083325404674
METAL_FRAMEWORK_INTERACTION rows=8192 batches=3 gpu_ms=0.23220833099912852
METAL_FRAMEWORK_INTERACTION rows=2048 batches=3 gpu_ms=0.05504166620085016
METAL_FRAMEWORK_INTERACTION rows=4096 batches=2 gpu_ms=0.07987499702721834
METAL_FRAMEWORK_INTERACTION rows=262144 batches=5 gpu_ms=0.6168749969219789
METAL_FRAMEWORK_INTERACTION rows=1048576 batches=2 gpu_ms=1.775458331394475
METAL_FRAMEWORK_INTERACTION rows=65536 batches=1 gpu_ms=0.10816666326718405
METAL_FRAMEWORK_INTERACTION rows=262144 batches=2 gpu_ms=0.49975000001722947
METAL_FRAMEWORK_INTERACTION rows=65536 batches=2 gpu_ms=0.2231250036857091
PARENT_INTERACTION_FILL preflight_ns=833709 typed_ns=177093166 poseidon_ns=10548750 range_ns=2699959
DETACHED_PARENT_TYPED_DEVICE_INTERACTION components=29 dispatches=116
info: resident framework composition: components=30 groups=13 gpu_ms=8.061
info: resident RISC-V semantic composition: 4 components, 4 kernels, 7.037 ms GPU
info: resident RISC-V lookup composition: 1 components, 1 kernels, 0.433 ms GPU
DETACHED_PARENT_STAGE_PROFILE {"schema_version":1,"runtime":"device","example":"detached-recursive-parent","stages":[{"id":"parent.fixed","label":"Fixed columns and key admission","seconds":0.336408,"children":null},{"id":"parent.main_fill","label":"Main column allocation","seconds":0.022765,"children":null},{"id":"parent.main_finalize","label":"Main filling, range construction and exact lookup closure","seconds":1.132187,"children":null},{"id":"parent.main_commit","label":"Main commitment","seconds":0.473805,"children":null},{"id":"parent.interaction_fill","label":"Transcript and interaction columns","seconds":0.205402,"children":null},{"id":"parent.interaction_commit","label":"Interaction commitment","seconds":0.247893,"children":null},{"id":"parent.components","label":"Typed component assembly","seconds":0.004184,"children":null},{"id":"draw_random_coeff","label":"Draw random coefficient","seconds":0.000002,"children":null},{"id":"composition_trace_extract","label":"Composition trace extract","seconds":0.000007,"children":null},{"id":"composition_evaluation","label":"Composition evaluation","seconds":0.103376,"children":null},{"id":"composition_interpolate_and_split","label":"Composition interpolate and split","seconds":0.00213,"children":null},{"id":"composition_commit","label":"Composition commit","seconds":0.017744,"children":null},{"id":"oods_point_and_mask_points","label":"OODS point and mask points","seconds":0.000095,"children":null},{"id":"sampled_value_evaluation","label":"Sampled-value evaluation","seconds":0.027069,"children":null},{"id":"sampled_value_channel_mix","label":"Sampled-value channel mix","seconds":0.000677,"children":null},{"id":"fri_quotient_build_and_commit","label":"FRI quotient build + commit (lazy)","seconds":0.089407,"children":null},{"id":"proof_of_work","label":"Proof of work","seconds":0.00476,"children":null},{"id":"fri_decommit","label":"FRI decommit","seconds":0.002418,"children":null},{"id":"trace_decommit","label":"Trace decommit","seconds":0.006276,"children":null},{"id":"constraint_check_and_assembly","label":"Constraint check and assembly","seconds":0.000312,"children":null},{"id":"parent.serialize","label":"Canonical proof serialization","seconds":0.008185,"children":null}]}
DETACHED_PARENT_METAL dispatches=470 poseidon_commits=18 cpu_fallbacks=0 host_composition_components=0 pow_dispatches=4 runtime_released=true manifest_sha256=d3c68ca5dcfdb83c885c4bb81c6ba86cdc5501f1b8b4e19ba6f51fc3aa049899 profile=recursive_framework_v1 framework_dispatches=60
{"endpoint":"detached_parent_batch","reports":[{"endpoint":"segment_v2_detached_two_child_parent_candidate_q193","profile":"tiny-parent-root-v2","publication_mode":"root","proof_profile":"recursive_q193_v1","status":"unverified_candidate","verified":false,"development_only":true,"child_owners_destroyed":true,"producer_destroyed":true,"reused_admitted_parent_key":true,"child_key_sha256":[[214,60,24,215,93,161,32,69,64,54,137,18,21,60,2,66,153,247,215,93,214,71,196,191,90,67,15,158,29,129,78,111],[52,101,122,252,71,235,220,44,62,42,22,241,149,244,116,88,217,46,134,5,126,45,114,83,188,229,65,201,61,128,30,25]],"artifacts":{"key_sha256":[43,54,70,56,122,217,160,216,106,50,230,24,28,117,174,240,148,190,170,244,129,176,88,11,208,6,252,73,206,8,110,12],"claims_sha256":[49,178,150,212,209,141,148,238,219,93,40,66,239,70,211,225,229,134,73,248,37,59,245,119,205,108,37,34,142,53,78,179],"proof_sha256":[146,45,152,84,36,75,24,7,249,118,40,193,15,14,143,169,78,251,221,88,53,171,159,248,209,106,237,27,129,185,188,187],"proof_bytes":2297319},"candidate_root_words_sha256":[189,249,149,127,224,29,110,114,200,174,151,175,231,135,81,130,99,197,157,73,129,224,15,210,38,249,188,185,180,245,88,172],"circuit_identity":[71,179,224,242,26,78,39,100,147,248,87,173,160,231,54,27,230,179,68,85,24,188,217,151,168,142,210,196,246,195,105,67],"preparation_ns":2525641791,"key_preparation_ns":353789375,"proof_ns":2407616416,"request_ns":5459213125},{"endpoint":"segment_v2_detached_two_child_parent_candidate_q193","profile":"tiny-parent-root-v2","publication_mode":"root","proof_profile":"recursive_q193_v1","status":"unverified_candidate","verified":false,"development_only":true,"child_owners_destroyed":true,"producer_destroyed":true,"reused_admitted_parent_key":true,"child_key_sha256":[[214,60,24,215,93,161,32,69,64,54,137,18,21,60,2,66,153,247,215,93,214,71,196,191,90,67,15,158,29,129,78,111],[52,101,122,252,71,235,220,44,62,42,22,241,149,244,116,88,217,46,134,5,126,45,114,83,188,229,65,201,61,128,30,25]],"artifacts":{"key_sha256":[43,54,70,56,122,217,160,216,106,50,230,24,28,117,174,240,148,190,170,244,129,176,88,11,208,6,252,73,206,8,110,12],"claims_sha256":[49,178,150,212,209,141,148,238,219,93,40,66,239,70,211,225,229,134,73,248,37,59,245,119,205,108,37,34,142,53,78,179],"proof_sha256":[146,45,152,84,36,75,24,7,249,118,40,193,15,14,143,169,78,251,221,88,53,171,159,248,209,106,237,27,129,185,188,187],"proof_bytes":2297319},"candidate_root_words_sha256":[189,249,149,127,224,29,110,114,200,174,151,175,231,135,81,130,99,197,157,73,129,224,15,210,38,249,188,185,180,245,88,172],"circuit_identity":[71,179,224,242,26,78,39,100,147,248,87,173,160,231,54,27,230,179,68,85,24,188,217,151,168,142,210,196,246,195,105,67],"preparation_ns":2527439000,"key_preparation_ns":336402833,"proof_ns":2392700958,"request_ns":5425938875}],"plan_builds":1,"pcs_plan_builds":4,"pcs_plan_hits":0,"pcs_plan_retained_bytes":0,"requests":2,"retained_scratch_bytes":0,"elapsed_ns":10885155667}
       10.94 real         9.72 user         0.85 sys
          4393107456  maximum resident set size
                   0  average shared memory size
                   0  average unshared data size
                   0  average unshared stack size
             1193992  page reclaims
                   0  page faults
                   0  swaps
                   0  block input operations
                   0  block output operations
                   0  messages sent
                   0  messages received
                   0  signals received
                   0  voluntary context switches
                2672  involuntary context switches
        176456348337  instructions retired
         45613315219  cycles elapsed
          5516923032  peak memory footprint
