DETACHED_PARENT_PCS_PHASE lane=1 selected_lane_only=true capture_ns=220486000 plans_ns=3235834 authority_ns=471385541 rows_ns=329772292
DETACHED_PARENT_CHILD_PHASE lane=1 prefix_ns=176875 transcript_ns=136875 pcs_ns=1024930917 boundary_ns=7800667 composition_ns=7201833
DETACHED_PARENT_CHILD lane=1 preparation_ns=1040274750
DETACHED_PARENT_PCS_PHASE lane=2 selected_lane_only=true capture_ns=218613041 plans_ns=3209084 authority_ns=471531625 rows_ns=318905250
DETACHED_PARENT_CHILD_PHASE lane=2 prefix_ns=146625 transcript_ns=69291 pcs_ns=1012295125 boundary_ns=7848792 composition_ns=7125208
DETACHED_PARENT_CHILD lane=2 preparation_ns=2067796666
riscv_detached_arithmetic_fusion lane=501 dot4_rows=395 multiply_add_rows=8779
riscv_detached_arithmetic_fusion lane=511 dot4_rows=2616 multiply_add_rows=3495
riscv_detached_arithmetic_fusion lane=412 dot4_rows=105869 multiply_add_rows=32356
riscv_detached_arithmetic_fusion lane=402 dot4_rows=5790 multiply_add_rows=103659
riscv_detached_arithmetic_fusion lane=502 dot4_rows=395 multiply_add_rows=8779
riscv_detached_arithmetic_fusion lane=512 dot4_rows=2616 multiply_add_rows=3495
riscv_detached_arithmetic_fusion lane=413 dot4_rows=105869 multiply_add_rows=32356
riscv_detached_arithmetic_fusion lane=403 dot4_rows=5790 multiply_add_rows=103659
riscv_detached_arithmetic_fusion lane=521 dot4_rows=2592 multiply_add_rows=2612
DETACHED_PARENT_ROW row=0 rows=6378 logical_bytes=306144
DETACHED_PARENT_ROW row=1 rows=2768 logical_bytes=531456
DETACHED_PARENT_ROW row=2 rows=2768 logical_bytes=409664
DETACHED_PARENT_ROW row=3 rows=206 logical_bytes=29664
DETACHED_PARENT_ROW row=4 rows=20496 logical_bytes=1557696
DETACHED_PARENT_ROW row=5 rows=18892 logical_bytes=1586928
DETACHED_PARENT_ROW row=6 rows=4 logical_bytes=1088
DETACHED_PARENT_ROW row=7 rows=4 logical_bytes=240
DETACHED_PARENT_ROW row=8 rows=94 logical_bytes=9400
DETACHED_PARENT_ROW row=9 rows=66 logical_bytes=8448
DETACHED_PARENT_ROW row=10 rows=8 logical_bytes=736
DETACHED_PARENT_ROW row=11 rows=61669 logical_bytes=5673548
DETACHED_PARENT_ROW row=12 rows=0 logical_bytes=0
DETACHED_PARENT_ROW row=13 rows=80125 logical_bytes=3205000
DETACHED_PARENT_ROW row=14 rows=231932 logical_bytes=50097312
DETACHED_PARENT_ROW row=20 rows=386 logical_bytes=114256
DETACHED_PARENT_ROW row=21 rows=6176 logical_bytes=2593920
DETACHED_PARENT_ROW row=22 rows=18 logical_bytes=1368
DETACHED_PARENT_ROW row=23 rows=94956 logical_bytes=33044688
DETACHED_PARENT_ROW row=24 rows=782056 logical_bytes=81333824
DETACHED_PARENT_ROW row=25 rows=23160 logical_bytes=8708160
DETACHED_PARENT_ROW row=26 rows=5790 logical_bytes=972720
DETACHED_PARENT_ROW row=27 rows=1930 logical_bytes=216160
DETACHED_PARENT_ROW row=28 rows=2702 logical_bytes=237776
DETACHED_PARENT_ROW row=29 rows=141326 logical_bytes=16959120
DETACHED_PARENT_ROW row=30 rows=678113 logical_bytes=73236204
DETACHED_PARENT_ROW row=31 rows=36030 logical_bytes=4611840
DETACHED_PARENT_ROW row=32 rows=217792 logical_bytes=44429568
DETACHED_PARENT_ROW row=33 rows=49794 logical_bytes=9162096
DETACHED_PARENT_PREPARATION rows_bytes=339039024 providers=176468 graph_ns=2357881125 snapshot_pending=true
PARENT_MAIN_FINALIZE preflight_ns=316708 main_fill_ns=96529917 source_projection_ns=843943125 range_fill_ns=711250 closure_ns=187080875
METAL_FRAMEWORK_INTERACTION rows=8192 batches=2 gpu_ms=0.06041667074896395
METAL_FRAMEWORK_INTERACTION rows=4096 batches=3 gpu_ms=0.10479166667209938
METAL_FRAMEWORK_INTERACTION rows=4096 batches=7 gpu_ms=0.12379166582832113
METAL_FRAMEWORK_INTERACTION rows=256 batches=6 gpu_ms=0.10075000318465754
METAL_FRAMEWORK_INTERACTION rows=32768 batches=1 gpu_ms=0.05462500121211633
METAL_FRAMEWORK_INTERACTION rows=32768 batches=1 gpu_ms=0.055833334045019
METAL_FRAMEWORK_INTERACTION rows=16 batches=1 gpu_ms=0.03875000402331352
METAL_FRAMEWORK_INTERACTION rows=16 batches=1 gpu_ms=0.031833333196118474
METAL_FRAMEWORK_INTERACTION rows=128 batches=9 gpu_ms=0.1192499985336326
METAL_FRAMEWORK_INTERACTION rows=128 batches=5 gpu_ms=0.07825000648153946
METAL_FRAMEWORK_INTERACTION rows=16 batches=3 gpu_ms=0.04995833296561614
METAL_FRAMEWORK_INTERACTION rows=65536 batches=3 gpu_ms=0.16941667126957327
METAL_FRAMEWORK_INTERACTION rows=16 batches=17 gpu_ms=0.22687500313622877
METAL_FRAMEWORK_INTERACTION rows=131072 batches=1 gpu_ms=0.1384999995934777
METAL_FRAMEWORK_INTERACTION rows=262144 batches=5 gpu_ms=1.1196250052307732
METAL_FRAMEWORK_INTERACTION rows=512 batches=17 gpu_ms=0.2247500015073456
METAL_FRAMEWORK_INTERACTION rows=8192 batches=1 gpu_ms=0.0754583379602991
METAL_FRAMEWORK_INTERACTION rows=32 batches=5 gpu_ms=0.06812499486841261
METAL_FRAMEWORK_INTERACTION rows=131072 batches=7 gpu_ms=1.1610000001383014
METAL_FRAMEWORK_INTERACTION rows=1048576 batches=4 gpu_ms=2.3570000048493966
METAL_FRAMEWORK_INTERACTION rows=32768 batches=7 gpu_ms=0.36195833672536537
METAL_FRAMEWORK_INTERACTION rows=8192 batches=3 gpu_ms=0.09208333358401433
METAL_FRAMEWORK_INTERACTION rows=2048 batches=3 gpu_ms=0.0988750034593977
METAL_FRAMEWORK_INTERACTION rows=4096 batches=2 gpu_ms=0.04787500074598938
METAL_FRAMEWORK_INTERACTION rows=262144 batches=5 gpu_ms=0.742000003810972
METAL_FRAMEWORK_INTERACTION rows=1048576 batches=2 gpu_ms=1.7703333287499845
METAL_FRAMEWORK_INTERACTION rows=65536 batches=1 gpu_ms=0.1278749987250194
METAL_FRAMEWORK_INTERACTION rows=262144 batches=2 gpu_ms=0.5950833365204744
METAL_FRAMEWORK_INTERACTION rows=65536 batches=2 gpu_ms=0.21516666311072186
PARENT_INTERACTION_FILL preflight_ns=903750 typed_ns=171129375 poseidon_ns=10190125 range_ns=2274750
DETACHED_PARENT_TYPED_DEVICE_INTERACTION components=29 dispatches=116
info: resident framework composition: components=30 groups=13 gpu_ms=8.123
info: resident RISC-V semantic composition: 4 components, 4 kernels, 6.980 ms GPU
info: resident RISC-V lookup composition: 1 components, 1 kernels, 0.424 ms GPU
DETACHED_PARENT_STAGE_PROFILE {"schema_version":1,"runtime":"device","example":"detached-recursive-parent","stages":[{"id":"parent.fixed","label":"Fixed columns and key admission","seconds":0.347054,"children":null},{"id":"parent.main_fill","label":"Main column allocation","seconds":0.023911,"children":null},{"id":"parent.main_finalize","label":"Main filling, range construction and exact lookup closure","seconds":1.131055,"children":null},{"id":"parent.main_commit","label":"Main commitment","seconds":0.476372,"children":null},{"id":"parent.interaction_fill","label":"Transcript and interaction columns","seconds":0.197519,"children":null},{"id":"parent.interaction_commit","label":"Interaction commitment","seconds":0.245812,"children":null},{"id":"parent.components","label":"Typed component assembly","seconds":0.004208,"children":null},{"id":"draw_random_coeff","label":"Draw random coefficient","seconds":0.000002,"children":null},{"id":"composition_trace_extract","label":"Composition trace extract","seconds":0.000008,"children":null},{"id":"composition_evaluation","label":"Composition evaluation","seconds":0.103785,"children":null},{"id":"composition_interpolate_and_split","label":"Composition interpolate and split","seconds":0.002168,"children":null},{"id":"composition_commit","label":"Composition commit","seconds":0.017625,"children":null},{"id":"oods_point_and_mask_points","label":"OODS point and mask points","seconds":0.000082,"children":null},{"id":"sampled_value_evaluation","label":"Sampled-value evaluation","seconds":0.02584,"children":null},{"id":"sampled_value_channel_mix","label":"Sampled-value channel mix","seconds":0.00067,"children":null},{"id":"fri_quotient_build_and_commit","label":"FRI quotient build + commit (lazy)","seconds":0.07896,"children":null},{"id":"proof_of_work","label":"Proof of work","seconds":0.004025,"children":null},{"id":"fri_decommit","label":"FRI decommit","seconds":0.002465,"children":null},{"id":"trace_decommit","label":"Trace decommit","seconds":0.006254,"children":null},{"id":"constraint_check_and_assembly","label":"Constraint check and assembly","seconds":0.000294,"children":null},{"id":"parent.serialize","label":"Canonical proof serialization","seconds":0.008276,"children":null}]}
DETACHED_PARENT_PCS_PHASE lane=1 selected_lane_only=true capture_ns=220562875 plans_ns=3226334 authority_ns=473078833 rows_ns=328834333
DETACHED_PARENT_CHILD_PHASE lane=1 prefix_ns=161083 transcript_ns=143000 pcs_ns=1025739959 boundary_ns=7805000 composition_ns=7060708
DETACHED_PARENT_CHILD lane=1 preparation_ns=1040931917
DETACHED_PARENT_PCS_PHASE lane=2 selected_lane_only=true capture_ns=219162000 plans_ns=3202792 authority_ns=471101750 rows_ns=318464791
DETACHED_PARENT_CHILD_PHASE lane=2 prefix_ns=143666 transcript_ns=68834 pcs_ns=1011960083 boundary_ns=7811333 composition_ns=7141834
DETACHED_PARENT_CHILD lane=2 preparation_ns=2068080875
riscv_detached_arithmetic_fusion lane=501 dot4_rows=395 multiply_add_rows=8779
riscv_detached_arithmetic_fusion lane=511 dot4_rows=2616 multiply_add_rows=3495
riscv_detached_arithmetic_fusion lane=412 dot4_rows=105869 multiply_add_rows=32356
riscv_detached_arithmetic_fusion lane=402 dot4_rows=5790 multiply_add_rows=103659
riscv_detached_arithmetic_fusion lane=502 dot4_rows=395 multiply_add_rows=8779
riscv_detached_arithmetic_fusion lane=512 dot4_rows=2616 multiply_add_rows=3495
riscv_detached_arithmetic_fusion lane=413 dot4_rows=105869 multiply_add_rows=32356
riscv_detached_arithmetic_fusion lane=403 dot4_rows=5790 multiply_add_rows=103659
riscv_detached_arithmetic_fusion lane=521 dot4_rows=2592 multiply_add_rows=2612
DETACHED_PARENT_ROW row=0 rows=6378 logical_bytes=306144
DETACHED_PARENT_ROW row=1 rows=2768 logical_bytes=531456
DETACHED_PARENT_ROW row=2 rows=2768 logical_bytes=409664
DETACHED_PARENT_ROW row=3 rows=206 logical_bytes=29664
DETACHED_PARENT_ROW row=4 rows=20496 logical_bytes=1557696
DETACHED_PARENT_ROW row=5 rows=18892 logical_bytes=1586928
DETACHED_PARENT_ROW row=6 rows=4 logical_bytes=1088
DETACHED_PARENT_ROW row=7 rows=4 logical_bytes=240
DETACHED_PARENT_ROW row=8 rows=94 logical_bytes=9400
DETACHED_PARENT_ROW row=9 rows=66 logical_bytes=8448
DETACHED_PARENT_ROW row=10 rows=8 logical_bytes=736
DETACHED_PARENT_ROW row=11 rows=61669 logical_bytes=5673548
DETACHED_PARENT_ROW row=12 rows=0 logical_bytes=0
DETACHED_PARENT_ROW row=13 rows=80125 logical_bytes=3205000
DETACHED_PARENT_ROW row=14 rows=231932 logical_bytes=50097312
DETACHED_PARENT_ROW row=20 rows=386 logical_bytes=114256
DETACHED_PARENT_ROW row=21 rows=6176 logical_bytes=2593920
DETACHED_PARENT_ROW row=22 rows=18 logical_bytes=1368
DETACHED_PARENT_ROW row=23 rows=94956 logical_bytes=33044688
DETACHED_PARENT_ROW row=24 rows=782056 logical_bytes=81333824
DETACHED_PARENT_ROW row=25 rows=23160 logical_bytes=8708160
DETACHED_PARENT_ROW row=26 rows=5790 logical_bytes=972720
DETACHED_PARENT_ROW row=27 rows=1930 logical_bytes=216160
DETACHED_PARENT_ROW row=28 rows=2702 logical_bytes=237776
DETACHED_PARENT_ROW row=29 rows=141326 logical_bytes=16959120
DETACHED_PARENT_ROW row=30 rows=678113 logical_bytes=73236204
DETACHED_PARENT_ROW row=31 rows=36030 logical_bytes=4611840
DETACHED_PARENT_ROW row=32 rows=217792 logical_bytes=44429568
DETACHED_PARENT_ROW row=33 rows=49794 logical_bytes=9162096
DETACHED_PARENT_PREPARATION rows_bytes=339039024 providers=176468 graph_ns=2361595125 snapshot_pending=true
PARENT_MAIN_FINALIZE preflight_ns=258041 main_fill_ns=98362709 source_projection_ns=840496125 range_fill_ns=721125 closure_ns=189558333
METAL_FRAMEWORK_INTERACTION rows=8192 batches=2 gpu_ms=0.05612499808194116
METAL_FRAMEWORK_INTERACTION rows=4096 batches=3 gpu_ms=0.10562500392552465
METAL_FRAMEWORK_INTERACTION rows=4096 batches=7 gpu_ms=0.1246250030817464
METAL_FRAMEWORK_INTERACTION rows=256 batches=6 gpu_ms=0.10295833635609597
METAL_FRAMEWORK_INTERACTION rows=32768 batches=1 gpu_ms=0.05275000148685649
METAL_FRAMEWORK_INTERACTION rows=32768 batches=1 gpu_ms=0.0552916681044735
METAL_FRAMEWORK_INTERACTION rows=16 batches=1 gpu_ms=0.04037500184495002
METAL_FRAMEWORK_INTERACTION rows=16 batches=1 gpu_ms=0.032500000088475645
METAL_FRAMEWORK_INTERACTION rows=128 batches=9 gpu_ms=0.11979167175013572
METAL_FRAMEWORK_INTERACTION rows=128 batches=5 gpu_ms=0.08095833618426695
METAL_FRAMEWORK_INTERACTION rows=16 batches=3 gpu_ms=0.05212500400375575
METAL_FRAMEWORK_INTERACTION rows=65536 batches=3 gpu_ms=0.15079166769282892
METAL_FRAMEWORK_INTERACTION rows=16 batches=17 gpu_ms=0.2278749961988069
METAL_FRAMEWORK_INTERACTION rows=131072 batches=1 gpu_ms=0.13908333494327962
METAL_FRAMEWORK_INTERACTION rows=262144 batches=5 gpu_ms=0.9300000019720756
METAL_FRAMEWORK_INTERACTION rows=512 batches=17 gpu_ms=0.23499999952036887
METAL_FRAMEWORK_INTERACTION rows=8192 batches=1 gpu_ms=0.07679166446905583
METAL_FRAMEWORK_INTERACTION rows=32 batches=5 gpu_ms=0.07012500282144174
METAL_FRAMEWORK_INTERACTION rows=131072 batches=7 gpu_ms=1.0877499953494407
METAL_FRAMEWORK_INTERACTION rows=1048576 batches=4 gpu_ms=2.3485000056098215
METAL_FRAMEWORK_INTERACTION rows=32768 batches=7 gpu_ms=0.37741666892543435
METAL_FRAMEWORK_INTERACTION rows=8192 batches=3 gpu_ms=0.15766666911076754
METAL_FRAMEWORK_INTERACTION rows=2048 batches=3 gpu_ms=0.09299999510403723
METAL_FRAMEWORK_INTERACTION rows=4096 batches=2 gpu_ms=0.06900000153109431
METAL_FRAMEWORK_INTERACTION rows=262144 batches=5 gpu_ms=0.6198749979375862
METAL_FRAMEWORK_INTERACTION rows=1048576 batches=2 gpu_ms=1.7784583324100822
METAL_FRAMEWORK_INTERACTION rows=65536 batches=1 gpu_ms=0.09216666512656957
METAL_FRAMEWORK_INTERACTION rows=262144 batches=2 gpu_ms=0.3882916644215584
METAL_FRAMEWORK_INTERACTION rows=65536 batches=2 gpu_ms=0.22470833937404677
PARENT_INTERACTION_FILL preflight_ns=832583 typed_ns=180286875 poseidon_ns=10651208 range_ns=2649084
DETACHED_PARENT_TYPED_DEVICE_INTERACTION components=29 dispatches=116
info: resident framework composition: components=30 groups=13 gpu_ms=8.188
info: resident RISC-V semantic composition: 4 components, 4 kernels, 6.960 ms GPU
info: resident RISC-V lookup composition: 1 components, 1 kernels, 0.431 ms GPU
DETACHED_PARENT_STAGE_PROFILE {"schema_version":1,"runtime":"device","example":"detached-recursive-parent","stages":[{"id":"parent.fixed","label":"Fixed columns and key admission","seconds":0.338894,"children":null},{"id":"parent.main_fill","label":"Main column allocation","seconds":0.02314,"children":null},{"id":"parent.main_finalize","label":"Main filling, range construction and exact lookup closure","seconds":1.131988,"children":null},{"id":"parent.main_commit","label":"Main commitment","seconds":0.467886,"children":null},{"id":"parent.interaction_fill","label":"Transcript and interaction columns","seconds":0.210074,"children":null},{"id":"parent.interaction_commit","label":"Interaction commitment","seconds":0.248836,"children":null},{"id":"parent.components","label":"Typed component assembly","seconds":0.004177,"children":null},{"id":"draw_random_coeff","label":"Draw random coefficient","seconds":0.000001,"children":null},{"id":"composition_trace_extract","label":"Composition trace extract","seconds":0.000007,"children":null},{"id":"composition_evaluation","label":"Composition evaluation","seconds":0.103226,"children":null},{"id":"composition_interpolate_and_split","label":"Composition interpolate and split","seconds":0.002118,"children":null},{"id":"composition_commit","label":"Composition commit","seconds":0.017546,"children":null},{"id":"oods_point_and_mask_points","label":"OODS point and mask points","seconds":0.000093,"children":null},{"id":"sampled_value_evaluation","label":"Sampled-value evaluation","seconds":0.02704,"children":null},{"id":"sampled_value_channel_mix","label":"Sampled-value channel mix","seconds":0.000664,"children":null},{"id":"fri_quotient_build_and_commit","label":"FRI quotient build + commit (lazy)","seconds":0.086043,"children":null},{"id":"proof_of_work","label":"Proof of work","seconds":0.00399,"children":null},{"id":"fri_decommit","label":"FRI decommit","seconds":0.002385,"children":null},{"id":"trace_decommit","label":"Trace decommit","seconds":0.006238,"children":null},{"id":"constraint_check_and_assembly","label":"Constraint check and assembly","seconds":0.000311,"children":null},{"id":"parent.serialize","label":"Canonical proof serialization","seconds":0.008321,"children":null}]}
DETACHED_PARENT_METAL dispatches=470 poseidon_commits=18 cpu_fallbacks=0 host_composition_components=0 pow_dispatches=4 runtime_released=true manifest_sha256=d3c68ca5dcfdb83c885c4bb81c6ba86cdc5501f1b8b4e19ba6f51fc3aa049899 profile=recursive_framework_v1 framework_dispatches=60
{"endpoint":"detached_parent_batch","reports":[{"endpoint":"segment_v2_detached_two_child_parent_candidate_q193","profile":"tiny-parent-root-v2","publication_mode":"root","proof_profile":"recursive_q193_v1","status":"unverified_candidate","verified":false,"development_only":true,"child_owners_destroyed":true,"producer_destroyed":true,"reused_admitted_parent_key":true,"child_key_sha256":[[214,60,24,215,93,161,32,69,64,54,137,18,21,60,2,66,153,247,215,93,214,71,196,191,90,67,15,158,29,129,78,111],[52,101,122,252,71,235,220,44,62,42,22,241,149,244,116,88,217,46,134,5,126,45,114,83,188,229,65,201,61,128,30,25]],"artifacts":{"key_sha256":[43,54,70,56,122,217,160,216,106,50,230,24,28,117,174,240,148,190,170,244,129,176,88,11,208,6,252,73,206,8,110,12],"claims_sha256":[49,178,150,212,209,141,148,238,219,93,40,66,239,70,211,225,229,134,73,248,37,59,245,119,205,108,37,34,142,53,78,179],"proof_sha256":[146,45,152,84,36,75,24,7,249,118,40,193,15,14,143,169,78,251,221,88,53,171,159,248,209,106,237,27,129,185,188,187],"proof_bytes":2297319},"candidate_root_words_sha256":[189,249,149,127,224,29,110,114,200,174,151,175,231,135,81,130,99,197,157,73,129,224,15,210,38,249,188,185,180,245,88,172],"circuit_identity":[71,179,224,242,26,78,39,100,147,248,87,173,160,231,54,27,230,179,68,85,24,188,217,151,168,142,210,196,246,195,105,67],"preparation_ns":2524941458,"key_preparation_ns":347054875,"proof_ns":2371996250,"request_ns":5414958500},{"endpoint":"segment_v2_detached_two_child_parent_candidate_q193","profile":"tiny-parent-root-v2","publication_mode":"root","proof_profile":"recursive_q193_v1","status":"unverified_candidate","verified":false,"development_only":true,"child_owners_destroyed":true,"producer_destroyed":true,"reused_admitted_parent_key":true,"child_key_sha256":[[214,60,24,215,93,161,32,69,64,54,137,18,21,60,2,66,153,247,215,93,214,71,196,191,90,67,15,158,29,129,78,111],[52,101,122,252,71,235,220,44,62,42,22,241,149,244,116,88,217,46,134,5,126,45,114,83,188,229,65,201,61,128,30,25]],"artifacts":{"key_sha256":[43,54,70,56,122,217,160,216,106,50,230,24,28,117,174,240,148,190,170,244,129,176,88,11,208,6,252,73,206,8,110,12],"claims_sha256":[49,178,150,212,209,141,148,238,219,93,40,66,239,70,211,225,229,134,73,248,37,59,245,119,205,108,37,34,142,53,78,179],"proof_sha256":[146,45,152,84,36,75,24,7,249,118,40,193,15,14,143,169,78,251,221,88,53,171,159,248,209,106,237,27,129,185,188,187],"proof_bytes":2297319},"candidate_root_words_sha256":[189,249,149,127,224,29,110,114,200,174,151,175,231,135,81,130,99,197,157,73,129,224,15,210,38,249,188,185,180,245,88,172],"circuit_identity":[71,179,224,242,26,78,39,100,147,248,87,173,160,231,54,27,230,179,68,85,24,188,217,151,168,142,210,196,246,195,105,67],"preparation_ns":2528180792,"key_preparation_ns":338889334,"proof_ns":2390554625,"request_ns":5427304625}],"plan_builds":1,"pcs_plan_builds":4,"pcs_plan_hits":0,"pcs_plan_retained_bytes":0,"requests":2,"retained_scratch_bytes":0,"elapsed_ns":10842266834}
       10.90 real         9.68 user         0.83 sys
          4392976384  maximum resident set size
                   0  average shared memory size
                   0  average unshared data size
                   0  average unshared stack size
             1193948  page reclaims
                   0  page faults
                   0  swaps
                   0  block input operations
                   0  block output operations
                   0  messages sent
                   0  messages received
                   0  signals received
                   0  voluntary context switches
                2590  involuntary context switches
        176330698684  instructions retired
         45413122303  cycles elapsed
          5516808368  peak memory footprint
